17023 execve("/usr/bin/make", ["make", "test"], [/* 47 vars */]) = 0
17023 brk(0)                            = 0x15ed000
17023 mmap(NULL, 4096, PROT_READ|PROT_WRITE, MAP_PRIVATE|MAP_ANONYMOUS, -1, 0) = 0x7f4887249000
17023 access("/etc/ld.so.preload", R_OK) = -1 ENOENT (No such file or directory)
17023 open("/etc/ld.so.cache", O_RDONLY|O_CLOEXEC) = 3
17023 fstat(3, {st_mode=S_IFREG|0644, st_size=73647, ...}) = 0
17023 mmap(NULL, 73647, PROT_READ, MAP_PRIVATE, 3, 0) = 0x7f4887237000
17023 close(3)                          = 0
17023 open("/lib64/libc.so.6", O_RDONLY|O_CLOEXEC) = 3
17023 read(3, "\177ELF\2\1\1\3\0\0\0\0\0\0\0\0\3\0>\0\1\0\0\0 \34\2\0\0\0\0\0"..., 832) = 832
17023 fstat(3, {st_mode=S_IFREG|0755, st_size=2112384, ...}) = 0
17023 mmap(NULL, 3936832, PROT_READ|PROT_EXEC, MAP_PRIVATE|MAP_DENYWRITE, 3, 0) = 0x7f4886c67000
17023 mprotect(0x7f4886e1e000, 2097152, PROT_NONE) = 0
17023 mmap(0x7f488701e000, 24576, PROT_READ|PROT_WRITE, MAP_PRIVATE|MAP_FIXED|MAP_DENYWRITE, 3, 0x1b7000) = 0x7f488701e000
17023 mmap(0x7f4887024000, 16960, PROT_READ|PROT_WRITE, MAP_PRIVATE|MAP_FIXED|MAP_ANONYMOUS, -1, 0) = 0x7f4887024000
17023 close(3)                          = 0
17023 mmap(NULL, 4096, PROT_READ|PROT_WRITE, MAP_PRIVATE|MAP_ANONYMOUS, -1, 0) = 0x7f4887236000
17023 mmap(NULL, 8192, PROT_READ|PROT_WRITE, MAP_PRIVATE|MAP_ANONYMOUS, -1, 0) = 0x7f4887234000
17023 arch_prctl(ARCH_SET_FS, 0x7f4887234740) = 0
17023 mprotect(0x7f488701e000, 16384, PROT_READ) = 0
17023 mprotect(0x629000, 4096, PROT_READ) = 0
17023 mprotect(0x7f488724a000, 4096, PROT_READ) = 0
17023 munmap(0x7f4887237000, 73647)     = 0
17023 getrlimit(RLIMIT_STACK, {rlim_cur=8192*1024, rlim_max=RLIM64_INFINITY}) = 0
17023 setrlimit(RLIMIT_STACK, {rlim_cur=RLIM64_INFINITY, rlim_max=RLIM64_INFINITY}) = 0
17023 brk(0)                            = 0x15ed000
17023 brk(0x160e000)                    = 0x160e000
17023 brk(0)                            = 0x160e000
17023 open("/usr/lib/locale/locale-archive", O_RDONLY|O_CLOEXEC) = 3
17023 fstat(3, {st_mode=S_IFREG|0644, st_size=106065056, ...}) = 0
17023 mmap(NULL, 106065056, PROT_READ, MAP_PRIVATE, 3, 0) = 0x7f4880740000
17023 close(3)                          = 0
17023 rt_sigaction(SIGHUP, {0x406060, [HUP], SA_RESTORER|SA_RESTART, 0x7f4886c9c670}, {SIG_DFL, [], 0}, 8) = 0
17023 rt_sigaction(SIGQUIT, {0x406060, [QUIT], SA_RESTORER|SA_RESTART, 0x7f4886c9c670}, {SIG_DFL, [], 0}, 8) = 0
17023 rt_sigaction(SIGINT, {0x406060, [INT], SA_RESTORER|SA_RESTART, 0x7f4886c9c670}, {SIG_DFL, [], 0}, 8) = 0
17023 rt_sigaction(SIGTERM, {0x406060, [TERM], SA_RESTORER|SA_RESTART, 0x7f4886c9c670}, {SIG_DFL, [], 0}, 8) = 0
17023 rt_sigaction(SIGXCPU, {0x406060, [XCPU], SA_RESTORER|SA_RESTART, 0x7f4886c9c670}, {SIG_DFL, [], 0}, 8) = 0
17023 rt_sigaction(SIGXFSZ, {0x406060, [XFSZ], SA_RESTORER|SA_RESTART, 0x7f4886c9c670}, {SIG_DFL, [], 0}, 8) = 0
17023 rt_sigaction(SIGCHLD, {SIG_DFL, [CHLD], SA_RESTORER|SA_RESTART, 0x7f4886c9c670}, {SIG_DFL, [], 0}, 8) = 0
17023 getcwd("/home/hmeng/go/src/github.com/opencontainers/runc", 4096) = 50
17023 stat("/usr/include", {st_mode=S_IFDIR|0755, st_size=4096, ...}) = 0
17023 stat("/usr/gnu/include", 0x7ffcc81a42d0) = -1 ENOENT (No such file or directory)
17023 stat("/usr/local/include", {st_mode=S_IFDIR|0755, st_size=6, ...}) = 0
17023 stat("/usr/include", {st_mode=S_IFDIR|0755, st_size=4096, ...}) = 0
17023 rt_sigaction(SIGCHLD, {0x40ec10, [CHLD], SA_RESTORER|SA_RESTART, 0x7f4886c9c670}, {SIG_DFL, [CHLD], SA_RESTORER|SA_RESTART, 0x7f4886c9c670}, 8) = 0
17023 rt_sigaction(SIGUSR1, {0x411680, [USR1], SA_RESTORER|SA_RESTART, 0x7f4886c9c670}, {SIG_DFL, [], 0}, 8) = 0
17023 brk(0)                            = 0x160e000
17023 brk(0x162f000)                    = 0x162f000
17023 stat(".", {st_mode=S_IFDIR|0775, st_size=4096, ...}) = 0
17023 openat(AT_FDCWD, ".", O_RDONLY|O_NONBLOCK|O_DIRECTORY|O_CLOEXEC) = 3
17023 getdents(3, /* 49 entries */, 32768) = 1584
17023 getdents(3, /* 0 entries */, 32768) = 0
17023 close(3)                          = 0
17023 open("Makefile", O_RDONLY)        = 3
17023 fcntl(3, F_SETFD, FD_CLOEXEC)     = 0
17023 fstat(3, {st_mode=S_IFREG|0664, st_size=2555, ...}) = 0
17023 mmap(NULL, 4096, PROT_READ|PROT_WRITE, MAP_PRIVATE|MAP_ANONYMOUS, -1, 0) = 0x7f4887248000
17023 read(3, ".PHONY: dbuild man \\\n\t    localt"..., 4096) = 2555
17023 pipe([4, 5])                      = 0
17023 vfork( <unfinished ...>
17024 setrlimit(RLIMIT_STACK, {rlim_cur=8192*1024, rlim_max=RLIM64_INFINITY}) = 0
17024 dup2(5, 1)                        = 1
17024 close(5)                          = 0
17024 execve("/bin/sh", ["/bin/sh", "-c", "git rev-parse HEAD 2> /dev/null "...], [/* 47 vars */] <unfinished ...>
17023 <... vfork resumed> )             = 17024
17023 close(5)                          = 0
17023 read(4,  <unfinished ...>
17024 <... execve resumed> )            = 0
17024 brk(0)                            = 0x1938000
17024 mmap(NULL, 4096, PROT_READ|PROT_WRITE, MAP_PRIVATE|MAP_ANONYMOUS, -1, 0) = 0x7f3368db1000
17024 access("/etc/ld.so.preload", R_OK) = -1 ENOENT (No such file or directory)
17024 open("/etc/ld.so.cache", O_RDONLY|O_CLOEXEC) = 3
17024 fstat(3, {st_mode=S_IFREG|0644, st_size=73647, ...}) = 0
17024 mmap(NULL, 73647, PROT_READ, MAP_PRIVATE, 3, 0) = 0x7f3368d9f000
17024 close(3)                          = 0
17024 open("/lib64/libtinfo.so.5", O_RDONLY|O_CLOEXEC) = 3
17024 read(3, "\177ELF\2\1\1\0\0\0\0\0\0\0\0\0\3\0>\0\1\0\0\0@\316\0\0\0\0\0\0"..., 832) = 832
17024 fstat(3, {st_mode=S_IFREG|0755, st_size=174528, ...}) = 0
17024 mmap(NULL, 2268928, PROT_READ|PROT_EXEC, MAP_PRIVATE|MAP_DENYWRITE, 3, 0) = 0x7f3368967000
17024 mprotect(0x7f336898c000, 2097152, PROT_NONE) = 0
17024 mmap(0x7f3368b8c000, 20480, PROT_READ|PROT_WRITE, MAP_PRIVATE|MAP_FIXED|MAP_DENYWRITE, 3, 0x25000) = 0x7f3368b8c000
17024 close(3)                          = 0
17024 open("/lib64/libdl.so.2", O_RDONLY|O_CLOEXEC) = 3
17024 read(3, "\177ELF\2\1\1\0\0\0\0\0\0\0\0\0\3\0>\0\1\0\0\0\320\16\0\0\0\0\0\0"..., 832) = 832
17024 fstat(3, {st_mode=S_IFREG|0755, st_size=19520, ...}) = 0
17024 mmap(NULL, 2109744, PROT_READ|PROT_EXEC, MAP_PRIVATE|MAP_DENYWRITE, 3, 0) = 0x7f3368763000
17024 mprotect(0x7f3368766000, 2093056, PROT_NONE) = 0
17024 mmap(0x7f3368965000, 8192, PROT_READ|PROT_WRITE, MAP_PRIVATE|MAP_FIXED|MAP_DENYWRITE, 3, 0x2000) = 0x7f3368965000
17024 close(3)                          = 0
17024 open("/lib64/libc.so.6", O_RDONLY|O_CLOEXEC) = 3
17024 read(3, "\177ELF\2\1\1\3\0\0\0\0\0\0\0\0\3\0>\0\1\0\0\0 \34\2\0\0\0\0\0"..., 832) = 832
17024 fstat(3, {st_mode=S_IFREG|0755, st_size=2112384, ...}) = 0
17024 mmap(NULL, 4096, PROT_READ|PROT_WRITE, MAP_PRIVATE|MAP_ANONYMOUS, -1, 0) = 0x7f3368d9e000
17024 mmap(NULL, 3936832, PROT_READ|PROT_EXEC, MAP_PRIVATE|MAP_DENYWRITE, 3, 0) = 0x7f33683a1000
17024 mprotect(0x7f3368558000, 2097152, PROT_NONE) = 0
17024 mmap(0x7f3368758000, 24576, PROT_READ|PROT_WRITE, MAP_PRIVATE|MAP_FIXED|MAP_DENYWRITE, 3, 0x1b7000) = 0x7f3368758000
17024 mmap(0x7f336875e000, 16960, PROT_READ|PROT_WRITE, MAP_PRIVATE|MAP_FIXED|MAP_ANONYMOUS, -1, 0) = 0x7f336875e000
17024 close(3)                          = 0
17024 mmap(NULL, 8192, PROT_READ|PROT_WRITE, MAP_PRIVATE|MAP_ANONYMOUS, -1, 0) = 0x7f3368d9c000
17024 arch_prctl(ARCH_SET_FS, 0x7f3368d9c740) = 0
17024 mprotect(0x7f3368758000, 16384, PROT_READ) = 0
17024 mprotect(0x7f3368965000, 4096, PROT_READ) = 0
17024 mprotect(0x7f3368b8c000, 16384, PROT_READ) = 0
17024 mprotect(0x6dc000, 4096, PROT_READ) = 0
17024 mprotect(0x7f3368db2000, 4096, PROT_READ) = 0
17024 munmap(0x7f3368d9f000, 73647)     = 0
17024 rt_sigprocmask(SIG_BLOCK, NULL, [], 8) = 0
17024 open("/dev/tty", O_RDWR|O_NONBLOCK) = 3
17024 close(3)                          = 0
17024 brk(0)                            = 0x1938000
17024 brk(0x1959000)                    = 0x1959000
17024 brk(0)                            = 0x1959000
17024 open("/usr/lib/locale/locale-archive", O_RDONLY|O_CLOEXEC) = 3
17024 fstat(3, {st_mode=S_IFREG|0644, st_size=106065056, ...}) = 0
17024 mmap(NULL, 106065056, PROT_READ, MAP_PRIVATE, 3, 0) = 0x7f3361e7a000
17024 close(3)                          = 0
17024 brk(0)                            = 0x1959000
17024 getuid()                          = 0
17024 getgid()                          = 0
17024 geteuid()                         = 0
17024 getegid()                         = 0
17024 rt_sigprocmask(SIG_BLOCK, NULL, [], 8) = 0
17024 open("/proc/meminfo", O_RDONLY|O_CLOEXEC) = 3
17024 fstat(3, {st_mode=S_IFREG|0444, st_size=0, ...}) = 0
17024 mmap(NULL, 4096, PROT_READ|PROT_WRITE, MAP_PRIVATE|MAP_ANONYMOUS, -1, 0) = 0x7f3368db0000
17024 read(3, "MemTotal:        4047188 kB\nMemF"..., 1024) = 1024
17024 close(3)                          = 0
17024 munmap(0x7f3368db0000, 4096)      = 0
17024 rt_sigaction(SIGCHLD, {SIG_DFL, [], SA_RESTORER|SA_RESTART, 0x7f33683d6670}, {SIG_DFL, [], 0}, 8) = 0
17024 rt_sigaction(SIGCHLD, {SIG_DFL, [], SA_RESTORER|SA_RESTART, 0x7f33683d6670}, {SIG_DFL, [], SA_RESTORER|SA_RESTART, 0x7f33683d6670}, 8) = 0
17024 rt_sigaction(SIGINT, {SIG_DFL, [], SA_RESTORER, 0x7f33683d6670}, {SIG_DFL, [], 0}, 8) = 0
17024 rt_sigaction(SIGINT, {SIG_DFL, [], SA_RESTORER, 0x7f33683d6670}, {SIG_DFL, [], SA_RESTORER, 0x7f33683d6670}, 8) = 0
17024 rt_sigaction(SIGQUIT, {SIG_DFL, [], SA_RESTORER, 0x7f33683d6670}, {SIG_DFL, [], 0}, 8) = 0
17024 rt_sigaction(SIGQUIT, {SIG_DFL, [], SA_RESTORER, 0x7f33683d6670}, {SIG_DFL, [], SA_RESTORER, 0x7f33683d6670}, 8) = 0
17024 rt_sigprocmask(SIG_BLOCK, NULL, [], 8) = 0
17024 rt_sigaction(SIGQUIT, {SIG_IGN, [], SA_RESTORER, 0x7f33683d6670}, {SIG_DFL, [], SA_RESTORER, 0x7f33683d6670}, 8) = 0
17024 uname({sys="Linux", node="localhost.localdomain", ...}) = 0
17024 stat("/home/hmeng/go/src/github.com/opencontainers/runc", {st_mode=S_IFDIR|0775, st_size=4096, ...}) = 0
17024 stat(".", {st_mode=S_IFDIR|0775, st_size=4096, ...}) = 0
17024 getpid()                          = 17024
17024 open("/usr/lib64/gconv/gconv-modules.cache", O_RDONLY) = 3
17024 fstat(3, {st_mode=S_IFREG|0644, st_size=26254, ...}) = 0
17024 mmap(NULL, 26254, PROT_READ, MAP_SHARED, 3, 0) = 0x7f3368daa000
17024 close(3)                          = 0
17024 getppid()                         = 17023
17024 gettimeofday({1465918768, 960822}, NULL) = 0
17024 getpgrp()                         = 17018
17024 rt_sigaction(SIGCHLD, {0x441170, [], SA_RESTORER|SA_RESTART, 0x7f33683d6670}, {SIG_DFL, [], SA_RESTORER|SA_RESTART, 0x7f33683d6670}, 8) = 0
17024 getrlimit(RLIMIT_NPROC, {rlim_cur=15689, rlim_max=15689}) = 0
17024 rt_sigprocmask(SIG_BLOCK, NULL, [], 8) = 0
17024 rt_sigprocmask(SIG_BLOCK, NULL, [], 8) = 0
17024 rt_sigprocmask(SIG_BLOCK, NULL, [], 8) = 0
17024 stat(".", {st_mode=S_IFDIR|0775, st_size=4096, ...}) = 0
17024 stat("/usr/local/bin/git", 0x7ffc7e8436d0) = -1 ENOENT (No such file or directory)
17024 stat("/usr/local/sbin/git", 0x7ffc7e8436d0) = -1 ENOENT (No such file or directory)
17024 stat("/usr/bin/git", {st_mode=S_IFREG|0755, st_size=1514952, ...}) = 0
17024 stat("/usr/bin/git", {st_mode=S_IFREG|0755, st_size=1514952, ...}) = 0
17024 geteuid()                         = 0
17024 getegid()                         = 0
17024 getuid()                          = 0
17024 getgid()                          = 0
17024 access("/usr/bin/git", X_OK)      = 0
17024 stat("/usr/bin/git", {st_mode=S_IFREG|0755, st_size=1514952, ...}) = 0
17024 geteuid()                         = 0
17024 getegid()                         = 0
17024 getuid()                          = 0
17024 getgid()                          = 0
17024 access("/usr/bin/git", R_OK)      = 0
17024 stat("/usr/bin/git", {st_mode=S_IFREG|0755, st_size=1514952, ...}) = 0
17024 stat("/usr/bin/git", {st_mode=S_IFREG|0755, st_size=1514952, ...}) = 0
17024 geteuid()                         = 0
17024 getegid()                         = 0
17024 getuid()                          = 0
17024 getgid()                          = 0
17024 access("/usr/bin/git", X_OK)      = 0
17024 stat("/usr/bin/git", {st_mode=S_IFREG|0755, st_size=1514952, ...}) = 0
17024 geteuid()                         = 0
17024 getegid()                         = 0
17024 getuid()                          = 0
17024 getgid()                          = 0
17024 access("/usr/bin/git", R_OK)      = 0
17024 rt_sigprocmask(SIG_BLOCK, [INT CHLD], [], 8) = 0
17024 clone(child_stack=0, flags=CLONE_CHILD_CLEARTID|CLONE_CHILD_SETTID|SIGCHLD, child_tidptr=0x7f3368d9ca10) = 17025
17024 rt_sigprocmask(SIG_SETMASK, [], NULL, 8) = 0
17024 rt_sigprocmask(SIG_BLOCK, [CHLD], [], 8) = 0
17024 rt_sigprocmask(SIG_SETMASK, [], NULL, 8) = 0
17024 rt_sigprocmask(SIG_BLOCK, [CHLD], [], 8) = 0
17024 rt_sigaction(SIGINT, {0x43e5e0, [], SA_RESTORER, 0x7f33683d6670}, {SIG_DFL, [], SA_RESTORER, 0x7f33683d6670}, 8) = 0
17024 wait4(-1,  <unfinished ...>
17025 rt_sigprocmask(SIG_SETMASK, [], NULL, 8) = 0
17025 rt_sigaction(SIGTSTP, {SIG_DFL, [], SA_RESTORER, 0x7f33683d6670}, {SIG_DFL, [], 0}, 8) = 0
17025 rt_sigaction(SIGTTIN, {SIG_DFL, [], SA_RESTORER, 0x7f33683d6670}, {SIG_DFL, [], 0}, 8) = 0
17025 rt_sigaction(SIGTTOU, {SIG_DFL, [], SA_RESTORER, 0x7f33683d6670}, {SIG_DFL, [], 0}, 8) = 0
17025 rt_sigaction(SIGINT, {SIG_DFL, [], SA_RESTORER, 0x7f33683d6670}, {SIG_DFL, [], SA_RESTORER, 0x7f33683d6670}, 8) = 0
17025 rt_sigaction(SIGQUIT, {SIG_DFL, [], SA_RESTORER, 0x7f33683d6670}, {SIG_IGN, [], SA_RESTORER, 0x7f33683d6670}, 8) = 0
17025 rt_sigaction(SIGCHLD, {SIG_DFL, [], SA_RESTORER|SA_RESTART, 0x7f33683d6670}, {0x441170, [], SA_RESTORER|SA_RESTART, 0x7f33683d6670}, 8) = 0
17025 open("/dev/null", O_WRONLY|O_CREAT|O_TRUNC, 0666) = 3
17025 dup2(3, 2)                        = 2
17025 close(3)                          = 0
17025 execve("/usr/bin/git", ["git", "rev-parse", "HEAD"], [/* 47 vars */]) = 0
17025 brk(0)                            = 0xa46000
17025 mmap(NULL, 4096, PROT_READ|PROT_WRITE, MAP_PRIVATE|MAP_ANONYMOUS, -1, 0) = 0x7f6adb09f000
17025 access("/etc/ld.so.preload", R_OK) = -1 ENOENT (No such file or directory)
17025 open("/etc/ld.so.cache", O_RDONLY|O_CLOEXEC) = 3
17025 fstat(3, {st_mode=S_IFREG|0644, st_size=73647, ...}) = 0
17025 mmap(NULL, 73647, PROT_READ, MAP_PRIVATE, 3, 0) = 0x7f6adb08d000
17025 close(3)                          = 0
17025 open("/lib64/libpcre.so.1", O_RDONLY|O_CLOEXEC) = 3
17025 read(3, "\177ELF\2\1\1\0\0\0\0\0\0\0\0\0\3\0>\0\1\0\0\0\360\25\0\0\0\0\0\0"..., 832) = 832
17025 fstat(3, {st_mode=S_IFREG|0755, st_size=398264, ...}) = 0
17025 mmap(NULL, 2490888, PROT_READ|PROT_EXEC, MAP_PRIVATE|MAP_DENYWRITE, 3, 0) = 0x7f6adac1e000
17025 mprotect(0x7f6adac7e000, 2093056, PROT_NONE) = 0
17025 mmap(0x7f6adae7d000, 8192, PROT_READ|PROT_WRITE, MAP_PRIVATE|MAP_FIXED|MAP_DENYWRITE, 3, 0x5f000) = 0x7f6adae7d000
17025 close(3)                          = 0
17025 open("/lib64/libz.so.1", O_RDONLY|O_CLOEXEC) = 3
17025 read(3, "\177ELF\2\1\1\0\0\0\0\0\0\0\0\0\3\0>\0\1\0\0\0p!\0\0\0\0\0\0"..., 832) = 832
17025 fstat(3, {st_mode=S_IFREG|0755, st_size=90632, ...}) = 0
17025 mmap(NULL, 2183688, PROT_READ|PROT_EXEC, MAP_PRIVATE|MAP_DENYWRITE, 3, 0) = 0x7f6adaa08000
17025 mprotect(0x7f6adaa1d000, 2093056, PROT_NONE) = 0
17025 mmap(0x7f6adac1c000, 8192, PROT_READ|PROT_WRITE, MAP_PRIVATE|MAP_FIXED|MAP_DENYWRITE, 3, 0x14000) = 0x7f6adac1c000
17025 close(3)                          = 0
17025 open("/lib64/libpthread.so.0", O_RDONLY|O_CLOEXEC) = 3
17025 read(3, "\177ELF\2\1\1\0\0\0\0\0\0\0\0\0\3\0>\0\1\0\0\0\240l\0\0\0\0\0\0"..., 832) = 832
17025 fstat(3, {st_mode=S_IFREG|0755, st_size=142304, ...}) = 0
17025 mmap(NULL, 4096, PROT_READ|PROT_WRITE, MAP_PRIVATE|MAP_ANONYMOUS, -1, 0) = 0x7f6adb08c000
17025 mmap(NULL, 2208864, PROT_READ|PROT_EXEC, MAP_PRIVATE|MAP_DENYWRITE, 3, 0) = 0x7f6ada7ec000
17025 mprotect(0x7f6ada802000, 2097152, PROT_NONE) = 0
17025 mmap(0x7f6adaa02000, 8192, PROT_READ|PROT_WRITE, MAP_PRIVATE|MAP_FIXED|MAP_DENYWRITE, 3, 0x16000) = 0x7f6adaa02000
17025 mmap(0x7f6adaa04000, 13408, PROT_READ|PROT_WRITE, MAP_PRIVATE|MAP_FIXED|MAP_ANONYMOUS, -1, 0) = 0x7f6adaa04000
17025 close(3)                          = 0
17025 open("/lib64/libc.so.6", O_RDONLY|O_CLOEXEC) = 3
17025 read(3, "\177ELF\2\1\1\3\0\0\0\0\0\0\0\0\3\0>\0\1\0\0\0 \34\2\0\0\0\0\0"..., 832) = 832
17025 fstat(3, {st_mode=S_IFREG|0755, st_size=2112384, ...}) = 0
17025 mmap(NULL, 3936832, PROT_READ|PROT_EXEC, MAP_PRIVATE|MAP_DENYWRITE, 3, 0) = 0x7f6ada42a000
17025 mprotect(0x7f6ada5e1000, 2097152, PROT_NONE) = 0
17025 mmap(0x7f6ada7e1000, 24576, PROT_READ|PROT_WRITE, MAP_PRIVATE|MAP_FIXED|MAP_DENYWRITE, 3, 0x1b7000) = 0x7f6ada7e1000
17025 mmap(0x7f6ada7e7000, 16960, PROT_READ|PROT_WRITE, MAP_PRIVATE|MAP_FIXED|MAP_ANONYMOUS, -1, 0) = 0x7f6ada7e7000
17025 close(3)                          = 0
17025 mmap(NULL, 4096, PROT_READ|PROT_WRITE, MAP_PRIVATE|MAP_ANONYMOUS, -1, 0) = 0x7f6adb08b000
17025 mmap(NULL, 8192, PROT_READ|PROT_WRITE, MAP_PRIVATE|MAP_ANONYMOUS, -1, 0) = 0x7f6adb089000
17025 arch_prctl(ARCH_SET_FS, 0x7f6adb089740) = 0
17025 mprotect(0x7f6ada7e1000, 16384, PROT_READ) = 0
17025 mprotect(0x7f6adaa02000, 4096, PROT_READ) = 0
17025 mprotect(0x7f6adac1c000, 4096, PROT_READ) = 0
17025 mprotect(0x7f6adae7d000, 4096, PROT_READ) = 0
17025 mprotect(0x763000, 4096, PROT_READ) = 0
17025 mprotect(0x7f6adb0a0000, 4096, PROT_READ) = 0
17025 munmap(0x7f6adb08d000, 73647)     = 0
17025 set_tid_address(0x7f6adb089a10)   = 17025
17025 set_robust_list(0x7f6adb089a20, 24) = 0
17025 rt_sigaction(SIGRTMIN, {0x7f6ada7f2780, [], SA_RESTORER|SA_SIGINFO, 0x7f6ada7fb100}, NULL, 8) = 0
17025 rt_sigaction(SIGRT_1, {0x7f6ada7f2810, [], SA_RESTORER|SA_RESTART|SA_SIGINFO, 0x7f6ada7fb100}, NULL, 8) = 0
17025 rt_sigprocmask(SIG_UNBLOCK, [RTMIN RT_1], NULL, 8) = 0
17025 getrlimit(RLIMIT_STACK, {rlim_cur=8192*1024, rlim_max=RLIM64_INFINITY}) = 0
17025 brk(0)                            = 0xa46000
17025 brk(0xa67000)                     = 0xa67000
17025 brk(0)                            = 0xa67000
17025 open("/usr/lib/locale/locale-archive", O_RDONLY|O_CLOEXEC) = 3
17025 fstat(3, {st_mode=S_IFREG|0644, st_size=106065056, ...}) = 0
17025 mmap(NULL, 106065056, PROT_READ, MAP_PRIVATE, 3, 0) = 0x7f6ad3f03000
17025 close(3)                          = 0
17025 getcwd("/home/hmeng/go/src/github.com/opencontainers/runc", 4096) = 50
17025 stat(".", {st_mode=S_IFDIR|0775, st_size=4096, ...}) = 0
17025 stat(".git", {st_mode=S_IFDIR|0775, st_size=4096, ...}) = 0
17025 access(".git/objects", X_OK)      = 0
17025 access(".git/refs", X_OK)         = 0
17025 lstat(".git/HEAD", {st_mode=S_IFREG|0664, st_size=23, ...}) = 0
17025 open(".git/HEAD", O_RDONLY)       = 3
17025 read(3, "ref: refs/heads/master\n", 255) = 23
17025 read(3, "", 232)                  = 0
17025 close(3)                          = 0
17025 access("/etc/gitconfig", R_OK)    = -1 ENOENT (No such file or directory)
17025 access("/root/.config/git/config", R_OK) = -1 ENOENT (No such file or directory)
17025 access("/root/.gitconfig", R_OK)  = -1 ENOENT (No such file or directory)
17025 access(".git/config", R_OK)       = 0
17025 open(".git/config", O_RDONLY)     = 3
17025 fstat(3, {st_mode=S_IFREG|0664, st_size=267, ...}) = 0
17025 mmap(NULL, 4096, PROT_READ|PROT_WRITE, MAP_PRIVATE|MAP_ANONYMOUS, -1, 0) = 0x7f6adb09e000
17025 read(3, "[core]\n\trepositoryformatversion "..., 4096) = 267
17025 read(3, "", 4096)                 = 0
17025 close(3)                          = 0
17025 munmap(0x7f6adb09e000, 4096)      = 0
17025 stat(".", {st_mode=S_IFDIR|0775, st_size=4096, ...}) = 0
17025 getcwd("/home/hmeng/go/src/github.com/opencontainers/runc", 1024) = 50
17025 chdir(".")                        = 0
17025 getcwd("/home/hmeng/go/src/github.com/opencontainers/runc", 4096) = 50
17025 lstat("/home/hmeng/go/src/github.com/opencontainers/runc", {st_mode=S_IFDIR|0775, st_size=4096, ...}) = 0
17025 chdir("/home/hmeng/go/src/github.com/opencontainers/runc") = 0
17025 stat(".git", {st_mode=S_IFDIR|0775, st_size=4096, ...}) = 0
17025 access("/etc/gitconfig", R_OK)    = -1 ENOENT (No such file or directory)
17025 access("/root/.config/git/config", R_OK) = -1 ENOENT (No such file or directory)
17025 access("/root/.gitconfig", R_OK)  = -1 ENOENT (No such file or directory)
17025 access(".git/config", R_OK)       = 0
17025 open(".git/config", O_RDONLY)     = 3
17025 fstat(3, {st_mode=S_IFREG|0664, st_size=267, ...}) = 0
17025 mmap(NULL, 4096, PROT_READ|PROT_WRITE, MAP_PRIVATE|MAP_ANONYMOUS, -1, 0) = 0x7f6adb09e000
17025 read(3, "[core]\n\trepositoryformatversion "..., 4096) = 267
17025 read(3, "", 4096)                 = 0
17025 close(3)                          = 0
17025 munmap(0x7f6adb09e000, 4096)      = 0
17025 stat("/etc/sysconfig/64bit_strstr_via_64bit_strstr_sse2_unaligned", 0x7ffeb78f8c60) = -1 ENOENT (No such file or directory)
17025 lstat(".git/HEAD", {st_mode=S_IFREG|0664, st_size=23, ...}) = 0
17025 open(".git/HEAD", O_RDONLY)       = 3
17025 read(3, "ref: refs/heads/master\n", 255) = 23
17025 read(3, "", 232)                  = 0
17025 close(3)                          = 0
17025 lstat(".git/refs/heads/master", {st_mode=S_IFREG|0664, st_size=41, ...}) = 0
17025 open(".git/refs/heads/master", O_RDONLY) = 3
17025 read(3, "42dfd606437b538ffde4f0640d433916"..., 255) = 41
17025 read(3, "", 214)                  = 0
17025 close(3)                          = 0
17025 lstat(".git/refs/HEAD", 0x7ffeb78f58f0) = -1 ENOENT (No such file or directory)
17025 open(".git/packed-refs", O_RDONLY) = 3
17025 fstat(3, {st_mode=S_IFREG|0664, st_size=1355, ...}) = 0
17025 mmap(NULL, 4096, PROT_READ|PROT_WRITE, MAP_PRIVATE|MAP_ANONYMOUS, -1, 0) = 0x7f6adb09e000
17025 read(3, "# pack-refs with: peeled fully-p"..., 4096) = 1355
17025 read(3, "", 4096)                 = 0
17025 close(3)                          = 0
17025 munmap(0x7f6adb09e000, 4096)      = 0
17025 lstat(".git/refs/tags/HEAD", 0x7ffeb78f58f0) = -1 ENOENT (No such file or directory)
17025 lstat(".git/refs/heads/HEAD", 0x7ffeb78f58f0) = -1 ENOENT (No such file or directory)
17025 lstat(".git/refs/remotes/HEAD", 0x7ffeb78f58f0) = -1 ENOENT (No such file or directory)
17025 lstat(".git/refs/remotes/HEAD/HEAD", 0x7ffeb78f58f0) = -1 ENOENT (No such file or directory)
17025 fstat(1, {st_mode=S_IFIFO|0600, st_size=0, ...}) = 0
17025 mmap(NULL, 4096, PROT_READ|PROT_WRITE, MAP_PRIVATE|MAP_ANONYMOUS, -1, 0) = 0x7f6adb09e000
17025 fstat(1, {st_mode=S_IFIFO|0600, st_size=0, ...}) = 0
17025 write(1, "42dfd606437b538ffde4f0640d433916"..., 41 <unfinished ...>
17023 <... read resumed> "42dfd606437b538ffde4f0640d433916"..., 200) = 41
17023 read(4,  <unfinished ...>
17025 <... write resumed> )             = 41
17025 exit_group(0)                     = ?
17025 +++ exited with 0 +++
17024 <... wait4 resumed> [{WIFEXITED(s) && WEXITSTATUS(s) == 0}], 0, NULL) = 17025
17024 rt_sigprocmask(SIG_SETMASK, [], NULL, 8) = 0
17024 --- SIGCHLD {si_signo=SIGCHLD, si_code=CLD_EXITED, si_pid=17025, si_status=0, si_utime=0, si_stime=0} ---
17024 wait4(-1, 0x7ffc7e843210, WNOHANG, NULL) = -1 ECHILD (No child processes)
17024 rt_sigreturn()                    = 0
17024 rt_sigaction(SIGINT, {SIG_DFL, [], SA_RESTORER, 0x7f33683d6670}, {0x43e5e0, [], SA_RESTORER, 0x7f33683d6670}, 8) = 0
17024 exit_group(0)                     = ?
17024 +++ exited with 0 +++
17023 <... read resumed> "", 159)       = 0
17023 --- SIGCHLD {si_signo=SIGCHLD, si_code=CLD_EXITED, si_pid=17024, si_status=0, si_utime=0, si_stime=0} ---
17023 rt_sigreturn()                    = 0
17023 close(4)                          = 0
17023 wait4(-1, [{WIFEXITED(s) && WEXITSTATUS(s) == 0}], 0, NULL) = 17024
17023 pipe([4, 5])                      = 0
17023 vfork( <unfinished ...>
17026 setrlimit(RLIMIT_STACK, {rlim_cur=8192*1024, rlim_max=RLIM64_INFINITY}) = 0
17026 dup2(5, 1)                        = 1
17026 close(5)                          = 0
17026 execve("/usr/local/bin/cat", ["cat", "./VERSION"], [/* 47 vars */]) = -1 ENOENT (No such file or directory)
17026 execve("/usr/local/sbin/cat", ["cat", "./VERSION"], [/* 47 vars */]) = -1 ENOENT (No such file or directory)
17026 execve("/usr/bin/cat", ["cat", "./VERSION"], [/* 47 vars */] <unfinished ...>
17023 <... vfork resumed> )             = 17026
17023 close(5)                          = 0
17023 read(4,  <unfinished ...>
17026 <... execve resumed> )            = 0
17026 brk(0)                            = 0x20a5000
17026 mmap(NULL, 4096, PROT_READ|PROT_WRITE, MAP_PRIVATE|MAP_ANONYMOUS, -1, 0) = 0x7fbb8dbc3000
17026 access("/etc/ld.so.preload", R_OK) = -1 ENOENT (No such file or directory)
17026 open("/etc/ld.so.cache", O_RDONLY|O_CLOEXEC) = 3
17026 fstat(3, {st_mode=S_IFREG|0644, st_size=73647, ...}) = 0
17026 mmap(NULL, 73647, PROT_READ, MAP_PRIVATE, 3, 0) = 0x7fbb8dbb1000
17026 close(3)                          = 0
17026 open("/lib64/libc.so.6", O_RDONLY|O_CLOEXEC) = 3
17026 read(3, "\177ELF\2\1\1\3\0\0\0\0\0\0\0\0\3\0>\0\1\0\0\0 \34\2\0\0\0\0\0"..., 832) = 832
17026 fstat(3, {st_mode=S_IFREG|0755, st_size=2112384, ...}) = 0
17026 mmap(NULL, 3936832, PROT_READ|PROT_EXEC, MAP_PRIVATE|MAP_DENYWRITE, 3, 0) = 0x7fbb8d5e1000
17026 mprotect(0x7fbb8d798000, 2097152, PROT_NONE) = 0
17026 mmap(0x7fbb8d998000, 24576, PROT_READ|PROT_WRITE, MAP_PRIVATE|MAP_FIXED|MAP_DENYWRITE, 3, 0x1b7000) = 0x7fbb8d998000
17026 mmap(0x7fbb8d99e000, 16960, PROT_READ|PROT_WRITE, MAP_PRIVATE|MAP_FIXED|MAP_ANONYMOUS, -1, 0) = 0x7fbb8d99e000
17026 close(3)                          = 0
17026 mmap(NULL, 4096, PROT_READ|PROT_WRITE, MAP_PRIVATE|MAP_ANONYMOUS, -1, 0) = 0x7fbb8dbb0000
17026 mmap(NULL, 8192, PROT_READ|PROT_WRITE, MAP_PRIVATE|MAP_ANONYMOUS, -1, 0) = 0x7fbb8dbae000
17026 arch_prctl(ARCH_SET_FS, 0x7fbb8dbae740) = 0
17026 mprotect(0x7fbb8d998000, 16384, PROT_READ) = 0
17026 mprotect(0x60b000, 4096, PROT_READ) = 0
17026 mprotect(0x7fbb8dbc4000, 4096, PROT_READ) = 0
17026 munmap(0x7fbb8dbb1000, 73647)     = 0
17026 brk(0)                            = 0x20a5000
17026 brk(0x20c6000)                    = 0x20c6000
17026 brk(0)                            = 0x20c6000
17026 open("/usr/lib/locale/locale-archive", O_RDONLY|O_CLOEXEC) = 3
17026 fstat(3, {st_mode=S_IFREG|0644, st_size=106065056, ...}) = 0
17026 mmap(NULL, 106065056, PROT_READ, MAP_PRIVATE, 3, 0) = 0x7fbb870ba000
17026 close(3)                          = 0
17026 fstat(1, {st_mode=S_IFIFO|0600, st_size=0, ...}) = 0
17026 open("./VERSION", O_RDONLY)       = 3
17026 fstat(3, {st_mode=S_IFREG|0664, st_size=10, ...}) = 0
17026 fadvise64(3, 0, 0, POSIX_FADV_SEQUENTIAL) = 0
17026 read(3, "1.0.0-rc1\n", 65536)     = 10
17026 write(1, "1.0.0-rc1\n", 10 <unfinished ...>
17023 <... read resumed> "1.0.0-rc1\n", 200) = 10
17023 read(4,  <unfinished ...>
17026 <... write resumed> )             = 10
17026 read(3, "", 65536)                = 0
17026 close(3)                          = 0
17026 close(1 <unfinished ...>
17023 <... read resumed> "", 190)       = 0
17023 close(4)                          = 0
17023 wait4(-1,  <unfinished ...>
17026 <... close resumed> )             = 0
17026 close(2)                          = 0
17026 exit_group(0)                     = ?
17026 +++ exited with 0 +++
17023 <... wait4 resumed> [{WIFEXITED(s) && WEXITSTATUS(s) == 0}], 0, NULL) = 17026
17023 --- SIGCHLD {si_signo=SIGCHLD, si_code=CLD_EXITED, si_pid=17026, si_status=0, si_utime=0, si_stime=0} ---
17023 rt_sigreturn()                    = 17026
17023 read(3, "", 4096)                 = 0
17023 close(3)                          = 0
17023 munmap(0x7f4887248000, 4096)      = 0
17023 stat("RCS", 0x7ffcc81a4280)       = -1 ENOENT (No such file or directory)
17023 stat("SCCS", 0x7ffcc81a4280)      = -1 ENOENT (No such file or directory)
17023 stat("Makefile", {st_mode=S_IFREG|0664, st_size=2555, ...}) = 0
17023 clock_gettime(CLOCK_REALTIME, {1465918768, 969267522}) = 0
17023 stat("/etc/sysconfig/64bit_strstr_via_64bit_strstr_sse2_unaligned", 0x7ffcc81a40b0) = -1 ENOENT (No such file or directory)
17023 fstat(1, {st_mode=S_IFCHR|0620, st_rdev=makedev(136, 1), ...}) = 0
17023 mmap(NULL, 4096, PROT_READ|PROT_WRITE, MAP_PRIVATE|MAP_ANONYMOUS, -1, 0) = 0x7f4887248000
17023 write(1, "make unittest integration\n", 26) = 26
17023 pipe([3, 4])                      = 0
17023 close(4)                          = 0
17023 fcntl(3, F_SETFD, FD_CLOEXEC)     = 0
17023 rt_sigprocmask(SIG_BLOCK, [HUP INT QUIT TERM XCPU XFSZ], NULL, 8) = 0
17023 vfork( <unfinished ...>
17027 rt_sigprocmask(SIG_SETMASK, [], NULL, 8) = 0
17027 setrlimit(RLIMIT_STACK, {rlim_cur=8192*1024, rlim_max=RLIM64_INFINITY}) = 0
17027 execve("/usr/local/bin/make", ["make", "unittest", "integration"], [/* 50 vars */]) = -1 ENOENT (No such file or directory)
17027 execve("/usr/local/sbin/make", ["make", "unittest", "integration"], [/* 50 vars */]) = -1 ENOENT (No such file or directory)
17027 execve("/usr/bin/make", ["make", "unittest", "integration"], [/* 50 vars */] <unfinished ...>
17023 <... vfork resumed> )             = 17027
17023 rt_sigprocmask(SIG_SETMASK, [], NULL, 8) = 0
17023 wait4(-1,  <unfinished ...>
17027 <... execve resumed> )            = 0
17027 brk(0)                            = 0x8f4000
17027 mmap(NULL, 4096, PROT_READ|PROT_WRITE, MAP_PRIVATE|MAP_ANONYMOUS, -1, 0) = 0x7ff893ad8000
17027 access("/etc/ld.so.preload", R_OK) = -1 ENOENT (No such file or directory)
17027 open("/etc/ld.so.cache", O_RDONLY|O_CLOEXEC) = 3
17027 fstat(3, {st_mode=S_IFREG|0644, st_size=73647, ...}) = 0
17027 mmap(NULL, 73647, PROT_READ, MAP_PRIVATE, 3, 0) = 0x7ff893ac6000
17027 close(3)                          = 0
17027 open("/lib64/libc.so.6", O_RDONLY|O_CLOEXEC) = 3
17027 read(3, "\177ELF\2\1\1\3\0\0\0\0\0\0\0\0\3\0>\0\1\0\0\0 \34\2\0\0\0\0\0"..., 832) = 832
17027 fstat(3, {st_mode=S_IFREG|0755, st_size=2112384, ...}) = 0
17027 mmap(NULL, 3936832, PROT_READ|PROT_EXEC, MAP_PRIVATE|MAP_DENYWRITE, 3, 0) = 0x7ff8934f6000
17027 mprotect(0x7ff8936ad000, 2097152, PROT_NONE) = 0
17027 mmap(0x7ff8938ad000, 24576, PROT_READ|PROT_WRITE, MAP_PRIVATE|MAP_FIXED|MAP_DENYWRITE, 3, 0x1b7000) = 0x7ff8938ad000
17027 mmap(0x7ff8938b3000, 16960, PROT_READ|PROT_WRITE, MAP_PRIVATE|MAP_FIXED|MAP_ANONYMOUS, -1, 0) = 0x7ff8938b3000
17027 close(3)                          = 0
17027 mmap(NULL, 4096, PROT_READ|PROT_WRITE, MAP_PRIVATE|MAP_ANONYMOUS, -1, 0) = 0x7ff893ac5000
17027 mmap(NULL, 8192, PROT_READ|PROT_WRITE, MAP_PRIVATE|MAP_ANONYMOUS, -1, 0) = 0x7ff893ac3000
17027 arch_prctl(ARCH_SET_FS, 0x7ff893ac3740) = 0
17027 mprotect(0x7ff8938ad000, 16384, PROT_READ) = 0
17027 mprotect(0x629000, 4096, PROT_READ) = 0
17027 mprotect(0x7ff893ad9000, 4096, PROT_READ) = 0
17027 munmap(0x7ff893ac6000, 73647)     = 0
17027 getrlimit(RLIMIT_STACK, {rlim_cur=8192*1024, rlim_max=RLIM64_INFINITY}) = 0
17027 setrlimit(RLIMIT_STACK, {rlim_cur=RLIM64_INFINITY, rlim_max=RLIM64_INFINITY}) = 0
17027 brk(0)                            = 0x8f4000
17027 brk(0x915000)                     = 0x915000
17027 brk(0)                            = 0x915000
17027 open("/usr/lib/locale/locale-archive", O_RDONLY|O_CLOEXEC) = 3
17027 fstat(3, {st_mode=S_IFREG|0644, st_size=106065056, ...}) = 0
17027 mmap(NULL, 106065056, PROT_READ, MAP_PRIVATE, 3, 0) = 0x7ff88cfcf000
17027 close(3)                          = 0
17027 rt_sigaction(SIGHUP, {0x406060, [HUP], SA_RESTORER|SA_RESTART, 0x7ff89352b670}, {SIG_DFL, [], 0}, 8) = 0
17027 rt_sigaction(SIGQUIT, {0x406060, [QUIT], SA_RESTORER|SA_RESTART, 0x7ff89352b670}, {SIG_DFL, [], 0}, 8) = 0
17027 rt_sigaction(SIGINT, {0x406060, [INT], SA_RESTORER|SA_RESTART, 0x7ff89352b670}, {SIG_DFL, [], 0}, 8) = 0
17027 rt_sigaction(SIGTERM, {0x406060, [TERM], SA_RESTORER|SA_RESTART, 0x7ff89352b670}, {SIG_DFL, [], 0}, 8) = 0
17027 rt_sigaction(SIGXCPU, {0x406060, [XCPU], SA_RESTORER|SA_RESTART, 0x7ff89352b670}, {SIG_DFL, [], 0}, 8) = 0
17027 rt_sigaction(SIGXFSZ, {0x406060, [XFSZ], SA_RESTORER|SA_RESTART, 0x7ff89352b670}, {SIG_DFL, [], 0}, 8) = 0
17027 rt_sigaction(SIGCHLD, {SIG_DFL, [CHLD], SA_RESTORER|SA_RESTART, 0x7ff89352b670}, {SIG_DFL, [], 0}, 8) = 0
17027 getcwd("/home/hmeng/go/src/github.com/opencontainers/runc", 4096) = 50
17027 stat("/usr/include", {st_mode=S_IFDIR|0755, st_size=4096, ...}) = 0
17027 stat("/usr/gnu/include", 0x7ffcf3072840) = -1 ENOENT (No such file or directory)
17027 stat("/usr/local/include", {st_mode=S_IFDIR|0755, st_size=6, ...}) = 0
17027 stat("/usr/include", {st_mode=S_IFDIR|0755, st_size=4096, ...}) = 0
17027 rt_sigaction(SIGCHLD, {0x40ec10, [CHLD], SA_RESTORER|SA_RESTART, 0x7ff89352b670}, {SIG_DFL, [CHLD], SA_RESTORER|SA_RESTART, 0x7ff89352b670}, 8) = 0
17027 rt_sigaction(SIGUSR1, {0x411680, [USR1], SA_RESTORER|SA_RESTART, 0x7ff89352b670}, {SIG_DFL, [], 0}, 8) = 0
17027 brk(0)                            = 0x915000
17027 brk(0x936000)                     = 0x936000
17027 stat(".", {st_mode=S_IFDIR|0775, st_size=4096, ...}) = 0
17027 openat(AT_FDCWD, ".", O_RDONLY|O_NONBLOCK|O_DIRECTORY|O_CLOEXEC) = 3
17027 getdents(3, /* 49 entries */, 32768) = 1584
17027 getdents(3, /* 0 entries */, 32768) = 0
17027 close(3)                          = 0
17027 open("Makefile", O_RDONLY)        = 3
17027 fcntl(3, F_SETFD, FD_CLOEXEC)     = 0
17027 fstat(3, {st_mode=S_IFREG|0664, st_size=2555, ...}) = 0
17027 mmap(NULL, 4096, PROT_READ|PROT_WRITE, MAP_PRIVATE|MAP_ANONYMOUS, -1, 0) = 0x7ff893ad7000
17027 read(3, ".PHONY: dbuild man \\\n\t    localt"..., 4096) = 2555
17027 pipe([4, 5])                      = 0
17027 vfork( <unfinished ...>
17028 setrlimit(RLIMIT_STACK, {rlim_cur=8192*1024, rlim_max=RLIM64_INFINITY}) = 0
17028 dup2(5, 1)                        = 1
17028 close(5)                          = 0
17028 execve("/bin/sh", ["/bin/sh", "-c", "git rev-parse HEAD 2> /dev/null "...], [/* 50 vars */] <unfinished ...>
17027 <... vfork resumed> )             = 17028
17027 close(5)                          = 0
17027 read(4,  <unfinished ...>
17028 <... execve resumed> )            = 0
17028 brk(0)                            = 0xa0f000
17028 mmap(NULL, 4096, PROT_READ|PROT_WRITE, MAP_PRIVATE|MAP_ANONYMOUS, -1, 0) = 0x7fc6f7ae1000
17028 access("/etc/ld.so.preload", R_OK) = -1 ENOENT (No such file or directory)
17028 open("/etc/ld.so.cache", O_RDONLY|O_CLOEXEC) = 3
17028 fstat(3, {st_mode=S_IFREG|0644, st_size=73647, ...}) = 0
17028 mmap(NULL, 73647, PROT_READ, MAP_PRIVATE, 3, 0) = 0x7fc6f7acf000
17028 close(3)                          = 0
17028 open("/lib64/libtinfo.so.5", O_RDONLY|O_CLOEXEC) = 3
17028 read(3, "\177ELF\2\1\1\0\0\0\0\0\0\0\0\0\3\0>\0\1\0\0\0@\316\0\0\0\0\0\0"..., 832) = 832
17028 fstat(3, {st_mode=S_IFREG|0755, st_size=174528, ...}) = 0
17028 mmap(NULL, 2268928, PROT_READ|PROT_EXEC, MAP_PRIVATE|MAP_DENYWRITE, 3, 0) = 0x7fc6f7697000
17028 mprotect(0x7fc6f76bc000, 2097152, PROT_NONE) = 0
17028 mmap(0x7fc6f78bc000, 20480, PROT_READ|PROT_WRITE, MAP_PRIVATE|MAP_FIXED|MAP_DENYWRITE, 3, 0x25000) = 0x7fc6f78bc000
17028 close(3)                          = 0
17028 open("/lib64/libdl.so.2", O_RDONLY|O_CLOEXEC) = 3
17028 read(3, "\177ELF\2\1\1\0\0\0\0\0\0\0\0\0\3\0>\0\1\0\0\0\320\16\0\0\0\0\0\0"..., 832) = 832
17028 fstat(3, {st_mode=S_IFREG|0755, st_size=19520, ...}) = 0
17028 mmap(NULL, 2109744, PROT_READ|PROT_EXEC, MAP_PRIVATE|MAP_DENYWRITE, 3, 0) = 0x7fc6f7493000
17028 mprotect(0x7fc6f7496000, 2093056, PROT_NONE) = 0
17028 mmap(0x7fc6f7695000, 8192, PROT_READ|PROT_WRITE, MAP_PRIVATE|MAP_FIXED|MAP_DENYWRITE, 3, 0x2000) = 0x7fc6f7695000
17028 close(3)                          = 0
17028 open("/lib64/libc.so.6", O_RDONLY|O_CLOEXEC) = 3
17028 read(3, "\177ELF\2\1\1\3\0\0\0\0\0\0\0\0\3\0>\0\1\0\0\0 \34\2\0\0\0\0\0"..., 832) = 832
17028 fstat(3, {st_mode=S_IFREG|0755, st_size=2112384, ...}) = 0
17028 mmap(NULL, 4096, PROT_READ|PROT_WRITE, MAP_PRIVATE|MAP_ANONYMOUS, -1, 0) = 0x7fc6f7ace000
17028 mmap(NULL, 3936832, PROT_READ|PROT_EXEC, MAP_PRIVATE|MAP_DENYWRITE, 3, 0) = 0x7fc6f70d1000
17028 mprotect(0x7fc6f7288000, 2097152, PROT_NONE) = 0
17028 mmap(0x7fc6f7488000, 24576, PROT_READ|PROT_WRITE, MAP_PRIVATE|MAP_FIXED|MAP_DENYWRITE, 3, 0x1b7000) = 0x7fc6f7488000
17028 mmap(0x7fc6f748e000, 16960, PROT_READ|PROT_WRITE, MAP_PRIVATE|MAP_FIXED|MAP_ANONYMOUS, -1, 0) = 0x7fc6f748e000
17028 close(3)                          = 0
17028 mmap(NULL, 8192, PROT_READ|PROT_WRITE, MAP_PRIVATE|MAP_ANONYMOUS, -1, 0) = 0x7fc6f7acc000
17028 arch_prctl(ARCH_SET_FS, 0x7fc6f7acc740) = 0
17028 mprotect(0x7fc6f7488000, 16384, PROT_READ) = 0
17028 mprotect(0x7fc6f7695000, 4096, PROT_READ) = 0
17028 mprotect(0x7fc6f78bc000, 16384, PROT_READ) = 0
17028 mprotect(0x6dc000, 4096, PROT_READ) = 0
17028 mprotect(0x7fc6f7ae2000, 4096, PROT_READ) = 0
17028 munmap(0x7fc6f7acf000, 73647)     = 0
17028 rt_sigprocmask(SIG_BLOCK, NULL, [], 8) = 0
17028 open("/dev/tty", O_RDWR|O_NONBLOCK) = 3
17028 close(3)                          = 0
17028 brk(0)                            = 0xa0f000
17028 brk(0xa30000)                     = 0xa30000
17028 brk(0)                            = 0xa30000
17028 open("/usr/lib/locale/locale-archive", O_RDONLY|O_CLOEXEC) = 3
17028 fstat(3, {st_mode=S_IFREG|0644, st_size=106065056, ...}) = 0
17028 mmap(NULL, 106065056, PROT_READ, MAP_PRIVATE, 3, 0) = 0x7fc6f0baa000
17028 close(3)                          = 0
17028 brk(0)                            = 0xa30000
17028 getuid()                          = 0
17028 getgid()                          = 0
17028 geteuid()                         = 0
17028 getegid()                         = 0
17028 rt_sigprocmask(SIG_BLOCK, NULL, [], 8) = 0
17028 open("/proc/meminfo", O_RDONLY|O_CLOEXEC) = 3
17028 fstat(3, {st_mode=S_IFREG|0444, st_size=0, ...}) = 0
17028 mmap(NULL, 4096, PROT_READ|PROT_WRITE, MAP_PRIVATE|MAP_ANONYMOUS, -1, 0) = 0x7fc6f7ae0000
17028 read(3, "MemTotal:        4047188 kB\nMemF"..., 1024) = 1024
17028 close(3)                          = 0
17028 munmap(0x7fc6f7ae0000, 4096)      = 0
17028 rt_sigaction(SIGCHLD, {SIG_DFL, [], SA_RESTORER|SA_RESTART, 0x7fc6f7106670}, {SIG_DFL, [], 0}, 8) = 0
17028 rt_sigaction(SIGCHLD, {SIG_DFL, [], SA_RESTORER|SA_RESTART, 0x7fc6f7106670}, {SIG_DFL, [], SA_RESTORER|SA_RESTART, 0x7fc6f7106670}, 8) = 0
17028 rt_sigaction(SIGINT, {SIG_DFL, [], SA_RESTORER, 0x7fc6f7106670}, {SIG_DFL, [], 0}, 8) = 0
17028 rt_sigaction(SIGINT, {SIG_DFL, [], SA_RESTORER, 0x7fc6f7106670}, {SIG_DFL, [], SA_RESTORER, 0x7fc6f7106670}, 8) = 0
17028 rt_sigaction(SIGQUIT, {SIG_DFL, [], SA_RESTORER, 0x7fc6f7106670}, {SIG_DFL, [], 0}, 8) = 0
17028 rt_sigaction(SIGQUIT, {SIG_DFL, [], SA_RESTORER, 0x7fc6f7106670}, {SIG_DFL, [], SA_RESTORER, 0x7fc6f7106670}, 8) = 0
17028 rt_sigprocmask(SIG_BLOCK, NULL, [], 8) = 0
17028 rt_sigaction(SIGQUIT, {SIG_IGN, [], SA_RESTORER, 0x7fc6f7106670}, {SIG_DFL, [], SA_RESTORER, 0x7fc6f7106670}, 8) = 0
17028 uname({sys="Linux", node="localhost.localdomain", ...}) = 0
17028 stat("/home/hmeng/go/src/github.com/opencontainers/runc", {st_mode=S_IFDIR|0775, st_size=4096, ...}) = 0
17028 stat(".", {st_mode=S_IFDIR|0775, st_size=4096, ...}) = 0
17028 getpid()                          = 17028
17028 open("/usr/lib64/gconv/gconv-modules.cache", O_RDONLY) = 3
17028 fstat(3, {st_mode=S_IFREG|0644, st_size=26254, ...}) = 0
17028 mmap(NULL, 26254, PROT_READ, MAP_SHARED, 3, 0) = 0x7fc6f7ada000
17028 close(3)                          = 0
17028 getppid()                         = 17027
17028 gettimeofday({1465918768, 982743}, NULL) = 0
17028 getpgrp()                         = 17018
17028 rt_sigaction(SIGCHLD, {0x441170, [], SA_RESTORER|SA_RESTART, 0x7fc6f7106670}, {SIG_DFL, [], SA_RESTORER|SA_RESTART, 0x7fc6f7106670}, 8) = 0
17028 getrlimit(RLIMIT_NPROC, {rlim_cur=15689, rlim_max=15689}) = 0
17028 rt_sigprocmask(SIG_BLOCK, NULL, [], 8) = 0
17028 rt_sigprocmask(SIG_BLOCK, NULL, [], 8) = 0
17028 rt_sigprocmask(SIG_BLOCK, NULL, [], 8) = 0
17028 stat(".", {st_mode=S_IFDIR|0775, st_size=4096, ...}) = 0
17028 stat("/usr/local/bin/git", 0x7ffe57fdba50) = -1 ENOENT (No such file or directory)
17028 stat("/usr/local/sbin/git", 0x7ffe57fdba50) = -1 ENOENT (No such file or directory)
17028 stat("/usr/bin/git", {st_mode=S_IFREG|0755, st_size=1514952, ...}) = 0
17028 stat("/usr/bin/git", {st_mode=S_IFREG|0755, st_size=1514952, ...}) = 0
17028 geteuid()                         = 0
17028 getegid()                         = 0
17028 getuid()                          = 0
17028 getgid()                          = 0
17028 access("/usr/bin/git", X_OK)      = 0
17028 stat("/usr/bin/git", {st_mode=S_IFREG|0755, st_size=1514952, ...}) = 0
17028 geteuid()                         = 0
17028 getegid()                         = 0
17028 getuid()                          = 0
17028 getgid()                          = 0
17028 access("/usr/bin/git", R_OK)      = 0
17028 stat("/usr/bin/git", {st_mode=S_IFREG|0755, st_size=1514952, ...}) = 0
17028 stat("/usr/bin/git", {st_mode=S_IFREG|0755, st_size=1514952, ...}) = 0
17028 geteuid()                         = 0
17028 getegid()                         = 0
17028 getuid()                          = 0
17028 getgid()                          = 0
17028 access("/usr/bin/git", X_OK)      = 0
17028 stat("/usr/bin/git", {st_mode=S_IFREG|0755, st_size=1514952, ...}) = 0
17028 geteuid()                         = 0
17028 getegid()                         = 0
17028 getuid()                          = 0
17028 getgid()                          = 0
17028 access("/usr/bin/git", R_OK)      = 0
17028 rt_sigprocmask(SIG_BLOCK, [INT CHLD], [], 8) = 0
17028 clone(child_stack=0, flags=CLONE_CHILD_CLEARTID|CLONE_CHILD_SETTID|SIGCHLD, child_tidptr=0x7fc6f7acca10) = 17029
17028 rt_sigprocmask(SIG_SETMASK, [], NULL, 8) = 0
17028 rt_sigprocmask(SIG_BLOCK, [CHLD], [], 8) = 0
17028 rt_sigprocmask(SIG_SETMASK, [], NULL, 8) = 0
17028 rt_sigprocmask(SIG_BLOCK, [CHLD], [], 8) = 0
17028 rt_sigaction(SIGINT, {0x43e5e0, [], SA_RESTORER, 0x7fc6f7106670}, {SIG_DFL, [], SA_RESTORER, 0x7fc6f7106670}, 8) = 0
17028 wait4(-1,  <unfinished ...>
17029 rt_sigprocmask(SIG_SETMASK, [], NULL, 8) = 0
17029 rt_sigaction(SIGTSTP, {SIG_DFL, [], SA_RESTORER, 0x7fc6f7106670}, {SIG_DFL, [], 0}, 8) = 0
17029 rt_sigaction(SIGTTIN, {SIG_DFL, [], SA_RESTORER, 0x7fc6f7106670}, {SIG_DFL, [], 0}, 8) = 0
17029 rt_sigaction(SIGTTOU, {SIG_DFL, [], SA_RESTORER, 0x7fc6f7106670}, {SIG_DFL, [], 0}, 8) = 0
17029 rt_sigaction(SIGINT, {SIG_DFL, [], SA_RESTORER, 0x7fc6f7106670}, {SIG_DFL, [], SA_RESTORER, 0x7fc6f7106670}, 8) = 0
17029 rt_sigaction(SIGQUIT, {SIG_DFL, [], SA_RESTORER, 0x7fc6f7106670}, {SIG_IGN, [], SA_RESTORER, 0x7fc6f7106670}, 8) = 0
17029 rt_sigaction(SIGCHLD, {SIG_DFL, [], SA_RESTORER|SA_RESTART, 0x7fc6f7106670}, {0x441170, [], SA_RESTORER|SA_RESTART, 0x7fc6f7106670}, 8) = 0
17029 open("/dev/null", O_WRONLY|O_CREAT|O_TRUNC, 0666) = 3
17029 dup2(3, 2)                        = 2
17029 close(3)                          = 0
17029 execve("/usr/bin/git", ["git", "rev-parse", "HEAD"], [/* 50 vars */]) = 0
17029 brk(0)                            = 0x2513000
17029 mmap(NULL, 4096, PROT_READ|PROT_WRITE, MAP_PRIVATE|MAP_ANONYMOUS, -1, 0) = 0x7f1538ba8000
17029 access("/etc/ld.so.preload", R_OK) = -1 ENOENT (No such file or directory)
17029 open("/etc/ld.so.cache", O_RDONLY|O_CLOEXEC) = 3
17029 fstat(3, {st_mode=S_IFREG|0644, st_size=73647, ...}) = 0
17029 mmap(NULL, 73647, PROT_READ, MAP_PRIVATE, 3, 0) = 0x7f1538b96000
17029 close(3)                          = 0
17029 open("/lib64/libpcre.so.1", O_RDONLY|O_CLOEXEC) = 3
17029 read(3, "\177ELF\2\1\1\0\0\0\0\0\0\0\0\0\3\0>\0\1\0\0\0\360\25\0\0\0\0\0\0"..., 832) = 832
17029 fstat(3, {st_mode=S_IFREG|0755, st_size=398264, ...}) = 0
17029 mmap(NULL, 2490888, PROT_READ|PROT_EXEC, MAP_PRIVATE|MAP_DENYWRITE, 3, 0) = 0x7f1538727000
17029 mprotect(0x7f1538787000, 2093056, PROT_NONE) = 0
17029 mmap(0x7f1538986000, 8192, PROT_READ|PROT_WRITE, MAP_PRIVATE|MAP_FIXED|MAP_DENYWRITE, 3, 0x5f000) = 0x7f1538986000
17029 close(3)                          = 0
17029 open("/lib64/libz.so.1", O_RDONLY|O_CLOEXEC) = 3
17029 read(3, "\177ELF\2\1\1\0\0\0\0\0\0\0\0\0\3\0>\0\1\0\0\0p!\0\0\0\0\0\0"..., 832) = 832
17029 fstat(3, {st_mode=S_IFREG|0755, st_size=90632, ...}) = 0
17029 mmap(NULL, 2183688, PROT_READ|PROT_EXEC, MAP_PRIVATE|MAP_DENYWRITE, 3, 0) = 0x7f1538511000
17029 mprotect(0x7f1538526000, 2093056, PROT_NONE) = 0
17029 mmap(0x7f1538725000, 8192, PROT_READ|PROT_WRITE, MAP_PRIVATE|MAP_FIXED|MAP_DENYWRITE, 3, 0x14000) = 0x7f1538725000
17029 close(3)                          = 0
17029 open("/lib64/libpthread.so.0", O_RDONLY|O_CLOEXEC) = 3
17029 read(3, "\177ELF\2\1\1\0\0\0\0\0\0\0\0\0\3\0>\0\1\0\0\0\240l\0\0\0\0\0\0"..., 832) = 832
17029 fstat(3, {st_mode=S_IFREG|0755, st_size=142304, ...}) = 0
17029 mmap(NULL, 4096, PROT_READ|PROT_WRITE, MAP_PRIVATE|MAP_ANONYMOUS, -1, 0) = 0x7f1538b95000
17029 mmap(NULL, 2208864, PROT_READ|PROT_EXEC, MAP_PRIVATE|MAP_DENYWRITE, 3, 0) = 0x7f15382f5000
17029 mprotect(0x7f153830b000, 2097152, PROT_NONE) = 0
17029 mmap(0x7f153850b000, 8192, PROT_READ|PROT_WRITE, MAP_PRIVATE|MAP_FIXED|MAP_DENYWRITE, 3, 0x16000) = 0x7f153850b000
17029 mmap(0x7f153850d000, 13408, PROT_READ|PROT_WRITE, MAP_PRIVATE|MAP_FIXED|MAP_ANONYMOUS, -1, 0) = 0x7f153850d000
17029 close(3)                          = 0
17029 open("/lib64/libc.so.6", O_RDONLY|O_CLOEXEC) = 3
17029 read(3, "\177ELF\2\1\1\3\0\0\0\0\0\0\0\0\3\0>\0\1\0\0\0 \34\2\0\0\0\0\0"..., 832) = 832
17029 fstat(3, {st_mode=S_IFREG|0755, st_size=2112384, ...}) = 0
17029 mmap(NULL, 3936832, PROT_READ|PROT_EXEC, MAP_PRIVATE|MAP_DENYWRITE, 3, 0) = 0x7f1537f33000
17029 mprotect(0x7f15380ea000, 2097152, PROT_NONE) = 0
17029 mmap(0x7f15382ea000, 24576, PROT_READ|PROT_WRITE, MAP_PRIVATE|MAP_FIXED|MAP_DENYWRITE, 3, 0x1b7000) = 0x7f15382ea000
17029 mmap(0x7f15382f0000, 16960, PROT_READ|PROT_WRITE, MAP_PRIVATE|MAP_FIXED|MAP_ANONYMOUS, -1, 0) = 0x7f15382f0000
17029 close(3)                          = 0
17029 mmap(NULL, 4096, PROT_READ|PROT_WRITE, MAP_PRIVATE|MAP_ANONYMOUS, -1, 0) = 0x7f1538b94000
17029 mmap(NULL, 8192, PROT_READ|PROT_WRITE, MAP_PRIVATE|MAP_ANONYMOUS, -1, 0) = 0x7f1538b92000
17029 arch_prctl(ARCH_SET_FS, 0x7f1538b92740) = 0
17029 mprotect(0x7f15382ea000, 16384, PROT_READ) = 0
17029 mprotect(0x7f153850b000, 4096, PROT_READ) = 0
17029 mprotect(0x7f1538725000, 4096, PROT_READ) = 0
17029 mprotect(0x7f1538986000, 4096, PROT_READ) = 0
17029 mprotect(0x763000, 4096, PROT_READ) = 0
17029 mprotect(0x7f1538ba9000, 4096, PROT_READ) = 0
17029 munmap(0x7f1538b96000, 73647)     = 0
17029 set_tid_address(0x7f1538b92a10)   = 17029
17029 set_robust_list(0x7f1538b92a20, 24) = 0
17029 rt_sigaction(SIGRTMIN, {0x7f15382fb780, [], SA_RESTORER|SA_SIGINFO, 0x7f1538304100}, NULL, 8) = 0
17029 rt_sigaction(SIGRT_1, {0x7f15382fb810, [], SA_RESTORER|SA_RESTART|SA_SIGINFO, 0x7f1538304100}, NULL, 8) = 0
17029 rt_sigprocmask(SIG_UNBLOCK, [RTMIN RT_1], NULL, 8) = 0
17029 getrlimit(RLIMIT_STACK, {rlim_cur=8192*1024, rlim_max=RLIM64_INFINITY}) = 0
17029 brk(0)                            = 0x2513000
17029 brk(0x2534000)                    = 0x2534000
17029 brk(0)                            = 0x2534000
17029 open("/usr/lib/locale/locale-archive", O_RDONLY|O_CLOEXEC) = 3
17029 fstat(3, {st_mode=S_IFREG|0644, st_size=106065056, ...}) = 0
17029 mmap(NULL, 106065056, PROT_READ, MAP_PRIVATE, 3, 0) = 0x7f1531a0c000
17029 close(3)                          = 0
17029 getcwd("/home/hmeng/go/src/github.com/opencontainers/runc", 4096) = 50
17029 stat(".", {st_mode=S_IFDIR|0775, st_size=4096, ...}) = 0
17029 stat(".git", {st_mode=S_IFDIR|0775, st_size=4096, ...}) = 0
17029 access(".git/objects", X_OK)      = 0
17029 access(".git/refs", X_OK)         = 0
17029 lstat(".git/HEAD", {st_mode=S_IFREG|0664, st_size=23, ...}) = 0
17029 open(".git/HEAD", O_RDONLY)       = 3
17029 read(3, "ref: refs/heads/master\n", 255) = 23
17029 read(3, "", 232)                  = 0
17029 close(3)                          = 0
17029 access("/etc/gitconfig", R_OK)    = -1 ENOENT (No such file or directory)
17029 access("/root/.config/git/config", R_OK) = -1 ENOENT (No such file or directory)
17029 access("/root/.gitconfig", R_OK)  = -1 ENOENT (No such file or directory)
17029 access(".git/config", R_OK)       = 0
17029 open(".git/config", O_RDONLY)     = 3
17029 fstat(3, {st_mode=S_IFREG|0664, st_size=267, ...}) = 0
17029 mmap(NULL, 4096, PROT_READ|PROT_WRITE, MAP_PRIVATE|MAP_ANONYMOUS, -1, 0) = 0x7f1538ba7000
17029 read(3, "[core]\n\trepositoryformatversion "..., 4096) = 267
17029 read(3, "", 4096)                 = 0
17029 close(3)                          = 0
17029 munmap(0x7f1538ba7000, 4096)      = 0
17029 stat(".", {st_mode=S_IFDIR|0775, st_size=4096, ...}) = 0
17029 getcwd("/home/hmeng/go/src/github.com/opencontainers/runc", 1024) = 50
17029 chdir(".")                        = 0
17029 getcwd("/home/hmeng/go/src/github.com/opencontainers/runc", 4096) = 50
17029 lstat("/home/hmeng/go/src/github.com/opencontainers/runc", {st_mode=S_IFDIR|0775, st_size=4096, ...}) = 0
17029 chdir("/home/hmeng/go/src/github.com/opencontainers/runc") = 0
17029 stat(".git", {st_mode=S_IFDIR|0775, st_size=4096, ...}) = 0
17029 access("/etc/gitconfig", R_OK)    = -1 ENOENT (No such file or directory)
17029 access("/root/.config/git/config", R_OK) = -1 ENOENT (No such file or directory)
17029 access("/root/.gitconfig", R_OK)  = -1 ENOENT (No such file or directory)
17029 access(".git/config", R_OK)       = 0
17029 open(".git/config", O_RDONLY)     = 3
17029 fstat(3, {st_mode=S_IFREG|0664, st_size=267, ...}) = 0
17029 mmap(NULL, 4096, PROT_READ|PROT_WRITE, MAP_PRIVATE|MAP_ANONYMOUS, -1, 0) = 0x7f1538ba7000
17029 read(3, "[core]\n\trepositoryformatversion "..., 4096) = 267
17029 read(3, "", 4096)                 = 0
17029 close(3)                          = 0
17029 munmap(0x7f1538ba7000, 4096)      = 0
17029 stat("/etc/sysconfig/64bit_strstr_via_64bit_strstr_sse2_unaligned", 0x7fff7657fd60) = -1 ENOENT (No such file or directory)
17029 lstat(".git/HEAD", {st_mode=S_IFREG|0664, st_size=23, ...}) = 0
17029 open(".git/HEAD", O_RDONLY)       = 3
17029 read(3, "ref: refs/heads/master\n", 255) = 23
17029 read(3, "", 232)                  = 0
17029 close(3)                          = 0
17029 lstat(".git/refs/heads/master", {st_mode=S_IFREG|0664, st_size=41, ...}) = 0
17029 open(".git/refs/heads/master", O_RDONLY) = 3
17029 read(3, "42dfd606437b538ffde4f0640d433916"..., 255) = 41
17029 read(3, "", 214)                  = 0
17029 close(3)                          = 0
17029 lstat(".git/refs/HEAD", 0x7fff7657c9f0) = -1 ENOENT (No such file or directory)
17029 open(".git/packed-refs", O_RDONLY) = 3
17029 fstat(3, {st_mode=S_IFREG|0664, st_size=1355, ...}) = 0
17029 mmap(NULL, 4096, PROT_READ|PROT_WRITE, MAP_PRIVATE|MAP_ANONYMOUS, -1, 0) = 0x7f1538ba7000
17029 read(3, "# pack-refs with: peeled fully-p"..., 4096) = 1355
17029 read(3, "", 4096)                 = 0
17029 close(3)                          = 0
17029 munmap(0x7f1538ba7000, 4096)      = 0
17029 lstat(".git/refs/tags/HEAD", 0x7fff7657c9f0) = -1 ENOENT (No such file or directory)
17029 lstat(".git/refs/heads/HEAD", 0x7fff7657c9f0) = -1 ENOENT (No such file or directory)
17029 lstat(".git/refs/remotes/HEAD", 0x7fff7657c9f0) = -1 ENOENT (No such file or directory)
17029 lstat(".git/refs/remotes/HEAD/HEAD", 0x7fff7657c9f0) = -1 ENOENT (No such file or directory)
17029 fstat(1, {st_mode=S_IFIFO|0600, st_size=0, ...}) = 0
17029 mmap(NULL, 4096, PROT_READ|PROT_WRITE, MAP_PRIVATE|MAP_ANONYMOUS, -1, 0) = 0x7f1538ba7000
17029 fstat(1, {st_mode=S_IFIFO|0600, st_size=0, ...}) = 0
17029 write(1, "42dfd606437b538ffde4f0640d433916"..., 41 <unfinished ...>
17027 <... read resumed> "42dfd606437b538ffde4f0640d433916"..., 200) = 41
17027 read(4,  <unfinished ...>
17029 <... write resumed> )             = 41
17029 exit_group(0)                     = ?
17029 +++ exited with 0 +++
17028 <... wait4 resumed> [{WIFEXITED(s) && WEXITSTATUS(s) == 0}], 0, NULL) = 17029
17028 rt_sigprocmask(SIG_SETMASK, [], NULL, 8) = 0
17028 --- SIGCHLD {si_signo=SIGCHLD, si_code=CLD_EXITED, si_pid=17029, si_status=0, si_utime=0, si_stime=0} ---
17028 wait4(-1, 0x7ffe57fdb590, WNOHANG, NULL) = -1 ECHILD (No child processes)
17028 rt_sigreturn()                    = 0
17028 rt_sigaction(SIGINT, {SIG_DFL, [], SA_RESTORER, 0x7fc6f7106670}, {0x43e5e0, [], SA_RESTORER, 0x7fc6f7106670}, 8) = 0
17028 exit_group(0)                     = ?
17028 +++ exited with 0 +++
17027 <... read resumed> "", 159)       = 0
17027 --- SIGCHLD {si_signo=SIGCHLD, si_code=CLD_EXITED, si_pid=17028, si_status=0, si_utime=0, si_stime=0} ---
17027 rt_sigreturn()                    = 0
17027 close(4)                          = 0
17027 wait4(-1, [{WIFEXITED(s) && WEXITSTATUS(s) == 0}], 0, NULL) = 17028
17027 pipe([4, 5])                      = 0
17027 vfork( <unfinished ...>
17030 setrlimit(RLIMIT_STACK, {rlim_cur=8192*1024, rlim_max=RLIM64_INFINITY}) = 0
17030 dup2(5, 1)                        = 1
17030 close(5)                          = 0
17030 execve("/usr/local/bin/cat", ["cat", "./VERSION"], [/* 50 vars */]) = -1 ENOENT (No such file or directory)
17030 execve("/usr/local/sbin/cat", ["cat", "./VERSION"], [/* 50 vars */]) = -1 ENOENT (No such file or directory)
17030 execve("/usr/bin/cat", ["cat", "./VERSION"], [/* 50 vars */] <unfinished ...>
17027 <... vfork resumed> )             = 17030
17027 close(5)                          = 0
17027 read(4,  <unfinished ...>
17030 <... execve resumed> )            = 0
17030 brk(0)                            = 0xebe000
17030 mmap(NULL, 4096, PROT_READ|PROT_WRITE, MAP_PRIVATE|MAP_ANONYMOUS, -1, 0) = 0x7feb54ead000
17030 access("/etc/ld.so.preload", R_OK) = -1 ENOENT (No such file or directory)
17030 open("/etc/ld.so.cache", O_RDONLY|O_CLOEXEC) = 3
17030 fstat(3, {st_mode=S_IFREG|0644, st_size=73647, ...}) = 0
17030 mmap(NULL, 73647, PROT_READ, MAP_PRIVATE, 3, 0) = 0x7feb54e9b000
17030 close(3)                          = 0
17030 open("/lib64/libc.so.6", O_RDONLY|O_CLOEXEC) = 3
17030 read(3, "\177ELF\2\1\1\3\0\0\0\0\0\0\0\0\3\0>\0\1\0\0\0 \34\2\0\0\0\0\0"..., 832) = 832
17030 fstat(3, {st_mode=S_IFREG|0755, st_size=2112384, ...}) = 0
17030 mmap(NULL, 3936832, PROT_READ|PROT_EXEC, MAP_PRIVATE|MAP_DENYWRITE, 3, 0) = 0x7feb548cb000
17030 mprotect(0x7feb54a82000, 2097152, PROT_NONE) = 0
17030 mmap(0x7feb54c82000, 24576, PROT_READ|PROT_WRITE, MAP_PRIVATE|MAP_FIXED|MAP_DENYWRITE, 3, 0x1b7000) = 0x7feb54c82000
17030 mmap(0x7feb54c88000, 16960, PROT_READ|PROT_WRITE, MAP_PRIVATE|MAP_FIXED|MAP_ANONYMOUS, -1, 0) = 0x7feb54c88000
17030 close(3)                          = 0
17030 mmap(NULL, 4096, PROT_READ|PROT_WRITE, MAP_PRIVATE|MAP_ANONYMOUS, -1, 0) = 0x7feb54e9a000
17030 mmap(NULL, 8192, PROT_READ|PROT_WRITE, MAP_PRIVATE|MAP_ANONYMOUS, -1, 0) = 0x7feb54e98000
17030 arch_prctl(ARCH_SET_FS, 0x7feb54e98740) = 0
17030 mprotect(0x7feb54c82000, 16384, PROT_READ) = 0
17030 mprotect(0x60b000, 4096, PROT_READ) = 0
17030 mprotect(0x7feb54eae000, 4096, PROT_READ) = 0
17030 munmap(0x7feb54e9b000, 73647)     = 0
17030 brk(0)                            = 0xebe000
17030 brk(0xedf000)                     = 0xedf000
17030 brk(0)                            = 0xedf000
17030 open("/usr/lib/locale/locale-archive", O_RDONLY|O_CLOEXEC) = 3
17030 fstat(3, {st_mode=S_IFREG|0644, st_size=106065056, ...}) = 0
17030 mmap(NULL, 106065056, PROT_READ, MAP_PRIVATE, 3, 0) = 0x7feb4e3a4000
17030 close(3)                          = 0
17030 fstat(1, {st_mode=S_IFIFO|0600, st_size=0, ...}) = 0
17030 open("./VERSION", O_RDONLY)       = 3
17030 fstat(3, {st_mode=S_IFREG|0664, st_size=10, ...}) = 0
17030 fadvise64(3, 0, 0, POSIX_FADV_SEQUENTIAL) = 0
17030 read(3, "1.0.0-rc1\n", 65536)     = 10
17030 write(1, "1.0.0-rc1\n", 10 <unfinished ...>
17027 <... read resumed> "1.0.0-rc1\n", 200) = 10
17027 read(4,  <unfinished ...>
17030 <... write resumed> )             = 10
17030 read(3, "", 65536)                = 0
17030 close(3)                          = 0
17030 close(1 <unfinished ...>
17027 <... read resumed> "", 190)       = 0
17027 close(4)                          = 0
17027 wait4(-1,  <unfinished ...>
17030 <... close resumed> )             = 0
17030 close(2)                          = 0
17030 exit_group(0)                     = ?
17030 +++ exited with 0 +++
17027 <... wait4 resumed> [{WIFEXITED(s) && WEXITSTATUS(s) == 0}], 0, NULL) = 17030
17027 --- SIGCHLD {si_signo=SIGCHLD, si_code=CLD_EXITED, si_pid=17030, si_status=0, si_utime=0, si_stime=0} ---
17027 rt_sigreturn()                    = 17030
17027 read(3, "", 4096)                 = 0
17027 close(3)                          = 0
17027 munmap(0x7ff893ad7000, 4096)      = 0
17027 stat("RCS", 0x7ffcf30727f0)       = -1 ENOENT (No such file or directory)
17027 stat("SCCS", 0x7ffcf30727f0)      = -1 ENOENT (No such file or directory)
17027 stat("Makefile", {st_mode=S_IFREG|0664, st_size=2555, ...}) = 0
17027 clock_gettime(CLOCK_REALTIME, {1465918768, 990886689}) = 0
17027 stat("runctestimage", 0x7ffcf3070620) = -1 ENOENT (No such file or directory)
17027 stat("/etc/sysconfig/64bit_strstr_via_64bit_strstr_sse2_unaligned", 0x7ffcf30724e0) = -1 ENOENT (No such file or directory)
17027 open("/usr/share/locale/locale.alias", O_RDONLY|O_CLOEXEC) = 3
17027 fstat(3, {st_mode=S_IFREG|0644, st_size=2502, ...}) = 0
17027 mmap(NULL, 4096, PROT_READ|PROT_WRITE, MAP_PRIVATE|MAP_ANONYMOUS, -1, 0) = 0x7ff893ad7000
17027 read(3, "# Locale name alias data base.\n#"..., 4096) = 2502
17027 read(3, "", 4096)                 = 0
17027 close(3)                          = 0
17027 munmap(0x7ff893ad7000, 4096)      = 0
17027 open("/usr/share/locale/en_US.UTF-8/LC_MESSAGES/make.mo", O_RDONLY) = -1 ENOENT (No such file or directory)
17027 open("/usr/share/locale/en_US.utf8/LC_MESSAGES/make.mo", O_RDONLY) = -1 ENOENT (No such file or directory)
17027 open("/usr/share/locale/en_US/LC_MESSAGES/make.mo", O_RDONLY) = -1 ENOENT (No such file or directory)
17027 open("/usr/share/locale/en.UTF-8/LC_MESSAGES/make.mo", O_RDONLY) = -1 ENOENT (No such file or directory)
17027 open("/usr/share/locale/en.utf8/LC_MESSAGES/make.mo", O_RDONLY) = -1 ENOENT (No such file or directory)
17027 open("/usr/share/locale/en/LC_MESSAGES/make.mo", O_RDONLY) = -1 ENOENT (No such file or directory)
17027 fstat(1, {st_mode=S_IFCHR|0620, st_rdev=makedev(136, 1), ...}) = 0
17027 mmap(NULL, 4096, PROT_READ|PROT_WRITE, MAP_PRIVATE|MAP_ANONYMOUS, -1, 0) = 0x7ff893ad7000
17027 write(1, "make[1]: Entering directory `/ho"..., 80) = 80
17027 write(1, "docker build -t runc_test -f scr"..., 54) = 54
17027 pipe([3, 4])                      = 0
17027 close(4)                          = 0
17027 fcntl(3, F_SETFD, FD_CLOEXEC)     = 0
17027 rt_sigprocmask(SIG_BLOCK, [HUP INT QUIT TERM XCPU XFSZ], NULL, 8) = 0
17027 vfork( <unfinished ...>
17031 rt_sigprocmask(SIG_SETMASK, [], NULL, 8) = 0
17031 setrlimit(RLIMIT_STACK, {rlim_cur=8192*1024, rlim_max=RLIM64_INFINITY}) = 0
17031 execve("/usr/local/bin/docker", ["docker", "build", "-t", "runc_test", "-f", "script/test_Dockerfile", "."], [/* 50 vars */]) = -1 ENOENT (No such file or directory)
17031 execve("/usr/local/sbin/docker", ["docker", "build", "-t", "runc_test", "-f", "script/test_Dockerfile", "."], [/* 50 vars */]) = -1 ENOENT (No such file or directory)
17031 execve("/usr/bin/docker", ["docker", "build", "-t", "runc_test", "-f", "script/test_Dockerfile", "."], [/* 50 vars */] <unfinished ...>
17027 <... vfork resumed> )             = 17031
17027 rt_sigprocmask(SIG_SETMASK, [], NULL, 8) = 0
17027 wait4(-1,  <unfinished ...>
17031 <... execve resumed> )            = 0
17031 brk(0)                            = 0x2886000
17031 mmap(NULL, 4096, PROT_READ|PROT_WRITE, MAP_PRIVATE|MAP_ANONYMOUS, -1, 0) = 0x7fe182cff000
17031 access("/etc/ld.so.preload", R_OK) = -1 ENOENT (No such file or directory)
17031 open("/etc/ld.so.cache", O_RDONLY|O_CLOEXEC) = 3
17031 fstat(3, {st_mode=S_IFREG|0644, st_size=73647, ...}) = 0
17031 mmap(NULL, 73647, PROT_READ, MAP_PRIVATE, 3, 0) = 0x7fe182ced000
17031 close(3)                          = 0
17031 open("/lib64/libsystemd.so.0", O_RDONLY|O_CLOEXEC) = 3
17031 read(3, "\177ELF\2\1\1\0\0\0\0\0\0\0\0\0\3\0>\0\1\0\0\0\0\0\0\0\0\0\0\0"..., 832) = 832
17031 fstat(3, {st_mode=S_IFREG|0755, st_size=162560, ...}) = 0
17031 mmap(NULL, 162596, PROT_READ|PROT_EXEC, MAP_PRIVATE|MAP_DENYWRITE, 3, 0) = 0x7fe182cc5000
17031 mmap(0x7fe182ceb000, 8192, PROT_READ|PROT_WRITE, MAP_PRIVATE|MAP_FIXED|MAP_DENYWRITE, 3, 0x25000) = 0x7fe182ceb000
17031 close(3)                          = 0
17031 open("/lib64/libpthread.so.0", O_RDONLY|O_CLOEXEC) = 3
17031 read(3, "\177ELF\2\1\1\0\0\0\0\0\0\0\0\0\3\0>\0\1\0\0\0\240l\0\0\0\0\0\0"..., 832) = 832
17031 fstat(3, {st_mode=S_IFREG|0755, st_size=142304, ...}) = 0
17031 mmap(NULL, 2208864, PROT_READ|PROT_EXEC, MAP_PRIVATE|MAP_DENYWRITE, 3, 0) = 0x7fe1828c3000
17031 mprotect(0x7fe1828d9000, 2097152, PROT_NONE) = 0
17031 mmap(0x7fe182ad9000, 8192, PROT_READ|PROT_WRITE, MAP_PRIVATE|MAP_FIXED|MAP_DENYWRITE, 3, 0x16000) = 0x7fe182ad9000
17031 mmap(0x7fe182adb000, 13408, PROT_READ|PROT_WRITE, MAP_PRIVATE|MAP_FIXED|MAP_ANONYMOUS, -1, 0) = 0x7fe182adb000
17031 close(3)                          = 0
17031 open("/lib64/libdl.so.2", O_RDONLY|O_CLOEXEC) = 3
17031 read(3, "\177ELF\2\1\1\0\0\0\0\0\0\0\0\0\3\0>\0\1\0\0\0\320\16\0\0\0\0\0\0"..., 832) = 832
17031 fstat(3, {st_mode=S_IFREG|0755, st_size=19520, ...}) = 0
17031 mmap(NULL, 4096, PROT_READ|PROT_WRITE, MAP_PRIVATE|MAP_ANONYMOUS, -1, 0) = 0x7fe182cc4000
17031 mmap(NULL, 2109744, PROT_READ|PROT_EXEC, MAP_PRIVATE|MAP_DENYWRITE, 3, 0) = 0x7fe1826bf000
17031 mprotect(0x7fe1826c2000, 2093056, PROT_NONE) = 0
17031 mmap(0x7fe1828c1000, 8192, PROT_READ|PROT_WRITE, MAP_PRIVATE|MAP_FIXED|MAP_DENYWRITE, 3, 0x2000) = 0x7fe1828c1000
17031 close(3)                          = 0
17031 open("/lib64/libdevmapper.so.1.02", O_RDONLY|O_CLOEXEC) = 3
17031 read(3, "\177ELF\2\1\1\0\0\0\0\0\0\0\0\0\3\0>\0\1\0\0\0\360\245\0\0\0\0\0\0"..., 832) = 832
17031 fstat(3, {st_mode=S_IFREG|0555, st_size=367360, ...}) = 0
17031 mmap(NULL, 2461768, PROT_READ|PROT_EXEC, MAP_PRIVATE|MAP_DENYWRITE, 3, 0) = 0x7fe182465000
17031 mprotect(0x7fe1824b9000, 2097152, PROT_NONE) = 0
17031 mmap(0x7fe1826b9000, 16384, PROT_READ|PROT_WRITE, MAP_PRIVATE|MAP_FIXED|MAP_DENYWRITE, 3, 0x54000) = 0x7fe1826b9000
17031 mmap(0x7fe1826bd000, 4168, PROT_READ|PROT_WRITE, MAP_PRIVATE|MAP_FIXED|MAP_ANONYMOUS, -1, 0) = 0x7fe1826bd000
17031 close(3)                          = 0
17031 open("/lib64/libltdl.so.7", O_RDONLY|O_CLOEXEC) = 3
17031 read(3, "\177ELF\2\1\1\0\0\0\0\0\0\0\0\0\3\0>\0\1\0\0\0\260$\0\0\0\0\0\0"..., 832) = 832
17031 fstat(3, {st_mode=S_IFREG|0755, st_size=41248, ...}) = 0
17031 mmap(NULL, 2134728, PROT_READ|PROT_EXEC, MAP_PRIVATE|MAP_DENYWRITE, 3, 0) = 0x7fe18225b000
17031 mprotect(0x7fe182264000, 2093056, PROT_NONE) = 0
17031 mmap(0x7fe182463000, 8192, PROT_READ|PROT_WRITE, MAP_PRIVATE|MAP_FIXED|MAP_DENYWRITE, 3, 0x8000) = 0x7fe182463000
17031 close(3)                          = 0
17031 open("/lib64/libc.so.6", O_RDONLY|O_CLOEXEC) = 3
17031 read(3, "\177ELF\2\1\1\3\0\0\0\0\0\0\0\0\3\0>\0\1\0\0\0 \34\2\0\0\0\0\0"..., 832) = 832
17031 fstat(3, {st_mode=S_IFREG|0755, st_size=2112384, ...}) = 0
17031 mmap(NULL, 4096, PROT_READ|PROT_WRITE, MAP_PRIVATE|MAP_ANONYMOUS, -1, 0) = 0x7fe182cc3000
17031 mmap(NULL, 3936832, PROT_READ|PROT_EXEC, MAP_PRIVATE|MAP_DENYWRITE, 3, 0) = 0x7fe181e99000
17031 mprotect(0x7fe182050000, 2097152, PROT_NONE) = 0
17031 mmap(0x7fe182250000, 24576, PROT_READ|PROT_WRITE, MAP_PRIVATE|MAP_FIXED|MAP_DENYWRITE, 3, 0x1b7000) = 0x7fe182250000
17031 mmap(0x7fe182256000, 16960, PROT_READ|PROT_WRITE, MAP_PRIVATE|MAP_FIXED|MAP_ANONYMOUS, -1, 0) = 0x7fe182256000
17031 close(3)                          = 0
17031 open("/lib64/libcap.so.2", O_RDONLY|O_CLOEXEC) = 3
17031 read(3, "\177ELF\2\1\1\0\0\0\0\0\0\0\0\0\3\0>\0\1\0\0\0 \26\0\0\0\0\0\0"..., 832) = 832
17031 fstat(3, {st_mode=S_IFREG|0755, st_size=20024, ...}) = 0
17031 mmap(NULL, 2114112, PROT_READ|PROT_EXEC, MAP_PRIVATE|MAP_DENYWRITE, 3, 0) = 0x7fe181c94000
17031 mprotect(0x7fe181c98000, 2093056, PROT_NONE) = 0
17031 mmap(0x7fe181e97000, 8192, PROT_READ|PROT_WRITE, MAP_PRIVATE|MAP_FIXED|MAP_DENYWRITE, 3, 0x3000) = 0x7fe181e97000
17031 close(3)                          = 0
17031 open("/lib64/libm.so.6", O_RDONLY|O_CLOEXEC) = 3
17031 read(3, "\177ELF\2\1\1\3\0\0\0\0\0\0\0\0\3\0>\0\1\0\0\0\260T\0\0\0\0\0\0"..., 832) = 832
17031 fstat(3, {st_mode=S_IFREG|0755, st_size=1141560, ...}) = 0
17031 mmap(NULL, 3150168, PROT_READ|PROT_EXEC, MAP_PRIVATE|MAP_DENYWRITE, 3, 0) = 0x7fe181992000
17031 mprotect(0x7fe181a93000, 2093056, PROT_NONE) = 0
17031 mmap(0x7fe181c92000, 8192, PROT_READ|PROT_WRITE, MAP_PRIVATE|MAP_FIXED|MAP_DENYWRITE, 3, 0x100000) = 0x7fe181c92000
17031 close(3)                          = 0
17031 open("/lib64/librt.so.1", O_RDONLY|O_CLOEXEC) = 3
17031 read(3, "\177ELF\2\1\1\3\0\0\0\0\0\0\0\0\3\0>\0\1\0\0\0\300\"\0\0\0\0\0\0"..., 832) = 832
17031 fstat(3, {st_mode=S_IFREG|0755, st_size=44096, ...}) = 0
17031 mmap(NULL, 4096, PROT_READ|PROT_WRITE, MAP_PRIVATE|MAP_ANONYMOUS, -1, 0) = 0x7fe182cc2000
17031 mmap(NULL, 2128952, PROT_READ|PROT_EXEC, MAP_PRIVATE|MAP_DENYWRITE, 3, 0) = 0x7fe18178a000
17031 mprotect(0x7fe181791000, 2093056, PROT_NONE) = 0
17031 mmap(0x7fe181990000, 8192, PROT_READ|PROT_WRITE, MAP_PRIVATE|MAP_FIXED|MAP_DENYWRITE, 3, 0x6000) = 0x7fe181990000
17031 close(3)                          = 0
17031 open("/lib64/libselinux.so.1", O_RDONLY|O_CLOEXEC) = 3
17031 read(3, "\177ELF\2\1\1\0\0\0\0\0\0\0\0\0\3\0>\0\1\0\0\0\240d\0\0\0\0\0\0"..., 832) = 832
17031 fstat(3, {st_mode=S_IFREG|0755, st_size=147096, ...}) = 0
17031 mmap(NULL, 2246808, PROT_READ|PROT_EXEC, MAP_PRIVATE|MAP_DENYWRITE, 3, 0) = 0x7fe181565000
17031 mprotect(0x7fe181586000, 2097152, PROT_NONE) = 0
17031 mmap(0x7fe181786000, 8192, PROT_READ|PROT_WRITE, MAP_PRIVATE|MAP_FIXED|MAP_DENYWRITE, 3, 0x21000) = 0x7fe181786000
17031 mmap(0x7fe181788000, 6296, PROT_READ|PROT_WRITE, MAP_PRIVATE|MAP_FIXED|MAP_ANONYMOUS, -1, 0) = 0x7fe181788000
17031 close(3)                          = 0
17031 open("/lib64/liblzma.so.5", O_RDONLY|O_CLOEXEC) = 3
17031 read(3, "\177ELF\2\1\1\0\0\0\0\0\0\0\0\0\3\0>\0\1\0\0\0000/\0\0\0\0\0\0"..., 832) = 832
17031 fstat(3, {st_mode=S_IFREG|0755, st_size=153192, ...}) = 0
17031 mmap(NULL, 2245240, PROT_READ|PROT_EXEC, MAP_PRIVATE|MAP_DENYWRITE, 3, 0) = 0x7fe181340000
17031 mprotect(0x7fe181364000, 2093056, PROT_NONE) = 0
17031 mmap(0x7fe181563000, 8192, PROT_READ|PROT_WRITE, MAP_PRIVATE|MAP_FIXED|MAP_DENYWRITE, 3, 0x23000) = 0x7fe181563000
17031 close(3)                          = 0
17031 open("/lib64/libgcrypt.so.11", O_RDONLY|O_CLOEXEC) = 3
17031 read(3, "\177ELF\2\1\1\0\0\0\0\0\0\0\0\0\3\0>\0\1\0\0\0\0u\0\0\0\0\0\0"..., 832) = 832
17031 fstat(3, {st_mode=S_IFREG|0755, st_size=534488, ...}) = 0
17031 mmap(NULL, 4096, PROT_READ|PROT_WRITE, MAP_PRIVATE|MAP_ANONYMOUS, -1, 0) = 0x7fe182cc1000
17031 mmap(NULL, 2621456, PROT_READ|PROT_EXEC, MAP_PRIVATE|MAP_DENYWRITE, 3, 0) = 0x7fe1810bf000
17031 mprotect(0x7fe18113b000, 2097152, PROT_NONE) = 0
17031 mmap(0x7fe18133b000, 16384, PROT_READ|PROT_WRITE, MAP_PRIVATE|MAP_FIXED|MAP_DENYWRITE, 3, 0x7c000) = 0x7fe18133b000
17031 mmap(0x7fe18133f000, 16, PROT_READ|PROT_WRITE, MAP_PRIVATE|MAP_FIXED|MAP_ANONYMOUS, -1, 0) = 0x7fe18133f000
17031 close(3)                          = 0
17031 open("/lib64/libgpg-error.so.0", O_RDONLY|O_CLOEXEC) = 3
17031 read(3, "\177ELF\2\1\1\0\0\0\0\0\0\0\0\0\3\0>\0\1\0\0\0000\n\0\0\0\0\0\0"..., 832) = 832
17031 fstat(3, {st_mode=S_IFREG|0755, st_size=19384, ...}) = 0
17031 mmap(NULL, 2113656, PROT_READ|PROT_EXEC, MAP_PRIVATE|MAP_DENYWRITE, 3, 0) = 0x7fe180eba000
17031 mprotect(0x7fe180ebe000, 2093056, PROT_NONE) = 0
17031 mmap(0x7fe1810bd000, 8192, PROT_READ|PROT_WRITE, MAP_PRIVATE|MAP_FIXED|MAP_DENYWRITE, 3, 0x3000) = 0x7fe1810bd000
17031 close(3)                          = 0
17031 open("/lib64/libresolv.so.2", O_RDONLY|O_CLOEXEC) = 3
17031 read(3, "\177ELF\2\1\1\0\0\0\0\0\0\0\0\0\3\0>\0\1\0\0\0@:\0\0\0\0\0\0"..., 832) = 832
17031 fstat(3, {st_mode=S_IFREG|0755, st_size=110808, ...}) = 0
17031 mmap(NULL, 2202264, PROT_READ|PROT_EXEC, MAP_PRIVATE|MAP_DENYWRITE, 3, 0) = 0x7fe180ca0000
17031 mprotect(0x7fe180cb6000, 2097152, PROT_NONE) = 0
17031 mmap(0x7fe180eb6000, 8192, PROT_READ|PROT_WRITE, MAP_PRIVATE|MAP_FIXED|MAP_DENYWRITE, 3, 0x16000) = 0x7fe180eb6000
17031 mmap(0x7fe180eb8000, 6808, PROT_READ|PROT_WRITE, MAP_PRIVATE|MAP_FIXED|MAP_ANONYMOUS, -1, 0) = 0x7fe180eb8000
17031 close(3)                          = 0
17031 open("/lib64/libdw.so.1", O_RDONLY|O_CLOEXEC) = 3
17031 read(3, "\177ELF\2\1\1\0\0\0\0\0\0\0\0\0\3\0>\0\1\0\0\0\200\227\0\0\0\0\0\0"..., 832) = 832
17031 fstat(3, {st_mode=S_IFREG|0755, st_size=297464, ...}) = 0
17031 mmap(NULL, 4096, PROT_READ|PROT_WRITE, MAP_PRIVATE|MAP_ANONYMOUS, -1, 0) = 0x7fe182cc0000
17031 mmap(NULL, 2386184, PROT_READ|PROT_EXEC, MAP_PRIVATE|MAP_DENYWRITE, 3, 0) = 0x7fe180a59000
17031 mprotect(0x7fe180a9e000, 2093056, PROT_NONE) = 0
17031 mmap(0x7fe180c9d000, 12288, PROT_READ|PROT_WRITE, MAP_PRIVATE|MAP_FIXED|MAP_DENYWRITE, 3, 0x44000) = 0x7fe180c9d000
17031 close(3)                          = 0
17031 open("/lib64/libgcc_s.so.1", O_RDONLY|O_CLOEXEC) = 3
17031 read(3, "\177ELF\2\1\1\0\0\0\0\0\0\0\0\0\3\0>\0\1\0\0\0\360*\0\0\0\0\0\0"..., 832) = 832
17031 fstat(3, {st_mode=S_IFREG|0755, st_size=88720, ...}) = 0
17031 mmap(NULL, 2184192, PROT_READ|PROT_EXEC, MAP_PRIVATE|MAP_DENYWRITE, 3, 0) = 0x7fe180843000
17031 mprotect(0x7fe180858000, 2093056, PROT_NONE) = 0
17031 mmap(0x7fe180a57000, 8192, PROT_READ|PROT_WRITE, MAP_PRIVATE|MAP_FIXED|MAP_DENYWRITE, 3, 0x14000) = 0x7fe180a57000
17031 close(3)                          = 0
17031 open("/lib64/libsepol.so.1", O_RDONLY|O_CLOEXEC) = 3
17031 read(3, "\177ELF\2\1\1\0\0\0\0\0\0\0\0\0\3\0>\0\1\0\0\0\360@\0\0\0\0\0\0"..., 832) = 832
17031 fstat(3, {st_mode=S_IFREG|0755, st_size=288296, ...}) = 0
17031 mmap(NULL, 2378824, PROT_READ|PROT_EXEC, MAP_PRIVATE|MAP_DENYWRITE, 3, 0) = 0x7fe1805fe000
17031 mprotect(0x7fe180642000, 2093056, PROT_NONE) = 0
17031 mmap(0x7fe180841000, 8192, PROT_READ|PROT_WRITE, MAP_PRIVATE|MAP_FIXED|MAP_DENYWRITE, 3, 0x43000) = 0x7fe180841000
17031 close(3)                          = 0
17031 open("/lib64/libudev.so.1", O_RDONLY|O_CLOEXEC) = 3
17031 read(3, "\177ELF\2\1\1\0\0\0\0\0\0\0\0\0\3\0>\0\1\0\0\0\0\0\0\0\0\0\0\0"..., 832) = 832
17031 fstat(3, {st_mode=S_IFREG|0755, st_size=83192, ...}) = 0
17031 mmap(NULL, 4096, PROT_READ|PROT_WRITE, MAP_PRIVATE|MAP_ANONYMOUS, -1, 0) = 0x7fe182cbf000
17031 mmap(NULL, 84225, PROT_READ|PROT_EXEC, MAP_PRIVATE|MAP_DENYWRITE, 3, 0) = 0x7fe182caa000
17031 mprotect(0x7fe182cbc000, 4096, PROT_NONE) = 0
17031 mmap(0x7fe182cbd000, 8192, PROT_READ|PROT_WRITE, MAP_PRIVATE|MAP_FIXED|MAP_DENYWRITE, 3, 0x12000) = 0x7fe182cbd000
17031 close(3)                          = 0
17031 open("/lib64/libattr.so.1", O_RDONLY|O_CLOEXEC) = 3
17031 read(3, "\177ELF\2\1\1\0\0\0\0\0\0\0\0\0\3\0>\0\1\0\0\0\320\23\0\0\0\0\0\0"..., 832) = 832
17031 fstat(3, {st_mode=S_IFREG|0755, st_size=19888, ...}) = 0
17031 mmap(NULL, 2113904, PROT_READ|PROT_EXEC, MAP_PRIVATE|MAP_DENYWRITE, 3, 0) = 0x7fe1803f9000
17031 mprotect(0x7fe1803fd000, 2093056, PROT_NONE) = 0
17031 mmap(0x7fe1805fc000, 8192, PROT_READ|PROT_WRITE, MAP_PRIVATE|MAP_FIXED|MAP_DENYWRITE, 3, 0x3000) = 0x7fe1805fc000
17031 close(3)                          = 0
17031 open("/lib64/libpcre.so.1", O_RDONLY|O_CLOEXEC) = 3
17031 read(3, "\177ELF\2\1\1\0\0\0\0\0\0\0\0\0\3\0>\0\1\0\0\0\360\25\0\0\0\0\0\0"..., 832) = 832
17031 fstat(3, {st_mode=S_IFREG|0755, st_size=398264, ...}) = 0
17031 mmap(NULL, 2490888, PROT_READ|PROT_EXEC, MAP_PRIVATE|MAP_DENYWRITE, 3, 0) = 0x7fe180198000
17031 mprotect(0x7fe1801f8000, 2093056, PROT_NONE) = 0
17031 mmap(0x7fe1803f7000, 8192, PROT_READ|PROT_WRITE, MAP_PRIVATE|MAP_FIXED|MAP_DENYWRITE, 3, 0x5f000) = 0x7fe1803f7000
17031 close(3)                          = 0
17031 mmap(NULL, 4096, PROT_READ|PROT_WRITE, MAP_PRIVATE|MAP_ANONYMOUS, -1, 0) = 0x7fe182ca9000
17031 open("/usr/lib64/elfutils/tls/x86_64/libelf.so.1", O_RDONLY|O_CLOEXEC) = -1 ENOENT (No such file or directory)
17031 stat("/usr/lib64/elfutils/tls/x86_64", 0x7ffdd1a1fa60) = -1 ENOENT (No such file or directory)
17031 open("/usr/lib64/elfutils/tls/libelf.so.1", O_RDONLY|O_CLOEXEC) = -1 ENOENT (No such file or directory)
17031 stat("/usr/lib64/elfutils/tls", 0x7ffdd1a1fa60) = -1 ENOENT (No such file or directory)
17031 open("/usr/lib64/elfutils/x86_64/libelf.so.1", O_RDONLY|O_CLOEXEC) = -1 ENOENT (No such file or directory)
17031 stat("/usr/lib64/elfutils/x86_64", 0x7ffdd1a1fa60) = -1 ENOENT (No such file or directory)
17031 open("/usr/lib64/elfutils/libelf.so.1", O_RDONLY|O_CLOEXEC) = -1 ENOENT (No such file or directory)
17031 stat("/usr/lib64/elfutils", {st_mode=S_IFDIR|0755, st_size=4096, ...}) = 0
17031 open("/lib64/libelf.so.1", O_RDONLY|O_CLOEXEC) = 3
17031 read(3, "\177ELF\2\1\1\0\0\0\0\0\0\0\0\0\3\0>\0\1\0\0\0p+\0\0\0\0\0\0"..., 832) = 832
17031 fstat(3, {st_mode=S_IFREG|0755, st_size=91496, ...}) = 0
17031 mmap(NULL, 2183520, PROT_READ|PROT_EXEC, MAP_PRIVATE|MAP_DENYWRITE, 3, 0) = 0x7fe17ff82000
17031 mprotect(0x7fe17ff97000, 2093056, PROT_NONE) = 0
17031 mmap(0x7fe180196000, 8192, PROT_READ|PROT_WRITE, MAP_PRIVATE|MAP_FIXED|MAP_DENYWRITE, 3, 0x14000) = 0x7fe180196000
17031 close(3)                          = 0
17031 open("/usr/lib64/elfutils/libbz2.so.1", O_RDONLY|O_CLOEXEC) = -1 ENOENT (No such file or directory)
17031 open("/lib64/libbz2.so.1", O_RDONLY|O_CLOEXEC) = 3
17031 read(3, "\177ELF\2\1\1\0\0\0\0\0\0\0\0\0\3\0>\0\1\0\0\0`\27\0\0\0\0\0\0"..., 832) = 832
17031 fstat(3, {st_mode=S_IFREG|0755, st_size=68192, ...}) = 0
17031 mmap(NULL, 2162024, PROT_READ|PROT_EXEC, MAP_PRIVATE|MAP_DENYWRITE, 3, 0) = 0x7fe17fd72000
17031 mprotect(0x7fe17fd81000, 2093056, PROT_NONE) = 0
17031 mmap(0x7fe17ff80000, 8192, PROT_READ|PROT_WRITE, MAP_PRIVATE|MAP_FIXED|MAP_DENYWRITE, 3, 0xe000) = 0x7fe17ff80000
17031 close(3)                          = 0
17031 open("/usr/lib64/elfutils/libz.so.1", O_RDONLY|O_CLOEXEC) = -1 ENOENT (No such file or directory)
17031 open("/lib64/libz.so.1", O_RDONLY|O_CLOEXEC) = 3
17031 read(3, "\177ELF\2\1\1\0\0\0\0\0\0\0\0\0\3\0>\0\1\0\0\0p!\0\0\0\0\0\0"..., 832) = 832
17031 fstat(3, {st_mode=S_IFREG|0755, st_size=90632, ...}) = 0
17031 mmap(NULL, 4096, PROT_READ|PROT_WRITE, MAP_PRIVATE|MAP_ANONYMOUS, -1, 0) = 0x7fe182ca8000
17031 mmap(NULL, 2183688, PROT_READ|PROT_EXEC, MAP_PRIVATE|MAP_DENYWRITE, 3, 0) = 0x7fe17fb5c000
17031 mprotect(0x7fe17fb71000, 2093056, PROT_NONE) = 0
17031 mmap(0x7fe17fd70000, 8192, PROT_READ|PROT_WRITE, MAP_PRIVATE|MAP_FIXED|MAP_DENYWRITE, 3, 0x14000) = 0x7fe17fd70000
17031 close(3)                          = 0
17031 mmap(NULL, 4096, PROT_READ|PROT_WRITE, MAP_PRIVATE|MAP_ANONYMOUS, -1, 0) = 0x7fe182ca7000
17031 mmap(NULL, 4096, PROT_READ|PROT_WRITE, MAP_PRIVATE|MAP_ANONYMOUS, -1, 0) = 0x7fe182ca6000
17031 mmap(NULL, 8192, PROT_READ|PROT_WRITE, MAP_PRIVATE|MAP_ANONYMOUS, -1, 0) = 0x7fe182ca4000
17031 arch_prctl(ARCH_SET_FS, 0x7fe182ca4880) = 0
17031 mprotect(0x7fe182250000, 16384, PROT_READ) = 0
17031 mprotect(0x7fe17fd70000, 4096, PROT_READ) = 0
17031 mprotect(0x7fe17ff80000, 4096, PROT_READ) = 0
17031 mprotect(0x7fe180196000, 4096, PROT_READ) = 0
17031 mprotect(0x7fe182ad9000, 4096, PROT_READ) = 0
17031 mprotect(0x7fe1803f7000, 4096, PROT_READ) = 0
17031 mprotect(0x7fe1805fc000, 4096, PROT_READ) = 0
17031 mprotect(0x7fe1828c1000, 4096, PROT_READ) = 0
17031 mprotect(0x7fe181e97000, 4096, PROT_READ) = 0
17031 mprotect(0x7fe181c92000, 4096, PROT_READ) = 0
17031 mprotect(0x7fe181990000, 4096, PROT_READ) = 0
17031 mprotect(0x7fe181563000, 4096, PROT_READ) = 0
17031 mprotect(0x7fe180c9d000, 8192, PROT_READ) = 0
17031 mprotect(0x7fe180a57000, 4096, PROT_READ) = 0
17031 stat("/etc/sysconfig/64bit_strstr_via_64bit_strstr_sse2_unaligned", 0x7ffdd1a20560) = -1 ENOENT (No such file or directory)
17031 mprotect(0x7fe182cbd000, 4096, PROT_READ) = 0
17031 mprotect(0x7fe180841000, 4096, PROT_READ) = 0
17031 mprotect(0x7fe180eb6000, 4096, PROT_READ) = 0
17031 mprotect(0x7fe1810bd000, 4096, PROT_READ) = 0
17031 mprotect(0x7fe18133b000, 4096, PROT_READ) = 0
17031 mprotect(0x7fe181786000, 4096, PROT_READ) = 0
17031 mprotect(0x7fe182463000, 4096, PROT_READ) = 0
17031 mprotect(0x7fe1826b9000, 4096, PROT_READ) = 0
17031 mprotect(0x7fe182ceb000, 4096, PROT_READ) = 0
17031 mprotect(0x21ae000, 8192, PROT_READ) = 0
17031 mprotect(0x7fe182d00000, 4096, PROT_READ) = 0
17031 munmap(0x7fe182ced000, 73647)     = 0
17031 set_tid_address(0x7fe182ca4b50)   = 17031
17031 set_robust_list(0x7fe182ca4b60, 24) = 0
17031 rt_sigaction(SIGRTMIN, {0x7fe1828c9780, [], SA_RESTORER|SA_SIGINFO, 0x7fe1828d2100}, NULL, 8) = 0
17031 rt_sigaction(SIGRT_1, {0x7fe1828c9810, [], SA_RESTORER|SA_RESTART|SA_SIGINFO, 0x7fe1828d2100}, NULL, 8) = 0
17031 rt_sigprocmask(SIG_UNBLOCK, [RTMIN RT_1], NULL, 8) = 0
17031 getrlimit(RLIMIT_STACK, {rlim_cur=8192*1024, rlim_max=RLIM64_INFINITY}) = 0
17031 brk(0)                            = 0x2886000
17031 brk(0x28a7000)                    = 0x28a7000
17031 access("/etc/system-fips", F_OK)  = -1 ENOENT (No such file or directory)
17031 statfs("/sys/fs/selinux", {f_type=0xf97cff8c, f_bsize=4096, f_blocks=0, f_bfree=0, f_bavail=0, f_files=0, f_ffree=0, f_fsid={0, 0}, f_namelen=255, f_frsize=4096}) = 0
17031 statfs("/sys/fs/selinux", {f_type=0xf97cff8c, f_bsize=4096, f_blocks=0, f_bfree=0, f_bavail=0, f_files=0, f_ffree=0, f_fsid={0, 0}, f_namelen=255, f_frsize=4096}) = 0
17031 stat("/sys/fs/selinux", {st_mode=S_IFDIR|0755, st_size=0, ...}) = 0
17031 sched_getaffinity(0, 8192, {3, 0, 0, 0, 0, 0, 0, 0, 0, 0, 0, 0, 0, 0, 0, 0, 0, 0, 0, 0, 0, 0, 0, 0, 0, 0, 0, 0, 0, 0, 0, 0, ...}) = 640
17031 mmap(0xc000000000, 65536, PROT_NONE, MAP_PRIVATE|MAP_ANONYMOUS, -1, 0) = 0xc000000000
17031 munmap(0xc000000000, 65536)       = 0
17031 mmap(NULL, 262144, PROT_READ|PROT_WRITE, MAP_PRIVATE|MAP_ANONYMOUS, -1, 0) = 0x7fe182c64000
17031 mmap(0xc820000000, 1048576, PROT_READ|PROT_WRITE, MAP_PRIVATE|MAP_ANONYMOUS, -1, 0) = 0xc820000000
17031 mmap(0xc81fff8000, 32768, PROT_READ|PROT_WRITE, MAP_PRIVATE|MAP_ANONYMOUS, -1, 0) = 0xc81fff8000
17031 mmap(0xc000000000, 4096, PROT_READ|PROT_WRITE, MAP_PRIVATE|MAP_ANONYMOUS, -1, 0) = 0xc000000000
17031 mmap(NULL, 65536, PROT_READ|PROT_WRITE, MAP_PRIVATE|MAP_ANONYMOUS, -1, 0) = 0x7fe182cef000
17031 clock_gettime(CLOCK_MONOTONIC, {4903, 214636229}) = 0
17031 mmap(NULL, 1439992, PROT_READ|PROT_WRITE, MAP_PRIVATE|MAP_ANONYMOUS, -1, 0) = 0x7fe182b04000
17031 clock_gettime(CLOCK_MONOTONIC, {4903, 214873529}) = 0
17031 clock_gettime(CLOCK_MONOTONIC, {4903, 214898804}) = 0
17031 sigaltstack({ss_sp=0xc820002000, ss_flags=0, ss_size=32672}, NULL) = 0
17031 gettid()                          = 17031
17031 rt_sigprocmask(SIG_SETMASK, [], NULL, 8) = 0
17031 rt_sigaction(SIGHUP, NULL, {SIG_DFL, [], 0}, 8) = 0
17031 rt_sigaction(SIGHUP, NULL, {SIG_DFL, [], 0}, 8) = 0
17031 rt_sigaction(SIGHUP, {0x476ef0, ~[], SA_RESTORER|SA_STACK|SA_RESTART|SA_SIGINFO, 0x476f10}, NULL, 8) = 0
17031 rt_sigaction(SIGINT, NULL, {SIG_DFL, [], 0}, 8) = 0
17031 rt_sigaction(SIGINT, NULL, {SIG_DFL, [], 0}, 8) = 0
17031 rt_sigaction(SIGINT, {0x476ef0, ~[], SA_RESTORER|SA_STACK|SA_RESTART|SA_SIGINFO, 0x476f10}, NULL, 8) = 0
17031 rt_sigaction(SIGQUIT, NULL, {SIG_DFL, [], 0}, 8) = 0
17031 rt_sigaction(SIGQUIT, {0x476ef0, ~[], SA_RESTORER|SA_STACK|SA_RESTART|SA_SIGINFO, 0x476f10}, NULL, 8) = 0
17031 rt_sigaction(SIGILL, NULL, {SIG_DFL, [], 0}, 8) = 0
17031 rt_sigaction(SIGILL, {0x476ef0, ~[], SA_RESTORER|SA_STACK|SA_RESTART|SA_SIGINFO, 0x476f10}, NULL, 8) = 0
17031 rt_sigaction(SIGTRAP, NULL, {SIG_DFL, [], 0}, 8) = 0
17031 rt_sigaction(SIGTRAP, {0x476ef0, ~[], SA_RESTORER|SA_STACK|SA_RESTART|SA_SIGINFO, 0x476f10}, NULL, 8) = 0
17031 rt_sigaction(SIGABRT, NULL, {SIG_DFL, [], 0}, 8) = 0
17031 rt_sigaction(SIGABRT, {0x476ef0, ~[], SA_RESTORER|SA_STACK|SA_RESTART|SA_SIGINFO, 0x476f10}, NULL, 8) = 0
17031 rt_sigaction(SIGBUS, NULL, {SIG_DFL, [], 0}, 8) = 0
17031 rt_sigaction(SIGBUS, {0x476ef0, ~[], SA_RESTORER|SA_STACK|SA_RESTART|SA_SIGINFO, 0x476f10}, NULL, 8) = 0
17031 rt_sigaction(SIGFPE, NULL, {SIG_DFL, [], 0}, 8) = 0
17031 rt_sigaction(SIGFPE, {0x476ef0, ~[], SA_RESTORER|SA_STACK|SA_RESTART|SA_SIGINFO, 0x476f10}, NULL, 8) = 0
17031 rt_sigaction(SIGUSR1, NULL, {SIG_DFL, [], 0}, 8) = 0
17031 rt_sigaction(SIGUSR1, {0x476ef0, ~[], SA_RESTORER|SA_STACK|SA_RESTART|SA_SIGINFO, 0x476f10}, NULL, 8) = 0
17031 rt_sigaction(SIGSEGV, NULL, {SIG_DFL, [], 0}, 8) = 0
17031 rt_sigaction(SIGSEGV, {0x476ef0, ~[], SA_RESTORER|SA_STACK|SA_RESTART|SA_SIGINFO, 0x476f10}, NULL, 8) = 0
17031 rt_sigaction(SIGUSR2, NULL, {SIG_DFL, [], 0}, 8) = 0
17031 rt_sigaction(SIGUSR2, {0x476ef0, ~[], SA_RESTORER|SA_STACK|SA_RESTART|SA_SIGINFO, 0x476f10}, NULL, 8) = 0
17031 rt_sigaction(SIGPIPE, NULL, {SIG_DFL, [], 0}, 8) = 0
17031 rt_sigaction(SIGPIPE, {0x476ef0, ~[], SA_RESTORER|SA_STACK|SA_RESTART|SA_SIGINFO, 0x476f10}, NULL, 8) = 0
17031 rt_sigaction(SIGALRM, NULL, {SIG_DFL, [], 0}, 8) = 0
17031 rt_sigaction(SIGALRM, {0x476ef0, ~[], SA_RESTORER|SA_STACK|SA_RESTART|SA_SIGINFO, 0x476f10}, NULL, 8) = 0
17031 rt_sigaction(SIGTERM, NULL, {SIG_DFL, [], 0}, 8) = 0
17031 rt_sigaction(SIGTERM, {0x476ef0, ~[], SA_RESTORER|SA_STACK|SA_RESTART|SA_SIGINFO, 0x476f10}, NULL, 8) = 0
17031 rt_sigaction(SIGSTKFLT, NULL, {SIG_DFL, [], 0}, 8) = 0
17031 rt_sigaction(SIGSTKFLT, {0x476ef0, ~[], SA_RESTORER|SA_STACK|SA_RESTART|SA_SIGINFO, 0x476f10}, NULL, 8) = 0
17031 rt_sigaction(SIGCHLD, NULL, {SIG_DFL, [], 0}, 8) = 0
17031 rt_sigaction(SIGCHLD, {0x476ef0, ~[], SA_RESTORER|SA_STACK|SA_RESTART|SA_SIGINFO, 0x476f10}, NULL, 8) = 0
17031 rt_sigaction(SIGURG, NULL, {SIG_DFL, [], 0}, 8) = 0
17031 rt_sigaction(SIGURG, {0x476ef0, ~[], SA_RESTORER|SA_STACK|SA_RESTART|SA_SIGINFO, 0x476f10}, NULL, 8) = 0
17031 rt_sigaction(SIGXCPU, NULL, {SIG_DFL, [], 0}, 8) = 0
17031 rt_sigaction(SIGXCPU, {0x476ef0, ~[], SA_RESTORER|SA_STACK|SA_RESTART|SA_SIGINFO, 0x476f10}, NULL, 8) = 0
17031 rt_sigaction(SIGXFSZ, NULL, {SIG_DFL, [], 0}, 8) = 0
17031 rt_sigaction(SIGXFSZ, {0x476ef0, ~[], SA_RESTORER|SA_STACK|SA_RESTART|SA_SIGINFO, 0x476f10}, NULL, 8) = 0
17031 rt_sigaction(SIGVTALRM, NULL, {SIG_DFL, [], 0}, 8) = 0
17031 rt_sigaction(SIGVTALRM, {0x476ef0, ~[], SA_RESTORER|SA_STACK|SA_RESTART|SA_SIGINFO, 0x476f10}, NULL, 8) = 0
17031 rt_sigaction(SIGPROF, NULL, {SIG_DFL, [], 0}, 8) = 0
17031 rt_sigaction(SIGPROF, {0x476ef0, ~[], SA_RESTORER|SA_STACK|SA_RESTART|SA_SIGINFO, 0x476f10}, NULL, 8) = 0
17031 rt_sigaction(SIGWINCH, NULL, {SIG_DFL, [], 0}, 8) = 0
17031 rt_sigaction(SIGWINCH, {0x476ef0, ~[], SA_RESTORER|SA_STACK|SA_RESTART|SA_SIGINFO, 0x476f10}, NULL, 8) = 0
17031 rt_sigaction(SIGIO, NULL, {SIG_DFL, [], 0}, 8) = 0
17031 rt_sigaction(SIGIO, {0x476ef0, ~[], SA_RESTORER|SA_STACK|SA_RESTART|SA_SIGINFO, 0x476f10}, NULL, 8) = 0
17031 rt_sigaction(SIGPWR, NULL, {SIG_DFL, [], 0}, 8) = 0
17031 rt_sigaction(SIGPWR, {0x476ef0, ~[], SA_RESTORER|SA_STACK|SA_RESTART|SA_SIGINFO, 0x476f10}, NULL, 8) = 0
17031 rt_sigaction(SIGSYS, NULL, {SIG_DFL, [], 0}, 8) = 0
17031 rt_sigaction(SIGSYS, {0x476ef0, ~[], SA_RESTORER|SA_STACK|SA_RESTART|SA_SIGINFO, 0x476f10}, NULL, 8) = 0
17031 rt_sigaction(SIGRTMIN, NULL, {0x7fe1828c9780, [], SA_RESTORER|SA_SIGINFO, 0x7fe1828d2100}, 8) = 0
17031 rt_sigaction(SIGRTMIN, NULL, {0x7fe1828c9780, [], SA_RESTORER|SA_SIGINFO, 0x7fe1828d2100}, 8) = 0
17031 rt_sigaction(SIGRTMIN, {0x7fe1828c9780, [], SA_RESTORER|SA_STACK|SA_SIGINFO, 0x7fe1828d2100}, NULL, 8) = 0
17031 rt_sigaction(SIGRT_1, NULL, {0x7fe1828c9810, [], SA_RESTORER|SA_RESTART|SA_SIGINFO, 0x7fe1828d2100}, 8) = 0
17031 rt_sigaction(SIGRT_1, NULL, {0x7fe1828c9810, [], SA_RESTORER|SA_RESTART|SA_SIGINFO, 0x7fe1828d2100}, 8) = 0
17031 rt_sigaction(SIGRT_1, {0x7fe1828c9810, [], SA_RESTORER|SA_STACK|SA_RESTART|SA_SIGINFO, 0x7fe1828d2100}, NULL, 8) = 0
17031 rt_sigaction(SIGRT_2, NULL, {SIG_DFL, [], 0}, 8) = 0
17031 rt_sigaction(SIGRT_2, {0x476ef0, ~[], SA_RESTORER|SA_STACK|SA_RESTART|SA_SIGINFO, 0x476f10}, NULL, 8) = 0
17031 rt_sigaction(SIGRT_3, NULL, {SIG_DFL, [], 0}, 8) = 0
17031 rt_sigaction(SIGRT_3, {0x476ef0, ~[], SA_RESTORER|SA_STACK|SA_RESTART|SA_SIGINFO, 0x476f10}, NULL, 8) = 0
17031 rt_sigaction(SIGRT_4, NULL, {SIG_DFL, [], 0}, 8) = 0
17031 rt_sigaction(SIGRT_4, {0x476ef0, ~[], SA_RESTORER|SA_STACK|SA_RESTART|SA_SIGINFO, 0x476f10}, NULL, 8) = 0
17031 rt_sigaction(SIGRT_5, NULL, {SIG_DFL, [], 0}, 8) = 0
17031 rt_sigaction(SIGRT_5, {0x476ef0, ~[], SA_RESTORER|SA_STACK|SA_RESTART|SA_SIGINFO, 0x476f10}, NULL, 8) = 0
17031 rt_sigaction(SIGRT_6, NULL, {SIG_DFL, [], 0}, 8) = 0
17031 rt_sigaction(SIGRT_6, {0x476ef0, ~[], SA_RESTORER|SA_STACK|SA_RESTART|SA_SIGINFO, 0x476f10}, NULL, 8) = 0
17031 rt_sigaction(SIGRT_7, NULL, {SIG_DFL, [], 0}, 8) = 0
17031 rt_sigaction(SIGRT_7, {0x476ef0, ~[], SA_RESTORER|SA_STACK|SA_RESTART|SA_SIGINFO, 0x476f10}, NULL, 8) = 0
17031 rt_sigaction(SIGRT_8, NULL, {SIG_DFL, [], 0}, 8) = 0
17031 rt_sigaction(SIGRT_8, {0x476ef0, ~[], SA_RESTORER|SA_STACK|SA_RESTART|SA_SIGINFO, 0x476f10}, NULL, 8) = 0
17031 rt_sigaction(SIGRT_9, NULL, {SIG_DFL, [], 0}, 8) = 0
17031 rt_sigaction(SIGRT_9, {0x476ef0, ~[], SA_RESTORER|SA_STACK|SA_RESTART|SA_SIGINFO, 0x476f10}, NULL, 8) = 0
17031 rt_sigaction(SIGRT_10, NULL, {SIG_DFL, [], 0}, 8) = 0
17031 rt_sigaction(SIGRT_10, {0x476ef0, ~[], SA_RESTORER|SA_STACK|SA_RESTART|SA_SIGINFO, 0x476f10}, NULL, 8) = 0
17031 rt_sigaction(SIGRT_11, NULL, {SIG_DFL, [], 0}, 8) = 0
17031 rt_sigaction(SIGRT_11, {0x476ef0, ~[], SA_RESTORER|SA_STACK|SA_RESTART|SA_SIGINFO, 0x476f10}, NULL, 8) = 0
17031 rt_sigaction(SIGRT_12, NULL, {SIG_DFL, [], 0}, 8) = 0
17031 rt_sigaction(SIGRT_12, {0x476ef0, ~[], SA_RESTORER|SA_STACK|SA_RESTART|SA_SIGINFO, 0x476f10}, NULL, 8) = 0
17031 rt_sigaction(SIGRT_13, NULL, {SIG_DFL, [], 0}, 8) = 0
17031 rt_sigaction(SIGRT_13, {0x476ef0, ~[], SA_RESTORER|SA_STACK|SA_RESTART|SA_SIGINFO, 0x476f10}, NULL, 8) = 0
17031 rt_sigaction(SIGRT_14, NULL, {SIG_DFL, [], 0}, 8) = 0
17031 rt_sigaction(SIGRT_14, {0x476ef0, ~[], SA_RESTORER|SA_STACK|SA_RESTART|SA_SIGINFO, 0x476f10}, NULL, 8) = 0
17031 rt_sigaction(SIGRT_15, NULL, {SIG_DFL, [], 0}, 8) = 0
17031 rt_sigaction(SIGRT_15, {0x476ef0, ~[], SA_RESTORER|SA_STACK|SA_RESTART|SA_SIGINFO, 0x476f10}, NULL, 8) = 0
17031 rt_sigaction(SIGRT_16, NULL, {SIG_DFL, [], 0}, 8) = 0
17031 rt_sigaction(SIGRT_16, {0x476ef0, ~[], SA_RESTORER|SA_STACK|SA_RESTART|SA_SIGINFO, 0x476f10}, NULL, 8) = 0
17031 rt_sigaction(SIGRT_17, NULL, {SIG_DFL, [], 0}, 8) = 0
17031 rt_sigaction(SIGRT_17, {0x476ef0, ~[], SA_RESTORER|SA_STACK|SA_RESTART|SA_SIGINFO, 0x476f10}, NULL, 8) = 0
17031 rt_sigaction(SIGRT_18, NULL, {SIG_DFL, [], 0}, 8) = 0
17031 rt_sigaction(SIGRT_18, {0x476ef0, ~[], SA_RESTORER|SA_STACK|SA_RESTART|SA_SIGINFO, 0x476f10}, NULL, 8) = 0
17031 rt_sigaction(SIGRT_19, NULL, {SIG_DFL, [], 0}, 8) = 0
17031 rt_sigaction(SIGRT_19, {0x476ef0, ~[], SA_RESTORER|SA_STACK|SA_RESTART|SA_SIGINFO, 0x476f10}, NULL, 8) = 0
17031 rt_sigaction(SIGRT_20, NULL, {SIG_DFL, [], 0}, 8) = 0
17031 rt_sigaction(SIGRT_20, {0x476ef0, ~[], SA_RESTORER|SA_STACK|SA_RESTART|SA_SIGINFO, 0x476f10}, NULL, 8) = 0
17031 rt_sigaction(SIGRT_21, NULL, {SIG_DFL, [], 0}, 8) = 0
17031 rt_sigaction(SIGRT_21, {0x476ef0, ~[], SA_RESTORER|SA_STACK|SA_RESTART|SA_SIGINFO, 0x476f10}, NULL, 8) = 0
17031 rt_sigaction(SIGRT_22, NULL, {SIG_DFL, [], 0}, 8) = 0
17031 rt_sigaction(SIGRT_22, {0x476ef0, ~[], SA_RESTORER|SA_STACK|SA_RESTART|SA_SIGINFO, 0x476f10}, NULL, 8) = 0
17031 rt_sigaction(SIGRT_23, NULL, {SIG_DFL, [], 0}, 8) = 0
17031 rt_sigaction(SIGRT_23, {0x476ef0, ~[], SA_RESTORER|SA_STACK|SA_RESTART|SA_SIGINFO, 0x476f10}, NULL, 8) = 0
17031 rt_sigaction(SIGRT_24, NULL, {SIG_DFL, [], 0}, 8) = 0
17031 rt_sigaction(SIGRT_24, {0x476ef0, ~[], SA_RESTORER|SA_STACK|SA_RESTART|SA_SIGINFO, 0x476f10}, NULL, 8) = 0
17031 rt_sigaction(SIGRT_25, NULL, {SIG_DFL, [], 0}, 8) = 0
17031 rt_sigaction(SIGRT_25, {0x476ef0, ~[], SA_RESTORER|SA_STACK|SA_RESTART|SA_SIGINFO, 0x476f10}, NULL, 8) = 0
17031 rt_sigaction(SIGRT_26, NULL, {SIG_DFL, [], 0}, 8) = 0
17031 rt_sigaction(SIGRT_26, {0x476ef0, ~[], SA_RESTORER|SA_STACK|SA_RESTART|SA_SIGINFO, 0x476f10}, NULL, 8) = 0
17031 rt_sigaction(SIGRT_27, NULL, {SIG_DFL, [], 0}, 8) = 0
17031 rt_sigaction(SIGRT_27, {0x476ef0, ~[], SA_RESTORER|SA_STACK|SA_RESTART|SA_SIGINFO, 0x476f10}, NULL, 8) = 0
17031 rt_sigaction(SIGRT_28, NULL, {SIG_DFL, [], 0}, 8) = 0
17031 rt_sigaction(SIGRT_28, {0x476ef0, ~[], SA_RESTORER|SA_STACK|SA_RESTART|SA_SIGINFO, 0x476f10}, NULL, 8) = 0
17031 rt_sigaction(SIGRT_29, NULL, {SIG_DFL, [], 0}, 8) = 0
17031 rt_sigaction(SIGRT_29, {0x476ef0, ~[], SA_RESTORER|SA_STACK|SA_RESTART|SA_SIGINFO, 0x476f10}, NULL, 8) = 0
17031 rt_sigaction(SIGRT_30, NULL, {SIG_DFL, [], 0}, 8) = 0
17031 rt_sigaction(SIGRT_30, {0x476ef0, ~[], SA_RESTORER|SA_STACK|SA_RESTART|SA_SIGINFO, 0x476f10}, NULL, 8) = 0
17031 rt_sigaction(SIGRT_31, NULL, {SIG_DFL, [], 0}, 8) = 0
17031 rt_sigaction(SIGRT_31, {0x476ef0, ~[], SA_RESTORER|SA_STACK|SA_RESTART|SA_SIGINFO, 0x476f10}, NULL, 8) = 0
17031 rt_sigaction(SIGRT_32, NULL, {SIG_DFL, [], 0}, 8) = 0
17031 rt_sigaction(SIGRT_32, {0x476ef0, ~[], SA_RESTORER|SA_STACK|SA_RESTART|SA_SIGINFO, 0x476f10}, NULL, 8) = 0
17031 clock_gettime(CLOCK_MONOTONIC, {4903, 217717083}) = 0
17031 rt_sigprocmask(SIG_SETMASK, NULL, [], 8) = 0
17031 rt_sigprocmask(SIG_SETMASK, ~[RTMIN RT_1], [], 8) = 0
17031 mmap(NULL, 8392704, PROT_READ|PROT_WRITE, MAP_PRIVATE|MAP_ANONYMOUS|MAP_STACK, -1, 0) = 0x7fe17f35b000
17031 mprotect(0x7fe17f35b000, 4096, PROT_NONE) = 0
17031 clone(child_stack=0x7fe17fb5ae70, flags=CLONE_VM|CLONE_FS|CLONE_FILES|CLONE_SIGHAND|CLONE_THREAD|CLONE_SYSVSEM|CLONE_SETTLS|CLONE_PARENT_SETTID|CLONE_CHILD_CLEARTID, parent_tidptr=0x7fe17fb5b9d0, tls=0x7fe17fb5b700, child_tidptr=0x7fe17fb5b9d0) = 17032
17031 rt_sigprocmask(SIG_SETMASK, [], NULL, 8) = 0
17031 mmap(NULL, 262144, PROT_READ|PROT_WRITE, MAP_PRIVATE|MAP_ANONYMOUS, -1, 0) = 0x7fe17f31b000
17031 clock_gettime(CLOCK_MONOTONIC, {4903, 217962888}) = 0
17031 clock_gettime(CLOCK_MONOTONIC, {4903, 217979329}) = 0
17031 clock_gettime(CLOCK_MONOTONIC, {4903, 217992057}) = 0
17031 clock_gettime(CLOCK_MONOTONIC, {4903, 218032252}) = 0
17031 clock_gettime(CLOCK_MONOTONIC, {4903, 218061882}) = 0
17031 clock_gettime(CLOCK_MONOTONIC, {4903, 218073961}) = 0
17031 clock_gettime(CLOCK_MONOTONIC, {4903, 218086069}) = 0
17031 clock_gettime(CLOCK_MONOTONIC, {4903, 218099488}) = 0
17031 clock_gettime(CLOCK_MONOTONIC, {4903, 218119098}) = 0
17031 clock_gettime(CLOCK_MONOTONIC, {4903, 218132025}) = 0
17031 clock_gettime(CLOCK_MONOTONIC, {4903, 218144163}) = 0
17031 clock_gettime(CLOCK_MONOTONIC, {4903, 218157042}) = 0
17031 clock_gettime(CLOCK_MONOTONIC, {4903, 218169886}) = 0
17031 clock_gettime(CLOCK_MONOTONIC, {4903, 218181862}) = 0
17031 rt_sigprocmask(SIG_SETMASK, NULL, [], 8) = 0
17031 rt_sigprocmask(SIG_SETMASK, ~[RTMIN RT_1], [], 8) = 0
17031 mmap(NULL, 8392704, PROT_READ|PROT_WRITE, MAP_PRIVATE|MAP_ANONYMOUS|MAP_STACK, -1, 0) = 0x7fe17eb1a000
17031 mprotect(0x7fe17eb1a000, 4096, PROT_NONE) = 0
17031 clone(child_stack=0x7fe17f319e70, flags=CLONE_VM|CLONE_FS|CLONE_FILES|CLONE_SIGHAND|CLONE_THREAD|CLONE_SYSVSEM|CLONE_SETTLS|CLONE_PARENT_SETTID|CLONE_CHILD_CLEARTID, parent_tidptr=0x7fe17f31a9d0, tls=0x7fe17f31a700, child_tidptr=0x7fe17f31a9d0) = 17033
17031 rt_sigprocmask(SIG_SETMASK, [], NULL, 8) = 0
17031 rt_sigprocmask(SIG_SETMASK, NULL, [], 8) = 0
17031 rt_sigprocmask(SIG_SETMASK, ~[RTMIN RT_1], [], 8) = 0
17031 mmap(NULL, 8392704, PROT_READ|PROT_WRITE, MAP_PRIVATE|MAP_ANONYMOUS|MAP_STACK, -1, 0) = 0x7fe17e319000
17031 mprotect(0x7fe17e319000, 4096, PROT_NONE) = 0
17031 clone(child_stack=0x7fe17eb18e70, flags=CLONE_VM|CLONE_FS|CLONE_FILES|CLONE_SIGHAND|CLONE_THREAD|CLONE_SYSVSEM|CLONE_SETTLS|CLONE_PARENT_SETTID|CLONE_CHILD_CLEARTID, parent_tidptr=0x7fe17eb199d0, tls=0x7fe17eb19700, child_tidptr=0x7fe17eb199d0) = 17034
17031 rt_sigprocmask(SIG_SETMASK, [], NULL, 8) = 0
17031 futex(0x21ef2b0, FUTEX_WAIT, 0, NULL <unfinished ...>
17034 set_robust_list(0x7fe17eb199e0, 24) = 0
17034 sigaltstack({ss_sp=0xc820058000, ss_flags=0, ss_size=32672}, NULL) = 0
17034 gettid()                          = 17034
17034 rt_sigprocmask(SIG_SETMASK, [], NULL, 8) = 0
17034 futex(0x21ef2b0, FUTEX_WAKE, 1 <unfinished ...>
17031 <... futex resumed> )             = 0
17031 openat(AT_FDCWD, "/proc/sys/net/core/somaxconn", O_RDONLY|O_CLOEXEC) = 3
17031 read(3, "128\n", 4096)            = 4
17031 read(3, "", 4092)                 = 0
17031 close(3)                          = 0
17031 socket(PF_INET, SOCK_STREAM, IPPROTO_TCP) = 3
17031 close(3)                          = 0
17031 socket(PF_INET6, SOCK_STREAM, IPPROTO_TCP) = 3
17031 setsockopt(3, SOL_IPV6, IPV6_V6ONLY, [1], 4) = 0
17031 bind(3, {sa_family=AF_INET6, sin6_port=htons(0), inet_pton(AF_INET6, "::1", &sin6_addr), sin6_flowinfo=0, sin6_scope_id=0}, 28) = 0
17031 socket(PF_INET6, SOCK_STREAM, IPPROTO_TCP) = 4
17031 setsockopt(4, SOL_IPV6, IPV6_V6ONLY, [0], 4) = 0
17031 bind(4, {sa_family=AF_INET6, sin6_port=htons(0), inet_pton(AF_INET6, "::ffff:127.0.0.1", &sin6_addr), sin6_flowinfo=0, sin6_scope_id=0}, 28) = 0
17031 close(4)                          = 0
17031 close(3)                          = 0
17031 clock_gettime(CLOCK_REALTIME, {1465918769, 4782972}) = 0
17031 ioctl(2, SNDCTL_TMR_TIMEBASE or SNDRV_TIMER_IOCTL_NEXT_DEVICE or TCGETS, {B38400 opost isig icanon echo ...}) = 0
17031 stat("/usr/local/bin/adduser", 0xc82007e090) = -1 ENOENT (No such file or directory)
17031 stat("/usr/local/sbin/adduser", 0xc82007e120) = -1 ENOENT (No such file or directory)
17031 stat("/usr/bin/adduser", 0xc82007e1b0) = -1 ENOENT (No such file or directory)
17031 stat("/usr/sbin/adduser", {st_mode=S_IFREG|0750, st_size=114064, ...}) = 0
17031 lstat("/usr", {st_mode=S_IFDIR|0755, st_size=4096, ...}) = 0
17031 lstat("/usr/sbin", {st_mode=S_IFDIR|0555, st_size=20480, ...}) = 0
17031 lstat("/usr/sbin/adduser", {st_mode=S_IFLNK|0777, st_size=7, ...}) = 0
17031 readlinkat(AT_FDCWD, "/usr/sbin/adduser", "useradd", 128) = 7
17031 lstat("/usr/sbin/useradd", {st_mode=S_IFREG|0750, st_size=114064, ...}) = 0
17031 stat("/usr/local/bin/useradd", 0xc82007e510) = -1 ENOENT (No such file or directory)
17031 stat("/usr/local/sbin/useradd", 0xc82007e5a0) = -1 ENOENT (No such file or directory)
17031 stat("/usr/bin/useradd", 0xc82007e630) = -1 ENOENT (No such file or directory)
17031 stat("/usr/sbin/useradd", {st_mode=S_IFREG|0750, st_size=114064, ...}) = 0
17031 lstat("/usr", {st_mode=S_IFDIR|0755, st_size=4096, ...}) = 0
17031 lstat("/usr/sbin", {st_mode=S_IFDIR|0555, st_size=20480, ...}) = 0
17031 lstat("/usr/sbin/useradd", {st_mode=S_IFREG|0750, st_size=114064, ...}) = 0
17031 syscall_318(0xc82004dabf, 0x1, 0x1, 0, 0, 0) = -1 (errno 38)
17031 openat(AT_FDCWD, "/dev/urandom", O_RDONLY|O_CLOEXEC) = 3
17031 read(3, "\217H\200\254\220\213[-\314>\213\307\377\205v=U\244\375f!\26/a*a\246\270\277\367\23X"..., 4096) = 4096
17031 mmap(0xc820100000, 1048576, PROT_READ|PROT_WRITE, MAP_PRIVATE|MAP_ANONYMOUS, -1, 0) = 0xc820100000
17031 mmap(0xc81fff0000, 32768, PROT_READ|PROT_WRITE, MAP_PRIVATE|MAP_ANONYMOUS, -1, 0) = 0xc81fff0000
17031 clock_gettime(CLOCK_MONOTONIC, {4903, 222770273}) = 0
17031 rt_sigprocmask(SIG_SETMASK, NULL, [], 8) = 0
17031 rt_sigprocmask(SIG_SETMASK, ~[RTMIN RT_1], [], 8) = 0
17031 mmap(NULL, 8392704, PROT_READ|PROT_WRITE, MAP_PRIVATE|MAP_ANONYMOUS|MAP_STACK, -1, 0) = 0x7fe17db18000
17031 mprotect(0x7fe17db18000, 4096, PROT_NONE) = 0
17031 clone(child_stack=0x7fe17e317e70, flags=CLONE_VM|CLONE_FS|CLONE_FILES|CLONE_SIGHAND|CLONE_THREAD|CLONE_SYSVSEM|CLONE_SETTLS|CLONE_PARENT_SETTID|CLONE_CHILD_CLEARTID, parent_tidptr=0x7fe17e3189d0, tls=0x7fe17e318700, child_tidptr=0x7fe17e3189d0) = 17035
17031 rt_sigprocmask(SIG_SETMASK, [], NULL, 8) = 0
17031 futex(0x21ef2b0, FUTEX_WAIT, 0, NULL <unfinished ...>
17034 <... futex resumed> )             = 1
17034 futex(0xc82002ee90, FUTEX_WAIT, 0, NULL <unfinished ...>
17032 set_robust_list(0x7fe17fb5b9e0, 24) = 0
17032 sigaltstack({ss_sp=0xc820040000, ss_flags=0, ss_size=32672}, NULL) = 0
17032 gettid()                          = 17032
17032 rt_sigprocmask(SIG_SETMASK, [], NULL, 8) = 0
17032 clock_gettime(CLOCK_MONOTONIC, {4903, 222999256}) = 0
17032 select(0, NULL, NULL, NULL, {0, 20} <unfinished ...>
17033 set_robust_list(0x7fe17f31a9e0, 24) = 0
17033 sigaltstack({ss_sp=0xc820050000, ss_flags=0, ss_size=32672}, NULL) = 0
17033 gettid( <unfinished ...>
17035 set_robust_list(0x7fe17e3189e0, 24 <unfinished ...>
17033 <... gettid resumed> )            = 17033
17035 <... set_robust_list resumed> )   = 0
17033 rt_sigprocmask(SIG_SETMASK, [],  <unfinished ...>
17035 sigaltstack({ss_sp=0xc8200fa000, ss_flags=0, ss_size=32672}, NULL) = 0
17033 <... rt_sigprocmask resumed> NULL, 8) = 0
17035 gettid()                          = 17035
17033 select(0, NULL, NULL, NULL, {0, 100} <unfinished ...>
17032 <... select resumed> )            = 0 (Timeout)
17032 clock_gettime(CLOCK_MONOTONIC, {4903, 223247766}) = 0
17032 clock_gettime(CLOCK_REALTIME, {1465918769, 7251760}) = 0
17032 select(0, NULL, NULL, NULL, {0, 20} <unfinished ...>
17035 rt_sigprocmask(SIG_SETMASK, [], NULL, 8) = 0
17035 futex(0x21ef2b0, FUTEX_WAKE, 1 <unfinished ...>
17031 <... futex resumed> )             = 0
17031 futex(0xc82002ee90, FUTEX_WAKE, 1) = 1
17031 futex(0x21ef2b0, FUTEX_WAIT, 0, NULL <unfinished ...>
17034 <... futex resumed> )             = 0
17034 futex(0x21ef2b0, FUTEX_WAKE, 1)   = 1
17031 <... futex resumed> )             = 0
17031 rt_sigprocmask(SIG_SETMASK, NULL, [], 8) = 0
17031 rt_sigprocmask(SIG_SETMASK, ~[RTMIN RT_1], [], 8) = 0
17031 mmap(NULL, 8392704, PROT_READ|PROT_WRITE, MAP_PRIVATE|MAP_ANONYMOUS|MAP_STACK, -1, 0) = 0x7fe17d317000
17031 mprotect(0x7fe17d317000, 4096, PROT_NONE) = 0
17031 clone(child_stack=0x7fe17db16e70, flags=CLONE_VM|CLONE_FS|CLONE_FILES|CLONE_SIGHAND|CLONE_THREAD|CLONE_SYSVSEM|CLONE_SETTLS|CLONE_PARENT_SETTID|CLONE_CHILD_CLEARTID, parent_tidptr=0x7fe17db179d0, tls=0x7fe17db17700, child_tidptr=0x7fe17db179d0) = 17036
17031 rt_sigprocmask(SIG_SETMASK, [], NULL, 8) = 0
17031 futex(0x21ef2b0, FUTEX_WAIT, 0, NULL <unfinished ...>
17034 futex(0xc82002ee90, FUTEX_WAIT, 0, NULL <unfinished ...>
17032 <... select resumed> )            = 0 (Timeout)
17032 clock_gettime(CLOCK_MONOTONIC, {4903, 223527534}) = 0
17032 clock_gettime(CLOCK_REALTIME, {1465918769, 7530603}) = 0
17032 select(0, NULL, NULL, NULL, {0, 20} <unfinished ...>
17035 <... futex resumed> )             = 1
17035 futex(0xc8200f6590, FUTEX_WAIT, 0, NULL <unfinished ...>
17032 <... select resumed> )            = 0 (Timeout)
17032 clock_gettime(CLOCK_MONOTONIC, {4903, 223658250}) = 0
17032 clock_gettime(CLOCK_REALTIME, {1465918769, 7662080}) = 0
17032 select(0, NULL, NULL, NULL, {0, 20}) = 0 (Timeout)
17032 clock_gettime(CLOCK_MONOTONIC, {4903, 223779042}) = 0
17032 clock_gettime(CLOCK_REALTIME, {1465918769, 7781972}) = 0
17032 select(0, NULL, NULL, NULL, {0, 20}) = 0 (Timeout)
17032 clock_gettime(CLOCK_MONOTONIC, {4903, 223898801}) = 0
17032 clock_gettime(CLOCK_REALTIME, {1465918769, 7901752}) = 0
17032 select(0, NULL, NULL, NULL, {0, 20}) = 0 (Timeout)
17032 clock_gettime(CLOCK_MONOTONIC, {4903, 224024664}) = 0
17032 clock_gettime(CLOCK_REALTIME, {1465918769, 8027595}) = 0
17032 select(0, NULL, NULL, NULL, {0, 20}) = 0 (Timeout)
17032 clock_gettime(CLOCK_MONOTONIC, {4903, 224139098}) = 0
17032 clock_gettime(CLOCK_REALTIME, {1465918769, 8141709}) = 0
17032 select(0, NULL, NULL, NULL, {0, 20}) = 0 (Timeout)
17032 clock_gettime(CLOCK_MONOTONIC, {4903, 224252461}) = 0
17032 clock_gettime(CLOCK_REALTIME, {1465918769, 8255150}) = 0
17032 select(0, NULL, NULL, NULL, {0, 20}) = 0 (Timeout)
17032 clock_gettime(CLOCK_MONOTONIC, {4903, 224365879}) = 0
17032 clock_gettime(CLOCK_REALTIME, {1465918769, 8368525}) = 0
17032 select(0, NULL, NULL, NULL, {0, 20}) = 0 (Timeout)
17032 clock_gettime(CLOCK_MONOTONIC, {4903, 224479171}) = 0
17032 clock_gettime(CLOCK_REALTIME, {1465918769, 8481806}) = 0
17032 select(0, NULL, NULL, NULL, {0, 20}) = 0 (Timeout)
17032 clock_gettime(CLOCK_MONOTONIC, {4903, 224592626}) = 0
17032 clock_gettime(CLOCK_REALTIME, {1465918769, 8595385}) = 0
17032 select(0, NULL, NULL, NULL, {0, 20}) = 0 (Timeout)
17032 clock_gettime(CLOCK_MONOTONIC, {4903, 224706292}) = 0
17032 clock_gettime(CLOCK_REALTIME, {1465918769, 8708997}) = 0
17032 select(0, NULL, NULL, NULL, {0, 20}) = 0 (Timeout)
17032 clock_gettime(CLOCK_MONOTONIC, {4903, 224820414}) = 0
17032 clock_gettime(CLOCK_REALTIME, {1465918769, 8823126}) = 0
17032 select(0, NULL, NULL, NULL, {0, 20}) = 0 (Timeout)
17032 clock_gettime(CLOCK_MONOTONIC,  <unfinished ...>
17033 <... select resumed> )            = 0 (Timeout)
17036 set_robust_list(0x7fe17db179e0, 24 <unfinished ...>
17032 <... clock_gettime resumed> {4903, 228807032}) = 0
17033 futex(0x21ef2b0, FUTEX_WAKE, 1 <unfinished ...>
17032 clock_gettime(CLOCK_REALTIME,  <unfinished ...>
17033 <... futex resumed> )             = 1
17032 <... clock_gettime resumed> {1465918769, 12845385}) = 0
17031 <... futex resumed> )             = 0
17031 mmap(NULL, 262144, PROT_READ|PROT_WRITE, MAP_PRIVATE|MAP_ANONYMOUS, -1, 0) = 0x7fe17d2d7000
17036 <... set_robust_list resumed> )   = 0
17033 futex(0xc82002ea10, FUTEX_WAIT, 0, NULL <unfinished ...>
17036 sigaltstack({ss_sp=0xc820102000, ss_flags=0, ss_size=32672}, NULL) = 0
17032 select(0, NULL, NULL, NULL, {0, 20} <unfinished ...>
17031 futex(0xc82002ea10, FUTEX_WAKE, 1 <unfinished ...>
17036 gettid( <unfinished ...>
17031 <... futex resumed> )             = 1
17033 <... futex resumed> )             = 0
17032 <... select resumed> )            = 0 (Timeout)
17031 futex(0x21ef2b0, FUTEX_WAIT, 0, NULL <unfinished ...>
17033 futex(0x21ef2b0, FUTEX_WAKE, 1 <unfinished ...>
17031 <... futex resumed> )             = -1 EAGAIN (Resource temporarily unavailable)
17032 clock_gettime(CLOCK_MONOTONIC,  <unfinished ...>
17033 <... futex resumed> )             = 0
17036 <... gettid resumed> )            = 17036
17032 <... clock_gettime resumed> {4903, 229695408}) = 0
17031 futex(0xc8200f6590, FUTEX_WAKE, 1 <unfinished ...>
17033 futex(0xc82002ea10, FUTEX_WAIT, 0, NULL <unfinished ...>
17036 rt_sigprocmask(SIG_SETMASK, [],  <unfinished ...>
17035 <... futex resumed> )             = 0
17032 clock_gettime(CLOCK_REALTIME,  <unfinished ...>
17031 <... futex resumed> )             = 1
17032 <... clock_gettime resumed> {1465918769, 14923935}) = 0
17031 futex(0x21ef2b0, FUTEX_WAIT, 0, NULL <unfinished ...>
17036 <... rt_sigprocmask resumed> NULL, 8) = 0
17035 futex(0x21ef2b0, FUTEX_WAKE, 1 <unfinished ...>
17032 select(0, NULL, NULL, NULL, {0, 20} <unfinished ...>
17031 <... futex resumed> )             = -1 EAGAIN (Resource temporarily unavailable)
17036 futex(0xc8200f6a10, FUTEX_WAIT, 0, NULL <unfinished ...>
17035 <... futex resumed> )             = 0
17031 futex(0xc8200f6a10, FUTEX_WAKE, 1) = 0
17031 futex(0xc82002ea10, FUTEX_WAKE, 1) = 1
17031 futex(0x21ef2b0, FUTEX_WAIT, 0, NULL <unfinished ...>
17032 <... select resumed> )            = 0 (Timeout)
17032 clock_gettime(CLOCK_MONOTONIC, {4903, 231198832}) = 0
17032 clock_gettime(CLOCK_REALTIME, {1465918769, 15220710}) = 0
17032 select(0, NULL, NULL, NULL, {0, 20} <unfinished ...>
17036 <... futex resumed> )             = -1 EAGAIN (Resource temporarily unavailable)
17036 select(0, NULL, NULL, NULL, {0, 100} <unfinished ...>
17035 futex(0xc8200f6590, FUTEX_WAIT, 0, NULL <unfinished ...>
17032 <... select resumed> )            = 0 (Timeout)
17032 clock_gettime(CLOCK_MONOTONIC, {4903, 231379339}) = 0
17032 clock_gettime(CLOCK_REALTIME, {1465918769, 15397067}) = 0
17032 select(0, NULL, NULL, NULL, {0, 20} <unfinished ...>
17033 <... futex resumed> )             = 0
17036 <... select resumed> )            = 0 (Timeout)
17036 futex(0xc8200f6a10, FUTEX_WAIT, 0, NULL <unfinished ...>
17033 futex(0x21ef2b0, FUTEX_WAKE, 1)   = 1
17031 <... futex resumed> )             = 0
17032 <... select resumed> )            = 0 (Timeout)
17033 futex(0xc82002ea10, FUTEX_WAIT, 0, NULL <unfinished ...>
17031 futex(0xc82002ea10, FUTEX_WAKE, 1) = 1
17033 <... futex resumed> )             = 0
17031 futex(0xc8200f6a10, FUTEX_WAKE, 1) = 1
17031 futex(0x21ef2b0, FUTEX_WAIT, 0, NULL <unfinished ...>
17033 select(0, NULL, NULL, NULL, {0, 100} <unfinished ...>
17036 <... futex resumed> )             = 0
17032 clock_gettime(CLOCK_MONOTONIC,  <unfinished ...>
17036 futex(0x21ef2b0, FUTEX_WAKE, 1 <unfinished ...>
17032 <... clock_gettime resumed> {4903, 231723950}) = 0
17036 <... futex resumed> )             = 1
17032 clock_gettime(CLOCK_REALTIME,  <unfinished ...>
17031 <... futex resumed> )             = 0
17031 futex(0xc8200f6590, FUTEX_WAKE, 1) = 1
17031 futex(0x21ef2b0, FUTEX_WAIT, 0, NULL <unfinished ...>
17032 <... clock_gettime resumed> {1465918769, 15865258}) = 0
17033 <... select resumed> )            = 0 (Timeout)
17032 select(0, NULL, NULL, NULL, {0, 20} <unfinished ...>
17035 <... futex resumed> )             = 0
17035 futex(0x21ef2b0, FUTEX_WAKE, 1 <unfinished ...>
17031 <... futex resumed> )             = 0
17031 futex(0xc82002ee90, FUTEX_WAKE, 1) = 1
17034 <... futex resumed> )             = 0
17031 futex(0x21ef2b0, FUTEX_WAIT, 0, NULL <unfinished ...>
17034 futex(0x21ef2b0, FUTEX_WAKE, 1)   = 1
17031 <... futex resumed> )             = 0
17034 futex(0xc82002ee90, FUTEX_WAIT, 0, NULL <unfinished ...>
17031 rt_sigprocmask(SIG_SETMASK, NULL, [], 8) = 0
17031 rt_sigprocmask(SIG_SETMASK, ~[RTMIN RT_1],  <unfinished ...>
17033 futex(0x21ef2b0, FUTEX_WAKE, 1 <unfinished ...>
17036 futex(0xc8200f6a10, FUTEX_WAIT, 0, NULL <unfinished ...>
17035 <... futex resumed> )             = 1
17032 <... select resumed> )            = 0 (Timeout)
17031 <... rt_sigprocmask resumed> [], 8) = 0
17035 futex(0xc8200f6590, FUTEX_WAIT, 0, NULL <unfinished ...>
17032 clock_gettime(CLOCK_MONOTONIC,  <unfinished ...>
17031 mmap(NULL, 8392704, PROT_READ|PROT_WRITE, MAP_PRIVATE|MAP_ANONYMOUS|MAP_STACK, -1, 0 <unfinished ...>
17032 <... clock_gettime resumed> {4903, 232356458}) = 0
17033 <... futex resumed> )             = 0
17032 clock_gettime(CLOCK_REALTIME,  <unfinished ...>
17031 <... mmap resumed> )              = 0x7fe17cad6000
17033 futex(0xc82002ea10, FUTEX_WAIT, 0, NULL <unfinished ...>
17032 <... clock_gettime resumed> {1465918769, 16418351}) = 0
17031 mprotect(0x7fe17cad6000, 4096, PROT_NONE <unfinished ...>
17032 select(0, NULL, NULL, NULL, {0, 20} <unfinished ...>
17031 <... mprotect resumed> )          = 0
17031 clone(child_stack=0x7fe17d2d5e70, flags=CLONE_VM|CLONE_FS|CLONE_FILES|CLONE_SIGHAND|CLONE_THREAD|CLONE_SYSVSEM|CLONE_SETTLS|CLONE_PARENT_SETTID|CLONE_CHILD_CLEARTID, parent_tidptr=0x7fe17d2d69d0, tls=0x7fe17d2d6700, child_tidptr=0x7fe17d2d69d0) = 17037
17031 rt_sigprocmask(SIG_SETMASK, [], NULL, 8) = 0
17031 futex(0xc82002ea10, FUTEX_WAKE, 1) = 1
17033 <... futex resumed> )             = 0
17031 futex(0x21ef2b0, FUTEX_WAIT, 0, NULL <unfinished ...>
17037 set_robust_list(0x7fe17d2d69e0, 24 <unfinished ...>
17033 futex(0x21ef2b0, FUTEX_WAKE, 1 <unfinished ...>
17037 <... set_robust_list resumed> )   = 0
17033 <... futex resumed> )             = 1
17032 <... select resumed> )            = 0 (Timeout)
17031 <... futex resumed> )             = 0
17033 futex(0xc82002ea10, FUTEX_WAIT, 0, NULL <unfinished ...>
17032 clock_gettime(CLOCK_MONOTONIC,  <unfinished ...>
17031 futex(0xc82002ea10, FUTEX_WAKE, 1 <unfinished ...>
17032 <... clock_gettime resumed> {4903, 232823915}) = 0
17031 <... futex resumed> )             = 0
17032 clock_gettime(CLOCK_REALTIME,  <unfinished ...>
17031 futex(0x21ef2b0, FUTEX_WAIT, 0, NULL <unfinished ...>
17032 <... clock_gettime resumed> {1465918769, 16869076}) = 0
17032 select(0, NULL, NULL, NULL, {0, 20} <unfinished ...>
17037 sigaltstack({ss_sp=0xc82011c000, ss_flags=0, ss_size=32672}, NULL) = 0
17037 gettid()                          = 17037
17037 rt_sigprocmask(SIG_SETMASK, [],  <unfinished ...>
17032 <... select resumed> )            = 0 (Timeout)
17032 clock_gettime(CLOCK_MONOTONIC, {4903, 233156787}) = 0
17032 clock_gettime(CLOCK_REALTIME, {1465918769, 17189404}) = 0
17032 select(0, NULL, NULL, NULL, {0, 20} <unfinished ...>
17037 <... rt_sigprocmask resumed> NULL, 8) = 0
17037 select(0, NULL, NULL, NULL, {0, 100} <unfinished ...>
17032 <... select resumed> )            = 0 (Timeout)
17032 clock_gettime(CLOCK_MONOTONIC, {4903, 233425500}) = 0
17032 clock_gettime(CLOCK_REALTIME, {1465918769, 17464750}) = 0
17032 select(0, NULL, NULL, NULL, {0, 20} <unfinished ...>
17033 <... futex resumed> )             = -1 EAGAIN (Resource temporarily unavailable)
17032 <... select resumed> )            = 0 (Timeout)
17032 clock_gettime(CLOCK_MONOTONIC, {4903, 233695670}) = 0
17033 futex(0x21ef2b0, FUTEX_WAKE, 1 <unfinished ...>
17032 clock_gettime(CLOCK_REALTIME, {1465918769, 17760838}) = 0
17032 select(0, NULL, NULL, NULL, {0, 20} <unfinished ...>
17033 <... futex resumed> )             = 1
17031 <... futex resumed> )             = 0
17037 <... select resumed> )            = 0 (Timeout)
17033 futex(0xc82002ea10, FUTEX_WAIT, 0, NULL <unfinished ...>
17032 <... select resumed> )            = 0 (Timeout)
17037 futex(0xc820118110, FUTEX_WAIT, 0, NULL <unfinished ...>
17032 clock_gettime(CLOCK_MONOTONIC, {4903, 235196319}) = 0
17032 clock_gettime(CLOCK_REALTIME, {1465918769, 19209903}) = 0
17032 select(0, NULL, NULL, NULL, {0, 20}) = 0 (Timeout)
17032 clock_gettime(CLOCK_MONOTONIC, {4903, 235353361}) = 0
17032 clock_gettime(CLOCK_REALTIME, {1465918769, 19356015}) = 0
17032 select(0, NULL, NULL, NULL, {0, 20} <unfinished ...>
17031 clock_gettime(CLOCK_MONOTONIC, {4903, 235417898}) = 0
17032 <... select resumed> )            = 0 (Timeout)
17032 clock_gettime(CLOCK_MONOTONIC, {4903, 235475505}) = 0
17032 clock_gettime(CLOCK_REALTIME, {1465918769, 19477593}) = 0
17032 select(0, NULL, NULL, NULL, {0, 20}) = 0 (Timeout)
17032 clock_gettime(CLOCK_MONOTONIC, {4903, 235592641}) = 0
17032 clock_gettime(CLOCK_REALTIME, {1465918769, 19594543}) = 0
17032 select(0, NULL, NULL, NULL, {0, 20}) = 0 (Timeout)
17032 clock_gettime(CLOCK_MONOTONIC, {4903, 235720219}) = 0
17032 clock_gettime(CLOCK_REALTIME, {1465918769, 19732546}) = 0
17032 select(0, NULL, NULL, NULL, {0, 20} <unfinished ...>
17031 clock_gettime(CLOCK_MONOTONIC, {4903, 235810345}) = 0
17032 <... select resumed> )            = 0 (Timeout)
17032 clock_gettime(CLOCK_MONOTONIC, {4903, 235903024}) = 0
17032 clock_gettime(CLOCK_REALTIME, {1465918769, 19917857}) = 0
17032 select(0, NULL, NULL, NULL, {0, 20}) = 0 (Timeout)
17032 clock_gettime(CLOCK_MONOTONIC, {4903, 236100002}) = 0
17032 clock_gettime(CLOCK_REALTIME, {1465918769, 20116095}) = 0
17032 select(0, NULL, NULL, NULL, {0, 20}) = 0 (Timeout)
17032 clock_gettime(CLOCK_MONOTONIC, {4903, 236253890}) = 0
17032 clock_gettime(CLOCK_REALTIME, {1465918769, 20264486}) = 0
17032 select(0, NULL, NULL, NULL, {0, 20}) = 0 (Timeout)
17032 clock_gettime(CLOCK_MONOTONIC, {4903, 236414929}) = 0
17032 clock_gettime(CLOCK_REALTIME, {1465918769, 20430253}) = 0
17032 select(0, NULL, NULL, NULL, {0, 20}) = 0 (Timeout)
17031 clock_gettime(CLOCK_MONOTONIC,  <unfinished ...>
17032 clock_gettime(CLOCK_MONOTONIC,  <unfinished ...>
17031 <... clock_gettime resumed> {4903, 236566543}) = 0
17032 <... clock_gettime resumed> {4903, 236579539}) = 0
17032 clock_gettime(CLOCK_REALTIME, {1465918769, 20596043}) = 0
17032 select(0, NULL, NULL, NULL, {0, 20}) = 0 (Timeout)
17032 clock_gettime(CLOCK_MONOTONIC, {4903, 236724304}) = 0
17032 clock_gettime(CLOCK_REALTIME, {1465918769, 20736556}) = 0
17032 select(0, NULL, NULL, NULL, {0, 20}) = 0 (Timeout)
17032 clock_gettime(CLOCK_MONOTONIC, {4903, 236925750}) = 0
17032 clock_gettime(CLOCK_REALTIME, {1465918769, 20934845}) = 0
17032 select(0, NULL, NULL, NULL, {0, 20}) = 0 (Timeout)
17032 clock_gettime(CLOCK_MONOTONIC, {4903, 237099651}) = 0
17032 clock_gettime(CLOCK_REALTIME, {1465918769, 21102149}) = 0
17032 select(0, NULL, NULL, NULL, {0, 20} <unfinished ...>
17031 mmap(0xc820200000, 1048576, PROT_READ|PROT_WRITE, MAP_PRIVATE|MAP_ANONYMOUS, -1, 0) = 0xc820200000
17031 mmap(0xc81ffe8000, 32768, PROT_READ|PROT_WRITE, MAP_PRIVATE|MAP_ANONYMOUS, -1, 0) = 0xc81ffe8000
17031 clock_gettime(CLOCK_MONOTONIC, {4903, 238251640}) = 0
17032 <... select resumed> )            = 0 (Timeout)
17031 futex(0xc820118110, FUTEX_WAKE, 1) = 1
17031 mmap(0xc820300000, 1048576, PROT_READ|PROT_WRITE, MAP_PRIVATE|MAP_ANONYMOUS, -1, 0) = 0xc820300000
17031 mmap(0xc81ffe0000, 32768, PROT_READ|PROT_WRITE, MAP_PRIVATE|MAP_ANONYMOUS, -1, 0) = 0xc81ffe0000
17031 clock_gettime(CLOCK_MONOTONIC, {4903, 241332885}) = 0
17031 futex(0xc82002ea10, FUTEX_WAKE, 1) = 1
17031 futex(0x21ef2b0, FUTEX_WAIT, 0, NULL <unfinished ...>
17033 <... futex resumed> )             = 0
17032 clock_gettime(CLOCK_MONOTONIC,  <unfinished ...>
17033 futex(0x21ef2b0, FUTEX_WAKE, 1 <unfinished ...>
17032 <... clock_gettime resumed> {4903, 242154032}) = 0
17033 <... futex resumed> )             = 1
17032 clock_gettime(CLOCK_REALTIME,  <unfinished ...>
17033 futex(0xc82002ea10, FUTEX_WAIT, 0, NULL <unfinished ...>
17032 <... clock_gettime resumed> {1465918769, 26214284}) = 0
17032 select(0, NULL, NULL, NULL, {0, 20} <unfinished ...>
17037 <... futex resumed> )             = 0
17031 <... futex resumed> )             = 0
17037 futex(0xc82002ea10, FUTEX_WAKE, 1 <unfinished ...>
17031 futex(0xc8200f6590, FUTEX_WAKE, 1 <unfinished ...>
17033 <... futex resumed> )             = 0
17033 select(0, NULL, NULL, NULL, {0, 100} <unfinished ...>
17032 <... select resumed> )            = 0 (Timeout)
17032 clock_gettime(CLOCK_MONOTONIC, {4903, 242352175}) = 0
17032 clock_gettime(CLOCK_REALTIME, {1465918769, 26355905}) = 0
17032 select(0, NULL, NULL, NULL, {0, 20} <unfinished ...>
17037 <... futex resumed> )             = 1
17037 futex(0x2219500, FUTEX_WAIT, 0, NULL <unfinished ...>
17035 <... futex resumed> )             = 0
17035 futex(0x21ef2b0, FUTEX_WAKE, 1)   = 0
17035 futex(0xc8200f6590, FUTEX_WAIT, 0, NULL <unfinished ...>
17031 <... futex resumed> )             = 1
17033 <... select resumed> )            = 0 (Timeout)
17032 <... select resumed> )            = 0 (Timeout)
17033 futex(0xc82002ea10, FUTEX_WAIT, 0, NULL <unfinished ...>
17032 clock_gettime(CLOCK_MONOTONIC, {4903, 242479700}) = 0
17032 clock_gettime(CLOCK_REALTIME, {1465918769, 26483369}) = 0
17032 select(0, NULL, NULL, NULL, {0, 20} <unfinished ...>
17031 futex(0xc82002ea10, FUTEX_WAKE, 1 <unfinished ...>
17033 <... futex resumed> )             = 0
17033 select(0, NULL, NULL, NULL, {0, 100} <unfinished ...>
17031 <... futex resumed> )             = 1
17031 futex(0xc8200f6590, FUTEX_WAKE, 1 <unfinished ...>
17035 <... futex resumed> )             = 0
17035 futex(0x21ef2b0, FUTEX_WAKE, 1)   = 0
17035 futex(0xc8200f6590, FUTEX_WAIT, 0, NULL <unfinished ...>
17032 <... select resumed> )            = 0 (Timeout)
17032 clock_gettime(CLOCK_MONOTONIC, {4903, 242600867}) = 0
17032 clock_gettime(CLOCK_REALTIME, {1465918769, 26603362}) = 0
17032 select(0, NULL, NULL, NULL, {0, 20} <unfinished ...>
17031 <... futex resumed> )             = 1
17031 futex(0xc8200f6590, FUTEX_WAKE, 1 <unfinished ...>
17035 <... futex resumed> )             = 0
17035 futex(0x21ef2b0, FUTEX_WAKE, 1)   = 0
17035 futex(0xc8200f6590, FUTEX_WAIT, 0, NULL <unfinished ...>
17033 <... select resumed> )            = 0 (Timeout)
17032 <... select resumed> )            = 0 (Timeout)
17033 futex(0xc82002ea10, FUTEX_WAIT, 0, NULL <unfinished ...>
17032 clock_gettime(CLOCK_MONOTONIC, {4903, 242717417}) = 0
17032 clock_gettime(CLOCK_REALTIME, {1465918769, 26720645}) = 0
17032 select(0, NULL, NULL, NULL, {0, 20} <unfinished ...>
17031 <... futex resumed> )             = 1
17032 <... select resumed> )            = 0 (Timeout)
17032 clock_gettime(CLOCK_MONOTONIC, {4903, 243053109}) = 0
17032 clock_gettime(CLOCK_REALTIME, {1465918769, 27056589}) = 0
17032 select(0, NULL, NULL, NULL, {0, 20} <unfinished ...>
17031 futex(0xc82002ea10, FUTEX_WAKE, 1 <unfinished ...>
17033 <... futex resumed> )             = 0
17033 select(0, NULL, NULL, NULL, {0, 100} <unfinished ...>
17031 <... futex resumed> )             = 1
17031 futex(0xc8200f6590, FUTEX_WAKE, 1 <unfinished ...>
17035 <... futex resumed> )             = 0
17035 futex(0x21ef2b0, FUTEX_WAKE, 1)   = 0
17035 futex(0xc8200f6590, FUTEX_WAIT, 0, NULL <unfinished ...>
17032 <... select resumed> )            = 0 (Timeout)
17032 clock_gettime(CLOCK_MONOTONIC, {4903, 243172381}) = 0
17032 clock_gettime(CLOCK_REALTIME, {1465918769, 27175048}) = 0
17032 select(0, NULL, NULL, NULL, {0, 20} <unfinished ...>
17031 <... futex resumed> )             = 1
17031 futex(0xc8200f6590, FUTEX_WAKE, 1 <unfinished ...>
17035 <... futex resumed> )             = 0
17035 futex(0x21ef2b0, FUTEX_WAKE, 1)   = 0
17035 futex(0xc8200f6590, FUTEX_WAIT, 0, NULL <unfinished ...>
17031 <... futex resumed> )             = 1
17031 futex(0xc8200f6590, FUTEX_WAKE, 1 <unfinished ...>
17033 <... select resumed> )            = 0 (Timeout)
17032 <... select resumed> )            = 0 (Timeout)
17033 futex(0x21ef2b0, FUTEX_WAKE, 1 <unfinished ...>
17032 clock_gettime(CLOCK_MONOTONIC,  <unfinished ...>
17033 <... futex resumed> )             = 0
17032 <... clock_gettime resumed> {4903, 243293434}) = 0
17033 futex(0xc82002ea10, FUTEX_WAIT, 0, NULL <unfinished ...>
17032 clock_gettime(CLOCK_REALTIME, {1465918769, 27305168}) = 0
17032 select(0, NULL, NULL, NULL, {0, 20} <unfinished ...>
17035 <... futex resumed> )             = 0
17035 futex(0xc8200f6590, FUTEX_WAIT, 0, NULL <unfinished ...>
17031 <... futex resumed> )             = 1
17031 futex(0xc8200f6590, FUTEX_WAKE, 1 <unfinished ...>
17035 <... futex resumed> )             = 0
17035 select(0, NULL, NULL, NULL, {0, 100} <unfinished ...>
17031 <... futex resumed> )             = 1
17031 futex(0xc82002ea10, FUTEX_WAKE, 1 <unfinished ...>
17033 <... futex resumed> )             = 0
17032 <... select resumed> )            = 0 (Timeout)
17033 futex(0x21ef2b0, FUTEX_WAKE, 1 <unfinished ...>
17032 clock_gettime(CLOCK_MONOTONIC,  <unfinished ...>
17033 <... futex resumed> )             = 0
17032 <... clock_gettime resumed> {4903, 243425955}) = 0
17033 futex(0xc82002ea10, FUTEX_WAIT, 0, NULL <unfinished ...>
17032 clock_gettime(CLOCK_REALTIME, {1465918769, 27438375}) = 0
17032 select(0, NULL, NULL, NULL, {0, 20} <unfinished ...>
17031 <... futex resumed> )             = 1
17031 futex(0xc82002ea10, FUTEX_WAKE, 1 <unfinished ...>
17035 <... select resumed> )            = 0 (Timeout)
17033 <... futex resumed> )             = 0
17032 <... select resumed> )            = 0 (Timeout)
17035 futex(0x21ef2b0, FUTEX_WAKE, 1 <unfinished ...>
17033 futex(0xc82002ea10, FUTEX_WAIT, 0, NULL <unfinished ...>
17032 clock_gettime(CLOCK_MONOTONIC,  <unfinished ...>
17035 <... futex resumed> )             = 0
17032 <... clock_gettime resumed> {4903, 243575737}) = 0
17035 futex(0xc8200f6590, FUTEX_WAIT, 0, NULL <unfinished ...>
17032 clock_gettime(CLOCK_REALTIME, {1465918769, 27597866}) = 0
17032 select(0, NULL, NULL, NULL, {0, 20} <unfinished ...>
17031 <... futex resumed> )             = 1
17031 futex(0xc8200f6590, FUTEX_WAKE, 1 <unfinished ...>
17035 <... futex resumed> )             = 0
17035 select(0, NULL, NULL, NULL, {0, 100} <unfinished ...>
17032 <... select resumed> )            = 0 (Timeout)
17032 clock_gettime(CLOCK_MONOTONIC, {4903, 243727808}) = 0
17032 clock_gettime(CLOCK_REALTIME, {1465918769, 27736044}) = 0
17032 select(0, NULL, NULL, NULL, {0, 20} <unfinished ...>
17031 <... futex resumed> )             = 1
17031 futex(0xc82002ea10, FUTEX_WAKE, 1 <unfinished ...>
17033 <... futex resumed> )             = 0
17033 futex(0x21ef2b0, FUTEX_WAKE, 1)   = 0
17033 futex(0xc82002ea10, FUTEX_WAIT, 0, NULL <unfinished ...>
17035 <... select resumed> )            = 0 (Timeout)
17032 <... select resumed> )            = 0 (Timeout)
17035 futex(0xc8200f6590, FUTEX_WAIT, 0, NULL <unfinished ...>
17032 clock_gettime(CLOCK_MONOTONIC, {4903, 243903826}) = 0
17032 clock_gettime(CLOCK_REALTIME, {1465918769, 27914325}) = 0
17032 select(0, NULL, NULL, NULL, {0, 20} <unfinished ...>
17031 <... futex resumed> )             = 1
17031 futex(0xc8200f6590, FUTEX_WAKE, 1 <unfinished ...>
17035 <... futex resumed> )             = 0
17035 select(0, NULL, NULL, NULL, {0, 100} <unfinished ...>
17032 <... select resumed> )            = 0 (Timeout)
17032 clock_gettime(CLOCK_MONOTONIC, {4903, 244069012}) = 0
17032 clock_gettime(CLOCK_REALTIME, {1465918769, 28089387}) = 0
17032 select(0, NULL, NULL, NULL, {0, 20} <unfinished ...>
17031 <... futex resumed> )             = 1
17035 <... select resumed> )            = 0 (Timeout)
17032 <... select resumed> )            = 0 (Timeout)
17035 futex(0xc8200f6590, FUTEX_WAIT, 0, NULL <unfinished ...>
17032 clock_gettime(CLOCK_MONOTONIC, {4903, 244214506}) = 0
17032 clock_gettime(CLOCK_REALTIME, {1465918769, 28232256}) = 0
17032 select(0, NULL, NULL, NULL, {0, 20} <unfinished ...>
17031 futex(0xc8200f6590, FUTEX_WAKE, 1 <unfinished ...>
17035 <... futex resumed> )             = 0
17035 select(0, NULL, NULL, NULL, {0, 100} <unfinished ...>
17031 <... futex resumed> )             = 1
17032 <... select resumed> )            = 0 (Timeout)
17032 clock_gettime(CLOCK_MONOTONIC, {4903, 244363200}) = 0
17032 clock_gettime(CLOCK_REALTIME, {1465918769, 28366342}) = 0
17032 select(0, NULL, NULL, NULL, {0, 40} <unfinished ...>
17031 futex(0xc82002ea10, FUTEX_WAKE, 1 <unfinished ...>
17033 <... futex resumed> )             = 0
17033 futex(0x21ef2b0, FUTEX_WAKE, 1)   = 0
17033 futex(0xc82002ea10, FUTEX_WAIT, 0, NULL <unfinished ...>
17031 <... futex resumed> )             = 1
17031 futex(0xc82002ea10, FUTEX_WAKE, 1 <unfinished ...>
17033 <... futex resumed> )             = 0
17033 futex(0x21ef2b0, FUTEX_WAKE, 1 <unfinished ...>
17035 <... select resumed> )            = 0 (Timeout)
17032 <... select resumed> )            = 0 (Timeout)
17035 futex(0xc8200f6590, FUTEX_WAIT, 0, NULL <unfinished ...>
17033 <... futex resumed> )             = 0
17032 clock_gettime(CLOCK_MONOTONIC,  <unfinished ...>
17033 futex(0xc82002ea10, FUTEX_WAIT, 0, NULL <unfinished ...>
17032 <... clock_gettime resumed> {4903, 244517229}) = 0
17032 clock_gettime(CLOCK_REALTIME, {1465918769, 28527297}) = 0
17032 select(0, NULL, NULL, NULL, {0, 80} <unfinished ...>
17031 <... futex resumed> )             = 1
17031 futex(0xc82002ea10, FUTEX_WAKE, 1 <unfinished ...>
17033 <... futex resumed> )             = 0
17033 select(0, NULL, NULL, NULL, {0, 100} <unfinished ...>
17031 <... futex resumed> )             = 1
17031 futex(0xc8200f6590, FUTEX_WAKE, 1 <unfinished ...>
17035 <... futex resumed> )             = 0
17035 futex(0x21ef2b0, FUTEX_WAKE, 1)   = 0
17035 futex(0xc8200f6590, FUTEX_WAIT, 0, NULL <unfinished ...>
17031 <... futex resumed> )             = 1
17031 futex(0xc8200f6590, FUTEX_WAKE, 1 <unfinished ...>
17035 <... futex resumed> )             = 0
17035 futex(0x21ef2b0, FUTEX_WAKE, 1)   = 0
17035 futex(0xc8200f6590, FUTEX_WAIT, 0, NULL <unfinished ...>
17032 <... select resumed> )            = 0 (Timeout)
17032 clock_gettime(CLOCK_MONOTONIC, {4903, 244704645}) = 0
17032 clock_gettime(CLOCK_REALTIME, {1465918769, 28707205}) = 0
17032 select(0, NULL, NULL, NULL, {0, 160} <unfinished ...>
17033 <... select resumed> )            = 0 (Timeout)
17033 futex(0xc82002ea10, FUTEX_WAIT, 0, NULL <unfinished ...>
17031 <... futex resumed> )             = 1
17031 futex(0xc82002ea10, FUTEX_WAKE, 1 <unfinished ...>
17033 <... futex resumed> )             = 0
17033 select(0, NULL, NULL, NULL, {0, 100} <unfinished ...>
17031 <... futex resumed> )             = 1
17031 futex(0xc8200f6590, FUTEX_WAKE, 1 <unfinished ...>
17035 <... futex resumed> )             = 0
17035 futex(0x21ef2b0, FUTEX_WAKE, 1)   = 0
17035 futex(0xc8200f6590, FUTEX_WAIT, 0, NULL <unfinished ...>
17031 <... futex resumed> )             = 1
17031 futex(0xc8200f6590, FUTEX_WAKE, 1 <unfinished ...>
17035 <... futex resumed> )             = 0
17035 futex(0x21ef2b0, FUTEX_WAKE, 1)   = 0
17035 futex(0xc8200f6590, FUTEX_WAIT, 0, NULL <unfinished ...>
17031 <... futex resumed> )             = 1
17031 futex(0xc8200f6590, FUTEX_WAKE, 1 <unfinished ...>
17035 <... futex resumed> )             = 0
17035 futex(0x21ef2b0, FUTEX_WAKE, 1)   = 0
17035 futex(0xc8200f6590, FUTEX_WAIT, 0, NULL <unfinished ...>
17033 <... select resumed> )            = 0 (Timeout)
17032 <... select resumed> )            = 0 (Timeout)
17033 futex(0xc82002ea10, FUTEX_WAIT, 0, NULL <unfinished ...>
17032 clock_gettime(CLOCK_MONOTONIC, {4903, 244986615}) = 0
17032 clock_gettime(CLOCK_REALTIME, {1465918769, 29002359}) = 0
17032 select(0, NULL, NULL, NULL, {0, 320} <unfinished ...>
17031 <... futex resumed> )             = 1
17031 futex(0xc82002ea10, FUTEX_WAKE, 1 <unfinished ...>
17033 <... futex resumed> )             = 0
17033 select(0, NULL, NULL, NULL, {0, 100} <unfinished ...>
17031 <... futex resumed> )             = 1
17031 futex(0xc8200f6590, FUTEX_WAKE, 1 <unfinished ...>
17035 <... futex resumed> )             = 0
17035 futex(0x21ef2b0, FUTEX_WAKE, 1)   = 0
17035 futex(0xc8200f6590, FUTEX_WAIT, 0, NULL <unfinished ...>
17031 <... futex resumed> )             = 1
17031 futex(0xc8200f6590, FUTEX_WAKE, 1 <unfinished ...>
17035 <... futex resumed> )             = 0
17035 futex(0x21ef2b0, FUTEX_WAKE, 1)   = 0
17035 futex(0xc8200f6590, FUTEX_WAIT, 0, NULL <unfinished ...>
17031 <... futex resumed> )             = 1
17031 futex(0xc8200f6590, FUTEX_WAKE, 1 <unfinished ...>
17035 <... futex resumed> )             = 0
17035 futex(0x21ef2b0, FUTEX_WAKE, 1)   = 0
17035 futex(0xc8200f6590, FUTEX_WAIT, 0, NULL <unfinished ...>
17031 <... futex resumed> )             = 1
17033 <... select resumed> )            = 0 (Timeout)
17033 futex(0xc82002ea10, FUTEX_WAIT, 0, NULL <unfinished ...>
17031 futex(0xc82002ea10, FUTEX_WAKE, 1 <unfinished ...>
17033 <... futex resumed> )             = 0
17033 select(0, NULL, NULL, NULL, {0, 100} <unfinished ...>
17031 <... futex resumed> )             = 1
17031 futex(0xc8200f6590, FUTEX_WAKE, 1 <unfinished ...>
17035 <... futex resumed> )             = 0
17035 futex(0x21ef2b0, FUTEX_WAKE, 1)   = 0
17035 futex(0xc8200f6590, FUTEX_WAIT, 0, NULL <unfinished ...>
17031 <... futex resumed> )             = 1
17031 futex(0xc8200f6590, FUTEX_WAKE, 1 <unfinished ...>
17035 <... futex resumed> )             = 0
17035 futex(0x21ef2b0, FUTEX_WAKE, 1)   = 0
17035 futex(0xc8200f6590, FUTEX_WAIT, 0, NULL <unfinished ...>
17031 <... futex resumed> )             = 1
17033 <... select resumed> )            = 0 (Timeout)
17032 <... select resumed> )            = 0 (Timeout)
17033 futex(0xc82002ea10, FUTEX_WAIT, 0, NULL <unfinished ...>
17032 clock_gettime(CLOCK_MONOTONIC, {4903, 245435688}) = 0
17032 clock_gettime(CLOCK_REALTIME, {1465918769, 29439631}) = 0
17032 select(0, NULL, NULL, NULL, {0, 640} <unfinished ...>
17031 clock_gettime(CLOCK_REALTIME, {1465918769, 29725599}) = 0
17032 <... select resumed> )            = 0 (Timeout)
17032 clock_gettime(CLOCK_MONOTONIC, {4903, 246187919}) = 0
17032 clock_gettime(CLOCK_REALTIME, {1465918769, 30192563}) = 0
17032 select(0, NULL, NULL, NULL, {0, 1280} <unfinished ...>
17031 clock_gettime(CLOCK_REALTIME, {1465918769, 30495593}) = 0
17031 clock_gettime(CLOCK_REALTIME, {1465918769, 30535694}) = 0
17031 clock_gettime(CLOCK_REALTIME, {1465918769, 30730492}) = 0
17032 <... select resumed> )            = 0 (Timeout)
17032 clock_gettime(CLOCK_MONOTONIC, {4903, 247642996}) = 0
17032 clock_gettime(CLOCK_REALTIME, {1465918769, 31673924}) = 0
17032 select(0, NULL, NULL, NULL, {0, 2560} <unfinished ...>
17031 capget({0 /* _LINUX_CAPABILITY_VERSION_??? */, 0}, NULL) = 0
17031 openat(AT_FDCWD, "/proc/sys/kernel/cap_last_cap", O_RDONLY|O_CLOEXEC) = 4
17031 read(4, "36\n", 11)               = 3
17031 close(4)                          = 0
17031 uname({sys="Linux", node="localhost.localdomain", ...}) = 0
17031 clock_gettime(CLOCK_REALTIME, {1465918769, 32511307}) = 0
17031 clock_gettime(CLOCK_REALTIME, {1465918769, 32982729}) = 0
17031 clock_gettime(CLOCK_REALTIME, {1465918769, 33123067}) = 0
17031 socket(PF_LOCAL, SOCK_DGRAM|SOCK_CLOEXEC|SOCK_NONBLOCK, 0) = 4
17031 setsockopt(4, SOL_SOCKET, SO_BROADCAST, [1], 4) = 0
17031 connect(4, {sa_family=AF_LOCAL, sun_path="/run/systemd/journal/socket"}, 30) = 0
17031 epoll_create1(EPOLL_CLOEXEC)      = 5
17031 epoll_ctl(5, EPOLL_CTL_ADD, 4, {EPOLLIN|EPOLLOUT|EPOLLRDHUP|EPOLLET, {u32=2134024384, u64=140606478393536}}) = 0
17031 getsockname(4, {sa_family=AF_LOCAL, NULL}, [2]) = 0
17031 getpeername(4, {sa_family=AF_LOCAL, sun_path="/run/systemd/journal/socket"}, [30]) = 0
17032 <... select resumed> )            = 0 (Timeout)
17032 clock_gettime(CLOCK_MONOTONIC, {4903, 250391236}) = 0
17032 clock_gettime(CLOCK_REALTIME, {1465918769, 34407376}) = 0
17032 select(0, NULL, NULL, NULL, {0, 5120} <unfinished ...>
17031 stat("/usr/lib/libykcs11.so", 0xc82007f560) = -1 ENOENT (No such file or directory)
17031 stat("/usr/lib64/libykcs11.so", 0xc82007f5f0) = -1 ENOENT (No such file or directory)
17031 stat("/usr/lib/x86_64-linux-gnu/libykcs11.so", 0xc82007f680) = -1 ENOENT (No such file or directory)
17031 stat("/usr/local/lib/libykcs11.so", 0xc82007f710) = -1 ENOENT (No such file or directory)
17031 stat("/root/.docker/config.json", 0xc82007f7a0) = -1 ENOENT (No such file or directory)
17031 stat("/root/.dockercfg", 0xc82007f830) = -1 ENOENT (No such file or directory)
17031 stat("/usr/local/bin/docker-credential-secretservice", 0xc82007f8c0) = -1 ENOENT (No such file or directory)
17031 stat("/usr/local/sbin/docker-credential-secretservice", 0xc82007f950) = -1 ENOENT (No such file or directory)
17031 stat("/usr/bin/docker-credential-secretservice", 0xc82007f9e0) = -1 ENOENT (No such file or directory)
17031 stat("/usr/sbin/docker-credential-secretservice", 0xc82007fa70) = -1 ENOENT (No such file or directory)
17031 stat("/bin/docker-credential-secretservice", 0xc82007fb00) = -1 ENOENT (No such file or directory)
17031 stat("/sbin/docker-credential-secretservice", 0xc82007fb90) = -1 ENOENT (No such file or directory)
17031 stat("/home/hmeng/.local/bin/docker-credential-secretservice", 0xc82007fc20) = -1 ENOENT (No such file or directory)
17031 stat("/home/hmeng/bin/docker-credential-secretservice", 0xc82007fcb0) = -1 ENOENT (No such file or directory)
17031 stat("/usr/local/go/bin/docker-credential-secretservice", 0xc82007fd40) = -1 ENOENT (No such file or directory)
17031 stat("/home/hmeng/.local/bin/docker-credential-secretservice", 0xc82007fdd0) = -1 ENOENT (No such file or directory)
17031 stat("/home/hmeng/bin/docker-credential-secretservice", 0xc82007fe60) = -1 ENOENT (No such file or directory)
17031 stat("/usr/local/go/bin/docker-credential-secretservice", 0xc82007fef0) = -1 ENOENT (No such file or directory)
17031 ioctl(0, SNDCTL_TMR_TIMEBASE or SNDRV_TIMER_IOCTL_NEXT_DEVICE or TCGETS, {B38400 opost isig icanon echo ...}) = 0
17031 ioctl(1, SNDCTL_TMR_TIMEBASE or SNDRV_TIMER_IOCTL_NEXT_DEVICE or TCGETS, {B38400 opost isig icanon echo ...}) = 0
17031 stat(".", {st_mode=S_IFDIR|0775, st_size=4096, ...}) = 0
17031 stat("/home/hmeng/go/src/github.com/opencontainers/runc", {st_mode=S_IFDIR|0775, st_size=4096, ...}) = 0
17031 stat(".", {st_mode=S_IFDIR|0775, st_size=4096, ...}) = 0
17031 stat("/home/hmeng/go/src/github.com/opencontainers/runc", {st_mode=S_IFDIR|0775, st_size=4096, ...}) = 0
17031 lstat("/home", {st_mode=S_IFDIR|0755, st_size=18, ...}) = 0
17031 lstat("/home/hmeng", {st_mode=S_IFDIR|0700, st_size=4096, ...}) = 0
17031 lstat("/home/hmeng/go", {st_mode=S_IFDIR|0775, st_size=26, ...}) = 0
17031 lstat("/home/hmeng/go/src", {st_mode=S_IFDIR|0775, st_size=23, ...}) = 0
17031 lstat("/home/hmeng/go/src/github.com", {st_mode=S_IFDIR|0775, st_size=42, ...}) = 0
17031 lstat("/home/hmeng/go/src/github.com/opencontainers", {st_mode=S_IFDIR|0775, st_size=17, ...}) = 0
17031 lstat("/home/hmeng/go/src/github.com/opencontainers/runc", {st_mode=S_IFDIR|0775, st_size=4096, ...}) = 0
17031 lstat("/home/hmeng/go/src/github.com/opencontainers/runc", {st_mode=S_IFDIR|0775, st_size=4096, ...}) = 0
17031 lstat("/home", {st_mode=S_IFDIR|0755, st_size=18, ...}) = 0
17031 lstat("/home/hmeng", {st_mode=S_IFDIR|0700, st_size=4096, ...}) = 0
17031 lstat("/home/hmeng/go", {st_mode=S_IFDIR|0775, st_size=26, ...}) = 0
17031 lstat("/home/hmeng/go/src", {st_mode=S_IFDIR|0775, st_size=23, ...}) = 0
17031 lstat("/home/hmeng/go/src/github.com", {st_mode=S_IFDIR|0775, st_size=42, ...}) = 0
17031 lstat("/home/hmeng/go/src/github.com/opencontainers", {st_mode=S_IFDIR|0775, st_size=17, ...}) = 0
17031 lstat("/home/hmeng/go/src/github.com/opencontainers/runc", {st_mode=S_IFDIR|0775, st_size=4096, ...}) = 0
17031 lstat("/home/hmeng/go/src/github.com/opencontainers/runc/script", {st_mode=S_IFDIR|0775, st_size=102, ...}) = 0
17031 lstat("/home/hmeng/go/src/github.com/opencontainers/runc/script/test_Dockerfile", {st_mode=S_IFREG|0664, st_size=1351, ...}) = 0
17031 lstat("/home/hmeng/go/src/github.com/opencontainers/runc/script/test_Dockerfile", {st_mode=S_IFREG|0664, st_size=1351, ...}) = 0
17031 openat(AT_FDCWD, "/home/hmeng/go/src/github.com/opencontainers/runc/.dockerignore", O_RDONLY|O_CLOEXEC) = -1 ENOENT (No such file or directory)
17031 lstat("/home/hmeng/go/src/github.com/opencontainers/runc", {st_mode=S_IFDIR|0775, st_size=4096, ...}) = 0
17031 openat(AT_FDCWD, "/home/hmeng/go/src/github.com/opencontainers/runc", O_RDONLY|O_CLOEXEC) = 6
17031 getdents64(6, /* 49 entries */, 4096) = 1584
17031 getdents64(6, /* 0 entries */, 4096) = 0
17031 close(6)                          = 0
17031 lstat("/home/hmeng/go/src/github.com/opencontainers/runc/.git", {st_mode=S_IFDIR|0775, st_size=4096, ...}) = 0
17031 openat(AT_FDCWD, "/home/hmeng/go/src/github.com/opencontainers/runc/.git", O_RDONLY|O_CLOEXEC) = 6
17031 getdents64(6, /* 15 entries */, 4096) = 432
17031 getdents64(6, /* 0 entries */, 4096) = 0
17031 close(6)                          = 0
17031 lstat("/home/hmeng/go/src/github.com/opencontainers/runc/.git/FETCH_HEAD", {st_mode=S_IFREG|0664, st_size=100, ...}) = 0
17031 openat(AT_FDCWD, "/home/hmeng/go/src/github.com/opencontainers/runc/.git/FETCH_HEAD", O_RDONLY|O_CLOEXEC) = 6
17031 close(6)                          = 0
17031 lstat("/home/hmeng/go/src/github.com/opencontainers/runc/.git/HEAD", {st_mode=S_IFREG|0664, st_size=23, ...}) = 0
17031 openat(AT_FDCWD, "/home/hmeng/go/src/github.com/opencontainers/runc/.git/HEAD", O_RDONLY|O_CLOEXEC) = 6
17031 close(6)                          = 0
17031 lstat("/home/hmeng/go/src/github.com/opencontainers/runc/.git/ORIG_HEAD", {st_mode=S_IFREG|0664, st_size=41, ...}) = 0
17031 openat(AT_FDCWD, "/home/hmeng/go/src/github.com/opencontainers/runc/.git/ORIG_HEAD", O_RDONLY|O_CLOEXEC) = 6
17031 close(6)                          = 0
17031 lstat("/home/hmeng/go/src/github.com/opencontainers/runc/.git/branches", {st_mode=S_IFDIR|0775, st_size=6, ...}) = 0
17031 openat(AT_FDCWD, "/home/hmeng/go/src/github.com/opencontainers/runc/.git/branches", O_RDONLY|O_CLOEXEC) = 6
17031 getdents64(6, /* 2 entries */, 4096) = 48
17031 getdents64(6, /* 0 entries */, 4096) = 0
17031 close(6)                          = 0
17031 lstat("/home/hmeng/go/src/github.com/opencontainers/runc/.git/config", {st_mode=S_IFREG|0664, st_size=267, ...}) = 0
17031 openat(AT_FDCWD, "/home/hmeng/go/src/github.com/opencontainers/runc/.git/config", O_RDONLY|O_CLOEXEC) = 6
17031 close(6)                          = 0
17031 lstat("/home/hmeng/go/src/github.com/opencontainers/runc/.git/description", {st_mode=S_IFREG|0664, st_size=73, ...}) = 0
17031 openat(AT_FDCWD, "/home/hmeng/go/src/github.com/opencontainers/runc/.git/description", O_RDONLY|O_CLOEXEC) = 6
17031 close(6)                          = 0
17031 lstat("/home/hmeng/go/src/github.com/opencontainers/runc/.git/hooks", {st_mode=S_IFDIR|0775, st_size=4096, ...}) = 0
17031 openat(AT_FDCWD, "/home/hmeng/go/src/github.com/opencontainers/runc/.git/hooks", O_RDONLY|O_CLOEXEC) = 6
17031 getdents64(6, /* 11 entries */, 4096) = 432
17031 getdents64(6, /* 0 entries */, 4096) = 0
17031 close(6)                          = 0
17031 lstat("/home/hmeng/go/src/github.com/opencontainers/runc/.git/hooks/applypatch-msg.sample", {st_mode=S_IFREG|0775, st_size=452, ...}) = 0
17031 openat(AT_FDCWD, "/home/hmeng/go/src/github.com/opencontainers/runc/.git/hooks/applypatch-msg.sample", O_RDONLY|O_CLOEXEC) = 6
17031 close(6)                          = 0
17031 lstat("/home/hmeng/go/src/github.com/opencontainers/runc/.git/hooks/commit-msg.sample", {st_mode=S_IFREG|0775, st_size=896, ...}) = 0
17031 openat(AT_FDCWD, "/home/hmeng/go/src/github.com/opencontainers/runc/.git/hooks/commit-msg.sample", O_RDONLY|O_CLOEXEC) = 6
17031 close(6)                          = 0
17031 lstat("/home/hmeng/go/src/github.com/opencontainers/runc/.git/hooks/post-update.sample", {st_mode=S_IFREG|0775, st_size=189, ...}) = 0
17031 openat(AT_FDCWD, "/home/hmeng/go/src/github.com/opencontainers/runc/.git/hooks/post-update.sample", O_RDONLY|O_CLOEXEC) = 6
17031 close(6)                          = 0
17031 lstat("/home/hmeng/go/src/github.com/opencontainers/runc/.git/hooks/pre-applypatch.sample", {st_mode=S_IFREG|0775, st_size=398, ...}) = 0
17031 openat(AT_FDCWD, "/home/hmeng/go/src/github.com/opencontainers/runc/.git/hooks/pre-applypatch.sample", O_RDONLY|O_CLOEXEC) = 6
17031 close(6)                          = 0
17031 lstat("/home/hmeng/go/src/github.com/opencontainers/runc/.git/hooks/pre-commit.sample", {st_mode=S_IFREG|0775, st_size=1704, ...}) = 0
17031 openat(AT_FDCWD, "/home/hmeng/go/src/github.com/opencontainers/runc/.git/hooks/pre-commit.sample", O_RDONLY|O_CLOEXEC) = 6
17031 close(6)                          = 0
17031 lstat("/home/hmeng/go/src/github.com/opencontainers/runc/.git/hooks/pre-push.sample", {st_mode=S_IFREG|0664, st_size=1348, ...}) = 0
17031 openat(AT_FDCWD, "/home/hmeng/go/src/github.com/opencontainers/runc/.git/hooks/pre-push.sample", O_RDONLY|O_CLOEXEC) = 6
17031 close(6)                          = 0
17031 lstat("/home/hmeng/go/src/github.com/opencontainers/runc/.git/hooks/pre-rebase.sample", {st_mode=S_IFREG|0775, st_size=4951, ...}) = 0
17031 openat(AT_FDCWD, "/home/hmeng/go/src/github.com/opencontainers/runc/.git/hooks/pre-rebase.sample", O_RDONLY|O_CLOEXEC) = 6
17031 close(6)                          = 0
17031 lstat("/home/hmeng/go/src/github.com/opencontainers/runc/.git/hooks/prepare-commit-msg.sample", {st_mode=S_IFREG|0775, st_size=1239, ...}) = 0
17031 openat(AT_FDCWD, "/home/hmeng/go/src/github.com/opencontainers/runc/.git/hooks/prepare-commit-msg.sample", O_RDONLY|O_CLOEXEC) = 6
17031 close(6)                          = 0
17031 lstat("/home/hmeng/go/src/github.com/opencontainers/runc/.git/hooks/update.sample", {st_mode=S_IFREG|0775, st_size=3611, ...}) = 0
17031 openat(AT_FDCWD, "/home/hmeng/go/src/github.com/opencontainers/runc/.git/hooks/update.sample", O_RDONLY|O_CLOEXEC) = 6
17031 close(6)                          = 0
17031 lstat("/home/hmeng/go/src/github.com/opencontainers/runc/.git/index", {st_mode=S_IFREG|0644, st_size=55040, ...}) = 0
17031 openat(AT_FDCWD, "/home/hmeng/go/src/github.com/opencontainers/runc/.git/index", O_RDONLY|O_CLOEXEC) = 6
17031 close(6)                          = 0
17031 lstat("/home/hmeng/go/src/github.com/opencontainers/runc/.git/info", {st_mode=S_IFDIR|0775, st_size=20, ...}) = 0
17031 openat(AT_FDCWD, "/home/hmeng/go/src/github.com/opencontainers/runc/.git/info", O_RDONLY|O_CLOEXEC) = 6
17031 getdents64(6, /* 3 entries */, 4096) = 80
17031 getdents64(6, /* 0 entries */, 4096) = 0
17031 close(6)                          = 0
17031 lstat("/home/hmeng/go/src/github.com/opencontainers/runc/.git/info/exclude", {st_mode=S_IFREG|0664, st_size=240, ...}) = 0
17031 openat(AT_FDCWD, "/home/hmeng/go/src/github.com/opencontainers/runc/.git/info/exclude", O_RDONLY|O_CLOEXEC) = 6
17031 close(6)                          = 0
17031 lstat("/home/hmeng/go/src/github.com/opencontainers/runc/.git/logs", {st_mode=S_IFDIR|0775, st_size=28, ...}) = 0
17031 openat(AT_FDCWD, "/home/hmeng/go/src/github.com/opencontainers/runc/.git/logs", O_RDONLY|O_CLOEXEC) = 6
17031 getdents64(6, /* 4 entries */, 4096) = 96
17031 getdents64(6, /* 0 entries */, 4096) = 0
17031 close(6)                          = 0
17031 lstat("/home/hmeng/go/src/github.com/opencontainers/runc/.git/logs/HEAD", {st_mode=S_IFREG|0664, st_size=1482, ...}) = 0
17031 openat(AT_FDCWD, "/home/hmeng/go/src/github.com/opencontainers/runc/.git/logs/HEAD", O_RDONLY|O_CLOEXEC) = 6
17031 close(6)                          = 0
17031 lstat("/home/hmeng/go/src/github.com/opencontainers/runc/.git/logs/refs", {st_mode=S_IFDIR|0775, st_size=32, ...}) = 0
17031 openat(AT_FDCWD, "/home/hmeng/go/src/github.com/opencontainers/runc/.git/logs/refs", O_RDONLY|O_CLOEXEC) = 6
17031 getdents64(6, /* 4 entries */, 4096) = 112
17031 getdents64(6, /* 0 entries */, 4096) = 0
17031 close(6)                          = 0
17031 lstat("/home/hmeng/go/src/github.com/opencontainers/runc/.git/logs/refs/heads", {st_mode=S_IFDIR|0775, st_size=29, ...}) = 0
17031 openat(AT_FDCWD, "/home/hmeng/go/src/github.com/opencontainers/runc/.git/logs/refs/heads", O_RDONLY|O_CLOEXEC) = 6
17031 getdents64(6, /* 4 entries */, 4096) = 104
17031 getdents64(6, /* 0 entries */, 4096) = 0
17031 close(6)                          = 0
17031 lstat("/home/hmeng/go/src/github.com/opencontainers/runc/.git/logs/refs/heads/901", {st_mode=S_IFREG|0664, st_size=404, ...}) = 0
17031 openat(AT_FDCWD, "/home/hmeng/go/src/github.com/opencontainers/runc/.git/logs/refs/heads/901", O_RDONLY|O_CLOEXEC) = 6
17031 close(6)                          = 0
17031 lstat("/home/hmeng/go/src/github.com/opencontainers/runc/.git/logs/refs/heads/master", {st_mode=S_IFREG|0664, st_size=544, ...}) = 0
17031 openat(AT_FDCWD, "/home/hmeng/go/src/github.com/opencontainers/runc/.git/logs/refs/heads/master", O_RDONLY|O_CLOEXEC) = 6
17031 close(6)                          = 0
17031 lstat("/home/hmeng/go/src/github.com/opencontainers/runc/.git/logs/refs/remotes", {st_mode=S_IFDIR|0775, st_size=19, ...}) = 0
17031 openat(AT_FDCWD, "/home/hmeng/go/src/github.com/opencontainers/runc/.git/logs/refs/remotes", O_RDONLY|O_CLOEXEC) = 6
17031 getdents64(6, /* 3 entries */, 4096) = 80
17031 getdents64(6, /* 0 entries */, 4096) = 0
17031 close(6)                          = 0
17031 lstat("/home/hmeng/go/src/github.com/opencontainers/runc/.git/logs/refs/remotes/origin", {st_mode=S_IFDIR|0775, st_size=17, ...}) = 0
17031 openat(AT_FDCWD, "/home/hmeng/go/src/github.com/opencontainers/runc/.git/logs/refs/remotes/origin", O_RDONLY|O_CLOEXEC) = 6
17031 getdents64(6, /* 3 entries */, 4096) = 72
17031 getdents64(6, /* 0 entries */, 4096) = 0
17031 close(6)                          = 0
17031 lstat("/home/hmeng/go/src/github.com/opencontainers/runc/.git/logs/refs/remotes/origin/HEAD", {st_mode=S_IFREG|0664, st_size=196, ...}) = 0
17031 openat(AT_FDCWD, "/home/hmeng/go/src/github.com/opencontainers/runc/.git/logs/refs/remotes/origin/HEAD", O_RDONLY|O_CLOEXEC) = 6
17031 close(6)                          = 0
17031 lstat("/home/hmeng/go/src/github.com/opencontainers/runc/.git/objects", {st_mode=S_IFDIR|0775, st_size=4096, ...}) = 0
17031 openat(AT_FDCWD, "/home/hmeng/go/src/github.com/opencontainers/runc/.git/objects", O_RDONLY|O_CLOEXEC) = 6
17031 getdents64(6, /* 17 entries */, 4096) = 408
17031 getdents64(6, /* 0 entries */, 4096) = 0
17031 close(6)                          = 0
17031 lstat("/home/hmeng/go/src/github.com/opencontainers/runc/.git/objects/10", {st_mode=S_IFDIR|0775, st_size=51, ...}) = 0
17031 openat(AT_FDCWD, "/home/hmeng/go/src/github.com/opencontainers/runc/.git/objects/10", O_RDONLY|O_CLOEXEC) = 6
17031 getdents64(6, /* 3 entries */, 4096) = 112
17031 getdents64(6, /* 0 entries */, 4096) = 0
17031 close(6)                          = 0
17031 lstat("/home/hmeng/go/src/github.com/opencontainers/runc/.git/objects/10/d7cfb50eb1ebad4d6f9002325324128710d256", {st_mode=S_IFREG|0444, st_size=256, ...}) = 0
17031 openat(AT_FDCWD, "/home/hmeng/go/src/github.com/opencontainers/runc/.git/objects/10/d7cfb50eb1ebad4d6f9002325324128710d256", O_RDONLY|O_CLOEXEC) = 6
17031 close(6)                          = 0
17031 lstat("/home/hmeng/go/src/github.com/opencontainers/runc/.git/objects/32", {st_mode=S_IFDIR|0775, st_size=51, ...}) = 0
17031 openat(AT_FDCWD, "/home/hmeng/go/src/github.com/opencontainers/runc/.git/objects/32", O_RDONLY|O_CLOEXEC) = 6
17031 getdents64(6, /* 3 entries */, 4096) = 112
17031 getdents64(6, /* 0 entries */, 4096) = 0
17031 close(6)                          = 0
17031 lstat("/home/hmeng/go/src/github.com/opencontainers/runc/.git/objects/32/7836fad7d0999744e7c2eef98673fbc71fdcbd", {st_mode=S_IFREG|0444, st_size=1314, ...}) = 0
17031 openat(AT_FDCWD, "/home/hmeng/go/src/github.com/opencontainers/runc/.git/objects/32/7836fad7d0999744e7c2eef98673fbc71fdcbd", O_RDONLY|O_CLOEXEC) = 6
17031 close(6)                          = 0
17031 lstat("/home/hmeng/go/src/github.com/opencontainers/runc/.git/objects/34", {st_mode=S_IFDIR|0775, st_size=51, ...}) = 0
17031 openat(AT_FDCWD, "/home/hmeng/go/src/github.com/opencontainers/runc/.git/objects/34", O_RDONLY|O_CLOEXEC) = 6
17031 getdents64(6, /* 3 entries */, 4096) = 112
17031 getdents64(6, /* 0 entries */, 4096) = 0
17031 close(6)                          = 0
17031 lstat("/home/hmeng/go/src/github.com/opencontainers/runc/.git/objects/34/c1addf7152e0d5e65417dbe44e7207e2cb142a", {st_mode=S_IFREG|0444, st_size=255, ...}) = 0
17031 openat(AT_FDCWD, "/home/hmeng/go/src/github.com/opencontainers/runc/.git/objects/34/c1addf7152e0d5e65417dbe44e7207e2cb142a", O_RDONLY|O_CLOEXEC) = 6
17031 close(6)                          = 0
17031 lstat("/home/hmeng/go/src/github.com/opencontainers/runc/.git/objects/6d", {st_mode=S_IFDIR|0775, st_size=51, ...}) = 0
17031 openat(AT_FDCWD, "/home/hmeng/go/src/github.com/opencontainers/runc/.git/objects/6d", O_RDONLY|O_CLOEXEC) = 6
17031 getdents64(6, /* 3 entries */, 4096) = 112
17031 getdents64(6, /* 0 entries */, 4096) = 0
17031 close(6)                          = 0
17031 lstat("/home/hmeng/go/src/github.com/opencontainers/runc/.git/objects/6d/6e96884369db01568831b68f0415c6a9ca3dab", {st_mode=S_IFREG|0444, st_size=272, ...}) = 0
17031 openat(AT_FDCWD, "/home/hmeng/go/src/github.com/opencontainers/runc/.git/objects/6d/6e96884369db01568831b68f0415c6a9ca3dab", O_RDONLY|O_CLOEXEC) = 6
17031 close(6)                          = 0
17031 lstat("/home/hmeng/go/src/github.com/opencontainers/runc/.git/objects/75", {st_mode=S_IFDIR|0775, st_size=51, ...}) = 0
17031 openat(AT_FDCWD, "/home/hmeng/go/src/github.com/opencontainers/runc/.git/objects/75", O_RDONLY|O_CLOEXEC) = 6
17031 getdents64(6, /* 3 entries */, 4096) = 112
17031 getdents64(6, /* 0 entries */, 4096) = 0
17031 close(6)                          = 0
17031 lstat("/home/hmeng/go/src/github.com/opencontainers/runc/.git/objects/75/7befdbe0cb0eb800b5b37ee93090e42ae87304", {st_mode=S_IFREG|0444, st_size=54, ...}) = 0
17031 openat(AT_FDCWD, "/home/hmeng/go/src/github.com/opencontainers/runc/.git/objects/75/7befdbe0cb0eb800b5b37ee93090e42ae87304", O_RDONLY|O_CLOEXEC) = 6
17031 close(6)                          = 0
17031 lstat("/home/hmeng/go/src/github.com/opencontainers/runc/.git/objects/9f", {st_mode=S_IFDIR|0775, st_size=51, ...}) = 0
17031 openat(AT_FDCWD, "/home/hmeng/go/src/github.com/opencontainers/runc/.git/objects/9f", O_RDONLY|O_CLOEXEC) = 6
17031 getdents64(6, /* 3 entries */, 4096) = 112
17031 getdents64(6, /* 0 entries */, 4096) = 0
17031 close(6)                          = 0
17031 lstat("/home/hmeng/go/src/github.com/opencontainers/runc/.git/objects/9f/cf057ea0b4e2ae23a70fa429caf888c209b171", {st_mode=S_IFREG|0444, st_size=664, ...}) = 0
17032 <... select resumed> )            = 0 (Timeout)
17032 clock_gettime(CLOCK_MONOTONIC, {4903, 259106023}) = 0
17032 clock_gettime(CLOCK_REALTIME, {1465918769, 43121443}) = 0
17032 epoll_wait(5, {{EPOLLOUT, {u32=2134024384, u64=140606478393536}}}, 128, 0) = 1
17032 select(0, NULL, NULL, NULL, {0, 10000} <unfinished ...>
17031 openat(AT_FDCWD, "/home/hmeng/go/src/github.com/opencontainers/runc/.git/objects/9f/cf057ea0b4e2ae23a70fa429caf888c209b171", O_RDONLY|O_CLOEXEC) = 6
17031 close(6)                          = 0
17031 lstat("/home/hmeng/go/src/github.com/opencontainers/runc/.git/objects/a7", {st_mode=S_IFDIR|0775, st_size=51, ...}) = 0
17031 openat(AT_FDCWD, "/home/hmeng/go/src/github.com/opencontainers/runc/.git/objects/a7", O_RDONLY|O_CLOEXEC) = 6
17031 getdents64(6, /* 3 entries */, 4096) = 112
17031 getdents64(6, /* 0 entries */, 4096) = 0
17031 close(6)                          = 0
17031 lstat("/home/hmeng/go/src/github.com/opencontainers/runc/.git/objects/a7/c725358afa9f868b44a56cbf643e59961b3d94", {st_mode=S_IFREG|0444, st_size=1312, ...}) = 0
17031 openat(AT_FDCWD, "/home/hmeng/go/src/github.com/opencontainers/runc/.git/objects/a7/c725358afa9f868b44a56cbf643e59961b3d94", O_RDONLY|O_CLOEXEC) = 6
17031 close(6)                          = 0
17031 lstat("/home/hmeng/go/src/github.com/opencontainers/runc/.git/objects/b1", {st_mode=S_IFDIR|0775, st_size=51, ...}) = 0
17031 openat(AT_FDCWD, "/home/hmeng/go/src/github.com/opencontainers/runc/.git/objects/b1", O_RDONLY|O_CLOEXEC) = 6
17031 getdents64(6, /* 3 entries */, 4096) = 112
17031 getdents64(6, /* 0 entries */, 4096) = 0
17031 close(6)                          = 0
17031 lstat("/home/hmeng/go/src/github.com/opencontainers/runc/.git/objects/b1/f2d9ebc70acc79b0caef559d5b7035cd6ee14f", {st_mode=S_IFREG|0444, st_size=1756, ...}) = 0
17031 openat(AT_FDCWD, "/home/hmeng/go/src/github.com/opencontainers/runc/.git/objects/b1/f2d9ebc70acc79b0caef559d5b7035cd6ee14f", O_RDONLY|O_CLOEXEC) = 6
17031 close(6)                          = 0
17031 lstat("/home/hmeng/go/src/github.com/opencontainers/runc/.git/objects/bb", {st_mode=S_IFDIR|0775, st_size=51, ...}) = 0
17031 openat(AT_FDCWD, "/home/hmeng/go/src/github.com/opencontainers/runc/.git/objects/bb", O_RDONLY|O_CLOEXEC) = 6
17031 getdents64(6, /* 3 entries */, 4096) = 112
17031 getdents64(6, /* 0 entries */, 4096) = 0
17031 close(6)                          = 0
17031 lstat("/home/hmeng/go/src/github.com/opencontainers/runc/.git/objects/bb/5473fb5358bca2f4df0ff5c3a8e66ebaaecfdf", {st_mode=S_IFREG|0444, st_size=286, ...}) = 0
17031 openat(AT_FDCWD, "/home/hmeng/go/src/github.com/opencontainers/runc/.git/objects/bb/5473fb5358bca2f4df0ff5c3a8e66ebaaecfdf", O_RDONLY|O_CLOEXEC) = 6
17031 close(6)                          = 0
17031 lstat("/home/hmeng/go/src/github.com/opencontainers/runc/.git/objects/c5", {st_mode=S_IFDIR|0775, st_size=51, ...}) = 0
17031 openat(AT_FDCWD, "/home/hmeng/go/src/github.com/opencontainers/runc/.git/objects/c5", O_RDONLY|O_CLOEXEC) = 6
17031 mmap(0xc820400000, 1048576, PROT_READ|PROT_WRITE, MAP_PRIVATE|MAP_ANONYMOUS, -1, 0) = 0xc820400000
17031 mmap(0xc81ffd8000, 32768, PROT_READ|PROT_WRITE, MAP_PRIVATE|MAP_ANONYMOUS, -1, 0) = 0xc81ffd8000
17031 mmap(0xc000001000, 4096, PROT_READ|PROT_WRITE, MAP_PRIVATE|MAP_ANONYMOUS, -1, 0) = 0xc000001000
17031 clock_gettime(CLOCK_MONOTONIC, {4903, 259804418}) = 0
17031 getdents64(6, /* 3 entries */, 4096) = 112
17031 getdents64(6, /* 0 entries */, 4096) = 0
17031 close(6)                          = 0
17031 lstat("/home/hmeng/go/src/github.com/opencontainers/runc/.git/objects/c5/be72d89c392953683635679aaf5c2776c4fc88", {st_mode=S_IFREG|0444, st_size=966, ...}) = 0
17031 openat(AT_FDCWD, "/home/hmeng/go/src/github.com/opencontainers/runc/.git/objects/c5/be72d89c392953683635679aaf5c2776c4fc88", O_RDONLY|O_CLOEXEC) = 6
17031 close(6)                          = 0
17031 lstat("/home/hmeng/go/src/github.com/opencontainers/runc/.git/objects/cb", {st_mode=S_IFDIR|0775, st_size=51, ...}) = 0
17031 openat(AT_FDCWD, "/home/hmeng/go/src/github.com/opencontainers/runc/.git/objects/cb", O_RDONLY|O_CLOEXEC) = 6
17031 getdents64(6, /* 3 entries */, 4096) = 112
17031 getdents64(6, /* 0 entries */, 4096) = 0
17031 close(6)                          = 0
17031 lstat("/home/hmeng/go/src/github.com/opencontainers/runc/.git/objects/cb/46edf29072bebc7f31f82014afc47847301d85", {st_mode=S_IFREG|0444, st_size=9181, ...}) = 0
17031 openat(AT_FDCWD, "/home/hmeng/go/src/github.com/opencontainers/runc/.git/objects/cb/46edf29072bebc7f31f82014afc47847301d85", O_RDONLY|O_CLOEXEC) = 6
17031 close(6)                          = 0
17031 lstat("/home/hmeng/go/src/github.com/opencontainers/runc/.git/objects/e2", {st_mode=S_IFDIR|0775, st_size=51, ...}) = 0
17031 openat(AT_FDCWD, "/home/hmeng/go/src/github.com/opencontainers/runc/.git/objects/e2", O_RDONLY|O_CLOEXEC) = 6
17031 getdents64(6, /* 3 entries */, 4096) = 112
17031 getdents64(6, /* 0 entries */, 4096) = 0
17031 close(6)                          = 0
17031 lstat("/home/hmeng/go/src/github.com/opencontainers/runc/.git/objects/e2/d7ec02583bd36cb01c4591ca7f6a4fd8982773", {st_mode=S_IFREG|0444, st_size=1313, ...}) = 0
17031 openat(AT_FDCWD, "/home/hmeng/go/src/github.com/opencontainers/runc/.git/objects/e2/d7ec02583bd36cb01c4591ca7f6a4fd8982773", O_RDONLY|O_CLOEXEC) = 6
17031 close(6)                          = 0
17031 lstat("/home/hmeng/go/src/github.com/opencontainers/runc/.git/objects/e4", {st_mode=S_IFDIR|0775, st_size=51, ...}) = 0
17031 openat(AT_FDCWD, "/home/hmeng/go/src/github.com/opencontainers/runc/.git/objects/e4", O_RDONLY|O_CLOEXEC) = 6
17031 getdents64(6, /* 3 entries */, 4096) = 112
17031 getdents64(6, /* 0 entries */, 4096) = 0
17031 close(6)                          = 0
17031 lstat("/home/hmeng/go/src/github.com/opencontainers/runc/.git/objects/e4/0e71f521f4fcc2c0ef817fa38161d72635b113", {st_mode=S_IFREG|0444, st_size=253, ...}) = 0
17031 openat(AT_FDCWD, "/home/hmeng/go/src/github.com/opencontainers/runc/.git/objects/e4/0e71f521f4fcc2c0ef817fa38161d72635b113", O_RDONLY|O_CLOEXEC) = 6
17031 close(6)                          = 0
17031 lstat("/home/hmeng/go/src/github.com/opencontainers/runc/.git/objects/info", {st_mode=S_IFDIR|0775, st_size=6, ...}) = 0
17031 openat(AT_FDCWD, "/home/hmeng/go/src/github.com/opencontainers/runc/.git/objects/info", O_RDONLY|O_CLOEXEC) = 6
17031 getdents64(6, /* 2 entries */, 4096) = 48
17031 getdents64(6, /* 0 entries */, 4096) = 0
17031 close(6)                          = 0
17031 lstat("/home/hmeng/go/src/github.com/opencontainers/runc/.git/objects/pack", {st_mode=S_IFDIR|0775, st_size=4096, ...}) = 0
17031 openat(AT_FDCWD, "/home/hmeng/go/src/github.com/opencontainers/runc/.git/objects/pack", O_RDONLY|O_CLOEXEC) = 6
17031 getdents64(6, /* 6 entries */, 4096) = 336
17031 getdents64(6, /* 0 entries */, 4096) = 0
17031 close(6)                          = 0
17031 lstat("/home/hmeng/go/src/github.com/opencontainers/runc/.git/objects/pack/pack-723fb8a5eedebc547d526169ffc7238507005887.idx", {st_mode=S_IFREG|0444, st_size=357372, ...}) = 0
17031 openat(AT_FDCWD, "/home/hmeng/go/src/github.com/opencontainers/runc/.git/objects/pack/pack-723fb8a5eedebc547d526169ffc7238507005887.idx", O_RDONLY|O_CLOEXEC) = 6
17031 close(6)                          = 0
17031 lstat("/home/hmeng/go/src/github.com/opencontainers/runc/.git/objects/pack/pack-723fb8a5eedebc547d526169ffc7238507005887.pack", {st_mode=S_IFREG|0444, st_size=3393300, ...}) = 0
17031 openat(AT_FDCWD, "/home/hmeng/go/src/github.com/opencontainers/runc/.git/objects/pack/pack-723fb8a5eedebc547d526169ffc7238507005887.pack", O_RDONLY|O_CLOEXEC) = 6
17031 close(6)                          = 0
17031 lstat("/home/hmeng/go/src/github.com/opencontainers/runc/.git/objects/pack/pack-79323b7e740fa0c9a9e920e9c53ab1aa798045fe.idx", {st_mode=S_IFREG|0444, st_size=4992, ...}) = 0
17031 openat(AT_FDCWD, "/home/hmeng/go/src/github.com/opencontainers/runc/.git/objects/pack/pack-79323b7e740fa0c9a9e920e9c53ab1aa798045fe.idx", O_RDONLY|O_CLOEXEC) = 6
17031 close(6)                          = 0
17031 lstat("/home/hmeng/go/src/github.com/opencontainers/runc/.git/objects/pack/pack-79323b7e740fa0c9a9e920e9c53ab1aa798045fe.pack", {st_mode=S_IFREG|0444, st_size=117731, ...}) = 0
17031 openat(AT_FDCWD, "/home/hmeng/go/src/github.com/opencontainers/runc/.git/objects/pack/pack-79323b7e740fa0c9a9e920e9c53ab1aa798045fe.pack", O_RDONLY|O_CLOEXEC) = 6
17031 close(6)                          = 0
17031 lstat("/home/hmeng/go/src/github.com/opencontainers/runc/.git/packed-refs", {st_mode=S_IFREG|0664, st_size=1355, ...}) = 0
17031 openat(AT_FDCWD, "/home/hmeng/go/src/github.com/opencontainers/runc/.git/packed-refs", O_RDONLY|O_CLOEXEC) = 6
17031 close(6)                          = 0
17031 lstat("/home/hmeng/go/src/github.com/opencontainers/runc/.git/refs", {st_mode=S_IFDIR|0775, st_size=43, ...}) = 0
17031 openat(AT_FDCWD, "/home/hmeng/go/src/github.com/opencontainers/runc/.git/refs", O_RDONLY|O_CLOEXEC) = 6
17031 getdents64(6, /* 5 entries */, 4096) = 136
17031 getdents64(6, /* 0 entries */, 4096) = 0
17031 close(6)                          = 0
17031 lstat("/home/hmeng/go/src/github.com/opencontainers/runc/.git/refs/heads", {st_mode=S_IFDIR|0775, st_size=29, ...}) = 0
17031 openat(AT_FDCWD, "/home/hmeng/go/src/github.com/opencontainers/runc/.git/refs/heads", O_RDONLY|O_CLOEXEC) = 6
17031 getdents64(6, /* 4 entries */, 4096) = 104
17031 getdents64(6, /* 0 entries */, 4096) = 0
17031 close(6)                          = 0
17031 lstat("/home/hmeng/go/src/github.com/opencontainers/runc/.git/refs/heads/901", {st_mode=S_IFREG|0664, st_size=41, ...}) = 0
17031 openat(AT_FDCWD, "/home/hmeng/go/src/github.com/opencontainers/runc/.git/refs/heads/901", O_RDONLY|O_CLOEXEC) = 6
17031 close(6)                          = 0
17031 lstat("/home/hmeng/go/src/github.com/opencontainers/runc/.git/refs/heads/master", {st_mode=S_IFREG|0664, st_size=41, ...}) = 0
17031 openat(AT_FDCWD, "/home/hmeng/go/src/github.com/opencontainers/runc/.git/refs/heads/master", O_RDONLY|O_CLOEXEC) = 6
17031 close(6)                          = 0
17031 lstat("/home/hmeng/go/src/github.com/opencontainers/runc/.git/refs/remotes", {st_mode=S_IFDIR|0775, st_size=19, ...}) = 0
17031 openat(AT_FDCWD, "/home/hmeng/go/src/github.com/opencontainers/runc/.git/refs/remotes", O_RDONLY|O_CLOEXEC) = 6
17031 getdents64(6, /* 3 entries */, 4096) = 80
17031 getdents64(6, /* 0 entries */, 4096) = 0
17031 close(6)                          = 0
17031 lstat("/home/hmeng/go/src/github.com/opencontainers/runc/.git/refs/remotes/origin", {st_mode=S_IFDIR|0775, st_size=17, ...}) = 0
17031 openat(AT_FDCWD, "/home/hmeng/go/src/github.com/opencontainers/runc/.git/refs/remotes/origin", O_RDONLY|O_CLOEXEC) = 6
17031 getdents64(6, /* 3 entries */, 4096) = 72
17031 getdents64(6, /* 0 entries */, 4096) = 0
17031 close(6)                          = 0
17031 lstat("/home/hmeng/go/src/github.com/opencontainers/runc/.git/refs/remotes/origin/HEAD", {st_mode=S_IFREG|0664, st_size=32, ...}) = 0
17031 openat(AT_FDCWD, "/home/hmeng/go/src/github.com/opencontainers/runc/.git/refs/remotes/origin/HEAD", O_RDONLY|O_CLOEXEC) = 6
17031 close(6)                          = 0
17031 lstat("/home/hmeng/go/src/github.com/opencontainers/runc/.git/refs/tags", {st_mode=S_IFDIR|0775, st_size=6, ...}) = 0
17031 openat(AT_FDCWD, "/home/hmeng/go/src/github.com/opencontainers/runc/.git/refs/tags", O_RDONLY|O_CLOEXEC) = 6
17031 getdents64(6, /* 2 entries */, 4096) = 48
17031 getdents64(6, /* 0 entries */, 4096) = 0
17031 close(6)                          = 0
17031 lstat("/home/hmeng/go/src/github.com/opencontainers/runc/.gitignore", {st_mode=S_IFREG|0664, st_size=79, ...}) = 0
17031 openat(AT_FDCWD, "/home/hmeng/go/src/github.com/opencontainers/runc/.gitignore", O_RDONLY|O_CLOEXEC) = 6
17031 close(6)                          = 0
17031 lstat("/home/hmeng/go/src/github.com/opencontainers/runc/.pullapprove.yml", {st_mode=S_IFREG|0664, st_size=188, ...}) = 0
17031 openat(AT_FDCWD, "/home/hmeng/go/src/github.com/opencontainers/runc/.pullapprove.yml", O_RDONLY|O_CLOEXEC) = 6
17031 close(6)                          = 0
17031 lstat("/home/hmeng/go/src/github.com/opencontainers/runc/CONTRIBUTING.md", {st_mode=S_IFREG|0664, st_size=4900, ...}) = 0
17031 openat(AT_FDCWD, "/home/hmeng/go/src/github.com/opencontainers/runc/CONTRIBUTING.md", O_RDONLY|O_CLOEXEC) = 6
17031 close(6)                          = 0
17031 lstat("/home/hmeng/go/src/github.com/opencontainers/runc/Dockerfile", {st_mode=S_IFREG|0664, st_size=69, ...}) = 0
17031 openat(AT_FDCWD, "/home/hmeng/go/src/github.com/opencontainers/runc/Dockerfile", O_RDONLY|O_CLOEXEC) = 6
17031 close(6)                          = 0
17031 lstat("/home/hmeng/go/src/github.com/opencontainers/runc/Godeps", {st_mode=S_IFDIR|0775, st_size=54, ...}) = 0
17031 openat(AT_FDCWD, "/home/hmeng/go/src/github.com/opencontainers/runc/Godeps", O_RDONLY|O_CLOEXEC) = 6
17031 getdents64(6, /* 5 entries */, 4096) = 144
17031 getdents64(6, /* 0 entries */, 4096) = 0
17031 close(6)                          = 0
17031 lstat("/home/hmeng/go/src/github.com/opencontainers/runc/Godeps/Godeps.json", {st_mode=S_IFREG|0664, st_size=2143, ...}) = 0
17031 openat(AT_FDCWD, "/home/hmeng/go/src/github.com/opencontainers/runc/Godeps/Godeps.json", O_RDONLY|O_CLOEXEC) = 6
17031 close(6)                          = 0
17031 lstat("/home/hmeng/go/src/github.com/opencontainers/runc/Godeps/Readme", {st_mode=S_IFREG|0664, st_size=136, ...}) = 0
17031 openat(AT_FDCWD, "/home/hmeng/go/src/github.com/opencontainers/runc/Godeps/Readme", O_RDONLY|O_CLOEXEC) = 6
17031 close(6)                          = 0
17031 lstat("/home/hmeng/go/src/github.com/opencontainers/runc/Godeps/_workspace", {st_mode=S_IFDIR|0775, st_size=43, ...}) = 0
17031 openat(AT_FDCWD, "/home/hmeng/go/src/github.com/opencontainers/runc/Godeps/_workspace", O_RDONLY|O_CLOEXEC) = 6
17031 getdents64(6, /* 5 entries */, 4096) = 128
17031 getdents64(6, /* 0 entries */, 4096) = 0
17031 close(6)                          = 0
17031 lstat("/home/hmeng/go/src/github.com/opencontainers/runc/Godeps/_workspace/.gitignore", {st_mode=S_IFREG|0664, st_size=10, ...}) = 0
17031 openat(AT_FDCWD, "/home/hmeng/go/src/github.com/opencontainers/runc/Godeps/_workspace/.gitignore", O_RDONLY|O_CLOEXEC) = 6
17031 close(6)                          = 0
17031 lstat("/home/hmeng/go/src/github.com/opencontainers/runc/Godeps/_workspace/pkg", {st_mode=S_IFDIR|0775, st_size=24, ...}) = 0
17031 openat(AT_FDCWD, "/home/hmeng/go/src/github.com/opencontainers/runc/Godeps/_workspace/pkg", O_RDONLY|O_CLOEXEC) = 6
17031 getdents64(6, /* 3 entries */, 4096) = 80
17031 getdents64(6, /* 0 entries */, 4096) = 0
17031 close(6)                          = 0
17031 lstat("/home/hmeng/go/src/github.com/opencontainers/runc/Godeps/_workspace/pkg/linux_amd64", {st_mode=S_IFDIR|0775, st_size=23, ...}) = 0
17031 openat(AT_FDCWD, "/home/hmeng/go/src/github.com/opencontainers/runc/Godeps/_workspace/pkg/linux_amd64", O_RDONLY|O_CLOEXEC) = 6
17031 getdents64(6, /* 3 entries */, 4096) = 80
17031 getdents64(6, /* 0 entries */, 4096) = 0
17031 close(6)                          = 0
17031 lstat("/home/hmeng/go/src/github.com/opencontainers/runc/Godeps/_workspace/pkg/linux_amd64/github.com", {st_mode=S_IFDIR|0775, st_size=4096, ...}) = 0
17031 openat(AT_FDCWD, "/home/hmeng/go/src/github.com/opencontainers/runc/Godeps/_workspace/pkg/linux_amd64/github.com", O_RDONLY|O_CLOEXEC) = 6
17031 getdents64(6, /* 12 entries */, 4096) = 376
17031 getdents64(6, /* 0 entries */, 4096) = 0
17031 close(6)                          = 0
17031 lstat("/home/hmeng/go/src/github.com/opencontainers/runc/Godeps/_workspace/pkg/linux_amd64/github.com/Sirupsen", {st_mode=S_IFDIR|0775, st_size=21, ...}) = 0
17031 openat(AT_FDCWD, "/home/hmeng/go/src/github.com/opencontainers/runc/Godeps/_workspace/pkg/linux_amd64/github.com/Sirupsen", O_RDONLY|O_CLOEXEC) = 6
17031 getdents64(6, /* 3 entries */, 4096) = 80
17031 getdents64(6, /* 0 entries */, 4096) = 0
17031 close(6)                          = 0
17031 lstat("/home/hmeng/go/src/github.com/opencontainers/runc/Godeps/_workspace/pkg/linux_amd64/github.com/Sirupsen/logrus.a", {st_mode=S_IFREG|0664, st_size=306672, ...}) = 0
17031 openat(AT_FDCWD, "/home/hmeng/go/src/github.com/opencontainers/runc/Godeps/_workspace/pkg/linux_amd64/github.com/Sirupsen/logrus.a", O_RDONLY|O_CLOEXEC) = 6
17031 close(6)                          = 0
17031 lstat("/home/hmeng/go/src/github.com/opencontainers/runc/Godeps/_workspace/pkg/linux_amd64/github.com/coreos", {st_mode=S_IFDIR|0775, st_size=23, ...}) = 0
17031 openat(AT_FDCWD, "/home/hmeng/go/src/github.com/opencontainers/runc/Godeps/_workspace/pkg/linux_amd64/github.com/coreos", O_RDONLY|O_CLOEXEC) = 6
17031 getdents64(6, /* 3 entries */, 4096) = 80
17031 getdents64(6, /* 0 entries */, 4096) = 0
17031 close(6)                          = 0
17031 lstat("/home/hmeng/go/src/github.com/opencontainers/runc/Godeps/_workspace/pkg/linux_amd64/github.com/coreos/go-systemd", {st_mode=S_IFDIR|0775, st_size=51, ...}) = 0
17031 openat(AT_FDCWD, "/home/hmeng/go/src/github.com/opencontainers/runc/Godeps/_workspace/pkg/linux_amd64/github.com/coreos/go-systemd", O_RDONLY|O_CLOEXEC) = 6
17031 getdents64(6, /* 5 entries */, 4096) = 144
17031 getdents64(6, /* 0 entries */, 4096) = 0
17031 close(6)                          = 0
17031 lstat("/home/hmeng/go/src/github.com/opencontainers/runc/Godeps/_workspace/pkg/linux_amd64/github.com/coreos/go-systemd/activation.a", {st_mode=S_IFREG|0664, st_size=65368, ...}) = 0
17031 openat(AT_FDCWD, "/home/hmeng/go/src/github.com/opencontainers/runc/Godeps/_workspace/pkg/linux_amd64/github.com/coreos/go-systemd/activation.a", O_RDONLY|O_CLOEXEC) = 6
17031 close(6)                          = 0
17031 lstat("/home/hmeng/go/src/github.com/opencontainers/runc/Godeps/_workspace/pkg/linux_amd64/github.com/coreos/go-systemd/dbus.a", {st_mode=S_IFREG|0664, st_size=429210, ...}) = 0
17031 openat(AT_FDCWD, "/home/hmeng/go/src/github.com/opencontainers/runc/Godeps/_workspace/pkg/linux_amd64/github.com/coreos/go-systemd/dbus.a", O_RDONLY|O_CLOEXEC) = 6
17031 close(6)                          = 0
17031 lstat("/home/hmeng/go/src/github.com/opencontainers/runc/Godeps/_workspace/pkg/linux_amd64/github.com/coreos/go-systemd/util.a", {st_mode=S_IFREG|0664, st_size=2206, ...}) = 0
17031 openat(AT_FDCWD, "/home/hmeng/go/src/github.com/opencontainers/runc/Godeps/_workspace/pkg/linux_amd64/github.com/coreos/go-systemd/util.a", O_RDONLY|O_CLOEXEC) = 6
17031 close(6)                          = 0
17031 lstat("/home/hmeng/go/src/github.com/opencontainers/runc/Godeps/_workspace/pkg/linux_amd64/github.com/docker", {st_mode=S_IFDIR|0775, st_size=36, ...}) = 0
17031 openat(AT_FDCWD, "/home/hmeng/go/src/github.com/opencontainers/runc/Godeps/_workspace/pkg/linux_amd64/github.com/docker", O_RDONLY|O_CLOEXEC) = 6
17031 getdents64(6, /* 4 entries */, 4096) = 112
17031 getdents64(6, /* 0 entries */, 4096) = 0
17031 close(6)                          = 0
17031 lstat("/home/hmeng/go/src/github.com/opencontainers/runc/Godeps/_workspace/pkg/linux_amd64/github.com/docker/docker", {st_mode=S_IFDIR|0775, st_size=16, ...}) = 0
17031 openat(AT_FDCWD, "/home/hmeng/go/src/github.com/opencontainers/runc/Godeps/_workspace/pkg/linux_amd64/github.com/docker/docker", O_RDONLY|O_CLOEXEC) = 6
17031 getdents64(6, /* 3 entries */, 4096) = 72
17031 getdents64(6, /* 0 entries */, 4096) = 0
17031 close(6)                          = 0
17031 lstat("/home/hmeng/go/src/github.com/opencontainers/runc/Godeps/_workspace/pkg/linux_amd64/github.com/docker/docker/pkg", {st_mode=S_IFDIR|0775, st_size=49, ...}) = 0
17031 openat(AT_FDCWD, "/home/hmeng/go/src/github.com/opencontainers/runc/Godeps/_workspace/pkg/linux_amd64/github.com/docker/docker/pkg", O_RDONLY|O_CLOEXEC) = 6
17031 getdents64(6, /* 5 entries */, 4096) = 144
17031 getdents64(6, /* 0 entries */, 4096) = 0
17031 close(6)                          = 0
17031 lstat("/home/hmeng/go/src/github.com/opencontainers/runc/Godeps/_workspace/pkg/linux_amd64/github.com/docker/docker/pkg/mount.a", {st_mode=S_IFREG|0664, st_size=83634, ...}) = 0
17031 openat(AT_FDCWD, "/home/hmeng/go/src/github.com/opencontainers/runc/Godeps/_workspace/pkg/linux_amd64/github.com/docker/docker/pkg/mount.a", O_RDONLY|O_CLOEXEC) = 6
17031 close(6)                          = 0
17031 lstat("/home/hmeng/go/src/github.com/opencontainers/runc/Godeps/_workspace/pkg/linux_amd64/github.com/docker/docker/pkg/symlink.a", {st_mode=S_IFREG|0664, st_size=15008, ...}) = 0
17031 openat(AT_FDCWD, "/home/hmeng/go/src/github.com/opencontainers/runc/Godeps/_workspace/pkg/linux_amd64/github.com/docker/docker/pkg/symlink.a", O_RDONLY|O_CLOEXEC) = 6
17031 close(6)                          = 0
17031 lstat("/home/hmeng/go/src/github.com/opencontainers/runc/Godeps/_workspace/pkg/linux_amd64/github.com/docker/docker/pkg/term.a", {st_mode=S_IFREG|0664, st_size=78892, ...}) = 0
17031 openat(AT_FDCWD, "/home/hmeng/go/src/github.com/opencontainers/runc/Godeps/_workspace/pkg/linux_amd64/github.com/docker/docker/pkg/term.a", O_RDONLY|O_CLOEXEC) = 6
17031 close(6)                          = 0
17031 lstat("/home/hmeng/go/src/github.com/opencontainers/runc/Godeps/_workspace/pkg/linux_amd64/github.com/docker/go-units.a", {st_mode=S_IFREG|0664, st_size=53948, ...}) = 0
17031 openat(AT_FDCWD, "/home/hmeng/go/src/github.com/opencontainers/runc/Godeps/_workspace/pkg/linux_amd64/github.com/docker/go-units.a", O_RDONLY|O_CLOEXEC) = 6
17031 close(6)                          = 0
17031 lstat("/home/hmeng/go/src/github.com/opencontainers/runc/Godeps/_workspace/pkg/linux_amd64/github.com/godbus", {st_mode=S_IFDIR|0775, st_size=19, ...}) = 0
17031 openat(AT_FDCWD, "/home/hmeng/go/src/github.com/opencontainers/runc/Godeps/_workspace/pkg/linux_amd64/github.com/godbus", O_RDONLY|O_CLOEXEC) = 6
17031 getdents64(6, /* 3 entries */, 4096) = 80
17031 getdents64(6, /* 0 entries */, 4096) = 0
17031 close(6)                          = 0
17031 lstat("/home/hmeng/go/src/github.com/opencontainers/runc/Godeps/_workspace/pkg/linux_amd64/github.com/godbus/dbus.a", {st_mode=S_IFREG|0664, st_size=1291148, ...}) = 0
17031 openat(AT_FDCWD, "/home/hmeng/go/src/github.com/opencontainers/runc/Godeps/_workspace/pkg/linux_amd64/github.com/godbus/dbus.a", O_RDONLY|O_CLOEXEC) = 6
17031 close(6)                          = 0
17031 lstat("/home/hmeng/go/src/github.com/opencontainers/runc/Godeps/_workspace/pkg/linux_amd64/github.com/golang", {st_mode=S_IFDIR|0775, st_size=21, ...}) = 0
17031 openat(AT_FDCWD, "/home/hmeng/go/src/github.com/opencontainers/runc/Godeps/_workspace/pkg/linux_amd64/github.com/golang", O_RDONLY|O_CLOEXEC) = 6
17031 getdents64(6, /* 3 entries */, 4096) = 80
17031 getdents64(6, /* 0 entries */, 4096) = 0
17031 close(6)                          = 0
17031 lstat("/home/hmeng/go/src/github.com/opencontainers/runc/Godeps/_workspace/pkg/linux_amd64/github.com/golang/protobuf", {st_mode=S_IFDIR|0775, st_size=20, ...}) = 0
17031 openat(AT_FDCWD, "/home/hmeng/go/src/github.com/opencontainers/runc/Godeps/_workspace/pkg/linux_amd64/github.com/golang/protobuf", O_RDONLY|O_CLOEXEC) = 6
17031 getdents64(6, /* 3 entries */, 4096) = 80
17031 getdents64(6, /* 0 entries */, 4096) = 0
17031 close(6)                          = 0
17031 lstat("/home/hmeng/go/src/github.com/opencontainers/runc/Godeps/_workspace/pkg/linux_amd64/github.com/golang/protobuf/proto.a", {st_mode=S_IFREG|0664, st_size=1126126, ...}) = 0
17031 openat(AT_FDCWD, "/home/hmeng/go/src/github.com/opencontainers/runc/Godeps/_workspace/pkg/linux_amd64/github.com/golang/protobuf/proto.a", O_RDONLY|O_CLOEXEC) = 6
17031 close(6)                          = 0
17031 lstat("/home/hmeng/go/src/github.com/opencontainers/runc/Godeps/_workspace/pkg/linux_amd64/github.com/opencontainers", {st_mode=S_IFDIR|0775, st_size=36, ...}) = 0
17031 openat(AT_FDCWD, "/home/hmeng/go/src/github.com/opencontainers/runc/Godeps/_workspace/pkg/linux_amd64/github.com/opencontainers", O_RDONLY|O_CLOEXEC) = 6
17031 getdents64(6, /* 4 entries */, 4096) = 104
17031 getdents64(6, /* 0 entries */, 4096) = 0
17031 close(6)                          = 0
17031 lstat("/home/hmeng/go/src/github.com/opencontainers/runc/Godeps/_workspace/pkg/linux_amd64/github.com/opencontainers/runc", {st_mode=S_IFDIR|0775, st_size=46, ...}) = 0
17031 openat(AT_FDCWD, "/home/hmeng/go/src/github.com/opencontainers/runc/Godeps/_workspace/pkg/linux_amd64/github.com/opencontainers/runc", O_RDONLY|O_CLOEXEC) = 6
17031 getdents64(6, /* 4 entries */, 4096) = 120
17031 getdents64(6, /* 0 entries */, 4096) = 0
17031 close(6)                          = 0
17031 lstat("/home/hmeng/go/src/github.com/opencontainers/runc/Godeps/_workspace/pkg/linux_amd64/github.com/opencontainers/runc/libcontainer", {st_mode=S_IFDIR|0775, st_size=4096, ...}) = 0
17031 openat(AT_FDCWD, "/home/hmeng/go/src/github.com/opencontainers/runc/Godeps/_workspace/pkg/linux_amd64/github.com/opencontainers/runc/libcontainer", O_RDONLY|O_CLOEXEC) = 6
17031 getdents64(6, /* 18 entries */, 4096) = 560
17031 getdents64(6, /* 0 entries */, 4096) = 0
17031 close(6)                          = 0
17031 lstat("/home/hmeng/go/src/github.com/opencontainers/runc/Godeps/_workspace/pkg/linux_amd64/github.com/opencontainers/runc/libcontainer/apparmor.a", {st_mode=S_IFREG|0664, st_size=3356, ...}) = 0
17031 openat(AT_FDCWD, "/home/hmeng/go/src/github.com/opencontainers/runc/Godeps/_workspace/pkg/linux_amd64/github.com/opencontainers/runc/libcontainer/apparmor.a", O_RDONLY|O_CLOEXEC) = 6
17031 close(6)                          = 0
17031 lstat("/home/hmeng/go/src/github.com/opencontainers/runc/Godeps/_workspace/pkg/linux_amd64/github.com/opencontainers/runc/libcontainer/cgroups", {st_mode=S_IFDIR|0775, st_size=33, ...}) = 0
17031 openat(AT_FDCWD, "/home/hmeng/go/src/github.com/opencontainers/runc/Godeps/_workspace/pkg/linux_amd64/github.com/opencontainers/runc/libcontainer/cgroups", O_RDONLY|O_CLOEXEC) = 6
17031 getdents64(6, /* 4 entries */, 4096) = 104
17031 getdents64(6, /* 0 entries */, 4096) = 0
17031 close(6)                          = 0
17031 lstat("/home/hmeng/go/src/github.com/opencontainers/runc/Godeps/_workspace/pkg/linux_amd64/github.com/opencontainers/runc/libcontainer/cgroups/fs.a", {st_mode=S_IFREG|0664, st_size=473892, ...}) = 0
17031 openat(AT_FDCWD, "/home/hmeng/go/src/github.com/opencontainers/runc/Godeps/_workspace/pkg/linux_amd64/github.com/opencontainers/runc/libcontainer/cgroups/fs.a", O_RDONLY|O_CLOEXEC) = 6
17031 close(6)                          = 0
17031 lstat("/home/hmeng/go/src/github.com/opencontainers/runc/Godeps/_workspace/pkg/linux_amd64/github.com/opencontainers/runc/libcontainer/cgroups/systemd.a", {st_mode=S_IFREG|0664, st_size=183698, ...}) = 0
17031 openat(AT_FDCWD, "/home/hmeng/go/src/github.com/opencontainers/runc/Godeps/_workspace/pkg/linux_amd64/github.com/opencontainers/runc/libcontainer/cgroups/systemd.a", O_RDONLY|O_CLOEXEC) = 6
17031 close(6)                          = 0
17031 lstat("/home/hmeng/go/src/github.com/opencontainers/runc/Godeps/_workspace/pkg/linux_amd64/github.com/opencontainers/runc/libcontainer/cgroups.a", {st_mode=S_IFREG|0664, st_size=196522, ...}) = 0
17031 openat(AT_FDCWD, "/home/hmeng/go/src/github.com/opencontainers/runc/Godeps/_workspace/pkg/linux_amd64/github.com/opencontainers/runc/libcontainer/cgroups.a", O_RDONLY|O_CLOEXEC) = 6
17031 close(6)                          = 0
17031 lstat("/home/hmeng/go/src/github.com/opencontainers/runc/Godeps/_workspace/pkg/linux_amd64/github.com/opencontainers/runc/libcontainer/configs", {st_mode=S_IFDIR|0775, st_size=23, ...}) = 0
17031 openat(AT_FDCWD, "/home/hmeng/go/src/github.com/opencontainers/runc/Godeps/_workspace/pkg/linux_amd64/github.com/opencontainers/runc/libcontainer/configs", O_RDONLY|O_CLOEXEC) = 6
17031 getdents64(6, /* 3 entries */, 4096) = 80
17031 getdents64(6, /* 0 entries */, 4096) = 0
17031 close(6)                          = 0
17031 lstat("/home/hmeng/go/src/github.com/opencontainers/runc/Godeps/_workspace/pkg/linux_amd64/github.com/opencontainers/runc/libcontainer/configs/validate.a", {st_mode=S_IFREG|0664, st_size=82022, ...}) = 0
17031 openat(AT_FDCWD, "/home/hmeng/go/src/github.com/opencontainers/runc/Godeps/_workspace/pkg/linux_amd64/github.com/opencontainers/runc/libcontainer/configs/validate.a", O_RDONLY|O_CLOEXEC) = 6
17031 close(6)                          = 0
17031 lstat("/home/hmeng/go/src/github.com/opencontainers/runc/Godeps/_workspace/pkg/linux_amd64/github.com/opencontainers/runc/libcontainer/configs.a", {st_mode=S_IFREG|0664, st_size=319926, ...}) = 0
17031 openat(AT_FDCWD, "/home/hmeng/go/src/github.com/opencontainers/runc/Godeps/_workspace/pkg/linux_amd64/github.com/opencontainers/runc/libcontainer/configs.a", O_RDONLY|O_CLOEXEC) = 6
17031 close(6)                          = 0
17031 lstat("/home/hmeng/go/src/github.com/opencontainers/runc/Godeps/_workspace/pkg/linux_amd64/github.com/opencontainers/runc/libcontainer/criurpc.a", {st_mode=S_IFREG|0664, st_size=324692, ...}) = 0
17031 openat(AT_FDCWD, "/home/hmeng/go/src/github.com/opencontainers/runc/Godeps/_workspace/pkg/linux_amd64/github.com/opencontainers/runc/libcontainer/criurpc.a", O_RDONLY|O_CLOEXEC) = 6
17031 close(6)                          = 0
17031 lstat("/home/hmeng/go/src/github.com/opencontainers/runc/Godeps/_workspace/pkg/linux_amd64/github.com/opencontainers/runc/libcontainer/keys.a", {st_mode=S_IFREG|0664, st_size=14138, ...}) = 0
17031 openat(AT_FDCWD, "/home/hmeng/go/src/github.com/opencontainers/runc/Godeps/_workspace/pkg/linux_amd64/github.com/opencontainers/runc/libcontainer/keys.a", O_RDONLY|O_CLOEXEC) = 6
17031 close(6)                          = 0
17031 lstat("/home/hmeng/go/src/github.com/opencontainers/runc/Godeps/_workspace/pkg/linux_amd64/github.com/opencontainers/runc/libcontainer/label.a", {st_mode=S_IFREG|0664, st_size=11376, ...}) = 0
17031 openat(AT_FDCWD, "/home/hmeng/go/src/github.com/opencontainers/runc/Godeps/_workspace/pkg/linux_amd64/github.com/opencontainers/runc/libcontainer/label.a", O_RDONLY|O_CLOEXEC) = 6
17031 close(6)                          = 0
17031 lstat("/home/hmeng/go/src/github.com/opencontainers/runc/Godeps/_workspace/pkg/linux_amd64/github.com/opencontainers/runc/libcontainer/nsenter.a", {st_mode=S_IFREG|0664, st_size=62122, ...}) = 0
17031 openat(AT_FDCWD, "/home/hmeng/go/src/github.com/opencontainers/runc/Godeps/_workspace/pkg/linux_amd64/github.com/opencontainers/runc/libcontainer/nsenter.a", O_RDONLY|O_CLOEXEC) = 6
17031 close(6)                          = 0
17031 lstat("/home/hmeng/go/src/github.com/opencontainers/runc/Godeps/_workspace/pkg/linux_amd64/github.com/opencontainers/runc/libcontainer/seccomp.a", {st_mode=S_IFREG|0664, st_size=105872, ...}) = 0
17031 openat(AT_FDCWD, "/home/hmeng/go/src/github.com/opencontainers/runc/Godeps/_workspace/pkg/linux_amd64/github.com/opencontainers/runc/libcontainer/seccomp.a", O_RDONLY|O_CLOEXEC) = 6
17031 close(6)                          = 0
17031 lstat("/home/hmeng/go/src/github.com/opencontainers/runc/Godeps/_workspace/pkg/linux_amd64/github.com/opencontainers/runc/libcontainer/selinux.a", {st_mode=S_IFREG|0664, st_size=117138, ...}) = 0
17031 openat(AT_FDCWD, "/home/hmeng/go/src/github.com/opencontainers/runc/Godeps/_workspace/pkg/linux_amd64/github.com/opencontainers/runc/libcontainer/selinux.a", O_RDONLY|O_CLOEXEC) = 6
17031 close(6)                          = 0
17031 lstat("/home/hmeng/go/src/github.com/opencontainers/runc/Godeps/_workspace/pkg/linux_amd64/github.com/opencontainers/runc/libcontainer/specconv.a", {st_mode=S_IFREG|0664, st_size=252134, ...}) = 0
17031 openat(AT_FDCWD, "/home/hmeng/go/src/github.com/opencontainers/runc/Godeps/_workspace/pkg/linux_amd64/github.com/opencontainers/runc/libcontainer/specconv.a", O_RDONLY|O_CLOEXEC) = 6
17031 close(6)                          = 0
17031 lstat("/home/hmeng/go/src/github.com/opencontainers/runc/Godeps/_workspace/pkg/linux_amd64/github.com/opencontainers/runc/libcontainer/stacktrace.a", {st_mode=S_IFREG|0664, st_size=12792, ...}) = 0
17031 openat(AT_FDCWD, "/home/hmeng/go/src/github.com/opencontainers/runc/Godeps/_workspace/pkg/linux_amd64/github.com/opencontainers/runc/libcontainer/stacktrace.a", O_RDONLY|O_CLOEXEC) = 6
17031 close(6)                          = 0
17031 lstat("/home/hmeng/go/src/github.com/opencontainers/runc/Godeps/_workspace/pkg/linux_amd64/github.com/opencontainers/runc/libcontainer/system.a", {st_mode=S_IFREG|0664, st_size=100902, ...}) = 0
17031 openat(AT_FDCWD, "/home/hmeng/go/src/github.com/opencontainers/runc/Godeps/_workspace/pkg/linux_amd64/github.com/opencontainers/runc/libcontainer/system.a", O_RDONLY|O_CLOEXEC) = 6
17031 close(6)                          = 0
17031 lstat("/home/hmeng/go/src/github.com/opencontainers/runc/Godeps/_workspace/pkg/linux_amd64/github.com/opencontainers/runc/libcontainer/user.a",  <unfinished ...>
17032 <... select resumed> )            = 0 (Timeout)
17032 clock_gettime(CLOCK_MONOTONIC, {4903, 269328225}) = 0
17032 clock_gettime(CLOCK_REALTIME, {1465918769, 53367564}) = 0
17032 epoll_wait(5, {}, 128, 0)         = 0
17032 select(0, NULL, NULL, NULL, {0, 10000} <unfinished ...>
17031 <... lstat resumed> {st_mode=S_IFREG|0664, st_size=142022, ...}) = 0
17031 openat(AT_FDCWD, "/home/hmeng/go/src/github.com/opencontainers/runc/Godeps/_workspace/pkg/linux_amd64/github.com/opencontainers/runc/libcontainer/user.a", O_RDONLY|O_CLOEXEC) = 6
17031 close(6)                          = 0
17031 lstat("/home/hmeng/go/src/github.com/opencontainers/runc/Godeps/_workspace/pkg/linux_amd64/github.com/opencontainers/runc/libcontainer/utils.a", {st_mode=S_IFREG|0664, st_size=27038, ...}) = 0
17031 openat(AT_FDCWD, "/home/hmeng/go/src/github.com/opencontainers/runc/Godeps/_workspace/pkg/linux_amd64/github.com/opencontainers/runc/libcontainer/utils.a", O_RDONLY|O_CLOEXEC) = 6
17031 close(6)                          = 0
17031 lstat("/home/hmeng/go/src/github.com/opencontainers/runc/Godeps/_workspace/pkg/linux_amd64/github.com/opencontainers/runc/libcontainer.a", {st_mode=S_IFREG|0664, st_size=1242212, ...}) = 0
17031 openat(AT_FDCWD, "/home/hmeng/go/src/github.com/opencontainers/runc/Godeps/_workspace/pkg/linux_amd64/github.com/opencontainers/runc/libcontainer.a", O_RDONLY|O_CLOEXEC) = 6
17031 close(6)                          = 0
17031 lstat("/home/hmeng/go/src/github.com/opencontainers/runc/Godeps/_workspace/pkg/linux_amd64/github.com/opencontainers/runtime-spec", {st_mode=S_IFDIR|0775, st_size=23, ...}) = 0
17031 openat(AT_FDCWD, "/home/hmeng/go/src/github.com/opencontainers/runc/Godeps/_workspace/pkg/linux_amd64/github.com/opencontainers/runtime-spec", O_RDONLY|O_CLOEXEC) = 6
17031 getdents64(6, /* 3 entries */, 4096) = 80
17031 getdents64(6, /* 0 entries */, 4096) = 0
17031 close(6)                          = 0
17031 lstat("/home/hmeng/go/src/github.com/opencontainers/runc/Godeps/_workspace/pkg/linux_amd64/github.com/opencontainers/runtime-spec/specs-go.a", {st_mode=S_IFREG|0664, st_size=155714, ...}) = 0
17031 openat(AT_FDCWD, "/home/hmeng/go/src/github.com/opencontainers/runc/Godeps/_workspace/pkg/linux_amd64/github.com/opencontainers/runtime-spec/specs-go.a", O_RDONLY|O_CLOEXEC) = 6
17031 close(6)                          = 0
17031 lstat("/home/hmeng/go/src/github.com/opencontainers/runc/Godeps/_workspace/pkg/linux_amd64/github.com/seccomp", {st_mode=S_IFDIR|0775, st_size=32, ...}) = 0
17031 openat(AT_FDCWD, "/home/hmeng/go/src/github.com/opencontainers/runc/Godeps/_workspace/pkg/linux_amd64/github.com/seccomp", O_RDONLY|O_CLOEXEC) = 6
17031 getdents64(6, /* 3 entries */, 4096) = 88
17031 getdents64(6, /* 0 entries */, 4096) = 0
17031 close(6)                          = 0
17031 lstat("/home/hmeng/go/src/github.com/opencontainers/runc/Godeps/_workspace/pkg/linux_amd64/github.com/seccomp/libseccomp-golang.a", {st_mode=S_IFREG|0664, st_size=318378, ...}) = 0
17031 openat(AT_FDCWD, "/home/hmeng/go/src/github.com/opencontainers/runc/Godeps/_workspace/pkg/linux_amd64/github.com/seccomp/libseccomp-golang.a", O_RDONLY|O_CLOEXEC) = 6
17031 close(6)                          = 0
17031 lstat("/home/hmeng/go/src/github.com/opencontainers/runc/Godeps/_workspace/pkg/linux_amd64/github.com/syndtr", {st_mode=S_IFDIR|0775, st_size=25, ...}) = 0
17031 openat(AT_FDCWD, "/home/hmeng/go/src/github.com/opencontainers/runc/Godeps/_workspace/pkg/linux_amd64/github.com/syndtr", O_RDONLY|O_CLOEXEC) = 6
17031 getdents64(6, /* 3 entries */, 4096) = 80
17031 getdents64(6, /* 0 entries */, 4096) = 0
17031 close(6)                          = 0
17031 lstat("/home/hmeng/go/src/github.com/opencontainers/runc/Godeps/_workspace/pkg/linux_amd64/github.com/syndtr/gocapability", {st_mode=S_IFDIR|0775, st_size=25, ...}) = 0
17031 openat(AT_FDCWD, "/home/hmeng/go/src/github.com/opencontainers/runc/Godeps/_workspace/pkg/linux_amd64/github.com/syndtr/gocapability", O_RDONLY|O_CLOEXEC) = 6
17031 getdents64(6, /* 3 entries */, 4096) = 80
17031 getdents64(6, /* 0 entries */, 4096) = 0
17031 close(6)                          = 0
17031 lstat("/home/hmeng/go/src/github.com/opencontainers/runc/Godeps/_workspace/pkg/linux_amd64/github.com/syndtr/gocapability/capability.a", {st_mode=S_IFREG|0664, st_size=171442, ...}) = 0
17031 openat(AT_FDCWD, "/home/hmeng/go/src/github.com/opencontainers/runc/Godeps/_workspace/pkg/linux_amd64/github.com/syndtr/gocapability/capability.a", O_RDONLY|O_CLOEXEC) = 6
17031 close(6)                          = 0
17031 lstat("/home/hmeng/go/src/github.com/opencontainers/runc/Godeps/_workspace/pkg/linux_amd64/github.com/urfave", {st_mode=S_IFDIR|0775, st_size=18, ...}) = 0
17031 openat(AT_FDCWD, "/home/hmeng/go/src/github.com/opencontainers/runc/Godeps/_workspace/pkg/linux_amd64/github.com/urfave", O_RDONLY|O_CLOEXEC) = 6
17031 getdents64(6, /* 3 entries */, 4096) = 80
17031 getdents64(6, /* 0 entries */, 4096) = 0
17031 close(6)                          = 0
17031 lstat("/home/hmeng/go/src/github.com/opencontainers/runc/Godeps/_workspace/pkg/linux_amd64/github.com/urfave/cli.a", {st_mode=S_IFREG|0664, st_size=694020, ...}) = 0
17031 openat(AT_FDCWD, "/home/hmeng/go/src/github.com/opencontainers/runc/Godeps/_workspace/pkg/linux_amd64/github.com/urfave/cli.a", O_RDONLY|O_CLOEXEC) = 6
17031 close(6)                          = 0
17031 lstat("/home/hmeng/go/src/github.com/opencontainers/runc/Godeps/_workspace/pkg/linux_amd64/github.com/vishvananda", {st_mode=S_IFDIR|0775, st_size=36, ...}) = 0
17031 openat(AT_FDCWD, "/home/hmeng/go/src/github.com/opencontainers/runc/Godeps/_workspace/pkg/linux_amd64/github.com/vishvananda", O_RDONLY|O_CLOEXEC) = 6
17031 getdents64(6, /* 4 entries */, 4096) = 112
17031 getdents64(6, /* 0 entries */, 4096) = 0
17031 close(6)                          = 0
17031 lstat("/home/hmeng/go/src/github.com/opencontainers/runc/Godeps/_workspace/pkg/linux_amd64/github.com/vishvananda/netlink", {st_mode=S_IFDIR|0775, st_size=17, ...}) = 0
17031 openat(AT_FDCWD, "/home/hmeng/go/src/github.com/opencontainers/runc/Godeps/_workspace/pkg/linux_amd64/github.com/vishvananda/netlink", O_RDONLY|O_CLOEXEC) = 6
17031 getdents64(6, /* 3 entries */, 4096) = 72
17031 getdents64(6, /* 0 entries */, 4096) = 0
17031 close(6)                          = 0
17031 lstat("/home/hmeng/go/src/github.com/opencontainers/runc/Godeps/_workspace/pkg/linux_amd64/github.com/vishvananda/netlink/nl.a", {st_mode=S_IFREG|0664, st_size=306534, ...}) = 0
17031 openat(AT_FDCWD, "/home/hmeng/go/src/github.com/opencontainers/runc/Godeps/_workspace/pkg/linux_amd64/github.com/vishvananda/netlink/nl.a", O_RDONLY|O_CLOEXEC) = 6
17031 close(6)                          = 0
17031 lstat("/home/hmeng/go/src/github.com/opencontainers/runc/Godeps/_workspace/pkg/linux_amd64/github.com/vishvananda/netlink.a", {st_mode=S_IFREG|0664, st_size=781034, ...}) = 0
17031 openat(AT_FDCWD, "/home/hmeng/go/src/github.com/opencontainers/runc/Godeps/_workspace/pkg/linux_amd64/github.com/vishvananda/netlink.a", O_RDONLY|O_CLOEXEC) = 6
17031 close(6)                          = 0
17031 lstat("/home/hmeng/go/src/github.com/opencontainers/runc/Godeps/_workspace/src", {st_mode=S_IFDIR|0775, st_size=23, ...}) = 0
17031 openat(AT_FDCWD, "/home/hmeng/go/src/github.com/opencontainers/runc/Godeps/_workspace/src", O_RDONLY|O_CLOEXEC) = 6
17031 getdents64(6, /* 3 entries */, 4096) = 80
17031 getdents64(6, /* 0 entries */, 4096) = 0
17031 close(6)                          = 0
17031 lstat("/home/hmeng/go/src/github.com/opencontainers/runc/Godeps/_workspace/src/github.com", {st_mode=S_IFDIR|0775, st_size=4096, ...}) = 0
17031 openat(AT_FDCWD, "/home/hmeng/go/src/github.com/opencontainers/runc/Godeps/_workspace/src/github.com", O_RDONLY|O_CLOEXEC) = 6
17031 getdents64(6, /* 13 entries */, 4096) = 408
17031 getdents64(6, /* 0 entries */, 4096) = 0
17031 close(6)                          = 0
17031 lstat("/home/hmeng/go/src/github.com/opencontainers/runc/Godeps/_workspace/src/github.com/Sirupsen", {st_mode=S_IFDIR|0775, st_size=19, ...}) = 0
17031 openat(AT_FDCWD, "/home/hmeng/go/src/github.com/opencontainers/runc/Godeps/_workspace/src/github.com/Sirupsen", O_RDONLY|O_CLOEXEC) = 6
17031 getdents64(6, /* 3 entries */, 4096) = 80
17031 getdents64(6, /* 0 entries */, 4096) = 0
17031 close(6)                          = 0
17031 lstat("/home/hmeng/go/src/github.com/opencontainers/runc/Godeps/_workspace/src/github.com/Sirupsen/logrus", {st_mode=S_IFDIR|0775, st_size=4096, ...}) = 0
17031 openat(AT_FDCWD, "/home/hmeng/go/src/github.com/opencontainers/runc/Godeps/_workspace/src/github.com/Sirupsen/logrus", O_RDONLY|O_CLOEXEC) = 6
17031 getdents64(6, /* 25 entries */, 4096) = 856
17031 getdents64(6, /* 0 entries */, 4096) = 0
17031 close(6)                          = 0
17031 lstat("/home/hmeng/go/src/github.com/opencontainers/runc/Godeps/_workspace/src/github.com/Sirupsen/logrus/.gitignore", {st_mode=S_IFREG|0664, st_size=7, ...}) = 0
17031 openat(AT_FDCWD, "/home/hmeng/go/src/github.com/opencontainers/runc/Godeps/_workspace/src/github.com/Sirupsen/logrus/.gitignore", O_RDONLY|O_CLOEXEC) = 6
17031 close(6)                          = 0
17031 lstat("/home/hmeng/go/src/github.com/opencontainers/runc/Godeps/_workspace/src/github.com/Sirupsen/logrus/.travis.yml", {st_mode=S_IFREG|0664, st_size=78, ...}) = 0
17031 openat(AT_FDCWD, "/home/hmeng/go/src/github.com/opencontainers/runc/Godeps/_workspace/src/github.com/Sirupsen/logrus/.travis.yml", O_RDONLY|O_CLOEXEC) = 6
17031 close(6)                          = 0
17031 lstat("/home/hmeng/go/src/github.com/opencontainers/runc/Godeps/_workspace/src/github.com/Sirupsen/logrus/CHANGELOG.md", {st_mode=S_IFREG|0664, st_size=137, ...}) = 0
17031 openat(AT_FDCWD, "/home/hmeng/go/src/github.com/opencontainers/runc/Godeps/_workspace/src/github.com/Sirupsen/logrus/CHANGELOG.md", O_RDONLY|O_CLOEXEC) = 6
17031 close(6)                          = 0
17031 lstat("/home/hmeng/go/src/github.com/opencontainers/runc/Godeps/_workspace/src/github.com/Sirupsen/logrus/LICENSE", {st_mode=S_IFREG|0664, st_size=1082, ...}) = 0
17031 openat(AT_FDCWD, "/home/hmeng/go/src/github.com/opencontainers/runc/Godeps/_workspace/src/github.com/Sirupsen/logrus/LICENSE", O_RDONLY|O_CLOEXEC) = 6
17031 close(6)                          = 0
17031 lstat("/home/hmeng/go/src/github.com/opencontainers/runc/Godeps/_workspace/src/github.com/Sirupsen/logrus/README.md", {st_mode=S_IFREG|0664, st_size=12293, ...}) = 0
17031 openat(AT_FDCWD, "/home/hmeng/go/src/github.com/opencontainers/runc/Godeps/_workspace/src/github.com/Sirupsen/logrus/README.md", O_RDONLY|O_CLOEXEC) = 6
17031 close(6)                          = 0
17031 lstat("/home/hmeng/go/src/github.com/opencontainers/runc/Godeps/_workspace/src/github.com/Sirupsen/logrus/entry.go", {st_mode=S_IFREG|0664, st_size=6144, ...}) = 0
17031 openat(AT_FDCWD, "/home/hmeng/go/src/github.com/opencontainers/runc/Godeps/_workspace/src/github.com/Sirupsen/logrus/entry.go", O_RDONLY|O_CLOEXEC) = 6
17031 close(6)                          = 0
17031 lstat("/home/hmeng/go/src/github.com/opencontainers/runc/Godeps/_workspace/src/github.com/Sirupsen/logrus/examples", {st_mode=S_IFDIR|0775, st_size=29, ...}) = 0
17031 openat(AT_FDCWD, "/home/hmeng/go/src/github.com/opencontainers/runc/Godeps/_workspace/src/github.com/Sirupsen/logrus/examples", O_RDONLY|O_CLOEXEC) = 6
17031 getdents64(6, /* 4 entries */, 4096) = 104
17031 getdents64(6, /* 0 entries */, 4096) = 0
17031 close(6)                          = 0
17031 lstat("/home/hmeng/go/src/github.com/opencontainers/runc/Godeps/_workspace/src/github.com/Sirupsen/logrus/examples/basic", {st_mode=S_IFDIR|0775, st_size=21, ...}) = 0
17031 openat(AT_FDCWD, "/home/hmeng/go/src/github.com/opencontainers/runc/Godeps/_workspace/src/github.com/Sirupsen/logrus/examples/basic", O_RDONLY|O_CLOEXEC) = 6
17031 getdents64(6, /* 3 entries */, 4096) = 80
17031 getdents64(6, /* 0 entries */, 4096) = 0
17031 close(6)                          = 0
17031 lstat("/home/hmeng/go/src/github.com/opencontainers/runc/Godeps/_workspace/src/github.com/Sirupsen/logrus/examples/basic/basic.go", {st_mode=S_IFREG|0664, st_size=961, ...}) = 0
17031 openat(AT_FDCWD, "/home/hmeng/go/src/github.com/opencontainers/runc/Godeps/_workspace/src/github.com/Sirupsen/logrus/examples/basic/basic.go", O_RDONLY|O_CLOEXEC) = 6
17031 close(6)                          = 0
17031 lstat("/home/hmeng/go/src/github.com/opencontainers/runc/Godeps/_workspace/src/github.com/Sirupsen/logrus/examples/hook", {st_mode=S_IFDIR|0775, st_size=20, ...}) = 0
17031 openat(AT_FDCWD, "/home/hmeng/go/src/github.com/opencontainers/runc/Godeps/_workspace/src/github.com/Sirupsen/logrus/examples/hook", O_RDONLY|O_CLOEXEC) = 6
17031 getdents64(6, /* 3 entries */, 4096) = 80
17031 getdents64(6, /* 0 entries */, 4096) = 0
17031 close(6)                          = 0
17031 lstat("/home/hmeng/go/src/github.com/opencontainers/runc/Godeps/_workspace/src/github.com/Sirupsen/logrus/examples/hook/hook.go", {st_mode=S_IFREG|0664, st_size=630, ...}) = 0
17031 openat(AT_FDCWD, "/home/hmeng/go/src/github.com/opencontainers/runc/Godeps/_workspace/src/github.com/Sirupsen/logrus/examples/hook/hook.go", O_RDONLY|O_CLOEXEC) = 6
17031 close(6)                          = 0
17031 lstat("/home/hmeng/go/src/github.com/opencontainers/runc/Godeps/_workspace/src/github.com/Sirupsen/logrus/exported.go", {st_mode=S_IFREG|0664, st_size=4677, ...}) = 0
17031 openat(AT_FDCWD, "/home/hmeng/go/src/github.com/opencontainers/runc/Godeps/_workspace/src/github.com/Sirupsen/logrus/exported.go", O_RDONLY|O_CLOEXEC) = 6
17031 close(6)                          = 0
17031 lstat("/home/hmeng/go/src/github.com/opencontainers/runc/Godeps/_workspace/src/github.com/Sirupsen/logrus/formatter.go", {st_mode=S_IFREG|0664, st_size=1399, ...}) = 0
17031 openat(AT_FDCWD, "/home/hmeng/go/src/github.com/opencontainers/runc/Godeps/_workspace/src/github.com/Sirupsen/logrus/formatter.go", O_RDONLY|O_CLOEXEC) = 6
17031 close(6)                          = 0
17031 lstat("/home/hmeng/go/src/github.com/opencontainers/runc/Godeps/_workspace/src/github.com/Sirupsen/logrus/formatters", {st_mode=S_IFDIR|0775, st_size=21, ...}) = 0
17031 openat(AT_FDCWD, "/home/hmeng/go/src/github.com/opencontainers/runc/Godeps/_workspace/src/github.com/Sirupsen/logrus/formatters", O_RDONLY|O_CLOEXEC) = 6
17031 getdents64(6, /* 3 entries */, 4096) = 80
17031 getdents64(6, /* 0 entries */, 4096) = 0
17031 close(6)                          = 0
17031 lstat("/home/hmeng/go/src/github.com/opencontainers/runc/Godeps/_workspace/src/github.com/Sirupsen/logrus/formatters/logstash", {st_mode=S_IFDIR|0775, st_size=24, ...}) = 0
17031 openat(AT_FDCWD, "/home/hmeng/go/src/github.com/opencontainers/runc/Godeps/_workspace/src/github.com/Sirupsen/logrus/formatters/logstash", O_RDONLY|O_CLOEXEC) = 6
17031 getdents64(6, /* 3 entries */, 4096) = 80
17031 getdents64(6, /* 0 entries */, 4096) = 0
17031 close(6)                          = 0
17031 lstat("/home/hmeng/go/src/github.com/opencontainers/runc/Godeps/_workspace/src/github.com/Sirupsen/logrus/formatters/logstash/logstash.go", {st_mode=S_IFREG|0664, st_size=1205, ...}) = 0
17031 openat(AT_FDCWD, "/home/hmeng/go/src/github.com/opencontainers/runc/Godeps/_workspace/src/github.com/Sirupsen/logrus/formatters/logstash/logstash.go", O_RDONLY|O_CLOEXEC) = 6
17031 close(6)                          = 0
17031 lstat("/home/hmeng/go/src/github.com/opencontainers/runc/Godeps/_workspace/src/github.com/Sirupsen/logrus/hooks", {st_mode=S_IFDIR|0775, st_size=78, ...}) = 0
17031 openat(AT_FDCWD, "/home/hmeng/go/src/github.com/opencontainers/runc/Godeps/_workspace/src/github.com/Sirupsen/logrus/hooks", O_RDONLY|O_CLOEXEC) = 6
17031 getdents64(6, /* 7 entries */, 4096) = 208
17031 getdents64(6, /* 0 entries */, 4096) = 0
17031 close(6)                          = 0
17031 lstat("/home/hmeng/go/src/github.com/opencontainers/runc/Godeps/_workspace/src/github.com/Sirupsen/logrus/hooks/airbrake", {st_mode=S_IFDIR|0775, st_size=24, ...}) = 0
17031 openat(AT_FDCWD, "/home/hmeng/go/src/github.com/opencontainers/runc/Godeps/_workspace/src/github.com/Sirupsen/logrus/hooks/airbrake", O_RDONLY|O_CLOEXEC) = 6
17031 getdents64(6, /* 3 entries */, 4096) = 80
17031 getdents64(6, /* 0 entries */, 4096) = 0
17031 close(6)                          = 0
17031 lstat("/home/hmeng/go/src/github.com/opencontainers/runc/Godeps/_workspace/src/github.com/Sirupsen/logrus/hooks/airbrake/airbrake.go", {st_mode=S_IFREG|0664, st_size=1059, ...}) = 0
17031 openat(AT_FDCWD, "/home/hmeng/go/src/github.com/opencontainers/runc/Godeps/_workspace/src/github.com/Sirupsen/logrus/hooks/airbrake/airbrake.go", O_RDONLY|O_CLOEXEC) = 6
17031 close(6)                          = 0
17031 lstat("/home/hmeng/go/src/github.com/opencontainers/runc/Godeps/_workspace/src/github.com/Sirupsen/logrus/hooks/bugsnag", {st_mode=S_IFDIR|0775, st_size=23, ...}) = 0
17031 openat(AT_FDCWD, "/home/hmeng/go/src/github.com/opencontainers/runc/Godeps/_workspace/src/github.com/Sirupsen/logrus/hooks/bugsnag", O_RDONLY|O_CLOEXEC) = 6
17031 getdents64(6, /* 3 entries */, 4096) = 80
17031 getdents64(6, /* 0 entries */, 4096) = 0
17031 close(6)                          = 0
17031 lstat("/home/hmeng/go/src/github.com/opencontainers/runc/Godeps/_workspace/src/github.com/Sirupsen/logrus/hooks/bugsnag/bugsnag.go", {st_mode=S_IFREG|0664, st_size=1990, ...}) = 0
17031 openat(AT_FDCWD, "/home/hmeng/go/src/github.com/opencontainers/runc/Godeps/_workspace/src/github.com/Sirupsen/logrus/hooks/bugsnag/bugsnag.go", O_RDONLY|O_CLOEXEC) = 6
17031 close(6)                          = 0
17031 lstat("/home/hmeng/go/src/github.com/opencontainers/runc/Godeps/_workspace/src/github.com/Sirupsen/logrus/hooks/papertrail", {st_mode=S_IFDIR|0775, st_size=42, ...}) = 0
17031 openat(AT_FDCWD, "/home/hmeng/go/src/github.com/opencontainers/runc/Godeps/_workspace/src/github.com/Sirupsen/logrus/hooks/papertrail", O_RDONLY|O_CLOEXEC) = 6
17031 getdents64(6, /* 4 entries */, 4096) = 120
17031 getdents64(6, /* 0 entries */, 4096) = 0
17031 close(6)                          = 0
17031 lstat("/home/hmeng/go/src/github.com/opencontainers/runc/Godeps/_workspace/src/github.com/Sirupsen/logrus/hooks/papertrail/README.md", {st_mode=S_IFREG|0664, st_size=1534, ...}) = 0
17031 openat(AT_FDCWD, "/home/hmeng/go/src/github.com/opencontainers/runc/Godeps/_workspace/src/github.com/Sirupsen/logrus/hooks/papertrail/README.md", O_RDONLY|O_CLOEXEC) = 6
17031 close(6)                          = 0
17031 lstat("/home/hmeng/go/src/github.com/opencontainers/runc/Godeps/_workspace/src/github.com/Sirupsen/logrus/hooks/papertrail/papertrail.go", {st_mode=S_IFREG|0664, st_size=1329, ...}) = 0
17031 openat(AT_FDCWD, "/home/hmeng/go/src/github.com/opencontainers/runc/Godeps/_workspace/src/github.com/Sirupsen/logrus/hooks/papertrail/papertrail.go", O_RDONLY|O_CLOEXEC) = 6
17031 close(6)                          = 0
17031 lstat("/home/hmeng/go/src/github.com/opencontainers/runc/Godeps/_workspace/src/github.com/Sirupsen/logrus/hooks/sentry", {st_mode=S_IFDIR|0775, st_size=38, ...}) = 0
17031 openat(AT_FDCWD, "/home/hmeng/go/src/github.com/opencontainers/runc/Godeps/_workspace/src/github.com/Sirupsen/logrus/hooks/sentry", O_RDONLY|O_CLOEXEC) = 6
17031 getdents64(6, /* 4 entries */, 4096) = 112
17031 getdents64(6, /* 0 entries */, 4096) = 0
17031 close(6)                          = 0
17031 lstat("/home/hmeng/go/src/github.com/opencontainers/runc/Godeps/_workspace/src/github.com/Sirupsen/logrus/hooks/sentry/README.md", {st_mode=S_IFREG|0664, st_size=1816, ...}) = 0
17031 openat(AT_FDCWD, "/home/hmeng/go/src/github.com/opencontainers/runc/Godeps/_workspace/src/github.com/Sirupsen/logrus/hooks/sentry/README.md", O_RDONLY|O_CLOEXEC) = 6
17031 close(6)                          = 0
17031 lstat("/home/hmeng/go/src/github.com/opencontainers/runc/Godeps/_workspace/src/github.com/Sirupsen/logrus/hooks/sentry/sentry.go", {st_mode=S_IFREG|0664, st_size=2427, ...}) = 0
17031 openat(AT_FDCWD, "/home/hmeng/go/src/github.com/opencontainers/runc/Godeps/_workspace/src/github.com/Sirupsen/logrus/hooks/sentry/sentry.go", O_RDONLY|O_CLOEXEC) = 6
17031 close(6)                          = 0
17031 lstat("/home/hmeng/go/src/github.com/opencontainers/runc/Godeps/_workspace/src/github.com/Sirupsen/logrus/hooks/syslog", {st_mode=S_IFDIR|0775, st_size=38, ...}) = 0
17031 openat(AT_FDCWD, "/home/hmeng/go/src/github.com/opencontainers/runc/Godeps/_workspace/src/github.com/Sirupsen/logrus/hooks/syslog", O_RDONLY|O_CLOEXEC) = 6
17031 getdents64(6, /* 4 entries */, 4096) = 112
17031 getdents64(6, /* 0 entries */, 4096) = 0
17031 close(6)                          = 0
17031 lstat("/home/hmeng/go/src/github.com/opencontainers/runc/Godeps/_workspace/src/github.com/Sirupsen/logrus/hooks/syslog/README.md", {st_mode=S_IFREG|0664, st_size=455, ...}) = 0
17031 openat(AT_FDCWD, "/home/hmeng/go/src/github.com/opencontainers/runc/Godeps/_workspace/src/github.com/Sirupsen/logrus/hooks/syslog/README.md", O_RDONLY|O_CLOEXEC) = 6
17031 close(6)                          = 0
17031 lstat("/home/hmeng/go/src/github.com/opencontainers/runc/Godeps/_workspace/src/github.com/Sirupsen/logrus/hooks/syslog/syslog.go", {st_mode=S_IFREG|0664, st_size=1410, ...}) = 0
17031 openat(AT_FDCWD, "/home/hmeng/go/src/github.com/opencontainers/runc/Godeps/_workspace/src/github.com/Sirupsen/logrus/hooks/syslog/syslog.go", O_RDONLY|O_CLOEXEC) = 6
17031 close(6)                          = 0
17031 lstat("/home/hmeng/go/src/github.com/opencontainers/runc/Godeps/_workspace/src/github.com/Sirupsen/logrus/hooks.go", {st_mode=S_IFREG|0664, st_size=1101, ...}) = 0
17031 openat(AT_FDCWD, "/home/hmeng/go/src/github.com/opencontainers/runc/Godeps/_workspace/src/github.com/Sirupsen/logrus/hooks.go", O_RDONLY|O_CLOEXEC) = 6
17031 close(6)                          = 0
17031 lstat("/home/hmeng/go/src/github.com/opencontainers/runc/Godeps/_workspace/src/github.com/Sirupsen/logrus/json_formatter.go", {st_mode=S_IFREG|0664, st_size=908, ...}) = 0
17031 openat(AT_FDCWD, "/home/hmeng/go/src/github.com/opencontainers/runc/Godeps/_workspace/src/github.com/Sirupsen/logrus/json_formatter.go", O_RDONLY|O_CLOEXEC) = 6
17031 close(6)                          = 0
17031 lstat("/home/hmeng/go/src/github.com/opencontainers/runc/Godeps/_workspace/src/github.com/Sirupsen/logrus/logger.go", {st_mode=S_IFREG|0664, st_size=5406, ...}) = 0
17031 openat(AT_FDCWD, "/home/hmeng/go/src/github.com/opencontainers/runc/Godeps/_workspace/src/github.com/Sirupsen/logrus/logger.go", O_RDONLY|O_CLOEXEC) = 6
17031 close(6)                          = 0
17031 lstat("/home/hmeng/go/src/github.com/opencontainers/runc/Godeps/_workspace/src/github.com/Sirupsen/logrus/logrus.go", {st_mode=S_IFREG|0664, st_size=2407, ...}) = 0
17031 openat(AT_FDCWD, "/home/hmeng/go/src/github.com/opencontainers/runc/Godeps/_workspace/src/github.com/Sirupsen/logrus/logrus.go", O_RDONLY|O_CLOEXEC) = 6
17031 close(6)                          = 0
17031 lstat("/home/hmeng/go/src/github.com/opencontainers/runc/Godeps/_workspace/src/github.com/Sirupsen/logrus/terminal_darwin.go", {st_mode=S_IFREG|0664, st_size=292, ...}) = 0
17031 openat(AT_FDCWD, "/home/hmeng/go/src/github.com/opencontainers/runc/Godeps/_workspace/src/github.com/Sirupsen/logrus/terminal_darwin.go", O_RDONLY|O_CLOEXEC) = 6
17031 close(6)                          = 0
17031 lstat("/home/hmeng/go/src/github.com/opencontainers/runc/Godeps/_workspace/src/github.com/Sirupsen/logrus/terminal_freebsd.go", {st_mode=S_IFREG|0664, st_size=341, ...}) = 0
17031 openat(AT_FDCWD, "/home/hmeng/go/src/github.com/opencontainers/runc/Godeps/_workspace/src/github.com/Sirupsen/logrus/terminal_freebsd.go", O_RDONLY|O_CLOEXEC) = 6
17031 close(6)                          = 0
17031 lstat("/home/hmeng/go/src/github.com/opencontainers/runc/Godeps/_workspace/src/github.com/Sirupsen/logrus/terminal_linux.go", {st_mode=S_IFREG|0664, st_size=290, ...}) = 0
17031 openat(AT_FDCWD, "/home/hmeng/go/src/github.com/opencontainers/runc/Godeps/_workspace/src/github.com/Sirupsen/logrus/terminal_linux.go", O_RDONLY|O_CLOEXEC) = 6
17031 close(6)                          = 0
17031 lstat("/home/hmeng/go/src/github.com/opencontainers/runc/Godeps/_workspace/src/github.com/Sirupsen/logrus/terminal_notwindows.go", {st_mode=S_IFREG|0664, st_size=558, ...}) = 0
17031 openat(AT_FDCWD, "/home/hmeng/go/src/github.com/opencontainers/runc/Godeps/_workspace/src/github.com/Sirupsen/logrus/terminal_notwindows.go", O_RDONLY|O_CLOEXEC) = 6
17031 close(6)                          = 0
17031 lstat("/home/hmeng/go/src/github.com/opencontainers/runc/Godeps/_workspace/src/github.com/Sirupsen/logrus/terminal_openbsd.go", {st_mode=S_IFREG|0664, st_size=106, ...}) = 0
17031 openat(AT_FDCWD, "/home/hmeng/go/src/github.com/opencontainers/runc/Godeps/_workspace/src/github.com/Sirupsen/logrus/terminal_openbsd.go", O_RDONLY|O_CLOEXEC) = 6
17031 close(6)                          = 0
17031 lstat("/home/hmeng/go/src/github.com/opencontainers/runc/Godeps/_workspace/src/github.com/Sirupsen/logrus/terminal_windows.go", {st_mode=S_IFREG|0664, st_size=635, ...}) = 0
17031 openat(AT_FDCWD, "/home/hmeng/go/src/github.com/opencontainers/runc/Godeps/_workspace/src/github.com/Sirupsen/logrus/terminal_windows.go", O_RDONLY|O_CLOEXEC) = 6
17031 close(6)                          = 0
17031 lstat("/home/hmeng/go/src/github.com/opencontainers/runc/Godeps/_workspace/src/github.com/Sirupsen/logrus/text_formatter.go", {st_mode=S_IFREG|0664, st_size=3341, ...}) = 0
17031 openat(AT_FDCWD, "/home/hmeng/go/src/github.com/opencontainers/runc/Godeps/_workspace/src/github.com/Sirupsen/logrus/text_formatter.go", O_RDONLY|O_CLOEXEC) = 6
17031 close(6)                          = 0
17031 lstat("/home/hmeng/go/src/github.com/opencontainers/runc/Godeps/_workspace/src/github.com/Sirupsen/logrus/writer.go", {st_mode=S_IFREG|0664, st_size=570, ...}) = 0
17031 openat(AT_FDCWD, "/home/hmeng/go/src/github.com/opencontainers/runc/Godeps/_workspace/src/github.com/Sirupsen/logrus/writer.go", O_RDONLY|O_CLOEXEC) = 6
17031 close(6)                          = 0
17031 lstat("/home/hmeng/go/src/github.com/opencontainers/runc/Godeps/_workspace/src/github.com/coreos", {st_mode=S_IFDIR|0775, st_size=23, ...}) = 0
17031 openat(AT_FDCWD, "/home/hmeng/go/src/github.com/opencontainers/runc/Godeps/_workspace/src/github.com/coreos", O_RDONLY|O_CLOEXEC) = 6
17031 getdents64(6, /* 3 entries */, 4096) = 80
17031 getdents64(6, /* 0 entries */, 4096) = 0
17031 close(6)                          = 0
17031 lstat("/home/hmeng/go/src/github.com/opencontainers/runc/Godeps/_workspace/src/github.com/coreos/go-systemd", {st_mode=S_IFDIR|0775, st_size=59, ...}) = 0
17031 openat(AT_FDCWD, "/home/hmeng/go/src/github.com/opencontainers/runc/Godeps/_workspace/src/github.com/coreos/go-systemd", O_RDONLY|O_CLOEXEC) = 6
17031 getdents64(6, /* 6 entries */, 4096) = 160
17031 getdents64(6, /* 0 entries */, 4096) = 0
17031 close(6)                          = 0
17031 lstat("/home/hmeng/go/src/github.com/opencontainers/runc/Godeps/_workspace/src/github.com/coreos/go-systemd/LICENSE", {st_mode=S_IFREG|0664, st_size=10273, ...}) = 0
17031 openat(AT_FDCWD, "/home/hmeng/go/src/github.com/opencontainers/runc/Godeps/_workspace/src/github.com/coreos/go-systemd/LICENSE", O_RDONLY|O_CLOEXEC) = 6
17031 close(6)                          = 0
17031 lstat("/home/hmeng/go/src/github.com/opencontainers/runc/Godeps/_workspace/src/github.com/coreos/go-systemd/activation", {st_mode=S_IFDIR|0775, st_size=61, ...}) = 0
17031 openat(AT_FDCWD, "/home/hmeng/go/src/github.com/opencontainers/runc/Godeps/_workspace/src/github.com/coreos/go-systemd/activation", O_RDONLY|O_CLOEXEC) = 6
17031 getdents64(6, /* 5 entries */, 4096) = 152
17031 getdents64(6, /* 0 entries */, 4096) = 0
17031 close(6)                          = 0
17031 lstat("/home/hmeng/go/src/github.com/opencontainers/runc/Godeps/_workspace/src/github.com/coreos/go-systemd/activation/files.go", {st_mode=S_IFREG|0664, st_size=1363, ...}) = 0
17031 openat(AT_FDCWD, "/home/hmeng/go/src/github.com/opencontainers/runc/Godeps/_workspace/src/github.com/coreos/go-systemd/activation/files.go", O_RDONLY|O_CLOEXEC) = 6
17031 close(6)                          = 0
17031 lstat("/home/hmeng/go/src/github.com/opencontainers/runc/Godeps/_workspace/src/github.com/coreos/go-systemd/activation/listeners.go", {st_mode=S_IFREG|0664, st_size=1966, ...}) = 0
17031 openat(AT_FDCWD, "/home/hmeng/go/src/github.com/opencontainers/runc/Godeps/_workspace/src/github.com/coreos/go-systemd/activation/listeners.go", O_RDONLY|O_CLOEXEC) = 6
17031 close(6)                          = 0
17031 lstat("/home/hmeng/go/src/github.com/opencontainers/runc/Godeps/_workspace/src/github.com/coreos/go-systemd/activation/packetconns.go", {st_mode=S_IFREG|0664, st_size=1279, ...}) = 0
17031 openat(AT_FDCWD, "/home/hmeng/go/src/github.com/opencontainers/runc/Godeps/_workspace/src/github.com/coreos/go-systemd/activation/packetconns.go", O_RDONLY|O_CLOEXEC) = 6
17031 close(6)                          = 0
17031 lstat("/home/hmeng/go/src/github.com/opencontainers/runc/Godeps/_workspace/src/github.com/coreos/go-systemd/dbus", {st_mode=S_IFDIR|0775, st_size=4096, ...}) = 0
17031 openat(AT_FDCWD, "/home/hmeng/go/src/github.com/opencontainers/runc/Godeps/_workspace/src/github.com/coreos/go-systemd/dbus", O_RDONLY|O_CLOEXEC) = 6
17031 getdents64(6, /* 8 entries */, 4096) = 264
17031 getdents64(6, /* 0 entries */, 4096) = 0
17031 close(6)                          = 0
17031 lstat("/home/hmeng/go/src/github.com/opencontainers/runc/Godeps/_workspace/src/github.com/coreos/go-systemd/dbus/dbus.go", {st_mode=S_IFREG|0664, st_size=5065, ...}) = 0
17031 openat(AT_FDCWD, "/home/hmeng/go/src/github.com/opencontainers/runc/Godeps/_workspace/src/github.com/coreos/go-systemd/dbus/dbus.go", O_RDONLY|O_CLOEXEC) = 6
17031 close(6)                          = 0
17031 lstat("/home/hmeng/go/src/github.com/opencontainers/runc/Godeps/_workspace/src/github.com/coreos/go-systemd/dbus/methods.go", {st_mode=S_IFREG|0664, st_size=16154, ...}) = 0
17031 openat(AT_FDCWD, "/home/hmeng/go/src/github.com/opencontainers/runc/Godeps/_workspace/src/github.com/coreos/go-systemd/dbus/methods.go", O_RDONLY|O_CLOEXEC) = 6
17031 close(6)                          = 0
17031 lstat("/home/hmeng/go/src/github.com/opencontainers/runc/Godeps/_workspace/src/github.com/coreos/go-systemd/dbus/properties.go", {st_mode=S_IFREG|0664, st_size=8093, ...}) = 0
17031 openat(AT_FDCWD, "/home/hmeng/go/src/github.com/opencontainers/runc/Godeps/_workspace/src/github.com/coreos/go-systemd/dbus/properties.go", O_RDONLY|O_CLOEXEC) = 6
17031 close(6)                          = 0
17031 lstat("/home/hmeng/go/src/github.com/opencontainers/runc/Godeps/_workspace/src/github.com/coreos/go-systemd/dbus/set.go", {st_mode=S_IFREG|0664, st_size=1089, ...}) = 0
17031 openat(AT_FDCWD, "/home/hmeng/go/src/github.com/opencontainers/runc/Godeps/_workspace/src/github.com/coreos/go-systemd/dbus/set.go", O_RDONLY|O_CLOEXEC) = 6
17031 close(6)                          = 0
17031 lstat("/home/hmeng/go/src/github.com/opencontainers/runc/Godeps/_workspace/src/github.com/coreos/go-systemd/dbus/subscription.go", {st_mode=S_IFREG|0664, st_size=7500, ...}) = 0
17031 openat(AT_FDCWD, "/home/hmeng/go/src/github.com/opencontainers/runc/Godeps/_workspace/src/github.com/coreos/go-systemd/dbus/subscription.go", O_RDONLY|O_CLOEXEC) = 6
17031 close(6)                          = 0
17031 lstat("/home/hmeng/go/src/github.com/opencontainers/runc/Godeps/_workspace/src/github.com/coreos/go-systemd/dbus/subscription_set.go", {st_mode=S_IFREG|0664, st_size=1930, ...}) = 0
17031 openat(AT_FDCWD, "/home/hmeng/go/src/github.com/opencontainers/runc/Godeps/_workspace/src/github.com/coreos/go-systemd/dbus/subscription_set.go", O_RDONLY|O_CLOEXEC) = 6
17031 close(6)                          = 0
17031 lstat("/home/hmeng/go/src/github.com/opencontainers/runc/Godeps/_workspace/src/github.com/coreos/go-systemd/util", {st_mode=S_IFDIR|0775, st_size=20, ...}) = 0
17031 openat(AT_FDCWD, "/home/hmeng/go/src/github.com/opencontainers/runc/Godeps/_workspace/src/github.com/coreos/go-systemd/util", O_RDONLY|O_CLOEXEC) = 6
17031 getdents64(6, /* 3 entries */, 4096) = 80
17031 getdents64(6, /* 0 entries */, 4096) = 0
17031 close(6)                          = 0
17031 lstat("/home/hmeng/go/src/github.com/opencontainers/runc/Godeps/_workspace/src/github.com/coreos/go-systemd/util/util.go", {st_mode=S_IFREG|0664, st_size=1183, ...}) = 0
17031 openat(AT_FDCWD, "/home/hmeng/go/src/github.com/opencontainers/runc/Godeps/_workspace/src/github.com/coreos/go-systemd/util/util.go", O_RDONLY|O_CLOEXEC) = 6
17031 close(6)                          = 0
17031 lstat("/home/hmeng/go/src/github.com/opencontainers/runc/Godeps/_workspace/src/github.com/docker", {st_mode=S_IFDIR|0775, st_size=34, ...}) = 0
17031 openat(AT_FDCWD, "/home/hmeng/go/src/github.com/opencontainers/runc/Godeps/_workspace/src/github.com/docker", O_RDONLY|O_CLOEXEC) = 6
17031 getdents64(6, /* 4 entries */, 4096) = 112
17031 getdents64(6, /* 0 entries */, 4096) = 0
17031 close(6)                          = 0
17031 lstat("/home/hmeng/go/src/github.com/opencontainers/runc/Godeps/_workspace/src/github.com/docker/docker", {st_mode=S_IFDIR|0775, st_size=81, ...}) = 0
17031 openat(AT_FDCWD, "/home/hmeng/go/src/github.com/opencontainers/runc/Godeps/_workspace/src/github.com/docker/docker", O_RDONLY|O_CLOEXEC) = 6
17031 getdents64(6, /* 8 entries */, 4096) = 224
17031 getdents64(6, /* 0 entries */, 4096) = 0
17031 close(6)                          = 0
17031 lstat("/home/hmeng/go/src/github.com/opencontainers/runc/Godeps/_workspace/src/github.com/docker/docker/LICENSE", {st_mode=S_IFREG|0664, st_size=10765, ...}) = 0
17031 openat(AT_FDCWD, "/home/hmeng/go/src/github.com/opencontainers/runc/Godeps/_workspace/src/github.com/docker/docker/LICENSE", O_RDONLY|O_CLOEXEC) = 6
17031 close(6)                          = 0
17031 lstat("/home/hmeng/go/src/github.com/opencontainers/runc/Godeps/_workspace/src/github.com/docker/docker/NOTICE", {st_mode=S_IFREG|0664, st_size=638, ...}) = 0
17031 openat(AT_FDCWD, "/home/hmeng/go/src/github.com/opencontainers/runc/Godeps/_workspace/src/github.com/docker/docker/NOTICE", O_RDONLY|O_CLOEXEC) = 6
17031 close(6)                          = 0
17031 lstat("/home/hmeng/go/src/github.com/opencontainers/runc/Godeps/_workspace/src/github.com/docker/docker/contrib", {st_mode=S_IFDIR|0775, st_size=19, ...}) = 0
17031 openat(AT_FDCWD, "/home/hmeng/go/src/github.com/opencontainers/runc/Godeps/_workspace/src/github.com/docker/docker/contrib", O_RDONLY|O_CLOEXEC) = 6
17031 getdents64(6, /* 3 entries */, 4096) = 80
17031 getdents64(6, /* 0 entries */, 4096) = 0
17031 close(6)                          = 0
17031 lstat("/home/hmeng/go/src/github.com/opencontainers/runc/Godeps/_workspace/src/github.com/docker/docker/contrib/syntax", {st_mode=S_IFDIR|0775, st_size=16, ...}) = 0
17031 openat(AT_FDCWD, "/home/hmeng/go/src/github.com/opencontainers/runc/Godeps/_workspace/src/github.com/docker/docker/contrib/syntax", O_RDONLY|O_CLOEXEC) = 6
17031 getdents64(6, /* 3 entries */, 4096) = 72
17031 getdents64(6, /* 0 entries */, 4096) = 0
17031 close(6)                          = 0
17031 lstat("/home/hmeng/go/src/github.com/opencontainers/runc/Godeps/_workspace/src/github.com/docker/docker/contrib/syntax/vim", {st_mode=S_IFDIR|0775, st_size=20, ...}) = 0
17031 openat(AT_FDCWD, "/home/hmeng/go/src/github.com/opencontainers/runc/Godeps/_workspace/src/github.com/docker/docker/contrib/syntax/vim", O_RDONLY|O_CLOEXEC) = 6
17031 getdents64(6, /* 3 entries */, 4096) = 80
17031 getdents64(6, /* 0 entries */, 4096) = 0
17031 close(6)                          = 0
17031 lstat("/home/hmeng/go/src/github.com/opencontainers/runc/Godeps/_workspace/src/github.com/docker/docker/contrib/syntax/vim/LICENSE", {st_mode=S_IFREG|0664, st_size=1298, ...}) = 0
17031 openat(AT_FDCWD, "/home/hmeng/go/src/github.com/opencontainers/runc/Godeps/_workspace/src/github.com/docker/docker/contrib/syntax/vim/LICENSE", O_RDONLY|O_CLOEXEC) = 6
17031 close(6)                          = 0
17031 lstat("/home/hmeng/go/src/github.com/opencontainers/runc/Godeps/_workspace/src/github.com/docker/docker/docs", {st_mode=S_IFDIR|0775, st_size=20, ...}) = 0
17031 openat(AT_FDCWD, "/home/hmeng/go/src/github.com/opencontainers/runc/Godeps/_workspace/src/github.com/docker/docker/docs", O_RDONLY|O_CLOEXEC) = 6
17031 getdents64(6, /* 3 entries */, 4096) = 80
17031 getdents64(6, /* 0 entries */, 4096) = 0
17031 close(6)                          = 0
17031 lstat("/home/hmeng/go/src/github.com/opencontainers/runc/Godeps/_workspace/src/github.com/docker/docker/docs/project", {st_mode=S_IFDIR|0775, st_size=19, ...}) = 0
17031 openat(AT_FDCWD, "/home/hmeng/go/src/github.com/opencontainers/runc/Godeps/_workspace/src/github.com/docker/docker/docs/project", O_RDONLY|O_CLOEXEC) = 6
17031 getdents64(6, /* 3 entries */, 4096) = 80
17031 getdents64(6, /* 0 entries */, 4096) = 0
17031 close(6)                          = 0
17031 lstat("/home/hmeng/go/src/github.com/opencontainers/runc/Godeps/_workspace/src/github.com/docker/docker/docs/project/images", {st_mode=S_IFDIR|0775, st_size=27, ...}) = 0
17031 openat(AT_FDCWD, "/home/hmeng/go/src/github.com/opencontainers/runc/Godeps/_workspace/src/github.com/docker/docker/docs/project/images", O_RDONLY|O_CLOEXEC) = 6
17031 getdents64(6, /* 3 entries */, 4096) = 88
17031 getdents64(6, /* 0 entries */, 4096) = 0
17031 close(6)                          = 0
17031 lstat("/home/hmeng/go/src/github.com/opencontainers/runc/Godeps/_workspace/src/github.com/docker/docker/docs/project/images/red_notice.png", {st_mode=S_IFREG|0664, st_size=45387, ...}) = 0
17031 openat(AT_FDCWD, "/home/hmeng/go/src/github.com/opencontainers/runc/Godeps/_workspace/src/github.com/docker/docker/docs/project/images/red_notice.png", O_RDONLY|O_CLOEXEC) = 6
17031 close(6)                          = 0
17031 lstat("/home/hmeng/go/src/github.com/opencontainers/runc/Godeps/_workspace/src/github.com/docker/docker/pkg", {st_mode=S_IFDIR|0775, st_size=55, ...}) = 0
17031 openat(AT_FDCWD, "/home/hmeng/go/src/github.com/opencontainers/runc/Godeps/_workspace/src/github.com/docker/docker/pkg", O_RDONLY|O_CLOEXEC) = 6
17031 getdents64(6, /* 6 entries */, 4096) = 168
17031 getdents64(6, /* 0 entries */, 4096) = 0
17031 close(6)                          = 0
17031 lstat("/home/hmeng/go/src/github.com/opencontainers/runc/Godeps/_workspace/src/github.com/docker/docker/pkg/mflag", {st_mode=S_IFDIR|0775, st_size=20, ...}) = 0
17031 openat(AT_FDCWD, "/home/hmeng/go/src/github.com/opencontainers/runc/Godeps/_workspace/src/github.com/docker/docker/pkg/mflag", O_RDONLY|O_CLOEXEC) = 6
17031 getdents64(6, /* 3 entries */, 4096) = 80
17031 getdents64(6, /* 0 entries */, 4096) = 0
17031 close(6)                          = 0
17031 lstat("/home/hmeng/go/src/github.com/opencontainers/runc/Godeps/_workspace/src/github.com/docker/docker/pkg/mflag/LICENSE", {st_mode=S_IFREG|0664, st_size=1493, ...}) = 0
17031 openat(AT_FDCWD, "/home/hmeng/go/src/github.com/opencontainers/runc/Godeps/_workspace/src/github.com/docker/docker/pkg/mflag/LICENSE", O_RDONLY|O_CLOEXEC) = 6
17031 close(6)                          = 0
17031 lstat("/home/hmeng/go/src/github.com/opencontainers/runc/Godeps/_workspace/src/github.com/docker/docker/pkg/mount", {st_mode=S_IFDIR|0775, st_size=4096, ...}) = 0
17031 openat(AT_FDCWD, "/home/hmeng/go/src/github.com/opencontainers/runc/Godeps/_workspace/src/github.com/docker/docker/pkg/mount", O_RDONLY|O_CLOEXEC) = 6
17031 getdents64(6, /* 15 entries */, 4096) = 568
17031 getdents64(6, /* 0 entries */, 4096) = 0
17031 close(6)                          = 0
17031 lstat("/home/hmeng/go/src/github.com/opencontainers/runc/Godeps/_workspace/src/github.com/docker/docker/pkg/mount/flags.go", {st_mode=S_IFREG|0664, st_size=1903, ...}) = 0
17031 openat(AT_FDCWD, "/home/hmeng/go/src/github.com/opencontainers/runc/Godeps/_workspace/src/github.com/docker/docker/pkg/mount/flags.go", O_RDONLY|O_CLOEXEC) = 6
17031 close(6)                          = 0
17031 lstat("/home/hmeng/go/src/github.com/opencontainers/runc/Godeps/_workspace/src/github.com/docker/docker/pkg/mount/flags_freebsd.go", {st_mode=S_IFREG|0664, st_size=950, ...}) = 0
17031 openat(AT_FDCWD, "/home/hmeng/go/src/github.com/opencontainers/runc/Godeps/_workspace/src/github.com/docker/docker/pkg/mount/flags_freebsd.go", O_RDONLY|O_CLOEXEC) = 6
17031 close(6)                          = 0
17031 lstat("/home/hmeng/go/src/github.com/opencontainers/runc/Godeps/_workspace/src/github.com/docker/docker/pkg/mount/flags_linux.go", {st_mode=S_IFREG|0664, st_size=2863, ...}) = 0
17031 openat(AT_FDCWD, "/home/hmeng/go/src/github.com/opencontainers/runc/Godeps/_workspace/src/github.com/docker/docker/pkg/mount/flags_linux.go", O_RDONLY|O_CLOEXEC) = 6
17031 close(6)                          = 0
17031 lstat("/home/hmeng/go/src/github.com/opencontainers/runc/Godeps/_workspace/src/github.com/docker/docker/pkg/mount/flags_unsupported.go", {st_mode=S_IFREG|0664, st_size=488, ...}) = 0
17031 openat(AT_FDCWD, "/home/hmeng/go/src/github.com/opencontainers/runc/Godeps/_workspace/src/github.com/docker/docker/pkg/mount/flags_unsupported.go", O_RDONLY|O_CLOEXEC) = 6
17031 close(6)                          = 0
17031 lstat("/home/hmeng/go/src/github.com/opencontainers/runc/Godeps/_workspace/src/github.com/docker/docker/pkg/mount/mount.go", {st_mode=S_IFREG|0664, st_size=2108, ...}) = 0
17031 openat(AT_FDCWD, "/home/hmeng/go/src/github.com/opencontainers/runc/Godeps/_workspace/src/github.com/docker/docker/pkg/mount/mount.go", O_RDONLY|O_CLOEXEC) = 6
17031 close(6)                          = 0
17031 lstat("/home/hmeng/go/src/github.com/opencontainers/runc/Godeps/_workspace/src/github.com/docker/docker/pkg/mount/mounter_freebsd.go", {st_mode=S_IFREG|0664, st_size=1273, ...}) = 0
17031 openat(AT_FDCWD, "/home/hmeng/go/src/github.com/opencontainers/runc/Godeps/_workspace/src/github.com/docker/docker/pkg/mount/mounter_freebsd.go", O_RDONLY|O_CLOEXEC) = 6
17031 close(6)                          = 0
17031 lstat("/home/hmeng/go/src/github.com/opencontainers/runc/Godeps/_workspace/src/github.com/docker/docker/pkg/mount/mounter_linux.go", {st_mode=S_IFREG|0664, st_size=530, ...}) = 0
17031 openat(AT_FDCWD, "/home/hmeng/go/src/github.com/opencontainers/runc/Godeps/_workspace/src/github.com/docker/docker/pkg/mount/mounter_linux.go", O_RDONLY|O_CLOEXEC) = 6
17031 close(6)                          = 0
17031 lstat("/home/hmeng/go/src/github.com/opencontainers/runc/Godeps/_workspace/src/github.com/docker/docker/pkg/mount/mounter_unsupported.go", {st_mode=S_IFREG|0664, st_size=234, ...}) = 0
17031 openat(AT_FDCWD, "/home/hmeng/go/src/github.com/opencontainers/runc/Godeps/_workspace/src/github.com/docker/docker/pkg/mount/mounter_unsupported.go", O_RDONLY|O_CLOEXEC) = 6
17031 close(6)                          = 0
17031 lstat("/home/hmeng/go/src/github.com/opencontainers/runc/Godeps/_workspace/src/github.com/docker/docker/pkg/mount/mountinfo.go", {st_mode=S_IFREG|0664, st_size=1065, ...}) = 0
17031 openat(AT_FDCWD, "/home/hmeng/go/src/github.com/opencontainers/runc/Godeps/_workspace/src/github.com/docker/docker/pkg/mount/mountinfo.go", O_RDONLY|O_CLOEXEC) = 6
17031 close(6)                          = 0
17031 lstat("/home/hmeng/go/src/github.com/opencontainers/runc/Godeps/_workspace/src/github.com/docker/docker/pkg/mount/mountinfo_freebsd.go", {st_mode=S_IFREG|0664, st_size=921, ...}) = 0
17031 openat(AT_FDCWD, "/home/hmeng/go/src/github.com/opencontainers/runc/Godeps/_workspace/src/github.com/docker/docker/pkg/mount/mountinfo_freebsd.go", O_RDONLY|O_CLOEXEC) = 6
17031 close(6)                          = 0
17031 lstat("/home/hmeng/go/src/github.com/opencontainers/runc/Godeps/_workspace/src/github.com/docker/docker/pkg/mount/mountinfo_linux.go", {st_mode=S_IFREG|0664, st_size=2652, ...}) = 0
17031 openat(AT_FDCWD, "/home/hmeng/go/src/github.com/opencontainers/runc/Godeps/_workspace/src/github.com/docker/docker/pkg/mount/mountinfo_linux.go", O_RDONLY|O_CLOEXEC) = 6
17031 close(6)                          = 0
17031 lstat("/home/hmeng/go/src/github.com/opencontainers/runc/Godeps/_workspace/src/github.com/docker/docker/pkg/mount/mountinfo_unsupported.go", {st_mode=S_IFREG|0664, st_size=236, ...}) = 0
17031 openat(AT_FDCWD, "/home/hmeng/go/src/github.com/opencontainers/runc/Godeps/_workspace/src/github.com/docker/docker/pkg/mount/mountinfo_unsupported.go", O_RDONLY|O_CLOEXEC) = 6
17031 close(6)                          = 0
17031 lstat("/home/hmeng/go/src/github.com/opencontainers/runc/Godeps/_workspace/src/github.com/docker/docker/pkg/mount/sharedsubtree_linux.go", {st_mode=S_IFREG|0664, st_size=2331, ...}) = 0
17031 openat(AT_FDCWD, "/home/hmeng/go/src/github.com/opencontainers/runc/Godeps/_workspace/src/github.com/docker/docker/pkg/mount/sharedsubtree_linux.go", O_RDONLY|O_CLOEXEC) = 6
17031 close(6)                          = 0
17031 lstat("/home/hmeng/go/src/github.com/opencontainers/runc/Godeps/_workspace/src/github.com/docker/docker/pkg/symlink", {st_mode=S_IFDIR|0775, st_size=73, ...}) = 0
17031 openat(AT_FDCWD, "/home/hmeng/go/src/github.com/opencontainers/runc/Godeps/_workspace/src/github.com/docker/docker/pkg/symlink", O_RDONLY|O_CLOEXEC) = 6
17031 getdents64(6, /* 6 entries */, 4096) = 184
17031 getdents64(6, /* 0 entries */, 4096) = 0
17031 close(6)                          = 0
17031 lstat("/home/hmeng/go/src/github.com/opencontainers/runc/Godeps/_workspace/src/github.com/docker/docker/pkg/symlink/LICENSE.APACHE", {st_mode=S_IFREG|0664, st_size=10763, ...}) = 0
17031 openat(AT_FDCWD, "/home/hmeng/go/src/github.com/opencontainers/runc/Godeps/_workspace/src/github.com/docker/docker/pkg/symlink/LICENSE.APACHE", O_RDONLY|O_CLOEXEC) = 6
17031 close(6)                          = 0
17031 lstat("/home/hmeng/go/src/github.com/opencontainers/runc/Godeps/_workspace/src/github.com/docker/docker/pkg/symlink/LICENSE.BSD", {st_mode=S_IFREG|0664, st_size=1493, ...}) = 0
17031 openat(AT_FDCWD, "/home/hmeng/go/src/github.com/opencontainers/runc/Godeps/_workspace/src/github.com/docker/docker/pkg/symlink/LICENSE.BSD", O_RDONLY|O_CLOEXEC) = 6
17031 close(6)                          = 0
17031 lstat("/home/hmeng/go/src/github.com/opencontainers/runc/Godeps/_workspace/src/github.com/docker/docker/pkg/symlink/README.md", {st_mode=S_IFREG|0664, st_size=315, ...}) = 0
17031 openat(AT_FDCWD, "/home/hmeng/go/src/github.com/opencontainers/runc/Godeps/_workspace/src/github.com/docker/docker/pkg/symlink/README.md", O_RDONLY|O_CLOEXEC) = 6
17031 close(6)                          = 0
17031 lstat("/home/hmeng/go/src/github.com/opencontainers/runc/Godeps/_workspace/src/github.com/docker/docker/pkg/symlink/fs.go", {st_mode=S_IFREG|0664, st_size=4360, ...}) = 0
17031 openat(AT_FDCWD, "/home/hmeng/go/src/github.com/opencontainers/runc/Godeps/_workspace/src/github.com/docker/docker/pkg/symlink/fs.go", O_RDONLY|O_CLOEXEC) = 6
17031 close(6)                          = 0
17031 lstat("/home/hmeng/go/src/github.com/opencontainers/runc/Godeps/_workspace/src/github.com/docker/docker/pkg/term", {st_mode=S_IFDIR|0775, st_size=4096, ...}) = 0
17031 openat(AT_FDCWD, "/home/hmeng/go/src/github.com/opencontainers/runc/Godeps/_workspace/src/github.com/docker/docker/pkg/term", O_RDONLY|O_CLOEXEC) = 6
17031 getdents64(6, /* 10 entries */, 4096) = 344
17031 getdents64(6, /* 0 entries */, 4096) = 0
17031 close(6)                          = 0
17031 lstat("/home/hmeng/go/src/github.com/opencontainers/runc/Godeps/_workspace/src/github.com/docker/docker/pkg/term/tc_linux_cgo.go", {st_mode=S_IFREG|0664, st_size=1043, ...}) = 0
17031 openat(AT_FDCWD, "/home/hmeng/go/src/github.com/opencontainers/runc/Godeps/_workspace/src/github.com/docker/docker/pkg/term/tc_linux_cgo.go", O_RDONLY|O_CLOEXEC) = 6
17031 close(6)                          = 0
17031 lstat("/home/hmeng/go/src/github.com/opencontainers/runc/Godeps/_workspace/src/github.com/docker/docker/pkg/term/tc_other.go", {st_mode=S_IFREG|0664, st_size=415, ...}) = 0
17031 openat(AT_FDCWD, "/home/hmeng/go/src/github.com/opencontainers/runc/Godeps/_workspace/src/github.com/docker/docker/pkg/term/tc_other.go", O_RDONLY|O_CLOEXEC) = 6
17031 close(6)                          = 0
17031 lstat("/home/hmeng/go/src/github.com/opencontainers/runc/Godeps/_workspace/src/github.com/docker/docker/pkg/term/term.go", {st_mode=S_IFREG|0664, st_size=2288, ...}) = 0
17031 openat(AT_FDCWD, "/home/hmeng/go/src/github.com/opencontainers/runc/Godeps/_workspace/src/github.com/docker/docker/pkg/term/term.go", O_RDONLY|O_CLOEXEC) = 6
17031 close(6)                          = 0
17031 lstat("/home/hmeng/go/src/github.com/opencontainers/runc/Godeps/_workspace/src/github.com/docker/docker/pkg/term/term_windows.go", {st_mode=S_IFREG|0664, st_size=4151, ...}) = 0
17031 openat(AT_FDCWD, "/home/hmeng/go/src/github.com/opencontainers/runc/Godeps/_workspace/src/github.com/docker/docker/pkg/term/term_windows.go", O_RDONLY|O_CLOEXEC) = 6
17031 close(6)                          = 0
17031 lstat("/home/hmeng/go/src/github.com/opencontainers/runc/Godeps/_workspace/src/github.com/docker/docker/pkg/term/termios_darwin.go", {st_mode=S_IFREG|0664, st_size=1568, ...}) = 0
17031 openat(AT_FDCWD, "/home/hmeng/go/src/github.com/opencontainers/runc/Godeps/_workspace/src/github.com/docker/docker/pkg/term/termios_darwin.go", O_RDONLY|O_CLOEXEC) = 6
17031 close(6)                          = 0
17031 lstat("/home/hmeng/go/src/github.com/opencontainers/runc/Godeps/_workspace/src/github.com/docker/docker/pkg/term/termios_freebsd.go", {st_mode=S_IFREG|0664, st_size=1568, ...}) = 0
17031 openat(AT_FDCWD, "/home/hmeng/go/src/github.com/opencontainers/runc/Godeps/_workspace/src/github.com/docker/docker/pkg/term/termios_freebsd.go", O_RDONLY|O_CLOEXEC) = 6
17031 close(6)                          = 0
17031 lstat("/home/hmeng/go/src/github.com/opencontainers/runc/Godeps/_workspace/src/github.com/docker/docker/pkg/term/termios_linux.go", {st_mode=S_IFREG|0664, st_size=1199, ...}) = 0
17031 openat(AT_FDCWD, "/home/hmeng/go/src/github.com/opencontainers/runc/Godeps/_workspace/src/github.com/docker/docker/pkg/term/termios_linux.go", O_RDONLY|O_CLOEXEC) = 6
17031 close(6)                          = 0
17031 lstat("/home/hmeng/go/src/github.com/opencontainers/runc/Godeps/_workspace/src/github.com/docker/docker/pkg/term/winconsole", {st_mode=S_IFDIR|0775, st_size=54, ...}) = 0
17031 openat(AT_FDCWD, "/home/hmeng/go/src/github.com/opencontainers/runc/Godeps/_workspace/src/github.com/docker/docker/pkg/term/winconsole", O_RDONLY|O_CLOEXEC) = 6
17031 getdents64(6, /* 4 entries */, 4096) = 128
17031 getdents64(6, /* 0 entries */, 4096) = 0
17031 close(6)                          = 0
17031 lstat("/home/hmeng/go/src/github.com/opencontainers/runc/Godeps/_workspace/src/github.com/docker/docker/pkg/term/winconsole/console_windows.go", {st_mode=S_IFREG|0664, st_size=34121, ...}) = 0
17031 openat(AT_FDCWD, "/home/hmeng/go/src/github.com/opencontainers/runc/Godeps/_workspace/src/github.com/docker/docker/pkg/term/winconsole/console_windows.go", O_RDONLY|O_CLOEXEC) = 6
17031 close(6)                          = 0
17031 lstat("/home/hmeng/go/src/github.com/opencontainers/runc/Godeps/_workspace/src/github.com/docker/docker/pkg/term/winconsole/term_emulator.go", {st_mode=S_IFREG|0664, st_size=6443, ...}) = 0
17031 openat(AT_FDCWD, "/home/hmeng/go/src/github.com/opencontainers/runc/Godeps/_workspace/src/github.com/docker/docker/pkg/term/winconsole/term_emulator.go", O_RDONLY|O_CLOEXEC) = 6
17031 close(6)                          = 0
17031 lstat("/home/hmeng/go/src/github.com/opencontainers/runc/Godeps/_workspace/src/github.com/docker/docker/vendor", {st_mode=S_IFDIR|0775, st_size=16, ...}) = 0
17031 openat(AT_FDCWD, "/home/hmeng/go/src/github.com/opencontainers/runc/Godeps/_workspace/src/github.com/docker/docker/vendor", O_RDONLY|O_CLOEXEC) = 6
17031 getdents64(6, /* 3 entries */, 4096) = 72
17031 getdents64(6, /* 0 entries */, 4096) = 0
17031 close(6)                          = 0
17031 lstat("/home/hmeng/go/src/github.com/opencontainers/runc/Godeps/_workspace/src/github.com/docker/docker/vendor/src", {st_mode=S_IFDIR|0775, st_size=23, ...}) = 0
17031 openat(AT_FDCWD, "/home/hmeng/go/src/github.com/opencontainers/runc/Godeps/_workspace/src/github.com/docker/docker/vendor/src", O_RDONLY|O_CLOEXEC) = 6
17031 getdents64(6, /* 3 entries */, 4096) = 80
17031 getdents64(6, /* 0 entries */, 4096) = 0
17031 close(6)                          = 0
17031 lstat("/home/hmeng/go/src/github.com/opencontainers/runc/Godeps/_workspace/src/github.com/docker/docker/vendor/src/github.com", {st_mode=S_IFDIR|0775, st_size=4096, ...}) = 0
17031 openat(AT_FDCWD, "/home/hmeng/go/src/github.com/opencontainers/runc/Godeps/_workspace/src/github.com/docker/docker/vendor/src/github.com", O_RDONLY|O_CLOEXEC) = 6
17031 getdents64(6, /* 16 entries */, 4096) = 488
17031 getdents64(6, /* 0 entries */, 4096) = 0
17031 close(6)                          = 0
17031 lstat("/home/hmeng/go/src/github.com/opencontainers/runc/Godeps/_workspace/src/github.com/docker/docker/vendor/src/github.com/BurntSushi", {st_mode=S_IFDIR|0775, st_size=17, ...}) = 0
17031 openat(AT_FDCWD, "/home/hmeng/go/src/github.com/opencontainers/runc/Godeps/_workspace/src/github.com/docker/docker/vendor/src/github.com/BurntSushi", O_RDONLY|O_CLOEXEC) = 6
17031 getdents64(6, /* 3 entries */, 4096) = 72
17031 getdents64(6, /* 0 entries */, 4096) = 0
17031 close(6)                          = 0
17031 lstat("/home/hmeng/go/src/github.com/opencontainers/runc/Godeps/_workspace/src/github.com/docker/docker/vendor/src/github.com/BurntSushi/toml", {st_mode=S_IFDIR|0775, st_size=20, ...}) = 0
17031 openat(AT_FDCWD, "/home/hmeng/go/src/github.com/opencontainers/runc/Godeps/_workspace/src/github.com/docker/docker/vendor/src/github.com/BurntSushi/toml", O_RDONLY|O_CLOEXEC) = 6
17031 getdents64(6, /* 3 entries */, 4096) = 80
17031 getdents64(6, /* 0 entries */, 4096) = 0
17031 close(6)                          = 0
17031 lstat("/home/hmeng/go/src/github.com/opencontainers/runc/Godeps/_workspace/src/github.com/docker/docker/vendor/src/github.com/BurntSushi/toml/COPYING", {st_mode=S_IFREG|0664, st_size=484, ...}) = 0
17031 openat(AT_FDCWD, "/home/hmeng/go/src/github.com/opencontainers/runc/Godeps/_workspace/src/github.com/docker/docker/vendor/src/github.com/BurntSushi/toml/COPYING", O_RDONLY|O_CLOEXEC) = 6
17031 close(6)                          = 0
17031 lstat("/home/hmeng/go/src/github.com/opencontainers/runc/Godeps/_workspace/src/github.com/docker/docker/vendor/src/github.com/Sirupsen", {st_mode=S_IFDIR|0775, st_size=19, ...}) = 0
17031 openat(AT_FDCWD, "/home/hmeng/go/src/github.com/opencontainers/runc/Godeps/_workspace/src/github.com/docker/docker/vendor/src/github.com/Sirupsen", O_RDONLY|O_CLOEXEC) = 6
17031 getdents64(6, /* 3 entries */, 4096) = 80
17031 getdents64(6, /* 0 entries */, 4096) = 0
17031 close(6)                          = 0
17031 lstat("/home/hmeng/go/src/github.com/opencontainers/runc/Godeps/_workspace/src/github.com/docker/docker/vendor/src/github.com/Sirupsen/logrus", {st_mode=S_IFDIR|0775, st_size=20, ...}) = 0
17031 openat(AT_FDCWD, "/home/hmeng/go/src/github.com/opencontainers/runc/Godeps/_workspace/src/github.com/docker/docker/vendor/src/github.com/Sirupsen/logrus", O_RDONLY|O_CLOEXEC) = 6
17031 getdents64(6, /* 3 entries */, 4096) = 80
17031 getdents64(6, /* 0 entries */, 4096) = 0
17031 close(6)                          = 0
17031 lstat("/home/hmeng/go/src/github.com/opencontainers/runc/Godeps/_workspace/src/github.com/docker/docker/vendor/src/github.com/Sirupsen/logrus/LICENSE", {st_mode=S_IFREG|0664, st_size=1082, ...}) = 0
17031 openat(AT_FDCWD, "/home/hmeng/go/src/github.com/opencontainers/runc/Godeps/_workspace/src/github.com/docker/docker/vendor/src/github.com/Sirupsen/logrus/LICENSE", O_RDONLY|O_CLOEXEC) = 6
17031 close(6)                          = 0
17031 lstat("/home/hmeng/go/src/github.com/opencontainers/runc/Godeps/_workspace/src/github.com/docker/docker/vendor/src/github.com/armon", {st_mode=S_IFDIR|0775, st_size=23, ...}) = 0
17031 openat(AT_FDCWD, "/home/hmeng/go/src/github.com/opencontainers/runc/Godeps/_workspace/src/github.com/docker/docker/vendor/src/github.com/armon", O_RDONLY|O_CLOEXEC) = 6
17031 getdents64(6, /* 3 entries */, 4096) = 80
17031 getdents64(6, /* 0 entries */, 4096) = 0
17031 close(6)                          = 0
17031 lstat("/home/hmeng/go/src/github.com/opencontainers/runc/Godeps/_workspace/src/github.com/docker/docker/vendor/src/github.com/armon/go-metrics", {st_mode=S_IFDIR|0775, st_size=20, ...}) = 0
17031 openat(AT_FDCWD, "/home/hmeng/go/src/github.com/opencontainers/runc/Godeps/_workspace/src/github.com/docker/docker/vendor/src/github.com/armon/go-metrics", O_RDONLY|O_CLOEXEC) = 6
17031 getdents64(6, /* 3 entries */, 4096) = 80
17031 getdents64(6, /* 0 entries */, 4096) = 0
17031 close(6)                          = 0
17031 lstat("/home/hmeng/go/src/github.com/opencontainers/runc/Godeps/_workspace/src/github.com/docker/docker/vendor/src/github.com/armon/go-metrics/LICENSE", {st_mode=S_IFREG|0664, st_size=1079, ...}) = 0
17031 openat(AT_FDCWD, "/home/hmeng/go/src/github.com/opencontainers/runc/Godeps/_workspace/src/github.com/docker/docker/vendor/src/github.com/armon/go-metrics/LICENSE", O_RDONLY|O_CLOEXEC) = 6
17031 close(6)                          = 0
17031 lstat("/home/hmeng/go/src/github.com/opencontainers/runc/Godeps/_workspace/src/github.com/docker/docker/vendor/src/github.com/docker", {st_mode=S_IFDIR|0775, st_size=69, ...}) = 0
17031 openat(AT_FDCWD, "/home/hmeng/go/src/github.com/opencontainers/runc/Godeps/_workspace/src/github.com/docker/docker/vendor/src/github.com/docker", O_RDONLY|O_CLOEXEC) = 6
17031 getdents64(6, /* 6 entries */, 4096) = 176
17031 getdents64(6, /* 0 entries */, 4096) = 0
17031 close(6)                          = 0
17032 <... select resumed> )            = 0 (Timeout)
17032 clock_gettime(CLOCK_MONOTONIC, {4903, 279486122}) = 0
17032 clock_gettime(CLOCK_REALTIME, {1465918769, 63489410}) = 0
17032 epoll_wait(5, {}, 128, 0)         = 0
17032 select(0, NULL, NULL, NULL, {0, 10000} <unfinished ...>
17031 futex(0xc82002ea10, FUTEX_WAKE, 1 <unfinished ...>
17033 <... futex resumed> )             = 0
17033 epoll_wait(5, {}, 128, 0)         = 0
17033 epoll_wait(5,  <unfinished ...>
17031 <... futex resumed> )             = 1
17031 lstat("/home/hmeng/go/src/github.com/opencontainers/runc/Godeps/_workspace/src/github.com/docker/docker/vendor/src/github.com/docker/distribution", {st_mode=S_IFDIR|0775, st_size=20, ...}) = 0
17031 openat(AT_FDCWD, "/home/hmeng/go/src/github.com/opencontainers/runc/Godeps/_workspace/src/github.com/docker/docker/vendor/src/github.com/docker/distribution", O_RDONLY|O_CLOEXEC) = 6
17031 getdents64(6, /* 3 entries */, 4096) = 80
17031 getdents64(6, /* 0 entries */, 4096) = 0
17031 close(6)                          = 0
17031 lstat("/home/hmeng/go/src/github.com/opencontainers/runc/Godeps/_workspace/src/github.com/docker/docker/vendor/src/github.com/docker/distribution/LICENSE", {st_mode=S_IFREG|0664, st_size=11325, ...}) = 0
17031 openat(AT_FDCWD, "/home/hmeng/go/src/github.com/opencontainers/runc/Godeps/_workspace/src/github.com/docker/docker/vendor/src/github.com/docker/distribution/LICENSE", O_RDONLY|O_CLOEXEC) = 6
17031 close(6)                          = 0
17031 lstat("/home/hmeng/go/src/github.com/opencontainers/runc/Godeps/_workspace/src/github.com/docker/docker/vendor/src/github.com/docker/libkv", {st_mode=S_IFDIR|0775, st_size=20, ...}) = 0
17031 openat(AT_FDCWD, "/home/hmeng/go/src/github.com/opencontainers/runc/Godeps/_workspace/src/github.com/docker/docker/vendor/src/github.com/docker/libkv", O_RDONLY|O_CLOEXEC) = 6
17031 getdents64(6, /* 3 entries */, 4096) = 80
17031 getdents64(6, /* 0 entries */, 4096) = 0
17031 close(6)                          = 0
17031 lstat("/home/hmeng/go/src/github.com/opencontainers/runc/Godeps/_workspace/src/github.com/docker/docker/vendor/src/github.com/docker/libkv/LICENSE", {st_mode=S_IFREG|0664, st_size=10763, ...}) = 0
17031 openat(AT_FDCWD, "/home/hmeng/go/src/github.com/opencontainers/runc/Godeps/_workspace/src/github.com/docker/docker/vendor/src/github.com/docker/libkv/LICENSE", O_RDONLY|O_CLOEXEC) = 6
17031 close(6)                          = 0
17031 lstat("/home/hmeng/go/src/github.com/opencontainers/runc/Godeps/_workspace/src/github.com/docker/docker/vendor/src/github.com/docker/libnetwork", {st_mode=S_IFDIR|0775, st_size=20, ...}) = 0
17031 openat(AT_FDCWD, "/home/hmeng/go/src/github.com/opencontainers/runc/Godeps/_workspace/src/github.com/docker/docker/vendor/src/github.com/docker/libnetwork", O_RDONLY|O_CLOEXEC) = 6
17031 getdents64(6, /* 3 entries */, 4096) = 80
17031 getdents64(6, /* 0 entries */, 4096) = 0
17031 close(6)                          = 0
17031 lstat("/home/hmeng/go/src/github.com/opencontainers/runc/Godeps/_workspace/src/github.com/docker/docker/vendor/src/github.com/docker/libnetwork/LICENSE", {st_mode=S_IFREG|0664, st_size=11325, ...}) = 0
17031 openat(AT_FDCWD, "/home/hmeng/go/src/github.com/opencontainers/runc/Godeps/_workspace/src/github.com/docker/docker/vendor/src/github.com/docker/libnetwork/LICENSE", O_RDONLY|O_CLOEXEC) = 6
17031 close(6)                          = 0
17031 lstat("/home/hmeng/go/src/github.com/opencontainers/runc/Godeps/_workspace/src/github.com/docker/docker/vendor/src/github.com/docker/libtrust", {st_mode=S_IFDIR|0775, st_size=20, ...}) = 0
17031 openat(AT_FDCWD, "/home/hmeng/go/src/github.com/opencontainers/runc/Godeps/_workspace/src/github.com/docker/docker/vendor/src/github.com/docker/libtrust", O_RDONLY|O_CLOEXEC) = 6
17031 getdents64(6, /* 3 entries */, 4096) = 80
17031 getdents64(6, /* 0 entries */, 4096) = 0
17031 close(6)                          = 0
17031 lstat("/home/hmeng/go/src/github.com/opencontainers/runc/Godeps/_workspace/src/github.com/docker/docker/vendor/src/github.com/docker/libtrust/LICENSE", {st_mode=S_IFREG|0664, st_size=10758, ...}) = 0
17031 openat(AT_FDCWD, "/home/hmeng/go/src/github.com/opencontainers/runc/Godeps/_workspace/src/github.com/docker/docker/vendor/src/github.com/docker/libtrust/LICENSE", O_RDONLY|O_CLOEXEC) = 6
17031 close(6)                          = 0
17031 lstat("/home/hmeng/go/src/github.com/opencontainers/runc/Godeps/_workspace/src/github.com/docker/docker/vendor/src/github.com/go-check", {st_mode=S_IFDIR|0775, st_size=18, ...}) = 0
17031 openat(AT_FDCWD, "/home/hmeng/go/src/github.com/opencontainers/runc/Godeps/_workspace/src/github.com/docker/docker/vendor/src/github.com/go-check", O_RDONLY|O_CLOEXEC) = 6
17031 getdents64(6, /* 3 entries */, 4096) = 80
17031 getdents64(6, /* 0 entries */, 4096) = 0
17031 close(6)                          = 0
17031 lstat("/home/hmeng/go/src/github.com/opencontainers/runc/Godeps/_workspace/src/github.com/docker/docker/vendor/src/github.com/go-check/check", {st_mode=S_IFDIR|0775, st_size=20, ...}) = 0
17031 openat(AT_FDCWD, "/home/hmeng/go/src/github.com/opencontainers/runc/Godeps/_workspace/src/github.com/docker/docker/vendor/src/github.com/go-check/check", O_RDONLY|O_CLOEXEC) = 6
17031 getdents64(6, /* 3 entries */, 4096) = 80
17031 getdents64(6, /* 0 entries */, 4096) = 0
17031 close(6)                          = 0
17031 lstat("/home/hmeng/go/src/github.com/opencontainers/runc/Godeps/_workspace/src/github.com/docker/docker/vendor/src/github.com/go-check/check/LICENSE", {st_mode=S_IFREG|0664, st_size=1377, ...}) = 0
17031 openat(AT_FDCWD, "/home/hmeng/go/src/github.com/opencontainers/runc/Godeps/_workspace/src/github.com/docker/docker/vendor/src/github.com/go-check/check/LICENSE", O_RDONLY|O_CLOEXEC) = 6
17031 close(6)                          = 0
17031 lstat("/home/hmeng/go/src/github.com/opencontainers/runc/Godeps/_workspace/src/github.com/docker/docker/vendor/src/github.com/godbus", {st_mode=S_IFDIR|0775, st_size=17, ...}) = 0
17031 openat(AT_FDCWD, "/home/hmeng/go/src/github.com/opencontainers/runc/Godeps/_workspace/src/github.com/docker/docker/vendor/src/github.com/godbus", O_RDONLY|O_CLOEXEC) = 6
17031 getdents64(6, /* 3 entries */, 4096) = 72
17031 getdents64(6, /* 0 entries */, 4096) = 0
17031 close(6)                          = 0
17031 lstat("/home/hmeng/go/src/github.com/opencontainers/runc/Godeps/_workspace/src/github.com/docker/docker/vendor/src/github.com/godbus/dbus", {st_mode=S_IFDIR|0775, st_size=20, ...}) = 0
17031 openat(AT_FDCWD, "/home/hmeng/go/src/github.com/opencontainers/runc/Godeps/_workspace/src/github.com/docker/docker/vendor/src/github.com/godbus/dbus", O_RDONLY|O_CLOEXEC) = 6
17031 getdents64(6, /* 3 entries */, 4096) = 80
17031 getdents64(6, /* 0 entries */, 4096) = 0
17031 close(6)                          = 0
17031 lstat("/home/hmeng/go/src/github.com/opencontainers/runc/Godeps/_workspace/src/github.com/docker/docker/vendor/src/github.com/godbus/dbus/LICENSE", {st_mode=S_IFREG|0664, st_size=1320, ...}) = 0
17031 openat(AT_FDCWD, "/home/hmeng/go/src/github.com/opencontainers/runc/Godeps/_workspace/src/github.com/docker/docker/vendor/src/github.com/godbus/dbus/LICENSE", O_RDONLY|O_CLOEXEC) = 6
17031 close(6)                          = 0
17031 lstat("/home/hmeng/go/src/github.com/opencontainers/runc/Godeps/_workspace/src/github.com/docker/docker/vendor/src/github.com/gorilla", {st_mode=S_IFDIR|0775, st_size=30, ...}) = 0
17031 openat(AT_FDCWD, "/home/hmeng/go/src/github.com/opencontainers/runc/Godeps/_workspace/src/github.com/docker/docker/vendor/src/github.com/gorilla", O_RDONLY|O_CLOEXEC) = 6
17031 getdents64(6, /* 4 entries */, 4096) = 104
17031 getdents64(6, /* 0 entries */, 4096) = 0
17031 close(6)                          = 0
17031 lstat("/home/hmeng/go/src/github.com/opencontainers/runc/Godeps/_workspace/src/github.com/docker/docker/vendor/src/github.com/gorilla/context", {st_mode=S_IFDIR|0775, st_size=20, ...}) = 0
17031 openat(AT_FDCWD, "/home/hmeng/go/src/github.com/opencontainers/runc/Godeps/_workspace/src/github.com/docker/docker/vendor/src/github.com/gorilla/context", O_RDONLY|O_CLOEXEC) = 6
17031 getdents64(6, /* 3 entries */, 4096) = 80
17031 getdents64(6, /* 0 entries */, 4096) = 0
17031 close(6)                          = 0
17031 lstat("/home/hmeng/go/src/github.com/opencontainers/runc/Godeps/_workspace/src/github.com/docker/docker/vendor/src/github.com/gorilla/context/LICENSE", {st_mode=S_IFREG|0664, st_size=1476, ...}) = 0
17031 openat(AT_FDCWD, "/home/hmeng/go/src/github.com/opencontainers/runc/Godeps/_workspace/src/github.com/docker/docker/vendor/src/github.com/gorilla/context/LICENSE", O_RDONLY|O_CLOEXEC) = 6
17031 close(6)                          = 0
17031 lstat("/home/hmeng/go/src/github.com/opencontainers/runc/Godeps/_workspace/src/github.com/docker/docker/vendor/src/github.com/gorilla/mux", {st_mode=S_IFDIR|0775, st_size=20, ...}) = 0
17031 openat(AT_FDCWD, "/home/hmeng/go/src/github.com/opencontainers/runc/Godeps/_workspace/src/github.com/docker/docker/vendor/src/github.com/gorilla/mux", O_RDONLY|O_CLOEXEC) = 6
17031 getdents64(6, /* 3 entries */, 4096) = 80
17031 getdents64(6, /* 0 entries */, 4096) = 0
17031 close(6)                          = 0
17031 lstat("/home/hmeng/go/src/github.com/opencontainers/runc/Godeps/_workspace/src/github.com/docker/docker/vendor/src/github.com/gorilla/mux/LICENSE", {st_mode=S_IFREG|0664, st_size=1476, ...}) = 0
17031 openat(AT_FDCWD, "/home/hmeng/go/src/github.com/opencontainers/runc/Godeps/_workspace/src/github.com/docker/docker/vendor/src/github.com/gorilla/mux/LICENSE", O_RDONLY|O_CLOEXEC) = 6
17031 close(6)                          = 0
17031 lstat("/home/hmeng/go/src/github.com/opencontainers/runc/Godeps/_workspace/src/github.com/docker/docker/vendor/src/github.com/hashicorp", {st_mode=S_IFDIR|0775, st_size=23, ...}) = 0
17031 openat(AT_FDCWD, "/home/hmeng/go/src/github.com/opencontainers/runc/Godeps/_workspace/src/github.com/docker/docker/vendor/src/github.com/hashicorp", O_RDONLY|O_CLOEXEC) = 6
17031 getdents64(6, /* 3 entries */, 4096) = 80
17031 getdents64(6, /* 0 entries */, 4096) = 0
17031 close(6)                          = 0
17031 lstat("/home/hmeng/go/src/github.com/opencontainers/runc/Godeps/_workspace/src/github.com/docker/docker/vendor/src/github.com/hashicorp/memberlist", {st_mode=S_IFDIR|0775, st_size=20, ...}) = 0
17031 openat(AT_FDCWD, "/home/hmeng/go/src/github.com/opencontainers/runc/Godeps/_workspace/src/github.com/docker/docker/vendor/src/github.com/hashicorp/memberlist", O_RDONLY|O_CLOEXEC) = 6
17031 getdents64(6, /* 3 entries */, 4096) = 80
17031 getdents64(6, /* 0 entries */, 4096) = 0
17031 close(6)                          = 0
17031 lstat("/home/hmeng/go/src/github.com/opencontainers/runc/Godeps/_workspace/src/github.com/docker/docker/vendor/src/github.com/hashicorp/memberlist/LICENSE", {st_mode=S_IFREG|0664, st_size=15977, ...}) = 0
17031 openat(AT_FDCWD, "/home/hmeng/go/src/github.com/opencontainers/runc/Godeps/_workspace/src/github.com/docker/docker/vendor/src/github.com/hashicorp/memberlist/LICENSE", O_RDONLY|O_CLOEXEC) = 6
17031 close(6)                          = 0
17031 lstat("/home/hmeng/go/src/github.com/opencontainers/runc/Godeps/_workspace/src/github.com/docker/docker/vendor/src/github.com/kr", {st_mode=S_IFDIR|0775, st_size=16, ...}) = 0
17031 openat(AT_FDCWD, "/home/hmeng/go/src/github.com/opencontainers/runc/Godeps/_workspace/src/github.com/docker/docker/vendor/src/github.com/kr", O_RDONLY|O_CLOEXEC) = 6
17031 getdents64(6, /* 3 entries */, 4096) = 72
17031 getdents64(6, /* 0 entries */, 4096) = 0
17031 close(6)                          = 0
17031 lstat("/home/hmeng/go/src/github.com/opencontainers/runc/Godeps/_workspace/src/github.com/docker/docker/vendor/src/github.com/kr/pty", {st_mode=S_IFDIR|0775, st_size=20, ...}) = 0
17031 openat(AT_FDCWD, "/home/hmeng/go/src/github.com/opencontainers/runc/Godeps/_workspace/src/github.com/docker/docker/vendor/src/github.com/kr/pty", O_RDONLY|O_CLOEXEC) = 6
17031 getdents64(6, /* 3 entries */, 4096) = 80
17031 getdents64(6, /* 0 entries */, 4096) = 0
17031 close(6)                          = 0
17031 lstat("/home/hmeng/go/src/github.com/opencontainers/runc/Godeps/_workspace/src/github.com/docker/docker/vendor/src/github.com/kr/pty/License", {st_mode=S_IFREG|0664, st_size=1056, ...}) = 0
17031 openat(AT_FDCWD, "/home/hmeng/go/src/github.com/opencontainers/runc/Godeps/_workspace/src/github.com/docker/docker/vendor/src/github.com/kr/pty/License", O_RDONLY|O_CLOEXEC) = 6
17031 close(6)                          = 0
17031 lstat("/home/hmeng/go/src/github.com/opencontainers/runc/Godeps/_workspace/src/github.com/docker/docker/vendor/src/github.com/mattn", {st_mode=S_IFDIR|0775, st_size=23, ...}) = 0
17031 openat(AT_FDCWD, "/home/hmeng/go/src/github.com/opencontainers/runc/Godeps/_workspace/src/github.com/docker/docker/vendor/src/github.com/mattn", O_RDONLY|O_CLOEXEC) = 6
17031 getdents64(6, /* 3 entries */, 4096) = 80
17031 getdents64(6, /* 0 entries */, 4096) = 0
17031 close(6)                          = 0
17031 lstat("/home/hmeng/go/src/github.com/opencontainers/runc/Godeps/_workspace/src/github.com/docker/docker/vendor/src/github.com/mattn/go-sqlite3", {st_mode=S_IFDIR|0775, st_size=20, ...}) = 0
17031 openat(AT_FDCWD, "/home/hmeng/go/src/github.com/opencontainers/runc/Godeps/_workspace/src/github.com/docker/docker/vendor/src/github.com/mattn/go-sqlite3", O_RDONLY|O_CLOEXEC) = 6
17031 getdents64(6, /* 3 entries */, 4096) = 80
17031 getdents64(6, /* 0 entries */, 4096) = 0
17031 close(6)                          = 0
17031 lstat("/home/hmeng/go/src/github.com/opencontainers/runc/Godeps/_workspace/src/github.com/docker/docker/vendor/src/github.com/mattn/go-sqlite3/LICENSE", {st_mode=S_IFREG|0664, st_size=1085, ...}) = 0
17031 openat(AT_FDCWD, "/home/hmeng/go/src/github.com/opencontainers/runc/Godeps/_workspace/src/github.com/docker/docker/vendor/src/github.com/mattn/go-sqlite3/LICENSE", O_RDONLY|O_CLOEXEC) = 6
17031 close(6)                          = 0
17031 lstat("/home/hmeng/go/src/github.com/opencontainers/runc/Godeps/_workspace/src/github.com/docker/docker/vendor/src/github.com/microsoft", {st_mode=S_IFDIR|0775, st_size=20, ...}) = 0
17031 openat(AT_FDCWD, "/home/hmeng/go/src/github.com/opencontainers/runc/Godeps/_workspace/src/github.com/docker/docker/vendor/src/github.com/microsoft", O_RDONLY|O_CLOEXEC) = 6
17031 getdents64(6, /* 3 entries */, 4096) = 80
17031 getdents64(6, /* 0 entries */, 4096) = 0
17031 close(6)                          = 0
17031 lstat("/home/hmeng/go/src/github.com/opencontainers/runc/Godeps/_workspace/src/github.com/docker/docker/vendor/src/github.com/microsoft/hcsshim", {st_mode=S_IFDIR|0775, st_size=20, ...}) = 0
17031 openat(AT_FDCWD, "/home/hmeng/go/src/github.com/opencontainers/runc/Godeps/_workspace/src/github.com/docker/docker/vendor/src/github.com/microsoft/hcsshim", O_RDONLY|O_CLOEXEC) = 6
17031 getdents64(6, /* 3 entries */, 4096) = 80
17031 getdents64(6, /* 0 entries */, 4096) = 0
17031 close(6)                          = 0
17031 lstat("/home/hmeng/go/src/github.com/opencontainers/runc/Godeps/_workspace/src/github.com/docker/docker/vendor/src/github.com/microsoft/hcsshim/LICENSE", {st_mode=S_IFREG|0664, st_size=1077, ...}) = 0
17031 openat(AT_FDCWD, "/home/hmeng/go/src/github.com/opencontainers/runc/Godeps/_workspace/src/github.com/docker/docker/vendor/src/github.com/microsoft/hcsshim/LICENSE", O_RDONLY|O_CLOEXEC) = 6
17031 close(6)                          = 0
17031 lstat("/home/hmeng/go/src/github.com/opencontainers/runc/Godeps/_workspace/src/github.com/docker/docker/vendor/src/github.com/mistifyio", {st_mode=S_IFDIR|0775, st_size=19, ...}) = 0
17031 openat(AT_FDCWD, "/home/hmeng/go/src/github.com/opencontainers/runc/Godeps/_workspace/src/github.com/docker/docker/vendor/src/github.com/mistifyio", O_RDONLY|O_CLOEXEC) = 6
17031 getdents64(6, /* 3 entries */, 4096) = 80
17031 getdents64(6, /* 0 entries */, 4096) = 0
17031 close(6)                          = 0
17031 lstat("/home/hmeng/go/src/github.com/opencontainers/runc/Godeps/_workspace/src/github.com/docker/docker/vendor/src/github.com/mistifyio/go-zfs", {st_mode=S_IFDIR|0775, st_size=20, ...}) = 0
17031 openat(AT_FDCWD, "/home/hmeng/go/src/github.com/opencontainers/runc/Godeps/_workspace/src/github.com/docker/docker/vendor/src/github.com/mistifyio/go-zfs", O_RDONLY|O_CLOEXEC) = 6
17031 getdents64(6, /* 3 entries */, 4096) = 80
17031 getdents64(6, /* 0 entries */, 4096) = 0
17031 close(6)                          = 0
17031 lstat("/home/hmeng/go/src/github.com/opencontainers/runc/Godeps/_workspace/src/github.com/docker/docker/vendor/src/github.com/mistifyio/go-zfs/LICENSE", {st_mode=S_IFREG|0664, st_size=11333, ...}) = 0
17031 openat(AT_FDCWD, "/home/hmeng/go/src/github.com/opencontainers/runc/Godeps/_workspace/src/github.com/docker/docker/vendor/src/github.com/mistifyio/go-zfs/LICENSE", O_RDONLY|O_CLOEXEC) = 6
17031 close(6)                          = 0
17031 lstat("/home/hmeng/go/src/github.com/opencontainers/runc/Godeps/_workspace/src/github.com/docker/docker/vendor/src/github.com/natefinch", {st_mode=S_IFDIR|0775, st_size=18, ...}) = 0
17031 openat(AT_FDCWD, "/home/hmeng/go/src/github.com/opencontainers/runc/Godeps/_workspace/src/github.com/docker/docker/vendor/src/github.com/natefinch", O_RDONLY|O_CLOEXEC) = 6
17031 getdents64(6, /* 3 entries */, 4096) = 80
17031 getdents64(6, /* 0 entries */, 4096) = 0
17031 close(6)                          = 0
17031 lstat("/home/hmeng/go/src/github.com/opencontainers/runc/Godeps/_workspace/src/github.com/docker/docker/vendor/src/github.com/natefinch/npipe", {st_mode=S_IFDIR|0775, st_size=24, ...}) = 0
17031 openat(AT_FDCWD, "/home/hmeng/go/src/github.com/opencontainers/runc/Godeps/_workspace/src/github.com/docker/docker/vendor/src/github.com/natefinch/npipe", O_RDONLY|O_CLOEXEC) = 6
17031 getdents64(6, /* 3 entries */, 4096) = 80
17031 getdents64(6, /* 0 entries */, 4096) = 0
17031 close(6)                          = 0
17031 lstat("/home/hmeng/go/src/github.com/opencontainers/runc/Godeps/_workspace/src/github.com/docker/docker/vendor/src/github.com/natefinch/npipe/LICENSE.txt", {st_mode=S_IFREG|0664, st_size=1078, ...}) = 0
17031 openat(AT_FDCWD, "/home/hmeng/go/src/github.com/opencontainers/runc/Godeps/_workspace/src/github.com/docker/docker/vendor/src/github.com/natefinch/npipe/LICENSE.txt", O_RDONLY|O_CLOEXEC) = 6
17031 close(6)                          = 0
17031 lstat("/home/hmeng/go/src/github.com/opencontainers/runc/Godeps/_workspace/src/github.com/docker/docker/vendor/src/github.com/vishvananda", {st_mode=S_IFDIR|0775, st_size=32, ...}) = 0
17031 openat(AT_FDCWD, "/home/hmeng/go/src/github.com/opencontainers/runc/Godeps/_workspace/src/github.com/docker/docker/vendor/src/github.com/vishvananda", O_RDONLY|O_CLOEXEC) = 6
17031 getdents64(6, /* 4 entries */, 4096) = 112
17031 getdents64(6, /* 0 entries */, 4096) = 0
17031 close(6)                          = 0
17031 lstat("/home/hmeng/go/src/github.com/opencontainers/runc/Godeps/_workspace/src/github.com/docker/docker/vendor/src/github.com/vishvananda/netlink", {st_mode=S_IFDIR|0775, st_size=20, ...}) = 0
17031 openat(AT_FDCWD, "/home/hmeng/go/src/github.com/opencontainers/runc/Godeps/_workspace/src/github.com/docker/docker/vendor/src/github.com/vishvananda/netlink", O_RDONLY|O_CLOEXEC) = 6
17031 getdents64(6, /* 3 entries */, 4096) = 80
17031 getdents64(6, /* 0 entries */, 4096) = 0
17031 close(6)                          = 0
17031 lstat("/home/hmeng/go/src/github.com/opencontainers/runc/Godeps/_workspace/src/github.com/docker/docker/vendor/src/github.com/vishvananda/netlink/LICENSE", {st_mode=S_IFREG|0664, st_size=10796, ...}) = 0
17031 openat(AT_FDCWD, "/home/hmeng/go/src/github.com/opencontainers/runc/Godeps/_workspace/src/github.com/docker/docker/vendor/src/github.com/vishvananda/netlink/LICENSE", O_RDONLY|O_CLOEXEC) = 6
17031 close(6)                          = 0
17031 lstat("/home/hmeng/go/src/github.com/opencontainers/runc/Godeps/_workspace/src/github.com/docker/docker/vendor/src/github.com/vishvananda/netns", {st_mode=S_IFDIR|0775, st_size=20, ...}) = 0
17031 openat(AT_FDCWD, "/home/hmeng/go/src/github.com/opencontainers/runc/Godeps/_workspace/src/github.com/docker/docker/vendor/src/github.com/vishvananda/netns", O_RDONLY|O_CLOEXEC) = 6
17031 getdents64(6, /* 3 entries */, 4096) = 80
17031 getdents64(6, /* 0 entries */, 4096) = 0
17031 close(6)                          = 0
17031 lstat("/home/hmeng/go/src/github.com/opencontainers/runc/Godeps/_workspace/src/github.com/docker/docker/vendor/src/github.com/vishvananda/netns/LICENSE", {st_mode=S_IFREG|0664, st_size=10796, ...}) = 0
17031 openat(AT_FDCWD, "/home/hmeng/go/src/github.com/opencontainers/runc/Godeps/_workspace/src/github.com/docker/docker/vendor/src/github.com/vishvananda/netns/LICENSE", O_RDONLY|O_CLOEXEC) = 6
17031 close(6)                          = 0
17031 lstat("/home/hmeng/go/src/github.com/opencontainers/runc/Godeps/_workspace/src/github.com/docker/go-units", {st_mode=S_IFDIR|0775, st_size=68, ...}) = 0
17031 openat(AT_FDCWD, "/home/hmeng/go/src/github.com/opencontainers/runc/Godeps/_workspace/src/github.com/docker/go-units", O_RDONLY|O_CLOEXEC) = 6
17031 getdents64(6, /* 6 entries */, 4096) = 176
17031 getdents64(6, /* 0 entries */, 4096) = 0
17031 close(6)                          = 0
17031 lstat("/home/hmeng/go/src/github.com/opencontainers/runc/Godeps/_workspace/src/github.com/docker/go-units/LICENSE", {st_mode=S_IFREG|0664, st_size=10760, ...}) = 0
17031 openat(AT_FDCWD, "/home/hmeng/go/src/github.com/opencontainers/runc/Godeps/_workspace/src/github.com/docker/go-units/LICENSE", O_RDONLY|O_CLOEXEC) = 6
17031 close(6)                          = 0
17031 lstat("/home/hmeng/go/src/github.com/opencontainers/runc/Godeps/_workspace/src/github.com/docker/go-units/README.md", {st_mode=S_IFREG|0664, st_size=345, ...}) = 0
17031 openat(AT_FDCWD, "/home/hmeng/go/src/github.com/opencontainers/runc/Godeps/_workspace/src/github.com/docker/go-units/README.md", O_RDONLY|O_CLOEXEC) = 6
17031 close(6)                          = 0
17031 lstat("/home/hmeng/go/src/github.com/opencontainers/runc/Godeps/_workspace/src/github.com/docker/go-units/duration.go", {st_mode=S_IFREG|0664, st_size=1032, ...}) = 0
17031 openat(AT_FDCWD, "/home/hmeng/go/src/github.com/opencontainers/runc/Godeps/_workspace/src/github.com/docker/go-units/duration.go", O_RDONLY|O_CLOEXEC) = 6
17031 close(6)                          = 0
17031 lstat("/home/hmeng/go/src/github.com/opencontainers/runc/Godeps/_workspace/src/github.com/docker/go-units/size.go", {st_mode=S_IFREG|0664, st_size=2482, ...}) = 0
17031 openat(AT_FDCWD, "/home/hmeng/go/src/github.com/opencontainers/runc/Godeps/_workspace/src/github.com/docker/go-units/size.go", O_RDONLY|O_CLOEXEC) = 6
17031 close(6)                          = 0
17031 lstat("/home/hmeng/go/src/github.com/opencontainers/runc/Godeps/_workspace/src/github.com/godbus", {st_mode=S_IFDIR|0775, st_size=17, ...}) = 0
17031 openat(AT_FDCWD, "/home/hmeng/go/src/github.com/opencontainers/runc/Godeps/_workspace/src/github.com/godbus", O_RDONLY|O_CLOEXEC) = 6
17031 getdents64(6, /* 3 entries */, 4096) = 72
17031 getdents64(6, /* 0 entries */, 4096) = 0
17031 close(6)                          = 0
17031 lstat("/home/hmeng/go/src/github.com/opencontainers/runc/Godeps/_workspace/src/github.com/godbus/dbus", {st_mode=S_IFDIR|0775, st_size=4096, ...}) = 0
17031 openat(AT_FDCWD, "/home/hmeng/go/src/github.com/opencontainers/runc/Godeps/_workspace/src/github.com/godbus/dbus", O_RDONLY|O_CLOEXEC) = 6
17031 getdents64(6, /* 34 entries */, 4096) = 1200
17031 getdents64(6, /* 0 entries */, 4096) = 0
17031 close(6)                          = 0
17031 lstat("/home/hmeng/go/src/github.com/opencontainers/runc/Godeps/_workspace/src/github.com/godbus/dbus/CONTRIBUTING.md", {st_mode=S_IFREG|0664, st_size=1484, ...}) = 0
17031 openat(AT_FDCWD, "/home/hmeng/go/src/github.com/opencontainers/runc/Godeps/_workspace/src/github.com/godbus/dbus/CONTRIBUTING.md", O_RDONLY|O_CLOEXEC) = 6
17031 close(6)                          = 0
17031 lstat("/home/hmeng/go/src/github.com/opencontainers/runc/Godeps/_workspace/src/github.com/godbus/dbus/LICENSE", {st_mode=S_IFREG|0664, st_size=1328, ...}) = 0
17031 openat(AT_FDCWD, "/home/hmeng/go/src/github.com/opencontainers/runc/Godeps/_workspace/src/github.com/godbus/dbus/LICENSE", O_RDONLY|O_CLOEXEC) = 6
17031 close(6)                          = 0
17031 lstat("/home/hmeng/go/src/github.com/opencontainers/runc/Godeps/_workspace/src/github.com/godbus/dbus/MAINTAINERS", {st_mode=S_IFREG|0664, st_size=89, ...}) = 0
17031 openat(AT_FDCWD, "/home/hmeng/go/src/github.com/opencontainers/runc/Godeps/_workspace/src/github.com/godbus/dbus/MAINTAINERS", O_RDONLY|O_CLOEXEC) = 6
17031 close(6)                          = 0
17031 lstat("/home/hmeng/go/src/github.com/opencontainers/runc/Godeps/_workspace/src/github.com/godbus/dbus/README.markdown", {st_mode=S_IFREG|0664, st_size=1251, ...}) = 0
17031 openat(AT_FDCWD, "/home/hmeng/go/src/github.com/opencontainers/runc/Godeps/_workspace/src/github.com/godbus/dbus/README.markdown", O_RDONLY|O_CLOEXEC) = 6
17031 close(6)                          = 0
17031 lstat("/home/hmeng/go/src/github.com/opencontainers/runc/Godeps/_workspace/src/github.com/godbus/dbus/auth.go", {st_mode=S_IFREG|0664, st_size=6805, ...}) = 0
17031 openat(AT_FDCWD, "/home/hmeng/go/src/github.com/opencontainers/runc/Godeps/_workspace/src/github.com/godbus/dbus/auth.go", O_RDONLY|O_CLOEXEC) = 6
17031 close(6)                          = 0
17031 lstat("/home/hmeng/go/src/github.com/opencontainers/runc/Godeps/_workspace/src/github.com/godbus/dbus/auth_external.go", {st_mode=S_IFREG|0664, st_size=582, ...}) = 0
17031 openat(AT_FDCWD, "/home/hmeng/go/src/github.com/opencontainers/runc/Godeps/_workspace/src/github.com/godbus/dbus/auth_external.go", O_RDONLY|O_CLOEXEC) = 6
17031 close(6)                          = 0
17031 lstat("/home/hmeng/go/src/github.com/opencontainers/runc/Godeps/_workspace/src/github.com/godbus/dbus/auth_sha1.go", {st_mode=S_IFREG|0664, st_size=2444, ...}) = 0
17031 openat(AT_FDCWD, "/home/hmeng/go/src/github.com/opencontainers/runc/Godeps/_workspace/src/github.com/godbus/dbus/auth_sha1.go", O_RDONLY|O_CLOEXEC) = 6
17031 close(6)                          = 0
17031 lstat("/home/hmeng/go/src/github.com/opencontainers/runc/Godeps/_workspace/src/github.com/godbus/dbus/call.go", {st_mode=S_IFREG|0664, st_size=867, ...}) = 0
17031 openat(AT_FDCWD, "/home/hmeng/go/src/github.com/opencontainers/runc/Godeps/_workspace/src/github.com/godbus/dbus/call.go", O_RDONLY|O_CLOEXEC) = 6
17031 close(6)                          = 0
17031 lstat("/home/hmeng/go/src/github.com/opencontainers/runc/Godeps/_workspace/src/github.com/godbus/dbus/conn.go", {st_mode=S_IFREG|0664, st_size=16685, ...}) = 0
17031 openat(AT_FDCWD, "/home/hmeng/go/src/github.com/opencontainers/runc/Godeps/_workspace/src/github.com/godbus/dbus/conn.go", O_RDONLY|O_CLOEXEC) = 6
17031 close(6)                          = 0
17031 lstat("/home/hmeng/go/src/github.com/opencontainers/runc/Godeps/_workspace/src/github.com/godbus/dbus/conn_darwin.go", {st_mode=S_IFREG|0664, st_size=391, ...}) = 0
17031 openat(AT_FDCWD, "/home/hmeng/go/src/github.com/opencontainers/runc/Godeps/_workspace/src/github.com/godbus/dbus/conn_darwin.go", O_RDONLY|O_CLOEXEC) = 6
17031 close(6)                          = 0
17031 lstat("/home/hmeng/go/src/github.com/opencontainers/runc/Godeps/_workspace/src/github.com/godbus/dbus/conn_other.go", {st_mode=S_IFREG|0664, st_size=428, ...}) = 0
17031 openat(AT_FDCWD, "/home/hmeng/go/src/github.com/opencontainers/runc/Godeps/_workspace/src/github.com/godbus/dbus/conn_other.go", O_RDONLY|O_CLOEXEC) = 6
17031 close(6)                          = 0
17031 lstat("/home/hmeng/go/src/github.com/opencontainers/runc/Godeps/_workspace/src/github.com/godbus/dbus/dbus.go", {st_mode=S_IFREG|0664, st_size=6349, ...}) = 0
17031 openat(AT_FDCWD, "/home/hmeng/go/src/github.com/opencontainers/runc/Godeps/_workspace/src/github.com/godbus/dbus/dbus.go", O_RDONLY|O_CLOEXEC) = 6
17031 close(6)                          = 0
17031 lstat("/home/hmeng/go/src/github.com/opencontainers/runc/Godeps/_workspace/src/github.com/godbus/dbus/decoder.go", {st_mode=S_IFREG|0664, st_size=5109, ...}) = 0
17031 openat(AT_FDCWD, "/home/hmeng/go/src/github.com/opencontainers/runc/Godeps/_workspace/src/github.com/godbus/dbus/decoder.go", O_RDONLY|O_CLOEXEC) = 6
17031 close(6)                          = 0
17031 lstat("/home/hmeng/go/src/github.com/opencontainers/runc/Godeps/_workspace/src/github.com/godbus/dbus/doc.go", {st_mode=S_IFREG|0664, st_size=2315, ...}) = 0
17031 openat(AT_FDCWD, "/home/hmeng/go/src/github.com/opencontainers/runc/Godeps/_workspace/src/github.com/godbus/dbus/doc.go", O_RDONLY|O_CLOEXEC) = 6
17031 close(6)                          = 0
17031 lstat("/home/hmeng/go/src/github.com/opencontainers/runc/Godeps/_workspace/src/github.com/godbus/dbus/encoder.go", {st_mode=S_IFREG|0664, st_size=5428, ...}) = 0
17031 openat(AT_FDCWD, "/home/hmeng/go/src/github.com/opencontainers/runc/Godeps/_workspace/src/github.com/godbus/dbus/encoder.go", O_RDONLY|O_CLOEXEC) = 6
17031 close(6)                          = 0
17031 lstat("/home/hmeng/go/src/github.com/opencontainers/runc/Godeps/_workspace/src/github.com/godbus/dbus/export.go", {st_mode=S_IFREG|0664, st_size=12388, ...}) = 0
17031 openat(AT_FDCWD, "/home/hmeng/go/src/github.com/opencontainers/runc/Godeps/_workspace/src/github.com/godbus/dbus/export.go", O_RDONLY|O_CLOEXEC) = 6
17031 close(6)                          = 0
17031 lstat("/home/hmeng/go/src/github.com/opencontainers/runc/Godeps/_workspace/src/github.com/godbus/dbus/homedir.go", {st_mode=S_IFREG|0664, st_size=325, ...}) = 0
17031 openat(AT_FDCWD, "/home/hmeng/go/src/github.com/opencontainers/runc/Godeps/_workspace/src/github.com/godbus/dbus/homedir.go", O_RDONLY|O_CLOEXEC) = 6
17031 close(6)                          = 0
17031 lstat("/home/hmeng/go/src/github.com/opencontainers/runc/Godeps/_workspace/src/github.com/godbus/dbus/homedir_dynamic.go", {st_mode=S_IFREG|0664, st_size=171, ...}) = 0
17031 openat(AT_FDCWD, "/home/hmeng/go/src/github.com/opencontainers/runc/Godeps/_workspace/src/github.com/godbus/dbus/homedir_dynamic.go", O_RDONLY|O_CLOEXEC) = 6
17031 close(6)                          = 0
17031 lstat("/home/hmeng/go/src/github.com/opencontainers/runc/Godeps/_workspace/src/github.com/godbus/dbus/homedir_static.go", {st_mode=S_IFREG|0664, st_size=617, ...}) = 0
17031 openat(AT_FDCWD, "/home/hmeng/go/src/github.com/opencontainers/runc/Godeps/_workspace/src/github.com/godbus/dbus/homedir_static.go", O_RDONLY|O_CLOEXEC) = 6
17031 close(6)                          = 0
17031 lstat("/home/hmeng/go/src/github.com/opencontainers/runc/Godeps/_workspace/src/github.com/godbus/dbus/introspect", {st_mode=S_IFDIR|0775, st_size=64, ...}) = 0
17031 openat(AT_FDCWD, "/home/hmeng/go/src/github.com/opencontainers/runc/Godeps/_workspace/src/github.com/godbus/dbus/introspect", O_RDONLY|O_CLOEXEC) = 6
17031 getdents64(6, /* 5 entries */, 4096) = 160
17031 getdents64(6, /* 0 entries */, 4096) = 0
17031 close(6)                          = 0
17031 lstat("/home/hmeng/go/src/github.com/opencontainers/runc/Godeps/_workspace/src/github.com/godbus/dbus/introspect/call.go", {st_mode=S_IFREG|0664, st_size=581, ...}) = 0
17031 openat(AT_FDCWD, "/home/hmeng/go/src/github.com/opencontainers/runc/Godeps/_workspace/src/github.com/godbus/dbus/introspect/call.go", O_RDONLY|O_CLOEXEC) = 6
17031 close(6)                          = 0
17031 lstat("/home/hmeng/go/src/github.com/opencontainers/runc/Godeps/_workspace/src/github.com/godbus/dbus/introspect/introspect.go", {st_mode=S_IFREG|0664, st_size=2570, ...}) = 0
17031 openat(AT_FDCWD, "/home/hmeng/go/src/github.com/opencontainers/runc/Godeps/_workspace/src/github.com/godbus/dbus/introspect/introspect.go", O_RDONLY|O_CLOEXEC) = 6
17031 close(6)                          = 0
17031 lstat("/home/hmeng/go/src/github.com/opencontainers/runc/Godeps/_workspace/src/github.com/godbus/dbus/introspect/introspectable.go", {st_mode=S_IFREG|0664, st_size=2231, ...}) = 0
17031 openat(AT_FDCWD, "/home/hmeng/go/src/github.com/opencontainers/runc/Godeps/_workspace/src/github.com/godbus/dbus/introspect/introspectable.go", O_RDONLY|O_CLOEXEC) = 6
17031 close(6)                          = 0
17031 lstat("/home/hmeng/go/src/github.com/opencontainers/runc/Godeps/_workspace/src/github.com/godbus/dbus/message.go", {st_mode=S_IFREG|0664, st_size=8526, ...}) = 0
17031 openat(AT_FDCWD, "/home/hmeng/go/src/github.com/opencontainers/runc/Godeps/_workspace/src/github.com/godbus/dbus/message.go", O_RDONLY|O_CLOEXEC) = 6
17031 close(6)                          = 0
17031 lstat("/home/hmeng/go/src/github.com/opencontainers/runc/Godeps/_workspace/src/github.com/godbus/dbus/object.go", {st_mode=S_IFREG|0664, st_size=3528, ...}) = 0
17031 openat(AT_FDCWD, "/home/hmeng/go/src/github.com/opencontainers/runc/Godeps/_workspace/src/github.com/godbus/dbus/object.go", O_RDONLY|O_CLOEXEC) = 6
17031 close(6)                          = 0
17031 lstat("/home/hmeng/go/src/github.com/opencontainers/runc/Godeps/_workspace/src/github.com/godbus/dbus/prop", {st_mode=S_IFDIR|0775, st_size=20, ...}) = 0
17031 openat(AT_FDCWD, "/home/hmeng/go/src/github.com/opencontainers/runc/Godeps/_workspace/src/github.com/godbus/dbus/prop", O_RDONLY|O_CLOEXEC) = 6
17031 getdents64(6, /* 3 entries */, 4096) = 80
17031 getdents64(6, /* 0 entries */, 4096) = 0
17031 close(6)                          = 0
17031 lstat("/home/hmeng/go/src/github.com/opencontainers/runc/Godeps/_workspace/src/github.com/godbus/dbus/prop/prop.go", {st_mode=S_IFREG|0664, st_size=7694, ...}) = 0
17031 openat(AT_FDCWD, "/home/hmeng/go/src/github.com/opencontainers/runc/Godeps/_workspace/src/github.com/godbus/dbus/prop/prop.go", O_RDONLY|O_CLOEXEC) = 6
17031 close(6)                          = 0
17031 lstat("/home/hmeng/go/src/github.com/opencontainers/runc/Godeps/_workspace/src/github.com/godbus/dbus/sig.go", {st_mode=S_IFREG|0664, st_size=5921, ...}) = 0
17031 openat(AT_FDCWD, "/home/hmeng/go/src/github.com/opencontainers/runc/Godeps/_workspace/src/github.com/godbus/dbus/sig.go", O_RDONLY|O_CLOEXEC) = 6
17031 close(6)                          = 0
17031 lstat("/home/hmeng/go/src/github.com/opencontainers/runc/Godeps/_workspace/src/github.com/godbus/dbus/transport_darwin.go", {st_mode=S_IFREG|0664, st_size=105, ...}) = 0
17031 openat(AT_FDCWD, "/home/hmeng/go/src/github.com/opencontainers/runc/Godeps/_workspace/src/github.com/godbus/dbus/transport_darwin.go", O_RDONLY|O_CLOEXEC) = 6
17031 close(6)                          = 0
17031 lstat("/home/hmeng/go/src/github.com/opencontainers/runc/Godeps/_workspace/src/github.com/godbus/dbus/transport_generic.go", {st_mode=S_IFREG|0664, st_size=644, ...}) = 0
17031 openat(AT_FDCWD, "/home/hmeng/go/src/github.com/opencontainers/runc/Godeps/_workspace/src/github.com/godbus/dbus/transport_generic.go", O_RDONLY|O_CLOEXEC) = 6
17031 close(6)                          = 0
17031 lstat("/home/hmeng/go/src/github.com/opencontainers/runc/Godeps/_workspace/src/github.com/godbus/dbus/transport_unix.go", {st_mode=S_IFREG|0664, st_size=4970, ...}) = 0
17031 openat(AT_FDCWD, "/home/hmeng/go/src/github.com/opencontainers/runc/Godeps/_workspace/src/github.com/godbus/dbus/transport_unix.go", O_RDONLY|O_CLOEXEC) = 6
17031 close(6)                          = 0
17031 lstat("/home/hmeng/go/src/github.com/opencontainers/runc/Godeps/_workspace/src/github.com/godbus/dbus/transport_unixcred_dragonfly.go", {st_mode=S_IFREG|0664, st_size=2814, ...}) = 0
17031 openat(AT_FDCWD, "/home/hmeng/go/src/github.com/opencontainers/runc/Godeps/_workspace/src/github.com/godbus/dbus/transport_unixcred_dragonfly.go", O_RDONLY|O_CLOEXEC) = 6
17031 close(6)                          = 0
17031 lstat("/home/hmeng/go/src/github.com/opencontainers/runc/Godeps/_workspace/src/github.com/godbus/dbus/transport_unixcred_linux.go", {st_mode=S_IFREG|0664, st_size=637, ...}) = 0
17031 openat(AT_FDCWD, "/home/hmeng/go/src/github.com/opencontainers/runc/Godeps/_workspace/src/github.com/godbus/dbus/transport_unixcred_linux.go", O_RDONLY|O_CLOEXEC) = 6
17031 close(6)                          = 0
17031 lstat("/home/hmeng/go/src/github.com/opencontainers/runc/Godeps/_workspace/src/github.com/godbus/dbus/variant.go", {st_mode=S_IFREG|0664, st_size=3299, ...}) = 0
17031 openat(AT_FDCWD, "/home/hmeng/go/src/github.com/opencontainers/runc/Godeps/_workspace/src/github.com/godbus/dbus/variant.go", O_RDONLY|O_CLOEXEC) = 6
17031 close(6)                          = 0
17031 lstat("/home/hmeng/go/src/github.com/opencontainers/runc/Godeps/_workspace/src/github.com/godbus/dbus/variant_lexer.go", {st_mode=S_IFREG|0664, st_size=4864, ...}) = 0
17031 openat(AT_FDCWD, "/home/hmeng/go/src/github.com/opencontainers/runc/Godeps/_workspace/src/github.com/godbus/dbus/variant_lexer.go", O_RDONLY|O_CLOEXEC) = 6
17031 close(6)                          = 0
17031 lstat("/home/hmeng/go/src/github.com/opencontainers/runc/Godeps/_workspace/src/github.com/godbus/dbus/variant_parser.go", {st_mode=S_IFREG|0664, st_size=15692, ...}) = 0
17031 openat(AT_FDCWD, "/home/hmeng/go/src/github.com/opencontainers/runc/Godeps/_workspace/src/github.com/godbus/dbus/variant_parser.go", O_RDONLY|O_CLOEXEC) = 6
17031 close(6)                          = 0
17031 lstat("/home/hmeng/go/src/github.com/opencontainers/runc/Godeps/_workspace/src/github.com/golang", {st_mode=S_IFDIR|0775, st_size=21, ...}) = 0
17031 openat(AT_FDCWD, "/home/hmeng/go/src/github.com/opencontainers/runc/Godeps/_workspace/src/github.com/golang", O_RDONLY|O_CLOEXEC) = 6
17031 getdents64(6, /* 3 entries */, 4096) = 80
17031 getdents64(6, /* 0 entries */, 4096) = 0
17031 close(6)                          = 0
17031 lstat("/home/hmeng/go/src/github.com/opencontainers/runc/Godeps/_workspace/src/github.com/golang/protobuf", {st_mode=S_IFDIR|0775, st_size=32, ...}) = 0
17031 openat(AT_FDCWD, "/home/hmeng/go/src/github.com/opencontainers/runc/Godeps/_workspace/src/github.com/golang/protobuf", O_RDONLY|O_CLOEXEC) = 6
17031 getdents64(6, /* 4 entries */, 4096) = 112
17031 getdents64(6, /* 0 entries */, 4096) = 0
17031 close(6)                          = 0
17031 lstat("/home/hmeng/go/src/github.com/opencontainers/runc/Godeps/_workspace/src/github.com/golang/protobuf/LICENSE", {st_mode=S_IFREG|0664, st_size=1583, ...}) = 0
17031 openat(AT_FDCWD, "/home/hmeng/go/src/github.com/opencontainers/runc/Godeps/_workspace/src/github.com/golang/protobuf/LICENSE", O_RDONLY|O_CLOEXEC) = 6
17031 close(6)                          = 0
17031 lstat("/home/hmeng/go/src/github.com/opencontainers/runc/Godeps/_workspace/src/github.com/golang/protobuf/proto", {st_mode=S_IFDIR|0775, st_size=4096, ...}) = 0
17031 openat(AT_FDCWD, "/home/hmeng/go/src/github.com/opencontainers/runc/Godeps/_workspace/src/github.com/golang/protobuf/proto", O_RDONLY|O_CLOEXEC) = 6
17031 getdents64(6, /* 16 entries */, 4096) = 544
17031 getdents64(6, /* 0 entries */, 4096) = 0
17031 close(6)                          = 0
17031 lstat("/home/hmeng/go/src/github.com/opencontainers/runc/Godeps/_workspace/src/github.com/golang/protobuf/proto/Makefile", {st_mode=S_IFREG|0664, st_size=1783, ...}) = 0
17031 openat(AT_FDCWD, "/home/hmeng/go/src/github.com/opencontainers/runc/Godeps/_workspace/src/github.com/golang/protobuf/proto/Makefile", O_RDONLY|O_CLOEXEC) = 6
17031 close(6)                          = 0
17031 lstat("/home/hmeng/go/src/github.com/opencontainers/runc/Godeps/_workspace/src/github.com/golang/protobuf/proto/clone.go", {st_mode=S_IFREG|0664, st_size=5873, ...}) = 0
17031 openat(AT_FDCWD, "/home/hmeng/go/src/github.com/opencontainers/runc/Godeps/_workspace/src/github.com/golang/protobuf/proto/clone.go", O_RDONLY|O_CLOEXEC) = 6
17031 close(6)                          = 0
17031 lstat("/home/hmeng/go/src/github.com/opencontainers/runc/Godeps/_workspace/src/github.com/golang/protobuf/proto/decode.go", {st_mode=S_IFREG|0664, st_size=21531, ...}) = 0
17031 openat(AT_FDCWD, "/home/hmeng/go/src/github.com/opencontainers/runc/Godeps/_workspace/src/github.com/golang/protobuf/proto/decode.go", O_RDONLY|O_CLOEXEC) = 6
17031 close(6)                          = 0
17031 lstat("/home/hmeng/go/src/github.com/opencontainers/runc/Godeps/_workspace/src/github.com/golang/protobuf/proto/encode.go", {st_mode=S_IFREG|0664, st_size=32419, ...}) = 0
17031 openat(AT_FDCWD, "/home/hmeng/go/src/github.com/opencontainers/runc/Godeps/_workspace/src/github.com/golang/protobuf/proto/encode.go", O_RDONLY|O_CLOEXEC) = 6
17031 close(6)                          = 0
17031 lstat("/home/hmeng/go/src/github.com/opencontainers/runc/Godeps/_workspace/src/github.com/golang/protobuf/proto/equal.go", {st_mode=S_IFREG|0664, st_size=7100, ...}) = 0
17031 openat(AT_FDCWD, "/home/hmeng/go/src/github.com/opencontainers/runc/Godeps/_workspace/src/github.com/golang/protobuf/proto/equal.go", O_RDONLY|O_CLOEXEC) = 6
17031 close(6)                          = 0
17031 lstat("/home/hmeng/go/src/github.com/opencontainers/runc/Godeps/_workspace/src/github.com/golang/protobuf/proto/extensions.go", {st_mode=S_IFREG|0664, st_size=11731, ...}) = 0
17031 openat(AT_FDCWD, "/home/hmeng/go/src/github.com/opencontainers/runc/Godeps/_workspace/src/github.com/golang/protobuf/proto/extensions.go", O_RDONLY|O_CLOEXEC) = 6
17031 close(6)                          = 0
17031 lstat("/home/hmeng/go/src/github.com/opencontainers/runc/Godeps/_workspace/src/github.com/golang/protobuf/proto/lib.go", {st_mode=S_IFREG|0664, st_size=20555, ...}) = 0
17031 openat(AT_FDCWD, "/home/hmeng/go/src/github.com/opencontainers/runc/Godeps/_workspace/src/github.com/golang/protobuf/proto/lib.go", O_RDONLY|O_CLOEXEC) = 6
17031 close(6)                          = 0
17031 lstat("/home/hmeng/go/src/github.com/opencontainers/runc/Godeps/_workspace/src/github.com/golang/protobuf/proto/message_set.go", {st_mode=S_IFREG|0664, st_size=8722, ...}) = 0
17031 openat(AT_FDCWD, "/home/hmeng/go/src/github.com/opencontainers/runc/Godeps/_workspace/src/github.com/golang/protobuf/proto/message_set.go", O_RDONLY|O_CLOEXEC) = 6
17031 close(6)                          = 0
17031 lstat("/home/hmeng/go/src/github.com/opencontainers/runc/Godeps/_workspace/src/github.com/golang/protobuf/proto/pointer_reflect.go", {st_mode=S_IFREG|0664, st_size=13674, ...}) = 0
17031 openat(AT_FDCWD, "/home/hmeng/go/src/github.com/opencontainers/runc/Godeps/_workspace/src/github.com/golang/protobuf/proto/pointer_reflect.go", O_RDONLY|O_CLOEXEC) = 6
17031 close(6)                          = 0
17031 lstat("/home/hmeng/go/src/github.com/opencontainers/runc/Godeps/_workspace/src/github.com/golang/protobuf/proto/pointer_unsafe.go", {st_mode=S_IFREG|0664, st_size=9331, ...}) = 0
17031 openat(AT_FDCWD, "/home/hmeng/go/src/github.com/opencontainers/runc/Godeps/_workspace/src/github.com/golang/protobuf/proto/pointer_unsafe.go", O_RDONLY|O_CLOEXEC) = 6
17031 close(6)                          = 0
17031 lstat("/home/hmeng/go/src/github.com/opencontainers/runc/Godeps/_workspace/src/github.com/golang/protobuf/proto/properties.go", {st_mode=S_IFREG|0664, st_size=21344, ...}) = 0
17031 openat(AT_FDCWD, "/home/hmeng/go/src/github.com/opencontainers/runc/Godeps/_workspace/src/github.com/golang/protobuf/proto/properties.go", O_RDONLY|O_CLOEXEC) = 6
17031 close(6)                          = 0
17031 lstat("/home/hmeng/go/src/github.com/opencontainers/runc/Godeps/_workspace/src/github.com/golang/protobuf/proto/proto3_proto", {st_mode=S_IFDIR|0775, st_size=40, ...}) = 0
17031 openat(AT_FDCWD, "/home/hmeng/go/src/github.com/opencontainers/runc/Godeps/_workspace/src/github.com/golang/protobuf/proto/proto3_proto", O_RDONLY|O_CLOEXEC) = 6
17031 getdents64(6, /* 4 entries */, 4096) = 112
17031 getdents64(6, /* 0 entries */, 4096) = 0
17031 close(6)                          = 0
17031 lstat("/home/hmeng/go/src/github.com/opencontainers/runc/Godeps/_workspace/src/github.com/golang/protobuf/proto/proto3_proto/Makefile", {st_mode=S_IFREG|0664, st_size=1863, ...}) = 0
17031 openat(AT_FDCWD, "/home/hmeng/go/src/github.com/opencontainers/runc/Godeps/_workspace/src/github.com/golang/protobuf/proto/proto3_proto/Makefile", O_RDONLY|O_CLOEXEC) = 6
17031 close(6)                          = 0
17031 lstat("/home/hmeng/go/src/github.com/opencontainers/runc/Godeps/_workspace/src/github.com/golang/protobuf/proto/proto3_proto/proto3.proto", {st_mode=S_IFREG|0664, st_size=2071, ...}) = 0
17031 openat(AT_FDCWD, "/home/hmeng/go/src/github.com/opencontainers/runc/Godeps/_workspace/src/github.com/golang/protobuf/proto/proto3_proto/proto3.proto", O_RDONLY|O_CLOEXEC) = 6
17031 close(6)                          = 0
17031 lstat("/home/hmeng/go/src/github.com/opencontainers/runc/Godeps/_workspace/src/github.com/golang/protobuf/proto/text.go", {st_mode=S_IFREG|0664, st_size=18838, ...}) = 0
17031 openat(AT_FDCWD, "/home/hmeng/go/src/github.com/opencontainers/runc/Godeps/_workspace/src/github.com/golang/protobuf/proto/text.go", O_RDONLY|O_CLOEXEC) = 6
17031 close(6)                          = 0
17031 lstat("/home/hmeng/go/src/github.com/opencontainers/runc/Godeps/_workspace/src/github.com/golang/protobuf/proto/text_parser.go", {st_mode=S_IFREG|0664, st_size=18719, ...}) = 0
17031 openat(AT_FDCWD, "/home/hmeng/go/src/github.com/opencontainers/runc/Godeps/_workspace/src/github.com/golang/protobuf/proto/text_parser.go", O_RDONLY|O_CLOEXEC) = 6
17031 close(6)                          = 0
17031 lstat("/home/hmeng/go/src/github.com/opencontainers/runc/Godeps/_workspace/src/github.com/opencontainers", {st_mode=S_IFDIR|0775, st_size=36, ...}) = 0
17031 openat(AT_FDCWD, "/home/hmeng/go/src/github.com/opencontainers/runc/Godeps/_workspace/src/github.com/opencontainers", O_RDONLY|O_CLOEXEC) = 6
17031 getdents64(6, /* 4 entries */, 4096) = 104
17031 getdents64(6, /* 0 entries */, 4096) = 0
17031 close(6)                          = 0
17031 lstat("/home/hmeng/go/src/github.com/opencontainers/runc/Godeps/_workspace/src/github.com/opencontainers/runc", {st_mode=S_IFLNK|0777, st_size=49, ...}) = 0
17031 lstat("/home/hmeng/go/src/github.com/opencontainers/runc/Godeps/_workspace/src/github.com/opencontainers/runtime-spec", {st_mode=S_IFDIR|0775, st_size=35, ...}) = 0
17031 openat(AT_FDCWD, "/home/hmeng/go/src/github.com/opencontainers/runc/Godeps/_workspace/src/github.com/opencontainers/runtime-spec", O_RDONLY|O_CLOEXEC) = 6
17031 getdents64(6, /* 4 entries */, 4096) = 112
17031 getdents64(6, /* 0 entries */, 4096) = 0
17031 close(6)                          = 0
17031 lstat("/home/hmeng/go/src/github.com/opencontainers/runc/Godeps/_workspace/src/github.com/opencontainers/runtime-spec/LICENSE", {st_mode=S_IFREG|0664, st_size=10767, ...}) = 0
17031 openat(AT_FDCWD, "/home/hmeng/go/src/github.com/opencontainers/runc/Godeps/_workspace/src/github.com/opencontainers/runtime-spec/LICENSE", O_RDONLY|O_CLOEXEC) = 6
17031 close(6)                          = 0
17031 lstat("/home/hmeng/go/src/github.com/opencontainers/runc/Godeps/_workspace/src/github.com/opencontainers/runtime-spec/specs-go", {st_mode=S_IFDIR|0775, st_size=54, ...}) = 0
17031 openat(AT_FDCWD, "/home/hmeng/go/src/github.com/opencontainers/runc/Godeps/_workspace/src/github.com/opencontainers/runtime-spec/specs-go", O_RDONLY|O_CLOEXEC) = 6
17031 getdents64(6, /* 5 entries */, 4096) = 144
17031 getdents64(6, /* 0 entries */, 4096) = 0
17031 close(6)                          = 0
17031 lstat("/home/hmeng/go/src/github.com/opencontainers/runc/Godeps/_workspace/src/github.com/opencontainers/runtime-spec/specs-go/config.go", {st_mode=S_IFREG|0664, st_size=19305, ...}) = 0
17031 openat(AT_FDCWD, "/home/hmeng/go/src/github.com/opencontainers/runc/Godeps/_workspace/src/github.com/opencontainers/runtime-spec/specs-go/config.go", O_RDONLY|O_CLOEXEC) = 6
17031 close(6)                          = 0
17031 lstat("/home/hmeng/go/src/github.com/opencontainers/runc/Godeps/_workspace/src/github.com/opencontainers/runtime-spec/specs-go/state.go", {st_mode=S_IFREG|0664, st_size=641, ...}) = 0
17031 openat(AT_FDCWD, "/home/hmeng/go/src/github.com/opencontainers/runc/Godeps/_workspace/src/github.com/opencontainers/runtime-spec/specs-go/state.go", O_RDONLY|O_CLOEXEC) = 6
17031 close(6)                          = 0
17031 lstat("/home/hmeng/go/src/github.com/opencontainers/runc/Godeps/_workspace/src/github.com/opencontainers/runtime-spec/specs-go/version.go", {st_mode=S_IFREG|0664, st_size=536, ...}) = 0
17031 openat(AT_FDCWD, "/home/hmeng/go/src/github.com/opencontainers/runc/Godeps/_workspace/src/github.com/opencontainers/runtime-spec/specs-go/version.go", O_RDONLY|O_CLOEXEC) = 6
17031 close(6)                          = 0
17031 lstat("/home/hmeng/go/src/github.com/opencontainers/runc/Godeps/_workspace/src/github.com/pquerna", {st_mode=S_IFDIR|0775, st_size=19, ...}) = 0
17031 openat(AT_FDCWD, "/home/hmeng/go/src/github.com/opencontainers/runc/Godeps/_workspace/src/github.com/pquerna", O_RDONLY|O_CLOEXEC) = 6
17031 getdents64(6, /* 3 entries */, 4096) = 80
17031 getdents64(6, /* 0 entries */, 4096) = 0
17031 close(6)                          = 0
17031 lstat("/home/hmeng/go/src/github.com/opencontainers/runc/Godeps/_workspace/src/github.com/pquerna/ffjson", {st_mode=S_IFDIR|0775, st_size=45, ...}) = 0
17031 openat(AT_FDCWD, "/home/hmeng/go/src/github.com/opencontainers/runc/Godeps/_workspace/src/github.com/pquerna/ffjson", O_RDONLY|O_CLOEXEC) = 6
17031 getdents64(6, /* 5 entries */, 4096) = 144
17031 getdents64(6, /* 0 entries */, 4096) = 0
17031 close(6)                          = 0
17031 lstat("/home/hmeng/go/src/github.com/opencontainers/runc/Godeps/_workspace/src/github.com/pquerna/ffjson/LICENSE", {st_mode=S_IFREG|0664, st_size=11358, ...}) = 0
17031 openat(AT_FDCWD, "/home/hmeng/go/src/github.com/opencontainers/runc/Godeps/_workspace/src/github.com/pquerna/ffjson/LICENSE", O_RDONLY|O_CLOEXEC) = 6
17031 close(6)                          = 0
17031 lstat("/home/hmeng/go/src/github.com/opencontainers/runc/Godeps/_workspace/src/github.com/pquerna/ffjson/NOTICE", {st_mode=S_IFREG|0664, st_size=215, ...}) = 0
17031 openat(AT_FDCWD, "/home/hmeng/go/src/github.com/opencontainers/runc/Godeps/_workspace/src/github.com/pquerna/ffjson/NOTICE", O_RDONLY|O_CLOEXEC) = 6
17031 close(6)                          = 0
17031 lstat("/home/hmeng/go/src/github.com/opencontainers/runc/Godeps/_workspace/src/github.com/pquerna/ffjson/fflib", {st_mode=S_IFDIR|0775, st_size=15, ...}) = 0
17031 openat(AT_FDCWD, "/home/hmeng/go/src/github.com/opencontainers/runc/Godeps/_workspace/src/github.com/pquerna/ffjson/fflib", O_RDONLY|O_CLOEXEC) = 6
17031 getdents64(6, /* 3 entries */, 4096) = 72
17031 getdents64(6, /* 0 entries */, 4096) = 0
17031 close(6)                          = 0
17031 lstat("/home/hmeng/go/src/github.com/opencontainers/runc/Godeps/_workspace/src/github.com/pquerna/ffjson/fflib/v1", {st_mode=S_IFDIR|0775, st_size=4096, ...}) = 0
17031 openat(AT_FDCWD, "/home/hmeng/go/src/github.com/opencontainers/runc/Godeps/_workspace/src/github.com/pquerna/ffjson/fflib/v1", O_RDONLY|O_CLOEXEC) = 6
17031 mmap(0xc820500000, 1048576, PROT_READ|PROT_WRITE, MAP_PRIVATE|MAP_ANONYMOUS, -1, 0) = 0xc820500000
17031 mmap(0xc81ffd0000, 32768, PROT_READ|PROT_WRITE, MAP_PRIVATE|MAP_ANONYMOUS, -1, 0) = 0xc81ffd0000
17031 clock_gettime(CLOCK_MONOTONIC, {4903, 289047376}) = 0
17031 getdents64(6, /* 18 entries */, 4096) = 616
17031 getdents64(6, /* 0 entries */, 4096) = 0
17031 close(6)                          = 0
17031 lstat("/home/hmeng/go/src/github.com/opencontainers/runc/Godeps/_workspace/src/github.com/pquerna/ffjson/fflib/v1/buffer.go", {st_mode=S_IFREG|0664, st_size=12056, ...}) = 0
17031 openat(AT_FDCWD, "/home/hmeng/go/src/github.com/opencontainers/runc/Godeps/_workspace/src/github.com/pquerna/ffjson/fflib/v1/buffer.go", O_RDONLY|O_CLOEXEC) = 6
17031 close(6)                          = 0
17031 lstat("/home/hmeng/go/src/github.com/opencontainers/runc/Godeps/_workspace/src/github.com/pquerna/ffjson/fflib/v1/buffer_nopool.go", {st_mode=S_IFREG|0664, st_size=188, ...}) = 0
17031 openat(AT_FDCWD, "/home/hmeng/go/src/github.com/opencontainers/runc/Godeps/_workspace/src/github.com/pquerna/ffjson/fflib/v1/buffer_nopool.go", O_RDONLY|O_CLOEXEC) = 6
17031 close(6)                          = 0
17031 lstat("/home/hmeng/go/src/github.com/opencontainers/runc/Godeps/_workspace/src/github.com/pquerna/ffjson/fflib/v1/buffer_pool.go", {st_mode=S_IFREG|0664, st_size=2368, ...}) = 0
17031 openat(AT_FDCWD, "/home/hmeng/go/src/github.com/opencontainers/runc/Godeps/_workspace/src/github.com/pquerna/ffjson/fflib/v1/buffer_pool.go", O_RDONLY|O_CLOEXEC) = 6
17031 close(6)                          = 0
17031 lstat("/home/hmeng/go/src/github.com/opencontainers/runc/Godeps/_workspace/src/github.com/pquerna/ffjson/fflib/v1/bytenum.go", {st_mode=S_IFREG|0664, st_size=1989, ...}) = 0
17031 openat(AT_FDCWD, "/home/hmeng/go/src/github.com/opencontainers/runc/Godeps/_workspace/src/github.com/pquerna/ffjson/fflib/v1/bytenum.go", O_RDONLY|O_CLOEXEC) = 6
17031 close(6)                          = 0
17031 lstat("/home/hmeng/go/src/github.com/opencontainers/runc/Godeps/_workspace/src/github.com/pquerna/ffjson/fflib/v1/decimal.go", {st_mode=S_IFREG|0664, st_size=8059, ...}) = 0
17031 openat(AT_FDCWD, "/home/hmeng/go/src/github.com/opencontainers/runc/Godeps/_workspace/src/github.com/pquerna/ffjson/fflib/v1/decimal.go", O_RDONLY|O_CLOEXEC) = 6
17031 close(6)                          = 0
17031 lstat("/home/hmeng/go/src/github.com/opencontainers/runc/Godeps/_workspace/src/github.com/pquerna/ffjson/fflib/v1/extfloat.go", {st_mode=S_IFREG|0664, st_size=20248, ...}) = 0
17031 openat(AT_FDCWD, "/home/hmeng/go/src/github.com/opencontainers/runc/Godeps/_workspace/src/github.com/pquerna/ffjson/fflib/v1/extfloat.go", O_RDONLY|O_CLOEXEC) = 6
17031 close(6)                          = 0
17031 lstat("/home/hmeng/go/src/github.com/opencontainers/runc/Godeps/_workspace/src/github.com/pquerna/ffjson/fflib/v1/fold.go", {st_mode=S_IFREG|0664, st_size=2866, ...}) = 0
17031 openat(AT_FDCWD, "/home/hmeng/go/src/github.com/opencontainers/runc/Godeps/_workspace/src/github.com/pquerna/ffjson/fflib/v1/fold.go", O_RDONLY|O_CLOEXEC) = 6
17031 close(6)                          = 0
17031 lstat("/home/hmeng/go/src/github.com/opencontainers/runc/Godeps/_workspace/src/github.com/pquerna/ffjson/fflib/v1/ftoa.go", {st_mode=S_IFREG|0664, st_size=12003, ...}) = 0
17031 openat(AT_FDCWD, "/home/hmeng/go/src/github.com/opencontainers/runc/Godeps/_workspace/src/github.com/pquerna/ffjson/fflib/v1/ftoa.go", O_RDONLY|O_CLOEXEC) = 6
17031 close(6)                          = 0
17031 lstat("/home/hmeng/go/src/github.com/opencontainers/runc/Godeps/_workspace/src/github.com/pquerna/ffjson/fflib/v1/internal", {st_mode=S_IFDIR|0775, st_size=66, ...}) = 0
17031 openat(AT_FDCWD, "/home/hmeng/go/src/github.com/opencontainers/runc/Godeps/_workspace/src/github.com/pquerna/ffjson/fflib/v1/internal", O_RDONLY|O_CLOEXEC) = 6
17031 getdents64(6,  <unfinished ...>
17032 <... select resumed> )            = 0 (Timeout)
17032 clock_gettime(CLOCK_MONOTONIC,  <unfinished ...>
17031 <... getdents64 resumed> /* 6 entries */, 4096) = 176
17032 <... clock_gettime resumed> {4903, 289601271}) = 0
17032 clock_gettime(CLOCK_REALTIME,  <unfinished ...>
17031 getdents64(6,  <unfinished ...>
17032 <... clock_gettime resumed> {1465918769, 73613075}) = 0
17032 select(0, NULL, NULL, NULL, {0, 10000} <unfinished ...>
17031 <... getdents64 resumed> /* 0 entries */, 4096) = 0
17031 close(6)                          = 0
17031 lstat("/home/hmeng/go/src/github.com/opencontainers/runc/Godeps/_workspace/src/github.com/pquerna/ffjson/fflib/v1/internal/atof.go", {st_mode=S_IFREG|0664, st_size=20147, ...}) = 0
17031 openat(AT_FDCWD, "/home/hmeng/go/src/github.com/opencontainers/runc/Godeps/_workspace/src/github.com/pquerna/ffjson/fflib/v1/internal/atof.go", O_RDONLY|O_CLOEXEC) = 6
17031 close(6)                          = 0
17031 lstat("/home/hmeng/go/src/github.com/opencontainers/runc/Godeps/_workspace/src/github.com/pquerna/ffjson/fflib/v1/internal/atoi.go", {st_mode=S_IFREG|0664, st_size=5107, ...}) = 0
17031 openat(AT_FDCWD, "/home/hmeng/go/src/github.com/opencontainers/runc/Godeps/_workspace/src/github.com/pquerna/ffjson/fflib/v1/internal/atoi.go", O_RDONLY|O_CLOEXEC) = 6
17031 close(6)                          = 0
17031 lstat("/home/hmeng/go/src/github.com/opencontainers/runc/Godeps/_workspace/src/github.com/pquerna/ffjson/fflib/v1/internal/extfloat.go", {st_mode=S_IFREG|0664, st_size=20254, ...}) = 0
17031 openat(AT_FDCWD, "/home/hmeng/go/src/github.com/opencontainers/runc/Godeps/_workspace/src/github.com/pquerna/ffjson/fflib/v1/internal/extfloat.go", O_RDONLY|O_CLOEXEC) = 6
17031 close(6)                          = 0
17031 lstat("/home/hmeng/go/src/github.com/opencontainers/runc/Godeps/_workspace/src/github.com/pquerna/ffjson/fflib/v1/internal/ftoa.go", {st_mode=S_IFREG|0664, st_size=11361, ...}) = 0
17031 openat(AT_FDCWD, "/home/hmeng/go/src/github.com/opencontainers/runc/Godeps/_workspace/src/github.com/pquerna/ffjson/fflib/v1/internal/ftoa.go", O_RDONLY|O_CLOEXEC) = 6
17031 close(6)                          = 0
17031 lstat("/home/hmeng/go/src/github.com/opencontainers/runc/Godeps/_workspace/src/github.com/pquerna/ffjson/fflib/v1/iota.go", {st_mode=S_IFREG|0664, st_size=3710, ...}) = 0
17031 openat(AT_FDCWD, "/home/hmeng/go/src/github.com/opencontainers/runc/Godeps/_workspace/src/github.com/pquerna/ffjson/fflib/v1/iota.go", O_RDONLY|O_CLOEXEC) = 6
17031 close(6)                          = 0
17031 lstat("/home/hmeng/go/src/github.com/opencontainers/runc/Godeps/_workspace/src/github.com/pquerna/ffjson/fflib/v1/jsonstring.go", {st_mode=S_IFREG|0664, st_size=10067, ...}) = 0
17031 openat(AT_FDCWD, "/home/hmeng/go/src/github.com/opencontainers/runc/Godeps/_workspace/src/github.com/pquerna/ffjson/fflib/v1/jsonstring.go", O_RDONLY|O_CLOEXEC) = 6
17031 close(6)                          = 0
17031 lstat("/home/hmeng/go/src/github.com/opencontainers/runc/Godeps/_workspace/src/github.com/pquerna/ffjson/fflib/v1/lexer.go", {st_mode=S_IFREG|0664, st_size=22752, ...}) = 0
17031 openat(AT_FDCWD, "/home/hmeng/go/src/github.com/opencontainers/runc/Godeps/_workspace/src/github.com/pquerna/ffjson/fflib/v1/lexer.go", O_RDONLY|O_CLOEXEC) = 6
17031 close(6)                          = 0
17031 lstat("/home/hmeng/go/src/github.com/opencontainers/runc/Godeps/_workspace/src/github.com/pquerna/ffjson/fflib/v1/reader.go", {st_mode=S_IFREG|0664, st_size=9160, ...}) = 0
17031 openat(AT_FDCWD, "/home/hmeng/go/src/github.com/opencontainers/runc/Godeps/_workspace/src/github.com/pquerna/ffjson/fflib/v1/reader.go", O_RDONLY|O_CLOEXEC) = 6
17031 close(6)                          = 0
17031 lstat("/home/hmeng/go/src/github.com/opencontainers/runc/Godeps/_workspace/src/github.com/pquerna/ffjson/fflib/v1/reader_scan_amd64.go", {st_mode=S_IFREG|0664, st_size=1065, ...}) = 0
17031 openat(AT_FDCWD, "/home/hmeng/go/src/github.com/opencontainers/runc/Godeps/_workspace/src/github.com/pquerna/ffjson/fflib/v1/reader_scan_amd64.go", O_RDONLY|O_CLOEXEC) = 6
17031 close(6)                          = 0
17031 lstat("/home/hmeng/go/src/github.com/opencontainers/runc/Godeps/_workspace/src/github.com/pquerna/ffjson/fflib/v1/reader_scan_amd64.s", {st_mode=S_IFREG|0664, st_size=525, ...}) = 0
17031 openat(AT_FDCWD, "/home/hmeng/go/src/github.com/opencontainers/runc/Godeps/_workspace/src/github.com/pquerna/ffjson/fflib/v1/reader_scan_amd64.s", O_RDONLY|O_CLOEXEC) = 6
17031 close(6)                          = 0
17031 lstat("/home/hmeng/go/src/github.com/opencontainers/runc/Godeps/_workspace/src/github.com/pquerna/ffjson/fflib/v1/reader_scan_generic.go", {st_mode=S_IFREG|0664, st_size=844, ...}) = 0
17031 openat(AT_FDCWD, "/home/hmeng/go/src/github.com/opencontainers/runc/Godeps/_workspace/src/github.com/pquerna/ffjson/fflib/v1/reader_scan_generic.go", O_RDONLY|O_CLOEXEC) = 6
17031 close(6)                          = 0
17031 lstat("/home/hmeng/go/src/github.com/opencontainers/runc/Godeps/_workspace/src/github.com/seccomp", {st_mode=S_IFDIR|0775, st_size=30, ...}) = 0
17031 openat(AT_FDCWD, "/home/hmeng/go/src/github.com/opencontainers/runc/Godeps/_workspace/src/github.com/seccomp", O_RDONLY|O_CLOEXEC) = 6
17031 getdents64(6, /* 3 entries */, 4096) = 88
17031 getdents64(6, /* 0 entries */, 4096) = 0
17031 close(6)                          = 0
17031 lstat("/home/hmeng/go/src/github.com/opencontainers/runc/Godeps/_workspace/src/github.com/seccomp/libseccomp-golang", {st_mode=S_IFDIR|0775, st_size=76, ...}) = 0
17031 openat(AT_FDCWD, "/home/hmeng/go/src/github.com/opencontainers/runc/Godeps/_workspace/src/github.com/seccomp/libseccomp-golang", O_RDONLY|O_CLOEXEC) = 6
17031 getdents64(6, /* 6 entries */, 4096) = 184
17031 getdents64(6, /* 0 entries */, 4096) = 0
17031 close(6)                          = 0
17031 lstat("/home/hmeng/go/src/github.com/opencontainers/runc/Godeps/_workspace/src/github.com/seccomp/libseccomp-golang/LICENSE", {st_mode=S_IFREG|0664, st_size=1361, ...}) = 0
17031 openat(AT_FDCWD, "/home/hmeng/go/src/github.com/opencontainers/runc/Godeps/_workspace/src/github.com/seccomp/libseccomp-golang/LICENSE", O_RDONLY|O_CLOEXEC) = 6
17031 close(6)                          = 0
17031 lstat("/home/hmeng/go/src/github.com/opencontainers/runc/Godeps/_workspace/src/github.com/seccomp/libseccomp-golang/README", {st_mode=S_IFREG|0664, st_size=1102, ...}) = 0
17031 openat(AT_FDCWD, "/home/hmeng/go/src/github.com/opencontainers/runc/Godeps/_workspace/src/github.com/seccomp/libseccomp-golang/README", O_RDONLY|O_CLOEXEC) = 6
17031 close(6)                          = 0
17031 lstat("/home/hmeng/go/src/github.com/opencontainers/runc/Godeps/_workspace/src/github.com/seccomp/libseccomp-golang/seccomp.go", {st_mode=S_IFREG|0664, st_size=27134, ...}) = 0
17031 openat(AT_FDCWD, "/home/hmeng/go/src/github.com/opencontainers/runc/Godeps/_workspace/src/github.com/seccomp/libseccomp-golang/seccomp.go", O_RDONLY|O_CLOEXEC) = 6
17031 close(6)                          = 0
17031 lstat("/home/hmeng/go/src/github.com/opencontainers/runc/Godeps/_workspace/src/github.com/seccomp/libseccomp-golang/seccomp_internal.go", {st_mode=S_IFREG|0664, st_size=13001, ...}) = 0
17031 openat(AT_FDCWD, "/home/hmeng/go/src/github.com/opencontainers/runc/Godeps/_workspace/src/github.com/seccomp/libseccomp-golang/seccomp_internal.go", O_RDONLY|O_CLOEXEC) = 6
17031 close(6)                          = 0
17031 lstat("/home/hmeng/go/src/github.com/opencontainers/runc/Godeps/_workspace/src/github.com/syndtr", {st_mode=S_IFDIR|0775, st_size=25, ...}) = 0
17031 openat(AT_FDCWD, "/home/hmeng/go/src/github.com/opencontainers/runc/Godeps/_workspace/src/github.com/syndtr", O_RDONLY|O_CLOEXEC) = 6
17031 getdents64(6, /* 3 entries */, 4096) = 80
17031 getdents64(6, /* 0 entries */, 4096) = 0
17031 close(6)                          = 0
17031 lstat("/home/hmeng/go/src/github.com/opencontainers/runc/Godeps/_workspace/src/github.com/syndtr/gocapability", {st_mode=S_IFDIR|0775, st_size=37, ...}) = 0
17031 openat(AT_FDCWD, "/home/hmeng/go/src/github.com/opencontainers/runc/Godeps/_workspace/src/github.com/syndtr/gocapability", O_RDONLY|O_CLOEXEC) = 6
17031 getdents64(6, /* 4 entries */, 4096) = 112
17031 getdents64(6, /* 0 entries */, 4096) = 0
17031 close(6)                          = 0
17031 lstat("/home/hmeng/go/src/github.com/opencontainers/runc/Godeps/_workspace/src/github.com/syndtr/gocapability/LICENSE", {st_mode=S_IFREG|0664, st_size=1318, ...}) = 0
17031 openat(AT_FDCWD, "/home/hmeng/go/src/github.com/opencontainers/runc/Godeps/_workspace/src/github.com/syndtr/gocapability/LICENSE", O_RDONLY|O_CLOEXEC) = 6
17031 close(6)                          = 0
17031 lstat("/home/hmeng/go/src/github.com/opencontainers/runc/Godeps/_workspace/src/github.com/syndtr/gocapability/capability", {st_mode=S_IFDIR|0775, st_size=4096, ...}) = 0
17031 openat(AT_FDCWD, "/home/hmeng/go/src/github.com/opencontainers/runc/Godeps/_workspace/src/github.com/syndtr/gocapability/capability", O_RDONLY|O_CLOEXEC) = 6
17031 getdents64(6, /* 9 entries */, 4096) = 304
17031 getdents64(6, /* 0 entries */, 4096) = 0
17031 close(6)                          = 0
17031 lstat("/home/hmeng/go/src/github.com/opencontainers/runc/Godeps/_workspace/src/github.com/syndtr/gocapability/capability/capability.go", {st_mode=S_IFREG|0664, st_size=2513, ...}) = 0
17031 openat(AT_FDCWD, "/home/hmeng/go/src/github.com/opencontainers/runc/Godeps/_workspace/src/github.com/syndtr/gocapability/capability/capability.go", O_RDONLY|O_CLOEXEC) = 6
17031 close(6)                          = 0
17031 lstat("/home/hmeng/go/src/github.com/opencontainers/runc/Godeps/_workspace/src/github.com/syndtr/gocapability/capability/capability_linux.go", {st_mode=S_IFREG|0664, st_size=11593, ...}) = 0
17031 openat(AT_FDCWD, "/home/hmeng/go/src/github.com/opencontainers/runc/Godeps/_workspace/src/github.com/syndtr/gocapability/capability/capability_linux.go", O_RDONLY|O_CLOEXEC) = 6
17031 close(6)                          = 0
17031 lstat("/home/hmeng/go/src/github.com/opencontainers/runc/Godeps/_workspace/src/github.com/syndtr/gocapability/capability/capability_noop.go", {st_mode=S_IFREG|0664, st_size=432, ...}) = 0
17031 openat(AT_FDCWD, "/home/hmeng/go/src/github.com/opencontainers/runc/Godeps/_workspace/src/github.com/syndtr/gocapability/capability/capability_noop.go", O_RDONLY|O_CLOEXEC) = 6
17031 close(6)                          = 0
17031 lstat("/home/hmeng/go/src/github.com/opencontainers/runc/Godeps/_workspace/src/github.com/syndtr/gocapability/capability/enum.go", {st_mode=S_IFREG|0664, st_size=8655, ...}) = 0
17031 openat(AT_FDCWD, "/home/hmeng/go/src/github.com/opencontainers/runc/Godeps/_workspace/src/github.com/syndtr/gocapability/capability/enum.go", O_RDONLY|O_CLOEXEC) = 6
17031 close(6)                          = 0
17031 lstat("/home/hmeng/go/src/github.com/opencontainers/runc/Godeps/_workspace/src/github.com/syndtr/gocapability/capability/enum_gen.go", {st_mode=S_IFREG|0664, st_size=2525, ...}) = 0
17031 openat(AT_FDCWD, "/home/hmeng/go/src/github.com/opencontainers/runc/Godeps/_workspace/src/github.com/syndtr/gocapability/capability/enum_gen.go", O_RDONLY|O_CLOEXEC) = 6
17031 close(6)                          = 0
17031 lstat("/home/hmeng/go/src/github.com/opencontainers/runc/Godeps/_workspace/src/github.com/syndtr/gocapability/capability/enumgen", {st_mode=S_IFDIR|0775, st_size=19, ...}) = 0
17031 openat(AT_FDCWD, "/home/hmeng/go/src/github.com/opencontainers/runc/Godeps/_workspace/src/github.com/syndtr/gocapability/capability/enumgen", O_RDONLY|O_CLOEXEC) = 6
17031 getdents64(6, /* 3 entries */, 4096) = 80
17031 getdents64(6, /* 0 entries */, 4096) = 0
17031 close(6)                          = 0
17031 lstat("/home/hmeng/go/src/github.com/opencontainers/runc/Godeps/_workspace/src/github.com/syndtr/gocapability/capability/enumgen/gen.go", {st_mode=S_IFREG|0664, st_size=2055, ...}) = 0
17031 openat(AT_FDCWD, "/home/hmeng/go/src/github.com/opencontainers/runc/Godeps/_workspace/src/github.com/syndtr/gocapability/capability/enumgen/gen.go", O_RDONLY|O_CLOEXEC) = 6
17031 close(6)                          = 0
17031 lstat("/home/hmeng/go/src/github.com/opencontainers/runc/Godeps/_workspace/src/github.com/syndtr/gocapability/capability/syscall_linux.go", {st_mode=S_IFREG|0664, st_size=3195, ...}) = 0
17031 openat(AT_FDCWD, "/home/hmeng/go/src/github.com/opencontainers/runc/Godeps/_workspace/src/github.com/syndtr/gocapability/capability/syscall_linux.go", O_RDONLY|O_CLOEXEC) = 6
17031 close(6)                          = 0
17031 lstat("/home/hmeng/go/src/github.com/opencontainers/runc/Godeps/_workspace/src/github.com/urfave", {st_mode=S_IFDIR|0775, st_size=16, ...}) = 0
17031 openat(AT_FDCWD, "/home/hmeng/go/src/github.com/opencontainers/runc/Godeps/_workspace/src/github.com/urfave", O_RDONLY|O_CLOEXEC) = 6
17031 getdents64(6, /* 3 entries */, 4096) = 72
17031 getdents64(6, /* 0 entries */, 4096) = 0
17031 close(6)                          = 0
17031 lstat("/home/hmeng/go/src/github.com/opencontainers/runc/Godeps/_workspace/src/github.com/urfave/cli", {st_mode=S_IFDIR|0775, st_size=4096, ...}) = 0
17031 openat(AT_FDCWD, "/home/hmeng/go/src/github.com/opencontainers/runc/Godeps/_workspace/src/github.com/urfave/cli", O_RDONLY|O_CLOEXEC) = 6
17031 getdents64(6, /* 18 entries */, 4096) = 560
17031 getdents64(6, /* 0 entries */, 4096) = 0
17031 close(6)                          = 0
17031 lstat("/home/hmeng/go/src/github.com/opencontainers/runc/Godeps/_workspace/src/github.com/urfave/cli/.gitignore", {st_mode=S_IFREG|0664, st_size=15, ...}) = 0
17031 openat(AT_FDCWD, "/home/hmeng/go/src/github.com/opencontainers/runc/Godeps/_workspace/src/github.com/urfave/cli/.gitignore", O_RDONLY|O_CLOEXEC) = 6
17031 close(6)                          = 0
17031 lstat("/home/hmeng/go/src/github.com/opencontainers/runc/Godeps/_workspace/src/github.com/urfave/cli/.travis.yml", {st_mode=S_IFREG|0664, st_size=428, ...}) = 0
17031 openat(AT_FDCWD, "/home/hmeng/go/src/github.com/opencontainers/runc/Godeps/_workspace/src/github.com/urfave/cli/.travis.yml", O_RDONLY|O_CLOEXEC) = 6
17031 close(6)                          = 0
17031 lstat("/home/hmeng/go/src/github.com/opencontainers/runc/Godeps/_workspace/src/github.com/urfave/cli/CHANGELOG.md", {st_mode=S_IFREG|0664, st_size=10817, ...}) = 0
17031 openat(AT_FDCWD, "/home/hmeng/go/src/github.com/opencontainers/runc/Godeps/_workspace/src/github.com/urfave/cli/CHANGELOG.md", O_RDONLY|O_CLOEXEC) = 6
17031 close(6)                          = 0
17031 lstat("/home/hmeng/go/src/github.com/opencontainers/runc/Godeps/_workspace/src/github.com/urfave/cli/LICENSE", {st_mode=S_IFREG|0664, st_size=1090, ...}) = 0
17031 openat(AT_FDCWD, "/home/hmeng/go/src/github.com/opencontainers/runc/Godeps/_workspace/src/github.com/urfave/cli/LICENSE", O_RDONLY|O_CLOEXEC) = 6
17031 close(6)                          = 0
17031 lstat("/home/hmeng/go/src/github.com/opencontainers/runc/Godeps/_workspace/src/github.com/urfave/cli/README.md", {st_mode=S_IFREG|0664, st_size=28458, ...}) = 0
17031 openat(AT_FDCWD, "/home/hmeng/go/src/github.com/opencontainers/runc/Godeps/_workspace/src/github.com/urfave/cli/README.md", O_RDONLY|O_CLOEXEC) = 6
17031 close(6)                          = 0
17031 lstat("/home/hmeng/go/src/github.com/opencontainers/runc/Godeps/_workspace/src/github.com/urfave/cli/app.go", {st_mode=S_IFREG|0664, st_size=12170, ...}) = 0
17031 openat(AT_FDCWD, "/home/hmeng/go/src/github.com/opencontainers/runc/Godeps/_workspace/src/github.com/urfave/cli/app.go", O_RDONLY|O_CLOEXEC) = 6
17031 close(6)                          = 0
17031 lstat("/home/hmeng/go/src/github.com/opencontainers/runc/Godeps/_workspace/src/github.com/urfave/cli/appveyor.yml", {st_mode=S_IFREG|0664, st_size=449, ...}) = 0
17031 openat(AT_FDCWD, "/home/hmeng/go/src/github.com/opencontainers/runc/Godeps/_workspace/src/github.com/urfave/cli/appveyor.yml", O_RDONLY|O_CLOEXEC) = 6
17031 close(6)                          = 0
17031 lstat("/home/hmeng/go/src/github.com/opencontainers/runc/Godeps/_workspace/src/github.com/urfave/cli/category.go", {st_mode=S_IFREG|0664, st_size=1089, ...}) = 0
17031 openat(AT_FDCWD, "/home/hmeng/go/src/github.com/opencontainers/runc/Godeps/_workspace/src/github.com/urfave/cli/category.go", O_RDONLY|O_CLOEXEC) = 6
17031 close(6)                          = 0
17031 lstat("/home/hmeng/go/src/github.com/opencontainers/runc/Godeps/_workspace/src/github.com/urfave/cli/cli.go", {st_mode=S_IFREG|0664, st_size=613, ...}) = 0
17031 openat(AT_FDCWD, "/home/hmeng/go/src/github.com/opencontainers/runc/Godeps/_workspace/src/github.com/urfave/cli/cli.go", O_RDONLY|O_CLOEXEC) = 6
17031 close(6)                          = 0
17031 lstat("/home/hmeng/go/src/github.com/opencontainers/runc/Godeps/_workspace/src/github.com/urfave/cli/command.go", {st_mode=S_IFREG|0664, st_size=6679, ...}) = 0
17031 openat(AT_FDCWD, "/home/hmeng/go/src/github.com/opencontainers/runc/Godeps/_workspace/src/github.com/urfave/cli/command.go", O_RDONLY|O_CLOEXEC) = 6
17031 close(6)                          = 0
17031 lstat("/home/hmeng/go/src/github.com/opencontainers/runc/Godeps/_workspace/src/github.com/urfave/cli/context.go", {st_mode=S_IFREG|0664, st_size=10577, ...}) = 0
17031 openat(AT_FDCWD, "/home/hmeng/go/src/github.com/opencontainers/runc/Godeps/_workspace/src/github.com/urfave/cli/context.go", O_RDONLY|O_CLOEXEC) = 6
17031 close(6)                          = 0
17031 lstat("/home/hmeng/go/src/github.com/opencontainers/runc/Godeps/_workspace/src/github.com/urfave/cli/errors.go", {st_mode=S_IFREG|0664, st_size=2144, ...}) = 0
17031 openat(AT_FDCWD, "/home/hmeng/go/src/github.com/opencontainers/runc/Godeps/_workspace/src/github.com/urfave/cli/errors.go", O_RDONLY|O_CLOEXEC) = 6
17031 futex(0xc8200f6590, FUTEX_WAKE, 1 <unfinished ...>
17035 <... futex resumed> )             = 0
17031 <... futex resumed> )             = 1
17035 select(0, NULL, NULL, NULL, {0, 100} <unfinished ...>
17031 futex(0xc8200f6a10, FUTEX_WAKE, 1 <unfinished ...>
17036 <... futex resumed> )             = 0
17031 <... futex resumed> )             = 1
17036 futex(0x21ee820, FUTEX_WAKE, 1 <unfinished ...>
17031 futex(0x21ef2b0, FUTEX_WAIT, 0, NULL <unfinished ...>
17036 <... futex resumed> )             = 0
17036 close(6)                          = 0
17036 futex(0x21ef2b0, FUTEX_WAKE, 1)   = 1
17031 <... futex resumed> )             = 0
17036 futex(0x21ee820, FUTEX_WAIT, 0, NULL <unfinished ...>
17031 futex(0x21ee820, FUTEX_WAKE, 1 <unfinished ...>
17036 <... futex resumed> )             = -1 EAGAIN (Resource temporarily unavailable)
17031 <... futex resumed> )             = 0
17036 futex(0xc8200f6a10, FUTEX_WAIT, 0, NULL <unfinished ...>
17031 lstat("/home/hmeng/go/src/github.com/opencontainers/runc/Godeps/_workspace/src/github.com/urfave/cli/flag.go", {st_mode=S_IFREG|0664, st_size=15419, ...}) = 0
17031 openat(AT_FDCWD, "/home/hmeng/go/src/github.com/opencontainers/runc/Godeps/_workspace/src/github.com/urfave/cli/flag.go", O_RDONLY|O_CLOEXEC <unfinished ...>
17035 <... select resumed> )            = 0 (Timeout)
17031 <... openat resumed> )            = 6
17035 clock_gettime(CLOCK_MONOTONIC,  <unfinished ...>
17031 close(6 <unfinished ...>
17035 <... clock_gettime resumed> {4903, 292417182}) = 0
17031 <... close resumed> )             = 0
17035 epoll_wait(5,  <unfinished ...>
17031 futex(0x21ef2b0, FUTEX_WAIT, 0, NULL <unfinished ...>
17035 <... epoll_wait resumed> {}, 128, 0) = 0
17035 clock_gettime(CLOCK_MONOTONIC, {4903, 292459475}) = 0
17035 futex(0x21ef2b0, FUTEX_WAKE, 1)   = 1
17031 <... futex resumed> )             = 0
17035 clock_gettime(CLOCK_MONOTONIC,  <unfinished ...>
17031 lstat("/home/hmeng/go/src/github.com/opencontainers/runc/Godeps/_workspace/src/github.com/urfave/cli/funcs.go",  <unfinished ...>
17035 <... clock_gettime resumed> {4903, 292502231}) = 0
17031 <... lstat resumed> {st_mode=S_IFREG|0664, st_size=1264, ...}) = 0
17035 clock_gettime(CLOCK_MONOTONIC,  <unfinished ...>
17031 openat(AT_FDCWD, "/home/hmeng/go/src/github.com/opencontainers/runc/Godeps/_workspace/src/github.com/urfave/cli/funcs.go", O_RDONLY|O_CLOEXEC <unfinished ...>
17035 <... clock_gettime resumed> {4903, 292750964}) = 0
17031 <... openat resumed> )            = 6
17035 futex(0xc8200f6a10, FUTEX_WAKE, 1 <unfinished ...>
17031 futex(0x21ef2b0, FUTEX_WAIT, 0, NULL <unfinished ...>
17036 <... futex resumed> )             = 0
17035 <... futex resumed> )             = 1
17036 futex(0x21ee780, FUTEX_WAKE, 1 <unfinished ...>
17035 sched_yield( <unfinished ...>
17036 <... futex resumed> )             = 0
17035 <... sched_yield resumed> )       = 0
17036 close(6 <unfinished ...>
17035 futex(0x21ee6a0, FUTEX_WAKE, 1 <unfinished ...>
17036 <... close resumed> )             = 0
17035 <... futex resumed> )             = 0
17036 lstat("/home/hmeng/go/src/github.com/opencontainers/runc/Godeps/_workspace/src/github.com/urfave/cli/help.go",  <unfinished ...>
17035 clock_gettime(CLOCK_MONOTONIC,  <unfinished ...>
17036 <... lstat resumed> {st_mode=S_IFREG|0664, st_size=6755, ...}) = 0
17035 <... clock_gettime resumed> {4903, 292869239}) = 0
17036 openat(AT_FDCWD, "/home/hmeng/go/src/github.com/opencontainers/runc/Godeps/_workspace/src/github.com/urfave/cli/help.go", O_RDONLY|O_CLOEXEC <unfinished ...>
17035 clock_gettime(CLOCK_MONOTONIC,  <unfinished ...>
17036 <... openat resumed> )            = 6
17035 <... clock_gettime resumed> {4903, 292901433}) = 0
17036 close(6 <unfinished ...>
17035 clock_gettime(CLOCK_MONOTONIC,  <unfinished ...>
17036 <... close resumed> )             = 0
17035 <... clock_gettime resumed> {4903, 292927173}) = 0
17036 lstat("/home/hmeng/go/src/github.com/opencontainers/runc/Godeps/_workspace/src/github.com/urfave/cli/runtests",  <unfinished ...>
17035 clock_gettime(CLOCK_MONOTONIC,  <unfinished ...>
17036 <... lstat resumed> {st_mode=S_IFREG|0775, st_size=2293, ...}) = 0
17035 <... clock_gettime resumed> {4903, 292955933}) = 0
17036 openat(AT_FDCWD, "/home/hmeng/go/src/github.com/opencontainers/runc/Godeps/_workspace/src/github.com/urfave/cli/runtests", O_RDONLY|O_CLOEXEC <unfinished ...>
17035 clock_gettime(CLOCK_MONOTONIC,  <unfinished ...>
17036 <... openat resumed> )            = 6
17035 <... clock_gettime resumed> {4903, 294136545}) = 0
17036 close(6 <unfinished ...>
17035 futex(0x21ef2b0, FUTEX_WAKE, 1 <unfinished ...>
17036 <... close resumed> )             = 0
17035 <... futex resumed> )             = 1
17031 <... futex resumed> )             = 0
17036 futex(0xc8200f6a10, FUTEX_WAIT, 0, NULL <unfinished ...>
17035 clock_gettime(CLOCK_MONOTONIC,  <unfinished ...>
17031 futex(0x21ee780, FUTEX_WAKE, 1 <unfinished ...>
17035 <... clock_gettime resumed> {4903, 294311342}) = 0
17031 <... futex resumed> )             = 0
17035 futex(0x21ee780, FUTEX_WAIT, 0, {0, 100000} <unfinished ...>
17031 lstat("/home/hmeng/go/src/github.com/opencontainers/runc/Godeps/_workspace/src/github.com/vishvananda",  <unfinished ...>
17035 <... futex resumed> )             = -1 EAGAIN (Resource temporarily unavailable)
17031 <... lstat resumed> {st_mode=S_IFDIR|0775, st_size=20, ...}) = 0
17035 clock_gettime(CLOCK_MONOTONIC,  <unfinished ...>
17031 openat(AT_FDCWD, "/home/hmeng/go/src/github.com/opencontainers/runc/Godeps/_workspace/src/github.com/vishvananda", O_RDONLY|O_CLOEXEC <unfinished ...>
17035 <... clock_gettime resumed> {4903, 294380177}) = 0
17031 <... openat resumed> )            = 6
17035 clock_gettime(CLOCK_MONOTONIC,  <unfinished ...>
17031 getdents64(6,  <unfinished ...>
17035 <... clock_gettime resumed> {4903, 294420728}) = 0
17031 <... getdents64 resumed> /* 3 entries */, 4096) = 80
17035 clock_gettime(CLOCK_MONOTONIC,  <unfinished ...>
17031 getdents64(6,  <unfinished ...>
17035 <... clock_gettime resumed> {4903, 294450970}) = 0
17031 <... getdents64 resumed> /* 0 entries */, 4096) = 0
17035 clock_gettime(CLOCK_MONOTONIC,  <unfinished ...>
17031 close(6 <unfinished ...>
17035 <... clock_gettime resumed> {4903, 294474917}) = 0
17031 <... close resumed> )             = 0
17035 clock_gettime(CLOCK_MONOTONIC,  <unfinished ...>
17031 futex(0x21ef2b0, FUTEX_WAIT, 0, NULL <unfinished ...>
17035 <... clock_gettime resumed> {4903, 294498302}) = 0
17035 clock_gettime(CLOCK_MONOTONIC, {4903, 294514065}) = 0
17035 futex(0x21ef2b0, FUTEX_WAKE, 1)   = 1
17031 <... futex resumed> )             = 0
17035 sched_yield( <unfinished ...>
17031 futex(0x21ee810, FUTEX_WAKE, 1 <unfinished ...>
17035 <... sched_yield resumed> )       = 0
17031 <... futex resumed> )             = 0
17035 clock_gettime(CLOCK_MONOTONIC,  <unfinished ...>
17031 futex(0x21ef2b0, FUTEX_WAIT, 0, NULL <unfinished ...>
17035 <... clock_gettime resumed> {4903, 294703759}) = 0
17035 clock_gettime(CLOCK_MONOTONIC, {4903, 294720193}) = 0
17035 clock_gettime(CLOCK_MONOTONIC, {4903, 294736111}) = 0
17035 clock_gettime(CLOCK_REALTIME, {1465918769, 78737751}) = 0
17035 epoll_wait(5, {}, 128, 0)         = 0
17035 clock_gettime(CLOCK_MONOTONIC, {4903, 294770609}) = 0
17035 futex(0x21ef2b0, FUTEX_WAKE, 1)   = 1
17031 <... futex resumed> )             = 0
17035 lstat("/home/hmeng/go/src/github.com/opencontainers/runc/Godeps/_workspace/src/github.com/vishvananda/netlink",  <unfinished ...>
17031 clock_gettime(CLOCK_MONOTONIC,  <unfinished ...>
17035 <... lstat resumed> {st_mode=S_IFDIR|0775, st_size=4096, ...}) = 0
17031 <... clock_gettime resumed> {4903, 294873017}) = 0
17035 openat(AT_FDCWD, "/home/hmeng/go/src/github.com/opencontainers/runc/Godeps/_workspace/src/github.com/vishvananda/netlink", O_RDONLY|O_CLOEXEC <unfinished ...>
17031 clock_gettime(CLOCK_MONOTONIC,  <unfinished ...>
17035 <... openat resumed> )            = 6
17031 <... clock_gettime resumed> {4903, 294922434}) = 0
17035 getdents64(6,  <unfinished ...>
17031 clock_gettime(CLOCK_MONOTONIC,  <unfinished ...>
17035 <... getdents64 resumed> /* 28 entries */, 4096) = 976
17031 <... clock_gettime resumed> {4903, 294960583}) = 0
17035 getdents64(6,  <unfinished ...>
17031 clock_gettime(CLOCK_MONOTONIC,  <unfinished ...>
17035 <... getdents64 resumed> /* 0 entries */, 4096) = 0
17031 <... clock_gettime resumed> {4903, 294989958}) = 0
17035 close(6 <unfinished ...>
17031 clock_gettime(CLOCK_MONOTONIC,  <unfinished ...>
17035 <... close resumed> )             = 0
17031 <... clock_gettime resumed> {4903, 295060302}) = 0
17035 lstat("/home/hmeng/go/src/github.com/opencontainers/runc/Godeps/_workspace/src/github.com/vishvananda/netlink/.travis.yml",  <unfinished ...>
17031 clock_gettime(CLOCK_MONOTONIC,  <unfinished ...>
17035 <... lstat resumed> {st_mode=S_IFREG|0664, st_size=66, ...}) = 0
17031 <... clock_gettime resumed> {4903, 295110388}) = 0
17035 openat(AT_FDCWD, "/home/hmeng/go/src/github.com/opencontainers/runc/Godeps/_workspace/src/github.com/vishvananda/netlink/.travis.yml", O_RDONLY|O_CLOEXEC <unfinished ...>
17031 clock_gettime(CLOCK_MONOTONIC,  <unfinished ...>
17035 <... openat resumed> )            = 6
17031 <... clock_gettime resumed> {4903, 295146287}) = 0
17035 close(6 <unfinished ...>
17031 clock_gettime(CLOCK_MONOTONIC,  <unfinished ...>
17035 <... close resumed> )             = 0
17031 <... clock_gettime resumed> {4903, 295172510}) = 0
17035 lstat("/home/hmeng/go/src/github.com/opencontainers/runc/Godeps/_workspace/src/github.com/vishvananda/netlink/LICENSE",  <unfinished ...>
17031 clock_gettime(CLOCK_MONOTONIC,  <unfinished ...>
17035 <... lstat resumed> {st_mode=S_IFREG|0664, st_size=10796, ...}) = 0
17031 <... clock_gettime resumed> {4903, 295203908}) = 0
17035 openat(AT_FDCWD, "/home/hmeng/go/src/github.com/opencontainers/runc/Godeps/_workspace/src/github.com/vishvananda/netlink/LICENSE", O_RDONLY|O_CLOEXEC <unfinished ...>
17031 clock_gettime(CLOCK_MONOTONIC,  <unfinished ...>
17035 <... openat resumed> )            = 6
17031 <... clock_gettime resumed> {4903, 295237719}) = 0
17035 close(6 <unfinished ...>
17031 clock_gettime(CLOCK_MONOTONIC,  <unfinished ...>
17035 <... close resumed> )             = 0
17031 <... clock_gettime resumed> {4903, 295263966}) = 0
17035 lstat("/home/hmeng/go/src/github.com/opencontainers/runc/Godeps/_workspace/src/github.com/vishvananda/netlink/Makefile",  <unfinished ...>
17031 clock_gettime(CLOCK_MONOTONIC,  <unfinished ...>
17035 <... lstat resumed> {st_mode=S_IFREG|0664, st_size=687, ...}) = 0
17031 <... clock_gettime resumed> {4903, 295293976}) = 0
17035 openat(AT_FDCWD, "/home/hmeng/go/src/github.com/opencontainers/runc/Godeps/_workspace/src/github.com/vishvananda/netlink/Makefile", O_RDONLY|O_CLOEXEC <unfinished ...>
17031 clock_gettime(CLOCK_MONOTONIC,  <unfinished ...>
17035 <... openat resumed> )            = 6
17031 <... clock_gettime resumed> {4903, 295334452}) = 0
17035 close(6 <unfinished ...>
17031 clock_gettime(CLOCK_MONOTONIC,  <unfinished ...>
17035 <... close resumed> )             = 0
17031 <... clock_gettime resumed> {4903, 295360864}) = 0
17035 lstat("/home/hmeng/go/src/github.com/opencontainers/runc/Godeps/_workspace/src/github.com/vishvananda/netlink/README.md",  <unfinished ...>
17031 clock_gettime(CLOCK_MONOTONIC,  <unfinished ...>
17035 <... lstat resumed> {st_mode=S_IFREG|0664, st_size=2959, ...}) = 0
17031 <... clock_gettime resumed> {4903, 295390803}) = 0
17035 openat(AT_FDCWD, "/home/hmeng/go/src/github.com/opencontainers/runc/Godeps/_workspace/src/github.com/vishvananda/netlink/README.md", O_RDONLY|O_CLOEXEC <unfinished ...>
17031 clock_gettime(CLOCK_MONOTONIC,  <unfinished ...>
17035 <... openat resumed> )            = 6
17031 <... clock_gettime resumed> {4903, 295423220}) = 0
17035 close(6 <unfinished ...>
17031 clock_gettime(CLOCK_MONOTONIC,  <unfinished ...>
17035 <... close resumed> )             = 0
17031 <... clock_gettime resumed> {4903, 295449284}) = 0
17035 lstat("/home/hmeng/go/src/github.com/opencontainers/runc/Godeps/_workspace/src/github.com/vishvananda/netlink/addr.go",  <unfinished ...>
17031 clock_gettime(CLOCK_MONOTONIC,  <unfinished ...>
17035 <... lstat resumed> {st_mode=S_IFREG|0664, st_size=963, ...}) = 0
17031 <... clock_gettime resumed> {4903, 295478779}) = 0
17035 openat(AT_FDCWD, "/home/hmeng/go/src/github.com/opencontainers/runc/Godeps/_workspace/src/github.com/vishvananda/netlink/addr.go", O_RDONLY|O_CLOEXEC <unfinished ...>
17031 clock_gettime(CLOCK_MONOTONIC,  <unfinished ...>
17035 <... openat resumed> )            = 6
17031 <... clock_gettime resumed> {4903, 295516198}) = 0
17035 close(6 <unfinished ...>
17031 clock_gettime(CLOCK_MONOTONIC,  <unfinished ...>
17035 <... close resumed> )             = 0
17031 <... clock_gettime resumed> {4903, 295544023}) = 0
17035 lstat("/home/hmeng/go/src/github.com/opencontainers/runc/Godeps/_workspace/src/github.com/vishvananda/netlink/addr_linux.go",  <unfinished ...>
17031 clock_gettime(CLOCK_MONOTONIC,  <unfinished ...>
17035 <... lstat resumed> {st_mode=S_IFREG|0664, st_size=3043, ...}) = 0
17031 <... clock_gettime resumed> {4903, 295573261}) = 0
17035 openat(AT_FDCWD, "/home/hmeng/go/src/github.com/opencontainers/runc/Godeps/_workspace/src/github.com/vishvananda/netlink/addr_linux.go", O_RDONLY|O_CLOEXEC <unfinished ...>
17031 clock_gettime(CLOCK_MONOTONIC,  <unfinished ...>
17035 <... openat resumed> )            = 6
17031 <... clock_gettime resumed> {4903, 295605243}) = 0
17035 close(6 <unfinished ...>
17031 clock_gettime(CLOCK_MONOTONIC,  <unfinished ...>
17035 <... close resumed> )             = 0
17031 <... clock_gettime resumed> {4903, 295630149}) = 0
17035 lstat("/home/hmeng/go/src/github.com/opencontainers/runc/Godeps/_workspace/src/github.com/vishvananda/netlink/filter.go",  <unfinished ...>
17031 clock_gettime(CLOCK_MONOTONIC,  <unfinished ...>
17035 <... lstat resumed> {st_mode=S_IFREG|0664, st_size=1255, ...}) = 0
17031 <... clock_gettime resumed> {4903, 295659469}) = 0
17035 openat(AT_FDCWD, "/home/hmeng/go/src/github.com/opencontainers/runc/Godeps/_workspace/src/github.com/vishvananda/netlink/filter.go", O_RDONLY|O_CLOEXEC <unfinished ...>
17031 clock_gettime(CLOCK_MONOTONIC,  <unfinished ...>
17035 <... openat resumed> )            = 6
17031 <... clock_gettime resumed> {4903, 295697836}) = 0
17035 close(6 <unfinished ...>
17031 clock_gettime(CLOCK_MONOTONIC,  <unfinished ...>
17035 <... close resumed> )             = 0
17031 <... clock_gettime resumed> {4903, 295727153}) = 0
17035 lstat("/home/hmeng/go/src/github.com/opencontainers/runc/Godeps/_workspace/src/github.com/vishvananda/netlink/filter_linux.go",  <unfinished ...>
17031 clock_gettime(CLOCK_MONOTONIC,  <unfinished ...>
17035 <... lstat resumed> {st_mode=S_IFREG|0664, st_size=5061, ...}) = 0
17031 <... clock_gettime resumed> {4903, 295765500}) = 0
17035 openat(AT_FDCWD, "/home/hmeng/go/src/github.com/opencontainers/runc/Godeps/_workspace/src/github.com/vishvananda/netlink/filter_linux.go", O_RDONLY|O_CLOEXEC <unfinished ...>
17031 clock_gettime(CLOCK_MONOTONIC,  <unfinished ...>
17035 <... openat resumed> )            = 6
17031 <... clock_gettime resumed> {4903, 295809960}) = 0
17035 close(6 <unfinished ...>
17031 clock_gettime(CLOCK_MONOTONIC,  <unfinished ...>
17035 <... close resumed> )             = 0
17031 <... clock_gettime resumed> {4903, 295837374}) = 0
17035 lstat("/home/hmeng/go/src/github.com/opencontainers/runc/Godeps/_workspace/src/github.com/vishvananda/netlink/link.go",  <unfinished ...>
17031 clock_gettime(CLOCK_MONOTONIC,  <unfinished ...>
17035 <... lstat resumed> {st_mode=S_IFREG|0664, st_size=4102, ...}) = 0
17031 <... clock_gettime resumed> {4903, 295873338}) = 0
17035 openat(AT_FDCWD, "/home/hmeng/go/src/github.com/opencontainers/runc/Godeps/_workspace/src/github.com/vishvananda/netlink/link.go", O_RDONLY|O_CLOEXEC <unfinished ...>
17031 clock_gettime(CLOCK_MONOTONIC,  <unfinished ...>
17035 <... openat resumed> )            = 6
17031 <... clock_gettime resumed> {4903, 295906495}) = 0
17035 close(6 <unfinished ...>
17031 clock_gettime(CLOCK_MONOTONIC,  <unfinished ...>
17035 <... close resumed> )             = 0
17031 <... clock_gettime resumed> {4903, 295934670}) = 0
17035 lstat("/home/hmeng/go/src/github.com/opencontainers/runc/Godeps/_workspace/src/github.com/vishvananda/netlink/link_linux.go",  <unfinished ...>
17031 clock_gettime(CLOCK_MONOTONIC,  <unfinished ...>
17035 <... lstat resumed> {st_mode=S_IFREG|0664, st_size=20171, ...}) = 0
17031 <... clock_gettime resumed> {4903, 295964554}) = 0
17035 openat(AT_FDCWD, "/home/hmeng/go/src/github.com/opencontainers/runc/Godeps/_workspace/src/github.com/vishvananda/netlink/link_linux.go", O_RDONLY|O_CLOEXEC <unfinished ...>
17031 clock_gettime(CLOCK_MONOTONIC,  <unfinished ...>
17035 <... openat resumed> )            = 6
17031 <... clock_gettime resumed> {4903, 296007969}) = 0
17035 close(6 <unfinished ...>
17031 clock_gettime(CLOCK_MONOTONIC,  <unfinished ...>
17035 <... close resumed> )             = 0
17031 <... clock_gettime resumed> {4903, 296040422}) = 0
17035 lstat("/home/hmeng/go/src/github.com/opencontainers/runc/Godeps/_workspace/src/github.com/vishvananda/netlink/neigh.go",  <unfinished ...>
17031 clock_gettime(CLOCK_MONOTONIC,  <unfinished ...>
17035 <... lstat resumed> {st_mode=S_IFREG|0664, st_size=400, ...}) = 0
17031 <... clock_gettime resumed> {4903, 296070053}) = 0
17035 openat(AT_FDCWD, "/home/hmeng/go/src/github.com/opencontainers/runc/Godeps/_workspace/src/github.com/vishvananda/netlink/neigh.go", O_RDONLY|O_CLOEXEC <unfinished ...>
17031 clock_gettime(CLOCK_MONOTONIC,  <unfinished ...>
17035 <... openat resumed> )            = 6
17031 <... clock_gettime resumed> {4903, 296103346}) = 0
17035 close(6 <unfinished ...>
17031 clock_gettime(CLOCK_MONOTONIC,  <unfinished ...>
17035 <... close resumed> )             = 0
17031 <... clock_gettime resumed> {4903, 296128418}) = 0
17035 lstat("/home/hmeng/go/src/github.com/opencontainers/runc/Godeps/_workspace/src/github.com/vishvananda/netlink/neigh_linux.go",  <unfinished ...>
17031 clock_gettime(CLOCK_MONOTONIC,  <unfinished ...>
17035 <... lstat resumed> {st_mode=S_IFREG|0664, st_size=3962, ...}) = 0
17031 <... clock_gettime resumed> {4903, 296158409}) = 0
17035 openat(AT_FDCWD, "/home/hmeng/go/src/github.com/opencontainers/runc/Godeps/_workspace/src/github.com/vishvananda/netlink/neigh_linux.go", O_RDONLY|O_CLOEXEC <unfinished ...>
17031 clock_gettime(CLOCK_MONOTONIC,  <unfinished ...>
17035 <... openat resumed> )            = 6
17031 <... clock_gettime resumed> {4903, 296197455}) = 0
17035 close(6 <unfinished ...>
17031 clock_gettime(CLOCK_MONOTONIC,  <unfinished ...>
17035 <... close resumed> )             = 0
17031 <... clock_gettime resumed> {4903, 296223586}) = 0
17035 lstat("/home/hmeng/go/src/github.com/opencontainers/runc/Godeps/_workspace/src/github.com/vishvananda/netlink/netlink.go",  <unfinished ...>
17031 clock_gettime(CLOCK_MONOTONIC,  <unfinished ...>
17035 <... lstat resumed> {st_mode=S_IFREG|0664, st_size=1309, ...}) = 0
17031 <... clock_gettime resumed> {4903, 296254242}) = 0
17035 openat(AT_FDCWD, "/home/hmeng/go/src/github.com/opencontainers/runc/Godeps/_workspace/src/github.com/vishvananda/netlink/netlink.go", O_RDONLY|O_CLOEXEC <unfinished ...>
17031 clock_gettime(CLOCK_MONOTONIC,  <unfinished ...>
17035 <... openat resumed> )            = 6
17031 <... clock_gettime resumed> {4903, 296298519}) = 0
17035 close(6 <unfinished ...>
17031 clock_gettime(CLOCK_MONOTONIC,  <unfinished ...>
17035 <... close resumed> )             = 0
17031 <... clock_gettime resumed> {4903, 296327519}) = 0
17035 lstat("/home/hmeng/go/src/github.com/opencontainers/runc/Godeps/_workspace/src/github.com/vishvananda/netlink/netlink_unspecified.go",  <unfinished ...>
17031 clock_gettime(CLOCK_MONOTONIC,  <unfinished ...>
17035 <... lstat resumed> {st_mode=S_IFREG|0664, st_size=2586, ...}) = 0
17031 <... clock_gettime resumed> {4903, 296360241}) = 0
17035 openat(AT_FDCWD, "/home/hmeng/go/src/github.com/opencontainers/runc/Godeps/_workspace/src/github.com/vishvananda/netlink/netlink_unspecified.go", O_RDONLY|O_CLOEXEC <unfinished ...>
17031 clock_gettime(CLOCK_MONOTONIC,  <unfinished ...>
17035 <... openat resumed> )            = 6
17031 <... clock_gettime resumed> {4903, 296398189}) = 0
17035 close(6 <unfinished ...>
17031 clock_gettime(CLOCK_MONOTONIC,  <unfinished ...>
17035 <... close resumed> )             = 0
17031 <... clock_gettime resumed> {4903, 296424174}) = 0
17035 lstat("/home/hmeng/go/src/github.com/opencontainers/runc/Godeps/_workspace/src/github.com/vishvananda/netlink/nl",  <unfinished ...>
17031 clock_gettime(CLOCK_MONOTONIC,  <unfinished ...>
17035 <... lstat resumed> {st_mode=S_IFDIR|0775, st_size=4096, ...}) = 0
17031 <... clock_gettime resumed> {4903, 296457860}) = 0
17035 openat(AT_FDCWD, "/home/hmeng/go/src/github.com/opencontainers/runc/Godeps/_workspace/src/github.com/vishvananda/netlink/nl", O_RDONLY|O_CLOEXEC <unfinished ...>
17031 clock_gettime(CLOCK_MONOTONIC,  <unfinished ...>
17035 <... openat resumed> )            = 6
17031 <... clock_gettime resumed> {4903, 296493041}) = 0
17035 getdents64(6,  <unfinished ...>
17031 clock_gettime(CLOCK_MONOTONIC,  <unfinished ...>
17035 <... getdents64 resumed> /* 10 entries */, 4096) = 352
17031 <... clock_gettime resumed> {4903, 296523236}) = 0
17035 getdents64(6,  <unfinished ...>
17031 clock_gettime(CLOCK_MONOTONIC,  <unfinished ...>
17035 <... getdents64 resumed> /* 0 entries */, 4096) = 0
17031 <... clock_gettime resumed> {4903, 296550914}) = 0
17035 close(6 <unfinished ...>
17031 clock_gettime(CLOCK_MONOTONIC,  <unfinished ...>
17035 <... close resumed> )             = 0
17031 <... clock_gettime resumed> {4903, 296576005}) = 0
17035 lstat("/home/hmeng/go/src/github.com/opencontainers/runc/Godeps/_workspace/src/github.com/vishvananda/netlink/nl/addr_linux.go",  <unfinished ...>
17031 clock_gettime(CLOCK_MONOTONIC,  <unfinished ...>
17035 <... lstat resumed> {st_mode=S_IFREG|0664, st_size=937, ...}) = 0
17031 <... clock_gettime resumed> {4903, 296607738}) = 0
17035 openat(AT_FDCWD, "/home/hmeng/go/src/github.com/opencontainers/runc/Godeps/_workspace/src/github.com/vishvananda/netlink/nl/addr_linux.go", O_RDONLY|O_CLOEXEC <unfinished ...>
17031 clock_gettime(CLOCK_MONOTONIC,  <unfinished ...>
17035 <... openat resumed> )            = 6
17031 <... clock_gettime resumed> {4903, 296640332}) = 0
17035 close(6 <unfinished ...>
17031 clock_gettime(CLOCK_MONOTONIC,  <unfinished ...>
17035 <... close resumed> )             = 0
17031 <... clock_gettime resumed> {4903, 296669974}) = 0
17035 lstat("/home/hmeng/go/src/github.com/opencontainers/runc/Godeps/_workspace/src/github.com/vishvananda/netlink/nl/link_linux.go",  <unfinished ...>
17031 clock_gettime(CLOCK_MONOTONIC,  <unfinished ...>
17035 <... lstat resumed> {st_mode=S_IFREG|0664, st_size=1749, ...}) = 0
17031 <... clock_gettime resumed> {4903, 296699871}) = 0
17035 openat(AT_FDCWD, "/home/hmeng/go/src/github.com/opencontainers/runc/Godeps/_workspace/src/github.com/vishvananda/netlink/nl/link_linux.go", O_RDONLY|O_CLOEXEC <unfinished ...>
17031 clock_gettime(CLOCK_MONOTONIC,  <unfinished ...>
17035 <... openat resumed> )            = 6
17031 <... clock_gettime resumed> {4903, 296733590}) = 0
17035 close(6 <unfinished ...>
17031 clock_gettime(CLOCK_MONOTONIC,  <unfinished ...>
17035 <... close resumed> )             = 0
17031 <... clock_gettime resumed> {4903, 296769970}) = 0
17035 lstat("/home/hmeng/go/src/github.com/opencontainers/runc/Godeps/_workspace/src/github.com/vishvananda/netlink/nl/nl_linux.go",  <unfinished ...>
17031 clock_gettime(CLOCK_MONOTONIC,  <unfinished ...>
17035 <... lstat resumed> {st_mode=S_IFREG|0664, st_size=9435, ...}) = 0
17031 <... clock_gettime resumed> {4903, 296800390}) = 0
17035 openat(AT_FDCWD, "/home/hmeng/go/src/github.com/opencontainers/runc/Godeps/_workspace/src/github.com/vishvananda/netlink/nl/nl_linux.go", O_RDONLY|O_CLOEXEC <unfinished ...>
17031 clock_gettime(CLOCK_MONOTONIC,  <unfinished ...>
17035 <... openat resumed> )            = 6
17031 <... clock_gettime resumed> {4903, 296833545}) = 0
17035 close(6 <unfinished ...>
17031 clock_gettime(CLOCK_MONOTONIC,  <unfinished ...>
17035 <... close resumed> )             = 0
17031 <... clock_gettime resumed> {4903, 296868868}) = 0
17035 lstat("/home/hmeng/go/src/github.com/opencontainers/runc/Godeps/_workspace/src/github.com/vishvananda/netlink/nl/route_linux.go",  <unfinished ...>
17031 clock_gettime(CLOCK_MONOTONIC,  <unfinished ...>
17035 <... lstat resumed> {st_mode=S_IFREG|0664, st_size=724, ...}) = 0
17031 <... clock_gettime resumed> {4903, 296935719}) = 0
17035 openat(AT_FDCWD, "/home/hmeng/go/src/github.com/opencontainers/runc/Godeps/_workspace/src/github.com/vishvananda/netlink/nl/route_linux.go", O_RDONLY|O_CLOEXEC <unfinished ...>
17031 clock_gettime(CLOCK_MONOTONIC,  <unfinished ...>
17035 <... openat resumed> )            = 6
17031 <... clock_gettime resumed> {4903, 296978607}) = 0
17035 close(6 <unfinished ...>
17031 clock_gettime(CLOCK_MONOTONIC,  <unfinished ...>
17035 <... close resumed> )             = 0
17031 <... clock_gettime resumed> {4903, 297018136}) = 0
17035 lstat("/home/hmeng/go/src/github.com/opencontainers/runc/Godeps/_workspace/src/github.com/vishvananda/netlink/nl/tc_linux.go",  <unfinished ...>
17031 clock_gettime(CLOCK_MONOTONIC,  <unfinished ...>
17035 <... lstat resumed> {st_mode=S_IFREG|0664, st_size=6941, ...}) = 0
17031 <... clock_gettime resumed> {4903, 297050288}) = 0
17035 openat(AT_FDCWD, "/home/hmeng/go/src/github.com/opencontainers/runc/Godeps/_workspace/src/github.com/vishvananda/netlink/nl/tc_linux.go", O_RDONLY|O_CLOEXEC <unfinished ...>
17031 clock_gettime(CLOCK_MONOTONIC,  <unfinished ...>
17035 <... openat resumed> )            = 6
17031 <... clock_gettime resumed> {4903, 297085860}) = 0
17035 close(6 <unfinished ...>
17031 clock_gettime(CLOCK_MONOTONIC,  <unfinished ...>
17035 <... close resumed> )             = 0
17031 <... clock_gettime resumed> {4903, 297114606}) = 0
17035 lstat("/home/hmeng/go/src/github.com/opencontainers/runc/Godeps/_workspace/src/github.com/vishvananda/netlink/nl/xfrm_linux.go",  <unfinished ...>
17031 clock_gettime(CLOCK_MONOTONIC,  <unfinished ...>
17035 <... lstat resumed> {st_mode=S_IFREG|0664, st_size=6365, ...}) = 0
17031 <... clock_gettime resumed> {4903, 297146092}) = 0
17035 openat(AT_FDCWD, "/home/hmeng/go/src/github.com/opencontainers/runc/Godeps/_workspace/src/github.com/vishvananda/netlink/nl/xfrm_linux.go", O_RDONLY|O_CLOEXEC <unfinished ...>
17031 clock_gettime(CLOCK_MONOTONIC,  <unfinished ...>
17035 <... openat resumed> )            = 6
17031 <... clock_gettime resumed> {4903, 297180926}) = 0
17035 close(6 <unfinished ...>
17031 clock_gettime(CLOCK_MONOTONIC,  <unfinished ...>
17035 <... close resumed> )             = 0
17031 <... clock_gettime resumed> {4903, 297208064}) = 0
17035 lstat("/home/hmeng/go/src/github.com/opencontainers/runc/Godeps/_workspace/src/github.com/vishvananda/netlink/nl/xfrm_policy_linux.go",  <unfinished ...>
17031 clock_gettime(CLOCK_MONOTONIC,  <unfinished ...>
17035 <... lstat resumed> {st_mode=S_IFREG|0664, st_size=2632, ...}) = 0
17031 <... clock_gettime resumed> {4903, 297239441}) = 0
17035 openat(AT_FDCWD, "/home/hmeng/go/src/github.com/opencontainers/runc/Godeps/_workspace/src/github.com/vishvananda/netlink/nl/xfrm_policy_linux.go", O_RDONLY|O_CLOEXEC <unfinished ...>
17031 clock_gettime(CLOCK_MONOTONIC,  <unfinished ...>
17035 <... openat resumed> )            = 6
17031 <... clock_gettime resumed> {4903, 297274134}) = 0
17035 close(6 <unfinished ...>
17031 clock_gettime(CLOCK_MONOTONIC,  <unfinished ...>
17035 <... close resumed> )             = 0
17031 <... clock_gettime resumed> {4903, 297304942}) = 0
17035 lstat("/home/hmeng/go/src/github.com/opencontainers/runc/Godeps/_workspace/src/github.com/vishvananda/netlink/nl/xfrm_state_linux.go",  <unfinished ...>
17031 clock_gettime(CLOCK_MONOTONIC,  <unfinished ...>
17035 <... lstat resumed> {st_mode=S_IFREG|0664, st_size=5100, ...}) = 0
17031 <... clock_gettime resumed> {4903, 297335209}) = 0
17035 openat(AT_FDCWD, "/home/hmeng/go/src/github.com/opencontainers/runc/Godeps/_workspace/src/github.com/vishvananda/netlink/nl/xfrm_state_linux.go", O_RDONLY|O_CLOEXEC <unfinished ...>
17031 clock_gettime(CLOCK_MONOTONIC,  <unfinished ...>
17035 <... openat resumed> )            = 6
17031 <... clock_gettime resumed> {4903, 297401898}) = 0
17035 close(6 <unfinished ...>
17031 clock_gettime(CLOCK_MONOTONIC,  <unfinished ...>
17035 <... close resumed> )             = 0
17031 <... clock_gettime resumed> {4903, 297430300}) = 0
17035 lstat("/home/hmeng/go/src/github.com/opencontainers/runc/Godeps/_workspace/src/github.com/vishvananda/netlink/protinfo.go",  <unfinished ...>
17031 clock_gettime(CLOCK_MONOTONIC,  <unfinished ...>
17035 <... lstat resumed> {st_mode=S_IFREG|0664, st_size=946, ...}) = 0
17031 <... clock_gettime resumed> {4903, 297464864}) = 0
17035 openat(AT_FDCWD, "/home/hmeng/go/src/github.com/opencontainers/runc/Godeps/_workspace/src/github.com/vishvananda/netlink/protinfo.go", O_RDONLY|O_CLOEXEC <unfinished ...>
17031 clock_gettime(CLOCK_MONOTONIC,  <unfinished ...>
17035 <... openat resumed> )            = 6
17031 <... clock_gettime resumed> {4903, 297500618}) = 0
17035 close(6 <unfinished ...>
17031 clock_gettime(CLOCK_MONOTONIC,  <unfinished ...>
17035 <... close resumed> )             = 0
17031 <... clock_gettime resumed> {4903, 297528265}) = 0
17035 lstat("/home/hmeng/go/src/github.com/opencontainers/runc/Godeps/_workspace/src/github.com/vishvananda/netlink/protinfo_linux.go",  <unfinished ...>
17031 clock_gettime(CLOCK_MONOTONIC,  <unfinished ...>
17035 <... lstat resumed> {st_mode=S_IFREG|0664, st_size=1481, ...}) = 0
17031 <... clock_gettime resumed> {4903, 297558953}) = 0
17035 openat(AT_FDCWD, "/home/hmeng/go/src/github.com/opencontainers/runc/Godeps/_workspace/src/github.com/vishvananda/netlink/protinfo_linux.go", O_RDONLY|O_CLOEXEC <unfinished ...>
17031 clock_gettime(CLOCK_MONOTONIC,  <unfinished ...>
17035 <... openat resumed> )            = 6
17031 <... clock_gettime resumed> {4903, 297592095}) = 0
17035 close(6 <unfinished ...>
17031 clock_gettime(CLOCK_MONOTONIC,  <unfinished ...>
17035 <... close resumed> )             = 0
17031 <... clock_gettime resumed> {4903, 297618795}) = 0
17035 lstat("/home/hmeng/go/src/github.com/opencontainers/runc/Godeps/_workspace/src/github.com/vishvananda/netlink/qdisc.go",  <unfinished ...>
17031 clock_gettime(CLOCK_MONOTONIC,  <unfinished ...>
17035 <... lstat resumed> {st_mode=S_IFREG|0664, st_size=2819, ...}) = 0
17031 <... clock_gettime resumed> {4903, 297649142}) = 0
17035 openat(AT_FDCWD, "/home/hmeng/go/src/github.com/opencontainers/runc/Godeps/_workspace/src/github.com/vishvananda/netlink/qdisc.go", O_RDONLY|O_CLOEXEC <unfinished ...>
17031 clock_gettime(CLOCK_MONOTONIC,  <unfinished ...>
17035 <... openat resumed> )            = 6
17031 <... clock_gettime resumed> {4903, 297690284}) = 0
17035 close(6 <unfinished ...>
17031 clock_gettime(CLOCK_MONOTONIC,  <unfinished ...>
17035 <... close resumed> )             = 0
17031 <... clock_gettime resumed> {4903, 297735457}) = 0
17035 lstat("/home/hmeng/go/src/github.com/opencontainers/runc/Godeps/_workspace/src/github.com/vishvananda/netlink/qdisc_linux.go",  <unfinished ...>
17031 clock_gettime(CLOCK_MONOTONIC,  <unfinished ...>
17035 <... lstat resumed> {st_mode=S_IFREG|0664, st_size=6186, ...}) = 0
17031 <... clock_gettime resumed> {4903, 297783904}) = 0
17035 openat(AT_FDCWD, "/home/hmeng/go/src/github.com/opencontainers/runc/Godeps/_workspace/src/github.com/vishvananda/netlink/qdisc_linux.go", O_RDONLY|O_CLOEXEC <unfinished ...>
17031 clock_gettime(CLOCK_MONOTONIC,  <unfinished ...>
17035 <... openat resumed> )            = 6
17031 <... clock_gettime resumed> {4903, 297830486}) = 0
17035 close(6 <unfinished ...>
17031 clock_gettime(CLOCK_MONOTONIC,  <unfinished ...>
17035 <... close resumed> )             = 0
17031 <... clock_gettime resumed> {4903, 297889863}) = 0
17035 lstat("/home/hmeng/go/src/github.com/opencontainers/runc/Godeps/_workspace/src/github.com/vishvananda/netlink/route.go",  <unfinished ...>
17031 clock_gettime(CLOCK_MONOTONIC,  <unfinished ...>
17035 <... lstat resumed> {st_mode=S_IFREG|0664, st_size=847, ...}) = 0
17031 <... clock_gettime resumed> {4903, 297982013}) = 0
17035 openat(AT_FDCWD, "/home/hmeng/go/src/github.com/opencontainers/runc/Godeps/_workspace/src/github.com/vishvananda/netlink/route.go", O_RDONLY|O_CLOEXEC <unfinished ...>
17031 clock_gettime(CLOCK_MONOTONIC,  <unfinished ...>
17035 <... openat resumed> )            = 6
17031 <... clock_gettime resumed> {4903, 298117792}) = 0
17035 close(6 <unfinished ...>
17031 clock_gettime(CLOCK_MONOTONIC,  <unfinished ...>
17035 <... close resumed> )             = 0
17031 <... clock_gettime resumed> {4903, 298170019}) = 0
17035 lstat("/home/hmeng/go/src/github.com/opencontainers/runc/Godeps/_workspace/src/github.com/vishvananda/netlink/route_linux.go",  <unfinished ...>
17031 clock_gettime(CLOCK_MONOTONIC,  <unfinished ...>
17035 <... lstat resumed> {st_mode=S_IFREG|0664, st_size=5584, ...}) = 0
17031 <... clock_gettime resumed> {4903, 298220750}) = 0
17035 openat(AT_FDCWD, "/home/hmeng/go/src/github.com/opencontainers/runc/Godeps/_workspace/src/github.com/vishvananda/netlink/route_linux.go", O_RDONLY|O_CLOEXEC <unfinished ...>
17031 clock_gettime(CLOCK_MONOTONIC,  <unfinished ...>
17035 <... openat resumed> )            = 6
17031 <... clock_gettime resumed> {4903, 298266697}) = 0
17035 close(6 <unfinished ...>
17031 clock_gettime(CLOCK_MONOTONIC,  <unfinished ...>
17035 <... close resumed> )             = 0
17031 <... clock_gettime resumed> {4903, 298297657}) = 0
17035 lstat("/home/hmeng/go/src/github.com/opencontainers/runc/Godeps/_workspace/src/github.com/vishvananda/netlink/xfrm.go",  <unfinished ...>
17031 clock_gettime(CLOCK_MONOTONIC,  <unfinished ...>
17035 <... lstat resumed> {st_mode=S_IFREG|0664, st_size=1274, ...}) = 0
17031 <... clock_gettime resumed> {4903, 298334036}) = 0
17035 openat(AT_FDCWD, "/home/hmeng/go/src/github.com/opencontainers/runc/Godeps/_workspace/src/github.com/vishvananda/netlink/xfrm.go", O_RDONLY|O_CLOEXEC <unfinished ...>
17031 clock_gettime(CLOCK_MONOTONIC,  <unfinished ...>
17035 <... openat resumed> )            = 6
17031 <... clock_gettime resumed> {4903, 298370709}) = 0
17035 close(6 <unfinished ...>
17031 clock_gettime(CLOCK_MONOTONIC,  <unfinished ...>
17035 <... close resumed> )             = 0
17031 <... clock_gettime resumed> {4903, 298398698}) = 0
17035 lstat("/home/hmeng/go/src/github.com/opencontainers/runc/Godeps/_workspace/src/github.com/vishvananda/netlink/xfrm_policy.go",  <unfinished ...>
17031 clock_gettime(CLOCK_MONOTONIC,  <unfinished ...>
17035 <... lstat resumed> {st_mode=S_IFREG|0664, st_size=1158, ...}) = 0
17031 <... clock_gettime resumed> {4903, 298431962}) = 0
17035 openat(AT_FDCWD, "/home/hmeng/go/src/github.com/opencontainers/runc/Godeps/_workspace/src/github.com/vishvananda/netlink/xfrm_policy.go", O_RDONLY|O_CLOEXEC <unfinished ...>
17031 clock_gettime(CLOCK_MONOTONIC,  <unfinished ...>
17035 <... openat resumed> )            = 6
17031 <... clock_gettime resumed> {4903, 298468525}) = 0
17035 close(6 <unfinished ...>
17031 clock_gettime(CLOCK_MONOTONIC,  <unfinished ...>
17035 <... close resumed> )             = 0
17031 <... clock_gettime resumed> {4903, 298500168}) = 0
17035 lstat("/home/hmeng/go/src/github.com/opencontainers/runc/Godeps/_workspace/src/github.com/vishvananda/netlink/xfrm_policy_linux.go",  <unfinished ...>
17031 clock_gettime(CLOCK_MONOTONIC,  <unfinished ...>
17035 <... lstat resumed> {st_mode=S_IFREG|0664, st_size=3729, ...}) = 0
17031 <... clock_gettime resumed> {4903, 298543062}) = 0
17035 openat(AT_FDCWD, "/home/hmeng/go/src/github.com/opencontainers/runc/Godeps/_workspace/src/github.com/vishvananda/netlink/xfrm_policy_linux.go", O_RDONLY|O_CLOEXEC <unfinished ...>
17031 clock_gettime(CLOCK_MONOTONIC,  <unfinished ...>
17035 <... openat resumed> )            = 6
17031 <... clock_gettime resumed> {4903, 298593264}) = 0
17035 close(6 <unfinished ...>
17031 clock_gettime(CLOCK_MONOTONIC,  <unfinished ...>
17035 <... close resumed> )             = 0
17031 <... clock_gettime resumed> {4903, 298642009}) = 0
17035 lstat("/home/hmeng/go/src/github.com/opencontainers/runc/Godeps/_workspace/src/github.com/vishvananda/netlink/xfrm_state.go",  <unfinished ...>
17031 clock_gettime(CLOCK_MONOTONIC,  <unfinished ...>
17035 <... lstat resumed> {st_mode=S_IFREG|0664, st_size=1151, ...}) = 0
17031 <... clock_gettime resumed> {4903, 298684825}) = 0
17035 openat(AT_FDCWD, "/home/hmeng/go/src/github.com/opencontainers/runc/Godeps/_workspace/src/github.com/vishvananda/netlink/xfrm_state.go", O_RDONLY|O_CLOEXEC <unfinished ...>
17031 clock_gettime(CLOCK_MONOTONIC,  <unfinished ...>
17035 <... openat resumed> )            = 6
17031 <... clock_gettime resumed> {4903, 298745611}) = 0
17035 close(6 <unfinished ...>
17031 clock_gettime(CLOCK_MONOTONIC,  <unfinished ...>
17035 <... close resumed> )             = 0
17031 <... clock_gettime resumed> {4903, 298821305}) = 0
17035 lstat("/home/hmeng/go/src/github.com/opencontainers/runc/Godeps/_workspace/src/github.com/vishvananda/netlink/xfrm_state_linux.go",  <unfinished ...>
17031 clock_gettime(CLOCK_MONOTONIC,  <unfinished ...>
17035 <... lstat resumed> {st_mode=S_IFREG|0664, st_size=5068, ...}) = 0
17031 <... clock_gettime resumed> {4903, 298893749}) = 0
17035 openat(AT_FDCWD, "/home/hmeng/go/src/github.com/opencontainers/runc/Godeps/_workspace/src/github.com/vishvananda/netlink/xfrm_state_linux.go", O_RDONLY|O_CLOEXEC <unfinished ...>
17031 clock_gettime(CLOCK_MONOTONIC,  <unfinished ...>
17035 <... openat resumed> )            = 6
17031 <... clock_gettime resumed> {4903, 298936051}) = 0
17035 close(6 <unfinished ...>
17031 clock_gettime(CLOCK_MONOTONIC,  <unfinished ...>
17035 <... close resumed> )             = 0
17031 <... clock_gettime resumed> {4903, 298964305}) = 0
17035 lstat("/home/hmeng/go/src/github.com/opencontainers/runc/LICENSE",  <unfinished ...>
17031 clock_gettime(CLOCK_MONOTONIC,  <unfinished ...>
17035 <... lstat resumed> {st_mode=S_IFREG|0664, st_size=10758, ...}) = 0
17031 <... clock_gettime resumed> {4903, 298999647}) = 0
17035 openat(AT_FDCWD, "/home/hmeng/go/src/github.com/opencontainers/runc/LICENSE", O_RDONLY|O_CLOEXEC <unfinished ...>
17031 clock_gettime(CLOCK_MONOTONIC,  <unfinished ...>
17035 <... openat resumed> )            = 6
17031 <... clock_gettime resumed> {4903, 299058798}) = 0
17035 close(6 <unfinished ...>
17031 clock_gettime(CLOCK_MONOTONIC,  <unfinished ...>
17035 <... close resumed> )             = 0
17031 <... clock_gettime resumed> {4903, 299099866}) = 0
17035 lstat("/home/hmeng/go/src/github.com/opencontainers/runc/MAINTAINERS",  <unfinished ...>
17031 clock_gettime(CLOCK_MONOTONIC,  <unfinished ...>
17035 <... lstat resumed> {st_mode=S_IFREG|0664, st_size=419, ...}) = 0
17031 <... clock_gettime resumed> {4903, 299132886}) = 0
17035 openat(AT_FDCWD, "/home/hmeng/go/src/github.com/opencontainers/runc/MAINTAINERS", O_RDONLY|O_CLOEXEC <unfinished ...>
17031 clock_gettime(CLOCK_MONOTONIC,  <unfinished ...>
17035 <... openat resumed> )            = 6
17031 <... clock_gettime resumed> {4903, 299174997}) = 0
17035 close(6 <unfinished ...>
17031 clock_gettime(CLOCK_MONOTONIC,  <unfinished ...>
17035 <... close resumed> )             = 0
17031 <... clock_gettime resumed> {4903, 299211682}) = 0
17035 lstat("/home/hmeng/go/src/github.com/opencontainers/runc/MAINTAINERS_GUIDE.md",  <unfinished ...>
17031 clock_gettime(CLOCK_MONOTONIC,  <unfinished ...>
17035 <... lstat resumed> {st_mode=S_IFREG|0664, st_size=5596, ...}) = 0
17031 <... clock_gettime resumed> {4903, 299244302}) = 0
17035 openat(AT_FDCWD, "/home/hmeng/go/src/github.com/opencontainers/runc/MAINTAINERS_GUIDE.md", O_RDONLY|O_CLOEXEC <unfinished ...>
17031 clock_gettime(CLOCK_MONOTONIC,  <unfinished ...>
17035 <... openat resumed> )            = 6
17031 <... clock_gettime resumed> {4903, 299275439}) = 0
17035 close(6 <unfinished ...>
17031 clock_gettime(CLOCK_MONOTONIC,  <unfinished ...>
17035 <... close resumed> )             = 0
17031 <... clock_gettime resumed> {4903, 299308204}) = 0
17035 lstat("/home/hmeng/go/src/github.com/opencontainers/runc/Makefile",  <unfinished ...>
17031 clock_gettime(CLOCK_MONOTONIC,  <unfinished ...>
17035 <... lstat resumed> {st_mode=S_IFREG|0664, st_size=2555, ...}) = 0
17031 <... clock_gettime resumed> {4903, 299390363}) = 0
17035 openat(AT_FDCWD, "/home/hmeng/go/src/github.com/opencontainers/runc/Makefile", O_RDONLY|O_CLOEXEC <unfinished ...>
17031 clock_gettime(CLOCK_MONOTONIC,  <unfinished ...>
17035 <... openat resumed> )            = 6
17031 <... clock_gettime resumed> {4903, 299423071}) = 0
17035 close(6 <unfinished ...>
17031 clock_gettime(CLOCK_MONOTONIC,  <unfinished ...>
17035 <... close resumed> )             = 0
17031 <... clock_gettime resumed> {4903, 299449931}) = 0
17035 lstat("/home/hmeng/go/src/github.com/opencontainers/runc/NOTICE",  <unfinished ...>
17031 clock_gettime(CLOCK_MONOTONIC,  <unfinished ...>
17035 <... lstat resumed> {st_mode=S_IFREG|0664, st_size=518, ...}) = 0
17031 <... clock_gettime resumed> {4903, 299484191}) = 0
17035 openat(AT_FDCWD, "/home/hmeng/go/src/github.com/opencontainers/runc/NOTICE", O_RDONLY|O_CLOEXEC <unfinished ...>
17031 clock_gettime(CLOCK_MONOTONIC,  <unfinished ...>
17035 <... openat resumed> )            = 6
17031 <... clock_gettime resumed> {4903, 299514965}) = 0
17035 close(6 <unfinished ...>
17031 clock_gettime(CLOCK_MONOTONIC,  <unfinished ...>
17035 <... close resumed> )             = 0
17031 <... clock_gettime resumed> {4903, 299541534}) = 0
17035 lstat("/home/hmeng/go/src/github.com/opencontainers/runc/PRINCIPLES.md",  <unfinished ...>
17031 clock_gettime(CLOCK_MONOTONIC,  <unfinished ...>
17035 <... lstat resumed> {st_mode=S_IFREG|0664, st_size=1139, ...}) = 0
17031 <... clock_gettime resumed> {4903, 299569413}) = 0
17035 openat(AT_FDCWD, "/home/hmeng/go/src/github.com/opencontainers/runc/PRINCIPLES.md", O_RDONLY|O_CLOEXEC <unfinished ...>
17031 clock_gettime(CLOCK_MONOTONIC,  <unfinished ...>
17035 <... openat resumed> )            = 6
17031 <... clock_gettime resumed> {4903, 299599518}) = 0
17035 close(6 <unfinished ...>
17031 clock_gettime(CLOCK_MONOTONIC,  <unfinished ...>
17035 <... close resumed> )             = 0
17031 <... clock_gettime resumed> {4903, 299632148}) = 0
17035 lstat("/home/hmeng/go/src/github.com/opencontainers/runc/README.md",  <unfinished ...>
17031 clock_gettime(CLOCK_MONOTONIC,  <unfinished ...>
17035 <... lstat resumed> {st_mode=S_IFREG|0664, st_size=6286, ...}) = 0
17031 <... clock_gettime resumed> {4903, 299678817}) = 0
17035 openat(AT_FDCWD, "/home/hmeng/go/src/github.com/opencontainers/runc/README.md", O_RDONLY|O_CLOEXEC <unfinished ...>
17031 clock_gettime(CLOCK_MONOTONIC,  <unfinished ...>
17035 <... openat resumed> )            = 6
17032 <... select resumed> )            = 0 (Timeout)
17031 <... clock_gettime resumed> {4903, 299720907}) = 0
17035 close(6 <unfinished ...>
17032 clock_gettime(CLOCK_MONOTONIC,  <unfinished ...>
17031 clock_gettime(CLOCK_MONOTONIC,  <unfinished ...>
17035 <... close resumed> )             = 0
17032 <... clock_gettime resumed> {4903, 299766625}) = 0
17031 <... clock_gettime resumed> {4903, 299770299}) = 0
17035 lstat("/home/hmeng/go/src/github.com/opencontainers/runc/VERSION",  <unfinished ...>
17032 clock_gettime(CLOCK_REALTIME,  <unfinished ...>
17031 clock_gettime(CLOCK_MONOTONIC,  <unfinished ...>
17035 <... lstat resumed> {st_mode=S_IFREG|0664, st_size=10, ...}) = 0
17032 <... clock_gettime resumed> {1465918769, 83796640}) = 0
17031 <... clock_gettime resumed> {4903, 299810107}) = 0
17035 openat(AT_FDCWD, "/home/hmeng/go/src/github.com/opencontainers/runc/VERSION", O_RDONLY|O_CLOEXEC <unfinished ...>
17032 select(0, NULL, NULL, NULL, {0, 10000} <unfinished ...>
17031 clock_gettime(CLOCK_MONOTONIC,  <unfinished ...>
17035 <... openat resumed> )            = 6
17031 <... clock_gettime resumed> {4903, 299864318}) = 0
17035 close(6 <unfinished ...>
17031 clock_gettime(CLOCK_MONOTONIC,  <unfinished ...>
17035 <... close resumed> )             = 0
17031 <... clock_gettime resumed> {4903, 299892453}) = 0
17035 lstat("/home/hmeng/go/src/github.com/opencontainers/runc/checkpoint.go",  <unfinished ...>
17031 clock_gettime(CLOCK_MONOTONIC,  <unfinished ...>
17035 <... lstat resumed> {st_mode=S_IFREG|0664, st_size=3644, ...}) = 0
17031 <... clock_gettime resumed> {4903, 299920809}) = 0
17035 openat(AT_FDCWD, "/home/hmeng/go/src/github.com/opencontainers/runc/checkpoint.go", O_RDONLY|O_CLOEXEC <unfinished ...>
17031 clock_gettime(CLOCK_MONOTONIC,  <unfinished ...>
17035 <... openat resumed> )            = 6
17031 <... clock_gettime resumed> {4903, 299952038}) = 0
17035 close(6 <unfinished ...>
17031 clock_gettime(CLOCK_MONOTONIC,  <unfinished ...>
17035 <... close resumed> )             = 0
17031 <... clock_gettime resumed> {4903, 299977026}) = 0
17035 lstat("/home/hmeng/go/src/github.com/opencontainers/runc/contrib",  <unfinished ...>
17031 clock_gettime(CLOCK_MONOTONIC,  <unfinished ...>
17035 <... lstat resumed> {st_mode=S_IFDIR|0775, st_size=24, ...}) = 0
17031 <... clock_gettime resumed> {4903, 300021971}) = 0
17035 openat(AT_FDCWD, "/home/hmeng/go/src/github.com/opencontainers/runc/contrib", O_RDONLY|O_CLOEXEC <unfinished ...>
17031 clock_gettime(CLOCK_MONOTONIC,  <unfinished ...>
17035 <... openat resumed> )            = 6
17031 <... clock_gettime resumed> {4903, 300053744}) = 0
17035 getdents64(6,  <unfinished ...>
17031 clock_gettime(CLOCK_MONOTONIC,  <unfinished ...>
17035 <... getdents64 resumed> /* 3 entries */, 4096) = 80
17031 <... clock_gettime resumed> {4903, 300083866}) = 0
17035 getdents64(6,  <unfinished ...>
17031 clock_gettime(CLOCK_MONOTONIC,  <unfinished ...>
17035 <... getdents64 resumed> /* 0 entries */, 4096) = 0
17031 <... clock_gettime resumed> {4903, 300110251}) = 0
17035 close(6 <unfinished ...>
17031 clock_gettime(CLOCK_MONOTONIC,  <unfinished ...>
17035 <... close resumed> )             = 0
17031 <... clock_gettime resumed> {4903, 300134267}) = 0
17035 lstat("/home/hmeng/go/src/github.com/opencontainers/runc/contrib/completions",  <unfinished ...>
17031 clock_gettime(CLOCK_MONOTONIC,  <unfinished ...>
17035 <... lstat resumed> {st_mode=S_IFDIR|0775, st_size=17, ...}) = 0
17031 <... clock_gettime resumed> {4903, 300164743}) = 0
17035 openat(AT_FDCWD, "/home/hmeng/go/src/github.com/opencontainers/runc/contrib/completions", O_RDONLY|O_CLOEXEC <unfinished ...>
17031 clock_gettime(CLOCK_MONOTONIC,  <unfinished ...>
17035 <... openat resumed> )            = 6
17031 <... clock_gettime resumed> {4903, 300198373}) = 0
17035 getdents64(6,  <unfinished ...>
17031 clock_gettime(CLOCK_MONOTONIC,  <unfinished ...>
17035 <... getdents64 resumed> /* 3 entries */, 4096) = 72
17031 <... clock_gettime resumed> {4903, 300224915}) = 0
17035 getdents64(6,  <unfinished ...>
17031 clock_gettime(CLOCK_MONOTONIC,  <unfinished ...>
17035 <... getdents64 resumed> /* 0 entries */, 4096) = 0
17031 <... clock_gettime resumed> {4903, 300250232}) = 0
17035 close(6 <unfinished ...>
17031 clock_gettime(CLOCK_MONOTONIC,  <unfinished ...>
17035 <... close resumed> )             = 0
17031 <... clock_gettime resumed> {4903, 300274942}) = 0
17035 lstat("/home/hmeng/go/src/github.com/opencontainers/runc/contrib/completions/bash",  <unfinished ...>
17031 clock_gettime(CLOCK_MONOTONIC,  <unfinished ...>
17035 <... lstat resumed> {st_mode=S_IFDIR|0775, st_size=17, ...}) = 0
17031 <... clock_gettime resumed> {4903, 300303627}) = 0
17035 openat(AT_FDCWD, "/home/hmeng/go/src/github.com/opencontainers/runc/contrib/completions/bash", O_RDONLY|O_CLOEXEC <unfinished ...>
17031 clock_gettime(CLOCK_MONOTONIC,  <unfinished ...>
17035 <... openat resumed> )            = 6
17031 <... clock_gettime resumed> {4903, 300335244}) = 0
17035 getdents64(6,  <unfinished ...>
17031 clock_gettime(CLOCK_MONOTONIC,  <unfinished ...>
17035 <... getdents64 resumed> /* 3 entries */, 4096) = 72
17031 <... clock_gettime resumed> {4903, 300363544}) = 0
17035 getdents64(6,  <unfinished ...>
17031 clock_gettime(CLOCK_MONOTONIC,  <unfinished ...>
17035 <... getdents64 resumed> /* 0 entries */, 4096) = 0
17031 <... clock_gettime resumed> {4903, 300388951}) = 0
17035 close(6 <unfinished ...>
17031 clock_gettime(CLOCK_MONOTONIC,  <unfinished ...>
17035 <... close resumed> )             = 0
17031 <... clock_gettime resumed> {4903, 300412262}) = 0
17035 lstat("/home/hmeng/go/src/github.com/opencontainers/runc/contrib/completions/bash/runc",  <unfinished ...>
17031 clock_gettime(CLOCK_MONOTONIC,  <unfinished ...>
17035 <... lstat resumed> {st_mode=S_IFREG|0664, st_size=12936, ...}) = 0
17031 <... clock_gettime resumed> {4903, 300441130}) = 0
17035 openat(AT_FDCWD, "/home/hmeng/go/src/github.com/opencontainers/runc/contrib/completions/bash/runc", O_RDONLY|O_CLOEXEC <unfinished ...>
17031 clock_gettime(CLOCK_MONOTONIC,  <unfinished ...>
17035 <... openat resumed> )            = 6
17031 <... clock_gettime resumed> {4903, 300472859}) = 0
17035 close(6 <unfinished ...>
17031 clock_gettime(CLOCK_MONOTONIC,  <unfinished ...>
17035 <... close resumed> )             = 0
17031 <... clock_gettime resumed> {4903, 300501441}) = 0
17035 lstat("/home/hmeng/go/src/github.com/opencontainers/runc/create.go",  <unfinished ...>
17031 clock_gettime(CLOCK_MONOTONIC,  <unfinished ...>
17035 <... lstat resumed> {st_mode=S_IFREG|0664, st_size=1956, ...}) = 0
17031 <... clock_gettime resumed> {4903, 300530362}) = 0
17035 openat(AT_FDCWD, "/home/hmeng/go/src/github.com/opencontainers/runc/create.go", O_RDONLY|O_CLOEXEC <unfinished ...>
17031 clock_gettime(CLOCK_MONOTONIC,  <unfinished ...>
17035 <... openat resumed> )            = 6
17031 <... clock_gettime resumed> {4903, 300563564}) = 0
17035 close(6 <unfinished ...>
17031 clock_gettime(CLOCK_MONOTONIC,  <unfinished ...>
17035 <... close resumed> )             = 0
17031 <... clock_gettime resumed> {4903, 300589797}) = 0
17035 lstat("/home/hmeng/go/src/github.com/opencontainers/runc/delete.go",  <unfinished ...>
17031 clock_gettime(CLOCK_MONOTONIC,  <unfinished ...>
17035 <... lstat resumed> {st_mode=S_IFREG|0664, st_size=1812, ...}) = 0
17031 <... clock_gettime resumed> {4903, 300617257}) = 0
17035 openat(AT_FDCWD, "/home/hmeng/go/src/github.com/opencontainers/runc/delete.go", O_RDONLY|O_CLOEXEC <unfinished ...>
17031 clock_gettime(CLOCK_MONOTONIC,  <unfinished ...>
17035 <... openat resumed> )            = 6
17031 <... clock_gettime resumed> {4903, 300647188}) = 0
17035 close(6 <unfinished ...>
17031 clock_gettime(CLOCK_MONOTONIC,  <unfinished ...>
17035 <... close resumed> )             = 0
17031 <... clock_gettime resumed> {4903, 300672087}) = 0
17035 lstat("/home/hmeng/go/src/github.com/opencontainers/runc/events.go",  <unfinished ...>
17031 clock_gettime(CLOCK_MONOTONIC,  <unfinished ...>
17035 <... lstat resumed> {st_mode=S_IFREG|0664, st_size=7638, ...}) = 0
17031 <... clock_gettime resumed> {4903, 300700765}) = 0
17035 openat(AT_FDCWD, "/home/hmeng/go/src/github.com/opencontainers/runc/events.go", O_RDONLY|O_CLOEXEC <unfinished ...>
17031 clock_gettime(CLOCK_MONOTONIC,  <unfinished ...>
17035 <... openat resumed> )            = 6
17031 <... clock_gettime resumed> {4903, 300731286}) = 0
17035 close(6 <unfinished ...>
17031 clock_gettime(CLOCK_MONOTONIC,  <unfinished ...>
17035 <... close resumed> )             = 0
17031 <... clock_gettime resumed> {4903, 300757334}) = 0
17035 lstat("/home/hmeng/go/src/github.com/opencontainers/runc/exec.go",  <unfinished ...>
17031 clock_gettime(CLOCK_MONOTONIC,  <unfinished ...>
17035 <... lstat resumed> {st_mode=S_IFREG|0664, st_size=4801, ...}) = 0
17031 <... clock_gettime resumed> {4903, 300785102}) = 0
17035 openat(AT_FDCWD, "/home/hmeng/go/src/github.com/opencontainers/runc/exec.go", O_RDONLY|O_CLOEXEC <unfinished ...>
17031 clock_gettime(CLOCK_MONOTONIC,  <unfinished ...>
17035 <... openat resumed> )            = 6
17031 <... clock_gettime resumed> {4903, 300817743}) = 0
17035 close(6 <unfinished ...>
17031 clock_gettime(CLOCK_MONOTONIC,  <unfinished ...>
17035 <... close resumed> )             = 0
17031 <... clock_gettime resumed> {4903, 300842774}) = 0
17035 lstat("/home/hmeng/go/src/github.com/opencontainers/runc/kill.go",  <unfinished ...>
17031 clock_gettime(CLOCK_MONOTONIC,  <unfinished ...>
17035 <... lstat resumed> {st_mode=S_IFREG|0664, st_size=2309, ...}) = 0
17031 <... clock_gettime resumed> {4903, 300876744}) = 0
17035 openat(AT_FDCWD, "/home/hmeng/go/src/github.com/opencontainers/runc/kill.go", O_RDONLY|O_CLOEXEC <unfinished ...>
17031 clock_gettime(CLOCK_MONOTONIC,  <unfinished ...>
17035 <... openat resumed> )            = 6
17031 <... clock_gettime resumed> {4903, 300907225}) = 0
17035 close(6 <unfinished ...>
17031 clock_gettime(CLOCK_MONOTONIC,  <unfinished ...>
17035 <... close resumed> )             = 0
17031 <... clock_gettime resumed> {4903, 300933232}) = 0
17035 lstat("/home/hmeng/go/src/github.com/opencontainers/runc/libcontainer",  <unfinished ...>
17031 clock_gettime(CLOCK_MONOTONIC,  <unfinished ...>
17035 <... lstat resumed> {st_mode=S_IFDIR|0775, st_size=4096, ...}) = 0
17031 <... clock_gettime resumed> {4903, 300960961}) = 0
17035 openat(AT_FDCWD, "/home/hmeng/go/src/github.com/opencontainers/runc/libcontainer", O_RDONLY|O_CLOEXEC <unfinished ...>
17031 clock_gettime(CLOCK_MONOTONIC,  <unfinished ...>
17035 <... openat resumed> )            = 6
17031 <... clock_gettime resumed> {4903, 300998608}) = 0
17035 getdents64(6,  <unfinished ...>
17031 clock_gettime(CLOCK_MONOTONIC,  <unfinished ...>
17035 <... getdents64 resumed> /* 62 entries */, 4096) = 2272
17031 <... clock_gettime resumed> {4903, 301055520}) = 0
17035 getdents64(6,  <unfinished ...>
17031 clock_gettime(CLOCK_MONOTONIC,  <unfinished ...>
17035 <... getdents64 resumed> /* 0 entries */, 4096) = 0
17031 <... clock_gettime resumed> {4903, 301098918}) = 0
17035 close(6 <unfinished ...>
17031 clock_gettime(CLOCK_MONOTONIC,  <unfinished ...>
17035 <... close resumed> )             = 0
17031 <... clock_gettime resumed> {4903, 301125086}) = 0
17035 lstat("/home/hmeng/go/src/github.com/opencontainers/runc/libcontainer/README.md",  <unfinished ...>
17031 clock_gettime(CLOCK_MONOTONIC,  <unfinished ...>
17035 <... lstat resumed> {st_mode=S_IFREG|0664, st_size=6195, ...}) = 0
17031 <... clock_gettime resumed> {4903, 301165706}) = 0
17035 openat(AT_FDCWD, "/home/hmeng/go/src/github.com/opencontainers/runc/libcontainer/README.md", O_RDONLY|O_CLOEXEC <unfinished ...>
17031 clock_gettime(CLOCK_MONOTONIC,  <unfinished ...>
17035 <... openat resumed> )            = 6
17031 <... clock_gettime resumed> {4903, 301197022}) = 0
17035 close(6 <unfinished ...>
17031 clock_gettime(CLOCK_MONOTONIC,  <unfinished ...>
17035 <... close resumed> )             = 0
17031 <... clock_gettime resumed> {4903, 301222517}) = 0
17035 lstat("/home/hmeng/go/src/github.com/opencontainers/runc/libcontainer/SPEC.md",  <unfinished ...>
17031 clock_gettime(CLOCK_MONOTONIC,  <unfinished ...>
17035 <... lstat resumed> {st_mode=S_IFREG|0664, st_size=13324, ...}) = 0
17031 <... clock_gettime resumed> {4903, 301251063}) = 0
17035 openat(AT_FDCWD, "/home/hmeng/go/src/github.com/opencontainers/runc/libcontainer/SPEC.md", O_RDONLY|O_CLOEXEC <unfinished ...>
17031 clock_gettime(CLOCK_MONOTONIC,  <unfinished ...>
17035 <... openat resumed> )            = 6
17031 <... clock_gettime resumed> {4903, 301286958}) = 0
17035 close(6 <unfinished ...>
17031 clock_gettime(CLOCK_MONOTONIC,  <unfinished ...>
17035 <... close resumed> )             = 0
17031 <... clock_gettime resumed> {4903, 301313676}) = 0
17035 lstat("/home/hmeng/go/src/github.com/opencontainers/runc/libcontainer/apparmor",  <unfinished ...>
17031 clock_gettime(CLOCK_MONOTONIC,  <unfinished ...>
17035 <... lstat resumed> {st_mode=S_IFDIR|0775, st_size=51, ...}) = 0
17031 <... clock_gettime resumed> {4903, 301341948}) = 0
17035 openat(AT_FDCWD, "/home/hmeng/go/src/github.com/opencontainers/runc/libcontainer/apparmor", O_RDONLY|O_CLOEXEC <unfinished ...>
17031 clock_gettime(CLOCK_MONOTONIC,  <unfinished ...>
17035 <... openat resumed> )            = 6
17031 <... clock_gettime resumed> {4903, 301374138}) = 0
17035 getdents64(6,  <unfinished ...>
17031 clock_gettime(CLOCK_MONOTONIC,  <unfinished ...>
17035 <... getdents64 resumed> /* 4 entries */, 4096) = 120
17031 <... clock_gettime resumed> {4903, 301402059}) = 0
17035 getdents64(6,  <unfinished ...>
17031 clock_gettime(CLOCK_MONOTONIC,  <unfinished ...>
17035 <... getdents64 resumed> /* 0 entries */, 4096) = 0
17031 <... clock_gettime resumed> {4903, 301428664}) = 0
17035 close(6 <unfinished ...>
17031 clock_gettime(CLOCK_MONOTONIC,  <unfinished ...>
17035 <... close resumed> )             = 0
17031 <... clock_gettime resumed> {4903, 301452125}) = 0
17035 lstat("/home/hmeng/go/src/github.com/opencontainers/runc/libcontainer/apparmor/apparmor.go",  <unfinished ...>
17031 clock_gettime(CLOCK_MONOTONIC,  <unfinished ...>
17035 <... lstat resumed> {st_mode=S_IFREG|0664, st_size=957, ...}) = 0
17031 <... clock_gettime resumed> {4903, 301482274}) = 0
17035 openat(AT_FDCWD, "/home/hmeng/go/src/github.com/opencontainers/runc/libcontainer/apparmor/apparmor.go", O_RDONLY|O_CLOEXEC <unfinished ...>
17031 clock_gettime(CLOCK_MONOTONIC,  <unfinished ...>
17035 <... openat resumed> )            = 6
17031 <... clock_gettime resumed> {4903, 301518882}) = 0
17035 close(6 <unfinished ...>
17031 clock_gettime(CLOCK_MONOTONIC,  <unfinished ...>
17035 <... close resumed> )             = 0
17031 <... clock_gettime resumed> {4903, 301545382}) = 0
17035 lstat("/home/hmeng/go/src/github.com/opencontainers/runc/libcontainer/apparmor/apparmor_disabled.go",  <unfinished ...>
17031 clock_gettime(CLOCK_MONOTONIC,  <unfinished ...>
17035 <... lstat resumed> {st_mode=S_IFREG|0664, st_size=309, ...}) = 0
17031 <... clock_gettime resumed> {4903, 301573699}) = 0
17035 openat(AT_FDCWD, "/home/hmeng/go/src/github.com/opencontainers/runc/libcontainer/apparmor/apparmor_disabled.go", O_RDONLY|O_CLOEXEC <unfinished ...>
17031 clock_gettime(CLOCK_MONOTONIC,  <unfinished ...>
17035 <... openat resumed> )            = 6
17031 <... clock_gettime resumed> {4903, 301606101}) = 0
17035 close(6 <unfinished ...>
17031 clock_gettime(CLOCK_MONOTONIC,  <unfinished ...>
17035 <... close resumed> )             = 0
17031 <... clock_gettime resumed> {4903, 301631338}) = 0
17035 lstat("/home/hmeng/go/src/github.com/opencontainers/runc/libcontainer/capabilities_linux.go",  <unfinished ...>
17031 clock_gettime(CLOCK_MONOTONIC,  <unfinished ...>
17035 <... lstat resumed> {st_mode=S_IFREG|0664, st_size=1588, ...}) = 0
17031 <... clock_gettime resumed> {4903, 301659925}) = 0
17035 openat(AT_FDCWD, "/home/hmeng/go/src/github.com/opencontainers/runc/libcontainer/capabilities_linux.go", O_RDONLY|O_CLOEXEC <unfinished ...>
17031 clock_gettime(CLOCK_MONOTONIC,  <unfinished ...>
17035 <... openat resumed> )            = 6
17031 <... clock_gettime resumed> {4903, 301691024}) = 0
17035 close(6 <unfinished ...>
17031 clock_gettime(CLOCK_MONOTONIC,  <unfinished ...>
17035 <... close resumed> )             = 0
17031 <... clock_gettime resumed> {4903, 301716749}) = 0
17035 lstat("/home/hmeng/go/src/github.com/opencontainers/runc/libcontainer/cgroups",  <unfinished ...>
17031 clock_gettime(CLOCK_MONOTONIC,  <unfinished ...>
17035 <... lstat resumed> {st_mode=S_IFDIR|0775, st_size=4096, ...}) = 0
17031 <... clock_gettime resumed> {4903, 301744370}) = 0
17035 openat(AT_FDCWD, "/home/hmeng/go/src/github.com/opencontainers/runc/libcontainer/cgroups", O_RDONLY|O_CLOEXEC <unfinished ...>
17031 clock_gettime(CLOCK_MONOTONIC,  <unfinished ...>
17035 <... openat resumed> )            = 6
17031 <... clock_gettime resumed> {4903, 301778839}) = 0
17035 getdents64(6,  <unfinished ...>
17031 clock_gettime(CLOCK_MONOTONIC,  <unfinished ...>
17035 <... getdents64 resumed> /* 10 entries */, 4096) = 328
17031 <... clock_gettime resumed> {4903, 301807514}) = 0
17035 getdents64(6,  <unfinished ...>
17031 clock_gettime(CLOCK_MONOTONIC,  <unfinished ...>
17035 <... getdents64 resumed> /* 0 entries */, 4096) = 0
17031 <... clock_gettime resumed> {4903, 301834806}) = 0
17035 close(6 <unfinished ...>
17031 clock_gettime(CLOCK_MONOTONIC,  <unfinished ...>
17035 <... close resumed> )             = 0
17031 <... clock_gettime resumed> {4903, 301866028}) = 0
17035 lstat("/home/hmeng/go/src/github.com/opencontainers/runc/libcontainer/cgroups/cgroups.go",  <unfinished ...>
17031 clock_gettime(CLOCK_MONOTONIC,  <unfinished ...>
17035 <... lstat resumed> {st_mode=S_IFREG|0664, st_size=1450, ...}) = 0
17031 <... clock_gettime resumed> {4903, 301897708}) = 0
17035 openat(AT_FDCWD, "/home/hmeng/go/src/github.com/opencontainers/runc/libcontainer/cgroups/cgroups.go", O_RDONLY|O_CLOEXEC <unfinished ...>
17031 clock_gettime(CLOCK_MONOTONIC,  <unfinished ...>
17035 <... openat resumed> )            = 6
17031 <... clock_gettime resumed> {4903, 301929305}) = 0
17035 close(6 <unfinished ...>
17031 clock_gettime(CLOCK_MONOTONIC,  <unfinished ...>
17035 <... close resumed> )             = 0
17031 <... clock_gettime resumed> {4903, 301954665}) = 0
17035 lstat("/home/hmeng/go/src/github.com/opencontainers/runc/libcontainer/cgroups/cgroups_test.go",  <unfinished ...>
17031 clock_gettime(CLOCK_MONOTONIC,  <unfinished ...>
17035 <... lstat resumed> {st_mode=S_IFREG|0664, st_size=236, ...}) = 0
17031 <... clock_gettime resumed> {4903, 301988173}) = 0
17035 openat(AT_FDCWD, "/home/hmeng/go/src/github.com/opencontainers/runc/libcontainer/cgroups/cgroups_test.go", O_RDONLY|O_CLOEXEC <unfinished ...>
17031 clock_gettime(CLOCK_MONOTONIC,  <unfinished ...>
17035 <... openat resumed> )            = 6
17031 <... clock_gettime resumed> {4903, 302032359}) = 0
17035 close(6 <unfinished ...>
17031 clock_gettime(CLOCK_MONOTONIC,  <unfinished ...>
17035 <... close resumed> )             = 0
17031 <... clock_gettime resumed> {4903, 302059013}) = 0
17035 lstat("/home/hmeng/go/src/github.com/opencontainers/runc/libcontainer/cgroups/cgroups_unsupported.go",  <unfinished ...>
17031 clock_gettime(CLOCK_MONOTONIC,  <unfinished ...>
17035 <... lstat resumed> {st_mode=S_IFREG|0664, st_size=34, ...}) = 0
17031 <... clock_gettime resumed> {4903, 302087556}) = 0
17035 openat(AT_FDCWD, "/home/hmeng/go/src/github.com/opencontainers/runc/libcontainer/cgroups/cgroups_unsupported.go", O_RDONLY|O_CLOEXEC <unfinished ...>
17031 clock_gettime(CLOCK_MONOTONIC,  <unfinished ...>
17035 <... openat resumed> )            = 6
17031 <... clock_gettime resumed> {4903, 302118944}) = 0
17035 close(6 <unfinished ...>
17031 clock_gettime(CLOCK_MONOTONIC,  <unfinished ...>
17035 <... close resumed> )             = 0
17031 <... clock_gettime resumed> {4903, 302143983}) = 0
17035 lstat("/home/hmeng/go/src/github.com/opencontainers/runc/libcontainer/cgroups/fs",  <unfinished ...>
17031 clock_gettime(CLOCK_MONOTONIC,  <unfinished ...>
17035 <... lstat resumed> {st_mode=S_IFDIR|0775, st_size=4096, ...}) = 0
17031 <... clock_gettime resumed> {4903, 302171756}) = 0
17035 openat(AT_FDCWD, "/home/hmeng/go/src/github.com/opencontainers/runc/libcontainer/cgroups/fs", O_RDONLY|O_CLOEXEC <unfinished ...>
17031 clock_gettime(CLOCK_MONOTONIC,  <unfinished ...>
17035 <... openat resumed> )            = 6
17031 <... clock_gettime resumed> {4903, 302204463}) = 0
17035 getdents64(6,  <unfinished ...>
17031 clock_gettime(CLOCK_MONOTONIC,  <unfinished ...>
17035 <... getdents64 resumed> /* 32 entries */, 4096) = 1112
17031 <... clock_gettime resumed> {4903, 302236916}) = 0
17035 getdents64(6,  <unfinished ...>
17031 clock_gettime(CLOCK_MONOTONIC,  <unfinished ...>
17035 <... getdents64 resumed> /* 0 entries */, 4096) = 0
17031 <... clock_gettime resumed> {4903, 302265131}) = 0
17035 close(6 <unfinished ...>
17031 clock_gettime(CLOCK_MONOTONIC,  <unfinished ...>
17035 <... close resumed> )             = 0
17031 <... clock_gettime resumed> {4903, 302288700}) = 0
17035 lstat("/home/hmeng/go/src/github.com/opencontainers/runc/libcontainer/cgroups/fs/apply_raw.go",  <unfinished ...>
17031 clock_gettime(CLOCK_MONOTONIC,  <unfinished ...>
17035 <... lstat resumed> {st_mode=S_IFREG|0664, st_size=9230, ...}) = 0
17031 <... clock_gettime resumed> {4903, 302321010}) = 0
17035 openat(AT_FDCWD, "/home/hmeng/go/src/github.com/opencontainers/runc/libcontainer/cgroups/fs/apply_raw.go", O_RDONLY|O_CLOEXEC <unfinished ...>
17031 clock_gettime(CLOCK_MONOTONIC,  <unfinished ...>
17035 <... openat resumed> )            = 6
17031 <... clock_gettime resumed> {4903, 302352708}) = 0
17035 close(6 <unfinished ...>
17031 clock_gettime(CLOCK_MONOTONIC,  <unfinished ...>
17035 <... close resumed> )             = 0
17031 <... clock_gettime resumed> {4903, 302379694}) = 0
17035 lstat("/home/hmeng/go/src/github.com/opencontainers/runc/libcontainer/cgroups/fs/apply_raw_test.go",  <unfinished ...>
17031 clock_gettime(CLOCK_MONOTONIC,  <unfinished ...>
17035 <... lstat resumed> {st_mode=S_IFREG|0664, st_size=7699, ...}) = 0
17031 <... clock_gettime resumed> {4903, 302408121}) = 0
17035 openat(AT_FDCWD, "/home/hmeng/go/src/github.com/opencontainers/runc/libcontainer/cgroups/fs/apply_raw_test.go", O_RDONLY|O_CLOEXEC <unfinished ...>
17031 clock_gettime(CLOCK_MONOTONIC,  <unfinished ...>
17035 <... openat resumed> )            = 6
17031 <... clock_gettime resumed> {4903, 302440406}) = 0
17035 close(6 <unfinished ...>
17031 clock_gettime(CLOCK_MONOTONIC,  <unfinished ...>
17035 <... close resumed> )             = 0
17031 <... clock_gettime resumed> {4903, 302468365}) = 0
17035 lstat("/home/hmeng/go/src/github.com/opencontainers/runc/libcontainer/cgroups/fs/blkio.go",  <unfinished ...>
17031 clock_gettime(CLOCK_MONOTONIC,  <unfinished ...>
17035 <... lstat resumed> {st_mode=S_IFREG|0664, st_size=5943, ...}) = 0
17031 <... clock_gettime resumed> {4903, 302496909}) = 0
17035 openat(AT_FDCWD, "/home/hmeng/go/src/github.com/opencontainers/runc/libcontainer/cgroups/fs/blkio.go", O_RDONLY|O_CLOEXEC <unfinished ...>
17031 clock_gettime(CLOCK_MONOTONIC,  <unfinished ...>
17035 <... openat resumed> )            = 6
17031 <... clock_gettime resumed> {4903, 302528445}) = 0
17035 close(6 <unfinished ...>
17031 clock_gettime(CLOCK_MONOTONIC,  <unfinished ...>
17035 <... close resumed> )             = 0
17031 <... clock_gettime resumed> {4903, 302553104}) = 0
17035 lstat("/home/hmeng/go/src/github.com/opencontainers/runc/libcontainer/cgroups/fs/blkio_test.go",  <unfinished ...>
17031 clock_gettime(CLOCK_MONOTONIC,  <unfinished ...>
17035 <... lstat resumed> {st_mode=S_IFREG|0664, st_size=21964, ...}) = 0
17031 <... clock_gettime resumed> {4903, 302581309}) = 0
17035 openat(AT_FDCWD, "/home/hmeng/go/src/github.com/opencontainers/runc/libcontainer/cgroups/fs/blkio_test.go", O_RDONLY|O_CLOEXEC <unfinished ...>
17031 clock_gettime(CLOCK_MONOTONIC,  <unfinished ...>
17035 <... openat resumed> )            = 6
17031 <... clock_gettime resumed> {4903, 302613616}) = 0
17035 close(6 <unfinished ...>
17031 clock_gettime(CLOCK_MONOTONIC,  <unfinished ...>
17035 <... close resumed> )             = 0
17031 <... clock_gettime resumed> {4903, 302638968}) = 0
17035 lstat("/home/hmeng/go/src/github.com/opencontainers/runc/libcontainer/cgroups/fs/cpu.go",  <unfinished ...>
17031 clock_gettime(CLOCK_MONOTONIC,  <unfinished ...>
17035 <... lstat resumed> {st_mode=S_IFREG|0664, st_size=2154, ...}) = 0
17031 <... clock_gettime resumed> {4903, 302667130}) = 0
17035 openat(AT_FDCWD, "/home/hmeng/go/src/github.com/opencontainers/runc/libcontainer/cgroups/fs/cpu.go", O_RDONLY|O_CLOEXEC <unfinished ...>
17031 clock_gettime(CLOCK_MONOTONIC,  <unfinished ...>
17035 <... openat resumed> )            = 6
17031 <... clock_gettime resumed> {4903, 302698968}) = 0
17035 close(6 <unfinished ...>
17031 clock_gettime(CLOCK_MONOTONIC,  <unfinished ...>
17035 <... close resumed> )             = 0
17031 <... clock_gettime resumed> {4903, 302724764}) = 0
17035 lstat("/home/hmeng/go/src/github.com/opencontainers/runc/libcontainer/cgroups/fs/cpu_test.go",  <unfinished ...>
17031 clock_gettime(CLOCK_MONOTONIC,  <unfinished ...>
17035 <... lstat resumed> {st_mode=S_IFREG|0664, st_size=4232, ...}) = 0
17031 <... clock_gettime resumed> {4903, 302752851}) = 0
17035 openat(AT_FDCWD, "/home/hmeng/go/src/github.com/opencontainers/runc/libcontainer/cgroups/fs/cpu_test.go", O_RDONLY|O_CLOEXEC <unfinished ...>
17031 clock_gettime(CLOCK_MONOTONIC,  <unfinished ...>
17035 <... openat resumed> )            = 6
17031 <... clock_gettime resumed> {4903, 302784875}) = 0
17035 close(6 <unfinished ...>
17031 clock_gettime(CLOCK_MONOTONIC,  <unfinished ...>
17035 <... close resumed> )             = 0
17031 <... clock_gettime resumed> {4903, 302812681}) = 0
17035 lstat("/home/hmeng/go/src/github.com/opencontainers/runc/libcontainer/cgroups/fs/cpuacct.go",  <unfinished ...>
17031 clock_gettime(CLOCK_MONOTONIC,  <unfinished ...>
17035 <... lstat resumed> {st_mode=S_IFREG|0664, st_size=3172, ...}) = 0
17031 <... clock_gettime resumed> {4903, 302840807}) = 0
17035 openat(AT_FDCWD, "/home/hmeng/go/src/github.com/opencontainers/runc/libcontainer/cgroups/fs/cpuacct.go", O_RDONLY|O_CLOEXEC <unfinished ...>
17031 clock_gettime(CLOCK_MONOTONIC,  <unfinished ...>
17035 <... openat resumed> )            = 6
17031 <... clock_gettime resumed> {4903, 302879113}) = 0
17035 close(6 <unfinished ...>
17031 clock_gettime(CLOCK_MONOTONIC,  <unfinished ...>
17035 <... close resumed> )             = 0
17031 <... clock_gettime resumed> {4903, 302904005}) = 0
17035 lstat("/home/hmeng/go/src/github.com/opencontainers/runc/libcontainer/cgroups/fs/cpuset.go",  <unfinished ...>
17031 clock_gettime(CLOCK_MONOTONIC,  <unfinished ...>
17035 <... lstat resumed> {st_mode=S_IFREG|0664, st_size=3499, ...}) = 0
17031 <... clock_gettime resumed> {4903, 302938515}) = 0
17035 openat(AT_FDCWD, "/home/hmeng/go/src/github.com/opencontainers/runc/libcontainer/cgroups/fs/cpuset.go", O_RDONLY|O_CLOEXEC <unfinished ...>
17031 clock_gettime(CLOCK_MONOTONIC,  <unfinished ...>
17035 <... openat resumed> )            = 6
17031 <... clock_gettime resumed> {4903, 302970844}) = 0
17035 close(6 <unfinished ...>
17031 clock_gettime(CLOCK_MONOTONIC,  <unfinished ...>
17035 <... close resumed> )             = 0
17031 <... clock_gettime resumed> {4903, 302996922}) = 0
17035 lstat("/home/hmeng/go/src/github.com/opencontainers/runc/libcontainer/cgroups/fs/cpuset_test.go",  <unfinished ...>
17031 clock_gettime(CLOCK_MONOTONIC,  <unfinished ...>
17035 <... lstat resumed> {st_mode=S_IFREG|0664, st_size=1359, ...}) = 0
17031 <... clock_gettime resumed> {4903, 303035880}) = 0
17035 openat(AT_FDCWD, "/home/hmeng/go/src/github.com/opencontainers/runc/libcontainer/cgroups/fs/cpuset_test.go", O_RDONLY|O_CLOEXEC <unfinished ...>
17031 clock_gettime(CLOCK_MONOTONIC,  <unfinished ...>
17035 <... openat resumed> )            = 6
17031 <... clock_gettime resumed> {4903, 303068748}) = 0
17035 close(6 <unfinished ...>
17031 clock_gettime(CLOCK_MONOTONIC,  <unfinished ...>
17035 <... close resumed> )             = 0
17031 <... clock_gettime resumed> {4903, 303094046}) = 0
17035 lstat("/home/hmeng/go/src/github.com/opencontainers/runc/libcontainer/cgroups/fs/devices.go",  <unfinished ...>
17031 clock_gettime(CLOCK_MONOTONIC,  <unfinished ...>
17035 <... lstat resumed> {st_mode=S_IFREG|0664, st_size=1673, ...}) = 0
17031 <... clock_gettime resumed> {4903, 303122535}) = 0
17035 openat(AT_FDCWD, "/home/hmeng/go/src/github.com/opencontainers/runc/libcontainer/cgroups/fs/devices.go", O_RDONLY|O_CLOEXEC <unfinished ...>
17031 clock_gettime(CLOCK_MONOTONIC,  <unfinished ...>
17035 <... openat resumed> )            = 6
17031 <... clock_gettime resumed> {4903, 303154229}) = 0
17035 close(6 <unfinished ...>
17031 clock_gettime(CLOCK_MONOTONIC,  <unfinished ...>
17035 <... close resumed> )             = 0
17031 <... clock_gettime resumed> {4903, 303182879}) = 0
17035 lstat("/home/hmeng/go/src/github.com/opencontainers/runc/libcontainer/cgroups/fs/devices_test.go",  <unfinished ...>
17031 futex(0x21ef2b0, FUTEX_WAIT, 0, NULL <unfinished ...>
17035 <... lstat resumed> {st_mode=S_IFREG|0664, st_size=1885, ...}) = 0
17035 openat(AT_FDCWD, "/home/hmeng/go/src/github.com/opencontainers/runc/libcontainer/cgroups/fs/devices_test.go", O_RDONLY|O_CLOEXEC) = 6
17035 close(6)                          = 0
17035 lstat("/home/hmeng/go/src/github.com/opencontainers/runc/libcontainer/cgroups/fs/freezer.go", {st_mode=S_IFREG|0664, st_size=1248, ...}) = 0
17035 openat(AT_FDCWD, "/home/hmeng/go/src/github.com/opencontainers/runc/libcontainer/cgroups/fs/freezer.go", O_RDONLY|O_CLOEXEC) = 6
17035 close(6)                          = 0
17035 lstat("/home/hmeng/go/src/github.com/opencontainers/runc/libcontainer/cgroups/fs/freezer_test.go", {st_mode=S_IFREG|0664, st_size=1150, ...}) = 0
17035 openat(AT_FDCWD, "/home/hmeng/go/src/github.com/opencontainers/runc/libcontainer/cgroups/fs/freezer_test.go", O_RDONLY|O_CLOEXEC) = 6
17035 close(6)                          = 0
17035 lstat("/home/hmeng/go/src/github.com/opencontainers/runc/libcontainer/cgroups/fs/fs_unsupported.go", {st_mode=S_IFREG|0664, st_size=29, ...}) = 0
17035 openat(AT_FDCWD, "/home/hmeng/go/src/github.com/opencontainers/runc/libcontainer/cgroups/fs/fs_unsupported.go", O_RDONLY|O_CLOEXEC) = 6
17035 close(6)                          = 0
17035 lstat("/home/hmeng/go/src/github.com/opencontainers/runc/libcontainer/cgroups/fs/hugetlb.go", {st_mode=S_IFREG|0664, st_size=1795, ...}) = 0
17035 openat(AT_FDCWD, "/home/hmeng/go/src/github.com/opencontainers/runc/libcontainer/cgroups/fs/hugetlb.go", O_RDONLY|O_CLOEXEC) = 6
17035 close(6)                          = 0
17035 lstat("/home/hmeng/go/src/github.com/opencontainers/runc/libcontainer/cgroups/fs/hugetlb_test.go", {st_mode=S_IFREG|0664, st_size=3907, ...}) = 0
17035 openat(AT_FDCWD, "/home/hmeng/go/src/github.com/opencontainers/runc/libcontainer/cgroups/fs/hugetlb_test.go", O_RDONLY|O_CLOEXEC) = 6
17035 close(6)                          = 0
17035 lstat("/home/hmeng/go/src/github.com/opencontainers/runc/libcontainer/cgroups/fs/memory.go", {st_mode=S_IFREG|0664, st_size=8304, ...}) = 0
17035 openat(AT_FDCWD, "/home/hmeng/go/src/github.com/opencontainers/runc/libcontainer/cgroups/fs/memory.go", O_RDONLY|O_CLOEXEC) = 6
17035 close(6)                          = 0
17035 lstat("/home/hmeng/go/src/github.com/opencontainers/runc/libcontainer/cgroups/fs/memory_test.go", {st_mode=S_IFREG|0664, st_size=15297, ...}) = 0
17035 openat(AT_FDCWD, "/home/hmeng/go/src/github.com/opencontainers/runc/libcontainer/cgroups/fs/memory_test.go", O_RDONLY|O_CLOEXEC) = 6
17035 close(6)                          = 0
17035 lstat("/home/hmeng/go/src/github.com/opencontainers/runc/libcontainer/cgroups/fs/name.go", {st_mode=S_IFREG|0664, st_size=712, ...}) = 0
17035 openat(AT_FDCWD, "/home/hmeng/go/src/github.com/opencontainers/runc/libcontainer/cgroups/fs/name.go", O_RDONLY|O_CLOEXEC) = 6
17035 close(6)                          = 0
17035 lstat("/home/hmeng/go/src/github.com/opencontainers/runc/libcontainer/cgroups/fs/net_cls.go", {st_mode=S_IFREG|0664, st_size=820, ...}) = 0
17035 openat(AT_FDCWD, "/home/hmeng/go/src/github.com/opencontainers/runc/libcontainer/cgroups/fs/net_cls.go", O_RDONLY|O_CLOEXEC) = 6
17035 close(6)                          = 0
17035 lstat("/home/hmeng/go/src/github.com/opencontainers/runc/libcontainer/cgroups/fs/net_cls_test.go", {st_mode=S_IFREG|0664, st_size=915, ...}) = 0
17035 openat(AT_FDCWD, "/home/hmeng/go/src/github.com/opencontainers/runc/libcontainer/cgroups/fs/net_cls_test.go", O_RDONLY|O_CLOEXEC) = 6
17035 close(6)                          = 0
17035 lstat("/home/hmeng/go/src/github.com/opencontainers/runc/libcontainer/cgroups/fs/net_prio.go", {st_mode=S_IFREG|0664, st_size=842, ...}) = 0
17035 openat(AT_FDCWD, "/home/hmeng/go/src/github.com/opencontainers/runc/libcontainer/cgroups/fs/net_prio.go", O_RDONLY|O_CLOEXEC) = 6
17035 close(6)                          = 0
17035 lstat("/home/hmeng/go/src/github.com/opencontainers/runc/libcontainer/cgroups/fs/net_prio_test.go", {st_mode=S_IFREG|0664, st_size=782, ...}) = 0
17035 openat(AT_FDCWD, "/home/hmeng/go/src/github.com/opencontainers/runc/libcontainer/cgroups/fs/net_prio_test.go", O_RDONLY|O_CLOEXEC) = 6
17035 close(6)                          = 0
17035 lstat("/home/hmeng/go/src/github.com/opencontainers/runc/libcontainer/cgroups/fs/perf_event.go", {st_mode=S_IFREG|0664, st_size=759, ...}) = 0
17035 openat(AT_FDCWD, "/home/hmeng/go/src/github.com/opencontainers/runc/libcontainer/cgroups/fs/perf_event.go", O_RDONLY|O_CLOEXEC) = 6
17035 close(6)                          = 0
17035 lstat("/home/hmeng/go/src/github.com/opencontainers/runc/libcontainer/cgroups/fs/pids.go", {st_mode=S_IFREG|0664, st_size=1619, ...}) = 0
17035 openat(AT_FDCWD, "/home/hmeng/go/src/github.com/opencontainers/runc/libcontainer/cgroups/fs/pids.go", O_RDONLY|O_CLOEXEC) = 6
17035 close(6)                          = 0
17035 lstat("/home/hmeng/go/src/github.com/opencontainers/runc/libcontainer/cgroups/fs/pids_test.go", {st_mode=S_IFREG|0664, st_size=2612, ...}) = 0
17035 openat(AT_FDCWD, "/home/hmeng/go/src/github.com/opencontainers/runc/libcontainer/cgroups/fs/pids_test.go", O_RDONLY|O_CLOEXEC) = 6
17035 close(6)                          = 0
17035 lstat("/home/hmeng/go/src/github.com/opencontainers/runc/libcontainer/cgroups/fs/stats_util_test.go", {st_mode=S_IFREG|0664, st_size=3821, ...}) = 0
17035 openat(AT_FDCWD, "/home/hmeng/go/src/github.com/opencontainers/runc/libcontainer/cgroups/fs/stats_util_test.go", O_RDONLY|O_CLOEXEC) = 6
17035 close(6)                          = 0
17035 lstat("/home/hmeng/go/src/github.com/opencontainers/runc/libcontainer/cgroups/fs/util_test.go", {st_mode=S_IFREG|0664, st_size=1486, ...}) = 0
17035 openat(AT_FDCWD, "/home/hmeng/go/src/github.com/opencontainers/runc/libcontainer/cgroups/fs/util_test.go", O_RDONLY|O_CLOEXEC) = 6
17035 close(6)                          = 0
17035 lstat("/home/hmeng/go/src/github.com/opencontainers/runc/libcontainer/cgroups/fs/utils.go", {st_mode=S_IFREG|0664, st_size=2098, ...}) = 0
17035 openat(AT_FDCWD, "/home/hmeng/go/src/github.com/opencontainers/runc/libcontainer/cgroups/fs/utils.go", O_RDONLY|O_CLOEXEC) = 6
17035 close(6)                          = 0
17035 lstat("/home/hmeng/go/src/github.com/opencontainers/runc/libcontainer/cgroups/fs/utils_test.go", {st_mode=S_IFREG|0664, st_size=2083, ...}) = 0
17035 openat(AT_FDCWD, "/home/hmeng/go/src/github.com/opencontainers/runc/libcontainer/cgroups/fs/utils_test.go", O_RDONLY|O_CLOEXEC) = 6
17035 close(6)                          = 0
17035 lstat("/home/hmeng/go/src/github.com/opencontainers/runc/libcontainer/cgroups/stats.go", {st_mode=S_IFREG|0664, st_size=3777, ...}) = 0
17035 openat(AT_FDCWD, "/home/hmeng/go/src/github.com/opencontainers/runc/libcontainer/cgroups/stats.go", O_RDONLY|O_CLOEXEC) = 6
17035 close(6)                          = 0
17035 lstat("/home/hmeng/go/src/github.com/opencontainers/runc/libcontainer/cgroups/systemd", {st_mode=S_IFDIR|0775, st_size=54, ...}) = 0
17035 openat(AT_FDCWD, "/home/hmeng/go/src/github.com/opencontainers/runc/libcontainer/cgroups/systemd", O_RDONLY|O_CLOEXEC) = 6
17035 getdents64(6, /* 4 entries */, 4096) = 128
17035 getdents64(6, /* 0 entries */, 4096) = 0
17035 close(6)                          = 0
17035 lstat("/home/hmeng/go/src/github.com/opencontainers/runc/libcontainer/cgroups/systemd/apply_nosystemd.go", {st_mode=S_IFREG|0664, st_size=1153, ...}) = 0
17035 openat(AT_FDCWD, "/home/hmeng/go/src/github.com/opencontainers/runc/libcontainer/cgroups/systemd/apply_nosystemd.go", O_RDONLY|O_CLOEXEC) = 6
17035 close(6)                          = 0
17035 lstat("/home/hmeng/go/src/github.com/opencontainers/runc/libcontainer/cgroups/systemd/apply_systemd.go", {st_mode=S_IFREG|0664, st_size=12216, ...}) = 0
17035 openat(AT_FDCWD, "/home/hmeng/go/src/github.com/opencontainers/runc/libcontainer/cgroups/systemd/apply_systemd.go", O_RDONLY|O_CLOEXEC) = 6
17035 close(6)                          = 0
17035 lstat("/home/hmeng/go/src/github.com/opencontainers/runc/libcontainer/cgroups/utils.go", {st_mode=S_IFREG|0664, st_size=9631, ...}) = 0
17035 openat(AT_FDCWD, "/home/hmeng/go/src/github.com/opencontainers/runc/libcontainer/cgroups/utils.go", O_RDONLY|O_CLOEXEC) = 6
17035 close(6)                          = 0
17035 lstat("/home/hmeng/go/src/github.com/opencontainers/runc/libcontainer/cgroups/utils_test.go", {st_mode=S_IFREG|0664, st_size=17561, ...}) = 0
17035 openat(AT_FDCWD, "/home/hmeng/go/src/github.com/opencontainers/runc/libcontainer/cgroups/utils_test.go", O_RDONLY|O_CLOEXEC) = 6
17035 close(6)                          = 0
17035 lstat("/home/hmeng/go/src/github.com/opencontainers/runc/libcontainer/compat_1.5_linux.go", {st_mode=S_IFREG|0664, st_size=219, ...}) = 0
17035 openat(AT_FDCWD, "/home/hmeng/go/src/github.com/opencontainers/runc/libcontainer/compat_1.5_linux.go", O_RDONLY|O_CLOEXEC) = 6
17035 close(6)                          = 0
17035 lstat("/home/hmeng/go/src/github.com/opencontainers/runc/libcontainer/configs", {st_mode=S_IFDIR|0775, st_size=4096, ...}) = 0
17035 openat(AT_FDCWD, "/home/hmeng/go/src/github.com/opencontainers/runc/libcontainer/configs", O_RDONLY|O_CLOEXEC) = 6
17035 getdents64(6, /* 23 entries */, 4096) = 904
17035 getdents64(6, /* 0 entries */, 4096) = 0
17035 close(6)                          = 0
17035 lstat("/home/hmeng/go/src/github.com/opencontainers/runc/libcontainer/configs/blkio_device.go", {st_mode=S_IFREG|0664, st_size=1947, ...}) = 0
17035 openat(AT_FDCWD, "/home/hmeng/go/src/github.com/opencontainers/runc/libcontainer/configs/blkio_device.go", O_RDONLY|O_CLOEXEC) = 6
17035 close(6)                          = 0
17035 lstat("/home/hmeng/go/src/github.com/opencontainers/runc/libcontainer/configs/cgroup_unix.go", {st_mode=S_IFREG|0664, st_size=4072, ...}) = 0
17035 openat(AT_FDCWD, "/home/hmeng/go/src/github.com/opencontainers/runc/libcontainer/configs/cgroup_unix.go", O_RDONLY|O_CLOEXEC) = 6
17035 close(6)                          = 0
17035 lstat("/home/hmeng/go/src/github.com/opencontainers/runc/libcontainer/configs/cgroup_unsupported.go", {st_mode=S_IFREG|0664, st_size=76, ...}) = 0
17035 openat(AT_FDCWD, "/home/hmeng/go/src/github.com/opencontainers/runc/libcontainer/configs/cgroup_unsupported.go", O_RDONLY|O_CLOEXEC) = 6
17035 close(6)                          = 0
17035 lstat("/home/hmeng/go/src/github.com/opencontainers/runc/libcontainer/configs/cgroup_windows.go", {st_mode=S_IFREG|0664, st_size=158, ...}) = 0
17035 openat(AT_FDCWD, "/home/hmeng/go/src/github.com/opencontainers/runc/libcontainer/configs/cgroup_windows.go", O_RDONLY|O_CLOEXEC) = 6
17035 close(6)                          = 0
17035 lstat("/home/hmeng/go/src/github.com/opencontainers/runc/libcontainer/configs/config.go", {st_mode=S_IFREG|0664, st_size=10566, ...}) = 0
17035 openat(AT_FDCWD, "/home/hmeng/go/src/github.com/opencontainers/runc/libcontainer/configs/config.go", O_RDONLY|O_CLOEXEC) = 6
17035 close(6)                          = 0
17035 lstat("/home/hmeng/go/src/github.com/opencontainers/runc/libcontainer/configs/config_test.go", {st_mode=S_IFREG|0664, st_size=4313, ...}) = 0
17035 openat(AT_FDCWD, "/home/hmeng/go/src/github.com/opencontainers/runc/libcontainer/configs/config_test.go", O_RDONLY|O_CLOEXEC) = 6
17035 close(6)                          = 0
17035 lstat("/home/hmeng/go/src/github.com/opencontainers/runc/libcontainer/configs/config_unix.go", {st_mode=S_IFREG|0664, st_size=1530, ...}) = 0
17035 openat(AT_FDCWD, "/home/hmeng/go/src/github.com/opencontainers/runc/libcontainer/configs/config_unix.go", O_RDONLY|O_CLOEXEC) = 6
17035 close(6)                          = 0
17035 lstat("/home/hmeng/go/src/github.com/opencontainers/runc/libcontainer/configs/config_unix_test.go", {st_mode=S_IFREG|0664, st_size=3003, ...}) = 0
17035 openat(AT_FDCWD, "/home/hmeng/go/src/github.com/opencontainers/runc/libcontainer/configs/config_unix_test.go", O_RDONLY|O_CLOEXEC) = 6
17035 close(6)                          = 0
17035 lstat("/home/hmeng/go/src/github.com/opencontainers/runc/libcontainer/configs/config_windows_test.go", {st_mode=S_IFREG|0664, st_size=74, ...}) = 0
17035 openat(AT_FDCWD, "/home/hmeng/go/src/github.com/opencontainers/runc/libcontainer/configs/config_windows_test.go", O_RDONLY|O_CLOEXEC) = 6
17035 close(6)                          = 0
17035 lstat("/home/hmeng/go/src/github.com/opencontainers/runc/libcontainer/configs/device.go", {st_mode=S_IFREG|0664, st_size=1193, ...}) = 0
17035 openat(AT_FDCWD, "/home/hmeng/go/src/github.com/opencontainers/runc/libcontainer/configs/device.go", O_RDONLY|O_CLOEXEC) = 6
17035 close(6)                          = 0
17035 lstat("/home/hmeng/go/src/github.com/opencontainers/runc/libcontainer/configs/device_defaults.go", {st_mode=S_IFREG|0664, st_size=2386, ...}) = 0
17035 openat(AT_FDCWD, "/home/hmeng/go/src/github.com/opencontainers/runc/libcontainer/configs/device_defaults.go", O_RDONLY|O_CLOEXEC) = 6
17035 close(6)                          = 0
17035 lstat("/home/hmeng/go/src/github.com/opencontainers/runc/libcontainer/configs/hugepage_limit.go", {st_mode=S_IFREG|0664, st_size=180, ...}) = 0
17035 openat(AT_FDCWD, "/home/hmeng/go/src/github.com/opencontainers/runc/libcontainer/configs/hugepage_limit.go", O_RDONLY|O_CLOEXEC) = 6
17035 close(6)                          = 0
17035 lstat("/home/hmeng/go/src/github.com/opencontainers/runc/libcontainer/configs/interface_priority_map.go", {st_mode=S_IFREG|0664, st_size=236, ...}) = 0
17035 openat(AT_FDCWD, "/home/hmeng/go/src/github.com/opencontainers/runc/libcontainer/configs/interface_priority_map.go", O_RDONLY|O_CLOEXEC) = 6
17035 close(6)                          = 0
17035 lstat("/home/hmeng/go/src/github.com/opencontainers/runc/libcontainer/configs/mount.go", {st_mode=S_IFREG|0664, st_size=762, ...}) = 0
17035 openat(AT_FDCWD, "/home/hmeng/go/src/github.com/opencontainers/runc/libcontainer/configs/mount.go", O_RDONLY|O_CLOEXEC) = 6
17035 close(6)                          = 0
17035 lstat("/home/hmeng/go/src/github.com/opencontainers/runc/libcontainer/configs/namespaces.go", {st_mode=S_IFREG|0664, st_size=72, ...}) = 0
17035 openat(AT_FDCWD, "/home/hmeng/go/src/github.com/opencontainers/runc/libcontainer/configs/namespaces.go", O_RDONLY|O_CLOEXEC) = 6
17035 close(6)                          = 0
17035 lstat("/home/hmeng/go/src/github.com/opencontainers/runc/libcontainer/configs/namespaces_syscall.go", {st_mode=S_IFREG|0664, st_size=692, ...}) = 0
17035 openat(AT_FDCWD, "/home/hmeng/go/src/github.com/opencontainers/runc/libcontainer/configs/namespaces_syscall.go", O_RDONLY|O_CLOEXEC) = 6
17035 close(6)                          = 0
17035 lstat("/home/hmeng/go/src/github.com/opencontainers/runc/libcontainer/configs/namespaces_syscall_unsupported.go", {st_mode=S_IFREG|0664, st_size=392, ...}) = 0
17035 openat(AT_FDCWD, "/home/hmeng/go/src/github.com/opencontainers/runc/libcontainer/configs/namespaces_syscall_unsupported.go", O_RDONLY|O_CLOEXEC) = 6
17035 close(6)                          = 0
17035 lstat("/home/hmeng/go/src/github.com/opencontainers/runc/libcontainer/configs/namespaces_unix.go", {st_mode=S_IFREG|0664, st_size=2421, ...}) = 0
17035 openat(AT_FDCWD, "/home/hmeng/go/src/github.com/opencontainers/runc/libcontainer/configs/namespaces_unix.go", O_RDONLY|O_CLOEXEC) = 6
17035 close(6)                          = 0
17035 lstat("/home/hmeng/go/src/github.com/opencontainers/runc/libcontainer/configs/namespaces_unsupported.go", {st_mode=S_IFREG|0664, st_size=197, ...}) = 0
17035 openat(AT_FDCWD, "/home/hmeng/go/src/github.com/opencontainers/runc/libcontainer/configs/namespaces_unsupported.go", O_RDONLY|O_CLOEXEC) = 6
17035 close(6)                          = 0
17035 lstat("/home/hmeng/go/src/github.com/opencontainers/runc/libcontainer/configs/network.go", {st_mode=S_IFREG|0664, st_size=2892, ...}) = 0
17035 openat(AT_FDCWD, "/home/hmeng/go/src/github.com/opencontainers/runc/libcontainer/configs/network.go", O_RDONLY|O_CLOEXEC) = 6
17035 close(6)                          = 0
17035 lstat("/home/hmeng/go/src/github.com/opencontainers/runc/libcontainer/configs/validate", {st_mode=S_IFDIR|0775, st_size=49, ...}) = 0
17035 openat(AT_FDCWD, "/home/hmeng/go/src/github.com/opencontainers/runc/libcontainer/configs/validate", O_RDONLY|O_CLOEXEC) = 6
17035 getdents64(6, /* 4 entries */, 4096) = 120
17035 getdents64(6, /* 0 entries */, 4096) = 0
17035 close(6)                          = 0
17035 lstat("/home/hmeng/go/src/github.com/opencontainers/runc/libcontainer/configs/validate/validator.go", {st_mode=S_IFREG|0664, st_size=3866, ...}) = 0
17035 openat(AT_FDCWD, "/home/hmeng/go/src/github.com/opencontainers/runc/libcontainer/configs/validate/validator.go", O_RDONLY|O_CLOEXEC) = 6
17035 close(6)                          = 0
17035 lstat("/home/hmeng/go/src/github.com/opencontainers/runc/libcontainer/configs/validate/validator_test.go", {st_mode=S_IFREG|0664, st_size=4268, ...}) = 0
17035 openat(AT_FDCWD, "/home/hmeng/go/src/github.com/opencontainers/runc/libcontainer/configs/validate/validator_test.go", O_RDONLY|O_CLOEXEC) = 6
17035 close(6)                          = 0
17035 lstat("/home/hmeng/go/src/github.com/opencontainers/runc/libcontainer/console.go", {st_mode=S_IFREG|0664, st_size=271, ...}) = 0
17035 openat(AT_FDCWD, "/home/hmeng/go/src/github.com/opencontainers/runc/libcontainer/console.go", O_RDONLY|O_CLOEXEC) = 6
17035 close(6)                          = 0
17035 lstat("/home/hmeng/go/src/github.com/opencontainers/runc/libcontainer/console_freebsd.go", {st_mode=S_IFREG|0664, st_size=386, ...}) = 0
17035 openat(AT_FDCWD, "/home/hmeng/go/src/github.com/opencontainers/runc/libcontainer/console_freebsd.go", O_RDONLY|O_CLOEXEC) = 6
17035 close(6)                          = 0
17035 lstat("/home/hmeng/go/src/github.com/opencontainers/runc/libcontainer/console_linux.go", {st_mode=S_IFREG|0664, st_size=3682, ...}) = 0
17035 openat(AT_FDCWD, "/home/hmeng/go/src/github.com/opencontainers/runc/libcontainer/console_linux.go", O_RDONLY|O_CLOEXEC) = 6
17035 close(6)                          = 0
17035 lstat("/home/hmeng/go/src/github.com/opencontainers/runc/libcontainer/console_solaris.go", {st_mode=S_IFREG|0664, st_size=367, ...}) = 0
17035 openat(AT_FDCWD, "/home/hmeng/go/src/github.com/opencontainers/runc/libcontainer/console_solaris.go", O_RDONLY|O_CLOEXEC) = 6
17035 close(6)                          = 0
17035 lstat("/home/hmeng/go/src/github.com/opencontainers/runc/libcontainer/console_windows.go", {st_mode=S_IFREG|0664, st_size=597, ...}) = 0
17035 openat(AT_FDCWD, "/home/hmeng/go/src/github.com/opencontainers/runc/libcontainer/console_windows.go", O_RDONLY|O_CLOEXEC) = 6
17035 close(6)                          = 0
17035 lstat("/home/hmeng/go/src/github.com/opencontainers/runc/libcontainer/container.go", {st_mode=S_IFREG|0664, st_size=4765, ...}) = 0
17035 openat(AT_FDCWD, "/home/hmeng/go/src/github.com/opencontainers/runc/libcontainer/container.go", O_RDONLY|O_CLOEXEC) = 6
17035 close(6)                          = 0
17035 lstat("/home/hmeng/go/src/github.com/opencontainers/runc/libcontainer/container_linux.go", {st_mode=S_IFREG|0664, st_size=35574, ...}) = 0
17035 openat(AT_FDCWD, "/home/hmeng/go/src/github.com/opencontainers/runc/libcontainer/container_linux.go", O_RDONLY|O_CLOEXEC) = 6
17035 close(6)                          = 0
17035 lstat("/home/hmeng/go/src/github.com/opencontainers/runc/libcontainer/container_linux_test.go", {st_mode=S_IFREG|0664, st_size=4778, ...}) = 0
17035 openat(AT_FDCWD, "/home/hmeng/go/src/github.com/opencontainers/runc/libcontainer/container_linux_test.go", O_RDONLY|O_CLOEXEC) = 6
17035 close(6)                          = 0
17035 lstat("/home/hmeng/go/src/github.com/opencontainers/runc/libcontainer/container_solaris.go", {st_mode=S_IFREG|0664, st_size=455, ...}) = 0
17035 openat(AT_FDCWD, "/home/hmeng/go/src/github.com/opencontainers/runc/libcontainer/container_solaris.go", O_RDONLY|O_CLOEXEC) = 6
17035 close(6)                          = 0
17035 lstat("/home/hmeng/go/src/github.com/opencontainers/runc/libcontainer/container_windows.go", {st_mode=S_IFREG|0664, st_size=455, ...}) = 0
17035 openat(AT_FDCWD, "/home/hmeng/go/src/github.com/opencontainers/runc/libcontainer/container_windows.go", O_RDONLY|O_CLOEXEC) = 6
17035 close(6)                          = 0
17035 lstat("/home/hmeng/go/src/github.com/opencontainers/runc/libcontainer/criu_opts_unix.go", {st_mode=S_IFREG|0664, st_size=1682, ...}) = 0
17035 openat(AT_FDCWD, "/home/hmeng/go/src/github.com/opencontainers/runc/libcontainer/criu_opts_unix.go", O_RDONLY|O_CLOEXEC) = 6
17035 close(6)                          = 0
17035 lstat("/home/hmeng/go/src/github.com/opencontainers/runc/libcontainer/criu_opts_windows.go", {st_mode=S_IFREG|0664, st_size=163, ...}) = 0
17035 openat(AT_FDCWD, "/home/hmeng/go/src/github.com/opencontainers/runc/libcontainer/criu_opts_windows.go", O_RDONLY|O_CLOEXEC) = 6
17035 close(6)                          = 0
17035 lstat("/home/hmeng/go/src/github.com/opencontainers/runc/libcontainer/criurpc", {st_mode=S_IFDIR|0775, st_size=61, ...}) = 0
17035 openat(AT_FDCWD, "/home/hmeng/go/src/github.com/opencontainers/runc/libcontainer/criurpc", O_RDONLY|O_CLOEXEC) = 6
17035 getdents64(6, /* 5 entries */, 4096) = 160
17035 getdents64(6, /* 0 entries */, 4096) = 0
17035 close(6)                          = 0
17035 lstat("/home/hmeng/go/src/github.com/opencontainers/runc/libcontainer/criurpc/Makefile", {st_mode=S_IFREG|0664, st_size=52, ...}) = 0
17035 openat(AT_FDCWD, "/home/hmeng/go/src/github.com/opencontainers/runc/libcontainer/criurpc/Makefile", O_RDONLY|O_CLOEXEC) = 6
17035 close(6)                          = 0
17035 lstat("/home/hmeng/go/src/github.com/opencontainers/runc/libcontainer/criurpc/criurpc.pb.go", {st_mode=S_IFREG|0664, st_size=21685, ...}) = 0
17035 openat(AT_FDCWD, "/home/hmeng/go/src/github.com/opencontainers/runc/libcontainer/criurpc/criurpc.pb.go", O_RDONLY|O_CLOEXEC) = 6
17035 close(6)                          = 0
17035 lstat("/home/hmeng/go/src/github.com/opencontainers/runc/libcontainer/criurpc/criurpc.proto", {st_mode=S_IFREG|0664, st_size=3828, ...}) = 0
17035 openat(AT_FDCWD, "/home/hmeng/go/src/github.com/opencontainers/runc/libcontainer/criurpc/criurpc.proto", O_RDONLY|O_CLOEXEC) = 6
17035 close(6)                          = 0
17035 lstat("/home/hmeng/go/src/github.com/opencontainers/runc/libcontainer/devices", {st_mode=S_IFDIR|0775, st_size=95, ...}) = 0
17035 openat(AT_FDCWD, "/home/hmeng/go/src/github.com/opencontainers/runc/libcontainer/devices", O_RDONLY|O_CLOEXEC) = 6
17035 getdents64(6, /* 6 entries */, 4096) = 208
17035 getdents64(6, /* 0 entries */, 4096) = 0
17035 close(6)                          = 0
17035 lstat("/home/hmeng/go/src/github.com/opencontainers/runc/libcontainer/devices/devices_test.go", {st_mode=S_IFREG|0664, st_size=1348, ...}) = 0
17035 openat(AT_FDCWD, "/home/hmeng/go/src/github.com/opencontainers/runc/libcontainer/devices/devices_test.go", O_RDONLY|O_CLOEXEC) = 6
17035 close(6)                          = 0
17035 lstat("/home/hmeng/go/src/github.com/opencontainers/runc/libcontainer/devices/devices_unix.go", {st_mode=S_IFREG|0664, st_size=2247, ...}) = 0
17035 openat(AT_FDCWD, "/home/hmeng/go/src/github.com/opencontainers/runc/libcontainer/devices/devices_unix.go", O_RDONLY|O_CLOEXEC) = 6
17035 close(6)                          = 0
17035 lstat("/home/hmeng/go/src/github.com/opencontainers/runc/libcontainer/devices/devices_unsupported.go", {st_mode=S_IFREG|0664, st_size=35, ...}) = 0
17035 openat(AT_FDCWD, "/home/hmeng/go/src/github.com/opencontainers/runc/libcontainer/devices/devices_unsupported.go", O_RDONLY|O_CLOEXEC) = 6
17035 close(6)                          = 0
17035 lstat("/home/hmeng/go/src/github.com/opencontainers/runc/libcontainer/devices/number.go", {st_mode=S_IFREG|0664, st_size=900, ...}) = 0
17035 openat(AT_FDCWD, "/home/hmeng/go/src/github.com/opencontainers/runc/libcontainer/devices/number.go", O_RDONLY|O_CLOEXEC) = 6
17035 close(6)                          = 0
17035 lstat("/home/hmeng/go/src/github.com/opencontainers/runc/libcontainer/error.go", {st_mode=S_IFREG|0664, st_size=1380, ...}) = 0
17035 openat(AT_FDCWD, "/home/hmeng/go/src/github.com/opencontainers/runc/libcontainer/error.go", O_RDONLY|O_CLOEXEC) = 6
17035 close(6)                          = 0
17035 lstat("/home/hmeng/go/src/github.com/opencontainers/runc/libcontainer/error_test.go", {st_mode=S_IFREG|0664, st_size=536, ...}) = 0
17035 openat(AT_FDCWD, "/home/hmeng/go/src/github.com/opencontainers/runc/libcontainer/error_test.go", O_RDONLY|O_CLOEXEC) = 6
17035 close(6)                          = 0
17035 lstat("/home/hmeng/go/src/github.com/opencontainers/runc/libcontainer/factory.go", {st_mode=S_IFREG|0664, st_size=1465, ...}) = 0
17035 openat(AT_FDCWD, "/home/hmeng/go/src/github.com/opencontainers/runc/libcontainer/factory.go", O_RDONLY|O_CLOEXEC) = 6
17035 close(6)                          = 0
17035 lstat("/home/hmeng/go/src/github.com/opencontainers/runc/libcontainer/factory_linux.go", {st_mode=S_IFREG|0664, st_size=8403, ...}) = 0
17035 openat(AT_FDCWD, "/home/hmeng/go/src/github.com/opencontainers/runc/libcontainer/factory_linux.go", O_RDONLY|O_CLOEXEC) = 6
17035 close(6)                          = 0
17035 lstat("/home/hmeng/go/src/github.com/opencontainers/runc/libcontainer/factory_linux_test.go", {st_mode=S_IFREG|0664, st_size=5109, ...}) = 0
17035 openat(AT_FDCWD, "/home/hmeng/go/src/github.com/opencontainers/runc/libcontainer/factory_linux_test.go", O_RDONLY|O_CLOEXEC) = 6
17035 close(6)                          = 0
17035 lstat("/home/hmeng/go/src/github.com/opencontainers/runc/libcontainer/generic_error.go", {st_mode=S_IFREG|0664, st_size=2219, ...}) = 0
17035 openat(AT_FDCWD, "/home/hmeng/go/src/github.com/opencontainers/runc/libcontainer/generic_error.go", O_RDONLY|O_CLOEXEC) = 6
17035 close(6)                          = 0
17035 lstat("/home/hmeng/go/src/github.com/opencontainers/runc/libcontainer/generic_error_test.go", {st_mode=S_IFREG|0664, st_size=240, ...}) = 0
17035 openat(AT_FDCWD, "/home/hmeng/go/src/github.com/opencontainers/runc/libcontainer/generic_error_test.go", O_RDONLY|O_CLOEXEC) = 6
17035 close(6)                          = 0
17035 lstat("/home/hmeng/go/src/github.com/opencontainers/runc/libcontainer/init_linux.go", {st_mode=S_IFREG|0664, st_size=9917, ...}) = 0
17035 openat(AT_FDCWD, "/home/hmeng/go/src/github.com/opencontainers/runc/libcontainer/init_linux.go", O_RDONLY|O_CLOEXEC) = 6
17035 close(6)                          = 0
17035 lstat("/home/hmeng/go/src/github.com/opencontainers/runc/libcontainer/integration", {st_mode=S_IFDIR|0775, st_size=4096, ...}) = 0
17035 openat(AT_FDCWD, "/home/hmeng/go/src/github.com/opencontainers/runc/libcontainer/integration", O_RDONLY|O_CLOEXEC) = 6
17035 getdents64(6, /* 10 entries */, 4096) = 344
17035 getdents64(6, /* 0 entries */, 4096) = 0
17035 close(6)                          = 0
17035 lstat("/home/hmeng/go/src/github.com/opencontainers/runc/libcontainer/integration/checkpoint_test.go", {st_mode=S_IFREG|0664, st_size=3560, ...}) = 0
17035 openat(AT_FDCWD, "/home/hmeng/go/src/github.com/opencontainers/runc/libcontainer/integration/checkpoint_test.go", O_RDONLY|O_CLOEXEC) = 6
17035 close(6)                          = 0
17035 lstat("/home/hmeng/go/src/github.com/opencontainers/runc/libcontainer/integration/doc.go", {st_mode=S_IFREG|0664, st_size=83, ...}) = 0
17035 openat(AT_FDCWD, "/home/hmeng/go/src/github.com/opencontainers/runc/libcontainer/integration/doc.go", O_RDONLY|O_CLOEXEC) = 6
17035 close(6)                          = 0
17035 lstat("/home/hmeng/go/src/github.com/opencontainers/runc/libcontainer/integration/exec_test.go", {st_mode=S_IFREG|0664, st_size=40033, ...}) = 0
17035 openat(AT_FDCWD, "/home/hmeng/go/src/github.com/opencontainers/runc/libcontainer/integration/exec_test.go", O_RDONLY|O_CLOEXEC) = 6
17035 close(6)                          = 0
17035 lstat("/home/hmeng/go/src/github.com/opencontainers/runc/libcontainer/integration/execin_test.go", {st_mode=S_IFREG|0664, st_size=11044, ...}) = 0
17035 openat(AT_FDCWD, "/home/hmeng/go/src/github.com/opencontainers/runc/libcontainer/integration/execin_test.go", O_RDONLY|O_CLOEXEC) = 6
17035 close(6)                          = 0
17035 lstat("/home/hmeng/go/src/github.com/opencontainers/runc/libcontainer/integration/init_test.go", {st_mode=S_IFREG|0664, st_size=1274, ...}) = 0
17035 openat(AT_FDCWD, "/home/hmeng/go/src/github.com/opencontainers/runc/libcontainer/integration/init_test.go", O_RDONLY|O_CLOEXEC) = 6
17035 close(6)                          = 0
17035 lstat("/home/hmeng/go/src/github.com/opencontainers/runc/libcontainer/integration/seccomp_test.go", {st_mode=S_IFREG|0664, st_size=4469, ...}) = 0
17035 openat(AT_FDCWD, "/home/hmeng/go/src/github.com/opencontainers/runc/libcontainer/integration/seccomp_test.go", O_RDONLY|O_CLOEXEC) = 6
17035 close(6)                          = 0
17035 lstat("/home/hmeng/go/src/github.com/opencontainers/runc/libcontainer/integration/template_test.go", {st_mode=S_IFREG|0664, st_size=2890, ...}) = 0
17035 openat(AT_FDCWD, "/home/hmeng/go/src/github.com/opencontainers/runc/libcontainer/integration/template_test.go", O_RDONLY|O_CLOEXEC) = 6
17035 close(6)                          = 0
17035 lstat("/home/hmeng/go/src/github.com/opencontainers/runc/libcontainer/integration/utils_test.go", {st_mode=S_IFREG|0664, st_size=3496, ...}) = 0
17035 openat(AT_FDCWD, "/home/hmeng/go/src/github.com/opencontainers/runc/libcontainer/integration/utils_test.go", O_RDONLY|O_CLOEXEC) = 6
17035 close(6)                          = 0
17035 lstat("/home/hmeng/go/src/github.com/opencontainers/runc/libcontainer/keys", {st_mode=S_IFDIR|0775, st_size=22, ...}) = 0
17035 openat(AT_FDCWD, "/home/hmeng/go/src/github.com/opencontainers/runc/libcontainer/keys", O_RDONLY|O_CLOEXEC) = 6
17035 getdents64(6, /* 3 entries */, 4096) = 80
17035 getdents64(6, /* 0 entries */, 4096) = 0
17035 close(6)                          = 0
17035 lstat("/home/hmeng/go/src/github.com/opencontainers/runc/libcontainer/keys/keyctl.go", {st_mode=S_IFREG|0664, st_size=1606, ...}) = 0
17035 openat(AT_FDCWD, "/home/hmeng/go/src/github.com/opencontainers/runc/libcontainer/keys/keyctl.go", O_RDONLY|O_CLOEXEC) = 6
17035 close(6)                          = 0
17035 lstat("/home/hmeng/go/src/github.com/opencontainers/runc/libcontainer/label", {st_mode=S_IFDIR|0775, st_size=72, ...}) = 0
17035 openat(AT_FDCWD, "/home/hmeng/go/src/github.com/opencontainers/runc/libcontainer/label", O_RDONLY|O_CLOEXEC) = 6
17035 getdents64(6, /* 5 entries */, 4096) = 168
17035 getdents64(6, /* 0 entries */, 4096) = 0
17035 close(6)                          = 0
17035 lstat("/home/hmeng/go/src/github.com/opencontainers/runc/libcontainer/label/label.go", {st_mode=S_IFREG|0664, st_size=1687, ...}) = 0
17035 openat(AT_FDCWD, "/home/hmeng/go/src/github.com/opencontainers/runc/libcontainer/label/label.go", O_RDONLY|O_CLOEXEC) = 6
17035 close(6)                          = 0
17035 lstat("/home/hmeng/go/src/github.com/opencontainers/runc/libcontainer/label/label_selinux.go", {st_mode=S_IFREG|0664, st_size=5898, ...}) = 0
17035 openat(AT_FDCWD, "/home/hmeng/go/src/github.com/opencontainers/runc/libcontainer/label/label_selinux.go", O_RDONLY|O_CLOEXEC) = 6
17035 close(6)                          = 0
17035 lstat("/home/hmeng/go/src/github.com/opencontainers/runc/libcontainer/label/label_selinux_test.go", {st_mode=S_IFREG|0664, st_size=3679, ...}) = 0
17035 openat(AT_FDCWD, "/home/hmeng/go/src/github.com/opencontainers/runc/libcontainer/label/label_selinux_test.go", O_RDONLY|O_CLOEXEC) = 6
17035 close(6)                          = 0
17035 lstat("/home/hmeng/go/src/github.com/opencontainers/runc/libcontainer/message_linux.go", {st_mode=S_IFREG|0664, st_size=2057, ...}) = 0
17035 openat(AT_FDCWD, "/home/hmeng/go/src/github.com/opencontainers/runc/libcontainer/message_linux.go", O_RDONLY|O_CLOEXEC) = 6
17035 close(6)                          = 0
17035 lstat("/home/hmeng/go/src/github.com/opencontainers/runc/libcontainer/network_linux.go", {st_mode=S_IFREG|0664, st_size=6584, ...}) = 0
17035 openat(AT_FDCWD, "/home/hmeng/go/src/github.com/opencontainers/runc/libcontainer/network_linux.go", O_RDONLY|O_CLOEXEC) = 6
17035 close(6)                          = 0
17035 lstat("/home/hmeng/go/src/github.com/opencontainers/runc/libcontainer/notify_linux.go", {st_mode=S_IFREG|0664, st_size=2148, ...}) = 0
17035 openat(AT_FDCWD, "/home/hmeng/go/src/github.com/opencontainers/runc/libcontainer/notify_linux.go", O_RDONLY|O_CLOEXEC) = 6
17035 close(6)                          = 0
17035 lstat("/home/hmeng/go/src/github.com/opencontainers/runc/libcontainer/notify_linux_test.go", {st_mode=S_IFREG|0664, st_size=3109, ...}) = 0
17035 openat(AT_FDCWD, "/home/hmeng/go/src/github.com/opencontainers/runc/libcontainer/notify_linux_test.go", O_RDONLY|O_CLOEXEC) = 6
17035 close(6)                          = 0
17035 lstat("/home/hmeng/go/src/github.com/opencontainers/runc/libcontainer/nsenter", {st_mode=S_IFDIR|0775, st_size=4096, ...}) = 0
17035 openat(AT_FDCWD, "/home/hmeng/go/src/github.com/opencontainers/runc/libcontainer/nsenter", O_RDONLY|O_CLOEXEC) = 6
17035 getdents64(6, /* 8 entries */, 4096) = 272
17035 getdents64(6, /* 0 entries */, 4096) = 0
17035 close(6)                          = 0
17035 lstat("/home/hmeng/go/src/github.com/opencontainers/runc/libcontainer/nsenter/README.md", {st_mode=S_IFREG|0664, st_size=1394, ...}) = 0
17035 openat(AT_FDCWD, "/home/hmeng/go/src/github.com/opencontainers/runc/libcontainer/nsenter/README.md", O_RDONLY|O_CLOEXEC) = 6
17035 close(6)                          = 0
17035 lstat("/home/hmeng/go/src/github.com/opencontainers/runc/libcontainer/nsenter/nsenter.go", {st_mode=S_IFREG|0664, st_size=159, ...}) = 0
17035 openat(AT_FDCWD, "/home/hmeng/go/src/github.com/opencontainers/runc/libcontainer/nsenter/nsenter.go", O_RDONLY|O_CLOEXEC) = 6
17035 close(6)                          = 0
17035 lstat("/home/hmeng/go/src/github.com/opencontainers/runc/libcontainer/nsenter/nsenter_gccgo.go", {st_mode=S_IFREG|0664, st_size=502, ...}) = 0
17035 openat(AT_FDCWD, "/home/hmeng/go/src/github.com/opencontainers/runc/libcontainer/nsenter/nsenter_gccgo.go", O_RDONLY|O_CLOEXEC) = 6
17035 close(6)                          = 0
17035 lstat("/home/hmeng/go/src/github.com/opencontainers/runc/libcontainer/nsenter/nsenter_test.go", {st_mode=S_IFREG|0664, st_size=3050, ...}) = 0
17035 openat(AT_FDCWD, "/home/hmeng/go/src/github.com/opencontainers/runc/libcontainer/nsenter/nsenter_test.go", O_RDONLY|O_CLOEXEC) = 6
17035 close(6)                          = 0
17035 lstat("/home/hmeng/go/src/github.com/opencontainers/runc/libcontainer/nsenter/nsenter_unsupported.go", {st_mode=S_IFREG|0664, st_size=51, ...}) = 0
17035 openat(AT_FDCWD, "/home/hmeng/go/src/github.com/opencontainers/runc/libcontainer/nsenter/nsenter_unsupported.go", O_RDONLY|O_CLOEXEC) = 6
17035 close(6)                          = 0
17035 lstat("/home/hmeng/go/src/github.com/opencontainers/runc/libcontainer/nsenter/nsexec.c", {st_mode=S_IFREG|0664, st_size=10978, ...}) = 0
17035 openat(AT_FDCWD, "/home/hmeng/go/src/github.com/opencontainers/runc/libcontainer/nsenter/nsexec.c", O_RDONLY|O_CLOEXEC) = 6
17035 close(6)                          = 0
17035 lstat("/home/hmeng/go/src/github.com/opencontainers/runc/libcontainer/process.go", {st_mode=S_IFREG|0664, st_size=3470, ...}) = 0
17035 openat(AT_FDCWD, "/home/hmeng/go/src/github.com/opencontainers/runc/libcontainer/process.go", O_RDONLY|O_CLOEXEC) = 6
17035 close(6)                          = 0
17035 lstat("/home/hmeng/go/src/github.com/opencontainers/runc/libcontainer/process_linux.go", {st_mode=S_IFREG|0664, st_size=13671, ...}) = 0
17035 openat(AT_FDCWD, "/home/hmeng/go/src/github.com/opencontainers/runc/libcontainer/process_linux.go", O_RDONLY|O_CLOEXEC) = 6
17035 close(6)                          = 0
17035 lstat("/home/hmeng/go/src/github.com/opencontainers/runc/libcontainer/restored_process.go", {st_mode=S_IFREG|0664, st_size=2685, ...}) = 0
17035 openat(AT_FDCWD, "/home/hmeng/go/src/github.com/opencontainers/runc/libcontainer/restored_process.go", O_RDONLY|O_CLOEXEC) = 6
17035 close(6)                          = 0
17035 lstat("/home/hmeng/go/src/github.com/opencontainers/runc/libcontainer/rootfs_linux.go", {st_mode=S_IFREG|0664, st_size=20725, ...}) = 0
17035 openat(AT_FDCWD, "/home/hmeng/go/src/github.com/opencontainers/runc/libcontainer/rootfs_linux.go", O_RDONLY|O_CLOEXEC) = 6
17035 close(6)                          = 0
17035 lstat("/home/hmeng/go/src/github.com/opencontainers/runc/libcontainer/rootfs_linux_test.go", {st_mode=S_IFREG|0664, st_size=2022, ...}) = 0
17035 openat(AT_FDCWD, "/home/hmeng/go/src/github.com/opencontainers/runc/libcontainer/rootfs_linux_test.go", O_RDONLY|O_CLOEXEC) = 6
17035 close(6)                          = 0
17035 lstat("/home/hmeng/go/src/github.com/opencontainers/runc/libcontainer/seccomp", {st_mode=S_IFDIR|0775, st_size=4096, ...}) = 0
17035 openat(AT_FDCWD, "/home/hmeng/go/src/github.com/opencontainers/runc/libcontainer/seccomp", O_RDONLY|O_CLOEXEC) = 6
17035 getdents64(6, /* 7 entries */, 4096) = 248
17035 getdents64(6, /* 0 entries */, 4096) = 0
17035 close(6)                          = 0
17035 lstat("/home/hmeng/go/src/github.com/opencontainers/runc/libcontainer/seccomp/config.go", {st_mode=S_IFREG|0664, st_size=2527, ...}) = 0
17035 openat(AT_FDCWD, "/home/hmeng/go/src/github.com/opencontainers/runc/libcontainer/seccomp/config.go", O_RDONLY|O_CLOEXEC) = 6
17035 close(6)                          = 0
17035 lstat("/home/hmeng/go/src/github.com/opencontainers/runc/libcontainer/seccomp/fixtures", {st_mode=S_IFDIR|0775, st_size=29, ...}) = 0
17035 openat(AT_FDCWD, "/home/hmeng/go/src/github.com/opencontainers/runc/libcontainer/seccomp/fixtures", O_RDONLY|O_CLOEXEC) = 6
17035 getdents64(6, /* 3 entries */, 4096) = 88
17035 getdents64(6, /* 0 entries */, 4096) = 0
17035 close(6)                          = 0
17035 lstat("/home/hmeng/go/src/github.com/opencontainers/runc/libcontainer/seccomp/fixtures/proc_self_status", {st_mode=S_IFREG|0664, st_size=1007, ...}) = 0
17035 openat(AT_FDCWD, "/home/hmeng/go/src/github.com/opencontainers/runc/libcontainer/seccomp/fixtures/proc_self_status", O_RDONLY|O_CLOEXEC) = 6
17035 close(6)                          = 0
17035 lstat("/home/hmeng/go/src/github.com/opencontainers/runc/libcontainer/seccomp/seccomp_linux.go", {st_mode=S_IFREG|0664, st_size=5879, ...}) = 0
17035 openat(AT_FDCWD, "/home/hmeng/go/src/github.com/opencontainers/runc/libcontainer/seccomp/seccomp_linux.go", O_RDONLY|O_CLOEXEC) = 6
17035 close(6)                          = 0
17035 lstat("/home/hmeng/go/src/github.com/opencontainers/runc/libcontainer/seccomp/seccomp_linux_test.go", {st_mode=S_IFREG|0664, st_size=300, ...}) = 0
17035 openat(AT_FDCWD, "/home/hmeng/go/src/github.com/opencontainers/runc/libcontainer/seccomp/seccomp_linux_test.go", O_RDONLY|O_CLOEXEC) = 6
17035 close(6)                          = 0
17035 lstat("/home/hmeng/go/src/github.com/opencontainers/runc/libcontainer/seccomp/seccomp_unsupported.go", {st_mode=S_IFREG|0664, st_size=497, ...}) = 0
17035 openat(AT_FDCWD, "/home/hmeng/go/src/github.com/opencontainers/runc/libcontainer/seccomp/seccomp_unsupported.go", O_RDONLY|O_CLOEXEC) = 6
17035 close(6)                          = 0
17035 lstat("/home/hmeng/go/src/github.com/opencontainers/runc/libcontainer/selinux", {st_mode=S_IFDIR|0775, st_size=45, ...}) = 0
17035 openat(AT_FDCWD, "/home/hmeng/go/src/github.com/opencontainers/runc/libcontainer/selinux", O_RDONLY|O_CLOEXEC) = 6
17035 getdents64(6, /* 4 entries */, 4096) = 120
17035 getdents64(6, /* 0 entries */, 4096) = 0
17035 close(6)                          = 0
17035 lstat("/home/hmeng/go/src/github.com/opencontainers/runc/libcontainer/selinux/selinux.go", {st_mode=S_IFREG|0664, st_size=10853, ...}) = 0
17035 openat(AT_FDCWD, "/home/hmeng/go/src/github.com/opencontainers/runc/libcontainer/selinux/selinux.go", O_RDONLY|O_CLOEXEC) = 6
17035 close(6)                          = 0
17035 lstat("/home/hmeng/go/src/github.com/opencontainers/runc/libcontainer/selinux/selinux_test.go", {st_mode=S_IFREG|0664, st_size=2004, ...}) = 0
17035 openat(AT_FDCWD, "/home/hmeng/go/src/github.com/opencontainers/runc/libcontainer/selinux/selinux_test.go", O_RDONLY|O_CLOEXEC) = 6
17035 close(6)                          = 0
17035 lstat("/home/hmeng/go/src/github.com/opencontainers/runc/libcontainer/setgroups_linux.go", {st_mode=S_IFREG|0664, st_size=293, ...}) = 0
17035 openat(AT_FDCWD, "/home/hmeng/go/src/github.com/opencontainers/runc/libcontainer/setgroups_linux.go", O_RDONLY|O_CLOEXEC) = 6
17035 close(6)                          = 0
17035 lstat("/home/hmeng/go/src/github.com/opencontainers/runc/libcontainer/setns_init_linux.go", {st_mode=S_IFREG|0664, st_size=1411, ...}) = 0
17035 openat(AT_FDCWD, "/home/hmeng/go/src/github.com/opencontainers/runc/libcontainer/setns_init_linux.go", O_RDONLY|O_CLOEXEC) = 6
17035 close(6)                          = 0
17035 lstat("/home/hmeng/go/src/github.com/opencontainers/runc/libcontainer/specconv", {st_mode=S_IFDIR|0775, st_size=51, ...}) = 0
17035 openat(AT_FDCWD, "/home/hmeng/go/src/github.com/opencontainers/runc/libcontainer/specconv", O_RDONLY|O_CLOEXEC) = 6
17035 getdents64(6, /* 4 entries */, 4096) = 128
17035 getdents64(6, /* 0 entries */, 4096) = 0
17035 close(6)                          = 0
17035 lstat("/home/hmeng/go/src/github.com/opencontainers/runc/libcontainer/specconv/spec_linux.go", {st_mode=S_IFREG|0664, st_size=19372, ...}) = 0
17035 openat(AT_FDCWD, "/home/hmeng/go/src/github.com/opencontainers/runc/libcontainer/specconv/spec_linux.go", O_RDONLY|O_CLOEXEC) = 6
17035 close(6)                          = 0
17035 lstat("/home/hmeng/go/src/github.com/opencontainers/runc/libcontainer/specconv/spec_linux_test.go", {st_mode=S_IFREG|0664, st_size=911, ...}) = 0
17035 openat(AT_FDCWD, "/home/hmeng/go/src/github.com/opencontainers/runc/libcontainer/specconv/spec_linux_test.go", O_RDONLY|O_CLOEXEC) = 6
17035 close(6)                          = 0
17035 lstat("/home/hmeng/go/src/github.com/opencontainers/runc/libcontainer/stacktrace", {st_mode=S_IFDIR|0775, st_size=100, ...}) = 0
17035 openat(AT_FDCWD, "/home/hmeng/go/src/github.com/opencontainers/runc/libcontainer/stacktrace", O_RDONLY|O_CLOEXEC) = 6
17035 getdents64(6, /* 7 entries */, 4096) = 232
17035 getdents64(6, /* 0 entries */, 4096) = 0
17035 close(6)                          = 0
17035 lstat("/home/hmeng/go/src/github.com/opencontainers/runc/libcontainer/stacktrace/capture.go", {st_mode=S_IFREG|0664, st_size=612, ...}) = 0
17035 openat(AT_FDCWD, "/home/hmeng/go/src/github.com/opencontainers/runc/libcontainer/stacktrace/capture.go", O_RDONLY|O_CLOEXEC) = 6
17035 close(6)                          = 0
17035 lstat("/home/hmeng/go/src/github.com/opencontainers/runc/libcontainer/stacktrace/capture_test.go", {st_mode=S_IFREG|0664, st_size=789, ...}) = 0
17035 openat(AT_FDCWD, "/home/hmeng/go/src/github.com/opencontainers/runc/libcontainer/stacktrace/capture_test.go", O_RDONLY|O_CLOEXEC) = 6
17035 close(6)                          = 0
17035 lstat("/home/hmeng/go/src/github.com/opencontainers/runc/libcontainer/stacktrace/frame.go", {st_mode=S_IFREG|0664, st_size=732, ...}) = 0
17035 openat(AT_FDCWD, "/home/hmeng/go/src/github.com/opencontainers/runc/libcontainer/stacktrace/frame.go", O_RDONLY|O_CLOEXEC) = 6
17035 close(6)                          = 0
17035 lstat("/home/hmeng/go/src/github.com/opencontainers/runc/libcontainer/stacktrace/frame_test.go", {st_mode=S_IFREG|0664, st_size=563, ...}) = 0
17035 openat(AT_FDCWD, "/home/hmeng/go/src/github.com/opencontainers/runc/libcontainer/stacktrace/frame_test.go", O_RDONLY|O_CLOEXEC) = 6
17035 close(6)                          = 0
17035 lstat("/home/hmeng/go/src/github.com/opencontainers/runc/libcontainer/stacktrace/stacktrace.go", {st_mode=S_IFREG|0664, st_size=63, ...}) = 0
17035 openat(AT_FDCWD, "/home/hmeng/go/src/github.com/opencontainers/runc/libcontainer/stacktrace/stacktrace.go", O_RDONLY|O_CLOEXEC) = 6
17035 close(6)                          = 0
17035 lstat("/home/hmeng/go/src/github.com/opencontainers/runc/libcontainer/standard_init_linux.go", {st_mode=S_IFREG|0664, st_size=5139, ...}) = 0
17035 openat(AT_FDCWD, "/home/hmeng/go/src/github.com/opencontainers/runc/libcontainer/standard_init_linux.go", O_RDONLY|O_CLOEXEC) = 6
17035 close(6)                          = 0
17035 lstat("/home/hmeng/go/src/github.com/opencontainers/runc/libcontainer/state_linux.go", {st_mode=S_IFREG|0664, st_size=5358, ...}) = 0
17035 openat(AT_FDCWD, "/home/hmeng/go/src/github.com/opencontainers/runc/libcontainer/state_linux.go", O_RDONLY|O_CLOEXEC) = 6
17035 close(6)                          = 0
17032 <... select resumed> )            = 0 (Timeout)
17035 lstat("/home/hmeng/go/src/github.com/opencontainers/runc/libcontainer/state_linux_test.go",  <unfinished ...>
17032 clock_gettime(CLOCK_MONOTONIC,  <unfinished ...>
17035 <... lstat resumed> {st_mode=S_IFREG|0664, st_size=1698, ...}) = 0
17032 <... clock_gettime resumed> {4903, 309944954}) = 0
17035 openat(AT_FDCWD, "/home/hmeng/go/src/github.com/opencontainers/runc/libcontainer/state_linux_test.go", O_RDONLY|O_CLOEXEC <unfinished ...>
17032 clock_gettime(CLOCK_REALTIME,  <unfinished ...>
17035 <... openat resumed> )            = 6
17032 <... clock_gettime resumed> {1465918769, 93964481}) = 0
17035 close(6 <unfinished ...>
17032 select(0, NULL, NULL, NULL, {0, 10000} <unfinished ...>
17035 <... close resumed> )             = 0
17035 lstat("/home/hmeng/go/src/github.com/opencontainers/runc/libcontainer/stats.go", {st_mode=S_IFREG|0664, st_size=260, ...}) = 0
17035 openat(AT_FDCWD, "/home/hmeng/go/src/github.com/opencontainers/runc/libcontainer/stats.go", O_RDONLY|O_CLOEXEC) = 6
17035 close(6)                          = 0
17035 lstat("/home/hmeng/go/src/github.com/opencontainers/runc/libcontainer/stats_freebsd.go", {st_mode=S_IFREG|0664, st_size=76, ...}) = 0
17035 openat(AT_FDCWD, "/home/hmeng/go/src/github.com/opencontainers/runc/libcontainer/stats_freebsd.go", O_RDONLY|O_CLOEXEC) = 6
17035 close(6)                          = 0
17035 lstat("/home/hmeng/go/src/github.com/opencontainers/runc/libcontainer/stats_linux.go", {st_mode=S_IFREG|0664, st_size=167, ...}) = 0
17035 openat(AT_FDCWD, "/home/hmeng/go/src/github.com/opencontainers/runc/libcontainer/stats_linux.go", O_RDONLY|O_CLOEXEC) = 6
17035 close(6)                          = 0
17035 lstat("/home/hmeng/go/src/github.com/opencontainers/runc/libcontainer/stats_solaris.go", {st_mode=S_IFREG|0664, st_size=95, ...}) = 0
17035 openat(AT_FDCWD, "/home/hmeng/go/src/github.com/opencontainers/runc/libcontainer/stats_solaris.go", O_RDONLY|O_CLOEXEC) = 6
17035 close(6)                          = 0
17035 lstat("/home/hmeng/go/src/github.com/opencontainers/runc/libcontainer/stats_windows.go", {st_mode=S_IFREG|0664, st_size=76, ...}) = 0
17035 openat(AT_FDCWD, "/home/hmeng/go/src/github.com/opencontainers/runc/libcontainer/stats_windows.go", O_RDONLY|O_CLOEXEC) = 6
17035 close(6)                          = 0
17035 lstat("/home/hmeng/go/src/github.com/opencontainers/runc/libcontainer/system", {st_mode=S_IFDIR|0775, st_size=4096, ...}) = 0
17035 openat(AT_FDCWD, "/home/hmeng/go/src/github.com/opencontainers/runc/libcontainer/system", O_RDONLY|O_CLOEXEC) = 6
17035 getdents64(6, /* 12 entries */, 4096) = 424
17035 getdents64(6, /* 0 entries */, 4096) = 0
17035 close(6)                          = 0
17035 lstat("/home/hmeng/go/src/github.com/opencontainers/runc/libcontainer/system/linux.go", {st_mode=S_IFREG|0664, st_size=3543, ...}) = 0
17035 openat(AT_FDCWD, "/home/hmeng/go/src/github.com/opencontainers/runc/libcontainer/system/linux.go", O_RDONLY|O_CLOEXEC) = 6
17035 close(6)                          = 0
17035 lstat("/home/hmeng/go/src/github.com/opencontainers/runc/libcontainer/system/proc.go", {st_mode=S_IFREG|0664, st_size=786, ...}) = 0
17035 openat(AT_FDCWD, "/home/hmeng/go/src/github.com/opencontainers/runc/libcontainer/system/proc.go", O_RDONLY|O_CLOEXEC) = 6
17035 close(6)                          = 0
17035 lstat("/home/hmeng/go/src/github.com/opencontainers/runc/libcontainer/system/setns_linux.go", {st_mode=S_IFREG|0664, st_size=1009, ...}) = 0
17035 openat(AT_FDCWD, "/home/hmeng/go/src/github.com/opencontainers/runc/libcontainer/system/setns_linux.go", O_RDONLY|O_CLOEXEC) = 6
17035 close(6)                          = 0
17035 lstat("/home/hmeng/go/src/github.com/opencontainers/runc/libcontainer/system/syscall_linux_386.go", {st_mode=S_IFREG|0664, st_size=487, ...}) = 0
17035 openat(AT_FDCWD, "/home/hmeng/go/src/github.com/opencontainers/runc/libcontainer/system/syscall_linux_386.go", O_RDONLY|O_CLOEXEC) = 6
17035 close(6)                          = 0
17035 lstat("/home/hmeng/go/src/github.com/opencontainers/runc/libcontainer/system/syscall_linux_64.go", {st_mode=S_IFREG|0664, st_size=547, ...}) = 0
17035 openat(AT_FDCWD, "/home/hmeng/go/src/github.com/opencontainers/runc/libcontainer/system/syscall_linux_64.go", O_RDONLY|O_CLOEXEC) = 6
17035 close(6)                          = 0
17035 lstat("/home/hmeng/go/src/github.com/opencontainers/runc/libcontainer/system/syscall_linux_arm.go", {st_mode=S_IFREG|0664, st_size=489, ...}) = 0
17035 openat(AT_FDCWD, "/home/hmeng/go/src/github.com/opencontainers/runc/libcontainer/system/syscall_linux_arm.go", O_RDONLY|O_CLOEXEC) = 6
17035 close(6)                          = 0
17035 lstat("/home/hmeng/go/src/github.com/opencontainers/runc/libcontainer/system/sysconfig.go", {st_mode=S_IFREG|0664, st_size=477, ...}) = 0
17035 openat(AT_FDCWD, "/home/hmeng/go/src/github.com/opencontainers/runc/libcontainer/system/sysconfig.go", O_RDONLY|O_CLOEXEC) = 6
17035 close(6)                          = 0
17035 lstat("/home/hmeng/go/src/github.com/opencontainers/runc/libcontainer/system/sysconfig_notcgo.go", {st_mode=S_IFREG|0664, st_size=469, ...}) = 0
17035 openat(AT_FDCWD, "/home/hmeng/go/src/github.com/opencontainers/runc/libcontainer/system/sysconfig_notcgo.go", O_RDONLY|O_CLOEXEC) = 6
17035 close(6)                          = 0
17035 lstat("/home/hmeng/go/src/github.com/opencontainers/runc/libcontainer/system/unsupported.go", {st_mode=S_IFREG|0664, st_size=155, ...}) = 0
17035 openat(AT_FDCWD, "/home/hmeng/go/src/github.com/opencontainers/runc/libcontainer/system/unsupported.go", O_RDONLY|O_CLOEXEC) = 6
17035 close(6)                          = 0
17035 lstat("/home/hmeng/go/src/github.com/opencontainers/runc/libcontainer/system/xattrs_linux.go", {st_mode=S_IFREG|0664, st_size=2861, ...}) = 0
17035 openat(AT_FDCWD, "/home/hmeng/go/src/github.com/opencontainers/runc/libcontainer/system/xattrs_linux.go", O_RDONLY|O_CLOEXEC) = 6
17035 close(6)                          = 0
17035 lstat("/home/hmeng/go/src/github.com/opencontainers/runc/libcontainer/user", {st_mode=S_IFDIR|0775, st_size=4096, ...}) = 0
17035 openat(AT_FDCWD, "/home/hmeng/go/src/github.com/opencontainers/runc/libcontainer/user", O_RDONLY|O_CLOEXEC) = 6
17035 getdents64(6, /* 8 entries */, 4096) = 264
17035 getdents64(6, /* 0 entries */, 4096) = 0
17035 close(6)                          = 0
17035 lstat("/home/hmeng/go/src/github.com/opencontainers/runc/libcontainer/user/MAINTAINERS", {st_mode=S_IFREG|0664, st_size=88, ...}) = 0
17035 openat(AT_FDCWD, "/home/hmeng/go/src/github.com/opencontainers/runc/libcontainer/user/MAINTAINERS", O_RDONLY|O_CLOEXEC) = 6
17035 close(6)                          = 0
17035 lstat("/home/hmeng/go/src/github.com/opencontainers/runc/libcontainer/user/lookup.go", {st_mode=S_IFREG|0664, st_size=3150, ...}) = 0
17035 openat(AT_FDCWD, "/home/hmeng/go/src/github.com/opencontainers/runc/libcontainer/user/lookup.go", O_RDONLY|O_CLOEXEC) = 6
17035 close(6)                          = 0
17035 lstat("/home/hmeng/go/src/github.com/opencontainers/runc/libcontainer/user/lookup_unix.go", {st_mode=S_IFREG|0664, st_size=529, ...}) = 0
17035 openat(AT_FDCWD, "/home/hmeng/go/src/github.com/opencontainers/runc/libcontainer/user/lookup_unix.go", O_RDONLY|O_CLOEXEC) = 6
17035 close(6)                          = 0
17035 lstat("/home/hmeng/go/src/github.com/opencontainers/runc/libcontainer/user/lookup_unsupported.go", {st_mode=S_IFREG|0664, st_size=380, ...}) = 0
17035 openat(AT_FDCWD, "/home/hmeng/go/src/github.com/opencontainers/runc/libcontainer/user/lookup_unsupported.go", O_RDONLY|O_CLOEXEC) = 6
17035 close(6)                          = 0
17035 lstat("/home/hmeng/go/src/github.com/opencontainers/runc/libcontainer/user/user.go", {st_mode=S_IFREG|0664, st_size=10987, ...}) = 0
17035 openat(AT_FDCWD, "/home/hmeng/go/src/github.com/opencontainers/runc/libcontainer/user/user.go", O_RDONLY|O_CLOEXEC) = 6
17035 close(6)                          = 0
17035 lstat("/home/hmeng/go/src/github.com/opencontainers/runc/libcontainer/user/user_test.go", {st_mode=S_IFREG|0664, st_size=10331, ...}) = 0
17035 openat(AT_FDCWD, "/home/hmeng/go/src/github.com/opencontainers/runc/libcontainer/user/user_test.go", O_RDONLY|O_CLOEXEC) = 6
17035 close(6)                          = 0
17035 lstat("/home/hmeng/go/src/github.com/opencontainers/runc/libcontainer/utils", {st_mode=S_IFDIR|0775, st_size=61, ...}) = 0
17035 openat(AT_FDCWD, "/home/hmeng/go/src/github.com/opencontainers/runc/libcontainer/utils", O_RDONLY|O_CLOEXEC) = 6
17035 getdents64(6, /* 5 entries */, 4096) = 160
17035 getdents64(6, /* 0 entries */, 4096) = 0
17035 close(6)                          = 0
17035 lstat("/home/hmeng/go/src/github.com/opencontainers/runc/libcontainer/utils/utils.go", {st_mode=S_IFREG|0664, st_size=3462, ...}) = 0
17035 openat(AT_FDCWD, "/home/hmeng/go/src/github.com/opencontainers/runc/libcontainer/utils/utils.go", O_RDONLY|O_CLOEXEC) = 6
17035 close(6)                          = 0
17035 lstat("/home/hmeng/go/src/github.com/opencontainers/runc/libcontainer/utils/utils_test.go", {st_mode=S_IFREG|0664, st_size=3327, ...}) = 0
17035 openat(AT_FDCWD, "/home/hmeng/go/src/github.com/opencontainers/runc/libcontainer/utils/utils_test.go", O_RDONLY|O_CLOEXEC) = 6
17035 close(6)                          = 0
17035 lstat("/home/hmeng/go/src/github.com/opencontainers/runc/libcontainer/utils/utils_unix.go", {st_mode=S_IFREG|0664, st_size=728, ...}) = 0
17035 openat(AT_FDCWD, "/home/hmeng/go/src/github.com/opencontainers/runc/libcontainer/utils/utils_unix.go", O_RDONLY|O_CLOEXEC) = 6
17035 close(6)                          = 0
17035 lstat("/home/hmeng/go/src/github.com/opencontainers/runc/libcontainer/xattr", {st_mode=S_IFDIR|0775, st_size=90, ...}) = 0
17035 openat(AT_FDCWD, "/home/hmeng/go/src/github.com/opencontainers/runc/libcontainer/xattr", O_RDONLY|O_CLOEXEC) = 6
17035 getdents64(6, /* 6 entries */, 4096) = 200
17035 getdents64(6, /* 0 entries */, 4096) = 0
17035 close(6)                          = 0
17035 lstat("/home/hmeng/go/src/github.com/opencontainers/runc/libcontainer/xattr/errors.go", {st_mode=S_IFREG|0664, st_size=168, ...}) = 0
17035 openat(AT_FDCWD, "/home/hmeng/go/src/github.com/opencontainers/runc/libcontainer/xattr/errors.go", O_RDONLY|O_CLOEXEC) = 6
17035 close(6)                          = 0
17035 lstat("/home/hmeng/go/src/github.com/opencontainers/runc/libcontainer/xattr/xattr_linux.go", {st_mode=S_IFREG|0664, st_size=1008, ...}) = 0
17035 openat(AT_FDCWD, "/home/hmeng/go/src/github.com/opencontainers/runc/libcontainer/xattr/xattr_linux.go", O_RDONLY|O_CLOEXEC) = 6
17035 close(6)                          = 0
17035 lstat("/home/hmeng/go/src/github.com/opencontainers/runc/libcontainer/xattr/xattr_test.go", {st_mode=S_IFREG|0664, st_size=1511, ...}) = 0
17035 openat(AT_FDCWD, "/home/hmeng/go/src/github.com/opencontainers/runc/libcontainer/xattr/xattr_test.go", O_RDONLY|O_CLOEXEC) = 6
17035 close(6)                          = 0
17035 lstat("/home/hmeng/go/src/github.com/opencontainers/runc/libcontainer/xattr/xattr_unsupported.go", {st_mode=S_IFREG|0664, st_size=294, ...}) = 0
17035 openat(AT_FDCWD, "/home/hmeng/go/src/github.com/opencontainers/runc/libcontainer/xattr/xattr_unsupported.go", O_RDONLY|O_CLOEXEC) = 6
17035 close(6)                          = 0
17035 lstat("/home/hmeng/go/src/github.com/opencontainers/runc/list.go", {st_mode=S_IFREG|0664, st_size=3158, ...}) = 0
17035 openat(AT_FDCWD, "/home/hmeng/go/src/github.com/opencontainers/runc/list.go", O_RDONLY|O_CLOEXEC) = 6
17035 close(6)                          = 0
17035 lstat("/home/hmeng/go/src/github.com/opencontainers/runc/main.go", {st_mode=S_IFREG|0664, st_size=3684, ...}) = 0
17035 openat(AT_FDCWD, "/home/hmeng/go/src/github.com/opencontainers/runc/main.go", O_RDONLY|O_CLOEXEC) = 6
17035 close(6)                          = 0
17035 lstat("/home/hmeng/go/src/github.com/opencontainers/runc/main_solaris.go", {st_mode=S_IFREG|0664, st_size=476, ...}) = 0
17035 openat(AT_FDCWD, "/home/hmeng/go/src/github.com/opencontainers/runc/main_solaris.go", O_RDONLY|O_CLOEXEC) = 6
17035 close(6)                          = 0
17035 lstat("/home/hmeng/go/src/github.com/opencontainers/runc/main_unix.go", {st_mode=S_IFREG|0664, st_size=804, ...}) = 0
17035 openat(AT_FDCWD, "/home/hmeng/go/src/github.com/opencontainers/runc/main_unix.go", O_RDONLY|O_CLOEXEC) = 6
17035 close(6)                          = 0
17035 lstat("/home/hmeng/go/src/github.com/opencontainers/runc/main_unsupported.go", {st_mode=S_IFREG|0664, st_size=236, ...}) = 0
17035 openat(AT_FDCWD, "/home/hmeng/go/src/github.com/opencontainers/runc/main_unsupported.go", O_RDONLY|O_CLOEXEC) = 6
17035 close(6)                          = 0
17035 lstat("/home/hmeng/go/src/github.com/opencontainers/runc/man", {st_mode=S_IFDIR|0775, st_size=4096, ...}) = 0
17035 openat(AT_FDCWD, "/home/hmeng/go/src/github.com/opencontainers/runc/man", O_RDONLY|O_CLOEXEC) = 6
17035 getdents64(6, /* 19 entries */, 4096) = 704
17035 getdents64(6, /* 0 entries */, 4096) = 0
17035 close(6)                          = 0
17035 lstat("/home/hmeng/go/src/github.com/opencontainers/runc/man/README.md", {st_mode=S_IFREG|0664, st_size=231, ...}) = 0
17035 openat(AT_FDCWD, "/home/hmeng/go/src/github.com/opencontainers/runc/man/README.md", O_RDONLY|O_CLOEXEC) = 6
17035 close(6)                          = 0
17035 lstat("/home/hmeng/go/src/github.com/opencontainers/runc/man/md2man-all.sh", {st_mode=S_IFREG|0775, st_size=435, ...}) = 0
17035 openat(AT_FDCWD, "/home/hmeng/go/src/github.com/opencontainers/runc/man/md2man-all.sh", O_RDONLY|O_CLOEXEC) = 6
17035 close(6)                          = 0
17035 lstat("/home/hmeng/go/src/github.com/opencontainers/runc/man/runc-checkpoint.8.md", {st_mode=S_IFREG|0664, st_size=981, ...}) = 0
17035 openat(AT_FDCWD, "/home/hmeng/go/src/github.com/opencontainers/runc/man/runc-checkpoint.8.md", O_RDONLY|O_CLOEXEC) = 6
17035 close(6)                          = 0
17035 lstat("/home/hmeng/go/src/github.com/opencontainers/runc/man/runc-delete.8.md", {st_mode=S_IFREG|0664, st_size=487, ...}) = 0
17035 openat(AT_FDCWD, "/home/hmeng/go/src/github.com/opencontainers/runc/man/runc-delete.8.md", O_RDONLY|O_CLOEXEC) = 6
17035 close(6)                          = 0
17035 lstat("/home/hmeng/go/src/github.com/opencontainers/runc/man/runc-events.8.md", {st_mode=S_IFREG|0664, st_size=532, ...}) = 0
17035 openat(AT_FDCWD, "/home/hmeng/go/src/github.com/opencontainers/runc/man/runc-events.8.md", O_RDONLY|O_CLOEXEC) = 6
17035 close(6)                          = 0
17035 lstat("/home/hmeng/go/src/github.com/opencontainers/runc/man/runc-exec.8.md", {st_mode=S_IFREG|0664, st_size=1461, ...}) = 0
17035 openat(AT_FDCWD, "/home/hmeng/go/src/github.com/opencontainers/runc/man/runc-exec.8.md", O_RDONLY|O_CLOEXEC) = 6
17035 close(6)                          = 0
17035 lstat("/home/hmeng/go/src/github.com/opencontainers/runc/man/runc-kill.8.md", {st_mode=S_IFREG|0664, st_size=467, ...}) = 0
17035 openat(AT_FDCWD, "/home/hmeng/go/src/github.com/opencontainers/runc/man/runc-kill.8.md", O_RDONLY|O_CLOEXEC) = 6
17035 close(6)                          = 0
17035 lstat("/home/hmeng/go/src/github.com/opencontainers/runc/man/runc-list.8.md", {st_mode=S_IFREG|0664, st_size=283, ...}) = 0
17035 openat(AT_FDCWD, "/home/hmeng/go/src/github.com/opencontainers/runc/man/runc-list.8.md", O_RDONLY|O_CLOEXEC) = 6
17035 close(6)                          = 0
17035 lstat("/home/hmeng/go/src/github.com/opencontainers/runc/man/runc-pause.8.md", {st_mode=S_IFREG|0664, st_size=367, ...}) = 0
17035 openat(AT_FDCWD, "/home/hmeng/go/src/github.com/opencontainers/runc/man/runc-pause.8.md", O_RDONLY|O_CLOEXEC) = 6
17035 close(6)                          = 0
17035 lstat("/home/hmeng/go/src/github.com/opencontainers/runc/man/runc-ps.8.md", {st_mode=S_IFREG|0664, st_size=348, ...}) = 0
17035 openat(AT_FDCWD, "/home/hmeng/go/src/github.com/opencontainers/runc/man/runc-ps.8.md", O_RDONLY|O_CLOEXEC) = 6
17035 close(6)                          = 0
17035 lstat("/home/hmeng/go/src/github.com/opencontainers/runc/man/runc-restore.8.md", {st_mode=S_IFREG|0664, st_size=1278, ...}) = 0
17035 openat(AT_FDCWD, "/home/hmeng/go/src/github.com/opencontainers/runc/man/runc-restore.8.md", O_RDONLY|O_CLOEXEC) = 6
17035 close(6)                          = 0
17035 lstat("/home/hmeng/go/src/github.com/opencontainers/runc/man/runc-resume.8.md", {st_mode=S_IFREG|0664, st_size=374, ...}) = 0
17035 openat(AT_FDCWD, "/home/hmeng/go/src/github.com/opencontainers/runc/man/runc-resume.8.md", O_RDONLY|O_CLOEXEC) = 6
17035 close(6)                          = 0
17035 lstat("/home/hmeng/go/src/github.com/opencontainers/runc/man/runc-spec.8.md", {st_mode=S_IFREG|0664, st_size=2026, ...}) = 0
17035 openat(AT_FDCWD, "/home/hmeng/go/src/github.com/opencontainers/runc/man/runc-spec.8.md", O_RDONLY|O_CLOEXEC) = 6
17035 close(6)                          = 0
17035 lstat("/home/hmeng/go/src/github.com/opencontainers/runc/man/runc-start.8.md", {st_mode=S_IFREG|0664, st_size=1337, ...}) = 0
17035 openat(AT_FDCWD, "/home/hmeng/go/src/github.com/opencontainers/runc/man/runc-start.8.md", O_RDONLY|O_CLOEXEC) = 6
17035 close(6)                          = 0
17035 lstat("/home/hmeng/go/src/github.com/opencontainers/runc/man/runc-state.8.md", {st_mode=S_IFREG|0664, st_size=271, ...}) = 0
17035 openat(AT_FDCWD, "/home/hmeng/go/src/github.com/opencontainers/runc/man/runc-state.8.md", O_RDONLY|O_CLOEXEC) = 6
17035 close(6)                          = 0
17035 lstat("/home/hmeng/go/src/github.com/opencontainers/runc/man/runc-update.8.md", {st_mode=S_IFREG|0664, st_size=1660, ...}) = 0
17035 openat(AT_FDCWD, "/home/hmeng/go/src/github.com/opencontainers/runc/man/runc-update.8.md", O_RDONLY|O_CLOEXEC) = 6
17035 close(6)                          = 0
17035 lstat("/home/hmeng/go/src/github.com/opencontainers/runc/man/runc.8.md", {st_mode=S_IFREG|0664, st_size=3046, ...}) = 0
17035 openat(AT_FDCWD, "/home/hmeng/go/src/github.com/opencontainers/runc/man/runc.8.md", O_RDONLY|O_CLOEXEC) = 6
17035 close(6)                          = 0
17035 lstat("/home/hmeng/go/src/github.com/opencontainers/runc/out", {st_mode=S_IFREG|0664, st_size=3083, ...}) = 0
17035 openat(AT_FDCWD, "/home/hmeng/go/src/github.com/opencontainers/runc/out", O_RDONLY|O_CLOEXEC) = 6
17035 close(6)                          = 0
17035 lstat("/home/hmeng/go/src/github.com/opencontainers/runc/out1", {st_mode=S_IFREG|0664, st_size=27232, ...}) = 0
17035 openat(AT_FDCWD, "/home/hmeng/go/src/github.com/opencontainers/runc/out1", O_RDONLY|O_CLOEXEC) = 6
17035 close(6)                          = 0
17035 lstat("/home/hmeng/go/src/github.com/opencontainers/runc/pause.go", {st_mode=S_IFREG|0664, st_size=1264, ...}) = 0
17035 openat(AT_FDCWD, "/home/hmeng/go/src/github.com/opencontainers/runc/pause.go", O_RDONLY|O_CLOEXEC) = 6
17035 close(6)                          = 0
17035 lstat("/home/hmeng/go/src/github.com/opencontainers/runc/ps.go", {st_mode=S_IFREG|0664, st_size=1715, ...}) = 0
17035 openat(AT_FDCWD, "/home/hmeng/go/src/github.com/opencontainers/runc/ps.go", O_RDONLY|O_CLOEXEC) = 6
17035 close(6)                          = 0
17035 lstat("/home/hmeng/go/src/github.com/opencontainers/runc/restore.go", {st_mode=S_IFREG|0664, st_size=5106, ...}) = 0
17035 openat(AT_FDCWD, "/home/hmeng/go/src/github.com/opencontainers/runc/restore.go", O_RDONLY|O_CLOEXEC) = 6
17035 close(6)                          = 0
17035 lstat("/home/hmeng/go/src/github.com/opencontainers/runc/rlimit_linux.go", {st_mode=S_IFREG|0664, st_size=1651, ...}) = 0
17035 openat(AT_FDCWD, "/home/hmeng/go/src/github.com/opencontainers/runc/rlimit_linux.go", O_RDONLY|O_CLOEXEC) = 6
17035 close(6)                          = 0
17035 lstat("/home/hmeng/go/src/github.com/opencontainers/runc/run.go", {st_mode=S_IFREG|0664, st_size=2224, ...}) = 0
17035 openat(AT_FDCWD, "/home/hmeng/go/src/github.com/opencontainers/runc/run.go", O_RDONLY|O_CLOEXEC) = 6
17035 close(6)                          = 0
17035 lstat("/home/hmeng/go/src/github.com/opencontainers/runc/runc", {st_mode=S_IFREG|0755, st_size=9703050, ...}) = 0
17035 openat(AT_FDCWD, "/home/hmeng/go/src/github.com/opencontainers/runc/runc", O_RDONLY|O_CLOEXEC) = 6
17035 close(6)                          = 0
17035 lstat("/home/hmeng/go/src/github.com/opencontainers/runc/script", {st_mode=S_IFDIR|0775, st_size=102, ...}) = 0
17035 openat(AT_FDCWD, "/home/hmeng/go/src/github.com/opencontainers/runc/script", O_RDONLY|O_CLOEXEC) = 6
17035 getdents64(6, /* 7 entries */, 4096) = 232
17035 getdents64(6, /* 0 entries */, 4096) = 0
17035 close(6)                          = 0
17035 lstat("/home/hmeng/go/src/github.com/opencontainers/runc/script/.validate", {st_mode=S_IFREG|0664, st_size=976, ...}) = 0
17035 openat(AT_FDCWD, "/home/hmeng/go/src/github.com/opencontainers/runc/script/.validate", O_RDONLY|O_CLOEXEC) = 6
17035 close(6)                          = 0
17035 lstat("/home/hmeng/go/src/github.com/opencontainers/runc/script/check-config.sh", {st_mode=S_IFREG|0775, st_size=5574, ...}) = 0
17035 openat(AT_FDCWD, "/home/hmeng/go/src/github.com/opencontainers/runc/script/check-config.sh", O_RDONLY|O_CLOEXEC) = 6
17035 close(6)                          = 0
17035 lstat("/home/hmeng/go/src/github.com/opencontainers/runc/script/test_Dockerfile", {st_mode=S_IFREG|0664, st_size=1351, ...}) = 0
17035 openat(AT_FDCWD, "/home/hmeng/go/src/github.com/opencontainers/runc/script/test_Dockerfile", O_RDONLY|O_CLOEXEC) = 6
17035 close(6)                          = 0
17035 lstat("/home/hmeng/go/src/github.com/opencontainers/runc/script/tmpmount", {st_mode=S_IFREG|0775, st_size=48, ...}) = 0
17035 openat(AT_FDCWD, "/home/hmeng/go/src/github.com/opencontainers/runc/script/tmpmount", O_RDONLY|O_CLOEXEC) = 6
17035 close(6)                          = 0
17035 lstat("/home/hmeng/go/src/github.com/opencontainers/runc/script/validate-gofmt", {st_mode=S_IFREG|0775, st_size=712, ...}) = 0
17035 openat(AT_FDCWD, "/home/hmeng/go/src/github.com/opencontainers/runc/script/validate-gofmt", O_RDONLY|O_CLOEXEC) = 6
17035 close(6)                          = 0
17035 lstat("/home/hmeng/go/src/github.com/opencontainers/runc/signals.go", {st_mode=S_IFREG|0664, st_size=2935, ...}) = 0
17035 openat(AT_FDCWD, "/home/hmeng/go/src/github.com/opencontainers/runc/signals.go", O_RDONLY|O_CLOEXEC) = 6
17035 close(6)                          = 0
17035 lstat("/home/hmeng/go/src/github.com/opencontainers/runc/spec.go", {st_mode=S_IFREG|0664, st_size=6596, ...}) = 0
17035 openat(AT_FDCWD, "/home/hmeng/go/src/github.com/opencontainers/runc/spec.go", O_RDONLY|O_CLOEXEC) = 6
17035 close(6)                          = 0
17035 lstat("/home/hmeng/go/src/github.com/opencontainers/runc/start.go", {st_mode=S_IFREG|0664, st_size=1091, ...}) = 0
17035 openat(AT_FDCWD, "/home/hmeng/go/src/github.com/opencontainers/runc/start.go", O_RDONLY|O_CLOEXEC) = 6
17035 close(6)                          = 0
17035 lstat("/home/hmeng/go/src/github.com/opencontainers/runc/state.go", {st_mode=S_IFREG|0664, st_size=2353, ...}) = 0
17035 openat(AT_FDCWD, "/home/hmeng/go/src/github.com/opencontainers/runc/state.go", O_RDONLY|O_CLOEXEC) = 6
17035 close(6)                          = 0
17035 lstat("/home/hmeng/go/src/github.com/opencontainers/runc/test.log", {st_mode=S_IFREG|0644, st_size=451606, ...}) = 0
17035 openat(AT_FDCWD, "/home/hmeng/go/src/github.com/opencontainers/runc/test.log", O_RDONLY|O_CLOEXEC) = 6
17035 close(6)                          = 0
17035 lstat("/home/hmeng/go/src/github.com/opencontainers/runc/tests", {st_mode=S_IFDIR|0775, st_size=24, ...}) = 0
17035 openat(AT_FDCWD, "/home/hmeng/go/src/github.com/opencontainers/runc/tests", O_RDONLY|O_CLOEXEC) = 6
17035 getdents64(6, /* 3 entries */, 4096) = 80
17035 getdents64(6, /* 0 entries */, 4096) = 0
17035 close(6)                          = 0
17035 lstat("/home/hmeng/go/src/github.com/opencontainers/runc/tests/integration", {st_mode=S_IFDIR|0775, st_size=4096, ...}) = 0
17035 openat(AT_FDCWD, "/home/hmeng/go/src/github.com/opencontainers/runc/tests/integration", O_RDONLY|O_CLOEXEC) = 6
17035 getdents64(6, /* 23 entries */, 4096) = 744
17035 getdents64(6, /* 0 entries */, 4096) = 0
17035 close(6)                          = 0
17035 lstat("/home/hmeng/go/src/github.com/opencontainers/runc/tests/integration/README.md", {st_mode=S_IFREG|0664, st_size=2166, ...}) = 0
17035 openat(AT_FDCWD, "/home/hmeng/go/src/github.com/opencontainers/runc/tests/integration/README.md", O_RDONLY|O_CLOEXEC) = 6
17035 close(6)                          = 0
17035 lstat("/home/hmeng/go/src/github.com/opencontainers/runc/tests/integration/cgroups.bats", {st_mode=S_IFREG|0664, st_size=2382, ...}) = 0
17035 openat(AT_FDCWD, "/home/hmeng/go/src/github.com/opencontainers/runc/tests/integration/cgroups.bats", O_RDONLY|O_CLOEXEC) = 6
17035 close(6)                          = 0
17035 lstat("/home/hmeng/go/src/github.com/opencontainers/runc/tests/integration/checkpoint.bats", {st_mode=S_IFREG|0664, st_size=1366, ...}) = 0
17035 openat(AT_FDCWD, "/home/hmeng/go/src/github.com/opencontainers/runc/tests/integration/checkpoint.bats", O_RDONLY|O_CLOEXEC) = 6
17035 close(6)                          = 0
17035 lstat("/home/hmeng/go/src/github.com/opencontainers/runc/tests/integration/create.bats", {st_mode=S_IFREG|0664, st_size=683, ...}) = 0
17035 openat(AT_FDCWD, "/home/hmeng/go/src/github.com/opencontainers/runc/tests/integration/create.bats", O_RDONLY|O_CLOEXEC) = 6
17035 close(6)                          = 0
17035 lstat("/home/hmeng/go/src/github.com/opencontainers/runc/tests/integration/debug.bats", {st_mode=S_IFREG|0664, st_size=1502, ...}) = 0
17035 openat(AT_FDCWD, "/home/hmeng/go/src/github.com/opencontainers/runc/tests/integration/debug.bats", O_RDONLY|O_CLOEXEC) = 6
17035 close(6)                          = 0
17035 lstat("/home/hmeng/go/src/github.com/opencontainers/runc/tests/integration/delete.bats", {st_mode=S_IFREG|0664, st_size=600, ...}) = 0
17035 openat(AT_FDCWD, "/home/hmeng/go/src/github.com/opencontainers/runc/tests/integration/delete.bats", O_RDONLY|O_CLOEXEC) = 6
17035 close(6)                          = 0
17035 lstat("/home/hmeng/go/src/github.com/opencontainers/runc/tests/integration/events.bats", {st_mode=S_IFREG|0664, st_size=3139, ...}) = 0
17035 openat(AT_FDCWD, "/home/hmeng/go/src/github.com/opencontainers/runc/tests/integration/events.bats", O_RDONLY|O_CLOEXEC) = 6
17035 close(6)                          = 0
17035 lstat("/home/hmeng/go/src/github.com/opencontainers/runc/tests/integration/exec.bats", {st_mode=S_IFREG|0664, st_size=910, ...}) = 0
17035 openat(AT_FDCWD, "/home/hmeng/go/src/github.com/opencontainers/runc/tests/integration/exec.bats", O_RDONLY|O_CLOEXEC) = 6
17035 close(6)                          = 0
17035 lstat("/home/hmeng/go/src/github.com/opencontainers/runc/tests/integration/help.bats", {st_mode=S_IFREG|0664, st_size=1670, ...}) = 0
17035 openat(AT_FDCWD, "/home/hmeng/go/src/github.com/opencontainers/runc/tests/integration/help.bats", O_RDONLY|O_CLOEXEC) = 6
17035 close(6)                          = 0
17035 lstat("/home/hmeng/go/src/github.com/opencontainers/runc/tests/integration/helpers.bash", {st_mode=S_IFREG|0664, st_size=4089, ...}) = 0
17035 openat(AT_FDCWD, "/home/hmeng/go/src/github.com/opencontainers/runc/tests/integration/helpers.bash", O_RDONLY|O_CLOEXEC) = 6
17035 close(6)                          = 0
17035 lstat("/home/hmeng/go/src/github.com/opencontainers/runc/tests/integration/kill.bats", {st_mode=S_IFREG|0664, st_size=534, ...}) = 0
17035 openat(AT_FDCWD, "/home/hmeng/go/src/github.com/opencontainers/runc/tests/integration/kill.bats", O_RDONLY|O_CLOEXEC) = 6
17035 close(6)                          = 0
17035 lstat("/home/hmeng/go/src/github.com/opencontainers/runc/tests/integration/list.bats", {st_mode=S_IFREG|0664, st_size=2301, ...}) = 0
17035 openat(AT_FDCWD, "/home/hmeng/go/src/github.com/opencontainers/runc/tests/integration/list.bats", O_RDONLY|O_CLOEXEC) = 6
17035 close(6)                          = 0
17035 lstat("/home/hmeng/go/src/github.com/opencontainers/runc/tests/integration/pause.bats", {st_mode=S_IFREG|0664, st_size=600, ...}) = 0
17035 openat(AT_FDCWD, "/home/hmeng/go/src/github.com/opencontainers/runc/tests/integration/pause.bats", O_RDONLY|O_CLOEXEC) = 6
17035 close(6)                          = 0
17035 lstat("/home/hmeng/go/src/github.com/opencontainers/runc/tests/integration/root.bats", {st_mode=S_IFREG|0664, st_size=1412, ...}) = 0
17035 openat(AT_FDCWD, "/home/hmeng/go/src/github.com/opencontainers/runc/tests/integration/root.bats", O_RDONLY|O_CLOEXEC) = 6
17035 close(6)                          = 0
17035 lstat("/home/hmeng/go/src/github.com/opencontainers/runc/tests/integration/spec.bats", {st_mode=S_IFREG|0664, st_size=2611, ...}) = 0
17035 openat(AT_FDCWD, "/home/hmeng/go/src/github.com/opencontainers/runc/tests/integration/spec.bats", O_RDONLY|O_CLOEXEC) = 6
17035 close(6)                          = 0
17035 lstat("/home/hmeng/go/src/github.com/opencontainers/runc/tests/integration/start_detached.bats", {st_mode=S_IFREG|0664, st_size=732, ...}) = 0
17035 openat(AT_FDCWD, "/home/hmeng/go/src/github.com/opencontainers/runc/tests/integration/start_detached.bats", O_RDONLY|O_CLOEXEC) = 6
17035 close(6)                          = 0
17035 lstat("/home/hmeng/go/src/github.com/opencontainers/runc/tests/integration/start_hello.bats", {st_mode=S_IFREG|0664, st_size=780, ...}) = 0
17035 openat(AT_FDCWD, "/home/hmeng/go/src/github.com/opencontainers/runc/tests/integration/start_hello.bats", O_RDONLY|O_CLOEXEC) = 6
17035 close(6)                          = 0
17035 lstat("/home/hmeng/go/src/github.com/opencontainers/runc/tests/integration/state.bats", {st_mode=S_IFREG|0664, st_size=935, ...}) = 0
17035 openat(AT_FDCWD, "/home/hmeng/go/src/github.com/opencontainers/runc/tests/integration/state.bats", O_RDONLY|O_CLOEXEC) = 6
17035 close(6)                          = 0
17035 lstat("/home/hmeng/go/src/github.com/opencontainers/runc/tests/integration/testdata", {st_mode=S_IFDIR|0775, st_size=28, ...}) = 0
17035 openat(AT_FDCWD, "/home/hmeng/go/src/github.com/opencontainers/runc/tests/integration/testdata", O_RDONLY|O_CLOEXEC) = 6
17035 getdents64(6, /* 3 entries */, 4096) = 88
17035 getdents64(6, /* 0 entries */, 4096) = 0
17035 close(6)                          = 0
17035 lstat("/home/hmeng/go/src/github.com/opencontainers/runc/tests/integration/testdata/hello-world.tar", {st_mode=S_IFREG|0664, st_size=9216, ...}) = 0
17035 openat(AT_FDCWD, "/home/hmeng/go/src/github.com/opencontainers/runc/tests/integration/testdata/hello-world.tar", O_RDONLY|O_CLOEXEC) = 6
17035 close(6)                          = 0
17035 lstat("/home/hmeng/go/src/github.com/opencontainers/runc/tests/integration/update.bats", {st_mode=S_IFREG|0664, st_size=7072, ...}) = 0
17035 openat(AT_FDCWD, "/home/hmeng/go/src/github.com/opencontainers/runc/tests/integration/update.bats", O_RDONLY|O_CLOEXEC) = 6
17035 close(6)                          = 0
17035 lstat("/home/hmeng/go/src/github.com/opencontainers/runc/tests/integration/version.bats", {st_mode=S_IFREG|0664, st_size=238, ...}) = 0
17035 openat(AT_FDCWD, "/home/hmeng/go/src/github.com/opencontainers/runc/tests/integration/version.bats", O_RDONLY|O_CLOEXEC) = 6
17035 close(6)                          = 0
17035 lstat("/home/hmeng/go/src/github.com/opencontainers/runc/tty.go", {st_mode=S_IFREG|0664, st_size=2678, ...}) = 0
17035 openat(AT_FDCWD, "/home/hmeng/go/src/github.com/opencontainers/runc/tty.go", O_RDONLY|O_CLOEXEC) = 6
17035 close(6)                          = 0
17035 lstat("/home/hmeng/go/src/github.com/opencontainers/runc/update.go", {st_mode=S_IFREG|0664, st_size=4963, ...}) = 0
17035 openat(AT_FDCWD, "/home/hmeng/go/src/github.com/opencontainers/runc/update.go", O_RDONLY|O_CLOEXEC) = 6
17035 close(6)                          = 0
17035 lstat("/home/hmeng/go/src/github.com/opencontainers/runc/utils.go", {st_mode=S_IFREG|0664, st_size=960, ...}) = 0
17035 openat(AT_FDCWD, "/home/hmeng/go/src/github.com/opencontainers/runc/utils.go", O_RDONLY|O_CLOEXEC) = 6
17035 close(6)                          = 0
17035 lstat("/home/hmeng/go/src/github.com/opencontainers/runc/utils_linux.go", {st_mode=S_IFREG|0664, st_size=8487, ...}) = 0
17035 openat(AT_FDCWD, "/home/hmeng/go/src/github.com/opencontainers/runc/utils_linux.go", O_RDONLY|O_CLOEXEC) = 6
17035 close(6)                          = 0
17035 futex(0x21ef2b0, FUTEX_WAKE, 1)   = 1
17031 <... futex resumed> )             = 0
17035 clock_gettime(CLOCK_REALTIME,  <unfinished ...>
17031 lstat("/home/hmeng/go/src/github.com/opencontainers/runc",  <unfinished ...>
17035 <... clock_gettime resumed> {1465918769, 99482714}) = 0
17031 <... lstat resumed> {st_mode=S_IFDIR|0775, st_size=4096, ...}) = 0
17035 clock_gettime(CLOCK_REALTIME,  <unfinished ...>
17031 lstat("/home/hmeng/go/src/github.com/opencontainers/runc/.",  <unfinished ...>
17035 <... clock_gettime resumed> {1465918769, 99519325}) = 0
17031 <... lstat resumed> {st_mode=S_IFDIR|0775, st_size=4096, ...}) = 0
17035 socket(PF_LOCAL, SOCK_STREAM|SOCK_CLOEXEC|SOCK_NONBLOCK, 0 <unfinished ...>
17031 openat(AT_FDCWD, "/home/hmeng/go/src/github.com/opencontainers/runc/.", O_RDONLY|O_CLOEXEC <unfinished ...>
17035 <... socket resumed> )            = 6
17031 <... openat resumed> )            = 7
17035 setsockopt(6, SOL_SOCKET, SO_BROADCAST, [1], 4 <unfinished ...>
17031 getdents64(7,  <unfinished ...>
17035 <... setsockopt resumed> )        = 0
17031 <... getdents64 resumed> /* 49 entries */, 4096) = 1584
17035 connect(6, {sa_family=AF_LOCAL, sun_path="/var/run/docker.sock"}, 23 <unfinished ...>
17031 getdents64(7,  <unfinished ...>
17035 <... connect resumed> )           = 0
17031 <... getdents64 resumed> /* 0 entries */, 4096) = 0
17035 clock_gettime(CLOCK_REALTIME,  <unfinished ...>
17031 close(7 <unfinished ...>
17035 <... clock_gettime resumed> {1465918769, 99743032}) = 0
17031 <... close resumed> )             = 0
17035 epoll_ctl(5, EPOLL_CTL_ADD, 6, {EPOLLIN|EPOLLOUT|EPOLLRDHUP|EPOLLET, {u32=2134024192, u64=140606478393344}} <unfinished ...>
17031 lstat("/home/hmeng/go/src/github.com/opencontainers/runc/.git",  <unfinished ...>
17035 <... epoll_ctl resumed> )         = 0
17033 <... epoll_wait resumed> {{EPOLLOUT, {u32=2134024192, u64=140606478393344}}}, 128, -1) = 1
17031 <... lstat resumed> {st_mode=S_IFDIR|0775, st_size=4096, ...}) = 0
17035 getsockname(6,  <unfinished ...>
17033 epoll_wait(5,  <unfinished ...>
17031 lstat("/home/hmeng/go/src/github.com/opencontainers/runc/.git",  <unfinished ...>
17035 <... getsockname resumed> {sa_family=AF_LOCAL, NULL}, [2]) = 0
17031 <... lstat resumed> {st_mode=S_IFDIR|0775, st_size=4096, ...}) = 0
17035 getpeername(6,  <unfinished ...>
17031 lgetxattr("/home/hmeng/go/src/github.com/opencontainers/runc/.git", "security.capability" <unfinished ...>
17035 <... getpeername resumed> {sa_family=AF_LOCAL, sun_path="/var/run/docker.sock"}, [23]) = 0
17031 <... lgetxattr resumed> , 0xc820116080, 128) = -1 ENODATA (No data available)
17035 read(6,  <unfinished ...>
17031 openat(AT_FDCWD, "/home/hmeng/go/src/github.com/opencontainers/runc/.git", O_RDONLY|O_CLOEXEC <unfinished ...>
17035 <... read resumed> 0xc8201fe000, 4096) = -1 EAGAIN (Resource temporarily unavailable)
17031 <... openat resumed> )            = 7
17035 futex(0xc8200f6590, FUTEX_WAIT, 0, NULL <unfinished ...>
17031 getdents64(7, /* 15 entries */, 4096) = 432
17031 getdents64(7, /* 0 entries */, 4096) = 0
17031 close(7)                          = 0
17031 lstat("/home/hmeng/go/src/github.com/opencontainers/runc/.git/FETCH_HEAD", {st_mode=S_IFREG|0664, st_size=100, ...}) = 0
17031 lstat("/home/hmeng/go/src/github.com/opencontainers/runc/.git/FETCH_HEAD", {st_mode=S_IFREG|0664, st_size=100, ...}) = 0
17031 lgetxattr("/home/hmeng/go/src/github.com/opencontainers/runc/.git/FETCH_HEAD", "security.capability", 0xc820116100, 128) = -1 ENODATA (No data available)
17031 openat(AT_FDCWD, "/home/hmeng/go/src/github.com/opencontainers/runc/.git/FETCH_HEAD", O_RDONLY|O_CLOEXEC) = 7
17031 read(7, "42dfd606437b538ffde4f0640d433916"..., 32768) = 100
17031 read(7, "", 32668)                = 0
17031 close(7)                          = 0
17031 lstat("/home/hmeng/go/src/github.com/opencontainers/runc/.git/HEAD", {st_mode=S_IFREG|0664, st_size=23, ...}) = 0
17031 lstat("/home/hmeng/go/src/github.com/opencontainers/runc/.git/HEAD", {st_mode=S_IFREG|0664, st_size=23, ...}) = 0
17031 lgetxattr("/home/hmeng/go/src/github.com/opencontainers/runc/.git/HEAD", "security.capability", 0xc820116180, 128) = -1 ENODATA (No data available)
17031 openat(AT_FDCWD, "/home/hmeng/go/src/github.com/opencontainers/runc/.git/HEAD", O_RDONLY|O_CLOEXEC) = 7
17031 read(7, "ref: refs/heads/master\n", 32768) = 23
17031 read(7, "", 32745)                = 0
17031 close(7)                          = 0
17031 lstat("/home/hmeng/go/src/github.com/opencontainers/runc/.git/ORIG_HEAD", {st_mode=S_IFREG|0664, st_size=41, ...}) = 0
17031 lstat("/home/hmeng/go/src/github.com/opencontainers/runc/.git/ORIG_HEAD", {st_mode=S_IFREG|0664, st_size=41, ...}) = 0
17031 lgetxattr("/home/hmeng/go/src/github.com/opencontainers/runc/.git/ORIG_HEAD", "security.capability", 0xc820116200, 128) = -1 ENODATA (No data available)
17031 openat(AT_FDCWD, "/home/hmeng/go/src/github.com/opencontainers/runc/.git/ORIG_HEAD", O_RDONLY|O_CLOEXEC) = 7
17031 read(7, "42dfd606437b538ffde4f0640d433916"..., 32768) = 41
17031 read(7, "", 32727)                = 0
17031 close(7)                          = 0
17031 lstat("/home/hmeng/go/src/github.com/opencontainers/runc/.git/branches", {st_mode=S_IFDIR|0775, st_size=6, ...}) = 0
17031 lstat("/home/hmeng/go/src/github.com/opencontainers/runc/.git/branches", {st_mode=S_IFDIR|0775, st_size=6, ...}) = 0
17031 lgetxattr("/home/hmeng/go/src/github.com/opencontainers/runc/.git/branches", "security.capability", 0xc820116280, 128) = -1 ENODATA (No data available)
17031 openat(AT_FDCWD, "/home/hmeng/go/src/github.com/opencontainers/runc/.git/branches", O_RDONLY|O_CLOEXEC) = 7
17031 getdents64(7, /* 2 entries */, 4096) = 48
17031 getdents64(7, /* 0 entries */, 4096) = 0
17031 close(7)                          = 0
17031 lstat("/home/hmeng/go/src/github.com/opencontainers/runc/.git/config", {st_mode=S_IFREG|0664, st_size=267, ...}) = 0
17031 lstat("/home/hmeng/go/src/github.com/opencontainers/runc/.git/config", {st_mode=S_IFREG|0664, st_size=267, ...}) = 0
17031 lgetxattr("/home/hmeng/go/src/github.com/opencontainers/runc/.git/config", "security.capability", 0xc820116300, 128) = -1 ENODATA (No data available)
17031 openat(AT_FDCWD, "/home/hmeng/go/src/github.com/opencontainers/runc/.git/config", O_RDONLY|O_CLOEXEC) = 7
17031 read(7, "[core]\n\trepositoryformatversion "..., 32768) = 267
17031 read(7, "", 32501)                = 0
17031 close(7)                          = 0
17031 lstat("/home/hmeng/go/src/github.com/opencontainers/runc/.git/description", {st_mode=S_IFREG|0664, st_size=73, ...}) = 0
17031 lstat("/home/hmeng/go/src/github.com/opencontainers/runc/.git/description", {st_mode=S_IFREG|0664, st_size=73, ...}) = 0
17031 lgetxattr("/home/hmeng/go/src/github.com/opencontainers/runc/.git/description", "security.capability", 0xc820116380, 128) = -1 ENODATA (No data available)
17031 openat(AT_FDCWD, "/home/hmeng/go/src/github.com/opencontainers/runc/.git/description", O_RDONLY|O_CLOEXEC) = 7
17031 read(7, "Unnamed repository; edit this fi"..., 32768) = 73
17031 read(7, "", 32695)                = 0
17031 close(7)                          = 0
17031 lstat("/home/hmeng/go/src/github.com/opencontainers/runc/.git/hooks", {st_mode=S_IFDIR|0775, st_size=4096, ...}) = 0
17031 lstat("/home/hmeng/go/src/github.com/opencontainers/runc/.git/hooks", {st_mode=S_IFDIR|0775, st_size=4096, ...}) = 0
17031 lgetxattr("/home/hmeng/go/src/github.com/opencontainers/runc/.git/hooks", "security.capability", 0xc820116400, 128) = -1 ENODATA (No data available)
17031 openat(AT_FDCWD, "/home/hmeng/go/src/github.com/opencontainers/runc/.git/hooks", O_RDONLY|O_CLOEXEC) = 7
17031 getdents64(7, /* 11 entries */, 4096) = 432
17031 getdents64(7, /* 0 entries */, 4096) = 0
17031 close(7)                          = 0
17031 lstat("/home/hmeng/go/src/github.com/opencontainers/runc/.git/hooks/applypatch-msg.sample", {st_mode=S_IFREG|0775, st_size=452, ...}) = 0
17031 lstat("/home/hmeng/go/src/github.com/opencontainers/runc/.git/hooks/applypatch-msg.sample", {st_mode=S_IFREG|0775, st_size=452, ...}) = 0
17031 lgetxattr("/home/hmeng/go/src/github.com/opencontainers/runc/.git/hooks/applypatch-msg.sample", "security.capability", 0xc820116480, 128) = -1 ENODATA (No data available)
17031 openat(AT_FDCWD, "/home/hmeng/go/src/github.com/opencontainers/runc/.git/hooks/applypatch-msg.sample", O_RDONLY|O_CLOEXEC) = 7
17031 read(7, "#!/bin/sh\n#\n# An example hook sc"..., 32768) = 452
17031 read(7, "", 32316)                = 0
17031 close(7)                          = 0
17031 lstat("/home/hmeng/go/src/github.com/opencontainers/runc/.git/hooks/commit-msg.sample", {st_mode=S_IFREG|0775, st_size=896, ...}) = 0
17031 lstat("/home/hmeng/go/src/github.com/opencontainers/runc/.git/hooks/commit-msg.sample", {st_mode=S_IFREG|0775, st_size=896, ...}) = 0
17031 lgetxattr("/home/hmeng/go/src/github.com/opencontainers/runc/.git/hooks/commit-msg.sample", "security.capability", 0xc820116500, 128) = -1 ENODATA (No data available)
17031 openat(AT_FDCWD, "/home/hmeng/go/src/github.com/opencontainers/runc/.git/hooks/commit-msg.sample", O_RDONLY|O_CLOEXEC) = 7
17031 read(7, "#!/bin/sh\n#\n# An example hook sc"..., 32768) = 896
17031 read(7, "", 31872)                = 0
17031 close(7)                          = 0
17031 lstat("/home/hmeng/go/src/github.com/opencontainers/runc/.git/hooks/post-update.sample", {st_mode=S_IFREG|0775, st_size=189, ...}) = 0
17031 lstat("/home/hmeng/go/src/github.com/opencontainers/runc/.git/hooks/post-update.sample", {st_mode=S_IFREG|0775, st_size=189, ...}) = 0
17031 lgetxattr("/home/hmeng/go/src/github.com/opencontainers/runc/.git/hooks/post-update.sample", "security.capability", 0xc820116580, 128) = -1 ENODATA (No data available)
17031 openat(AT_FDCWD, "/home/hmeng/go/src/github.com/opencontainers/runc/.git/hooks/post-update.sample", O_RDONLY|O_CLOEXEC) = 7
17031 read(7, "#!/bin/sh\n#\n# An example hook sc"..., 32768) = 189
17031 read(7, "", 32579)                = 0
17031 close(7)                          = 0
17031 lstat("/home/hmeng/go/src/github.com/opencontainers/runc/.git/hooks/pre-applypatch.sample", {st_mode=S_IFREG|0775, st_size=398, ...}) = 0
17031 lstat("/home/hmeng/go/src/github.com/opencontainers/runc/.git/hooks/pre-applypatch.sample", {st_mode=S_IFREG|0775, st_size=398, ...}) = 0
17031 lgetxattr("/home/hmeng/go/src/github.com/opencontainers/runc/.git/hooks/pre-applypatch.sample", "security.capability", 0xc820116600, 128) = -1 ENODATA (No data available)
17031 openat(AT_FDCWD, "/home/hmeng/go/src/github.com/opencontainers/runc/.git/hooks/pre-applypatch.sample", O_RDONLY|O_CLOEXEC) = 7
17031 read(7, "#!/bin/sh\n#\n# An example hook sc"..., 32768) = 398
17031 read(7, "", 32370)                = 0
17031 close(7)                          = 0
17031 lstat("/home/hmeng/go/src/github.com/opencontainers/runc/.git/hooks/pre-commit.sample", {st_mode=S_IFREG|0775, st_size=1704, ...}) = 0
17031 lstat("/home/hmeng/go/src/github.com/opencontainers/runc/.git/hooks/pre-commit.sample", {st_mode=S_IFREG|0775, st_size=1704, ...}) = 0
17031 lgetxattr("/home/hmeng/go/src/github.com/opencontainers/runc/.git/hooks/pre-commit.sample", "security.capability", 0xc820116680, 128) = -1 ENODATA (No data available)
17031 openat(AT_FDCWD, "/home/hmeng/go/src/github.com/opencontainers/runc/.git/hooks/pre-commit.sample", O_RDONLY|O_CLOEXEC) = 7
17031 read(7, "#!/bin/sh\n#\n# An example hook sc"..., 32768) = 1704
17031 read(7, "", 31064)                = 0
17031 close(7)                          = 0
17031 lstat("/home/hmeng/go/src/github.com/opencontainers/runc/.git/hooks/pre-push.sample", {st_mode=S_IFREG|0664, st_size=1348, ...}) = 0
17031 lstat("/home/hmeng/go/src/github.com/opencontainers/runc/.git/hooks/pre-push.sample", {st_mode=S_IFREG|0664, st_size=1348, ...}) = 0
17031 lgetxattr("/home/hmeng/go/src/github.com/opencontainers/runc/.git/hooks/pre-push.sample", "security.capability", 0xc820116700, 128) = -1 ENODATA (No data available)
17031 openat(AT_FDCWD, "/home/hmeng/go/src/github.com/opencontainers/runc/.git/hooks/pre-push.sample", O_RDONLY|O_CLOEXEC) = 7
17031 read(7, "#!/bin/sh\n\n# An example hook scr"..., 32768) = 1348
17031 read(7, "", 31420)                = 0
17031 close(7)                          = 0
17031 lstat("/home/hmeng/go/src/github.com/opencontainers/runc/.git/hooks/pre-rebase.sample", {st_mode=S_IFREG|0775, st_size=4951, ...}) = 0
17031 lstat("/home/hmeng/go/src/github.com/opencontainers/runc/.git/hooks/pre-rebase.sample", {st_mode=S_IFREG|0775, st_size=4951, ...}) = 0
17031 lgetxattr("/home/hmeng/go/src/github.com/opencontainers/runc/.git/hooks/pre-rebase.sample", "security.capability", 0xc820116780, 128) = -1 ENODATA (No data available)
17031 openat(AT_FDCWD, "/home/hmeng/go/src/github.com/opencontainers/runc/.git/hooks/pre-rebase.sample", O_RDONLY|O_CLOEXEC) = 7
17031 read(7, "#!/bin/sh\n#\n# Copyright (c) 2006"..., 32768) = 4951
17031 read(7, "", 27817)                = 0
17031 close(7)                          = 0
17031 lstat("/home/hmeng/go/src/github.com/opencontainers/runc/.git/hooks/prepare-commit-msg.sample", {st_mode=S_IFREG|0775, st_size=1239, ...}) = 0
17031 lstat("/home/hmeng/go/src/github.com/opencontainers/runc/.git/hooks/prepare-commit-msg.sample", {st_mode=S_IFREG|0775, st_size=1239, ...}) = 0
17031 lgetxattr("/home/hmeng/go/src/github.com/opencontainers/runc/.git/hooks/prepare-commit-msg.sample", "security.capability", 0xc820116800, 128) = -1 ENODATA (No data available)
17031 openat(AT_FDCWD, "/home/hmeng/go/src/github.com/opencontainers/runc/.git/hooks/prepare-commit-msg.sample", O_RDONLY|O_CLOEXEC) = 7
17031 read(7, "#!/bin/sh\n#\n# An example hook sc"..., 32768) = 1239
17031 read(7, "", 31529)                = 0
17031 close(7)                          = 0
17031 lstat("/home/hmeng/go/src/github.com/opencontainers/runc/.git/hooks/update.sample", {st_mode=S_IFREG|0775, st_size=3611, ...}) = 0
17031 lstat("/home/hmeng/go/src/github.com/opencontainers/runc/.git/hooks/update.sample", {st_mode=S_IFREG|0775, st_size=3611, ...}) = 0
17031 lgetxattr("/home/hmeng/go/src/github.com/opencontainers/runc/.git/hooks/update.sample", "security.capability", 0xc820116880, 128) = -1 ENODATA (No data available)
17031 openat(AT_FDCWD, "/home/hmeng/go/src/github.com/opencontainers/runc/.git/hooks/update.sample", O_RDONLY|O_CLOEXEC) = 7
17031 read(7, "#!/bin/sh\n#\n# An example hook sc"..., 32768) = 3611
17031 read(7, "", 29157)                = 0
17031 close(7)                          = 0
17031 lstat("/home/hmeng/go/src/github.com/opencontainers/runc/.git/index", {st_mode=S_IFREG|0644, st_size=55040, ...}) = 0
17031 lstat("/home/hmeng/go/src/github.com/opencontainers/runc/.git/index", {st_mode=S_IFREG|0644, st_size=55040, ...}) = 0
17031 lgetxattr("/home/hmeng/go/src/github.com/opencontainers/runc/.git/index", "security.capability", 0xc820116900, 128) = -1 ENODATA (No data available)
17031 openat(AT_FDCWD, "/home/hmeng/go/src/github.com/opencontainers/runc/.git/index", O_RDONLY|O_CLOEXEC) = 7
17031 read(7, "DIRC\0\0\0\2\0\0\1\342WYv+2O\246=WYv+2O\246=\0\0\375\0"..., 32768) = 32768
17031 futex(0xc8200f6590, FUTEX_WAKE, 1 <unfinished ...>
17035 <... futex resumed> )             = 0
17031 <... futex resumed> )             = 1
17035 select(0, NULL, NULL, NULL, {0, 100} <unfinished ...>
17031 write(6, "POST /v1.23/build?buildargs=%7B%"..., 369) = 369
17031 write(6, "7fff\r\ngit/\0\0\0\0\0\0\0\0\0\0\0\0\0\0\0\0\0\0\0\0\0\0"..., 4096) = 4096
17031 write(6, "\0\0\0\0\0.git/config\0\0\0\0\0\0\0\0\0\0\0\0\0\0\0\0"..., 28677 <unfinished ...>
17033 <... epoll_wait resumed> {{EPOLLOUT, {u32=2134024192, u64=140606478393344}}}, 128, -1) = 1
17031 <... write resumed> )             = 28677
17033 epoll_wait(5,  <unfinished ...>
17031 write(6, "\r\n", 2)               = 2
17031 read(7, "\00010f\0\0\201\244\0\0\3\350\0\0\3\350\0\0\22\301U\245\256\332O\3530\3628\277\251\""..., 32768) = 22272
17031 read(7, "", 10496)                = 0
17031 close(7 <unfinished ...>
17035 <... select resumed> )            = 0 (Timeout)
17031 <... close resumed> )             = 0
17035 futex(0xc8200f6590, FUTEX_WAIT, 0, NULL <unfinished ...>
17031 futex(0xc8200f6590, FUTEX_WAKE, 1 <unfinished ...>
17035 <... futex resumed> )             = -1 EAGAIN (Resource temporarily unavailable)
17031 <... futex resumed> )             = 0
17035 select(0, NULL, NULL, NULL, {0, 100} <unfinished ...>
17031 write(6, "8000\r\n\356\246Ty\205\23\26q\305V\303\265\304J\245|\0GGodeps/_"..., 4096) = 4096
17031 write(6, "/docker/docker/pkg/mount/mountin"..., 28678) = 28678
17031 write(6, "\r\n", 2)               = 2
17031 lstat("/home/hmeng/go/src/github.com/opencontainers/runc/.git/info", {st_mode=S_IFDIR|0775, st_size=20, ...}) = 0
17031 lstat("/home/hmeng/go/src/github.com/opencontainers/runc/.git/info", {st_mode=S_IFDIR|0775, st_size=20, ...}) = 0
17031 lgetxattr("/home/hmeng/go/src/github.com/opencontainers/runc/.git/info", "security.capability", 0xc820116a00, 128) = -1 ENODATA (No data available)
17031 openat(AT_FDCWD, "/home/hmeng/go/src/github.com/opencontainers/runc/.git/info", O_RDONLY|O_CLOEXEC) = 7
17031 getdents64(7, /* 3 entries */, 4096) = 80
17035 <... select resumed> )            = 0 (Timeout)
17031 getdents64(7,  <unfinished ...>
17035 futex(0xc8200f6590, FUTEX_WAIT, 0, NULL <unfinished ...>
17031 <... getdents64 resumed> /* 0 entries */, 4096) = 0
17031 close(7)                          = 0
17031 lstat("/home/hmeng/go/src/github.com/opencontainers/runc/.git/info/exclude", {st_mode=S_IFREG|0664, st_size=240, ...}) = 0
17031 lstat("/home/hmeng/go/src/github.com/opencontainers/runc/.git/info/exclude", {st_mode=S_IFREG|0664, st_size=240, ...}) = 0
17031 lgetxattr("/home/hmeng/go/src/github.com/opencontainers/runc/.git/info/exclude", "security.capability", 0xc820116a80, 128) = -1 ENODATA (No data available)
17031 openat(AT_FDCWD, "/home/hmeng/go/src/github.com/opencontainers/runc/.git/info/exclude", O_RDONLY|O_CLOEXEC) = 7
17031 read(7, "# git ls-files --others --exclud"..., 32768) = 240
17031 read(7, "", 32528)                = 0
17031 close(7)                          = 0
17031 lstat("/home/hmeng/go/src/github.com/opencontainers/runc/.git/logs", {st_mode=S_IFDIR|0775, st_size=28, ...}) = 0
17031 lstat("/home/hmeng/go/src/github.com/opencontainers/runc/.git/logs", {st_mode=S_IFDIR|0775, st_size=28, ...}) = 0
17031 lgetxattr("/home/hmeng/go/src/github.com/opencontainers/runc/.git/logs", "security.capability", 0xc820116b00, 128) = -1 ENODATA (No data available)
17031 openat(AT_FDCWD, "/home/hmeng/go/src/github.com/opencontainers/runc/.git/logs", O_RDONLY|O_CLOEXEC) = 7
17031 getdents64(7, /* 4 entries */, 4096) = 96
17031 getdents64(7, /* 0 entries */, 4096) = 0
17031 close(7)                          = 0
17031 lstat("/home/hmeng/go/src/github.com/opencontainers/runc/.git/logs/HEAD", {st_mode=S_IFREG|0664, st_size=1482, ...}) = 0
17031 lstat("/home/hmeng/go/src/github.com/opencontainers/runc/.git/logs/HEAD", {st_mode=S_IFREG|0664, st_size=1482, ...}) = 0
17031 lgetxattr("/home/hmeng/go/src/github.com/opencontainers/runc/.git/logs/HEAD", "security.capability", 0xc820116b80, 128) = -1 ENODATA (No data available)
17031 openat(AT_FDCWD, "/home/hmeng/go/src/github.com/opencontainers/runc/.git/logs/HEAD", O_RDONLY|O_CLOEXEC) = 7
17031 read(7, "00000000000000000000000000000000"..., 32768) = 1482
17031 read(7, "", 31286)                = 0
17031 close(7)                          = 0
17031 lstat("/home/hmeng/go/src/github.com/opencontainers/runc/.git/logs/refs", {st_mode=S_IFDIR|0775, st_size=32, ...}) = 0
17031 lstat("/home/hmeng/go/src/github.com/opencontainers/runc/.git/logs/refs", {st_mode=S_IFDIR|0775, st_size=32, ...}) = 0
17031 lgetxattr("/home/hmeng/go/src/github.com/opencontainers/runc/.git/logs/refs", "security.capability", 0xc820116c00, 128) = -1 ENODATA (No data available)
17031 openat(AT_FDCWD, "/home/hmeng/go/src/github.com/opencontainers/runc/.git/logs/refs", O_RDONLY|O_CLOEXEC) = 7
17031 getdents64(7, /* 4 entries */, 4096) = 112
17031 getdents64(7, /* 0 entries */, 4096) = 0
17031 close(7)                          = 0
17031 lstat("/home/hmeng/go/src/github.com/opencontainers/runc/.git/logs/refs/heads", {st_mode=S_IFDIR|0775, st_size=29, ...}) = 0
17031 lstat("/home/hmeng/go/src/github.com/opencontainers/runc/.git/logs/refs/heads", {st_mode=S_IFDIR|0775, st_size=29, ...}) = 0
17031 lgetxattr("/home/hmeng/go/src/github.com/opencontainers/runc/.git/logs/refs/heads", "security.capability", 0xc820116c80, 128) = -1 ENODATA (No data available)
17031 openat(AT_FDCWD, "/home/hmeng/go/src/github.com/opencontainers/runc/.git/logs/refs/heads", O_RDONLY|O_CLOEXEC) = 7
17031 getdents64(7, /* 4 entries */, 4096) = 104
17031 getdents64(7, /* 0 entries */, 4096) = 0
17031 close(7)                          = 0
17031 lstat("/home/hmeng/go/src/github.com/opencontainers/runc/.git/logs/refs/heads/901", {st_mode=S_IFREG|0664, st_size=404, ...}) = 0
17031 lstat("/home/hmeng/go/src/github.com/opencontainers/runc/.git/logs/refs/heads/901", {st_mode=S_IFREG|0664, st_size=404, ...}) = 0
17031 lgetxattr("/home/hmeng/go/src/github.com/opencontainers/runc/.git/logs/refs/heads/901", "security.capability", 0xc820116d00, 128) = -1 ENODATA (No data available)
17031 openat(AT_FDCWD, "/home/hmeng/go/src/github.com/opencontainers/runc/.git/logs/refs/heads/901", O_RDONLY|O_CLOEXEC) = 7
17031 read(7, "00000000000000000000000000000000"..., 32768) = 404
17031 read(7, "", 32364)                = 0
17031 close(7)                          = 0
17031 lstat("/home/hmeng/go/src/github.com/opencontainers/runc/.git/logs/refs/heads/master", {st_mode=S_IFREG|0664, st_size=544, ...}) = 0
17031 lstat("/home/hmeng/go/src/github.com/opencontainers/runc/.git/logs/refs/heads/master", {st_mode=S_IFREG|0664, st_size=544, ...}) = 0
17031 lgetxattr("/home/hmeng/go/src/github.com/opencontainers/runc/.git/logs/refs/heads/master", "security.capability", 0xc820116d80, 128) = -1 ENODATA (No data available)
17031 openat(AT_FDCWD, "/home/hmeng/go/src/github.com/opencontainers/runc/.git/logs/refs/heads/master", O_RDONLY|O_CLOEXEC) = 7
17031 read(7, "00000000000000000000000000000000"..., 32768) = 544
17031 read(7, "", 32224)                = 0
17031 close(7)                          = 0
17031 lstat("/home/hmeng/go/src/github.com/opencontainers/runc/.git/logs/refs/remotes", {st_mode=S_IFDIR|0775, st_size=19, ...}) = 0
17031 lstat("/home/hmeng/go/src/github.com/opencontainers/runc/.git/logs/refs/remotes", {st_mode=S_IFDIR|0775, st_size=19, ...}) = 0
17031 lgetxattr("/home/hmeng/go/src/github.com/opencontainers/runc/.git/logs/refs/remotes", "security.capability", 0xc820116e00, 128) = -1 ENODATA (No data available)
17031 openat(AT_FDCWD, "/home/hmeng/go/src/github.com/opencontainers/runc/.git/logs/refs/remotes", O_RDONLY|O_CLOEXEC) = 7
17031 getdents64(7, /* 3 entries */, 4096) = 80
17031 getdents64(7, /* 0 entries */, 4096) = 0
17031 close(7)                          = 0
17031 lstat("/home/hmeng/go/src/github.com/opencontainers/runc/.git/logs/refs/remotes/origin", {st_mode=S_IFDIR|0775, st_size=17, ...}) = 0
17031 lstat("/home/hmeng/go/src/github.com/opencontainers/runc/.git/logs/refs/remotes/origin", {st_mode=S_IFDIR|0775, st_size=17, ...}) = 0
17031 lgetxattr("/home/hmeng/go/src/github.com/opencontainers/runc/.git/logs/refs/remotes/origin", "security.capability", 0xc820116e80, 128) = -1 ENODATA (No data available)
17031 openat(AT_FDCWD, "/home/hmeng/go/src/github.com/opencontainers/runc/.git/logs/refs/remotes/origin", O_RDONLY|O_CLOEXEC) = 7
17031 getdents64(7, /* 3 entries */, 4096) = 72
17031 getdents64(7, /* 0 entries */, 4096) = 0
17031 close(7)                          = 0
17031 lstat("/home/hmeng/go/src/github.com/opencontainers/runc/.git/logs/refs/remotes/origin/HEAD", {st_mode=S_IFREG|0664, st_size=196, ...}) = 0
17031 lstat("/home/hmeng/go/src/github.com/opencontainers/runc/.git/logs/refs/remotes/origin/HEAD", {st_mode=S_IFREG|0664, st_size=196, ...}) = 0
17031 lgetxattr("/home/hmeng/go/src/github.com/opencontainers/runc/.git/logs/refs/remotes/origin/HEAD", "security.capability", 0xc820116f00, 128) = -1 ENODATA (No data available)
17031 openat(AT_FDCWD, "/home/hmeng/go/src/github.com/opencontainers/runc/.git/logs/refs/remotes/origin/HEAD", O_RDONLY|O_CLOEXEC) = 7
17031 read(7, "00000000000000000000000000000000"..., 32768) = 196
17031 read(7, "", 32572)                = 0
17031 close(7)                          = 0
17031 lstat("/home/hmeng/go/src/github.com/opencontainers/runc/.git/objects", {st_mode=S_IFDIR|0775, st_size=4096, ...}) = 0
17031 lstat("/home/hmeng/go/src/github.com/opencontainers/runc/.git/objects", {st_mode=S_IFDIR|0775, st_size=4096, ...}) = 0
17031 lgetxattr("/home/hmeng/go/src/github.com/opencontainers/runc/.git/objects", "security.capability", 0xc820116f80, 128) = -1 ENODATA (No data available)
17031 openat(AT_FDCWD, "/home/hmeng/go/src/github.com/opencontainers/runc/.git/objects", O_RDONLY|O_CLOEXEC) = 7
17031 getdents64(7, /* 17 entries */, 4096) = 408
17031 getdents64(7, /* 0 entries */, 4096) = 0
17031 close(7)                          = 0
17031 lstat("/home/hmeng/go/src/github.com/opencontainers/runc/.git/objects/10", {st_mode=S_IFDIR|0775, st_size=51, ...}) = 0
17031 lstat("/home/hmeng/go/src/github.com/opencontainers/runc/.git/objects/10",  <unfinished ...>
17032 <... select resumed> )            = 0 (Timeout)
17031 <... lstat resumed> {st_mode=S_IFDIR|0775, st_size=51, ...}) = 0
17032 clock_gettime(CLOCK_MONOTONIC,  <unfinished ...>
17031 lgetxattr("/home/hmeng/go/src/github.com/opencontainers/runc/.git/objects/10", "security.capability" <unfinished ...>
17032 <... clock_gettime resumed> {4903, 320043440}) = 0
17031 <... lgetxattr resumed> , 0xc820117000, 128) = -1 ENODATA (No data available)
17032 clock_gettime(CLOCK_REALTIME,  <unfinished ...>
17031 openat(AT_FDCWD, "/home/hmeng/go/src/github.com/opencontainers/runc/.git/objects/10", O_RDONLY|O_CLOEXEC <unfinished ...>
17032 <... clock_gettime resumed> {1465918769, 104071517}) = 0
17031 <... openat resumed> )            = 7
17032 select(0, NULL, NULL, NULL, {0, 10000} <unfinished ...>
17031 getdents64(7, /* 3 entries */, 4096) = 112
17031 getdents64(7, /* 0 entries */, 4096) = 0
17031 close(7)                          = 0
17031 lstat("/home/hmeng/go/src/github.com/opencontainers/runc/.git/objects/10/d7cfb50eb1ebad4d6f9002325324128710d256", {st_mode=S_IFREG|0444, st_size=256, ...}) = 0
17031 lstat("/home/hmeng/go/src/github.com/opencontainers/runc/.git/objects/10/d7cfb50eb1ebad4d6f9002325324128710d256", {st_mode=S_IFREG|0444, st_size=256, ...}) = 0
17031 lgetxattr("/home/hmeng/go/src/github.com/opencontainers/runc/.git/objects/10/d7cfb50eb1ebad4d6f9002325324128710d256", "security.capability", 0xc820117080, 128) = -1 ENODATA (No data available)
17031 openat(AT_FDCWD, "/home/hmeng/go/src/github.com/opencontainers/runc/.git/objects/10/d7cfb50eb1ebad4d6f9002325324128710d256", O_RDONLY|O_CLOEXEC) = 7
17031 read(7, "x\1\215\217MN\3030\20\205Y\373\24s\201Tv\354\330IU!\220\370\333 !!\0160\261'"..., 32768) = 256
17031 read(7, "", 32512)                = 0
17031 close(7)                          = 0
17031 lstat("/home/hmeng/go/src/github.com/opencontainers/runc/.git/objects/32", {st_mode=S_IFDIR|0775, st_size=51, ...}) = 0
17031 lstat("/home/hmeng/go/src/github.com/opencontainers/runc/.git/objects/32", {st_mode=S_IFDIR|0775, st_size=51, ...}) = 0
17031 lgetxattr("/home/hmeng/go/src/github.com/opencontainers/runc/.git/objects/32", "security.capability", 0xc820117100, 128) = -1 ENODATA (No data available)
17031 openat(AT_FDCWD, "/home/hmeng/go/src/github.com/opencontainers/runc/.git/objects/32", O_RDONLY|O_CLOEXEC) = 7
17031 getdents64(7, /* 3 entries */, 4096) = 112
17031 getdents64(7, /* 0 entries */, 4096) = 0
17031 close(7)                          = 0
17031 lstat("/home/hmeng/go/src/github.com/opencontainers/runc/.git/objects/32/7836fad7d0999744e7c2eef98673fbc71fdcbd", {st_mode=S_IFREG|0444, st_size=1314, ...}) = 0
17031 lstat("/home/hmeng/go/src/github.com/opencontainers/runc/.git/objects/32/7836fad7d0999744e7c2eef98673fbc71fdcbd", {st_mode=S_IFREG|0444, st_size=1314, ...}) = 0
17031 lgetxattr("/home/hmeng/go/src/github.com/opencontainers/runc/.git/objects/32/7836fad7d0999744e7c2eef98673fbc71fdcbd", "security.capability", 0xc820117180, 128) = -1 ENODATA (No data available)
17031 openat(AT_FDCWD, "/home/hmeng/go/src/github.com/opencontainers/runc/.git/objects/32/7836fad7d0999744e7c2eef98673fbc71fdcbd", O_RDONLY|O_CLOEXEC) = 7
17031 read(7, "x\1e\224yP\23g\30\207\327*\0108Z\246*\355\244\n\310\210\7\2Mj\10\21-r$\304"..., 32768) = 1314
17031 read(7, "", 31454)                = 0
17031 close(7)                          = 0
17031 lstat("/home/hmeng/go/src/github.com/opencontainers/runc/.git/objects/34", {st_mode=S_IFDIR|0775, st_size=51, ...}) = 0
17031 lstat("/home/hmeng/go/src/github.com/opencontainers/runc/.git/objects/34", {st_mode=S_IFDIR|0775, st_size=51, ...}) = 0
17031 lgetxattr("/home/hmeng/go/src/github.com/opencontainers/runc/.git/objects/34", "security.capability", 0xc820117200, 128) = -1 ENODATA (No data available)
17031 futex(0xc8200f6590, FUTEX_WAKE, 1 <unfinished ...>
17035 <... futex resumed> )             = 0
17031 <... futex resumed> )             = 1
17035 select(0, NULL, NULL, NULL, {0, 100} <unfinished ...>
17031 write(6, "8000\r\n3\200\322\322WYv+3\200\322\322\0\0\375\0\2G\34z\0\0\201\244\0\0"..., 4096) = 4096
17031 write(6, "WGWYv+3\237WG\0\0\375\0\00010\251\0\0\201\244\0\0\3\350\0\0\3\350\0\0"..., 28678) = 28678
17031 write(6, "\r\n", 2)               = 2
17031 openat(AT_FDCWD, "/home/hmeng/go/src/github.com/opencontainers/runc/.git/objects/34", O_RDONLY|O_CLOEXEC) = 7
17031 getdents64(7, /* 3 entries */, 4096) = 112
17031 getdents64(7, /* 0 entries */, 4096) = 0
17031 close(7)                          = 0
17031 lstat("/home/hmeng/go/src/github.com/opencontainers/runc/.git/objects/34/c1addf7152e0d5e65417dbe44e7207e2cb142a", {st_mode=S_IFREG|0444, st_size=255, ...}) = 0
17031 lstat("/home/hmeng/go/src/github.com/opencontainers/runc/.git/objects/34/c1addf7152e0d5e65417dbe44e7207e2cb142a", {st_mode=S_IFREG|0444, st_size=255, ...}) = 0
17035 <... select resumed> )            = 0 (Timeout)
17031 lgetxattr("/home/hmeng/go/src/github.com/opencontainers/runc/.git/objects/34/c1addf7152e0d5e65417dbe44e7207e2cb142a", "security.capability" <unfinished ...>
17035 futex(0xc8200f6590, FUTEX_WAIT, 0, NULL <unfinished ...>
17031 <... lgetxattr resumed> , 0xc820117280, 128) = -1 ENODATA (No data available)
17031 openat(AT_FDCWD, "/home/hmeng/go/src/github.com/opencontainers/runc/.git/objects/34/c1addf7152e0d5e65417dbe44e7207e2cb142a", O_RDONLY|O_CLOEXEC) = 7
17031 read(7, "x\1\215\217\301N\3030\20D9\373+\366\7Z\331\261\33'\25B\234zCB\2\211\363\306^\247"..., 32768) = 255
17031 read(7, "", 32513)                = 0
17031 close(7)                          = 0
17031 lstat("/home/hmeng/go/src/github.com/opencontainers/runc/.git/objects/6d", {st_mode=S_IFDIR|0775, st_size=51, ...}) = 0
17031 lstat("/home/hmeng/go/src/github.com/opencontainers/runc/.git/objects/6d", {st_mode=S_IFDIR|0775, st_size=51, ...}) = 0
17031 lgetxattr("/home/hmeng/go/src/github.com/opencontainers/runc/.git/objects/6d", "security.capability", 0xc820117300, 128) = -1 ENODATA (No data available)
17031 openat(AT_FDCWD, "/home/hmeng/go/src/github.com/opencontainers/runc/.git/objects/6d", O_RDONLY|O_CLOEXEC) = 7
17031 getdents64(7, /* 3 entries */, 4096) = 112
17031 getdents64(7, /* 0 entries */, 4096) = 0
17031 close(7)                          = 0
17031 lstat("/home/hmeng/go/src/github.com/opencontainers/runc/.git/objects/6d/6e96884369db01568831b68f0415c6a9ca3dab", {st_mode=S_IFREG|0444, st_size=272, ...}) = 0
17031 lstat("/home/hmeng/go/src/github.com/opencontainers/runc/.git/objects/6d/6e96884369db01568831b68f0415c6a9ca3dab", {st_mode=S_IFREG|0444, st_size=272, ...}) = 0
17031 lgetxattr("/home/hmeng/go/src/github.com/opencontainers/runc/.git/objects/6d/6e96884369db01568831b68f0415c6a9ca3dab", "security.capability", 0xc820117380, 128) = -1 ENODATA (No data available)
17031 openat(AT_FDCWD, "/home/hmeng/go/src/github.com/opencontainers/runc/.git/objects/6d/6e96884369db01568831b68f0415c6a9ca3dab", O_RDONLY|O_CLOEXEC) = 7
17031 read(7, "x\1+)JMU066`040031QH\316HM\316.\310\317\314+\211/I-"..., 32768) = 272
17031 read(7, "", 32496)                = 0
17031 close(7)                          = 0
17031 lstat("/home/hmeng/go/src/github.com/opencontainers/runc/.git/objects/75", {st_mode=S_IFDIR|0775, st_size=51, ...}) = 0
17031 lstat("/home/hmeng/go/src/github.com/opencontainers/runc/.git/objects/75", {st_mode=S_IFDIR|0775, st_size=51, ...}) = 0
17031 lgetxattr("/home/hmeng/go/src/github.com/opencontainers/runc/.git/objects/75", "security.capability", 0xc820117400, 128) = -1 ENODATA (No data available)
17031 openat(AT_FDCWD, "/home/hmeng/go/src/github.com/opencontainers/runc/.git/objects/75", O_RDONLY|O_CLOEXEC) = 7
17031 getdents64(7, /* 3 entries */, 4096) = 112
17031 getdents64(7, /* 0 entries */, 4096) = 0
17031 close(7)                          = 0
17031 lstat("/home/hmeng/go/src/github.com/opencontainers/runc/.git/objects/75/7befdbe0cb0eb800b5b37ee93090e42ae87304", {st_mode=S_IFREG|0444, st_size=54, ...}) = 0
17031 lstat("/home/hmeng/go/src/github.com/opencontainers/runc/.git/objects/75/7befdbe0cb0eb800b5b37ee93090e42ae87304", {st_mode=S_IFREG|0444, st_size=54, ...}) = 0
17031 lgetxattr("/home/hmeng/go/src/github.com/opencontainers/runc/.git/objects/75/7befdbe0cb0eb800b5b37ee93090e42ae87304", "security.capability", 0xc820117480, 128) = -1 ENODATA (No data available)
17031 openat(AT_FDCWD, "/home/hmeng/go/src/github.com/opencontainers/runc/.git/objects/75/7befdbe0cb0eb800b5b37ee93090e42ae87304", O_RDONLY|O_CLOEXEC) = 7
17031 read(7, "x\1+)JMU0\266`01\0\2\205\314\274\222\324\364\242\304\222\314\374<\206\371\347Y\353\26"..., 32768) = 54
17031 read(7, "", 32714)                = 0
17031 close(7)                          = 0
17031 lstat("/home/hmeng/go/src/github.com/opencontainers/runc/.git/objects/9f", {st_mode=S_IFDIR|0775, st_size=51, ...}) = 0
17031 lstat("/home/hmeng/go/src/github.com/opencontainers/runc/.git/objects/9f", {st_mode=S_IFDIR|0775, st_size=51, ...}) = 0
17031 lgetxattr("/home/hmeng/go/src/github.com/opencontainers/runc/.git/objects/9f", "security.capability", 0xc820117500, 128) = -1 ENODATA (No data available)
17031 openat(AT_FDCWD, "/home/hmeng/go/src/github.com/opencontainers/runc/.git/objects/9f", O_RDONLY|O_CLOEXEC) = 7
17031 getdents64(7, /* 3 entries */, 4096) = 112
17031 getdents64(7, /* 0 entries */, 4096) = 0
17031 close(7)                          = 0
17031 lstat("/home/hmeng/go/src/github.com/opencontainers/runc/.git/objects/9f/cf057ea0b4e2ae23a70fa429caf888c209b171", {st_mode=S_IFREG|0444, st_size=664, ...}) = 0
17031 lstat("/home/hmeng/go/src/github.com/opencontainers/runc/.git/objects/9f/cf057ea0b4e2ae23a70fa429caf888c209b171", {st_mode=S_IFREG|0444, st_size=664, ...}) = 0
17031 lgetxattr("/home/hmeng/go/src/github.com/opencontainers/runc/.git/objects/9f/cf057ea0b4e2ae23a70fa429caf888c209b171", "security.capability", 0xc820117580, 128) = -1 ENODATA (No data available)
17031 openat(AT_FDCWD, "/home/hmeng/go/src/github.com/opencontainers/runc/.git/objects/9f/cf057ea0b4e2ae23a70fa429caf888c209b171", O_RDONLY|O_CLOEXEC) = 7
17031 read(7, "x\1+)JMU\2600\264`040031Q\10rut\361u\325\313Ma8\332\336\261"..., 32768) = 664
17031 read(7, "", 32104)                = 0
17031 close(7)                          = 0
17031 lstat("/home/hmeng/go/src/github.com/opencontainers/runc/.git/objects/a7", {st_mode=S_IFDIR|0775, st_size=51, ...}) = 0
17031 lstat("/home/hmeng/go/src/github.com/opencontainers/runc/.git/objects/a7", {st_mode=S_IFDIR|0775, st_size=51, ...}) = 0
17031 lgetxattr("/home/hmeng/go/src/github.com/opencontainers/runc/.git/objects/a7", "security.capability", 0xc820117600, 128) = -1 ENODATA (No data available)
17031 openat(AT_FDCWD, "/home/hmeng/go/src/github.com/opencontainers/runc/.git/objects/a7", O_RDONLY|O_CLOEXEC) = 7
17031 getdents64(7, /* 3 entries */, 4096) = 112
17031 getdents64(7, /* 0 entries */, 4096) = 0
17031 close(7)                          = 0
17031 lstat("/home/hmeng/go/src/github.com/opencontainers/runc/.git/objects/a7/c725358afa9f868b44a56cbf643e59961b3d94", {st_mode=S_IFREG|0444, st_size=1312, ...}) = 0
17031 lstat("/home/hmeng/go/src/github.com/opencontainers/runc/.git/objects/a7/c725358afa9f868b44a56cbf643e59961b3d94", {st_mode=S_IFREG|0444, st_size=1312, ...}) = 0
17031 lgetxattr("/home/hmeng/go/src/github.com/opencontainers/runc/.git/objects/a7/c725358afa9f868b44a56cbf643e59961b3d94", "security.capability", 0xc820117680, 128) = -1 ENODATA (No data available)
17031 openat(AT_FDCWD, "/home/hmeng/go/src/github.com/opencontainers/runc/.git/objects/a7/c725358afa9f868b44a56cbf643e59961b3d94", O_RDONLY|O_CLOEXEC) = 7
17031 read(7, "x\1e\224yP\23g\30\207\327*\0108Z\246*\355\244\25(#\36\0104\251!D\264\310\221\20"..., 32768) = 1312
17031 read(7, "", 31456)                = 0
17031 close(7)                          = 0
17031 lstat("/home/hmeng/go/src/github.com/opencontainers/runc/.git/objects/b1", {st_mode=S_IFDIR|0775, st_size=51, ...}) = 0
17031 lstat("/home/hmeng/go/src/github.com/opencontainers/runc/.git/objects/b1", {st_mode=S_IFDIR|0775, st_size=51, ...}) = 0
17031 lgetxattr("/home/hmeng/go/src/github.com/opencontainers/runc/.git/objects/b1", "security.capability", 0xc820117700, 128) = -1 ENODATA (No data available)
17031 openat(AT_FDCWD, "/home/hmeng/go/src/github.com/opencontainers/runc/.git/objects/b1", O_RDONLY|O_CLOEXEC) = 7
17031 getdents64(7, /* 3 entries */, 4096) = 112
17031 getdents64(7, /* 0 entries */, 4096) = 0
17031 close(7)                          = 0
17031 lstat("/home/hmeng/go/src/github.com/opencontainers/runc/.git/objects/b1/f2d9ebc70acc79b0caef559d5b7035cd6ee14f", {st_mode=S_IFREG|0444, st_size=1756, ...}) = 0
17031 lstat("/home/hmeng/go/src/github.com/opencontainers/runc/.git/objects/b1/f2d9ebc70acc79b0caef559d5b7035cd6ee14f", {st_mode=S_IFREG|0444, st_size=1756, ...}) = 0
17031 lgetxattr("/home/hmeng/go/src/github.com/opencontainers/runc/.git/objects/b1/f2d9ebc70acc79b0caef559d5b7035cd6ee14f", "security.capability", 0xc820117780, 128) = -1 ENODATA (No data available)
17031 openat(AT_FDCWD, "/home/hmeng/go/src/github.com/opencontainers/runc/.git/objects/b1/f2d9ebc70acc79b0caef559d5b7035cd6ee14f", O_RDONLY|O_CLOEXEC) = 7
17031 read(7, "x\1}\226y\\\23g\32\307\207\313J\312aeu-\n\242\266\24\241\344\223D\216RA\10\30,"..., 32768) = 1756
17031 read(7, "", 31012)                = 0
17031 close(7)                          = 0
17031 lstat("/home/hmeng/go/src/github.com/opencontainers/runc/.git/objects/bb", {st_mode=S_IFDIR|0775, st_size=51, ...}) = 0
17031 lstat("/home/hmeng/go/src/github.com/opencontainers/runc/.git/objects/bb", {st_mode=S_IFDIR|0775, st_size=51, ...}) = 0
17031 lgetxattr("/home/hmeng/go/src/github.com/opencontainers/runc/.git/objects/bb", "security.capability", 0xc820117800, 128) = -1 ENODATA (No data available)
17031 openat(AT_FDCWD, "/home/hmeng/go/src/github.com/opencontainers/runc/.git/objects/bb", O_RDONLY|O_CLOEXEC) = 7
17031 getdents64(7, /* 3 entries */, 4096) = 112
17031 getdents64(7, /* 0 entries */, 4096) = 0
17031 close(7)                          = 0
17031 lstat("/home/hmeng/go/src/github.com/opencontainers/runc/.git/objects/bb/5473fb5358bca2f4df0ff5c3a8e66ebaaecfdf", {st_mode=S_IFREG|0444, st_size=286, ...}) = 0
17031 lstat("/home/hmeng/go/src/github.com/opencontainers/runc/.git/objects/bb/5473fb5358bca2f4df0ff5c3a8e66ebaaecfdf", {st_mode=S_IFREG|0444, st_size=286, ...}) = 0
17031 lgetxattr("/home/hmeng/go/src/github.com/opencontainers/runc/.git/objects/bb/5473fb5358bca2f4df0ff5c3a8e66ebaaecfdf", "security.capability", 0xc820117880, 128) = -1 ENODATA (No data available)
17031 openat(AT_FDCWD, "/home/hmeng/go/src/github.com/opencontainers/runc/.git/objects/bb/5473fb5358bca2f4df0ff5c3a8e66ebaaecfdf", O_RDONLY|O_CLOEXEC) = 7
17031 read(7, "x\1\205\220\317j\3030\f\306w\366S\350\5Z\342\370O\222RFOe\227\302`\203\235\25GN"..., 32768) = 286
17031 read(7, "", 32482)                = 0
17031 close(7)                          = 0
17031 lstat("/home/hmeng/go/src/github.com/opencontainers/runc/.git/objects/c5", {st_mode=S_IFDIR|0775, st_size=51, ...}) = 0
17031 lstat("/home/hmeng/go/src/github.com/opencontainers/runc/.git/objects/c5", {st_mode=S_IFDIR|0775, st_size=51, ...}) = 0
17031 lgetxattr("/home/hmeng/go/src/github.com/opencontainers/runc/.git/objects/c5", "security.capability", 0xc820117900, 128) = -1 ENODATA (No data available)
17031 openat(AT_FDCWD, "/home/hmeng/go/src/github.com/opencontainers/runc/.git/objects/c5", O_RDONLY|O_CLOEXEC) = 7
17031 getdents64(7, /* 3 entries */, 4096) = 112
17031 getdents64(7, /* 0 entries */, 4096) = 0
17031 close(7)                          = 0
17031 lstat("/home/hmeng/go/src/github.com/opencontainers/runc/.git/objects/c5/be72d89c392953683635679aaf5c2776c4fc88", {st_mode=S_IFREG|0444, st_size=966, ...}) = 0
17031 lstat("/home/hmeng/go/src/github.com/opencontainers/runc/.git/objects/c5/be72d89c392953683635679aaf5c2776c4fc88", {st_mode=S_IFREG|0444, st_size=966, ...}) = 0
17031 lgetxattr("/home/hmeng/go/src/github.com/opencontainers/runc/.git/objects/c5/be72d89c392953683635679aaf5c2776c4fc88", "security.capability", 0xc820117980, 128) = -1 ENODATA (No data available)
17031 openat(AT_FDCWD, "/home/hmeng/go/src/github.com/opencontainers/runc/.git/objects/c5/be72d89c392953683635679aaf5c2776c4fc88", O_RDONLY|O_CLOEXEC) = 7
17031 read(7, "x\1\255V]k\333J\20\275\317\376\25S\305\340\264 \253\r\245\17\r\201\353\233\232\324\220\304%\365"..., 32768) = 966
17031 read(7, "", 31802)                = 0
17031 close(7)                          = 0
17031 lstat("/home/hmeng/go/src/github.com/opencontainers/runc/.git/objects/cb", {st_mode=S_IFDIR|0775, st_size=51, ...}) = 0
17031 lstat("/home/hmeng/go/src/github.com/opencontainers/runc/.git/objects/cb", {st_mode=S_IFDIR|0775, st_size=51, ...}) = 0
17031 lgetxattr("/home/hmeng/go/src/github.com/opencontainers/runc/.git/objects/cb", "security.capability", 0xc820117a00, 128) = -1 ENODATA (No data available)
17031 openat(AT_FDCWD, "/home/hmeng/go/src/github.com/opencontainers/runc/.git/objects/cb", O_RDONLY|O_CLOEXEC) = 7
17031 getdents64(7, /* 3 entries */, 4096) = 112
17031 getdents64(7, /* 0 entries */, 4096) = 0
17031 close(7)                          = 0
17031 lstat("/home/hmeng/go/src/github.com/opencontainers/runc/.git/objects/cb/46edf29072bebc7f31f82014afc47847301d85", {st_mode=S_IFREG|0444, st_size=9181, ...}) = 0
17031 lstat("/home/hmeng/go/src/github.com/opencontainers/runc/.git/objects/cb/46edf29072bebc7f31f82014afc47847301d85", {st_mode=S_IFREG|0444, st_size=9181, ...}) = 0
17031 lgetxattr("/home/hmeng/go/src/github.com/opencontainers/runc/.git/objects/cb/46edf29072bebc7f31f82014afc47847301d85", "security.capability", 0xc820117a80, 128) = -1 ENODATA (No data available)
17031 openat(AT_FDCWD, "/home/hmeng/go/src/github.com/opencontainers/runc/.git/objects/cb/46edf29072bebc7f31f82014afc47847301d85", O_RDONLY|O_CLOEXEC) = 7
17031 read(7, "x\1\355]ks\333F\262\275_\245_\201e\255c:\221I\211\353dw\235x\253dY\266u\257"..., 32768) = 9181
17031 read(7, "", 23587)                = 0
17031 close(7)                          = 0
17031 lstat("/home/hmeng/go/src/github.com/opencontainers/runc/.git/objects/e2", {st_mode=S_IFDIR|0775, st_size=51, ...}) = 0
17031 lstat("/home/hmeng/go/src/github.com/opencontainers/runc/.git/objects/e2", {st_mode=S_IFDIR|0775, st_size=51, ...}) = 0
17031 lgetxattr("/home/hmeng/go/src/github.com/opencontainers/runc/.git/objects/e2", "security.capability", 0xc820117b00, 128) = -1 ENODATA (No data available)
17031 openat(AT_FDCWD, "/home/hmeng/go/src/github.com/opencontainers/runc/.git/objects/e2", O_RDONLY|O_CLOEXEC) = 7
17031 getdents64(7, /* 3 entries */, 4096) = 112
17031 getdents64(7, /* 0 entries */, 4096) = 0
17031 close(7)                          = 0
17031 lstat("/home/hmeng/go/src/github.com/opencontainers/runc/.git/objects/e2/d7ec02583bd36cb01c4591ca7f6a4fd8982773", {st_mode=S_IFREG|0444, st_size=1313, ...}) = 0
17031 lstat("/home/hmeng/go/src/github.com/opencontainers/runc/.git/objects/e2/d7ec02583bd36cb01c4591ca7f6a4fd8982773", {st_mode=S_IFREG|0444, st_size=1313, ...}) = 0
17031 lgetxattr("/home/hmeng/go/src/github.com/opencontainers/runc/.git/objects/e2/d7ec02583bd36cb01c4591ca7f6a4fd8982773", "security.capability", 0xc820117b80, 128) = -1 ENODATA (No data available)
17031 openat(AT_FDCWD, "/home/hmeng/go/src/github.com/opencontainers/runc/.git/objects/e2/d7ec02583bd36cb01c4591ca7f6a4fd8982773", O_RDONLY|O_CLOEXEC) = 7
17031 read(7, "x\1e\224yP\23g\30\207\327*\10Z-S\225v\322\n\224\21\17\4\232\324\20\"Z\344H\210"..., 32768) = 1313
17031 read(7, "", 31455)                = 0
17031 close(7)                          = 0
17031 lstat("/home/hmeng/go/src/github.com/opencontainers/runc/.git/objects/e4", {st_mode=S_IFDIR|0775, st_size=51, ...}) = 0
17031 lstat("/home/hmeng/go/src/github.com/opencontainers/runc/.git/objects/e4", {st_mode=S_IFDIR|0775, st_size=51, ...}) = 0
17031 lgetxattr("/home/hmeng/go/src/github.com/opencontainers/runc/.git/objects/e4", "security.capability", 0xc820117c00, 128) = -1 ENODATA (No data available)
17031 openat(AT_FDCWD, "/home/hmeng/go/src/github.com/opencontainers/runc/.git/objects/e4", O_RDONLY|O_CLOEXEC) = 7
17031 getdents64(7, /* 3 entries */, 4096) = 112
17031 getdents64(7, /* 0 entries */, 4096) = 0
17031 close(7)                          = 0
17031 lstat("/home/hmeng/go/src/github.com/opencontainers/runc/.git/objects/e4/0e71f521f4fcc2c0ef817fa38161d72635b113", {st_mode=S_IFREG|0444, st_size=253, ...}) = 0
17031 lstat("/home/hmeng/go/src/github.com/opencontainers/runc/.git/objects/e4/0e71f521f4fcc2c0ef817fa38161d72635b113", {st_mode=S_IFREG|0444, st_size=253, ...}) = 0
17031 lgetxattr("/home/hmeng/go/src/github.com/opencontainers/runc/.git/objects/e4/0e71f521f4fcc2c0ef817fa38161d72635b113", "security.capability", 0xc820117c80, 128) = -1 ENODATA (No data available)
17031 openat(AT_FDCWD, "/home/hmeng/go/src/github.com/opencontainers/runc/.git/objects/e4/0e71f521f4fcc2c0ef817fa38161d72635b113", O_RDONLY|O_CLOEXEC) = 7
17031 read(7, "x\1uO\311J\0041\24\364\334_\361\300\243\240\331\223\226A\306\213z\361\344\7\310K\3622\35\354"..., 32768) = 253
17031 read(7, "", 32515)                = 0
17031 close(7)                          = 0
17031 lstat("/home/hmeng/go/src/github.com/opencontainers/runc/.git/objects/info", {st_mode=S_IFDIR|0775, st_size=6, ...}) = 0
17031 lstat("/home/hmeng/go/src/github.com/opencontainers/runc/.git/objects/info", {st_mode=S_IFDIR|0775, st_size=6, ...}) = 0
17031 lgetxattr("/home/hmeng/go/src/github.com/opencontainers/runc/.git/objects/info", "security.capability", 0xc820117d00, 128) = -1 ENODATA (No data available)
17031 openat(AT_FDCWD, "/home/hmeng/go/src/github.com/opencontainers/runc/.git/objects/info", O_RDONLY|O_CLOEXEC) = 7
17031 getdents64(7, /* 2 entries */, 4096) = 48
17031 getdents64(7, /* 0 entries */, 4096) = 0
17031 close(7)                          = 0
17031 lstat("/home/hmeng/go/src/github.com/opencontainers/runc/.git/objects/pack", {st_mode=S_IFDIR|0775, st_size=4096, ...}) = 0
17031 lstat("/home/hmeng/go/src/github.com/opencontainers/runc/.git/objects/pack", {st_mode=S_IFDIR|0775, st_size=4096, ...}) = 0
17031 lgetxattr("/home/hmeng/go/src/github.com/opencontainers/runc/.git/objects/pack", "security.capability", 0xc820117d80, 128) = -1 ENODATA (No data available)
17031 openat(AT_FDCWD, "/home/hmeng/go/src/github.com/opencontainers/runc/.git/objects/pack", O_RDONLY|O_CLOEXEC) = 7
17031 getdents64(7, /* 6 entries */, 4096) = 336
17031 getdents64(7, /* 0 entries */, 4096) = 0
17031 close(7)                          = 0
17031 lstat("/home/hmeng/go/src/github.com/opencontainers/runc/.git/objects/pack/pack-723fb8a5eedebc547d526169ffc7238507005887.idx", {st_mode=S_IFREG|0444, st_size=357372, ...}) = 0
17031 lstat("/home/hmeng/go/src/github.com/opencontainers/runc/.git/objects/pack/pack-723fb8a5eedebc547d526169ffc7238507005887.idx", {st_mode=S_IFREG|0444, st_size=357372, ...}) = 0
17031 lgetxattr("/home/hmeng/go/src/github.com/opencontainers/runc/.git/objects/pack/pack-723fb8a5eedebc547d526169ffc7238507005887.idx", "security.capability", 0xc820510080, 128) = -1 ENODATA (No data available)
17031 openat(AT_FDCWD, "/home/hmeng/go/src/github.com/opencontainers/runc/.git/objects/pack/pack-723fb8a5eedebc547d526169ffc7238507005887.idx", O_RDONLY|O_CLOEXEC) = 7
17031 read(7, "\377tOc\0\0\0\2\0\0\0008\0\0\0h\0\0\0\216\0\0\0\271\0\0\0\353\0\0\1\36"..., 32768) = 32768
17031 futex(0xc8200f6590, FUTEX_WAKE, 1 <unfinished ...>
17035 <... futex resumed> )             = 0
17031 <... futex resumed> )             = 1
17035 select(0, NULL, NULL, NULL, {0, 100} <unfinished ...>
17031 write(6, "8000\r\n.git/objects/34/\0\0\0\0\0\0\0\0\0\0"..., 4096) = 4096
17031 write(6, "\0\0\0\0\0\0x\1+)JMU0\266`01\0\2\205\314\274\222\324\364\242\304\222\314\374<"..., 28678) = 28678
17031 write(6, "\r\n", 2)               = 2
17031 read(7, "r\366\334G [Q\352UC\35\372\357\351x\246\356+\344\301({-\20 `!N\230\357\335\315"..., 32768) = 32768
17031 write(6, "8000\r\n\0\0001\206\0\0001\265\0\3\36G<\377\22\212\266[\327\366\303\226\235\271\354\3"..., 4096) = 4096
17031 write(6, "R\247\340\213'%\302\33\206\214\311\37\253M*j\220F\4X\337\267a\364\30\325\31zh\242\265\334"..., 28678) = 28678
17031 write(6, "\r\n", 2)               = 2
17031 read(7,  <unfinished ...>
17035 <... select resumed> )            = 0 (Timeout)
17031 <... read resumed> "$5X\255\203\262\347\275\235\313\256\245\n\232\303EAe\344\256*\320\355#\231\2319e\201\307\23\300"..., 32768) = 32768
17035 futex(0xc8200f6590, FUTEX_WAIT, 0, NULL <unfinished ...>
17031 futex(0xc8200f6590, FUTEX_WAKE, 1 <unfinished ...>
17035 <... futex resumed> )             = -1 EAGAIN (Resource temporarily unavailable)
17031 <... futex resumed> )             = 0
17035 select(0, NULL, NULL, NULL, {0, 100} <unfinished ...>
17031 write(6, "8000\r\n!Dm\200\346\n\316\21[\207\212\220@\244\v\3736\372\214\257!F\277 p\332"..., 4096) = 4096
17031 write(6, "\342\353\316\260\245\327T\16\232\362%\214\340\210k\364\200z\37\33\177f\26\331\304\315\361\237\213\226%\221"..., 28678) = 28678
17031 write(6, "\r\n", 2)               = 2
17031 read(7, "\216\310\275\317_S \37a\246-\213\340p\252\337R\v_\234\342\31n\30\333\251x\361a\251\1%"..., 32768) = 32768
17031 write(6, "8000\r\n\246\344\304\221uQ2\26z\6\251\325BQ~\22.\33A\245\24.5\372\264\227"..., 4096) = 4096
17031 write(6, "\332\307FW7t\242|zM \325\10\361\360{\247-4ak\303F^\227\320,\276F*\221M"..., 28678 <unfinished ...>
17035 <... select resumed> )            = 0 (Timeout)
17031 <... write resumed> )             = -1 EAGAIN (Resource temporarily unavailable)
17035 select(0, NULL, NULL, NULL, {0, 100} <unfinished ...>
17031 read(7, "\201\322E\311<\337WN\2209\207\210\270\31\256\354\270\210\233\213\201\325\334y:\275@\315\33=\272b"..., 32768) = 32768
17031 futex(0x21ef2b0, FUTEX_WAIT, 0, NULL <unfinished ...>
17035 <... select resumed> )            = 0 (Timeout)
17035 futex(0xc8200f6590, FUTEX_WAIT, 0, NULL <unfinished ...>
17032 <... select resumed> )            = 0 (Timeout)
17032 clock_gettime(CLOCK_MONOTONIC, {4903, 330265385}) = 0
17032 futex(0x21ee760, FUTEX_WAIT, 0, {60, 0} <unfinished ...>
17033 <... epoll_wait resumed> {{EPOLLOUT, {u32=2134024192, u64=140606478393344}}}, 128, -1) = 1
17033 clock_gettime(CLOCK_MONOTONIC, {4903, 409639832}) = 0
17033 futex(0xc8200f6590, FUTEX_WAKE, 1 <unfinished ...>
17035 <... futex resumed> )             = 0
17033 <... futex resumed> )             = 1
17035 epoll_wait(5,  <unfinished ...>
17033 futex(0x21ee760, FUTEX_WAKE, 1 <unfinished ...>
17035 <... epoll_wait resumed> {}, 128, 0) = 0
17033 <... futex resumed> )             = 1
17032 <... futex resumed> )             = 0
17035 sched_yield( <unfinished ...>
17033 write(6, "\332\307FW7t\242|zM \325\10\361\360{\247-4ak\303F^\227\320,\276F*\221M"..., 28678 <unfinished ...>
17032 clock_gettime(CLOCK_MONOTONIC,  <unfinished ...>
17035 <... sched_yield resumed> )       = 0
17033 <... write resumed> )             = 28678
17032 <... clock_gettime resumed> {4903, 409738261}) = 0
17035 futex(0x21ee6a0, FUTEX_WAKE, 1 <unfinished ...>
17033 write(6, "\r\n", 2 <unfinished ...>
17032 clock_gettime(CLOCK_REALTIME,  <unfinished ...>
17035 <... futex resumed> )             = 0
17033 <... write resumed> )             = 2
17032 <... clock_gettime resumed> {1465918769, 193771649}) = 0
17035 epoll_wait(5,  <unfinished ...>
17033 futex(0x21ef2b0, FUTEX_WAKE, 1 <unfinished ...>
17032 select(0, NULL, NULL, NULL, {0, 20} <unfinished ...>
17033 <... futex resumed> )             = 1
17031 <... futex resumed> )             = 0
17033 write(6, "8000\r\n\202y\234\245bd \266\304\370\354UV\3\237qi[\251\5\267SI\247bs"..., 4096 <unfinished ...>
17031 select(0, NULL, NULL, NULL, {0, 100} <unfinished ...>
17033 <... write resumed> )             = 4096
17033 write(6, "\17\220\2\364`\357\343e$\330\201\302\334Zf\275\325\270E\23\341@\253\340\225y\0051\301\10\7\326"..., 28678) = 28678
17033 write(6, "\r\n", 2 <unfinished ...>
17032 <... select resumed> )            = 0 (Timeout)
17033 <... write resumed> )             = 2
17032 clock_gettime(CLOCK_MONOTONIC,  <unfinished ...>
17033 read(7,  <unfinished ...>
17032 <... clock_gettime resumed> {4903, 409947074}) = 0
17033 <... read resumed> "\354\373A%z\255$dd\2J@\243q\3622\236\26\356\37\245\352\1\355\323&\261\331\3\241\301%"..., 32768) = 32768
17032 clock_gettime(CLOCK_REALTIME,  <unfinished ...>
17033 write(6, "8000\r\n\310\255I\202\3162\35\33\"\337\20T\3307\274\244\202\374F\310U\216x\313\351\177"..., 4096 <unfinished ...>
17032 <... clock_gettime resumed> {1465918769, 193976435}) = 0
17033 <... write resumed> )             = 4096
17032 select(0, NULL, NULL, NULL, {0, 20} <unfinished ...>
17031 <... select resumed> )            = 0 (Timeout)
17033 write(6, "V`\306J\30\223\207\1\336?\247Q\36>\2778uEc'\t\267K\202\334\323\207\t\302\nb\224"..., 28678 <unfinished ...>
17031 read(7,  <unfinished ...>
17033 <... write resumed> )             = 28678
17031 <... read resumed> "\23O\0356\305v\275\275\201%\223\300\211\264\7Xg N\323\25\266'O\305\200z{(?\311\370"..., 32768) = 32768
17033 write(6, "\r\n", 2 <unfinished ...>
17031 futex(0x21ef2b0, FUTEX_WAIT, 0, NULL <unfinished ...>
17033 <... write resumed> )             = 2
17033 futex(0x21ef2b0, FUTEX_WAKE, 1 <unfinished ...>
17032 <... select resumed> )            = 0 (Timeout)
17033 <... futex resumed> )             = 1
17032 clock_gettime(CLOCK_MONOTONIC,  <unfinished ...>
17031 <... futex resumed> )             = 0
17033 write(6, "8000\r\np\32\21\300\3N\245\333\244\230\233(\371\360P\266\3061@\2\365\31k\202C\360"..., 4096 <unfinished ...>
17032 <... clock_gettime resumed> {4903, 410145041}) = 0
17031 select(0, NULL, NULL, NULL, {0, 100} <unfinished ...>
17033 <... write resumed> )             = 4096
17032 clock_gettime(CLOCK_REALTIME,  <unfinished ...>
17033 write(6, "T\230\343v:\372s\26I\35\16\246\350l\201\\\377e\251\24\237\230\213\357\37e\337\317&\236nd"..., 28678 <unfinished ...>
17032 <... clock_gettime resumed> {1465918769, 194178552}) = 0
17033 <... write resumed> )             = 28678
17032 select(0, NULL, NULL, NULL, {0, 20} <unfinished ...>
17033 write(6, "\r\n", 2)               = 2
17033 read(7, "\324i8\232\276\377C\21+]\360e\177w!\257\346\312\207Zt\310\371Br\212\221\246\224N\21\262"..., 32768) = 32768
17033 write(6, "8000\r\n\306\213\22R\\\240\274j\264\340\0\rB\340lN\252k\271\275\306\213t\204^f"..., 4096) = 4096
17033 write(6, "\333\37$\3\335#\230\311\303]\312oY3\r\323\242\270\356B\17\327\351M\23\244u8B\304\312p"..., 28678 <unfinished ...>
17032 <... select resumed> )            = 0 (Timeout)
17031 <... select resumed> )            = 0 (Timeout)
17033 <... write resumed> )             = 28678
17032 clock_gettime(CLOCK_MONOTONIC,  <unfinished ...>
17031 read(7,  <unfinished ...>
17033 write(6, "\r\n", 2 <unfinished ...>
17032 <... clock_gettime resumed> {4903, 410343963}) = 0
17031 <... read resumed> "\332\255\215j\267\223\364\363K\207\365w\251ETr\256\356`\370lg\323\220\322\320\203\224\3434\252\270"..., 32768) = 32768
17033 <... write resumed> )             = 2
17032 clock_gettime(CLOCK_REALTIME,  <unfinished ...>
17031 futex(0x21ef2b0, FUTEX_WAIT, 0, NULL <unfinished ...>
17033 futex(0x21ef2b0, FUTEX_WAKE, 1 <unfinished ...>
17032 <... clock_gettime resumed> {1465918769, 194387650}) = 0
17031 <... futex resumed> )             = -1 EAGAIN (Resource temporarily unavailable)
17033 <... futex resumed> )             = 0
17032 select(0, NULL, NULL, NULL, {0, 20} <unfinished ...>
17031 select(0, NULL, NULL, NULL, {0, 100} <unfinished ...>
17033 write(6, "8000\r\n}\253t\257\202C\326\261\247\371KI\347\277\37\335ZW\4Q\22aij\20r"..., 4096) = 4096
17033 write(6, "Y\f\354F,\274\272ZLZ\220\326\374\260\334\350e\246\346db\371\354Kn\v\303\363\342\245Wi"..., 28678) = -1 EAGAIN (Resource temporarily unavailable)
17033 read(7, "R\2a\335z\201\23\367n\233\247T\337\30\315\343B(\n<4_\23.\347\356F\5\214Ux\273"..., 32768) = 32768
17033 futex(0xc82002ea10, FUTEX_WAIT, 0, NULL <unfinished ...>
17032 <... select resumed> )            = 0 (Timeout)
17032 clock_gettime(CLOCK_MONOTONIC, {4903, 410527970}) = 0
17032 clock_gettime(CLOCK_REALTIME, {1465918769, 194530264}) = 0
17032 select(0, NULL, NULL, NULL, {0, 20}) = 0 (Timeout)
17031 <... select resumed> )            = 0 (Timeout)
17032 clock_gettime(CLOCK_MONOTONIC,  <unfinished ...>
17031 futex(0x21ef2b0, FUTEX_WAIT, 0, NULL <unfinished ...>
17032 <... clock_gettime resumed> {4903, 410623777}) = 0
17032 clock_gettime(CLOCK_REALTIME, {1465918769, 194630322}) = 0
17032 select(0, NULL, NULL, NULL, {0, 20}) = 0 (Timeout)
17032 clock_gettime(CLOCK_MONOTONIC, {4903, 410739496}) = 0
17032 futex(0x21ee760, FUTEX_WAIT, 0, {60, 0} <unfinished ...>
17035 <... epoll_wait resumed> {{EPOLLOUT, {u32=2134024192, u64=140606478393344}}}, 128, -1) = 1
17035 clock_gettime(CLOCK_MONOTONIC, {4903, 413880074}) = 0
17035 futex(0x21ef2b0, FUTEX_WAKE, 1)   = 1
17031 <... futex resumed> )             = 0
17035 futex(0x21ee760, FUTEX_WAKE, 1 <unfinished ...>
17031 epoll_wait(5,  <unfinished ...>
17035 <... futex resumed> )             = 1
17032 <... futex resumed> )             = 0
17031 <... epoll_wait resumed> {}, 128, 0) = 0
17035 write(6, "Y\f\354F,\274\272ZLZ\220\326\374\260\334\350e\246\346db\371\354Kn\v\303\363\342\245Wi"..., 28678 <unfinished ...>
17032 clock_gettime(CLOCK_MONOTONIC,  <unfinished ...>
17031 epoll_wait(5,  <unfinished ...>
17035 <... write resumed> )             = 28678
17032 <... clock_gettime resumed> {4903, 413964033}) = 0
17035 write(6, "\r\n", 2 <unfinished ...>
17032 clock_gettime(CLOCK_REALTIME,  <unfinished ...>
17035 <... write resumed> )             = 2
17032 <... clock_gettime resumed> {1465918769, 197988056}) = 0
17035 futex(0xc82002ea10, FUTEX_WAKE, 1 <unfinished ...>
17032 select(0, NULL, NULL, NULL, {0, 20} <unfinished ...>
17035 <... futex resumed> )             = 1
17033 <... futex resumed> )             = 0
17035 write(6, "8000\r\n1z\362G\361@\251EL\272\262K\253\345C\331\241\27\276;}T+\311\377\26"..., 4096 <unfinished ...>
17033 select(0, NULL, NULL, NULL, {0, 100} <unfinished ...>
17035 <... write resumed> )             = 4096
17035 write(6, "aC\342\r\337Y\333\262h`T\30\325IW\251\343j\20C\26Y\r\323c\3\245\326\0/\6\360"..., 28678) = 28678
17035 write(6, "\r\n", 2)               = 2
17032 <... select resumed> )            = 0 (Timeout)
17035 read(7,  <unfinished ...>
17032 clock_gettime(CLOCK_MONOTONIC,  <unfinished ...>
17035 <... read resumed> "\0/\247\315\0)\313?\0+\353\241\0\0109\376\0/A\303\0\t\202\377\0&E\300\0.5`"..., 32768) = 29692
17032 <... clock_gettime resumed> {4903, 414165893}) = 0
17035 read(7,  <unfinished ...>
17032 clock_gettime(CLOCK_REALTIME,  <unfinished ...>
17035 <... read resumed> "", 3076)      = 0
17032 <... clock_gettime resumed> {1465918769, 198180609}) = 0
17035 close(7 <unfinished ...>
17032 select(0, NULL, NULL, NULL, {0, 20} <unfinished ...>
17035 <... close resumed> )             = 0
17035 write(6, "8000\r\n&j$v\370~\27d\264\25\325\311\230\231\264\334\350#\313\247nR7A+y"..., 4096 <unfinished ...>
17033 <... select resumed> )            = 0 (Timeout)
17035 <... write resumed> )             = 4096
17033 lstat("/home/hmeng/go/src/github.com/opencontainers/runc/.git/objects/pack/pack-723fb8a5eedebc547d526169ffc7238507005887.pack",  <unfinished ...>
17035 write(6, "[\242R\257>\317\337\366b\255\17\0164\361W\302\\h\f\366\25\231\230\320\333\3679z2(\203\1"..., 28678 <unfinished ...>
17033 <... lstat resumed> {st_mode=S_IFREG|0444, st_size=3393300, ...}) = 0
17032 <... select resumed> )            = 0 (Timeout)
17035 <... write resumed> )             = 28678
17033 lstat("/home/hmeng/go/src/github.com/opencontainers/runc/.git/objects/pack/pack-723fb8a5eedebc547d526169ffc7238507005887.pack",  <unfinished ...>
17032 clock_gettime(CLOCK_MONOTONIC,  <unfinished ...>
17035 write(6, "\r\n", 2 <unfinished ...>
17033 <... lstat resumed> {st_mode=S_IFREG|0444, st_size=3393300, ...}) = 0
17032 <... clock_gettime resumed> {4903, 414597875}) = 0
17035 <... write resumed> )             = 2
17033 lgetxattr("/home/hmeng/go/src/github.com/opencontainers/runc/.git/objects/pack/pack-723fb8a5eedebc547d526169ffc7238507005887.pack", "security.capability" <unfinished ...>
17032 clock_gettime(CLOCK_REALTIME,  <unfinished ...>
17035 futex(0xc8200f6590, FUTEX_WAIT, 0, NULL <unfinished ...>
17033 <... lgetxattr resumed> , 0xc820213880, 128) = -1 ENODATA (No data available)
17032 <... clock_gettime resumed> {1465918769, 198640943}) = 0
17033 openat(AT_FDCWD, "/home/hmeng/go/src/github.com/opencontainers/runc/.git/objects/pack/pack-723fb8a5eedebc547d526169ffc7238507005887.pack", O_RDONLY|O_CLOEXEC <unfinished ...>
17032 select(0, NULL, NULL, NULL, {0, 20} <unfinished ...>
17033 <... openat resumed> )            = 7
17033 read(7, "PACK\0\0\0\2\0\0001\265\226\26x\234\235\216Mj\3040\f\205\3679\205\240\313Bk\331"..., 32768) = 32768
17033 futex(0xc8200f6590, FUTEX_WAKE, 1 <unfinished ...>
17035 <... futex resumed> )             = 0
17033 <... futex resumed> )             = 1
17035 select(0, NULL, NULL, NULL, {0, 100} <unfinished ...>
17033 write(6, "8000\r\n\0!\rt\0,_\25\0)\342\233\0&\6\f\0\23w\230\0\35\227\344\0\7"..., 4096) = 4096
17032 <... select resumed> )            = 0 (Timeout)
17033 write(6, "\10\254\0000*\323\0*\351X\0\27oX\0\23vF\0+-\f\0\32\361\316\0\21\333\332\0."..., 28678 <unfinished ...>
17032 clock_gettime(CLOCK_MONOTONIC,  <unfinished ...>
17033 <... write resumed> )             = 28678
17032 <... clock_gettime resumed> {4903, 414824187}) = 0
17033 write(6, "\r\n", 2 <unfinished ...>
17032 clock_gettime(CLOCK_REALTIME,  <unfinished ...>
17033 <... write resumed> )             = 2
17032 <... clock_gettime resumed> {1465918769, 198848177}) = 0
17033 read(7,  <unfinished ...>
17032 select(0, NULL, NULL, NULL, {0, 20} <unfinished ...>
17033 <... read resumed> "z\3124\223L\266\303\320\266\2452M\261\351%\263V\352\246#\253\212\350\23HS\363\226\367\214wR"..., 32768) = 32768
17033 write(6, "8000\r\n\344\t#\n\353H\212(\245\20\376\374>\241\210\217\336\366\201\214\366\1\265\260\242@"..., 4096) = 4096
17035 <... select resumed> )            = 0 (Timeout)
17033 write(6, "\244\266\31\265\236\305\334\236\n.\200\304\352\223\236\305\367\352\316\f\230\"y\311v\"\231\213\343\222j\16"..., 28678 <unfinished ...>
17032 <... select resumed> )            = 0 (Timeout)
17035 select(0, NULL, NULL, NULL, {0, 100} <unfinished ...>
17033 <... write resumed> )             = 28678
17032 clock_gettime(CLOCK_MONOTONIC,  <unfinished ...>
17033 write(6, "\r\n", 2 <unfinished ...>
17032 <... clock_gettime resumed> {4903, 414987899}) = 0
17033 <... write resumed> )             = 2
17032 clock_gettime(CLOCK_REALTIME,  <unfinished ...>
17033 read(7,  <unfinished ...>
17032 <... clock_gettime resumed> {1465918769, 199021368}) = 0
17033 <... read resumed> ")\204\223\335\237\377\366\225\374\2\304\230w\262\234\23x\234\235\217;n\3030\20D{\236b\373\300\302"..., 32768) = 32768
17032 select(0, NULL, NULL, NULL, {0, 20} <unfinished ...>
17033 ioctl(0, TIOCGWINSZ, {ws_row=35, ws_col=112, ws_xpixel=0, ws_ypixel=0}) = 0
17033 ioctl(0, TIOCGWINSZ, {ws_row=35, ws_col=112, ws_xpixel=0, ws_ypixel=0}) = 0
17033 write(1, "Sending build context to Docker "..., 48 <unfinished ...>
17035 <... select resumed> )            = 0 (Timeout)
17033 <... write resumed> )             = 48
17032 <... select resumed> )            = 0 (Timeout)
17035 read(7,  <unfinished ...>
17033 write(6, "8000\r\n\275\343x\206\"\n\263u\305J\312\304\214\231s\357\203x\265r\225{\3\37O\204"..., 4096 <unfinished ...>
17032 clock_gettime(CLOCK_MONOTONIC,  <unfinished ...>
17035 <... read resumed> "\3679EK\254\7\374w[B\210\v\214\304\25\332v\207\261\24;\301q\6\216O@\342\0,\253T"..., 32768) = 32768
17033 <... write resumed> )             = 4096
17032 <... clock_gettime resumed> {4903, 415191738}) = 0
17035 futex(0xc8200f6590, FUTEX_WAIT, 0, NULL <unfinished ...>
17033 write(6, "\263\235\340h,\327\215\267\250\272Nx\24\275\356\251Ql\301\225b\201\326qK\3309\241\234\263^\v"..., 28678 <unfinished ...>
17032 clock_gettime(CLOCK_REALTIME,  <unfinished ...>
17033 <... write resumed> )             = -1 EAGAIN (Resource temporarily unavailable)
17032 <... clock_gettime resumed> {1465918769, 199223257}) = 0
17033 futex(0xc82002ea10, FUTEX_WAIT, 0, NULL <unfinished ...>
17032 select(0, NULL, NULL, NULL, {0, 20}) = 0 (Timeout)
17032 clock_gettime(CLOCK_MONOTONIC, {4903, 415351979}) = 0
17032 futex(0x21ee760, FUTEX_WAIT, 0, {60, 0} <unfinished ...>
17031 <... epoll_wait resumed> {{EPOLLOUT, {u32=2134024192, u64=140606478393344}}}, 128, -1) = 1
17031 clock_gettime(CLOCK_MONOTONIC, {4903, 416474696}) = 0
17031 futex(0xc82002ea10, FUTEX_WAKE, 1 <unfinished ...>
17033 <... futex resumed> )             = 0
17031 <... futex resumed> )             = 1
17033 epoll_wait(5,  <unfinished ...>
17031 futex(0x21ee760, FUTEX_WAKE, 1 <unfinished ...>
17033 <... epoll_wait resumed> {}, 128, 0) = 0
17032 <... futex resumed> )             = 0
17031 <... futex resumed> )             = 1
17033 sched_yield( <unfinished ...>
17032 sched_yield( <unfinished ...>
17031 write(6, "\263\235\340h,\327\215\267\250\272Nx\24\275\356\251Ql\301\225b\201\326qK\3309\241\234\263^\v"..., 28678 <unfinished ...>
17033 <... sched_yield resumed> )       = 0
17032 <... sched_yield resumed> )       = 0
17031 <... write resumed> )             = 28678
17033 futex(0x21ee6a0, FUTEX_WAKE, 1 <unfinished ...>
17032 futex(0x21ee6a0, FUTEX_WAKE, 1 <unfinished ...>
17031 write(6, "\r\n", 2 <unfinished ...>
17033 <... futex resumed> )             = 0
17032 <... futex resumed> )             = 0
17031 <... write resumed> )             = 2
17033 epoll_wait(5,  <unfinished ...>
17032 clock_gettime(CLOCK_MONOTONIC,  <unfinished ...>
17031 futex(0xc8200f6590, FUTEX_WAKE, 1 <unfinished ...>
17035 <... futex resumed> )             = 0
17032 <... clock_gettime resumed> {4903, 416631707}) = 0
17031 <... futex resumed> )             = 1
17035 select(0, NULL, NULL, NULL, {0, 100} <unfinished ...>
17032 clock_gettime(CLOCK_REALTIME,  <unfinished ...>
17031 write(6, "8000\r\n \304\262\326\215\245\261\321\t+4\313oBL\273\320~N\20\3|\22k\327\1"..., 4096 <unfinished ...>
17032 <... clock_gettime resumed> {1465918769, 200664851}) = 0
17031 <... write resumed> )             = 4096
17032 select(0, NULL, NULL, NULL, {0, 20} <unfinished ...>
17031 write(6, "Vi\212<\252\t\321\36Y\343&\247\244#\243\220\31\221(\10NJp\377\353G\35\0257.i\306"..., 28678) = 28678
17031 write(6, "\r\n", 2)               = 2
17031 read(7, "\372\336i\33\360dU\0\356\255B-x\271}\332;\275T\252\255_\347\262\336&\347m\340\230\246\217"..., 32768) = 32768
17035 <... select resumed> )            = 0 (Timeout)
17032 <... select resumed> )            = 0 (Timeout)
17031 write(6, "8000\r\n\33\3071f\203\211\223\265*}\367\317\332`\267\3605\255\304\r\16\265\325{\375\201"..., 4096 <unfinished ...>
17035 read(7,  <unfinished ...>
17032 clock_gettime(CLOCK_MONOTONIC,  <unfinished ...>
17031 <... write resumed> )             = 4096
17035 <... read resumed> "\7\271R\310l\230)x\234\215Q\311\216\3330\f\275\353+x\353a2\206\27\331\261\203\242\350\234z"..., 32768) = 32768
17032 <... clock_gettime resumed> {4903, 416852334}) = 0
17031 write(6, "Y'8m\353O\274\303\233\374\345\374O?\3163\227\351 \353\374\16-9o\251u=B\203\1\321"..., 28678 <unfinished ...>
17035 futex(0xc8200f6590, FUTEX_WAIT, 0, NULL <unfinished ...>
17032 clock_gettime(CLOCK_REALTIME,  <unfinished ...>
17031 <... write resumed> )             = 28678
17032 <... clock_gettime resumed> {1465918769, 200889590}) = 0
17031 write(6, "\r\n", 2 <unfinished ...>
17032 select(0, NULL, NULL, NULL, {0, 20} <unfinished ...>
17031 <... write resumed> )             = 2
17031 futex(0xc8200f6590, FUTEX_WAKE, 1 <unfinished ...>
17035 <... futex resumed> )             = 0
17031 <... futex resumed> )             = 1
17035 select(0, NULL, NULL, NULL, {0, 100} <unfinished ...>
17031 write(6, "8000\r\n\242\376i\342\350~\376[\21\324\330fp\300\340A2\334\366\0U\5\230p\327\27"..., 4096) = 4096
17031 write(6, "\36\231\23\"(\205\306\264\225\262\250T\251\32]\225M\353Pu\265U}_\310\332Y\251\252\16[1"..., 28678) = 28678
17032 <... select resumed> )            = 0 (Timeout)
17032 clock_gettime(CLOCK_MONOTONIC,  <unfinished ...>
17031 write(6, "\r\n", 2 <unfinished ...>
17032 <... clock_gettime resumed> {4903, 417030540}) = 0
17031 <... write resumed> )             = 2
17032 clock_gettime(CLOCK_REALTIME,  <unfinished ...>
17031 read(7,  <unfinished ...>
17032 <... clock_gettime resumed> {1465918769, 201052505}) = 0
17031 <... read resumed> "\336P>\23z\373\355#3\227\24\353\1'C\212\333\326^\341\374F\371\6\36\233gk)\215\265\353"..., 32768) = 32768
17032 select(0, NULL, NULL, NULL, {0, 20} <unfinished ...>
17031 write(6, "8000\r\n\2715\236\251\353~\303\3l\373\262\224\332\340\n\300\357\17\357c\33`[8\2172"..., 4096) = 4096
17031 write(6, "\311N@*S\206~\356\347\233~>\246\341\353X\230b\346\246\371\330>>\357\266\233\34o!\214T"..., 28678 <unfinished ...>
17035 <... select resumed> )            = 0 (Timeout)
17032 <... select resumed> )            = 0 (Timeout)
17035 read(7,  <unfinished ...>
17032 clock_gettime(CLOCK_MONOTONIC,  <unfinished ...>
17031 <... write resumed> )             = 28678
17035 <... read resumed> "\0229I&N\214\271\240\363\336;\22I\266\314\212\266\361\265v8\364m\241\n\2374\244\302K\373M"..., 32768) = 32768
17032 <... clock_gettime resumed> {4903, 417170111}) = 0
17031 write(6, "\r\n", 2 <unfinished ...>
17035 futex(0xc8200f6590, FUTEX_WAIT, 0, NULL <unfinished ...>
17032 clock_gettime(CLOCK_REALTIME,  <unfinished ...>
17031 <... write resumed> )             = 2
17032 <... clock_gettime resumed> {1465918769, 201203093}) = 0
17031 futex(0xc8200f6590, FUTEX_WAKE, 1 <unfinished ...>
17035 <... futex resumed> )             = 0
17032 select(0, NULL, NULL, NULL, {0, 20} <unfinished ...>
17031 <... futex resumed> )             = 1
17035 select(0, NULL, NULL, NULL, {0, 100} <unfinished ...>
17031 write(6, "8000\r\n\267Y\250\207o\356\202\3|\\\316\351\374\354Iu\0303\351\306OPTUy("..., 4096) = 4096
17031 write(6, "=g\250\374\276\363\265\301\235\26\nR-\v,u_)o}\240\355-\317\327\326u\257[\244\3060"..., 28678) = -1 EAGAIN (Resource temporarily unavailable)
17031 read(7, "\302\214\350\32v<\36\231\177\364\3048\245\2K\353l\342Q\16\242\305!\31\255\237\215\242\242\360\201V"..., 32768) = 32768
17032 <... select resumed> )            = 0 (Timeout)
17031 futex(0x21ef2b0, FUTEX_WAIT, 0, NULL <unfinished ...>
17032 clock_gettime(CLOCK_MONOTONIC, {4903, 417345487}) = 0
17032 clock_gettime(CLOCK_REALTIME, {1465918769, 201347527}) = 0
17032 select(0, NULL, NULL, NULL, {0, 20} <unfinished ...>
17035 <... select resumed> )            = 0 (Timeout)
17032 <... select resumed> )            = 0 (Timeout)
17035 futex(0xc8200f6590, FUTEX_WAIT, 0, NULL <unfinished ...>
17032 clock_gettime(CLOCK_MONOTONIC, {4903, 417452055}) = 0
17032 futex(0x21ee760, FUTEX_WAIT, 0, {60, 0} <unfinished ...>
17033 <... epoll_wait resumed> {{EPOLLOUT, {u32=2134024192, u64=140606478393344}}}, 128, -1) = 1
17033 clock_gettime(CLOCK_MONOTONIC, {4903, 418643241}) = 0
17033 futex(0xc8200f6590, FUTEX_WAKE, 1 <unfinished ...>
17035 <... futex resumed> )             = 0
17033 <... futex resumed> )             = 1
17035 epoll_wait(5,  <unfinished ...>
17033 futex(0x21ee760, FUTEX_WAKE, 1 <unfinished ...>
17035 <... epoll_wait resumed> {}, 128, 0) = 0
17033 <... futex resumed> )             = 1
17032 <... futex resumed> )             = 0
17035 sched_yield( <unfinished ...>
17033 write(6, "=g\250\374\276\363\265\301\235\26\nR-\v,u_)o}\240\355-\317\327\326u\257[\244\3060"..., 28678 <unfinished ...>
17032 clock_gettime(CLOCK_MONOTONIC,  <unfinished ...>
17035 <... sched_yield resumed> )       = 0
17033 <... write resumed> )             = 28678
17032 <... clock_gettime resumed> {4903, 418734050}) = 0
17035 futex(0x21ee6a0, FUTEX_WAKE, 1 <unfinished ...>
17033 write(6, "\r\n", 2 <unfinished ...>
17032 clock_gettime(CLOCK_REALTIME,  <unfinished ...>
17035 <... futex resumed> )             = 0
17033 <... write resumed> )             = 2
17032 <... clock_gettime resumed> {1465918769, 202766446}) = 0
17035 epoll_wait(5,  <unfinished ...>
17033 futex(0x21ef2b0, FUTEX_WAKE, 1 <unfinished ...>
17032 select(0, NULL, NULL, NULL, {0, 20} <unfinished ...>
17035 <... epoll_wait resumed> {{EPOLLOUT, {u32=2134024192, u64=140606478393344}}}, 128, -1) = 1
17033 <... futex resumed> )             = 1
17031 <... futex resumed> )             = 0
17035 epoll_wait(5,  <unfinished ...>
17033 write(6, "8000\r\nW\320\353/\37\337\271\355^(\2339x\234\225\222Mo\3330\f\206\357\372\25\4"..., 4096 <unfinished ...>
17031 select(0, NULL, NULL, NULL, {0, 100} <unfinished ...>
17033 <... write resumed> )             = 4096
17032 <... select resumed> )            = 0 (Timeout)
17033 write(6, "\35\22\212Y\t\313v\254\264v\320\250\355\214\316\332\211\22\252\3\311\222\224B\241\321Zx\305\223!+"..., 28678 <unfinished ...>
17032 clock_gettime(CLOCK_MONOTONIC,  <unfinished ...>
17033 <... write resumed> )             = 28678
17032 <... clock_gettime resumed> {4903, 418933877}) = 0
17033 write(6, "\r\n", 2 <unfinished ...>
17032 clock_gettime(CLOCK_REALTIME,  <unfinished ...>
17033 <... write resumed> )             = 2
17032 <... clock_gettime resumed> {1465918769, 202952147}) = 0
17033 read(7,  <unfinished ...>
17032 select(0, NULL, NULL, NULL, {0, 20} <unfinished ...>
17033 <... read resumed> "\24\276\34|\255p7\366\6b\311+\254\345\330p\331\37\221\350k*\371\330\257_a\346\360\335u\37"..., 32768) = 32768
17031 <... select resumed> )            = 0 (Timeout)
17033 write(6, "8000\r\n\3039\207\253\243\2/\275m\376\v\36\303M\353o\372|\251.\227Sh\365\t\204"..., 4096 <unfinished ...>
17031 read(7,  <unfinished ...>
17033 <... write resumed> )             = 4096
17035 <... epoll_wait resumed> {{EPOLLOUT, {u32=2134024192, u64=140606478393344}}}, 128, -1) = 1
17031 <... read resumed> "\272\216R\203(\304\v\3\306\270\302k^\31\3226\7\316e\206\313\230\303\0108M\345\262\356\372@\f"..., 32768) = 32768
17032 <... select resumed> )            = 0 (Timeout)
17035 epoll_wait(5,  <unfinished ...>
17033 write(6, "\316qQ^9\24d\270\320\236\243\222~V\216\204V\n-\31\247\204\217\222M;VZ;D#g"..., 28678 <unfinished ...>
17032 clock_gettime(CLOCK_MONOTONIC,  <unfinished ...>
17031 futex(0x21ef2b0, FUTEX_WAIT, 0, NULL <unfinished ...>
17033 <... write resumed> )             = 28678
17032 <... clock_gettime resumed> {4903, 419126511}) = 0
17033 write(6, "\r\n", 2 <unfinished ...>
17032 clock_gettime(CLOCK_REALTIME,  <unfinished ...>
17033 <... write resumed> )             = 2
17032 <... clock_gettime resumed> {1465918769, 203149654}) = 0
17033 futex(0x21ef2b0, FUTEX_WAKE, 1 <unfinished ...>
17032 select(0, NULL, NULL, NULL, {0, 20} <unfinished ...>
17033 <... futex resumed> )             = 1
17031 <... futex resumed> )             = 0
17033 write(6, "8000\r\n\266e+j\343\"\251\2i\327w\232\255\363\304Z\223 \263\355\4\35Sp\223q"..., 4096 <unfinished ...>
17031 select(0, NULL, NULL, NULL, {0, 100} <unfinished ...>
17033 <... write resumed> )             = 4096
17033 write(6, "\310\210\335\346.Sk\372\217\212n\257\365\250p\276\346\fU?\257zi\360\340\311A\252e\201\371&"..., 28678) = 28678
17033 write(6, "\r\n", 2)               = 2
17032 <... select resumed> )            = 0 (Timeout)
17033 read(7,  <unfinished ...>
17032 clock_gettime(CLOCK_MONOTONIC,  <unfinished ...>
17033 <... read resumed> "\235o\r\36\2643\220j\3110o\363\3664o\247\312\271\334\271\33\355+\341\332NS!\26\342\7\303"..., 32768) = 32768
17032 <... clock_gettime resumed> {4903, 419303265}) = 0
17033 write(6, "8000\r\n\25x\234\215\216\301j\3030\20D\357\372\212\275\365\20\22$[\226\254PJ\372\r"..., 4096 <unfinished ...>
17032 clock_gettime(CLOCK_REALTIME,  <unfinished ...>
17033 <... write resumed> )             = 4096
17032 <... clock_gettime resumed> {1465918769, 203329910}) = 0
17033 write(6, "\323a\314/\7{+\373F\345\353xig\35\271\256\20\327\336\316\375\0\177@'\217\255n\27c\37"..., 28678 <unfinished ...>
17032 select(0, NULL, NULL, NULL, {0, 20} <unfinished ...>
17033 <... write resumed> )             = 28678
17033 write(6, "\r\n", 2 <unfinished ...>
17031 <... select resumed> )            = 0 (Timeout)
17033 <... write resumed> )             = 2
17031 read(7,  <unfinished ...>
17033 futex(0xc82002ea10, FUTEX_WAIT, 0, NULL <unfinished ...>
17031 <... read resumed> "\332J\356\271\237\f:\307\275\346J\312\321\314\3106lT:\4\256Q\4ts\34\355\344\255\17\302\213"..., 32768) = 32768
17031 futex(0xc82002ea10, FUTEX_WAKE, 1 <unfinished ...>
17033 <... futex resumed> )             = 0
17032 <... select resumed> )            = 0 (Timeout)
17031 <... futex resumed> )             = 1
17033 select(0, NULL, NULL, NULL, {0, 100} <unfinished ...>
17032 clock_gettime(CLOCK_MONOTONIC,  <unfinished ...>
17031 write(6, "8000\r\n\3s\227\274\364\221g!\216\343\367L8p\255C\276\277\275\324\26\177t\315[\336"..., 4096 <unfinished ...>
17032 <... clock_gettime resumed> {4903, 419489765}) = 0
17031 <... write resumed> )             = 4096
17032 clock_gettime(CLOCK_REALTIME,  <unfinished ...>
17031 write(6, "\343\303\25\374\272\355\30\306#lEipb\346\223\247\245O\271\20\207\330~\362\224\35\236^3\3141"..., 28678 <unfinished ...>
17032 <... clock_gettime resumed> {1465918769, 203508717}) = 0
17031 <... write resumed> )             = 28678
17032 select(0, NULL, NULL, NULL, {0, 20} <unfinished ...>
17031 write(6, "\r\n", 2)               = 2
17031 read(7, "\24\375\236\241\273im\215\377G\17W\256\v\303~n\33T\376<\371h\360\320?\201XK\202T\317"..., 32768) = 32768
17031 write(6, "8000\r\nn\22\326\301\216\212U\350\20\252\350Y\377\361\306\210\272`U=\250\203\26\322\33;"..., 4096) = 4096
17031 write(6, "\20\354\375\25+QC\374^[:!\n:\270\22Z\344\330\353\\\244\4\7\237}\337Or\22?@"..., 28678 <unfinished ...>
17033 <... select resumed> )            = 0 (Timeout)
17032 <... select resumed> )            = 0 (Timeout)
17031 <... write resumed> )             = 28678
17033 select(0, NULL, NULL, NULL, {0, 100} <unfinished ...>
17032 clock_gettime(CLOCK_MONOTONIC,  <unfinished ...>
17031 write(6, "\r\n", 2 <unfinished ...>
17032 <... clock_gettime resumed> {4903, 419665276}) = 0
17031 <... write resumed> )             = 2
17032 clock_gettime(CLOCK_REALTIME,  <unfinished ...>
17031 read(7,  <unfinished ...>
17032 <... clock_gettime resumed> {1465918769, 203686001}) = 0
17031 <... read resumed> "\1.\317\373\324B\4\2500\220\211>:\303)\221\16\30u\nF\v\227\234\n)J)\224\325N7"..., 32768) = 32768
17032 select(0, NULL, NULL, NULL, {0, 20} <unfinished ...>
17031 write(6, "8000\r\n\177\312\31a\324`W/\346\366\0312\27\10d\365\340\343\361\275\307\223\10(\206\222"..., 4096) = 4096
17031 write(6, "\fN\331\333\224\2210\212\246d\222\263\201\263xV\324\333m\253p\251}\245\5>\250\311\2/\345\327"..., 28678) = 28678
17031 write(6, "\r\n", 2)               = 2
17031 read(7,  <unfinished ...>
17033 <... select resumed> )            = 0 (Timeout)
17032 <... select resumed> )            = 0 (Timeout)
17031 <... read resumed> ".`\2546\5\355\360R\254\365P\10f\253\327\210\302Q\311\213\3003\272\324\300\263\261\251\222\6\275&"..., 32768) = 32768
17033 futex(0xc82002ea10, FUTEX_WAIT, 0, NULL <unfinished ...>
17032 clock_gettime(CLOCK_MONOTONIC,  <unfinished ...>
17031 futex(0xc82002ea10, FUTEX_WAKE, 1 <unfinished ...>
17033 <... futex resumed> )             = -1 EAGAIN (Resource temporarily unavailable)
17032 <... clock_gettime resumed> {4903, 419842985}) = 0
17031 <... futex resumed> )             = 0
17033 select(0, NULL, NULL, NULL, {0, 100} <unfinished ...>
17032 clock_gettime(CLOCK_REALTIME,  <unfinished ...>
17031 write(6, "8000\r\n\377%\253\202P\362M\10\312\334J\357\3206\330\267\214\321\266\222\260\343^\23\267\251"..., 4096 <unfinished ...>
17032 <... clock_gettime resumed> {1465918769, 203881818}) = 0
17031 <... write resumed> )             = 4096
17032 select(0, NULL, NULL, NULL, {0, 20} <unfinished ...>
17031 write(6, "nJ=\347Tx\356V\221n\374\272\206]\231+op\240\304\177\217\3247Q*]\36\227\32x\234"..., 28678) = 28678
17031 write(6, "\r\n", 2)               = 2
17031 read(7, "\300\245S\275\220\326z\306\224\261\203\23l\360R\fTkf\214\355;e\264\354<'z\255c.\360"..., 32768) = 32768
17031 write(6, "8000\r\nc\352}\200-:xA\33{\270\321\323|\357\2\351\36\323\242\365\207[\3405\223"..., 4096 <unfinished ...>
17033 <... select resumed> )            = 0 (Timeout)
17032 <... select resumed> )            = 0 (Timeout)
17031 <... write resumed> )             = 4096
17033 select(0, NULL, NULL, NULL, {0, 100} <unfinished ...>
17032 clock_gettime(CLOCK_MONOTONIC,  <unfinished ...>
17031 write(6, "\16n;\323ubO\347\2615\376_[\34\270\16\f\347m\232\240\362\307\306k\203\33i\35\344Zf"..., 28678 <unfinished ...>
17032 <... clock_gettime resumed> {4903, 420045407}) = 0
17031 <... write resumed> )             = 28678
17032 clock_gettime(CLOCK_REALTIME,  <unfinished ...>
17031 write(6, "\r\n", 2 <unfinished ...>
17032 <... clock_gettime resumed> {1465918769, 204067446}) = 0
17031 <... write resumed> )             = 2
17032 select(0, NULL, NULL, NULL, {0, 20} <unfinished ...>
17031 read(7, "\326T\376\201Ft\1=u\236O\345\365\203\244\363L\322\202\273\267\21\334\200\243{8\234\273\6\21\240"..., 32768) = 32768
17031 write(6, "8000\r\n\340\316\36M\26\254\315\332\313\351\237\356\353f\235t\2\275\2106\311{\361\7\376L"..., 4096) = 4096
17031 write(6, "\216Kj\3030\24E\347Z\305\33\266\3\5=\311\262\344PJ!\231\206\16\272\2}\236l\21\177\202"..., 28678) = 28678
17031 write(6, "\r\n", 2 <unfinished ...>
17033 <... select resumed> )            = 0 (Timeout)
17032 <... select resumed> )            = 0 (Timeout)
17031 <... write resumed> )             = 2
17033 read(7,  <unfinished ...>
17032 clock_gettime(CLOCK_MONOTONIC,  <unfinished ...>
17031 futex(0x21ef2b0, FUTEX_WAIT, 0, NULL <unfinished ...>
17033 <... read resumed> "\265\340V;#=\33\37,\323\\\251\36\221\355X\r\222\230\255\315\245\302\313\26\327\325l\t\341\265\203"..., 32768) = 32768
17032 <... clock_gettime resumed> {4903, 420229895}) = 0
17033 futex(0x21ef2b0, FUTEX_WAKE, 1 <unfinished ...>
17032 clock_gettime(CLOCK_REALTIME,  <unfinished ...>
17033 <... futex resumed> )             = 1
17032 <... clock_gettime resumed> {1465918769, 204251740}) = 0
17031 <... futex resumed> )             = 0
17033 write(6, "8000\r\nz\214\265\323\332\n\334x\312\5\236\223\237\220Np(yu\27\330\317\277\3721d"..., 4096 <unfinished ...>
17032 select(0, NULL, NULL, NULL, {0, 20} <unfinished ...>
17031 select(0, NULL, NULL, NULL, {0, 100} <unfinished ...>
17033 <... write resumed> )             = 4096
17033 write(6, "|\2q\263\35\23@\210W\206\301\273\252\303\376\267\31\256\230%\224oL\344\f\236\373\341!\370\221}"..., 28678) = 28678
17033 write(6, "\r\n", 2)               = 2
17033 read(7, "D@\27\201K%u.\227\245*(\315\225T\252\326+%4\257\245\\\242\300\2522\274\344\234\0211"..., 32768) = 32768
17033 ioctl(0, TIOCGWINSZ <unfinished ...>
17032 <... select resumed> )            = 0 (Timeout)
17033 <... ioctl resumed> , {ws_row=35, ws_col=112, ws_xpixel=0, ws_ypixel=0}) = 0
17032 clock_gettime(CLOCK_MONOTONIC,  <unfinished ...>
17033 ioctl(0, TIOCGWINSZ <unfinished ...>
17032 <... clock_gettime resumed> {4903, 420424262}) = 0
17033 <... ioctl resumed> , {ws_row=35, ws_col=112, ws_xpixel=0, ws_ypixel=0}) = 0
17032 clock_gettime(CLOCK_REALTIME,  <unfinished ...>
17033 write(1, "Sending build context to Docker "..., 48 <unfinished ...>
17032 <... clock_gettime resumed> {1465918769, 204442481}) = 0
17033 <... write resumed> )             = 48
17032 select(0, NULL, NULL, NULL, {0, 20} <unfinished ...>
17031 <... select resumed> )            = 0 (Timeout)
17033 write(6, "8000\r\n\2379\20AVc\201yYa\2257\215,\2134\223e\235\327\255\252\332\274h\312"..., 4096 <unfinished ...>
17031 read(7,  <unfinished ...>
17033 <... write resumed> )             = 4096
17031 <... read resumed> "\350\351\343\262t\311\336\206z\0\300\205\r4\241Kx\234340031Q\320K\317,\311L\317"..., 32768) = 32768
17033 write(6, "\3010Z\203}\313\332\0201k2H\235QF\233\1=\205\26\255'\317$p\251c.\360\34\375\210"..., 28678 <unfinished ...>
17031 futex(0x21ef2b0, FUTEX_WAIT, 0, NULL <unfinished ...>
17033 <... write resumed> )             = -1 EAGAIN (Resource temporarily unavailable)
17033 futex(0xc82002ea10, FUTEX_WAIT, 0, NULL <unfinished ...>
17032 <... select resumed> )            = 0 (Timeout)
17032 clock_gettime(CLOCK_MONOTONIC, {4903, 420591916}) = 0
17032 futex(0x21ee760, FUTEX_WAIT, 0, {60, 0} <unfinished ...>
17035 <... epoll_wait resumed> {{EPOLLOUT, {u32=2134024192, u64=140606478393344}}}, 128, -1) = 1
17035 clock_gettime(CLOCK_MONOTONIC, {4903, 421552171}) = 0
17035 futex(0xc82002ea10, FUTEX_WAKE, 1) = 1
17033 <... futex resumed> )             = 0
17035 futex(0x21ee760, FUTEX_WAKE, 1 <unfinished ...>
17033 epoll_wait(5,  <unfinished ...>
17035 <... futex resumed> )             = 1
17033 <... epoll_wait resumed> {}, 128, 0) = 0
17032 <... futex resumed> )             = 0
17035 write(6, "\3010Z\203}\313\332\0201k2H\235QF\233\1=\205\26\255'\317$p\251c.\360\34\375\210"..., 28678 <unfinished ...>
17033 epoll_wait(5,  <unfinished ...>
17032 clock_gettime(CLOCK_MONOTONIC,  <unfinished ...>
17035 <... write resumed> )             = 28678
17032 <... clock_gettime resumed> {4903, 421641145}) = 0
17035 write(6, "\r\n", 2 <unfinished ...>
17032 clock_gettime(CLOCK_REALTIME,  <unfinished ...>
17035 <... write resumed> )             = 2
17032 <... clock_gettime resumed> {1465918769, 205662198}) = 0
17035 futex(0x21ef2b0, FUTEX_WAKE, 1 <unfinished ...>
17032 select(0, NULL, NULL, NULL, {0, 20} <unfinished ...>
17035 <... futex resumed> )             = 1
17033 <... epoll_wait resumed> {{EPOLLOUT, {u32=2134024192, u64=140606478393344}}}, 128, -1) = 1
17031 <... futex resumed> )             = 0
17035 write(6, "8000\r\n\227`f8\225\365{e\201\275\275\223:o\344\367\216\207!\224q\351w?\243\37"..., 4096 <unfinished ...>
17033 epoll_wait(5,  <unfinished ...>
17031 select(0, NULL, NULL, NULL, {0, 100} <unfinished ...>
17035 <... write resumed> )             = 4096
17035 write(6, "\\9.\250o\17\342g`\244\3439\237t\364\325B\4V\5\313\206\264GecPN\17\316\32\262"..., 28678) = 28678
17032 <... select resumed> )            = 0 (Timeout)
17035 write(6, "\r\n", 2 <unfinished ...>
17032 clock_gettime(CLOCK_MONOTONIC,  <unfinished ...>
17035 <... write resumed> )             = 2
17032 <... clock_gettime resumed> {4903, 421815462}) = 0
17035 read(7,  <unfinished ...>
17032 clock_gettime(CLOCK_REALTIME,  <unfinished ...>
17035 <... read resumed> "q\23\274\244\265\245.N\307w\337\373\336{\337\273{]\377\330\34\\j9\267)X\345H0\211\264"..., 32768) = 32768
17032 <... clock_gettime resumed> {1465918769, 205857049}) = 0
17035 write(6, "8000\r\n\205\236\20\203\354\243/0\232\237\310\341\276\37\247\306{\7{\360\vPl\335\315\257"..., 4096 <unfinished ...>
17032 select(0, NULL, NULL, NULL, {0, 20} <unfinished ...>
17035 <... write resumed> )             = 4096
17031 <... select resumed> )            = 0 (Timeout)
17035 write(6, "hf\264yA\33\362\32\230\247\242f\22e\10N\332F\243\277\231\332\24\224I^\230j\23\37\314\375"..., 28678 <unfinished ...>
17031 read(7,  <unfinished ...>
17035 <... write resumed> )             = 28678
17031 <... read resumed> "\315\232\342D\241\200#\272~CA\4;\33\36\va\16@\31m\360\366W^\307E\301\351<N\247"..., 32768) = 32768
17035 write(6, "\r\n", 2 <unfinished ...>
17032 <... select resumed> )            = 0 (Timeout)
17031 futex(0x21ef2b0, FUTEX_WAIT, 0, NULL <unfinished ...>
17035 <... write resumed> )             = 2
17032 clock_gettime(CLOCK_MONOTONIC,  <unfinished ...>
17035 futex(0x21ef2b0, FUTEX_WAKE, 1 <unfinished ...>
17032 <... clock_gettime resumed> {4903, 422030743}) = 0
17035 <... futex resumed> )             = 1
17032 clock_gettime(CLOCK_REALTIME,  <unfinished ...>
17031 <... futex resumed> )             = 0
17035 write(6, "8000\r\n}\313\r+\340\vl\10\341\334)\5\246\235\360=\32\210\\\252\321g\336\3674\264"..., 4096 <unfinished ...>
17032 <... clock_gettime resumed> {1465918769, 206049827}) = 0
17031 select(0, NULL, NULL, NULL, {0, 100} <unfinished ...>
17035 <... write resumed> )             = 4096
17032 select(0, NULL, NULL, NULL, {0, 20} <unfinished ...>
17035 write(6, "\255\v\332\262\201\303\356\222jr\24\356Eb\364*\321a\373T+\377\266\354\7\201\220\236x\242\26\36"..., 28678) = 28678
17035 write(6, "\r\n", 2)               = 2
17035 read(7, "\274\265\267}>\347\254\300\203\264Ee\262\243\332\212\266i\264\330zj>\352\276\34\237;j\vd\34"..., 32768) = 32768
17035 write(6, "8000\r\nw\177\"t?\252\334\354\357\210\25\327F\261\3667\374\364\327\23697\277\266d%"..., 4096) = 4096
17032 <... select resumed> )            = 0 (Timeout)
17035 write(6, "YO\231\302O\263\303]\3421\277l\302\22@\200\226cg\230K\356\250\242`\317\274\305(0\nC"..., 28678 <unfinished ...>
17032 clock_gettime(CLOCK_MONOTONIC,  <unfinished ...>
17035 <... write resumed> )             = 28678
17032 <... clock_gettime resumed> {4903, 422214849}) = 0
17035 write(6, "\r\n", 2 <unfinished ...>
17032 clock_gettime(CLOCK_REALTIME,  <unfinished ...>
17035 <... write resumed> )             = 2
17032 <... clock_gettime resumed> {1465918769, 206237911}) = 0
17031 <... select resumed> )            = 0 (Timeout)
17035 read(7,  <unfinished ...>
17032 select(0, NULL, NULL, NULL, {0, 20} <unfinished ...>
17031 futex(0x21ef2b0, FUTEX_WAIT, 0, NULL <unfinished ...>
17035 <... read resumed> "&\372\26v\1\320ukM\320NA'\275BuG\27\344\217\224\257\257\221N\356\206\371*\256\v\27"..., 32768) = 32768
17035 futex(0x21ef2b0, FUTEX_WAKE, 1)   = 1
17031 <... futex resumed> )             = 0
17035 write(6, "8000\r\nG\355\260\330\272\16x\234\215\215A\n\3020\20E\327\346\24\323\256Z\f\364&\256"..., 4096 <unfinished ...>
17031 select(0, NULL, NULL, NULL, {0, 100} <unfinished ...>
17035 <... write resumed> )             = 4096
17035 write(6, "\337\34:X\246\370\214\307\336\301\5\263O\6\227,U\303!\362\342\340|\250M\340\333\366 \0077\6"..., 28678) = 28678
17032 <... select resumed> )            = 0 (Timeout)
17035 write(6, "\r\n", 2 <unfinished ...>
17032 clock_gettime(CLOCK_MONOTONIC,  <unfinished ...>
17035 <... write resumed> )             = 2
17032 <... clock_gettime resumed> {4903, 422396253}) = 0
17035 read(7,  <unfinished ...>
17032 clock_gettime(CLOCK_REALTIME,  <unfinished ...>
17035 <... read resumed> "1\260\217[\34\366\27\246\340\370\274~\217\203Vo\262\302K\344i\327\37\225E\335}\354>\206\275\6"..., 32768) = 32768
17032 <... clock_gettime resumed> {1465918769, 206419759}) = 0
17035 write(6, "8000\r\n\322\262P\22\313\4]J\365\367t/j\236\0\223\242\246@\326\262Dx\212\23/"..., 4096 <unfinished ...>
17032 select(0, NULL, NULL, NULL, {0, 20} <unfinished ...>
17035 <... write resumed> )             = 4096
17035 write(6, "\333\255\37\350\353\37\316\256\27\327\271~G\242,\34\0K\3279\5\271\25x\234U\217=k\0031\f"..., 28678) = 28678
17035 write(6, "\r\n", 2 <unfinished ...>
17032 <... select resumed> )            = 0 (Timeout)
17031 <... select resumed> )            = 0 (Timeout)
17035 <... write resumed> )             = 2
17032 clock_gettime(CLOCK_MONOTONIC,  <unfinished ...>
17031 read(7,  <unfinished ...>
17035 futex(0xc8200f6590, FUTEX_WAIT, 0, NULL <unfinished ...>
17032 <... clock_gettime resumed> {4903, 422539377}) = 0
17031 <... read resumed> "\251\3522Y5u\222g\"\314b\321T\22\200D\2257e$\371d\225da\371\314\310*C<B"..., 32768) = 32768
17032 clock_gettime(CLOCK_REALTIME,  <unfinished ...>
17031 futex(0xc8200f6590, FUTEX_WAKE, 1 <unfinished ...>
17035 <... futex resumed> )             = 0
17032 <... clock_gettime resumed> {1465918769, 206569907}) = 0
17031 <... futex resumed> )             = 1
17035 select(0, NULL, NULL, NULL, {0, 100} <unfinished ...>
17032 select(0, NULL, NULL, NULL, {0, 20} <unfinished ...>
17031 write(6, "8000\r\n\362\303!\377\330\301F\3f\350\231\360\253\241w\3171\261\245\237\322\6A\243h\351"..., 4096) = 4096
17031 write(6, "\213,{\371\222\275n\335\247\253?e\351\231r\314\257%S\332K\273\24\245df\311\4\263rc<"..., 28678) = 28678
17031 write(6, "\r\n", 2)               = 2
17031 read(7, "\337\203;\356`\24M\35,\370\340\16\325\275 \30x\177\26\2140\222\200\33\n\205\306V\24\10 _"..., 32768) = 32768
17032 <... select resumed> )            = 0 (Timeout)
17031 write(6, "8000\r\n\274/\336\327*<\365^\277\206\237w\342\307\241\250\364\304+\261u\367\363IU\274"..., 4096 <unfinished ...>
17032 clock_gettime(CLOCK_MONOTONIC,  <unfinished ...>
17031 <... write resumed> )             = 4096
17032 <... clock_gettime resumed> {4903, 422735451}) = 0
17031 write(6, "\331BH\314;\2_L/\4].\320Gz\301[\357K3\35I$\303\7\335\241C\300\266\4="..., 28678 <unfinished ...>
17032 clock_gettime(CLOCK_REALTIME,  <unfinished ...>
17031 <... write resumed> )             = 28678
17035 <... select resumed> )            = 0 (Timeout)
17032 <... clock_gettime resumed> {1465918769, 206756467}) = 0
17031 write(6, "\r\n", 2 <unfinished ...>
17035 select(0, NULL, NULL, NULL, {0, 100} <unfinished ...>
17032 select(0, NULL, NULL, NULL, {0, 20} <unfinished ...>
17031 <... write resumed> )             = 2
17031 read(7, "\7\351\225\364\323\20\370F\356\f\265\336\374\314\317\0\207\245'\23\5\321\30\343\1D\241K-\265e\305"..., 32768) = 32768
17031 write(6, "8000\r\n\372\f]}O\3575\300\267\302x\221\271N\v( \27#\342\221\326\276\\\227i"..., 4096) = 4096
17031 write(6, "\2465\261\246\21kZ\23k\32\261\2465\261\246\21kZ\23k\32\261\2465\261\246\21kZ\23k\32"..., 28678) = 28678
17032 <... select resumed> )            = 0 (Timeout)
17032 clock_gettime(CLOCK_MONOTONIC,  <unfinished ...>
17031 write(6, "\r\n", 2 <unfinished ...>
17032 <... clock_gettime resumed> {4903, 422909341}) = 0
17031 <... write resumed> )             = 2
17032 clock_gettime(CLOCK_REALTIME,  <unfinished ...>
17031 read(7,  <unfinished ...>
17032 <... clock_gettime resumed> {1465918769, 206929972}) = 0
17031 <... read resumed> "\265\315\7\215Y>U\306\350\\\320\264\301\23\27(\31.\261L\356\250|7\231S\312\16\tU\27\347"..., 32768) = 32768
17035 <... select resumed> )            = 0 (Timeout)
17032 select(0, NULL, NULL, NULL, {0, 20} <unfinished ...>
17031 write(6, "8000\r\n\3635\370\377\235p,\370\367\346\206L\21\f\23\351\36\304t\311?\20>\217\24\271"..., 4096 <unfinished ...>
17035 read(7,  <unfinished ...>
17031 <... write resumed> )             = 4096
17035 <... read resumed> "l(\373$\272\177\325\312Z\236\33\206\350\n\343KR\213K@\252g\34\336$\370\231=-/|f"..., 32768) = 32768
17031 write(6, "\344\362\33fq\221\302\231\246q\300\n\27\241\234I\325\351\345\263^\226\337\204\206\260\234C\0M\347j"..., 28678 <unfinished ...>
17035 futex(0xc8200f6590, FUTEX_WAIT, 0, NULL <unfinished ...>
17031 <... write resumed> )             = 28678
17032 <... select resumed> )            = 0 (Timeout)
17031 write(6, "\r\n", 2 <unfinished ...>
17032 clock_gettime(CLOCK_MONOTONIC,  <unfinished ...>
17031 <... write resumed> )             = 2
17032 <... clock_gettime resumed> {4903, 423091758}) = 0
17031 futex(0xc8200f6590, FUTEX_WAKE, 1 <unfinished ...>
17035 <... futex resumed> )             = 0
17032 clock_gettime(CLOCK_REALTIME,  <unfinished ...>
17031 <... futex resumed> )             = 1
17035 select(0, NULL, NULL, NULL, {0, 100} <unfinished ...>
17032 <... clock_gettime resumed> {1465918769, 207116098}) = 0
17031 write(6, "8000\r\n@\20\f\4\1A\20\24\4\201A\20\34\324\202\203ZpP\v\16j\301A-8"..., 4096 <unfinished ...>
17032 select(0, NULL, NULL, NULL, {0, 20} <unfinished ...>
17031 <... write resumed> )             = 4096
17031 write(6, "\t\222\217d\7\255\3106\334\222\3625\344\10\363\31\302`$\360\27#.=\325A\357\366\315\203\366\352"..., 28678) = 28678
17031 write(6, "\r\n", 2)               = 2
17031 read(7, "\7~\246\307t@-&\23[\302,\214Y*\325M\232\213\342\27\2528\211\235B\320\202h:\30;"..., 32768) = 32768
17032 <... select resumed> )            = 0 (Timeout)
17031 write(6, "8000\r\n\0072{j\f_\231\340+F*\205H\355~\210 \332P\232M:^\257J\32"..., 4096 <unfinished ...>
17032 clock_gettime(CLOCK_MONOTONIC,  <unfinished ...>
17031 <... write resumed> )             = 4096
17032 <... clock_gettime resumed> {4903, 423268741}) = 0
17031 write(6, "'\230$9\211\267\"\r\230\16\10\222\311\314\327\364\206L\340Iw\256\351p\234\223\37VH\3506\200"..., 28678 <unfinished ...>
17032 clock_gettime(CLOCK_REALTIME,  <unfinished ...>
17031 <... write resumed> )             = -1 EAGAIN (Resource temporarily unavailable)
17035 <... select resumed> )            = 0 (Timeout)
17032 <... clock_gettime resumed> {1465918769, 207289970}) = 0
17031 read(7,  <unfinished ...>
17035 futex(0xc8200f6590, FUTEX_WAIT, 0, NULL <unfinished ...>
17032 select(0, NULL, NULL, NULL, {0, 20} <unfinished ...>
17031 <... read resumed> "d\n\31\315\v\6\33\5\274\307\177\304\274\326\36u\10\nE\7\241pZ\325o\3b\332\226\202v\27"..., 32768) = 32768
17031 futex(0x21ef2b0, FUTEX_WAIT, 0, NULL <unfinished ...>
17032 <... select resumed> )            = 0 (Timeout)
17032 clock_gettime(CLOCK_MONOTONIC, {4903, 423445948}) = 0
17032 futex(0x21ee760, FUTEX_WAIT, 0, {60, 0} <unfinished ...>
17033 <... epoll_wait resumed> {{EPOLLOUT, {u32=2134024192, u64=140606478393344}}}, 128, -1) = 1
17033 clock_gettime(CLOCK_MONOTONIC, {4903, 424361823}) = 0
17033 futex(0x21ef2b0, FUTEX_WAKE, 1)   = 1
17031 <... futex resumed> )             = 0
17033 futex(0x21ee760, FUTEX_WAKE, 1 <unfinished ...>
17031 epoll_wait(5,  <unfinished ...>
17033 <... futex resumed> )             = 1
17032 <... futex resumed> )             = 0
17031 <... epoll_wait resumed> {}, 128, 0) = 0
17033 write(6, "'\230$9\211\267\"\r\230\16\10\222\311\314\327\364\206L\340Iw\256\351p\234\223\37VH\3506\200"..., 28678 <unfinished ...>
17032 clock_gettime(CLOCK_MONOTONIC,  <unfinished ...>
17031 epoll_wait(5,  <unfinished ...>
17033 <... write resumed> )             = 28678
17032 <... clock_gettime resumed> {4903, 424446854}) = 0
17033 write(6, "\r\n", 2 <unfinished ...>
17032 clock_gettime(CLOCK_REALTIME,  <unfinished ...>
17033 <... write resumed> )             = 2
17032 <... clock_gettime resumed> {1465918769, 208472331}) = 0
17033 futex(0xc8200f6590, FUTEX_WAKE, 1 <unfinished ...>
17032 select(0, NULL, NULL, NULL, {0, 20} <unfinished ...>
17035 <... futex resumed> )             = 0
17033 <... futex resumed> )             = 1
17035 select(0, NULL, NULL, NULL, {0, 100} <unfinished ...>
17033 write(6, "8000\r\n\23\224\350\223\326\250M\340\366.\253\243\217\215\216E\\m\20\324\25*\317\206\303\177"..., 4096) = 4096
17031 <... epoll_wait resumed> {{EPOLLOUT, {u32=2134024192, u64=140606478393344}}}, 128, -1) = 1
17033 write(6, "zGo\337\276\355Z\375\233:?=9\371\376\364\301\tiX\374\247\2c\3635W9'\333K\221"..., 28678 <unfinished ...>
17031 epoll_wait(5,  <unfinished ...>
17033 <... write resumed> )             = 28678
17032 <... select resumed> )            = 0 (Timeout)
17033 write(6, "\r\n", 2 <unfinished ...>
17032 clock_gettime(CLOCK_MONOTONIC,  <unfinished ...>
17033 <... write resumed> )             = 2
17032 <... clock_gettime resumed> {4903, 424625801}) = 0
17033 read(7,  <unfinished ...>
17032 clock_gettime(CLOCK_REALTIME,  <unfinished ...>
17033 <... read resumed> "4r\317p\r\207\344\343\220\37\264\335(H\364\324\27m\227\7M\353\272\301X\26p\353\16hge"..., 32768) = 32768
17032 <... clock_gettime resumed> {1465918769, 208650319}) = 0
17033 write(6, "8000\r\n\327\351\202+\251b67*\314\3\32%\305\221\371\202\205T]2\364\7\21w\26"..., 4096 <unfinished ...>
17032 select(0, NULL, NULL, NULL, {0, 20} <unfinished ...>
17035 <... select resumed> )            = 0 (Timeout)
17033 <... write resumed> )             = 4096
17035 read(7,  <unfinished ...>
17033 write(6, "\377\ru#n\224\31\360\3\310\201W!\"\374W\20038\216\242d)\341\262\334Q}g\362jz"..., 28678 <unfinished ...>
17035 <... read resumed> "\211\260\250)\257W Pb\342\244-\26\362\212\4yp\31w\302\221\21\342\245\207xQ'\25\261\204"..., 32768) = 32768
17033 <... write resumed> )             = 28678
17035 futex(0xc8200f6590, FUTEX_WAIT, 0, NULL <unfinished ...>
17033 write(6, "\r\n", 2)               = 2
17032 <... select resumed> )            = 0 (Timeout)
17033 futex(0xc8200f6590, FUTEX_WAKE, 1 <unfinished ...>
17032 clock_gettime(CLOCK_MONOTONIC,  <unfinished ...>
17035 <... futex resumed> )             = 0
17033 <... futex resumed> )             = 1
17032 <... clock_gettime resumed> {4903, 424822362}) = 0
17035 select(0, NULL, NULL, NULL, {0, 100} <unfinished ...>
17033 write(6, "8000\r\n\313#\312\3\37K\356\335#gB\276D\235\245B_9\356\332I0\241\250Ps"..., 4096 <unfinished ...>
17032 clock_gettime(CLOCK_REALTIME,  <unfinished ...>
17033 <... write resumed> )             = 4096
17032 <... clock_gettime resumed> {1465918769, 208872779}) = 0
17033 write(6, "\17\303\232e\33\266B\310\244(\370J\207!\257j\251\fDa0B\221\311\234\213\325\344\223\226bD"..., 28678 <unfinished ...>
17032 select(0, NULL, NULL, NULL, {0, 20} <unfinished ...>
17033 <... write resumed> )             = 28678
17033 write(6, "\r\n", 2)               = 2
17033 read(7, "N&\"Q\2430\33\246\321\f\246\326L=\360Zx\200@\322,\203\327\0005\240\222@\6\362\252\325"..., 32768) = 32768
17033 write(6, "8000\r\n%\212\314eYjk~$\226\231\302(\336b\22\32x\256\200l,\213\r\333\352"..., 4096) = 4096
17033 write(6, "\361\323\6\345\342\256\355\332Y\3558\301\266\27\25\300\206\267w8\317\250\246\205\353<\203\213,\337\223\212"..., 28678 <unfinished ...>
17032 <... select resumed> )            = 0 (Timeout)
17035 <... select resumed> )            = 0 (Timeout)
17033 <... write resumed> )             = 28678
17032 clock_gettime(CLOCK_MONOTONIC,  <unfinished ...>
17035 read(7,  <unfinished ...>
17033 write(6, "\r\n", 2 <unfinished ...>
17032 <... clock_gettime resumed> {4903, 425042210}) = 0
17035 <... read resumed> "1\353K\345\"P\201\355m\201\34\212lZ\344\260m\320\354\242\207\242\7Z\32\331\204%R );"..., 32768) = 32768
17033 <... write resumed> )             = 2
17032 clock_gettime(CLOCK_REALTIME,  <unfinished ...>
17035 futex(0xc8200f6590, FUTEX_WAIT, 0, NULL <unfinished ...>
17033 futex(0xc8200f6590, FUTEX_WAKE, 1 <unfinished ...>
17032 <... clock_gettime resumed> {1465918769, 209082447}) = 0
17035 <... futex resumed> )             = -1 EAGAIN (Resource temporarily unavailable)
17033 <... futex resumed> )             = 0
17032 select(0, NULL, NULL, NULL, {0, 20} <unfinished ...>
17035 select(0, NULL, NULL, NULL, {0, 100} <unfinished ...>
17033 ioctl(0, TIOCGWINSZ, {ws_row=35, ws_col=112, ws_xpixel=0, ws_ypixel=0}) = 0
17033 ioctl(0, TIOCGWINSZ, {ws_row=35, ws_col=112, ws_xpixel=0, ws_ypixel=0}) = 0
17033 write(1, "Sending build context to Docker "..., 48) = 48
17033 write(6, "8000\r\n\350\362\307\24\311\351DR\200u\5C\341\322\320\4\t|\301\224\341l\357'|+"..., 4096 <unfinished ...>
17032 <... select resumed> )            = 0 (Timeout)
17033 <... write resumed> )             = 4096
17032 clock_gettime(CLOCK_MONOTONIC,  <unfinished ...>
17033 write(6, "K\326\260\217m\311-\231Y\232{\350\r3U\227Q\203V'\343\240e2\1I\236t\223\327\334\323"..., 28678 <unfinished ...>
17032 <... clock_gettime resumed> {4903, 425240489}) = 0
17033 <... write resumed> )             = 28678
17032 clock_gettime(CLOCK_REALTIME,  <unfinished ...>
17033 write(6, "\r\n", 2 <unfinished ...>
17032 <... clock_gettime resumed> {1465918769, 209262509}) = 0
17033 <... write resumed> )             = 2
17032 select(0, NULL, NULL, NULL, {0, 20} <unfinished ...>
17035 <... select resumed> )            = 0 (Timeout)
17033 read(7,  <unfinished ...>
17035 futex(0xc8200f6590, FUTEX_WAIT, 0, NULL <unfinished ...>
17033 <... read resumed> "\251\200^!v\1\323=\322P\26)'l\4I}/Ut\6\220\330/\223Q?\310\257\326h9"..., 32768) = 32768
17033 futex(0xc8200f6590, FUTEX_WAKE, 1 <unfinished ...>
17035 <... futex resumed> )             = 0
17033 <... futex resumed> )             = 1
17035 select(0, NULL, NULL, NULL, {0, 100} <unfinished ...>
17033 write(6, "8000\r\n\325=y4.\3140\221\233\271\263\201Ck\v\245\10\311\331so^zD\262\347"..., 4096) = 4096
17032 <... select resumed> )            = 0 (Timeout)
17033 write(6, "\206\373{\203\305\252\34\340#\316\306qV\225q\302\207\2540\177\307\372\235\236\363\353:,\227\356s\274"..., 28678 <unfinished ...>
17032 clock_gettime(CLOCK_MONOTONIC,  <unfinished ...>
17033 <... write resumed> )             = 28678
17032 <... clock_gettime resumed> {4903, 425430132}) = 0
17033 write(6, "\r\n", 2 <unfinished ...>
17032 clock_gettime(CLOCK_REALTIME,  <unfinished ...>
17033 <... write resumed> )             = 2
17032 <... clock_gettime resumed> {1465918769, 209447862}) = 0
17033 read(7,  <unfinished ...>
17032 select(0, NULL, NULL, NULL, {0, 20} <unfinished ...>
17033 <... read resumed> "\374\374>z\4X$K\242\365\350\374^\306\25\215\34\247\252\376\220fF\266u>-1\2032\252\217"..., 32768) = 32768
17033 write(6, "8000\r\n\261FT\223\275\342\267\245W\23\n7\22C<\301-\337\254t\213\242\253\220\337}"..., 4096) = 4096
17033 write(6, "m\4\232\223y\27\330?\353\347\277\202\275\265\241\5\356\r\216\344\fi\377\16\270\311\1f\364\263\324\23"..., 28678) = 28678
17035 <... select resumed> )            = 0 (Timeout)
17033 write(6, "\r\n", 2 <unfinished ...>
17032 <... select resumed> )            = 0 (Timeout)
17035 select(0, NULL, NULL, NULL, {0, 100} <unfinished ...>
17033 <... write resumed> )             = 2
17032 clock_gettime(CLOCK_MONOTONIC,  <unfinished ...>
17033 read(7,  <unfinished ...>
17032 <... clock_gettime resumed> {4903, 425593943}) = 0
17033 <... read resumed> "\f\6\235*\314l\32\343\256\6\230\206\26\22\2616\266\372\"\3674\20L\372\16\26\230QceT)"..., 32768) = 32768
17032 clock_gettime(CLOCK_REALTIME,  <unfinished ...>
17033 write(6, "8000\r\n\371tn\363\v\247h\n\255&\300\236\230C\34`C\36b\356j(\342\20\23\362"..., 4096 <unfinished ...>
17032 <... clock_gettime resumed> {1465918769, 209621397}) = 0
17033 <... write resumed> )             = 4096
17032 select(0, NULL, NULL, NULL, {0, 20} <unfinished ...>
17033 write(6, "\v\311p\370y]\214\237[\373\23>\312\205\377\331\216\373?\330q\377\205\35\367\376\276}\313\2413\352"..., 28678) = 28678
17033 write(6, "\r\n", 2)               = 2
17033 read(7, "\326\341\306\321\267\363V\351\361\223\265\341\334\6\355U-{\256\221y\237\276\\ol8\333`\254\337\207"..., 32768) = 32768
17033 write(6, "8000\r\nx\234;.4W\310\303\320\300\300\314\304D!\310\325\321\305\327U/7\205!\321"..., 4096 <unfinished ...>
17035 <... select resumed> )            = 0 (Timeout)
17033 <... write resumed> )             = 4096
17032 <... select resumed> )            = 0 (Timeout)
17035 read(7,  <unfinished ...>
17033 write(6, "\237\345\271'\240}Z\305\4\213\362\21\26\366\374O\376J\253x{\335\256\270)\27\376\374\337\334*&"..., 28678 <unfinished ...>
17032 clock_gettime(CLOCK_MONOTONIC,  <unfinished ...>
17035 <... read resumed> "\342\22\232\26\24\271k\350^\362\320\265\326r\34\21\205\377\354F1\212u\234!\273\322E\20\301\220\326"..., 32768) = 32768
17033 <... write resumed> )             = 28678
17032 <... clock_gettime resumed> {4903, 425795203}) = 0
17035 futex(0xc8200f6590, FUTEX_WAIT, 0, NULL <unfinished ...>
17033 write(6, "\r\n", 2 <unfinished ...>
17032 clock_gettime(CLOCK_REALTIME,  <unfinished ...>
17033 <... write resumed> )             = 2
17032 <... clock_gettime resumed> {1465918769, 209842530}) = 0
17033 futex(0xc8200f6590, FUTEX_WAKE, 1 <unfinished ...>
17032 select(0, NULL, NULL, NULL, {0, 20} <unfinished ...>
17035 <... futex resumed> )             = 0
17033 <... futex resumed> )             = 1
17035 select(0, NULL, NULL, NULL, {0, 100} <unfinished ...>
17033 write(6, "8000\r\n\200:\274\345\201\240\320\312\362=\212M\375\34\313\3338\333\240#\360\276\374uy}"..., 4096) = 4096
17033 write(6, "g\363\256\344O\6\261k\236\243_\244O\372\315\317\307\337WgOz\275\331\274\367&\361(\301;\210"..., 28678) = 28678
17033 write(6, "\r\n", 2)               = 2
17032 <... select resumed> )            = 0 (Timeout)
17033 read(7,  <unfinished ...>
17032 clock_gettime(CLOCK_MONOTONIC,  <unfinished ...>
17033 <... read resumed> "<\35\203\246(\212\370\16t\32\310\34\372\0\25\212\361n\304q\340\25\313\260- \247Z8\211\24`"..., 32768) = 32768
17032 <... clock_gettime resumed> {4903, 426011767}) = 0
17033 write(6, "8000\r\n~Dg\317(\221\334\377\221co\321\23\366z\370T\321\351\225J\201Y2\272\264"..., 4096 <unfinished ...>
17032 clock_gettime(CLOCK_REALTIME,  <unfinished ...>
17033 <... write resumed> )             = 4096
17032 <... clock_gettime resumed> {1465918769, 210040172}) = 0
17033 write(6, "\311\251\203\336\225\271'\222\205\316jb\7\202@\31Z\341\365\1\337\256\355A\340\356@\244Xog\204"..., 28678 <unfinished ...>
17035 <... select resumed> )            = 0 (Timeout)
17032 select(0, NULL, NULL, NULL, {0, 20} <unfinished ...>
17035 read(7,  <unfinished ...>
17033 <... write resumed> )             = 28678
17035 <... read resumed> "rUAo/W\2333\230\253n\210j\f\326jC\260\23\370Z\327U\267\241\206\36\370\27{\2576"..., 32768) = 32768
17033 write(6, "\r\n", 2 <unfinished ...>
17035 futex(0xc8200f6590, FUTEX_WAIT, 0, NULL <unfinished ...>
17033 <... write resumed> )             = 2
17033 futex(0xc8200f6590, FUTEX_WAKE, 1 <unfinished ...>
17035 <... futex resumed> )             = 0
17033 <... futex resumed> )             = 1
17035 select(0, NULL, NULL, NULL, {0, 100} <unfinished ...>
17033 write(6, "8000\r\n\374\324Aj\32\227\274\304k\223\347\363@\271\331\362\34\307k\250\6\321\254Vm]"..., 4096 <unfinished ...>
17032 <... select resumed> )            = 0 (Timeout)
17033 <... write resumed> )             = 4096
17032 clock_gettime(CLOCK_MONOTONIC,  <unfinished ...>
17033 write(6, "\340K\\0\25a\253=8\260M\2007\7\350\234pj4<\214\364]\301\320)\330\32\301k\270\273"..., 28678 <unfinished ...>
17032 <... clock_gettime resumed> {4903, 426220869}) = 0
17033 <... write resumed> )             = -1 EAGAIN (Resource temporarily unavailable)
17032 clock_gettime(CLOCK_REALTIME,  <unfinished ...>
17033 read(7,  <unfinished ...>
17032 <... clock_gettime resumed> {1465918769, 210241269}) = 0
17033 <... read resumed> "\2065+\352\264}4(\211\212\211\310\244GRN\212!\377\373\216\244,S\226\345\330\211\23$\233\363"..., 32768) = 32768
17032 select(0, NULL, NULL, NULL, {0, 20} <unfinished ...>
17033 futex(0xc82002ea10, FUTEX_WAIT, 0, NULL <unfinished ...>
17035 <... select resumed> )            = 0 (Timeout)
17032 <... select resumed> )            = 0 (Timeout)
17035 futex(0xc8200f6590, FUTEX_WAIT, 0, NULL <unfinished ...>
17032 clock_gettime(CLOCK_MONOTONIC, {4903, 426385063}) = 0
17032 futex(0x21ee760, FUTEX_WAIT, 0, {60, 0} <unfinished ...>
17031 <... epoll_wait resumed> {{EPOLLOUT, {u32=2134024192, u64=140606478393344}}}, 128, -1) = 1
17031 clock_gettime(CLOCK_MONOTONIC, {4903, 427552804}) = 0
17031 futex(0xc8200f6590, FUTEX_WAKE, 1 <unfinished ...>
17035 <... futex resumed> )             = 0
17031 <... futex resumed> )             = 1
17035 epoll_wait(5,  <unfinished ...>
17031 futex(0x21ee760, FUTEX_WAKE, 1 <unfinished ...>
17035 <... epoll_wait resumed> {}, 128, 0) = 0
17032 <... futex resumed> )             = 0
17031 <... futex resumed> )             = 1
17035 sched_yield( <unfinished ...>
17032 sched_yield( <unfinished ...>
17031 write(6, "\340K\\0\25a\253=8\260M\2007\7\350\234pj4<\214\364]\301\320)\330\32\301k\270\273"..., 28678 <unfinished ...>
17035 <... sched_yield resumed> )       = 0
17032 <... sched_yield resumed> )       = 0
17031 <... write resumed> )             = 28678
17035 futex(0x21ee6a0, FUTEX_WAKE, 1 <unfinished ...>
17032 futex(0x21ee6a0, FUTEX_WAKE, 1 <unfinished ...>
17031 write(6, "\r\n", 2 <unfinished ...>
17035 <... futex resumed> )             = 0
17032 <... futex resumed> )             = 0
17031 <... write resumed> )             = 2
17035 epoll_wait(5,  <unfinished ...>
17032 clock_gettime(CLOCK_MONOTONIC,  <unfinished ...>
17031 futex(0xc82002ea10, FUTEX_WAKE, 1 <unfinished ...>
17033 <... futex resumed> )             = 0
17035 <... epoll_wait resumed> {{EPOLLOUT, {u32=2134024192, u64=140606478393344}}}, 128, -1) = 1
17032 <... clock_gettime resumed> {4903, 427718833}) = 0
17031 <... futex resumed> )             = 1
17035 epoll_wait(5,  <unfinished ...>
17033 select(0, NULL, NULL, NULL, {0, 100} <unfinished ...>
17032 clock_gettime(CLOCK_REALTIME,  <unfinished ...>
17031 write(6, "8000\r\n\255\204\35LL\17\247r&-\247\362n\245jc\317r\35-\251\336\373\365\243\345"..., 4096 <unfinished ...>
17032 <... clock_gettime resumed> {1465918769, 211779993}) = 0
17031 <... write resumed> )             = 4096
17032 select(0, NULL, NULL, NULL, {0, 20} <unfinished ...>
17031 write(6, "*\370\344,\341\221DJ\216\301\232\356\374\310\34J\376U-\241\263h\32\30\326\276\330\32\217b \252"..., 28678) = 28678
17031 write(6, "\r\n", 2)               = 2
17031 read(7,  <unfinished ...>
17033 <... select resumed> )            = 0 (Timeout)
17032 <... select resumed> )            = 0 (Timeout)
17031 <... read resumed> "*QD\24\35\273\274N\313\5SAN\3h\370)M\31mUEcJq%\373e\302\225 '"..., 32768) = 32768
17033 futex(0xc82002ea10, FUTEX_WAIT, 0, NULL <unfinished ...>
17032 clock_gettime(CLOCK_MONOTONIC,  <unfinished ...>
17031 futex(0xc82002ea10, FUTEX_WAKE, 1 <unfinished ...>
17033 <... futex resumed> )             = -1 EAGAIN (Resource temporarily unavailable)
17032 <... clock_gettime resumed> {4903, 427944536}) = 0
17031 <... futex resumed> )             = 0
17035 <... epoll_wait resumed> {{EPOLLOUT, {u32=2134024192, u64=140606478393344}}}, 128, -1) = 1
17033 select(0, NULL, NULL, NULL, {0, 100} <unfinished ...>
17032 clock_gettime(CLOCK_REALTIME,  <unfinished ...>
17031 write(6, "8000\r\n\30\37B\375\375\232\21\322\331\334\276K\rT\215\314HlCD\320\320\f\335\310\260"..., 4096 <unfinished ...>
17035 epoll_wait(5,  <unfinished ...>
17032 <... clock_gettime resumed> {1465918769, 212002325}) = 0
17031 <... write resumed> )             = 4096
17032 select(0, NULL, NULL, NULL, {0, 20} <unfinished ...>
17031 write(6, "h-Gb\302\300F\230\3702;\230\230C\254\301\373\241\275Y\2328\335\330\265\362\272\261\1\201\263\345"..., 28678) = 28678
17031 write(6, "\r\n", 2)               = 2
17031 read(7, "\33\234\314\341\204\350\266'3\231\341\377\351?H6p\213\266J\3\r\233)6\375_\353G\357\245Y"..., 32768) = 32768
17031 write(6, "8000\r\n\307\261*:\225\315|\25\243\312B4\33M\231\306\0223je\301\233\330\374\362@"..., 4096 <unfinished ...>
17033 <... select resumed> )            = 0 (Timeout)
17032 <... select resumed> )            = 0 (Timeout)
17031 <... write resumed> )             = 4096
17033 select(0, NULL, NULL, NULL, {0, 100} <unfinished ...>
17032 clock_gettime(CLOCK_MONOTONIC,  <unfinished ...>
17031 write(6, "!qG\227\330\223\256\355\30\316\304\321\341\3324\373\322\355\266n\335\32=\335\376\r\6\246-\0357\261"..., 28678 <unfinished ...>
17032 <... clock_gettime resumed> {4903, 428167406}) = 0
17031 <... write resumed> )             = 28678
17032 clock_gettime(CLOCK_REALTIME,  <unfinished ...>
17031 write(6, "\r\n", 2 <unfinished ...>
17032 <... clock_gettime resumed> {1465918769, 212189837}) = 0
17031 <... write resumed> )             = 2
17032 select(0, NULL, NULL, NULL, {0, 20} <unfinished ...>
17031 read(7, "b6\310\2464\216sa\0377\361xC\350\0m\255Rs&\26\230\321He,\255a=\230\2\327"..., 32768) = 32768
17031 write(6, "8000\r\n1\5\267|#(\266\316\351y\203Y!8\333\202\235\332N\t\221V\350^)\330"..., 4096) = 4096
17031 write(6, "1Fy\313g\2135\251\"\23\314W\n*]\244\204E\312\355e\fI\206 \226\nC\320\314\263V"..., 28678) = 28678
17031 write(6, "\r\n", 2 <unfinished ...>
17033 <... select resumed> )            = 0 (Timeout)
17032 <... select resumed> )            = 0 (Timeout)
17031 <... write resumed> )             = 2
17033 read(7,  <unfinished ...>
17032 clock_gettime(CLOCK_MONOTONIC,  <unfinished ...>
17031 futex(0x21ef2b0, FUTEX_WAIT, 0, NULL <unfinished ...>
17033 <... read resumed> "\270\30\217\246\240\21#\221fGGRh$\301~\223\302>R%2\24\357\335\271\221\21,\32~\34"..., 32768) = 32768
17032 <... clock_gettime resumed> {4903, 428351436}) = 0
17033 futex(0x21ef2b0, FUTEX_WAKE, 1 <unfinished ...>
17032 clock_gettime(CLOCK_REALTIME,  <unfinished ...>
17033 <... futex resumed> )             = 1
17032 <... clock_gettime resumed> {1465918769, 212373542}) = 0
17031 <... futex resumed> )             = 0
17033 write(6, "8000\r\n\245\254 \357\224\252jYk\317\231l\234e8\323#}x\265\37\35$Q\0\373"..., 4096 <unfinished ...>
17032 select(0, NULL, NULL, NULL, {0, 20} <unfinished ...>
17031 select(0, NULL, NULL, NULL, {0, 100} <unfinished ...>
17033 <... write resumed> )             = 4096
17033 write(6, "\341,+\362\310uSk]c\340Z\275\201cU\371-\312\223\357W\24\234xUA\267\343N\266$"..., 28678) = 28678
17033 write(6, "\r\n", 2)               = 2
17033 read(7, "\256Wf\253\244\241\313Y<\274`\23\311\30P\371Xx\271EL\3k`Y\335\224\6\260\253\316:"..., 32768) = 32768
17033 write(6, "8000\r\nc\314\275\247`pJ\"\3M\263?\24\206\4\2764)w\311E\224mL}V"..., 4096 <unfinished ...>
17032 <... select resumed> )            = 0 (Timeout)
17033 <... write resumed> )             = 4096
17032 clock_gettime(CLOCK_MONOTONIC,  <unfinished ...>
17033 write(6, "\272<\353\17\271^\36\206\243\235\25\252\1770@\310\7\266,5\217u\364]?\23.\362\222\246u9"..., 28678 <unfinished ...>
17032 <... clock_gettime resumed> {4903, 428540074}) = 0
17033 <... write resumed> )             = 28678
17032 clock_gettime(CLOCK_REALTIME,  <unfinished ...>
17033 write(6, "\r\n", 2 <unfinished ...>
17032 <... clock_gettime resumed> {1465918769, 212562524}) = 0
17033 <... write resumed> )             = 2
17032 select(0, NULL, NULL, NULL, {0, 20} <unfinished ...>
17031 <... select resumed> )            = 0 (Timeout)
17033 read(7,  <unfinished ...>
17031 futex(0x21ef2b0, FUTEX_WAIT, 0, NULL <unfinished ...>
17033 <... read resumed> "\337\35\36\252\223+\365yt\213\272\324\6\31N\212\250\346\245(AC\346\211p\346\31\343\323\2421\277"..., 32768) = 32768
17033 futex(0x21ef2b0, FUTEX_WAKE, 1)   = 1
17031 <... futex resumed> )             = 0
17033 write(6, "8000\r\n\0374/S\32\337=\\L\373\344\240\202<\301RX\3Z\vm\7\2\375z\1"..., 4096 <unfinished ...>
17031 select(0, NULL, NULL, NULL, {0, 100} <unfinished ...>
17033 <... write resumed> )             = 4096
17032 <... select resumed> )            = 0 (Timeout)
17033 write(6, "\366\v\314\325/\6YyJc: @\202\26\270_\10~\264\20(\303k\23h@\23\263G~\1"..., 28678 <unfinished ...>
17032 clock_gettime(CLOCK_MONOTONIC,  <unfinished ...>
17033 <... write resumed> )             = 28678
17032 <... clock_gettime resumed> {4903, 428724023}) = 0
17033 write(6, "\r\n", 2 <unfinished ...>
17032 clock_gettime(CLOCK_REALTIME,  <unfinished ...>
17033 <... write resumed> )             = 2
17032 <... clock_gettime resumed> {1465918769, 212741679}) = 0
17033 read(7,  <unfinished ...>
17032 select(0, NULL, NULL, NULL, {0, 20} <unfinished ...>
17033 <... read resumed> "\237\266\3427\321\317\331\32\342\276\327\262\370>\335T\3UW\234\232\234\234\237[\0007\262\211\275\370\231"..., 32768) = 32768
17033 write(6, "8000\r\n\356\271\\\304>\245Z+qUq\2q\326W\362\27c\367\2V?ro^\263"..., 4096) = 4096
17033 write(6, "\37z\252p\7\1\17\207m*\245\314\265\262\322\255\27\214:~\365l\237\374Z\345\0:\20\233Q\321"..., 28678) = 28678
17033 write(6, "\r\n", 2)               = 2
17032 <... select resumed> )            = 0 (Timeout)
17031 <... select resumed> )            = 0 (Timeout)
17033 read(7,  <unfinished ...>
17032 clock_gettime(CLOCK_MONOTONIC,  <unfinished ...>
17031 futex(0x21ef2b0, FUTEX_WAIT, 0, NULL <unfinished ...>
17033 <... read resumed> "\206\373\202\1\337\252k\257\345\tF&\0107:\342\26\370\3014@{\343\342sQx\230X!\207G"..., 32768) = 32768
17032 <... clock_gettime resumed> {4903, 428900991}) = 0
17033 futex(0x21ef2b0, FUTEX_WAKE, 1 <unfinished ...>
17032 clock_gettime(CLOCK_REALTIME,  <unfinished ...>
17033 <... futex resumed> )             = 1
17032 <... clock_gettime resumed> {1465918769, 212922784}) = 0
17031 <... futex resumed> )             = 0
17033 write(6, "8000\r\n\324m\r\310v\316&\330\363\320\267C\231\367\262\2413\332q\331o\205?L\375\203"..., 4096 <unfinished ...>
17032 select(0, NULL, NULL, NULL, {0, 20} <unfinished ...>
17031 select(0, NULL, NULL, NULL, {0, 100} <unfinished ...>
17033 <... write resumed> )             = 4096
17033 write(6, "\333\7\\\333\206\3675\215\256\206C\247\335*\343\310B \33B|\235H\346a\366L\225\35\6N\270"..., 28678) = 28678
17032 <... select resumed> )            = 0 (Timeout)
17033 write(6, "\r\n", 2 <unfinished ...>
17032 clock_gettime(CLOCK_MONOTONIC,  <unfinished ...>
17033 <... write resumed> )             = 2
17032 <... clock_gettime resumed> {4903, 429041275}) = 0
17033 read(7,  <unfinished ...>
17032 clock_gettime(CLOCK_REALTIME,  <unfinished ...>
17033 <... read resumed> "\365\223\352\2608\234\206d\20\3[\373\17:\243\3671\344\30\247\203\tx\234M\220MK\0031\20\206"..., 32768) = 32768
17032 <... clock_gettime resumed> {1465918769, 213066479}) = 0
17033 ioctl(0, TIOCGWINSZ <unfinished ...>
17032 select(0, NULL, NULL, NULL, {0, 20} <unfinished ...>
17033 <... ioctl resumed> , {ws_row=35, ws_col=112, ws_xpixel=0, ws_ypixel=0}) = 0
17033 ioctl(0, TIOCGWINSZ, {ws_row=35, ws_col=112, ws_xpixel=0, ws_ypixel=0}) = 0
17032 <... select resumed> )            = 0 (Timeout)
17031 <... select resumed> )            = 0 (Timeout)
17033 write(1, "Sending build context to Docker "..., 48 <unfinished ...>
17032 clock_gettime(CLOCK_MONOTONIC,  <unfinished ...>
17031 read(7,  <unfinished ...>
17033 <... write resumed> )             = 48
17032 <... clock_gettime resumed> {4903, 429185040}) = 0
17031 <... read resumed> "\243`h`d\242\tT\0\346\352\371\345\227d\246Uj\24\353(\24W\26''\346\344\350\5{\272"..., 32768) = 32768
17033 write(6, "8000\r\n\244\325[I\fR\223D\251\244d\200\35005\316\216\33\222\35\223\2768\305\177~"..., 4096 <unfinished ...>
17032 clock_gettime(CLOCK_REALTIME,  <unfinished ...>
17031 futex(0x21ef2b0, FUTEX_WAIT, 0, NULL <unfinished ...>
17033 <... write resumed> )             = 4096
17032 <... clock_gettime resumed> {1465918769, 213228760}) = 0
17033 write(6, "~DDV\30\261\232\357/\211\242\334q\21'\344'\303\365r\251e#`\344\6iK5!\315f"..., 28678 <unfinished ...>
17032 select(0, NULL, NULL, NULL, {0, 20} <unfinished ...>
17033 <... write resumed> )             = 28678
17033 write(6, "\r\n", 2)               = 2
17033 futex(0x21ef2b0, FUTEX_WAKE, 1)   = 1
17031 <... futex resumed> )             = 0
17033 write(6, "8000\r\n\202b\231\272\20\226\365\10\26K\257v\212S\201\255\25hi\200\364\3602\20\304L"..., 4096 <unfinished ...>
17031 select(0, NULL, NULL, NULL, {0, 100} <unfinished ...>
17033 <... write resumed> )             = 4096
17032 <... select resumed> )            = 0 (Timeout)
17033 write(6, ".\2\371T\231\300RA\323+2\334\361\345\244\364e\366\264\253\203\231\215\235\354_\246\6\367>U\26"..., 28678 <unfinished ...>
17032 clock_gettime(CLOCK_MONOTONIC,  <unfinished ...>
17033 <... write resumed> )             = 28678
17032 <... clock_gettime resumed> {4903, 429383023}) = 0
17033 write(6, "\r\n", 2 <unfinished ...>
17032 clock_gettime(CLOCK_REALTIME,  <unfinished ...>
17033 <... write resumed> )             = 2
17032 <... clock_gettime resumed> {1465918769, 213401010}) = 0
17033 read(7,  <unfinished ...>
17032 select(0, NULL, NULL, NULL, {0, 20} <unfinished ...>
17033 <... read resumed> "[\233}+\32\263\326\225\220+\17\300Q(\23vj\205\244\230\203\23\332\303}|\310\207\306\370v)"..., 32768) = 32768
17033 write(6, "8000\r\n\263\245\7\316\1\24\367\262t\25h\222\331\363\203\207Y\360\255\302\362ciF\376\311"..., 4096) = 4096
17033 write(6, "\305\227\334\33\356}\243\263\367\2\343\2\24\225\20\252\357\1\210\267qx\234\1\37\0\340\377\247\23\247\23"..., 28678) = 28678
17033 write(6, "\r\n", 2 <unfinished ...>
17032 <... select resumed> )            = 0 (Timeout)
17031 <... select resumed> )            = 0 (Timeout)
17033 <... write resumed> )             = 2
17032 clock_gettime(CLOCK_MONOTONIC,  <unfinished ...>
17031 read(7,  <unfinished ...>
17033 futex(0xc82002ea10, FUTEX_WAIT, 0, NULL <unfinished ...>
17032 <... clock_gettime resumed> {4903, 429544120}) = 0
17031 <... read resumed> "\371\36\217Y\23\201f\322\340\220\254\342v\35g9M\227e[H\210:\2\361\"@\201\210\216\210,"..., 32768) = 32768
17032 clock_gettime(CLOCK_REALTIME,  <unfinished ...>
17031 futex(0xc82002ea10, FUTEX_WAKE, 1 <unfinished ...>
17033 <... futex resumed> )             = 0
17032 <... clock_gettime resumed> {1465918769, 213571055}) = 0
17031 <... futex resumed> )             = 1
17033 select(0, NULL, NULL, NULL, {0, 100} <unfinished ...>
17032 select(0, NULL, NULL, NULL, {0, 20} <unfinished ...>
17031 write(6, "8000\r\n\20\304\237\326\6\16M\252\31\27#\31xB\222\360\265\7+\202\223\17\2639\24\214"..., 4096) = 4096
17031 write(6, "I\206\230\266\20\263)\37\3711EL\20\371\232X\234\r\377\221\37\214\251Qh\326\205V{\317\336\300"..., 28678) = -1 EAGAIN (Resource temporarily unavailable)
17031 read(7, "\211\211BNfq\211^z>C\374\23\221\35\377\366\356R\353\177\361\353\365\235w\245\354\223\36\304\354"..., 32768) = 32768
17031 futex(0x21ef2b0, FUTEX_WAIT, 0, NULL <unfinished ...>
17032 <... select resumed> )            = 0 (Timeout)
17032 clock_gettime(CLOCK_MONOTONIC, {4903, 429726187}) = 0
17032 clock_gettime(CLOCK_REALTIME, {1465918769, 213728249}) = 0
17032 select(0, NULL, NULL, NULL, {0, 20} <unfinished ...>
17033 <... select resumed> )            = 0 (Timeout)
17032 <... select resumed> )            = 0 (Timeout)
17033 futex(0xc82002ea10, FUTEX_WAIT, 0, NULL <unfinished ...>
17032 clock_gettime(CLOCK_MONOTONIC, {4903, 429809440}) = 0
17032 futex(0x21ee760, FUTEX_WAIT, 0, {60, 0} <unfinished ...>
17035 <... epoll_wait resumed> {{EPOLLOUT, {u32=2134024192, u64=140606478393344}}}, 128, -1) = 1
17035 clock_gettime(CLOCK_MONOTONIC, {4903, 430624056}) = 0
17035 futex(0xc82002ea10, FUTEX_WAKE, 1) = 1
17033 <... futex resumed> )             = 0
17035 futex(0x21ee760, FUTEX_WAKE, 1 <unfinished ...>
17033 epoll_wait(5,  <unfinished ...>
17035 <... futex resumed> )             = 1
17033 <... epoll_wait resumed> {}, 128, 0) = 0
17032 <... futex resumed> )             = 0
17035 write(6, "I\206\230\266\20\263)\37\3711EL\20\371\232X\234\r\377\221\37\214\251Qh\326\205V{\317\336\300"..., 28678 <unfinished ...>
17033 epoll_wait(5,  <unfinished ...>
17032 clock_gettime(CLOCK_MONOTONIC,  <unfinished ...>
17035 <... write resumed> )             = 28678
17032 <... clock_gettime resumed> {4903, 430713016}) = 0
17035 write(6, "\r\n", 2 <unfinished ...>
17032 clock_gettime(CLOCK_REALTIME,  <unfinished ...>
17035 <... write resumed> )             = 2
17032 <... clock_gettime resumed> {1465918769, 214734160}) = 0
17035 futex(0x21ef2b0, FUTEX_WAKE, 1 <unfinished ...>
17032 select(0, NULL, NULL, NULL, {0, 20} <unfinished ...>
17035 <... futex resumed> )             = 1
17031 <... futex resumed> )             = 0
17035 write(6, "8000\r\nk\2636\1<\1\24\256\353\2275\342\260\372\222\350\325\243q\n\276\200\351\364U."..., 4096 <unfinished ...>
17033 <... epoll_wait resumed> {{EPOLLOUT, {u32=2134024192, u64=140606478393344}}}, 128, -1) = 1
17031 select(0, NULL, NULL, NULL, {0, 100} <unfinished ...>
17035 <... write resumed> )             = 4096
17033 epoll_wait(5,  <unfinished ...>
17035 write(6, "\226\315\30\230\0c\3453Ez\320\373\223\206\2\322\24:^\337$\254\35v\216\232\333Q\305,3\22"..., 28678) = 28678
17032 <... select resumed> )            = 0 (Timeout)
17035 write(6, "\r\n", 2 <unfinished ...>
17032 clock_gettime(CLOCK_MONOTONIC,  <unfinished ...>
17035 <... write resumed> )             = 2
17032 <... clock_gettime resumed> {4903, 430899504}) = 0
17035 read(7,  <unfinished ...>
17032 clock_gettime(CLOCK_REALTIME,  <unfinished ...>
17035 <... read resumed> "\324\356\26\25\16:\232T\331\245.9\324nPU_\343\21\227-L\25I\204\372>\207\3301\215\21"..., 32768) = 32768
17032 <... clock_gettime resumed> {1465918769, 214924412}) = 0
17035 write(6, "8000\r\nr2\26\305^\n#X\332\275\36\334(\223#\3\240\24\177\325\226^\7\31?\355"..., 4096 <unfinished ...>
17032 select(0, NULL, NULL, NULL, {0, 20} <unfinished ...>
17035 <... write resumed> )             = 4096
17035 write(6, "\321\2452*\320FF\365p\254\205\203)\"\370\203\341D\32\261:\371\312\377\360\360{\307\2643\20\214"..., 28678 <unfinished ...>
17031 <... select resumed> )            = 0 (Timeout)
17035 <... write resumed> )             = 28678
17032 <... select resumed> )            = 0 (Timeout)
17031 read(7,  <unfinished ...>
17035 write(6, "\r\n", 2 <unfinished ...>
17032 clock_gettime(CLOCK_MONOTONIC,  <unfinished ...>
17031 <... read resumed> "\310I\240\265\223\206\2\361\24H4\223V\265\0208}bBF\214\2002\302\4\237|\304Q\223\213\3"..., 32768) = 32768
17035 <... write resumed> )             = 2
17032 <... clock_gettime resumed> {4903, 431062590}) = 0
17031 futex(0x21ef2b0, FUTEX_WAIT, 0, NULL <unfinished ...>
17035 futex(0x21ef2b0, FUTEX_WAKE, 1 <unfinished ...>
17032 clock_gettime(CLOCK_REALTIME,  <unfinished ...>
17031 <... futex resumed> )             = -1 EAGAIN (Resource temporarily unavailable)
17035 <... futex resumed> )             = 0
17032 <... clock_gettime resumed> {1465918769, 215100546}) = 0
17031 select(0, NULL, NULL, NULL, {0, 100} <unfinished ...>
17035 write(6, "8000\r\n\326r\332\230\306\211\324Qd\331\246e\206\227ZX\230\36H\250%T6\22\1\374"..., 4096 <unfinished ...>
17032 select(0, NULL, NULL, NULL, {0, 20} <unfinished ...>
17035 <... write resumed> )             = 4096
17035 write(6, "\323\353\341\325\247\341\315\315\237\253l>\374\373\355z\275X\235>~<\231\256o7W'\343\354\376\361"..., 28678) = 28678
17035 write(6, "\r\n", 2)               = 2
17035 read(7, "\361\332\235\265J%\367\301\n\23\264>\351xI~\22/>\241A%\23q#\257\2017\244h~("..., 32768) = 32768
17035 write(6, "8000\r\na\314\210\343\31\335p\33\223\245\6k7\261\241\230\375\23\264\342uH\345\6\233\215"..., 4096 <unfinished ...>
17032 <... select resumed> )            = 0 (Timeout)
17035 <... write resumed> )             = 4096
17032 clock_gettime(CLOCK_MONOTONIC,  <unfinished ...>
17035 write(6, "\234\333\263\206q\357\32\306\r2\32\233\2455\24\365\0.\5\5\r\353\6\231Wx\234\1k\0\224\377"..., 28678 <unfinished ...>
17032 <... clock_gettime resumed> {4903, 431268990}) = 0
17035 <... write resumed> )             = 28678
17032 clock_gettime(CLOCK_REALTIME,  <unfinished ...>
17031 <... select resumed> )            = 0 (Timeout)
17035 write(6, "\r\n", 2 <unfinished ...>
17032 <... clock_gettime resumed> {1465918769, 215297664}) = 0
17031 read(7,  <unfinished ...>
17035 <... write resumed> )             = 2
17032 select(0, NULL, NULL, NULL, {0, 20} <unfinished ...>
17031 <... read resumed> "\2542\337|\354\240_Y\263t\334\227\267\232\257\325\207\361X\375\31\347\n'\236\253\357\23\277\306\314$"..., 32768) = 32768
17035 futex(0xc8200f6590, FUTEX_WAIT, 0, NULL <unfinished ...>
17031 futex(0xc8200f6590, FUTEX_WAKE, 1 <unfinished ...>
17035 <... futex resumed> )             = -1 EAGAIN (Resource temporarily unavailable)
17031 <... futex resumed> )             = 0
17035 select(0, NULL, NULL, NULL, {0, 100} <unfinished ...>
17031 write(6, "8000\r\nL\f\200@!3\257$5\275(\261$3?\217aKTUycK\223\341\372"..., 4096) = 4096
17031 write(6, "j>\360\\\313\t\10\354\5\203`\260\t\20\227\337\16\250\357\30\366l\224!\265\332&6\252\26\335\317"..., 28678 <unfinished ...>
17032 <... select resumed> )            = 0 (Timeout)
17031 <... write resumed> )             = 28678
17032 clock_gettime(CLOCK_MONOTONIC,  <unfinished ...>
17031 write(6, "\r\n", 2 <unfinished ...>
17032 <... clock_gettime resumed> {4903, 431460902}) = 0
17031 <... write resumed> )             = 2
17032 clock_gettime(CLOCK_REALTIME,  <unfinished ...>
17031 read(7,  <unfinished ...>
17032 <... clock_gettime resumed> {1465918769, 215481606}) = 0
17031 <... read resumed> "\262c\206\314\16>\335wz5\270\261w\252\347\317l\37\377\v\260w\271\234\357\1\225\276\5x\234\1"..., 32768) = 32768
17032 select(0, NULL, NULL, NULL, {0, 20} <unfinished ...>
17031 write(6, "8000\r\n[\243\217B\25u6\317\30\306x\363\207K\325\340j{\205\333l\16t\205#\341"..., 4096) = 4096
17031 write(6, "\227\313\200x\302\376w\376%\236;}\2620\334\25J\21\f\f\304V\342\v\331G\312\361\332\3508\367"..., 28678 <unfinished ...>
17035 <... select resumed> )            = 0 (Timeout)
17032 <... select resumed> )            = 0 (Timeout)
17031 <... write resumed> )             = 28678
17035 select(0, NULL, NULL, NULL, {0, 100} <unfinished ...>
17032 clock_gettime(CLOCK_MONOTONIC,  <unfinished ...>
17031 write(6, "\r\n", 2 <unfinished ...>
17032 <... clock_gettime resumed> {4903, 431598827}) = 0
17031 <... write resumed> )             = 2
17032 clock_gettime(CLOCK_REALTIME,  <unfinished ...>
17031 read(7,  <unfinished ...>
17032 <... clock_gettime resumed> {1465918769, 215619423}) = 0
17031 <... read resumed> "\205v\357!\34W\300\203=\332\37\221\3004\313\341g\34\355t\370a$;\262\221%\334Y*\236\251"..., 32768) = 32768
17032 select(0, NULL, NULL, NULL, {0, 20} <unfinished ...>
17031 write(6, "8000\r\n\26Y\245O,\262\226\356\206\262\33\"k\326*\2443\226CS\331\347\352Q\361@"..., 4096) = 4096
17031 write(6, "-\4\3126\343)\234X2t$[,r\223\304\20\214\364N\304p\31\202K#\263\271+\206mQ"..., 28678) = 28678
17031 write(6, "\r\n", 2)               = 2
17031 read(7, "\211zr4sua#\365r7\0\367Z(\216\232\4\274\275;Vp\377\30\237'N\207\205\240O"..., 32768) = 32768
17035 <... select resumed> )            = 0 (Timeout)
17032 <... select resumed> )            = 0 (Timeout)
17031 write(6, "8000\r\n+\231Qi\321s\260\22\317\304_z\211\t\t\332C\262\356\277\205\6\327\r\356\0"..., 4096 <unfinished ...>
17035 read(7,  <unfinished ...>
17032 clock_gettime(CLOCK_MONOTONIC,  <unfinished ...>
17031 <... write resumed> )             = 4096
17035 <... read resumed> "\263L\271\330\3276\306{\361\267\211\363rD.3\211Yp\7\\\327\353:(\254\2565\251\345\365\352"..., 32768) = 32768
17032 <... clock_gettime resumed> {4903, 431801703}) = 0
17031 write(6, "\362\321\31\240;\177g\16\17\301\3561\325\266H\n\271\32|\27i\367\301jP4\327h\271\241a\207"..., 28678 <unfinished ...>
17035 futex(0xc8200f6590, FUTEX_WAIT, 0, NULL <unfinished ...>
17032 clock_gettime(CLOCK_REALTIME,  <unfinished ...>
17031 <... write resumed> )             = 28678
17032 <... clock_gettime resumed> {1465918769, 215842241}) = 0
17031 write(6, "\r\n", 2 <unfinished ...>
17032 select(0, NULL, NULL, NULL, {0, 20} <unfinished ...>
17031 <... write resumed> )             = 2
17031 futex(0xc8200f6590, FUTEX_WAKE, 1 <unfinished ...>
17035 <... futex resumed> )             = 0
17031 <... futex resumed> )             = 1
17035 select(0, NULL, NULL, NULL, {0, 100} <unfinished ...>
17031 write(6, "8000\r\n\22M\246\314\35z#\210\276\23\n4\336\223i\"L*\27\32E\236\330\20\343\243"..., 4096) = 4096
17031 write(6, "\22\0\302\2574w\335:\341\261\230V\3\24\340\350\253\337R\16\241V\225\221\233\215\323p\353I\376\243"..., 28678) = 28678
17032 <... select resumed> )            = 0 (Timeout)
17032 clock_gettime(CLOCK_MONOTONIC,  <unfinished ...>
17031 write(6, "\r\n", 2 <unfinished ...>
17032 <... clock_gettime resumed> {4903, 431975613}) = 0
17031 <... write resumed> )             = 2
17032 clock_gettime(CLOCK_REALTIME,  <unfinished ...>
17031 read(7,  <unfinished ...>
17032 <... clock_gettime resumed> {1465918769, 216003949}) = 0
17031 <... read resumed> "\222\7\324T\272\252\4\320\342\366\371\211\v#T\250\211W_i$\0020\240\252X\32\2735;3X"..., 32768) = 32768
17032 select(0, NULL, NULL, NULL, {0, 20} <unfinished ...>
17031 write(6, "8000\r\n\0_\221\25\254\n\251\255\340\26\357\237{\246\367%\27\254JjGli\256\24\251"..., 4096) = 4096
17031 write(6, ",7\343\215\237\322\364\31\247Z\5\210c\232\t\216U}/m\371k\312_'Q\310\344\256\315\26B"..., 28678 <unfinished ...>
17035 <... select resumed> )            = 0 (Timeout)
17032 <... select resumed> )            = 0 (Timeout)
17031 <... write resumed> )             = 28678
17035 read(7,  <unfinished ...>
17032 clock_gettime(CLOCK_MONOTONIC,  <unfinished ...>
17031 write(6, "\r\n", 2 <unfinished ...>
17035 <... read resumed> "/\177^~\303\5\356\311\212\274\226\233/p\0072n\216\342-e\2\0a\377\7\323\345\3\2241x"..., 32768) = 32768
17032 <... clock_gettime resumed> {4903, 432129186}) = 0
17031 <... write resumed> )             = 2
17035 futex(0xc8200f6590, FUTEX_WAIT, 0, NULL <unfinished ...>
17032 clock_gettime(CLOCK_REALTIME,  <unfinished ...>
17031 futex(0xc8200f6590, FUTEX_WAKE, 1 <unfinished ...>
17035 <... futex resumed> )             = -1 EAGAIN (Resource temporarily unavailable)
17032 <... clock_gettime resumed> {1465918769, 216164202}) = 0
17031 <... futex resumed> )             = 0
17035 select(0, NULL, NULL, NULL, {0, 100} <unfinished ...>
17032 select(0, NULL, NULL, NULL, {0, 20} <unfinished ...>
17031 write(6, "8000\r\n\177?\205\374\244,\240\22\205\344\374\274\264\374\242\334\314\274t\205\222|\220\2\205h"..., 4096) = 4096
17031 write(6, "\222Q\222\231\230$p\360\235\v\316\rG\255,n\345V\t\327\252\302\315\347\272n\215\355\304\231qg"..., 28678) = 28678
17031 write(6, "\r\n", 2)               = 2
17031 read(7,  <unfinished ...>
17032 <... select resumed> )            = 0 (Timeout)
17031 <... read resumed> ",\3\262\22K2\24\322\362\213\24J\213S\25\3123\201\34\220\2740\320\274\222\304\314\274\324\"\260\31"..., 32768) = 32768
17032 clock_gettime(CLOCK_MONOTONIC,  <unfinished ...>
17031 write(6, "8000\r\nb\375X\33dL\227\375Qc\356\5-(\20S\325O*\326\354\0206\315\266\26"..., 4096 <unfinished ...>
17032 <... clock_gettime resumed> {4903, 432318917}) = 0
17031 <... write resumed> )             = 4096
17032 clock_gettime(CLOCK_REALTIME,  <unfinished ...>
17031 write(6, "~\215\234}\306\312\26\36&[\301\363\252\313\250\3711\31\265\230L\336\203hcW\246\334b\252\354\310"..., 28678 <unfinished ...>
17032 <... clock_gettime resumed> {1465918769, 216337548}) = 0
17031 <... write resumed> )             = -1 EAGAIN (Resource temporarily unavailable)
17035 <... select resumed> )            = 0 (Timeout)
17032 select(0, NULL, NULL, NULL, {0, 20} <unfinished ...>
17031 read(7,  <unfinished ...>
17035 futex(0xc8200f6590, FUTEX_WAIT, 0, NULL <unfinished ...>
17031 <... read resumed> "\313\311VF\3070\224\342\375\203\247\253\370\26r\344\267\336zk#\235\221q\23\233\5\226S\246\252{"..., 32768) = 32768
17031 futex(0x21ef2b0, FUTEX_WAIT, 0, NULL <unfinished ...>
17032 <... select resumed> )            = 0 (Timeout)
17032 clock_gettime(CLOCK_MONOTONIC, {4903, 432488929}) = 0
17032 futex(0x21ee760, FUTEX_WAIT, 0, {60, 0} <unfinished ...>
17033 <... epoll_wait resumed> {{EPOLLOUT, {u32=2134024192, u64=140606478393344}}}, 128, -1) = 1
17033 clock_gettime(CLOCK_MONOTONIC, {4903, 433420314}) = 0
17033 futex(0x21ef2b0, FUTEX_WAKE, 1)   = 1
17031 <... futex resumed> )             = 0
17033 futex(0x21ee760, FUTEX_WAKE, 1 <unfinished ...>
17031 epoll_wait(5,  <unfinished ...>
17033 <... futex resumed> )             = 1
17032 <... futex resumed> )             = 0
17031 <... epoll_wait resumed> {}, 128, 0) = 0
17033 write(6, "~\215\234}\306\312\26\36&[\301\363\252\313\250\3711\31\265\230L\336\203hcW\246\334b\252\354\310"..., 28678 <unfinished ...>
17032 clock_gettime(CLOCK_MONOTONIC,  <unfinished ...>
17031 epoll_wait(5,  <unfinished ...>
17033 <... write resumed> )             = 28678
17032 <... clock_gettime resumed> {4903, 433506030}) = 0
17033 write(6, "\r\n", 2 <unfinished ...>
17032 clock_gettime(CLOCK_REALTIME,  <unfinished ...>
17033 <... write resumed> )             = 2
17032 <... clock_gettime resumed> {1465918769, 217531277}) = 0
17033 futex(0xc8200f6590, FUTEX_WAKE, 1 <unfinished ...>
17032 select(0, NULL, NULL, NULL, {0, 20} <unfinished ...>
17035 <... futex resumed> )             = 0
17033 <... futex resumed> )             = 1
17035 select(0, NULL, NULL, NULL, {0, 100} <unfinished ...>
17033 write(6, "8000\r\n\317\367'\304l\212`B\306\225\360\256\210\277]\246\274\226v\270\nw\313\244\233\\"..., 4096 <unfinished ...>
17031 <... epoll_wait resumed> {{EPOLLOUT, {u32=2134024192, u64=140606478393344}}}, 128, -1) = 1
17033 <... write resumed> )             = 4096
17031 epoll_wait(5,  <unfinished ...>
17033 write(6, "~\201\v\361\244g\272\263\335\317\355\356v\357=\373\1\244\200\177x\346#\304\2458x\234m\222\315J"..., 28678) = 28678
17032 <... select resumed> )            = 0 (Timeout)
17033 write(6, "\r\n", 2 <unfinished ...>
17032 clock_gettime(CLOCK_MONOTONIC,  <unfinished ...>
17033 <... write resumed> )             = 2
17032 <... clock_gettime resumed> {4903, 433683550}) = 0
17033 read(7,  <unfinished ...>
17032 clock_gettime(CLOCK_REALTIME,  <unfinished ...>
17033 <... read resumed> "\22\251\346\2368\234*\320+xo\225\\\311\25\325\377\355\230\263\36\0053\1\24[2\353\20\215\334]"..., 32768) = 32768
17032 <... clock_gettime resumed> {1465918769, 217708034}) = 0
17033 ioctl(0, TIOCGWINSZ <unfinished ...>
17032 select(0, NULL, NULL, NULL, {0, 20} <unfinished ...>
17033 <... ioctl resumed> , {ws_row=35, ws_col=112, ws_xpixel=0, ws_ypixel=0}) = 0
17035 <... select resumed> )            = 0 (Timeout)
17033 ioctl(0, TIOCGWINSZ <unfinished ...>
17035 read(7,  <unfinished ...>
17033 <... ioctl resumed> , {ws_row=35, ws_col=112, ws_xpixel=0, ws_ypixel=0}) = 0
17035 <... read resumed> "\273z\207\3345w\310N~\324|\331\220\355\315\245\250;\202\362kZM\337\361\234\255f\252\223]\32"..., 32768) = 32768
17033 write(1, "Sending build context to Docker "..., 48 <unfinished ...>
17035 futex(0xc8200f6590, FUTEX_WAIT, 0, NULL <unfinished ...>
17033 <... write resumed> )             = 48
17032 <... select resumed> )            = 0 (Timeout)
17031 <... epoll_wait resumed> {{EPOLLOUT, {u32=2134024192, u64=140606478393344}}}, 128, -1) = 1
17033 write(6, "8000\r\n!\210\334\243\2457\251\207 \306c%1\353A\201E:\204\314\240\243\310hs\223"..., 4096 <unfinished ...>
17032 clock_gettime(CLOCK_MONOTONIC,  <unfinished ...>
17031 epoll_wait(5,  <unfinished ...>
17033 <... write resumed> )             = 4096
17032 <... clock_gettime resumed> {4903, 433913862}) = 0
17033 write(6, "pzmU\272\317\263\4t\v\310WL\356\272\277\245\246\355j?W*\35\16\341\3112U\301\304\223"..., 28678 <unfinished ...>
17032 clock_gettime(CLOCK_REALTIME,  <unfinished ...>
17033 <... write resumed> )             = 28678
17032 <... clock_gettime resumed> {1465918769, 217939906}) = 0
17033 write(6, "\r\n", 2 <unfinished ...>
17032 select(0, NULL, NULL, NULL, {0, 20} <unfinished ...>
17033 <... write resumed> )             = 2
17033 futex(0xc8200f6590, FUTEX_WAKE, 1 <unfinished ...>
17035 <... futex resumed> )             = 0
17033 <... futex resumed> )             = 1
17032 <... select resumed> )            = 0 (Timeout)
17035 select(0, NULL, NULL, NULL, {0, 100} <unfinished ...>
17033 write(6, "8000\r\nP\367\262\v\f\3707\211\235\332~\275x\334~z\3429\273\357\311\223\366\233\305#"..., 4096 <unfinished ...>
17032 clock_gettime(CLOCK_MONOTONIC,  <unfinished ...>
17033 <... write resumed> )             = 4096
17032 <... clock_gettime resumed> {4903, 434055927}) = 0
17033 write(6, "%\242X\217\261H\16\5\24\16\225\343\260\255\234\204g\271^\245\276\273\3\262\352\254\357\344~\263j\5"..., 28678 <unfinished ...>
17032 clock_gettime(CLOCK_REALTIME,  <unfinished ...>
17033 <... write resumed> )             = 28678
17032 <... clock_gettime resumed> {1465918769, 218077889}) = 0
17033 write(6, "\r\n", 2 <unfinished ...>
17032 select(0, NULL, NULL, NULL, {0, 20} <unfinished ...>
17033 <... write resumed> )             = 2
17033 read(7, "\336\222\266\220\4\211\252DT\33\20\253\357\323\240H\202\7\202Z@\\J\370O\212\27\370\343\341\374`"..., 32768) = 32768
17033 write(6, "8000\r\n\32\303\305l\324\304\243\2510\260\315v[2\35\26\215\361\277;\5VW%\204\300"..., 4096) = 4096
17033 write(6, "\362>z\235\344\250\265\271J\253\223\rT\232\274&\25059\271\277\32{\\\254\236\230jJ)p\354"..., 28678) = 28678
17035 <... select resumed> )            = 0 (Timeout)
17033 write(6, "\r\n", 2 <unfinished ...>
17032 <... select resumed> )            = 0 (Timeout)
17035 read(7,  <unfinished ...>
17033 <... write resumed> )             = 2
17032 clock_gettime(CLOCK_MONOTONIC,  <unfinished ...>
17035 <... read resumed> "N\373\221}\325\3653B'\326\355gb\361&\"\320\241\225\301\271\307\1\370\34\16\241H\275O\340w"..., 32768) = 32768
17033 futex(0xc82002ea10, FUTEX_WAIT, 0, NULL <unfinished ...>
17032 <... clock_gettime resumed> {4903, 434247381}) = 0
17035 futex(0xc82002ea10, FUTEX_WAKE, 1 <unfinished ...>
17033 <... futex resumed> )             = -1 EAGAIN (Resource temporarily unavailable)
17032 clock_gettime(CLOCK_REALTIME,  <unfinished ...>
17035 <... futex resumed> )             = 0
17033 select(0, NULL, NULL, NULL, {0, 100} <unfinished ...>
17032 <... clock_gettime resumed> {1465918769, 218276467}) = 0
17035 write(6, "8000\r\np\35R<\375\213nL\274\337\300\262\251\263L\271\330\3276\306\233i\361\267\211\363"..., 4096 <unfinished ...>
17032 select(0, NULL, NULL, NULL, {0, 20} <unfinished ...>
17035 <... write resumed> )             = 4096
17035 write(6, "\204.L\335\337\313\265\206\257,.5N\204\23\22t\305%\211\311\331%E\211\311\251\f~\257\256\310"..., 28678) = 28678
17035 write(6, "\r\n", 2)               = 2
17035 read(7, ";\2E\1\24\206\4\22\33\323d\362\344\222\23\262I\341y\357N\334\243G\363\223\224\3j\337\307\32"..., 32768) = 32768
17035 write(6, "8000\r\n\202\312\300C\7\17A\340\241\243\254\273\317\234\\g\267\231Yl\21\361\320\265C1"..., 4096 <unfinished ...>
17032 <... select resumed> )            = 0 (Timeout)
17035 <... write resumed> )             = 4096
17032 clock_gettime(CLOCK_MONOTONIC,  <unfinished ...>
17035 write(6, "u\241|%SV\34\330\323\335q\t%\36\31|\250I\364n\257*t$\376\357\17d\261f\4\246"..., 28678 <unfinished ...>
17032 <... clock_gettime resumed> {4903, 434440338}) = 0
17035 <... write resumed> )             = 28678
17033 <... select resumed> )            = 0 (Timeout)
17032 clock_gettime(CLOCK_REALTIME,  <unfinished ...>
17035 write(6, "\r\n", 2 <unfinished ...>
17033 select(0, NULL, NULL, NULL, {0, 100} <unfinished ...>
17032 <... clock_gettime resumed> {1465918769, 218473360}) = 0
17035 <... write resumed> )             = 2
17032 select(0, NULL, NULL, NULL, {0, 20} <unfinished ...>
17035 read(7, "\370\331|\251\370\33\241U\3.\34\271\f1<\332B!\243\302^\0064\255\333\263\323\2277\2671`"..., 32768) = 32768
17035 write(6, "8000\r\n\f\255J#\223\235\265I\366\251b\225\206OA\235\37\263\242\6\374\1q\205L\330"..., 4096) = 4096
17035 write(6, ",\232\326\324\320#\231\275\2530fz\356\2579\262\217/(]\36661\0\2\205\342\344\242\314\202\22"..., 28678) = 28678
17035 write(6, "\r\n", 2)               = 2
17032 <... select resumed> )            = 0 (Timeout)
17035 read(7,  <unfinished ...>
17032 clock_gettime(CLOCK_MONOTONIC,  <unfinished ...>
17035 <... read resumed> "\22\322e\6\31\372VH\225\3231/%8\277\264(9u\263\220\260\34\243\20\334$\247\304\342T\215"..., 32768) = 32768
17032 <... clock_gettime resumed> {4903, 434630162}) = 0
17035 write(6, "8000\r\nE\277\331Su\273'40000 configs\0PC\372b\325"..., 4096 <unfinished ...>
17033 <... select resumed> )            = 0 (Timeout)
17032 clock_gettime(CLOCK_REALTIME,  <unfinished ...>
17035 <... write resumed> )             = 4096
17033 read(7,  <unfinished ...>
17032 <... clock_gettime resumed> {1465918769, 218671779}) = 0
17035 write(6, "\252\205\250\340R\315\0322\270\\)\377 \273\330\241b\222\3747\305`\227\336F\236{\214\34`U\237"..., 28678 <unfinished ...>
17033 <... read resumed> "\251E\361\231)JV\n\6:`\321\214\374\342\22\210\200\241\201\1T\2548\263*\25$\0\344\324\352"..., 32768) = 32768
17032 select(0, NULL, NULL, NULL, {0, 20} <unfinished ...>
17035 <... write resumed> )             = 28678
17033 futex(0xc82002ea10, FUTEX_WAIT, 0, NULL <unfinished ...>
17035 write(6, "\r\n", 2)               = 2
17035 futex(0xc82002ea10, FUTEX_WAKE, 1) = 1
17033 <... futex resumed> )             = 0
17035 write(6, "8000\r\n{\317\3066Ct\251\263\365\1r\1\35\257\20\36\351\2\201|x\234\1)\0\326"..., 4096 <unfinished ...>
17033 select(0, NULL, NULL, NULL, {0, 100} <unfinished ...>
17035 <... write resumed> )             = 4096
17032 <... select resumed> )            = 0 (Timeout)
17035 write(6, "DA/=\263$3=/\277(\225\301q\207c\323\234\343\31{\371\323BE?n=\375\311\356\305"..., 28678 <unfinished ...>
17032 clock_gettime(CLOCK_MONOTONIC,  <unfinished ...>
17035 <... write resumed> )             = 28678
17032 <... clock_gettime resumed> {4903, 434843963}) = 0
17035 write(6, "\r\n", 2 <unfinished ...>
17032 clock_gettime(CLOCK_REALTIME,  <unfinished ...>
17035 <... write resumed> )             = 2
17032 <... clock_gettime resumed> {1465918769, 218866108}) = 0
17035 read(7,  <unfinished ...>
17032 select(0, NULL, NULL, NULL, {0, 20} <unfinished ...>
17035 <... read resumed> "x\23431\0\2\205\202\242\374\222\374\244\3224\206\311\37\302d\204\365\212\225\334J\16\210<7r\313"..., 32768) = 32768
17035 write(6, "8000\r\n\311\277\370\5\204\322\376^\24\206\243B+.\262\310m\263*\270H\10\301p\304\205"..., 4096) = 4096
17035 write(6, "v\0\324C'\26\376't\3070\315Tz\20\276\1\33\221\326\3 \350\335\4\177\3Y\300yZ\264"..., 28678) = 28678
17035 write(6, "\r\n", 2 <unfinished ...>
17033 <... select resumed> )            = 0 (Timeout)
17032 <... select resumed> )            = 0 (Timeout)
17035 <... write resumed> )             = 2
17033 read(7,  <unfinished ...>
17032 clock_gettime(CLOCK_MONOTONIC,  <unfinished ...>
17035 futex(0xc8200f6590, FUTEX_WAIT, 0, NULL <unfinished ...>
17033 <... read resumed> "\334\340\"\365\10\223B\247\250\360N\321\36(Q\334\32\360/{\224TI\373\r\372\214|$\\\337\7"..., 32768) = 32768
17032 <... clock_gettime resumed> {4903, 435026418}) = 0
17033 futex(0xc8200f6590, FUTEX_WAKE, 1 <unfinished ...>
17032 clock_gettime(CLOCK_REALTIME,  <unfinished ...>
17035 <... futex resumed> )             = 0
17033 <... futex resumed> )             = 1
17032 <... clock_gettime resumed> {1465918769, 219049669}) = 0
17035 select(0, NULL, NULL, NULL, {0, 100} <unfinished ...>
17033 write(6, "8000\r\n\351F\313\375\34\212\312b\306\351Kg82\371T\342\264\335\351\21-\0\346\317\264"..., 4096 <unfinished ...>
17032 select(0, NULL, NULL, NULL, {0, 20} <unfinished ...>
17033 <... write resumed> )             = 4096
17033 write(6, "l\270\367$\353\207\n&f\n[\363\205e*S\346\235$\307\212)+\26306\230\276\224L\tm"..., 28678) = 28678
17033 write(6, "\r\n", 2)               = 2
17033 read(7, "\365>\371;\325\266\304J\231\312\7\225\351\206\376MK\253w\350\262\206\nmM`At\314x\203\v"..., 32768) = 32768
17033 write(6, "8000\r\n\262\314\251\265\n\204\310\232\266\316\224[9\350R\326o\216\231\235\323+0\t^\361"..., 4096 <unfinished ...>
17032 <... select resumed> )            = 0 (Timeout)
17033 <... write resumed> )             = 4096
17032 clock_gettime(CLOCK_MONOTONIC,  <unfinished ...>
17033 write(6, "2,\233\242\344\346\253\16p\37\367L\f\322R[\317r\253\16\351\10\323\7ZJ\316\0378\241H\346"..., 28678 <unfinished ...>
17032 <... clock_gettime resumed> {4903, 435215942}) = 0
17033 <... write resumed> )             = -1 EAGAIN (Resource temporarily unavailable)
17032 clock_gettime(CLOCK_REALTIME,  <unfinished ...>
17035 <... select resumed> )            = 0 (Timeout)
17033 read(7,  <unfinished ...>
17032 <... clock_gettime resumed> {1465918769, 219242178}) = 0
17035 futex(0xc8200f6590, FUTEX_WAIT, 0, NULL <unfinished ...>
17033 <... read resumed> "\315\261\301\213is\26\323AF\0\34`\4$\273\10x\234S\326O\312\314\323OJ,\316\340JN"..., 32768) = 32768
17032 select(0, NULL, NULL, NULL, {0, 20} <unfinished ...>
17033 futex(0xc82002ea10, FUTEX_WAIT, 0, NULL <unfinished ...>
17032 <... select resumed> )            = 0 (Timeout)
17032 clock_gettime(CLOCK_MONOTONIC, {4903, 435396618}) = 0
17032 futex(0x21ee760, FUTEX_WAIT, 0, {60, 0} <unfinished ...>
17031 <... epoll_wait resumed> {{EPOLLOUT, {u32=2134024192, u64=140606478393344}}}, 128, -1) = 1
17031 clock_gettime(CLOCK_MONOTONIC, {4903, 436233016}) = 0
17031 futex(0xc82002ea10, FUTEX_WAKE, 1 <unfinished ...>
17033 <... futex resumed> )             = 0
17031 <... futex resumed> )             = 1
17033 epoll_wait(5,  <unfinished ...>
17031 futex(0x21ee760, FUTEX_WAKE, 1 <unfinished ...>
17033 <... epoll_wait resumed> {}, 128, 0) = 0
17032 <... futex resumed> )             = 0
17031 <... futex resumed> )             = 1
17033 sched_yield( <unfinished ...>
17032 sched_yield( <unfinished ...>
17031 write(6, "2,\233\242\344\346\253\16p\37\367L\f\322R[\317r\253\16\351\10\323\7ZJ\316\0378\241H\346"..., 28678 <unfinished ...>
17033 <... sched_yield resumed> )       = 0
17032 <... sched_yield resumed> )       = 0
17031 <... write resumed> )             = 28678
17033 futex(0x21ee6a0, FUTEX_WAKE, 1 <unfinished ...>
17032 futex(0x21ee6a0, FUTEX_WAKE, 1 <unfinished ...>
17031 write(6, "\r\n", 2 <unfinished ...>
17033 <... futex resumed> )             = 0
17032 <... futex resumed> )             = 0
17031 <... write resumed> )             = 2
17033 epoll_wait(5,  <unfinished ...>
17032 clock_gettime(CLOCK_MONOTONIC,  <unfinished ...>
17031 futex(0xc8200f6590, FUTEX_WAKE, 1 <unfinished ...>
17035 <... futex resumed> )             = 0
17033 <... epoll_wait resumed> {{EPOLLOUT, {u32=2134024192, u64=140606478393344}}}, 128, -1) = 1
17032 <... clock_gettime resumed> {4903, 436397957}) = 0
17031 <... futex resumed> )             = 1
17035 select(0, NULL, NULL, NULL, {0, 100} <unfinished ...>
17033 epoll_wait(5,  <unfinished ...>
17032 clock_gettime(CLOCK_REALTIME,  <unfinished ...>
17031 write(6, "8000\r\n\22H\217,\320\215z\1E\231y%i\32J\252\305@\31\220!\232\\\234\265:"..., 4096 <unfinished ...>
17032 <... clock_gettime resumed> {1465918769, 220457160}) = 0
17031 <... write resumed> )             = 4096
17032 select(0, NULL, NULL, NULL, {0, 20} <unfinished ...>
17031 write(6, "\327,\346\251\257\276\376O\372Q\27\252\273\363\232\230\235ynd\310\6\250\246\334\374\322<\260\301Q\231"..., 28678) = 28678
17031 write(6, "\r\n", 2)               = 2
17031 read(7, "\267\241[q\363.\305\231\254\254:\n\311\271)\223\r\271d6\347\253\37c\7\0\232\237\n\n\352\3"..., 32768) = 32768
17031 write(6, "8000\r\n\27Y\220\365\0262\313\343\201[\313\301\335A\16G\336\216\r\353\3331\225\347d\371"..., 4096 <unfinished ...>
17035 <... select resumed> )            = 0 (Timeout)
17032 <... select resumed> )            = 0 (Timeout)
17031 <... write resumed> )             = 4096
17035 read(7,  <unfinished ...>
17032 clock_gettime(CLOCK_MONOTONIC,  <unfinished ...>
17031 write(6, "\242}F'O\312b\201$\32h\300\31\302\315\231\250\312\r\243\250M\306M&\201\327\30\26\35\316\10"..., 28678 <unfinished ...>
17035 <... read resumed> "\314\376&`%\311\371)\251\351\211y\351\305%\211\fk\336\267k\311\257}z\343\324\3566\2718\267"..., 32768) = 32768
17032 <... clock_gettime resumed> {4903, 436628655}) = 0
17031 <... write resumed> )             = 28678
17035 futex(0xc8200f6590, FUTEX_WAIT, 0, NULL <unfinished ...>
17032 clock_gettime(CLOCK_REALTIME,  <unfinished ...>
17031 write(6, "\r\n", 2 <unfinished ...>
17032 <... clock_gettime resumed> {1465918769, 220670120}) = 0
17031 <... write resumed> )             = 2
17032 select(0, NULL, NULL, NULL, {0, 20} <unfinished ...>
17031 futex(0xc8200f6590, FUTEX_WAKE, 1 <unfinished ...>
17035 <... futex resumed> )             = 0
17031 <... futex resumed> )             = 1
17035 select(0, NULL, NULL, NULL, {0, 100} <unfinished ...>
17031 write(6, "8000\r\n\271\337\223o|\342~\325\373*\306\\\265q\f\f\332\"O\354\344\346d\376\266\200"..., 4096) = 4096
17031 write(6, "\1A\0\276\377\3731\373+\220\224\261\276S\1\263Q\2\274\10\223\243\v\335\263+\20e\1\6br"..., 28678) = 28678
17031 write(6, "\r\n", 2 <unfinished ...>
17032 <... select resumed> )            = 0 (Timeout)
17032 clock_gettime(CLOCK_MONOTONIC,  <unfinished ...>
17031 <... write resumed> )             = 2
17032 <... clock_gettime resumed> {4903, 436808002}) = 0
17031 read(7,  <unfinished ...>
17032 clock_gettime(CLOCK_REALTIME,  <unfinished ...>
17031 <... read resumed> "\31\2\375\202\16\305\341\2\205zx\234\273\"xEp\203\1\223H\7\243\352\224C\312\241?\217ID"..., 32768) = 32768
17032 <... clock_gettime resumed> {1465918769, 220854299}) = 0
17031 write(6, "8000\r\nZ=:\2675B\367\271.\2717\271\223UO\204\3470\227\356\314\323\6[K\364"..., 4096 <unfinished ...>
17035 <... select resumed> )            = 0 (Timeout)
17032 select(0, NULL, NULL, NULL, {0, 20} <unfinished ...>
17031 <... write resumed> )             = 4096
17035 read(7,  <unfinished ...>
17031 write(6, "~\256~J~rvj\221~NfRr~^Ibf\36\220\3d\245e\246\27+qirq"..., 28678 <unfinished ...>
17035 <... read resumed> "8g\v(C\262\21&7\224\251\210h\231\366)a\226Xc\20\26\320df\n\16\273B\264L\262"..., 32768) = 32768
17031 <... write resumed> )             = 28678
17035 futex(0xc8200f6590, FUTEX_WAIT, 0, NULL <unfinished ...>
17031 write(6, "\r\n", 2)               = 2
17032 <... select resumed> )            = 0 (Timeout)
17031 futex(0xc8200f6590, FUTEX_WAKE, 1 <unfinished ...>
17035 <... futex resumed> )             = 0
17032 clock_gettime(CLOCK_MONOTONIC,  <unfinished ...>
17031 <... futex resumed> )             = 1
17035 select(0, NULL, NULL, NULL, {0, 100} <unfinished ...>
17032 <... clock_gettime resumed> {4903, 437037512}) = 0
17031 write(6, "8000\r\n\2\275\1\245`\301\312\242G\252\245*\2\366\2-\265j)P\20\334\243\200\\*"..., 4096 <unfinished ...>
17032 clock_gettime(CLOCK_REALTIME,  <unfinished ...>
17031 <... write resumed> )             = 4096
17032 <... clock_gettime resumed> {1465918769, 221068008}) = 0
17031 write(6, "\2473\350]\350\274\257\371}\367\r\315\257\7\276+~\225\330\253\362\351\334!\0\234\24.\201\247\2x"..., 28678 <unfinished ...>
17032 select(0, NULL, NULL, NULL, {0, 20} <unfinished ...>
17031 <... write resumed> )             = 28678
17031 write(6, "\r\n", 2)               = 2
17031 read(7, "\273\257\266\26Z\345I\334h+A.\261.e\234\3620\204\306=\17\344\223-\204B\365z6\210\24"..., 32768) = 32768
17031 write(6, "8000\r\n\30M\240\333\222_\3136\213U\276\303\353\264\350\30 9\351\20\264X\222\227\267\246"..., 4096) = 4096
17031 write(6, "K\241)\27\254\215\"^7\262\325$\216F\343\262\326c\370'\25\376m\250\276\233\224\274b\370\200\v"..., 28678 <unfinished ...>
17035 <... select resumed> )            = 0 (Timeout)
17032 <... select resumed> )            = 0 (Timeout)
17035 read(7,  <unfinished ...>
17032 clock_gettime(CLOCK_MONOTONIC,  <unfinished ...>
17031 <... write resumed> )             = 28678
17035 <... read resumed> "\355j\n\344\16}\341vm\241U%\255\211B\31\364\213yy\350M\35}\321\332\343+\372b\f\27"..., 32768) = 32768
17032 <... clock_gettime resumed> {4903, 437236977}) = 0
17031 write(6, "\r\n", 2 <unfinished ...>
17035 futex(0xc8200f6590, FUTEX_WAIT, 0, NULL <unfinished ...>
17032 clock_gettime(CLOCK_REALTIME,  <unfinished ...>
17031 <... write resumed> )             = 2
17032 <... clock_gettime resumed> {1465918769, 221269467}) = 0
17031 futex(0xc8200f6590, FUTEX_WAKE, 1 <unfinished ...>
17035 <... futex resumed> )             = 0
17032 select(0, NULL, NULL, NULL, {0, 20} <unfinished ...>
17031 <... futex resumed> )             = 1
17035 select(0, NULL, NULL, NULL, {0, 100} <unfinished ...>
17031 ioctl(0, TIOCGWINSZ, {ws_row=35, ws_col=112, ws_xpixel=0, ws_ypixel=0}) = 0
17031 ioctl(0, TIOCGWINSZ, {ws_row=35, ws_col=112, ws_xpixel=0, ws_ypixel=0}) = 0
17031 write(1, "Sending build context to Docker "..., 48) = 48
17032 <... select resumed> )            = 0 (Timeout)
17031 write(6, "8000\r\n\232\230\207\36\272\352\220\321s\236i\0024\34\312-F@\365\240\0\6\202\21NS"..., 4096 <unfinished ...>
17032 clock_gettime(CLOCK_MONOTONIC,  <unfinished ...>
17031 <... write resumed> )             = 4096
17032 <... clock_gettime resumed> {4903, 437419302}) = 0
17031 write(6, "\262\25\230\363\361\325\371\252\25%\275\270jh(\260R3^\362^A\212\270 \5m\3510\240\37\235"..., 28678 <unfinished ...>
17032 clock_gettime(CLOCK_REALTIME,  <unfinished ...>
17031 <... write resumed> )             = 28678
17032 <... clock_gettime resumed> {1465918769, 221440542}) = 0
17031 write(6, "\r\n", 2 <unfinished ...>
17032 select(0, NULL, NULL, NULL, {0, 20} <unfinished ...>
17031 <... write resumed> )             = 2
17035 <... select resumed> )            = 0 (Timeout)
17031 read(7,  <unfinished ...>
17035 futex(0xc8200f6590, FUTEX_WAIT, 0, NULL <unfinished ...>
17031 <... read resumed> "2\212%\201\307\245\373y\177Q\277\364vs\376\375D\337\223M\325.Vms\237\244\34%\20\221Z"..., 32768) = 32768
17031 futex(0xc8200f6590, FUTEX_WAKE, 1 <unfinished ...>
17035 <... futex resumed> )             = 0
17031 <... futex resumed> )             = 1
17035 select(0, NULL, NULL, NULL, {0, 100} <unfinished ...>
17032 <... select resumed> )            = 0 (Timeout)
17031 write(6, "8000\r\n(\343\r\244\0o\315AG\251(W\265\225\212-\325>R\236+u\322\336\347j"..., 4096 <unfinished ...>
17032 clock_gettime(CLOCK_MONOTONIC,  <unfinished ...>
17031 <... write resumed> )             = 4096
17032 <... clock_gettime resumed> {4903, 437589189}) = 0
17031 write(6, "\n@\rQ\2j\313/\6\221 \3232\363\3227fi1o\236\312|\207\21\0\242.)\210ot"..., 28678 <unfinished ...>
17032 clock_gettime(CLOCK_REALTIME,  <unfinished ...>
17031 <... write resumed> )             = 28678
17032 <... clock_gettime resumed> {1465918769, 221610927}) = 0
17031 write(6, "\r\n", 2 <unfinished ...>
17032 select(0, NULL, NULL, NULL, {0, 20} <unfinished ...>
17031 <... write resumed> )             = 2
17031 read(7, "W\210\223`7\r4M\32J\343t\274I\232]\343\254C\5\225\10\nMq\322\326%\211M\235\n"..., 32768) = 32768
17031 write(6, "8000\r\n8w\207\203\325&<\32\335h1|\366\256\311\353GR\227qTrQC\301\254"..., 4096) = 4096
17031 write(6, " \214\23w\352@\355\346\233+\20\274v\270\341Z\320\352\21\260%n\226\277\256\26\227\220\344J\352\315"..., 28678) = 28678
17035 <... select resumed> )            = 0 (Timeout)
17032 <... select resumed> )            = 0 (Timeout)
17035 select(0, NULL, NULL, NULL, {0, 100} <unfinished ...>
17032 clock_gettime(CLOCK_MONOTONIC,  <unfinished ...>
17031 write(6, "\r\n", 2 <unfinished ...>
17032 <... clock_gettime resumed> {4903, 437755368}) = 0
17031 <... write resumed> )             = 2
17032 clock_gettime(CLOCK_REALTIME,  <unfinished ...>
17031 read(7,  <unfinished ...>
17032 <... clock_gettime resumed> {1465918769, 221777366}) = 0
17031 <... read resumed> "\321/\276\241\227\233\251\226\v\0\24f\0032\356\1\235\177x\234\373\310\370\221qB\202\310\371\376\220\276"..., 32768) = 32768
17032 select(0, NULL, NULL, NULL, {0, 20} <unfinished ...>
17031 write(6, "8000\r\n\365\223\262\252\272\215\247W\37\26\177:\376\371\364\362\335\342\364\344\374jq\272\270\274"..., 4096) = 4096
17031 write(6, "\315\240~\304\320\0\345&n\20u\10S\227a'r\v\264EI\320\354xd\260A]\333Zyc"..., 28678) = 28678
17031 write(6, "\r\n", 2)               = 2
17031 read(7,  <unfinished ...>
17035 <... select resumed> )            = 0 (Timeout)
17032 <... select resumed> )            = 0 (Timeout)
17031 <... read resumed> "D\260\270\226[8\326\355\333\365\24\252\246\270$\261\244\30\244\246Y\341\337\225\337\374\263\362\252\334\vy"..., 32768) = 32768
17035 futex(0xc8200f6590, FUTEX_WAIT, 0, NULL <unfinished ...>
17032 clock_gettime(CLOCK_MONOTONIC,  <unfinished ...>
17031 futex(0xc8200f6590, FUTEX_WAKE, 1 <unfinished ...>
17035 <... futex resumed> )             = -1 EAGAIN (Resource temporarily unavailable)
17032 <... clock_gettime resumed> {4903, 437937272}) = 0
17031 <... futex resumed> )             = 0
17035 select(0, NULL, NULL, NULL, {0, 100} <unfinished ...>
17032 clock_gettime(CLOCK_REALTIME,  <unfinished ...>
17031 write(6, "8000\r\n\301j\362?\26qf\316\314\264\311\33\331\f&K\262\235VH\317W\310H\314K"..., 4096 <unfinished ...>
17032 <... clock_gettime resumed> {1465918769, 221970492}) = 0
17031 <... write resumed> )             = 4096
17032 select(0, NULL, NULL, NULL, {0, 20} <unfinished ...>
17031 write(6, "\324+\vN\212\33G\333\220Ie\221\352\252v\16\350yS\326\r\221au:&\266Hy\263i\23"..., 28678) = 28678
17031 write(6, "\r\n", 2)               = 2
17031 read(7, "\347\360\252N>\301\241=Y\237SR\22\252\305\261(\275X\7\246\37\250EGar5\217\342\344J"..., 32768) = 32768
17031 write(6, "8000\r\n!2W\213)\23\231;\231\251\224\23\316\235\314\316\\\216,Y\307\334\216$\311\302"..., 4096 <unfinished ...>
17035 <... select resumed> )            = 0 (Timeout)
17032 <... select resumed> )            = 0 (Timeout)
17031 <... write resumed> )             = 4096
17035 select(0, NULL, NULL, NULL, {0, 100} <unfinished ...>
17032 clock_gettime(CLOCK_MONOTONIC,  <unfinished ...>
17031 write(6, "+\300ABVq~\236\225Rry\212N~nfIjnAI\245R\2\27ghqj\21n"..., 28678 <unfinished ...>
17032 <... clock_gettime resumed> {4903, 438135815}) = 0
17031 <... write resumed> )             = 28678
17032 clock_gettime(CLOCK_REALTIME,  <unfinished ...>
17031 write(6, "\r\n", 2 <unfinished ...>
17032 <... clock_gettime resumed> {1465918769, 222157645}) = 0
17031 <... write resumed> )             = 2
17032 select(0, NULL, NULL, NULL, {0, 20} <unfinished ...>
17031 read(7, "A\320yYE!\1J\304\214|\312\273\275\210!/R>\320R\227e\214$\230\273)7\232\266\205"..., 32768) = 32768
17031 write(6, "8000\r\n\342\f\26r\314\311\311/\237\274Wj?\\\205\37\222\332\17\322ALh\266\265\312"..., 4096) = 4096
17031 write(6, "\0\223\377\366\r\366\r\260\376\3\24U^\223\270MC\243\345\232\356\336\22W\235\262Z\275\203\355T\223"..., 28678) = -1 EAGAIN (Resource temporarily unavailable)
17031 read(7,  <unfinished ...>
17035 <... select resumed> )            = 0 (Timeout)
17032 <... select resumed> )            = 0 (Timeout)
17031 <... read resumed> "Eg\217\363|\361]\370\216\275r\342\235(!:Y$P\223(\2\243TG:A\355\4\221\243a"..., 32768) = 32768
17035 futex(0xc8200f6590, FUTEX_WAIT, 0, NULL <unfinished ...>
17032 clock_gettime(CLOCK_MONOTONIC,  <unfinished ...>
17031 futex(0x21ef2b0, FUTEX_WAIT, 0, NULL <unfinished ...>
17032 <... clock_gettime resumed> {4903, 438311010}) = 0
17032 clock_gettime(CLOCK_REALTIME, {1465918769, 222323156}) = 0
17032 select(0, NULL, NULL, NULL, {0, 20}) = 0 (Timeout)
17032 clock_gettime(CLOCK_MONOTONIC, {4903, 438443316}) = 0
17032 futex(0x21ee760, FUTEX_WAIT, 0, {60, 0} <unfinished ...>
17033 <... epoll_wait resumed> {{EPOLLOUT, {u32=2134024192, u64=140606478393344}}}, 128, -1) = 1
17033 clock_gettime(CLOCK_MONOTONIC, {4903, 439270058}) = 0
17033 futex(0x21ef2b0, FUTEX_WAKE, 1)   = 1
17031 <... futex resumed> )             = 0
17033 futex(0x21ee760, FUTEX_WAKE, 1 <unfinished ...>
17031 epoll_wait(5,  <unfinished ...>
17033 <... futex resumed> )             = 1
17032 <... futex resumed> )             = 0
17031 <... epoll_wait resumed> {}, 128, 0) = 0
17033 write(6, "\0\223\377\366\r\366\r\260\376\3\24U^\223\270MC\243\345\232\356\336\22W\235\262Z\275\203\355T\223"..., 28678 <unfinished ...>
17032 clock_gettime(CLOCK_MONOTONIC,  <unfinished ...>
17031 epoll_wait(5,  <unfinished ...>
17033 <... write resumed> )             = 28678
17032 <... clock_gettime resumed> {4903, 439355800}) = 0
17033 write(6, "\r\n", 2 <unfinished ...>
17032 clock_gettime(CLOCK_REALTIME,  <unfinished ...>
17033 <... write resumed> )             = 2
17032 <... clock_gettime resumed> {1465918769, 223380708}) = 0
17033 futex(0xc8200f6590, FUTEX_WAKE, 1 <unfinished ...>
17032 select(0, NULL, NULL, NULL, {0, 20} <unfinished ...>
17035 <... futex resumed> )             = 0
17033 <... futex resumed> )             = 1
17035 select(0, NULL, NULL, NULL, {0, 100} <unfinished ...>
17033 write(6, "8000\r\n\27\37\353&/`1\24\261t\254-\230\267,\321\374\331\354\360\2379\333\223\272\365"..., 4096 <unfinished ...>
17031 <... epoll_wait resumed> {{EPOLLOUT, {u32=2134024192, u64=140606478393344}}}, 128, -1) = 1
17033 <... write resumed> )             = 4096
17031 epoll_wait(5,  <unfinished ...>
17033 write(6, "0\356\325q\263\366\275B\2761\277\227\250\330h\261H\5\1\1\"\17\346\357\30\206\240.x\234e\220"..., 28678) = 28678
17032 <... select resumed> )            = 0 (Timeout)
17033 write(6, "\r\n", 2 <unfinished ...>
17032 clock_gettime(CLOCK_MONOTONIC,  <unfinished ...>
17033 <... write resumed> )             = 2
17032 <... clock_gettime resumed> {4903, 439533696}) = 0
17033 read(7,  <unfinished ...>
17032 clock_gettime(CLOCK_REALTIME,  <unfinished ...>
17033 <... read resumed> "\335\350\1\225\265;x\234;\314v\216uC##wbn\212\231\211\222\225\202\261\201\305fF&'"..., 32768) = 32768
17032 <... clock_gettime resumed> {1465918769, 223560043}) = 0
17033 write(6, "8000\r\nAf\212BqIQf^\272&\304\25 \203\240Z\312\2132KRA\366@\325"..., 4096 <unfinished ...>
17032 select(0, NULL, NULL, NULL, {0, 20} <unfinished ...>
17035 <... select resumed> )            = 0 (Timeout)
17033 <... write resumed> )             = 4096
17035 read(7,  <unfinished ...>
17033 write(6, "\337Df\0N\356\7;m\215\325\32x\234\353\346\331\3056!\223Qs\263\6\343\5&\0\36\377\4"..., 28678 <unfinished ...>
17035 <... read resumed> "j%<C\210\10\310\373\350\217qa\321w\252$\352\\\264\22%\\U\210\222\\7\272\270\340OE"..., 32768) = 32768
17033 <... write resumed> )             = 28678
17035 futex(0xc8200f6590, FUTEX_WAIT, 0, NULL <unfinished ...>
17033 write(6, "\r\n", 2)               = 2
17032 <... select resumed> )            = 0 (Timeout)
17033 futex(0xc8200f6590, FUTEX_WAKE, 1 <unfinished ...>
17032 clock_gettime(CLOCK_MONOTONIC,  <unfinished ...>
17035 <... futex resumed> )             = 0
17033 <... futex resumed> )             = 1
17032 <... clock_gettime resumed> {4903, 439725189}) = 0
17035 select(0, NULL, NULL, NULL, {0, 100} <unfinished ...>
17033 write(6, "8000\r\n\266\271\350z,\315)g\202\372\267\240(\37\350\214b\220\177=\246\245-moq"..., 4096 <unfinished ...>
17032 clock_gettime(CLOCK_REALTIME,  <unfinished ...>
17033 <... write resumed> )             = 4096
17032 <... clock_gettime resumed> {1465918769, 223760020}) = 0
17033 write(6, "\253\354\235\243\325\2030\364\322b\272\333\315\223e\331\212\306\232\273q\345\373R\237\346-\r\276,\362\337"..., 28678 <unfinished ...>
17032 select(0, NULL, NULL, NULL, {0, 20} <unfinished ...>
17033 <... write resumed> )             = 28678
17033 write(6, "\r\n", 2)               = 2
17033 read(7, ",\357C\307g\251\24\226r\301z\211m\220O\340\311\310\234\35\312\266\222\20\207C\231\4\263k\251\37"..., 32768) = 32768
17035 <... select resumed> )            = 0 (Timeout)
17033 write(6, "8000\r\nS\235|^\202ms6G)\267\220\206V^jIy~Q\266\236\37\204\326\334"..., 4096 <unfinished ...>
17032 <... select resumed> )            = 0 (Timeout)
17035 read(7,  <unfinished ...>
17033 <... write resumed> )             = 4096
17032 clock_gettime(CLOCK_MONOTONIC,  <unfinished ...>
17035 <... read resumed> "\2x\234340031Q\310M\314\314\323K\317g\330j\24\353\2609e\326tW\36\276i\33"..., 32768) = 32768
17033 write(6, "\326\rM\203 ;\257\347\3\2315x\234\0017\0\310\377\222\4\222\4\2204\24\v]O^\317\316\237"..., 28678 <unfinished ...>
17032 <... clock_gettime resumed> {4903, 439933636}) = 0
17035 futex(0xc8200f6590, FUTEX_WAIT, 0, NULL <unfinished ...>
17033 <... write resumed> )             = 28678
17032 clock_gettime(CLOCK_REALTIME,  <unfinished ...>
17033 write(6, "\r\n", 2 <unfinished ...>
17032 <... clock_gettime resumed> {1465918769, 223970698}) = 0
17033 <... write resumed> )             = 2
17032 select(0, NULL, NULL, NULL, {0, 20} <unfinished ...>
17033 futex(0xc8200f6590, FUTEX_WAKE, 1 <unfinished ...>
17035 <... futex resumed> )             = 0
17033 <... futex resumed> )             = 1
17035 select(0, NULL, NULL, NULL, {0, 100} <unfinished ...>
17033 write(6, "8000\r\n-(\326\v\315KIM\313\314KMQ\250\236\354\315\230\264\371)\323E&\0j"..., 4096) = 4096
17033 write(6, "O\264\34\276K\"\337\367}\26\362\26\224 \5\302\201iT\250\33\245\327B\372\226\342\2549\2048\355"..., 28678) = 28678
17033 write(6, "\r\n", 2 <unfinished ...>
17032 <... select resumed> )            = 0 (Timeout)
17033 <... write resumed> )             = 2
17032 clock_gettime(CLOCK_MONOTONIC,  <unfinished ...>
17033 read(7,  <unfinished ...>
17032 <... clock_gettime resumed> {4903, 440129505}) = 0
17033 <... read resumed> "\26\373\246&l\177\274\301\n\323\360\315r\206\250\312\342S2\213\23\223rRS@\352\313C\354\274\332"..., 32768) = 32768
17032 clock_gettime(CLOCK_REALTIME,  <unfinished ...>
17033 write(6, "8000\r\n:\337\315E\351\216\232\242\343d\3\306\277\0\303\1\fJ\343\4\200\207Yx\234\1"..., 4096 <unfinished ...>
17032 <... clock_gettime resumed> {1465918769, 224157425}) = 0
17033 <... write resumed> )             = 4096
17032 select(0, NULL, NULL, NULL, {0, 20} <unfinished ...>
17033 write(6, "\231'\214i2;\277\226!\232\0010\200j\20\262\366\315f\374\312\214\223\17\363jM\266\26\374\16\0"..., 28678 <unfinished ...>
17035 <... select resumed> )            = 0 (Timeout)
17033 <... write resumed> )             = 28678
17035 read(7,  <unfinished ...>
17033 write(6, "\r\n", 2 <unfinished ...>
17035 <... read resumed> "\367\201\370\323\2529+\240j\362\212\343s2\363J+@\312\"\326\253T\366[\376\252l\337\"\221\334"..., 32768) = 32768
17033 <... write resumed> )             = 2
17035 futex(0xc8200f6590, FUTEX_WAIT, 0, NULL <unfinished ...>
17033 futex(0xc8200f6590, FUTEX_WAKE, 1 <unfinished ...>
17032 <... select resumed> )            = 0 (Timeout)
17035 <... futex resumed> )             = -1 EAGAIN (Resource temporarily unavailable)
17033 <... futex resumed> )             = 0
17032 clock_gettime(CLOCK_MONOTONIC,  <unfinished ...>
17035 select(0, NULL, NULL, NULL, {0, 100} <unfinished ...>
17033 write(6, "8000\r\n\365\326nk\205\32\243\205\332\217\274\245\322m\347\371\252\332\30\236\27W\\\236\327O"..., 4096 <unfinished ...>
17032 <... clock_gettime resumed> {4903, 440313801}) = 0
17033 <... write resumed> )             = 4096
17032 clock_gettime(CLOCK_REALTIME,  <unfinished ...>
17033 write(6, "\336*y100644 container.go\0\24\264\266]\267\343\356\220\233"..., 28678 <unfinished ...>
17032 <... clock_gettime resumed> {1465918769, 224341168}) = 0
17033 <... write resumed> )             = 28678
17032 select(0, NULL, NULL, NULL, {0, 20} <unfinished ...>
17033 write(6, "\r\n", 2)               = 2
17033 read(7, "|ar\250w}Do\243\1\221\365\27\3624g\n\224\0\275\23j\3503\210B\16\222\345\231Q\t"..., 32768) = 32768
17033 write(6, "8000\r\n\371\5\251E\n@A\205\342\324\222\322\2\205\314\274\342\314\224T\205\222\214T\205\274"..., 4096) = 4096
17033 write(6, "\253\276cj\33q\340\274\262\342\350B\301\\u\264<{\236\3\252\261\255+\26r\307\255\256\6C\350"..., 28678 <unfinished ...>
17035 <... select resumed> )            = 0 (Timeout)
17032 <... select resumed> )            = 0 (Timeout)
17035 read(7,  <unfinished ...>
17033 <... write resumed> )             = 28678
17032 clock_gettime(CLOCK_MONOTONIC,  <unfinished ...>
17035 <... read resumed> "8\321i\234'\376\203N\322\312\347)\235Y\347\234\322\254^\340\364\36\2751\260\305\211\316\32181\372"..., 32768) = 32768
17033 write(6, "\r\n", 2 <unfinished ...>
17032 <... clock_gettime resumed> {4903, 440510691}) = 0
17035 futex(0xc8200f6590, FUTEX_WAIT, 0, NULL <unfinished ...>
17033 <... write resumed> )             = 2
17032 clock_gettime(CLOCK_REALTIME,  <unfinished ...>
17033 futex(0xc8200f6590, FUTEX_WAKE, 1 <unfinished ...>
17032 <... clock_gettime resumed> {1465918769, 224545645}) = 0
17035 <... futex resumed> )             = 0
17033 <... futex resumed> )             = 1
17032 select(0, NULL, NULL, NULL, {0, 20} <unfinished ...>
17035 select(0, NULL, NULL, NULL, {0, 100} <unfinished ...>
17033 write(6, "8000\r\n\224\345\244%BX\231\202\245^\305\235\313\204l.\271*\36;u\276N\227\363\301"..., 4096) = 4096
17033 write(6, "\353\376\245\271\0`~\340\216\341\1S\270U\3\206\205\5\261\265\333#pp\331\0\220\363\352KH\232"..., 28678) = 28678
17033 write(6, "\r\n", 2)               = 2
17033 read(7, "\372\373\355\270M5\240\241iK`5\237\310\301b\177Y>\206\326Hn\373\vC\1?\30\3411\253"..., 32768) = 18196
17032 <... select resumed> )            = 0 (Timeout)
17033 read(7,  <unfinished ...>
17032 clock_gettime(CLOCK_MONOTONIC,  <unfinished ...>
17033 <... read resumed> "", 14572)     = 0
17032 <... clock_gettime resumed> {4903, 440692557}) = 0
17033 close(7 <unfinished ...>
17032 clock_gettime(CLOCK_REALTIME,  <unfinished ...>
17033 <... close resumed> )             = 0
17032 <... clock_gettime resumed> {1465918769, 224711630}) = 0
17033 write(6, "8000\r\n\217;\n\244\21\17|\260M\21\265\331~\246\216\232\2446\245\324\235\361\273.\233\375"..., 4096 <unfinished ...>
17032 select(0, NULL, NULL, NULL, {0, 20} <unfinished ...>
17035 <... select resumed> )            = 0 (Timeout)
17033 <... write resumed> )             = 4096
17035 lstat("/home/hmeng/go/src/github.com/opencontainers/runc/.git/objects/pack/pack-79323b7e740fa0c9a9e920e9c53ab1aa798045fe.idx",  <unfinished ...>
17033 write(6, "B\213\253\267O\322\315\23\366\311\25\2676E\1r\261\373'\267F\207;\346\252\17\357[\346-x\332"..., 28678 <unfinished ...>
17035 <... lstat resumed> {st_mode=S_IFREG|0444, st_size=4992, ...}) = 0
17033 <... write resumed> )             = 28678
17035 lstat("/home/hmeng/go/src/github.com/opencontainers/runc/.git/objects/pack/pack-79323b7e740fa0c9a9e920e9c53ab1aa798045fe.idx",  <unfinished ...>
17033 write(6, "\r\n", 2 <unfinished ...>
17032 <... select resumed> )            = 0 (Timeout)
17035 <... lstat resumed> {st_mode=S_IFREG|0444, st_size=4992, ...}) = 0
17033 <... write resumed> )             = 2
17032 clock_gettime(CLOCK_MONOTONIC,  <unfinished ...>
17035 lgetxattr("/home/hmeng/go/src/github.com/opencontainers/runc/.git/objects/pack/pack-79323b7e740fa0c9a9e920e9c53ab1aa798045fe.idx", "security.capability" <unfinished ...>
17033 futex(0xc82002ea10, FUTEX_WAIT, 0, NULL <unfinished ...>
17032 <... clock_gettime resumed> {4903, 440902776}) = 0
17035 <... lgetxattr resumed> , 0xc820213e00, 128) = -1 ENODATA (No data available)
17032 clock_gettime(CLOCK_REALTIME,  <unfinished ...>
17035 openat(AT_FDCWD, "/home/hmeng/go/src/github.com/opencontainers/runc/.git/objects/pack/pack-79323b7e740fa0c9a9e920e9c53ab1aa798045fe.idx", O_RDONLY|O_CLOEXEC <unfinished ...>
17032 <... clock_gettime resumed> {1465918769, 224941094}) = 0
17035 <... openat resumed> )            = 7
17032 select(0, NULL, NULL, NULL, {0, 20} <unfinished ...>
17035 read(7, "\377tOc\0\0\0\2\0\0\0\1\0\0\0\2\0\0\0\4\0\0\0\4\0\0\0\5\0\0\0\6"..., 32768) = 4992
17035 read(7, "", 27776)                = 0
17035 close(7)                          = 0
17035 lstat("/home/hmeng/go/src/github.com/opencontainers/runc/.git/objects/pack/pack-79323b7e740fa0c9a9e920e9c53ab1aa798045fe.pack", {st_mode=S_IFREG|0444, st_size=117731, ...}) = 0
17032 <... select resumed> )            = 0 (Timeout)
17035 lstat("/home/hmeng/go/src/github.com/opencontainers/runc/.git/objects/pack/pack-79323b7e740fa0c9a9e920e9c53ab1aa798045fe.pack",  <unfinished ...>
17032 clock_gettime(CLOCK_MONOTONIC,  <unfinished ...>
17035 <... lstat resumed> {st_mode=S_IFREG|0444, st_size=117731, ...}) = 0
17032 <... clock_gettime resumed> {4903, 441096079}) = 0
17035 lgetxattr("/home/hmeng/go/src/github.com/opencontainers/runc/.git/objects/pack/pack-79323b7e740fa0c9a9e920e9c53ab1aa798045fe.pack", "security.capability" <unfinished ...>
17032 clock_gettime(CLOCK_REALTIME,  <unfinished ...>
17035 <... lgetxattr resumed> , 0xc820170180, 128) = -1 ENODATA (No data available)
17032 <... clock_gettime resumed> {1465918769, 225116083}) = 0
17035 openat(AT_FDCWD, "/home/hmeng/go/src/github.com/opencontainers/runc/.git/objects/pack/pack-79323b7e740fa0c9a9e920e9c53ab1aa798045fe.pack", O_RDONLY|O_CLOEXEC <unfinished ...>
17032 select(0, NULL, NULL, NULL, {0, 20} <unfinished ...>
17035 <... openat resumed> )            = 7
17035 read(7, "PACK\0\0\0\2\0\0\0\214\230\24x\234u\213\273N\3040\24D\373|\305\225hy\370u"..., 32768) = 32768
17035 futex(0xc82002ea10, FUTEX_WAKE, 1) = 1
17033 <... futex resumed> )             = 0
17035 ioctl(0, TIOCGWINSZ <unfinished ...>
17033 select(0, NULL, NULL, NULL, {0, 100} <unfinished ...>
17035 <... ioctl resumed> , {ws_row=35, ws_col=112, ws_xpixel=0, ws_ypixel=0}) = 0
17032 <... select resumed> )            = 0 (Timeout)
17035 ioctl(0, TIOCGWINSZ <unfinished ...>
17032 clock_gettime(CLOCK_MONOTONIC,  <unfinished ...>
17035 <... ioctl resumed> , {ws_row=35, ws_col=112, ws_xpixel=0, ws_ypixel=0}) = 0
17032 <... clock_gettime resumed> {4903, 441270526}) = 0
17035 write(1, "Sending build context to Docker "..., 48 <unfinished ...>
17032 clock_gettime(CLOCK_REALTIME,  <unfinished ...>
17035 <... write resumed> )             = 48
17032 <... clock_gettime resumed> {1465918769, 225298141}) = 0
17035 write(6, "8000\r\n\265XU\336\6S\302\324z\10\10d\1\235xx\334\301\270\213\312c\214\336\23\205"..., 4096 <unfinished ...>
17032 select(0, NULL, NULL, NULL, {0, 20} <unfinished ...>
17035 <... write resumed> )             = 4096
17035 write(6, "\270\305\352\373Q\337\327.\340QC5\304\\\203=\332x\273\365\311\367\267\334eR\rI\255c\362D"..., 28678) = 28678
17035 write(6, "\r\n", 2)               = 2
17035 read(7,  <unfinished ...>
17033 <... select resumed> )            = 0 (Timeout)
17032 <... select resumed> )            = 0 (Timeout)
17035 <... read resumed> "\342iac2\333\20b\310J\235isqF\204\7\"r\\\206\216\344\200x,\245\21N?\361\264"..., 32768) = 32768
17033 futex(0xc82002ea10, FUTEX_WAIT, 0, NULL <unfinished ...>
17032 clock_gettime(CLOCK_MONOTONIC,  <unfinished ...>
17035 futex(0xc82002ea10, FUTEX_WAKE, 1 <unfinished ...>
17033 <... futex resumed> )             = -1 EAGAIN (Resource temporarily unavailable)
17032 <... clock_gettime resumed> {4903, 441438761}) = 0
17035 <... futex resumed> )             = 0
17033 select(0, NULL, NULL, NULL, {0, 100} <unfinished ...>
17032 clock_gettime(CLOCK_REALTIME,  <unfinished ...>
17035 write(6, "8000\r\n\321\5\341\224_\0\323\251u\211\272\307\341\0\262\206\310}\277C\6\307G!'n"..., 4096 <unfinished ...>
17032 <... clock_gettime resumed> {1465918769, 225473094}) = 0
17035 <... write resumed> )             = 4096
17032 select(0, NULL, NULL, NULL, {0, 20} <unfinished ...>
17035 write(6, "\356\273\225*\317\2\311g\345\330\263\311\273\2026\305\200\314*\365I\305\354U2\275\315\332\223\262\177\276"..., 28678) = 28678
17035 write(6, "\r\n", 2)               = 2
17035 read(7, "\234\352\252X\226$\24\243\20O\237\372\"p\335\321\361\361\341dZ\224z;\371\207\5%36\23\36"..., 32768) = 32768
17035 write(6, "8000\r\nx\234\265Y[o\333\270\22~\216\177\5k\240\251\234u\344\356K\37|\340\3d"..., 4096) = 4096
17033 <... select resumed> )            = 0 (Timeout)
17032 <... select resumed> )            = 0 (Timeout)
17035 write(6, "sj\27\351\351\\\271\275A@Ne\272\205\336\276\343\317\327@M)-\311\314\1\233\342)\277^\243"..., 28678 <unfinished ...>
17033 select(0, NULL, NULL, NULL, {0, 100} <unfinished ...>
17032 clock_gettime(CLOCK_MONOTONIC,  <unfinished ...>
17035 <... write resumed> )             = 28678
17032 <... clock_gettime resumed> {4903, 441645481}) = 0
17035 write(6, "\r\n", 2 <unfinished ...>
17032 clock_gettime(CLOCK_REALTIME,  <unfinished ...>
17035 <... write resumed> )             = 2
17032 <... clock_gettime resumed> {1465918769, 225662897}) = 0
17035 read(7,  <unfinished ...>
17032 select(0, NULL, NULL, NULL, {0, 20} <unfinished ...>
17035 <... read resumed> "T\235\261^\211\373N\224NT\4\251\221\365#\373U}Ui\0\244\2\341\347\205\25\31\301\347\3>"..., 32768) = 19427
17035 read(7, "", 13341)                = 0
17035 close(7)                          = 0
17035 write(6, "8000\r\nCd\301\33\216\361\26\3743\351\36m\273\20%\377\337\320J\203 \363/\301b\30"..., 4096) = 4096
17035 write(6, "\272\306:\215[\206'\334\253\315\316\342\253\351@\217\17q\252\36\5\327\201\221\6\345R\315\35\232\22\361"..., 28678) = 28678
17033 <... select resumed> )            = 0 (Timeout)
17032 <... select resumed> )            = 0 (Timeout)
17035 write(6, "\r\n", 2 <unfinished ...>
17033 lstat("/home/hmeng/go/src/github.com/opencontainers/runc/.git/packed-refs",  <unfinished ...>
17032 clock_gettime(CLOCK_MONOTONIC,  <unfinished ...>
17035 <... write resumed> )             = 2
17033 <... lstat resumed> {st_mode=S_IFREG|0664, st_size=1355, ...}) = 0
17032 <... clock_gettime resumed> {4903, 441828934}) = 0
17035 futex(0xc8200f6590, FUTEX_WAIT, 0, NULL <unfinished ...>
17033 lstat("/home/hmeng/go/src/github.com/opencontainers/runc/.git/packed-refs",  <unfinished ...>
17032 clock_gettime(CLOCK_REALTIME,  <unfinished ...>
17033 <... lstat resumed> {st_mode=S_IFREG|0664, st_size=1355, ...}) = 0
17032 <... clock_gettime resumed> {1465918769, 225870069}) = 0
17033 lgetxattr("/home/hmeng/go/src/github.com/opencontainers/runc/.git/packed-refs", "security.capability" <unfinished ...>
17032 select(0, NULL, NULL, NULL, {0, 20} <unfinished ...>
17033 <... lgetxattr resumed> , 0xc820510180, 128) = -1 ENODATA (No data available)
17033 openat(AT_FDCWD, "/home/hmeng/go/src/github.com/opencontainers/runc/.git/packed-refs", O_RDONLY|O_CLOEXEC) = 7
17033 read(7, "# pack-refs with: peeled fully-p"..., 32768) = 1355
17033 read(7, "", 31413)                = 0
17033 close(7)                          = 0
17032 <... select resumed> )            = 0 (Timeout)
17033 lstat("/home/hmeng/go/src/github.com/opencontainers/runc/.git/refs",  <unfinished ...>
17032 clock_gettime(CLOCK_MONOTONIC,  <unfinished ...>
17033 <... lstat resumed> {st_mode=S_IFDIR|0775, st_size=43, ...}) = 0
17032 <... clock_gettime resumed> {4903, 442027882}) = 0
17033 lstat("/home/hmeng/go/src/github.com/opencontainers/runc/.git/refs",  <unfinished ...>
17032 clock_gettime(CLOCK_REALTIME,  <unfinished ...>
17033 <... lstat resumed> {st_mode=S_IFDIR|0775, st_size=43, ...}) = 0
17032 <... clock_gettime resumed> {1465918769, 226049082}) = 0
17033 lgetxattr("/home/hmeng/go/src/github.com/opencontainers/runc/.git/refs", "security.capability" <unfinished ...>
17032 select(0, NULL, NULL, NULL, {0, 20} <unfinished ...>
17033 <... lgetxattr resumed> , 0xc820510200, 128) = -1 ENODATA (No data available)
17033 openat(AT_FDCWD, "/home/hmeng/go/src/github.com/opencontainers/runc/.git/refs", O_RDONLY|O_CLOEXEC) = 7
17033 getdents64(7, /* 5 entries */, 4096) = 136
17033 getdents64(7, /* 0 entries */, 4096) = 0
17033 close(7 <unfinished ...>
17032 <... select resumed> )            = 0 (Timeout)
17033 <... close resumed> )             = 0
17032 clock_gettime(CLOCK_MONOTONIC,  <unfinished ...>
17033 lstat("/home/hmeng/go/src/github.com/opencontainers/runc/.git/refs/heads",  <unfinished ...>
17032 <... clock_gettime resumed> {4903, 442191957}) = 0
17033 <... lstat resumed> {st_mode=S_IFDIR|0775, st_size=29, ...}) = 0
17032 clock_gettime(CLOCK_REALTIME,  <unfinished ...>
17033 lstat("/home/hmeng/go/src/github.com/opencontainers/runc/.git/refs/heads",  <unfinished ...>
17032 <... clock_gettime resumed> {1465918769, 226216952}) = 0
17033 <... lstat resumed> {st_mode=S_IFDIR|0775, st_size=29, ...}) = 0
17032 select(0, NULL, NULL, NULL, {0, 20} <unfinished ...>
17033 lgetxattr("/home/hmeng/go/src/github.com/opencontainers/runc/.git/refs/heads", "security.capability", 0xc820510280, 128) = -1 ENODATA (No data available)
17033 openat(AT_FDCWD, "/home/hmeng/go/src/github.com/opencontainers/runc/.git/refs/heads", O_RDONLY|O_CLOEXEC) = 7
17033 getdents64(7, /* 4 entries */, 4096) = 104
17032 <... select resumed> )            = 0 (Timeout)
17033 getdents64(7,  <unfinished ...>
17032 clock_gettime(CLOCK_MONOTONIC,  <unfinished ...>
17033 <... getdents64 resumed> /* 0 entries */, 4096) = 0
17032 <... clock_gettime resumed> {4903, 442357579}) = 0
17033 close(7 <unfinished ...>
17032 clock_gettime(CLOCK_REALTIME,  <unfinished ...>
17033 <... close resumed> )             = 0
17032 <... clock_gettime resumed> {1465918769, 226371257}) = 0
17033 lstat("/home/hmeng/go/src/github.com/opencontainers/runc/.git/refs/heads/901",  <unfinished ...>
17032 select(0, NULL, NULL, NULL, {0, 20} <unfinished ...>
17033 <... lstat resumed> {st_mode=S_IFREG|0664, st_size=41, ...}) = 0
17033 lstat("/home/hmeng/go/src/github.com/opencontainers/runc/.git/refs/heads/901", {st_mode=S_IFREG|0664, st_size=41, ...}) = 0
17033 lgetxattr("/home/hmeng/go/src/github.com/opencontainers/runc/.git/refs/heads/901", "security.capability", 0xc820510300, 128) = -1 ENODATA (No data available)
17033 openat(AT_FDCWD, "/home/hmeng/go/src/github.com/opencontainers/runc/.git/refs/heads/901", O_RDONLY|O_CLOEXEC) = 7
17033 read(7,  <unfinished ...>
17032 <... select resumed> )            = 0 (Timeout)
17033 <... read resumed> "bb5473fb5358bca2f4df0ff5c3a8e66e"..., 32768) = 41
17032 clock_gettime(CLOCK_MONOTONIC,  <unfinished ...>
17033 read(7,  <unfinished ...>
17032 <... clock_gettime resumed> {4903, 442514411}) = 0
17033 <... read resumed> "", 32727)     = 0
17032 clock_gettime(CLOCK_REALTIME,  <unfinished ...>
17033 close(7 <unfinished ...>
17032 <... clock_gettime resumed> {1465918769, 226527840}) = 0
17033 <... close resumed> )             = 0
17032 select(0, NULL, NULL, NULL, {0, 20} <unfinished ...>
17033 lstat("/home/hmeng/go/src/github.com/opencontainers/runc/.git/refs/heads/master", {st_mode=S_IFREG|0664, st_size=41, ...}) = 0
17033 lstat("/home/hmeng/go/src/github.com/opencontainers/runc/.git/refs/heads/master", {st_mode=S_IFREG|0664, st_size=41, ...}) = 0
17033 lgetxattr("/home/hmeng/go/src/github.com/opencontainers/runc/.git/refs/heads/master", "security.capability", 0xc820510380, 128) = -1 ENODATA (No data available)
17033 openat(AT_FDCWD, "/home/hmeng/go/src/github.com/opencontainers/runc/.git/refs/heads/master", O_RDONLY|O_CLOEXEC) = 7
17032 <... select resumed> )            = 0 (Timeout)
17033 read(7,  <unfinished ...>
17032 clock_gettime(CLOCK_MONOTONIC,  <unfinished ...>
17033 <... read resumed> "42dfd606437b538ffde4f0640d433916"..., 32768) = 41
17032 <... clock_gettime resumed> {4903, 442666778}) = 0
17033 read(7,  <unfinished ...>
17032 clock_gettime(CLOCK_REALTIME,  <unfinished ...>
17033 <... read resumed> "", 32727)     = 0
17032 <... clock_gettime resumed> {1465918769, 226680826}) = 0
17033 close(7 <unfinished ...>
17032 select(0, NULL, NULL, NULL, {0, 20} <unfinished ...>
17033 <... close resumed> )             = 0
17033 lstat("/home/hmeng/go/src/github.com/opencontainers/runc/.git/refs/remotes", {st_mode=S_IFDIR|0775, st_size=19, ...}) = 0
17033 lstat("/home/hmeng/go/src/github.com/opencontainers/runc/.git/refs/remotes", {st_mode=S_IFDIR|0775, st_size=19, ...}) = 0
17033 lgetxattr("/home/hmeng/go/src/github.com/opencontainers/runc/.git/refs/remotes", "security.capability", 0xc820510400, 128) = -1 ENODATA (No data available)
17033 openat(AT_FDCWD, "/home/hmeng/go/src/github.com/opencontainers/runc/.git/refs/remotes", O_RDONLY|O_CLOEXEC <unfinished ...>
17032 <... select resumed> )            = 0 (Timeout)
17033 <... openat resumed> )            = 7
17032 clock_gettime(CLOCK_MONOTONIC,  <unfinished ...>
17033 getdents64(7,  <unfinished ...>
17032 <... clock_gettime resumed> {4903, 442826148}) = 0
17033 <... getdents64 resumed> /* 3 entries */, 4096) = 80
17032 clock_gettime(CLOCK_REALTIME,  <unfinished ...>
17033 getdents64(7,  <unfinished ...>
17032 <... clock_gettime resumed> {1465918769, 226848270}) = 0
17033 <... getdents64 resumed> /* 0 entries */, 4096) = 0
17032 select(0, NULL, NULL, NULL, {0, 20} <unfinished ...>
17033 close(7)                          = 0
17033 lstat("/home/hmeng/go/src/github.com/opencontainers/runc/.git/refs/remotes/origin", {st_mode=S_IFDIR|0775, st_size=17, ...}) = 0
17033 lstat("/home/hmeng/go/src/github.com/opencontainers/runc/.git/refs/remotes/origin", {st_mode=S_IFDIR|0775, st_size=17, ...}) = 0
17033 lgetxattr("/home/hmeng/go/src/github.com/opencontainers/runc/.git/refs/remotes/origin", "security.capability", 0xc820510480, 128) = -1 ENODATA (No data available)
17033 openat(AT_FDCWD, "/home/hmeng/go/src/github.com/opencontainers/runc/.git/refs/remotes/origin", O_RDONLY|O_CLOEXEC <unfinished ...>
17032 <... select resumed> )            = 0 (Timeout)
17033 <... openat resumed> )            = 7
17032 clock_gettime(CLOCK_MONOTONIC,  <unfinished ...>
17033 getdents64(7,  <unfinished ...>
17032 <... clock_gettime resumed> {4903, 442994365}) = 0
17033 <... getdents64 resumed> /* 3 entries */, 4096) = 72
17032 clock_gettime(CLOCK_REALTIME,  <unfinished ...>
17033 getdents64(7,  <unfinished ...>
17032 <... clock_gettime resumed> {1465918769, 227019898}) = 0
17033 <... getdents64 resumed> /* 0 entries */, 4096) = 0
17032 select(0, NULL, NULL, NULL, {0, 20} <unfinished ...>
17033 close(7)                          = 0
17033 lstat("/home/hmeng/go/src/github.com/opencontainers/runc/.git/refs/remotes/origin/HEAD", {st_mode=S_IFREG|0664, st_size=32, ...}) = 0
17033 lstat("/home/hmeng/go/src/github.com/opencontainers/runc/.git/refs/remotes/origin/HEAD", {st_mode=S_IFREG|0664, st_size=32, ...}) = 0
17033 lgetxattr("/home/hmeng/go/src/github.com/opencontainers/runc/.git/refs/remotes/origin/HEAD", "security.capability", 0xc820510500, 128) = -1 ENODATA (No data available)
17033 openat(AT_FDCWD, "/home/hmeng/go/src/github.com/opencontainers/runc/.git/refs/remotes/origin/HEAD", O_RDONLY|O_CLOEXEC <unfinished ...>
17032 <... select resumed> )            = 0 (Timeout)
17033 <... openat resumed> )            = 7
17032 clock_gettime(CLOCK_MONOTONIC,  <unfinished ...>
17033 read(7,  <unfinished ...>
17032 <... clock_gettime resumed> {4903, 443165118}) = 0
17033 <... read resumed> "ref: refs/remotes/origin/master\n", 32768) = 32
17032 clock_gettime(CLOCK_REALTIME,  <unfinished ...>
17033 read(7,  <unfinished ...>
17032 <... clock_gettime resumed> {1465918769, 227180850}) = 0
17033 <... read resumed> "", 32736)     = 0
17032 select(0, NULL, NULL, NULL, {0, 20} <unfinished ...>
17033 close(7)                          = 0
17033 lstat("/home/hmeng/go/src/github.com/opencontainers/runc/.git/refs/tags", {st_mode=S_IFDIR|0775, st_size=6, ...}) = 0
17033 lstat("/home/hmeng/go/src/github.com/opencontainers/runc/.git/refs/tags", {st_mode=S_IFDIR|0775, st_size=6, ...}) = 0
17033 lgetxattr("/home/hmeng/go/src/github.com/opencontainers/runc/.git/refs/tags", "security.capability", 0xc820510580, 128) = -1 ENODATA (No data available)
17033 openat(AT_FDCWD, "/home/hmeng/go/src/github.com/opencontainers/runc/.git/refs/tags", O_RDONLY|O_CLOEXEC <unfinished ...>
17032 <... select resumed> )            = 0 (Timeout)
17033 <... openat resumed> )            = 7
17032 clock_gettime(CLOCK_MONOTONIC,  <unfinished ...>
17033 getdents64(7,  <unfinished ...>
17032 <... clock_gettime resumed> {4903, 443334411}) = 0
17033 <... getdents64 resumed> /* 2 entries */, 4096) = 48
17032 clock_gettime(CLOCK_REALTIME,  <unfinished ...>
17033 getdents64(7,  <unfinished ...>
17032 <... clock_gettime resumed> {1465918769, 227350360}) = 0
17033 <... getdents64 resumed> /* 0 entries */, 4096) = 0
17032 select(0, NULL, NULL, NULL, {0, 20} <unfinished ...>
17033 close(7)                          = 0
17033 lstat("/home/hmeng/go/src/github.com/opencontainers/runc/.gitignore", {st_mode=S_IFREG|0664, st_size=79, ...}) = 0
17033 lstat("/home/hmeng/go/src/github.com/opencontainers/runc/.gitignore", {st_mode=S_IFREG|0664, st_size=79, ...}) = 0
17033 lgetxattr("/home/hmeng/go/src/github.com/opencontainers/runc/.gitignore", "security.capability", 0xc820510600, 128) = -1 ENODATA (No data available)
17033 openat(AT_FDCWD, "/home/hmeng/go/src/github.com/opencontainers/runc/.gitignore", O_RDONLY|O_CLOEXEC <unfinished ...>
17032 <... select resumed> )            = 0 (Timeout)
17033 <... openat resumed> )            = 7
17032 clock_gettime(CLOCK_MONOTONIC,  <unfinished ...>
17033 read(7,  <unfinished ...>
17032 <... clock_gettime resumed> {4903, 443502493}) = 0
17033 <... read resumed> "vendor/pkg\n/runc\nGodeps/_workspa"..., 32768) = 79
17032 clock_gettime(CLOCK_REALTIME,  <unfinished ...>
17033 read(7,  <unfinished ...>
17032 <... clock_gettime resumed> {1465918769, 227517969}) = 0
17033 <... read resumed> "", 32689)     = 0
17032 select(0, NULL, NULL, NULL, {0, 20} <unfinished ...>
17033 close(7)                          = 0
17033 lstat("/home/hmeng/go/src/github.com/opencontainers/runc/.pullapprove.yml", {st_mode=S_IFREG|0664, st_size=188, ...}) = 0
17033 lstat("/home/hmeng/go/src/github.com/opencontainers/runc/.pullapprove.yml", {st_mode=S_IFREG|0664, st_size=188, ...}) = 0
17033 lgetxattr("/home/hmeng/go/src/github.com/opencontainers/runc/.pullapprove.yml", "security.capability", 0xc820510680, 128) = -1 ENODATA (No data available)
17033 openat(AT_FDCWD, "/home/hmeng/go/src/github.com/opencontainers/runc/.pullapprove.yml", O_RDONLY|O_CLOEXEC <unfinished ...>
17032 <... select resumed> )            = 0 (Timeout)
17033 <... openat resumed> )            = 7
17032 clock_gettime(CLOCK_MONOTONIC,  <unfinished ...>
17033 read(7,  <unfinished ...>
17032 <... clock_gettime resumed> {4903, 443662022}) = 0
17033 <... read resumed> "approve_by_comment: true\napprove"..., 32768) = 188
17032 clock_gettime(CLOCK_REALTIME,  <unfinished ...>
17033 read(7,  <unfinished ...>
17032 <... clock_gettime resumed> {1465918769, 227678359}) = 0
17033 <... read resumed> "", 32580)     = 0
17032 select(0, NULL, NULL, NULL, {0, 20} <unfinished ...>
17033 close(7)                          = 0
17033 lstat("/home/hmeng/go/src/github.com/opencontainers/runc/CONTRIBUTING.md", {st_mode=S_IFREG|0664, st_size=4900, ...}) = 0
17033 lstat("/home/hmeng/go/src/github.com/opencontainers/runc/CONTRIBUTING.md", {st_mode=S_IFREG|0664, st_size=4900, ...}) = 0
17033 lgetxattr("/home/hmeng/go/src/github.com/opencontainers/runc/CONTRIBUTING.md", "security.capability", 0xc820510780, 128) = -1 ENODATA (No data available)
17033 openat(AT_FDCWD, "/home/hmeng/go/src/github.com/opencontainers/runc/CONTRIBUTING.md", O_RDONLY|O_CLOEXEC <unfinished ...>
17032 <... select resumed> )            = 0 (Timeout)
17033 <... openat resumed> )            = 7
17032 clock_gettime(CLOCK_MONOTONIC,  <unfinished ...>
17033 read(7,  <unfinished ...>
17032 <... clock_gettime resumed> {4903, 443823673}) = 0
17033 <... read resumed> "## Contribution Guidelines\n\n### "..., 32768) = 4900
17032 clock_gettime(CLOCK_REALTIME,  <unfinished ...>
17033 read(7,  <unfinished ...>
17032 <... clock_gettime resumed> {1465918769, 227847398}) = 0
17033 <... read resumed> "", 27868)     = 0
17032 select(0, NULL, NULL, NULL, {0, 20} <unfinished ...>
17033 close(7)                          = 0
17033 lstat("/home/hmeng/go/src/github.com/opencontainers/runc/Dockerfile", {st_mode=S_IFREG|0664, st_size=69, ...}) = 0
17033 lstat("/home/hmeng/go/src/github.com/opencontainers/runc/Dockerfile", {st_mode=S_IFREG|0664, st_size=69, ...}) = 0
17033 lgetxattr("/home/hmeng/go/src/github.com/opencontainers/runc/Dockerfile", "security.capability", 0xc820510800, 128) = -1 ENODATA (No data available)
17033 openat(AT_FDCWD, "/home/hmeng/go/src/github.com/opencontainers/runc/Dockerfile", O_RDONLY|O_CLOEXEC <unfinished ...>
17032 <... select resumed> )            = 0 (Timeout)
17033 <... openat resumed> )            = 7
17032 clock_gettime(CLOCK_MONOTONIC,  <unfinished ...>
17033 read(7,  <unfinished ...>
17032 <... clock_gettime resumed> {4903, 444009188}) = 0
17033 <... read resumed> "FROM runc_test\nADD . /go/src/git"..., 32768) = 69
17032 clock_gettime(CLOCK_REALTIME,  <unfinished ...>
17033 read(7,  <unfinished ...>
17032 <... clock_gettime resumed> {1465918769, 228029714}) = 0
17033 <... read resumed> "", 32699)     = 0
17032 select(0, NULL, NULL, NULL, {0, 20} <unfinished ...>
17033 close(7)                          = 0
17033 lstat("/home/hmeng/go/src/github.com/opencontainers/runc/Godeps", {st_mode=S_IFDIR|0775, st_size=54, ...}) = 0
17033 lstat("/home/hmeng/go/src/github.com/opencontainers/runc/Godeps", {st_mode=S_IFDIR|0775, st_size=54, ...}) = 0
17033 lgetxattr("/home/hmeng/go/src/github.com/opencontainers/runc/Godeps", "security.capability", 0xc820510880, 128) = -1 ENODATA (No data available)
17033 openat(AT_FDCWD, "/home/hmeng/go/src/github.com/opencontainers/runc/Godeps", O_RDONLY|O_CLOEXEC <unfinished ...>
17032 <... select resumed> )            = 0 (Timeout)
17033 <... openat resumed> )            = 7
17032 clock_gettime(CLOCK_MONOTONIC,  <unfinished ...>
17033 getdents64(7,  <unfinished ...>
17032 <... clock_gettime resumed> {4903, 444177279}) = 0
17033 <... getdents64 resumed> /* 5 entries */, 4096) = 144
17032 clock_gettime(CLOCK_REALTIME,  <unfinished ...>
17033 getdents64(7,  <unfinished ...>
17032 <... clock_gettime resumed> {1465918769, 228195869}) = 0
17033 <... getdents64 resumed> /* 0 entries */, 4096) = 0
17032 select(0, NULL, NULL, NULL, {0, 20} <unfinished ...>
17033 close(7)                          = 0
17033 lstat("/home/hmeng/go/src/github.com/opencontainers/runc/Godeps/Godeps.json", {st_mode=S_IFREG|0664, st_size=2143, ...}) = 0
17033 lstat("/home/hmeng/go/src/github.com/opencontainers/runc/Godeps/Godeps.json", {st_mode=S_IFREG|0664, st_size=2143, ...}) = 0
17033 lgetxattr("/home/hmeng/go/src/github.com/opencontainers/runc/Godeps/Godeps.json", "security.capability", 0xc820510900, 128) = -1 ENODATA (No data available)
17033 openat(AT_FDCWD, "/home/hmeng/go/src/github.com/opencontainers/runc/Godeps/Godeps.json", O_RDONLY|O_CLOEXEC <unfinished ...>
17032 <... select resumed> )            = 0 (Timeout)
17033 <... openat resumed> )            = 7
17032 clock_gettime(CLOCK_MONOTONIC,  <unfinished ...>
17033 read(7,  <unfinished ...>
17032 <... clock_gettime resumed> {4903, 444340845}) = 0
17033 <... read resumed> "{\n\t\"ImportPath\": \"github.com/ope"..., 32768) = 2143
17032 clock_gettime(CLOCK_REALTIME,  <unfinished ...>
17033 read(7,  <unfinished ...>
17032 <... clock_gettime resumed> {1465918769, 228357197}) = 0
17033 <... read resumed> "", 30625)     = 0
17032 select(0, NULL, NULL, NULL, {0, 20} <unfinished ...>
17033 close(7)                          = 0
17033 lstat("/home/hmeng/go/src/github.com/opencontainers/runc/Godeps/Readme", {st_mode=S_IFREG|0664, st_size=136, ...}) = 0
17033 lstat("/home/hmeng/go/src/github.com/opencontainers/runc/Godeps/Readme", {st_mode=S_IFREG|0664, st_size=136, ...}) = 0
17033 lgetxattr("/home/hmeng/go/src/github.com/opencontainers/runc/Godeps/Readme", "security.capability", 0xc820510980, 128) = -1 ENODATA (No data available)
17033 openat(AT_FDCWD, "/home/hmeng/go/src/github.com/opencontainers/runc/Godeps/Readme", O_RDONLY|O_CLOEXEC <unfinished ...>
17032 <... select resumed> )            = 0 (Timeout)
17033 <... openat resumed> )            = 7
17032 clock_gettime(CLOCK_MONOTONIC,  <unfinished ...>
17033 read(7,  <unfinished ...>
17032 <... clock_gettime resumed> {4903, 444506198}) = 0
17033 <... read resumed> "This directory tree is generated"..., 32768) = 136
17032 clock_gettime(CLOCK_REALTIME,  <unfinished ...>
17033 read(7,  <unfinished ...>
17032 <... clock_gettime resumed> {1465918769, 228521603}) = 0
17033 <... read resumed> "", 32632)     = 0
17032 select(0, NULL, NULL, NULL, {0, 20} <unfinished ...>
17033 close(7)                          = 0
17033 lstat("/home/hmeng/go/src/github.com/opencontainers/runc/Godeps/_workspace", {st_mode=S_IFDIR|0775, st_size=43, ...}) = 0
17033 lstat("/home/hmeng/go/src/github.com/opencontainers/runc/Godeps/_workspace", {st_mode=S_IFDIR|0775, st_size=43, ...}) = 0
17033 lgetxattr("/home/hmeng/go/src/github.com/opencontainers/runc/Godeps/_workspace", "security.capability", 0xc820510a00, 128) = -1 ENODATA (No data available)
17032 <... select resumed> )            = 0 (Timeout)
17033 openat(AT_FDCWD, "/home/hmeng/go/src/github.com/opencontainers/runc/Godeps/_workspace", O_RDONLY|O_CLOEXEC <unfinished ...>
17032 clock_gettime(CLOCK_MONOTONIC,  <unfinished ...>
17033 <... openat resumed> )            = 7
17032 <... clock_gettime resumed> {4903, 444667690}) = 0
17033 getdents64(7,  <unfinished ...>
17032 clock_gettime(CLOCK_REALTIME,  <unfinished ...>
17033 <... getdents64 resumed> /* 5 entries */, 4096) = 128
17032 <... clock_gettime resumed> {1465918769, 228690854}) = 0
17033 getdents64(7,  <unfinished ...>
17032 select(0, NULL, NULL, NULL, {0, 20} <unfinished ...>
17033 <... getdents64 resumed> /* 0 entries */, 4096) = 0
17033 close(7)                          = 0
17033 lstat("/home/hmeng/go/src/github.com/opencontainers/runc/Godeps/_workspace/.gitignore", {st_mode=S_IFREG|0664, st_size=10, ...}) = 0
17033 lstat("/home/hmeng/go/src/github.com/opencontainers/runc/Godeps/_workspace/.gitignore", {st_mode=S_IFREG|0664, st_size=10, ...}) = 0
17033 lgetxattr("/home/hmeng/go/src/github.com/opencontainers/runc/Godeps/_workspace/.gitignore", "security.capability", 0xc820510a80, 128) = -1 ENODATA (No data available)
17032 <... select resumed> )            = 0 (Timeout)
17033 openat(AT_FDCWD, "/home/hmeng/go/src/github.com/opencontainers/runc/Godeps/_workspace/.gitignore", O_RDONLY|O_CLOEXEC <unfinished ...>
17032 clock_gettime(CLOCK_MONOTONIC,  <unfinished ...>
17033 <... openat resumed> )            = 7
17032 <... clock_gettime resumed> {4903, 444837951}) = 0
17033 read(7,  <unfinished ...>
17032 clock_gettime(CLOCK_REALTIME,  <unfinished ...>
17033 <... read resumed> "/pkg\n/bin\n", 32768) = 10
17032 <... clock_gettime resumed> {1465918769, 228859521}) = 0
17033 read(7,  <unfinished ...>
17032 select(0, NULL, NULL, NULL, {0, 20} <unfinished ...>
17033 <... read resumed> "", 32758)     = 0
17033 close(7)                          = 0
17033 lstat("/home/hmeng/go/src/github.com/opencontainers/runc/Godeps/_workspace/pkg", {st_mode=S_IFDIR|0775, st_size=24, ...}) = 0
17033 lstat("/home/hmeng/go/src/github.com/opencontainers/runc/Godeps/_workspace/pkg", {st_mode=S_IFDIR|0775, st_size=24, ...}) = 0
17033 lgetxattr("/home/hmeng/go/src/github.com/opencontainers/runc/Godeps/_workspace/pkg", "security.capability", 0xc820510b00, 128) = -1 ENODATA (No data available)
17032 <... select resumed> )            = 0 (Timeout)
17033 openat(AT_FDCWD, "/home/hmeng/go/src/github.com/opencontainers/runc/Godeps/_workspace/pkg", O_RDONLY|O_CLOEXEC <unfinished ...>
17032 clock_gettime(CLOCK_MONOTONIC,  <unfinished ...>
17033 <... openat resumed> )            = 7
17032 <... clock_gettime resumed> {4903, 445025502}) = 0
17033 getdents64(7,  <unfinished ...>
17032 clock_gettime(CLOCK_REALTIME,  <unfinished ...>
17033 <... getdents64 resumed> /* 3 entries */, 4096) = 80
17032 <... clock_gettime resumed> {1465918769, 229044021}) = 0
17033 getdents64(7,  <unfinished ...>
17032 select(0, NULL, NULL, NULL, {0, 20} <unfinished ...>
17033 <... getdents64 resumed> /* 0 entries */, 4096) = 0
17033 close(7)                          = 0
17033 lstat("/home/hmeng/go/src/github.com/opencontainers/runc/Godeps/_workspace/pkg/linux_amd64", {st_mode=S_IFDIR|0775, st_size=23, ...}) = 0
17033 lstat("/home/hmeng/go/src/github.com/opencontainers/runc/Godeps/_workspace/pkg/linux_amd64", {st_mode=S_IFDIR|0775, st_size=23, ...}) = 0
17033 lgetxattr("/home/hmeng/go/src/github.com/opencontainers/runc/Godeps/_workspace/pkg/linux_amd64", "security.capability", 0xc820510b80, 128) = -1 ENODATA (No data available)
17032 <... select resumed> )            = 0 (Timeout)
17033 openat(AT_FDCWD, "/home/hmeng/go/src/github.com/opencontainers/runc/Godeps/_workspace/pkg/linux_amd64", O_RDONLY|O_CLOEXEC <unfinished ...>
17032 clock_gettime(CLOCK_MONOTONIC,  <unfinished ...>
17033 <... openat resumed> )            = 7
17032 <... clock_gettime resumed> {4903, 445208846}) = 0
17033 getdents64(7,  <unfinished ...>
17032 clock_gettime(CLOCK_REALTIME,  <unfinished ...>
17033 <... getdents64 resumed> /* 3 entries */, 4096) = 80
17032 <... clock_gettime resumed> {1465918769, 229230852}) = 0
17033 getdents64(7,  <unfinished ...>
17032 select(0, NULL, NULL, NULL, {0, 20} <unfinished ...>
17033 <... getdents64 resumed> /* 0 entries */, 4096) = 0
17033 close(7)                          = 0
17033 lstat("/home/hmeng/go/src/github.com/opencontainers/runc/Godeps/_workspace/pkg/linux_amd64/github.com", {st_mode=S_IFDIR|0775, st_size=4096, ...}) = 0
17033 lstat("/home/hmeng/go/src/github.com/opencontainers/runc/Godeps/_workspace/pkg/linux_amd64/github.com", {st_mode=S_IFDIR|0775, st_size=4096, ...}) = 0
17033 lgetxattr("/home/hmeng/go/src/github.com/opencontainers/runc/Godeps/_workspace/pkg/linux_amd64/github.com", "security.capability", 0xc820510c00, 128) = -1 ENODATA (No data available)
17032 <... select resumed> )            = 0 (Timeout)
17033 openat(AT_FDCWD, "/home/hmeng/go/src/github.com/opencontainers/runc/Godeps/_workspace/pkg/linux_amd64/github.com", O_RDONLY|O_CLOEXEC <unfinished ...>
17032 clock_gettime(CLOCK_MONOTONIC,  <unfinished ...>
17033 <... openat resumed> )            = 7
17032 <... clock_gettime resumed> {4903, 445383921}) = 0
17033 getdents64(7,  <unfinished ...>
17032 clock_gettime(CLOCK_REALTIME,  <unfinished ...>
17033 <... getdents64 resumed> /* 12 entries */, 4096) = 376
17032 <... clock_gettime resumed> {1465918769, 229403567}) = 0
17033 getdents64(7,  <unfinished ...>
17032 select(0, NULL, NULL, NULL, {0, 20} <unfinished ...>
17033 <... getdents64 resumed> /* 0 entries */, 4096) = 0
17033 close(7)                          = 0
17033 lstat("/home/hmeng/go/src/github.com/opencontainers/runc/Godeps/_workspace/pkg/linux_amd64/github.com/Sirupsen", {st_mode=S_IFDIR|0775, st_size=21, ...}) = 0
17033 lstat("/home/hmeng/go/src/github.com/opencontainers/runc/Godeps/_workspace/pkg/linux_amd64/github.com/Sirupsen", {st_mode=S_IFDIR|0775, st_size=21, ...}) = 0
17033 lgetxattr("/home/hmeng/go/src/github.com/opencontainers/runc/Godeps/_workspace/pkg/linux_amd64/github.com/Sirupsen", "security.capability", 0xc820510c80, 128) = -1 ENODATA (No data available)
17032 <... select resumed> )            = 0 (Timeout)
17033 openat(AT_FDCWD, "/home/hmeng/go/src/github.com/opencontainers/runc/Godeps/_workspace/pkg/linux_amd64/github.com/Sirupsen", O_RDONLY|O_CLOEXEC <unfinished ...>
17032 clock_gettime(CLOCK_MONOTONIC,  <unfinished ...>
17033 <... openat resumed> )            = 7
17032 <... clock_gettime resumed> {4903, 445553105}) = 0
17033 getdents64(7,  <unfinished ...>
17032 clock_gettime(CLOCK_REALTIME,  <unfinished ...>
17033 <... getdents64 resumed> /* 3 entries */, 4096) = 80
17032 <... clock_gettime resumed> {1465918769, 229576663}) = 0
17033 getdents64(7,  <unfinished ...>
17032 select(0, NULL, NULL, NULL, {0, 20} <unfinished ...>
17033 <... getdents64 resumed> /* 0 entries */, 4096) = 0
17033 close(7)                          = 0
17033 lstat("/home/hmeng/go/src/github.com/opencontainers/runc/Godeps/_workspace/pkg/linux_amd64/github.com/Sirupsen/logrus.a", {st_mode=S_IFREG|0664, st_size=306672, ...}) = 0
17032 <... select resumed> )            = 0 (Timeout)
17033 lstat("/home/hmeng/go/src/github.com/opencontainers/runc/Godeps/_workspace/pkg/linux_amd64/github.com/Sirupsen/logrus.a",  <unfinished ...>
17032 clock_gettime(CLOCK_MONOTONIC,  <unfinished ...>
17033 <... lstat resumed> {st_mode=S_IFREG|0664, st_size=306672, ...}) = 0
17032 <... clock_gettime resumed> {4903, 445833009}) = 0
17033 lgetxattr("/home/hmeng/go/src/github.com/opencontainers/runc/Godeps/_workspace/pkg/linux_amd64/github.com/Sirupsen/logrus.a", "security.capability" <unfinished ...>
17032 clock_gettime(CLOCK_REALTIME,  <unfinished ...>
17033 <... lgetxattr resumed> , 0xc820510e80, 128) = -1 ENODATA (No data available)
17032 <... clock_gettime resumed> {1465918769, 229860184}) = 0
17033 openat(AT_FDCWD, "/home/hmeng/go/src/github.com/opencontainers/runc/Godeps/_workspace/pkg/linux_amd64/github.com/Sirupsen/logrus.a", O_RDONLY|O_CLOEXEC <unfinished ...>
17032 select(0, NULL, NULL, NULL, {0, 20} <unfinished ...>
17033 <... openat resumed> )            = 7
17033 read(7, "!<arch>\n__.PKGDEF       0       "..., 32768) = 32768
17033 futex(0xc8200f6590, FUTEX_WAKE, 1 <unfinished ...>
17035 <... futex resumed> )             = 0
17033 <... futex resumed> )             = 1
17035 select(0, NULL, NULL, NULL, {0, 100} <unfinished ...>
17033 write(6, "8000\r\nZ: U\201\342o\rE\20\321\4\241\270Out\266\247c\330\204\236\257KW"..., 4096 <unfinished ...>
17032 <... select resumed> )            = 0 (Timeout)
17033 <... write resumed> )             = 4096
17032 clock_gettime(CLOCK_MONOTONIC,  <unfinished ...>
17033 write(6, "\244\315L\0\344a\305\337\250c]\246\343\303k|\26\23`\340\313\0\344\232()G\33l\230\207\341"..., 28678 <unfinished ...>
17032 <... clock_gettime resumed> {4903, 446072501}) = 0
17033 <... write resumed> )             = 28678
17032 clock_gettime(CLOCK_REALTIME,  <unfinished ...>
17033 write(6, "\r\n", 2 <unfinished ...>
17032 <... clock_gettime resumed> {1465918769, 230094073}) = 0
17033 <... write resumed> )             = 2
17032 select(0, NULL, NULL, NULL, {0, 20} <unfinished ...>
17033 read(7, "locals\302\267c0b81f78fa76635edb453602"..., 32768) = 32768
17033 write(6, "8000\r\n!<arch>\n__.PKGDEF       0 "..., 4096) = 4096
17033 write(6, "gger) Infof (@\"\".format\302\2672 strin"..., 28678) = 28678
17035 <... select resumed> )            = 0 (Timeout)
17033 write(6, "\r\n", 2 <unfinished ...>
17032 <... select resumed> )            = 0 (Timeout)
17035 select(0, NULL, NULL, NULL, {0, 100} <unfinished ...>
17033 <... write resumed> )             = 2
17032 clock_gettime(CLOCK_MONOTONIC,  <unfinished ...>
17033 read(7,  <unfinished ...>
17032 <... clock_gettime resumed> {4903, 446242617}) = 0
17033 <... read resumed> "\4Tgclocals\302\2673f5c1f818fa7055d0400"..., 32768) = 32768
17032 clock_gettime(CLOCK_REALTIME,  <unfinished ...>
17033 write(6, "8000\r\nlocals\302\267c0b81f78fa76635edb"..., 4096 <unfinished ...>
17032 <... clock_gettime resumed> {1465918769, 230267671}) = 0
17033 <... write resumed> )             = 4096
17032 select(0, NULL, NULL, NULL, {0, 20} <unfinished ...>
17033 write(6, "(\1\0\0\200\373\0w\37H\213\204$ \1\0\0H\215\35\0\0\0\0H\211\34$H\211D$"..., 28678) = 28678
17033 write(6, "\r\n", 2)               = 2
17033 read(7, "8H\211D$8H\213l$0\200=\0\0\0\0\0uxH\211(H\203\370\0tkH\213l"..., 32768) = 32768
17033 write(6, "8000\r\n\4Tgclocals\302\2673f5c1f818fa705"..., 4096 <unfinished ...>
17035 <... select resumed> )            = 0 (Timeout)
17033 <... write resumed> )             = 4096
17032 <... select resumed> )            = 0 (Timeout)
17035 read(7,  <unfinished ...>
17033 write(6, "args\0 \4&type.[]interface {}\0\22\"\"."..., 28678 <unfinished ...>
17032 clock_gettime(CLOCK_MONOTONIC,  <unfinished ...>
17035 <... read resumed> "\266X\3\200\373\0\17\205\376\6\0\0H\211\224$\210\0\0\0H\211t$pH\211\204$\240\0\0"..., 32768) = 32768
17033 <... write resumed> )             = -1 EAGAIN (Resource temporarily unavailable)
17032 <... clock_gettime resumed> {4903, 446427903}) = 0
17035 futex(0xc8200f6590, FUTEX_WAIT, 0, NULL <unfinished ...>
17033 futex(0xc82002ea10, FUTEX_WAIT, 0, NULL <unfinished ...>
17032 clock_gettime(CLOCK_REALTIME, {1465918769, 230459782}) = 0
17032 select(0, NULL, NULL, NULL, {0, 20}) = 0 (Timeout)
17032 clock_gettime(CLOCK_MONOTONIC, {4903, 446592783}) = 0
17032 futex(0x21ee760, FUTEX_WAIT, 0, {60, 0} <unfinished ...>
17031 <... epoll_wait resumed> {{EPOLLOUT, {u32=2134024192, u64=140606478393344}}}, 128, -1) = 1
17031 clock_gettime(CLOCK_MONOTONIC, {4903, 450211921}) = 0
17031 futex(0xc82002ea10, FUTEX_WAKE, 1 <unfinished ...>
17033 <... futex resumed> )             = 0
17031 <... futex resumed> )             = 1
17033 epoll_wait(5,  <unfinished ...>
17031 futex(0x21ee760, FUTEX_WAKE, 1 <unfinished ...>
17033 <... epoll_wait resumed> {}, 128, 0) = 0
17032 <... futex resumed> )             = 0
17031 <... futex resumed> )             = 1
17033 sched_yield( <unfinished ...>
17032 sched_yield( <unfinished ...>
17031 write(6, "args\0 \4&type.[]interface {}\0\22\"\"."..., 28678 <unfinished ...>
17033 <... sched_yield resumed> )       = 0
17032 <... sched_yield resumed> )       = 0
17031 <... write resumed> )             = 28678
17033 futex(0x21ee6a0, FUTEX_WAKE, 1 <unfinished ...>
17032 futex(0x21ee6a0, FUTEX_WAKE, 1 <unfinished ...>
17031 write(6, "\r\n", 2 <unfinished ...>
17033 <... futex resumed> )             = 0
17032 <... futex resumed> )             = 0
17031 <... write resumed> )             = 2
17033 epoll_wait(5,  <unfinished ...>
17032 clock_gettime(CLOCK_MONOTONIC,  <unfinished ...>
17031 futex(0xc8200f6590, FUTEX_WAKE, 1 <unfinished ...>
17035 <... futex resumed> )             = 0
17032 <... clock_gettime resumed> {4903, 450386668}) = 0
17031 <... futex resumed> )             = 1
17035 select(0, NULL, NULL, NULL, {0, 100} <unfinished ...>
17032 clock_gettime(CLOCK_REALTIME,  <unfinished ...>
17031 write(6, "8000\r\n8H\211D$8H\213l$0\200=\0\0\0\0\0uxH\211(H\203\370"..., 4096 <unfinished ...>
17032 <... clock_gettime resumed> {1465918769, 234426381}) = 0
17031 <... write resumed> )             = 4096
17032 select(0, NULL, NULL, NULL, {0, 20} <unfinished ...>
17031 write(6, "ger\0\34\2\27\200\1\332\1\177\1\200\0012\177\f\0\10\2\260\2\0\36\344\1\34\2\r\2\304"..., 28678) = 28678
17031 write(6, "\r\n", 2)               = 2
17031 read(7, "time.morestack_noctxt\0\0\0000P\0\0\n\36\"\""..., 32768) = 32768
17031 write(6, "8000\r\n\266X\3\200\373\0\17\205\376\6\0\0H\211\224$\210\0\0\0H\211t$pH"..., 4096 <unfinished ...>
17035 <... select resumed> )            = 0 (Timeout)
17032 <... select resumed> )            = 0 (Timeout)
17031 <... write resumed> )             = 4096
17035 read(7,  <unfinished ...>
17032 clock_gettime(CLOCK_MONOTONIC,  <unfinished ...>
17031 write(6, "Buffer\0\0\0\306\36\10\32\0\0\34type.io.Writer\0\0"..., 28678 <unfinished ...>
17035 <... read resumed> "8\0\0\0\220\1\20\2\0\0\30type.[]uint8\0\0\0\376\20:go."..., 32768) = 32768
17032 <... clock_gettime resumed> {4903, 450588098}) = 0
17031 <... write resumed> )             = 28678
17035 futex(0xc8200f6590, FUTEX_WAIT, 0, NULL <unfinished ...>
17032 clock_gettime(CLOCK_REALTIME,  <unfinished ...>
17031 write(6, "\r\n", 2 <unfinished ...>
17032 <... clock_gettime resumed> {1465918769, 234623564}) = 0
17031 <... write resumed> )             = 2
17032 select(0, NULL, NULL, NULL, {0, 20} <unfinished ...>
17031 futex(0xc8200f6590, FUTEX_WAKE, 1 <unfinished ...>
17035 <... futex resumed> )             = 0
17031 <... futex resumed> )             = 1
17035 select(0, NULL, NULL, NULL, {0, 100} <unfinished ...>
17031 write(6, "8000\r\ntime.morestack_noctxt\0\0\0000P"..., 4096) = 4096
17031 write(6, "ger.Printf\0\2\200\2\0\0\200\2dH\213\f%\0\0\0\0H;a\20v"..., 28678) = 28678
17031 write(6, "\r\n", 2 <unfinished ...>
17032 <... select resumed> )            = 0 (Timeout)
17031 <... write resumed> )             = 2
17032 clock_gettime(CLOCK_MONOTONIC,  <unfinished ...>
17031 read(7,  <unfinished ...>
17032 <... clock_gettime resumed> {4903, 450762032}) = 0
17031 <... read resumed> "\0\0\0\320\4\20\2\0\0\"\"\".(*Entry).Error\0\0\0\340\4"..., 32768) = 32768
17032 clock_gettime(CLOCK_REALTIME,  <unfinished ...>
17031 write(6, "8000\r\n8\0\0\0\220\1\20\2\0\0\30type.[]uint8\0\0\0"..., 4096 <unfinished ...>
17032 <... clock_gettime resumed> {1465918769, 234787581}) = 0
17031 <... write resumed> )             = 4096
17032 select(0, NULL, NULL, NULL, {0, 20} <unfinished ...>
17031 write(6, "\"keys\"\0\0\0\376\20 go.string.\"keys\"\0\6\20\0"..., 28678) = 28678
17031 write(6, "\r\n", 2 <unfinished ...>
17035 <... select resumed> )            = 0 (Timeout)
17032 <... select resumed> )            = 0 (Timeout)
17035 read(7,  <unfinished ...>
17032 clock_gettime(CLOCK_MONOTONIC,  <unfinished ...>
17031 <... write resumed> )             = 2
17035 <... read resumed> "\0\0\0\0\0\0\0\0\0\0\0\0\0\0\0\0\0\0\0\0\0\0\0\0\0\0\0\0\0\0\0\0"..., 32768) = 32768
17032 <... clock_gettime resumed> {4903, 450893286}) = 0
17031 futex(0x21ef2b0, FUTEX_WAIT, 0, NULL <unfinished ...>
17035 futex(0x21ef2b0, FUTEX_WAKE, 1 <unfinished ...>
17032 clock_gettime(CLOCK_REALTIME,  <unfinished ...>
17031 <... futex resumed> )             = -1 EAGAIN (Resource temporarily unavailable)
17035 <... futex resumed> )             = 0
17032 <... clock_gettime resumed> {1465918769, 234925273}) = 0
17031 select(0, NULL, NULL, NULL, {0, 100} <unfinished ...>
17035 write(6, "8000\r\n\0\0\0\320\4\20\2\0\0\"\"\".(*Entry).Erro"..., 4096 <unfinished ...>
17032 select(0, NULL, NULL, NULL, {0, 20} <unfinished ...>
17035 <... write resumed> )             = 4096
17035 write(6, "thField\0\0\0\360\25\20\2\0\0*\"\".(*Entry).Wit"..., 28678) = 28678
17035 write(6, "\r\n", 2)               = 2
17035 read(7, "f39f3fed835f14ba5f4d7c62fa2\0\2\30\0\0"..., 32768) = 11760
17035 read(7,  <unfinished ...>
17032 <... select resumed> )            = 0 (Timeout)
17035 <... read resumed> "", 21008)     = 0
17032 clock_gettime(CLOCK_MONOTONIC,  <unfinished ...>
17035 close(7 <unfinished ...>
17032 <... clock_gettime resumed> {4903, 451082195}) = 0
17035 <... close resumed> )             = 0
17032 clock_gettime(CLOCK_REALTIME,  <unfinished ...>
17035 write(6, "8000\r\n\0\0\0\0\0\0\0\0\0\0\0\0\0\0\0\0\0\0\0\0\0\0\0\0\0\0"..., 4096 <unfinished ...>
17032 <... clock_gettime resumed> {1465918769, 235105709}) = 0
17031 <... select resumed> )            = 0 (Timeout)
17035 <... write resumed> )             = 4096
17032 select(0, NULL, NULL, NULL, {0, 20} <unfinished ...>
17031 select(0, NULL, NULL, NULL, {0, 100} <unfinished ...>
17035 write(6, "\0\0(\"\".(*Logger).Panicln\0\0\0\200\r\20\2\0\0"..., 28678) = 28678
17035 write(6, "\r\n", 2)               = -1 EAGAIN (Resource temporarily unavailable)
17035 lstat("/home/hmeng/go/src/github.com/opencontainers/runc/Godeps/_workspace/pkg/linux_amd64/github.com/coreos", {st_mode=S_IFDIR|0775, st_size=23, ...}) = 0
17035 lstat("/home/hmeng/go/src/github.com/opencontainers/runc/Godeps/_workspace/pkg/linux_amd64/github.com/coreos",  <unfinished ...>
17032 <... select resumed> )            = 0 (Timeout)
17035 <... lstat resumed> {st_mode=S_IFDIR|0775, st_size=23, ...}) = 0
17032 clock_gettime(CLOCK_MONOTONIC,  <unfinished ...>
17035 lgetxattr("/home/hmeng/go/src/github.com/opencontainers/runc/Godeps/_workspace/pkg/linux_amd64/github.com/coreos", "security.capability" <unfinished ...>
17032 <... clock_gettime resumed> {4903, 451275845}) = 0
17035 <... lgetxattr resumed> , 0xc820170280, 128) = -1 ENODATA (No data available)
17032 clock_gettime(CLOCK_REALTIME,  <unfinished ...>
17035 openat(AT_FDCWD, "/home/hmeng/go/src/github.com/opencontainers/runc/Godeps/_workspace/pkg/linux_amd64/github.com/coreos", O_RDONLY|O_CLOEXEC <unfinished ...>
17032 <... clock_gettime resumed> {1465918769, 235433608}) = 0
17031 <... select resumed> )            = 0 (Timeout)
17035 <... openat resumed> )            = 7
17033 <... epoll_wait resumed> {{EPOLLOUT, {u32=2134024192, u64=140606478393344}}}, 128, -1) = 1
17032 select(0, NULL, NULL, NULL, {0, 20} <unfinished ...>
17031 futex(0x21ef2b0, FUTEX_WAIT, 0, NULL <unfinished ...>
17035 getdents64(7,  <unfinished ...>
17033 clock_gettime(CLOCK_MONOTONIC,  <unfinished ...>
17035 <... getdents64 resumed> /* 3 entries */, 4096) = 80
17033 <... clock_gettime resumed> {4903, 453129913}) = 0
17035 getdents64(7,  <unfinished ...>
17033 write(6, "\r\n", 2 <unfinished ...>
17035 <... getdents64 resumed> /* 0 entries */, 4096) = 0
17033 <... write resumed> )             = 2
17035 close(7 <unfinished ...>
17033 epoll_wait(5,  <unfinished ...>
17032 <... select resumed> )            = 0 (Timeout)
17035 <... close resumed> )             = 0
17033 <... epoll_wait resumed> {}, 128, 0) = 0
17032 clock_gettime(CLOCK_MONOTONIC,  <unfinished ...>
17035 lstat("/home/hmeng/go/src/github.com/opencontainers/runc/Godeps/_workspace/pkg/linux_amd64/github.com/coreos/go-systemd",  <unfinished ...>
17033 epoll_wait(5,  <unfinished ...>
17032 <... clock_gettime resumed> {4903, 453223697}) = 0
17035 <... lstat resumed> {st_mode=S_IFDIR|0775, st_size=51, ...}) = 0
17032 clock_gettime(CLOCK_REALTIME,  <unfinished ...>
17035 lstat("/home/hmeng/go/src/github.com/opencontainers/runc/Godeps/_workspace/pkg/linux_amd64/github.com/coreos/go-systemd",  <unfinished ...>
17032 <... clock_gettime resumed> {1465918769, 237263258}) = 0
17035 <... lstat resumed> {st_mode=S_IFDIR|0775, st_size=51, ...}) = 0
17032 select(0, NULL, NULL, NULL, {0, 20} <unfinished ...>
17035 lgetxattr("/home/hmeng/go/src/github.com/opencontainers/runc/Godeps/_workspace/pkg/linux_amd64/github.com/coreos/go-systemd", "security.capability", 0xc820170480, 128) = -1 ENODATA (No data available)
17035 openat(AT_FDCWD, "/home/hmeng/go/src/github.com/opencontainers/runc/Godeps/_workspace/pkg/linux_amd64/github.com/coreos/go-systemd", O_RDONLY|O_CLOEXEC) = 7
17035 getdents64(7, /* 5 entries */, 4096) = 144
17035 getdents64(7, /* 0 entries */, 4096) = 0
17032 <... select resumed> )            = 0 (Timeout)
17035 close(7 <unfinished ...>
17032 clock_gettime(CLOCK_MONOTONIC,  <unfinished ...>
17035 <... close resumed> )             = 0
17032 <... clock_gettime resumed> {4903, 453407201}) = 0
17035 lstat("/home/hmeng/go/src/github.com/opencontainers/runc/Godeps/_workspace/pkg/linux_amd64/github.com/coreos/go-systemd/activation.a",  <unfinished ...>
17032 clock_gettime(CLOCK_REALTIME,  <unfinished ...>
17035 <... lstat resumed> {st_mode=S_IFREG|0664, st_size=65368, ...}) = 0
17032 <... clock_gettime resumed> {1465918769, 237426962}) = 0
17035 lstat("/home/hmeng/go/src/github.com/opencontainers/runc/Godeps/_workspace/pkg/linux_amd64/github.com/coreos/go-systemd/activation.a",  <unfinished ...>
17032 select(0, NULL, NULL, NULL, {0, 20} <unfinished ...>
17035 <... lstat resumed> {st_mode=S_IFREG|0664, st_size=65368, ...}) = 0
17035 lgetxattr("/home/hmeng/go/src/github.com/opencontainers/runc/Godeps/_workspace/pkg/linux_amd64/github.com/coreos/go-systemd/activation.a", "security.capability", 0xc820170800, 128) = -1 ENODATA (No data available)
17035 openat(AT_FDCWD, "/home/hmeng/go/src/github.com/opencontainers/runc/Godeps/_workspace/pkg/linux_amd64/github.com/coreos/go-systemd/activation.a", O_RDONLY|O_CLOEXEC) = 7
17035 read(7, "!<arch>\n__.PKGDEF       0       "..., 32768) = 32768
17035 futex(0x21ef2b0, FUTEX_WAKE, 1 <unfinished ...>
17032 <... select resumed> )            = 0 (Timeout)
17035 <... futex resumed> )             = 1
17032 clock_gettime(CLOCK_MONOTONIC,  <unfinished ...>
17031 <... futex resumed> )             = 0
17035 write(6, "8000\r\nf39f3fed835f14ba5f4d7c62fa"..., 4096 <unfinished ...>
17032 <... clock_gettime resumed> {4903, 453587434}) = 0
17031 select(0, NULL, NULL, NULL, {0, 100} <unfinished ...>
17035 <... write resumed> )             = 4096
17032 clock_gettime(CLOCK_REALTIME,  <unfinished ...>
17035 write(6, "\20\0\0\20\1\0\0\0\0\0\0\0\0\376\20Tgclocals\302\26713bdb4"..., 28678 <unfinished ...>
17032 <... clock_gettime resumed> {1465918769, 237619343}) = 0
17035 <... write resumed> )             = 28678
17032 select(0, NULL, NULL, NULL, {0, 20} <unfinished ...>
17035 write(6, "\r\n", 2)               = 2
17035 read(7, " string)\n\ttype @\"net\".IP []byte\n"..., 32768) = 32600
17035 read(7, "", 168)                  = 0
17035 close(7)                          = 0
17035 write(6, "8000\r\ng\".nat)\n\tfunc (@\"math/big\""..., 4096) = 4096
17032 <... select resumed> )            = 0 (Timeout)
17031 <... select resumed> )            = 0 (Timeout)
17035 write(6, "*@\"math/big\".Int \"esc:0x22\") Bit"..., 28678 <unfinished ...>
17032 clock_gettime(CLOCK_MONOTONIC,  <unfinished ...>
17031 lstat("/home/hmeng/go/src/github.com/opencontainers/runc/Godeps/_workspace/pkg/linux_amd64/github.com/coreos/go-systemd/dbus.a",  <unfinished ...>
17035 <... write resumed> )             = 28678
17032 <... clock_gettime resumed> {4903, 453782857}) = 0
17031 <... lstat resumed> {st_mode=S_IFREG|0664, st_size=429210, ...}) = 0
17035 write(6, "\r\n", 2 <unfinished ...>
17032 clock_gettime(CLOCK_REALTIME,  <unfinished ...>
17031 lstat("/home/hmeng/go/src/github.com/opencontainers/runc/Godeps/_workspace/pkg/linux_amd64/github.com/coreos/go-systemd/dbus.a",  <unfinished ...>
17035 <... write resumed> )             = 2
17032 <... clock_gettime resumed> {1465918769, 237822822}) = 0
17031 <... lstat resumed> {st_mode=S_IFREG|0664, st_size=429210, ...}) = 0
17035 futex(0xc8200f6590, FUTEX_WAIT, 0, NULL <unfinished ...>
17032 select(0, NULL, NULL, NULL, {0, 20} <unfinished ...>
17031 lgetxattr("/home/hmeng/go/src/github.com/opencontainers/runc/Godeps/_workspace/pkg/linux_amd64/github.com/coreos/go-systemd/dbus.a", "security.capability", 0xc820511200, 128) = -1 ENODATA (No data available)
17031 openat(AT_FDCWD, "/home/hmeng/go/src/github.com/opencontainers/runc/Godeps/_workspace/pkg/linux_amd64/github.com/coreos/go-systemd/dbus.a", O_RDONLY|O_CLOEXEC) = 7
17031 read(7, "!<arch>\n__.PKGDEF       0       "..., 32768) = 32768
17031 futex(0xc8200f6590, FUTEX_WAKE, 1 <unfinished ...>
17035 <... futex resumed> )             = 0
17032 <... select resumed> )            = 0 (Timeout)
17031 <... futex resumed> )             = 1
17035 select(0, NULL, NULL, NULL, {0, 100} <unfinished ...>
17032 clock_gettime(CLOCK_MONOTONIC,  <unfinished ...>
17031 write(6, "8000\r\ns/runc/Godeps/_workspace/s"..., 4096 <unfinished ...>
17032 <... clock_gettime resumed> {4903, 454007802}) = 0
17031 <... write resumed> )             = 4096
17032 clock_gettime(CLOCK_REALTIME,  <unfinished ...>
17031 write(6, "t\0\36\"\".autotmp_0031\0\0\2\20type.int\0\36"..., 28678 <unfinished ...>
17032 <... clock_gettime resumed> {1465918769, 238028515}) = 0
17031 <... write resumed> )             = 28678
17032 select(0, NULL, NULL, NULL, {0, 20} <unfinished ...>
17031 write(6, "\r\n", 2)               = 2
17031 read(7, "V\2{\7;\4b\3W\0\4Tgclocals\302\2671ae62cce47"..., 32768) = 32768
17031 ioctl(0, TIOCGWINSZ, {ws_row=35, ws_col=112, ws_xpixel=0, ws_ypixel=0}) = 0
17031 ioctl(0, TIOCGWINSZ, {ws_row=35, ws_col=112, ws_xpixel=0, ws_ypixel=0}) = 0
17035 <... select resumed> )            = 0 (Timeout)
17032 <... select resumed> )            = 0 (Timeout)
17031 write(1, "Sending build context to Docker "..., 48 <unfinished ...>
17035 select(0, NULL, NULL, NULL, {0, 100} <unfinished ...>
17033 <... epoll_wait resumed> {{EPOLLOUT, {u32=2134024192, u64=140606478393344}}}, 128, -1) = 1
17032 clock_gettime(CLOCK_MONOTONIC,  <unfinished ...>
17031 <... write resumed> )             = 48
17033 epoll_wait(5,  <unfinished ...>
17032 <... clock_gettime resumed> {4903, 455466804}) = 0
17031 write(6, "8000\r\n.d\302\2672 @\"time\".Duration) Mi"..., 4096 <unfinished ...>
17032 clock_gettime(CLOCK_REALTIME,  <unfinished ...>
17031 <... write resumed> )             = 4096
17032 <... clock_gettime resumed> {1465918769, 239495831}) = 0
17031 write(6, "OrRestartUnit (@\"\".name\302\2674 strin"..., 28678 <unfinished ...>
17032 select(0, NULL, NULL, NULL, {0, 20} <unfinished ...>
17031 <... write resumed> )             = 28678
17031 write(6, "\r\n", 2)               = 2
17031 read(7, "\366\375\377\377\350\0\0\0\0\351q\375\377\377\314(\n\10\34\0\0\0\0\0\0~\10\32\0\0\36g"..., 32768) = 32768
17031 write(6, "8000\r\n$\10H\215\35\0\0\0\0H\211\\$\20H\307D$\30*\0\0\0H\213\234"..., 4096) = 4096
17035 <... select resumed> )            = 0 (Timeout)
17032 <... select resumed> )            = 0 (Timeout)
17031 write(6, "\257\2\24\0\10\2\240\4\0\22\320\0011\2\333\3\1\24\0\2\30\0p\4R\2\341\1\1A\2<"..., 28678 <unfinished ...>
17035 read(7,  <unfinished ...>
17032 clock_gettime(CLOCK_MONOTONIC,  <unfinished ...>
17031 <... write resumed> )             = 28678
17035 <... read resumed> "\17\204\31\5\0\0H\213K\10H\213k\20H\215\35\0\0\0\0H\211\\$\10H\307D$\0201"..., 32768) = 32768
17032 <... clock_gettime resumed> {4903, 455650284}) = 0
17031 write(6, "\r\n", 2 <unfinished ...>
17035 futex(0xc8200f6590, FUTEX_WAIT, 0, NULL <unfinished ...>
17032 clock_gettime(CLOCK_REALTIME,  <unfinished ...>
17031 <... write resumed> )             = 2
17032 <... clock_gettime resumed> {1465918769, 239682297}) = 0
17031 futex(0xc8200f6590, FUTEX_WAKE, 1 <unfinished ...>
17035 <... futex resumed> )             = 0
17032 select(0, NULL, NULL, NULL, {0, 20} <unfinished ...>
17031 <... futex resumed> )             = 1
17035 select(0, NULL, NULL, NULL, {0, 100} <unfinished ...>
17031 write(6, "8000\r\n\0\0\306D$\30\0001\333H\211\\$ H\211\\$(H\211\\$0H\211"..., 4096) = 4096
17031 write(6, "\0H\211\224$\20\1\0\0H\211\214$\240\0\0\0H\211\nH\211\204$\250\0\0\0\200=\0\0"..., 28678) = 28678
17031 write(6, "\r\n", 2)               = 2
17031 read(7,  <unfinished ...>
17032 <... select resumed> )            = 0 (Timeout)
17031 <... read resumed> "Unlock\302\267f\0\0\0\340\1\10\f\0\0\"runtime.defer"..., 32768) = 32768
17032 clock_gettime(CLOCK_MONOTONIC,  <unfinished ...>
17031 write(6, "8000\r\n\211\234$\220\0\0\0H\211\234$\230\0\0\0H\211\234$\240\0\0\0H\215\35"..., 4096 <unfinished ...>
17032 <... clock_gettime resumed> {4903, 455838277}) = 0
17031 <... write resumed> )             = 4096
17032 clock_gettime(CLOCK_REALTIME,  <unfinished ...>
17031 write(6, "pe.map[string]bool\0\0\0\224\1\10\f\0\0\"runt"..., 28678 <unfinished ...>
17032 <... clock_gettime resumed> {1465918769, 239861847}) = 0
17031 <... write resumed> )             = 28678
17032 select(0, NULL, NULL, NULL, {0, 20} <unfinished ...>
17031 write(6, "\r\n", 2 <unfinished ...>
17035 <... select resumed> )            = 0 (Timeout)
17031 <... write resumed> )             = 2
17035 read(7,  <unfinished ...>
17031 futex(0x21ef2b0, FUTEX_WAIT, 0, NULL <unfinished ...>
17035 <... read resumed> "workspace/src/github.com/coreos/"..., 32768) = 32768
17035 futex(0x21ef2b0, FUTEX_WAKE, 1)   = 1
17031 <... futex resumed> )             = 0
17035 write(6, "8000\r\n*github.com/godbus/dbus.Ob"..., 4096 <unfinished ...>
17032 <... select resumed> )            = 0 (Timeout)
17031 select(0, NULL, NULL, NULL, {0, 100} <unfinished ...>
17035 <... write resumed> )             = 4096
17032 clock_gettime(CLOCK_MONOTONIC,  <unfinished ...>
17035 write(6, "0546\0\377\2\2Ftype.map.iter[string]*\""..., 28678 <unfinished ...>
17032 <... clock_gettime resumed> {4903, 456030969}) = 0
17035 <... write resumed> )             = 28678
17032 clock_gettime(CLOCK_REALTIME,  <unfinished ...>
17035 write(6, "\r\n", 2 <unfinished ...>
17032 <... clock_gettime resumed> {1465918769, 240050621}) = 0
17035 <... write resumed> )             = 2
17032 select(0, NULL, NULL, NULL, {0, 20} <unfinished ...>
17035 read(7, "t\"\0\0\0\376\20jgo.string.\"org.freedeskt"..., 32768) = 32768
17035 write(6, "8000\r\ncom/opencontainers/runc/Go"..., 4096) = 4096
17035 write(6, "\20type.int\0\f\"\".~r2\0 \4\22type.bool\0\10"..., 28678) = 28678
17035 write(6, "\r\n", 2)               = 2
17035 read(7,  <unfinished ...>
17032 <... select resumed> )            = 0 (Timeout)
17031 <... select resumed> )            = 0 (Timeout)
17035 <... read resumed> "\0\376\20Rtype.[8]github.com/godbus/db"..., 32768) = 32768
17032 clock_gettime(CLOCK_MONOTONIC,  <unfinished ...>
17031 futex(0x21ef2b0, FUTEX_WAIT, 0, NULL <unfinished ...>
17035 futex(0x21ef2b0, FUTEX_WAKE, 1 <unfinished ...>
17032 <... clock_gettime resumed> {4903, 456204038}) = 0
17031 <... futex resumed> )             = -1 EAGAIN (Resource temporarily unavailable)
17035 <... futex resumed> )             = 0
17032 clock_gettime(CLOCK_REALTIME,  <unfinished ...>
17031 select(0, NULL, NULL, NULL, {0, 100} <unfinished ...>
17035 write(6, "8000\r\n\0\0\0\3\0\0\0\3\0\0\0\0\376\20Tgclocals\302\267f"..., 4096 <unfinished ...>
17032 <... clock_gettime resumed> {1465918769, 240235322}) = 0
17035 <... write resumed> )             = 4096
17032 select(0, NULL, NULL, NULL, {0, 20} <unfinished ...>
17035 write(6, "ropBoundBy\302\267f\0\2\20\0\0\20\0\0\0\0\0\0\0\0\2\0\20\2\0"..., 28678) = -1 EAGAIN (Resource temporarily unavailable)
17035 read(7, "ng.\"Type\"\0\6\20\0\0\nType\0\0\376\0200go.strin"..., 32768) = 32768
17035 futex(0xc8200f6590, FUTEX_WAIT, 0, NULL <unfinished ...>
17031 <... select resumed> )            = 0 (Timeout)
17031 futex(0x21ef2b0, FUTEX_WAIT, 0, NULL <unfinished ...>
17032 <... select resumed> )            = 0 (Timeout)
17032 clock_gettime(CLOCK_MONOTONIC, {4903, 457196122}) = 0
17032 futex(0x21ee760, FUTEX_WAIT, 0, {60, 0} <unfinished ...>
17033 <... epoll_wait resumed> {{EPOLLOUT, {u32=2134024192, u64=140606478393344}}}, 128, -1) = 1
17033 clock_gettime(CLOCK_MONOTONIC, {4903, 457234161}) = 0
17033 futex(0x21ef2b0, FUTEX_WAKE, 1)   = 1
17031 <... futex resumed> )             = 0
17033 futex(0x21ee760, FUTEX_WAKE, 1 <unfinished ...>
17031 epoll_wait(5,  <unfinished ...>
17033 <... futex resumed> )             = 1
17032 <... futex resumed> )             = 0
17031 <... epoll_wait resumed> {}, 128, 0) = 0
17033 write(6, "ropBoundBy\302\267f\0\2\20\0\0\20\0\0\0\0\0\0\0\0\2\0\20\2\0"..., 28678 <unfinished ...>
17032 clock_gettime(CLOCK_MONOTONIC,  <unfinished ...>
17031 epoll_wait(5,  <unfinished ...>
17033 <... write resumed> )             = 28678
17032 <... clock_gettime resumed> {4903, 457312936}) = 0
17033 write(6, "\r\n", 2 <unfinished ...>
17032 clock_gettime(CLOCK_REALTIME,  <unfinished ...>
17033 <... write resumed> )             = 2
17032 <... clock_gettime resumed> {1465918769, 241335989}) = 0
17033 futex(0xc8200f6590, FUTEX_WAKE, 1 <unfinished ...>
17032 select(0, NULL, NULL, NULL, {0, 20} <unfinished ...>
17033 <... futex resumed> )             = 1
17033 write(6, "8000\r\n.*map.bucket[github.com/go"..., 4096 <unfinished ...>
17031 <... epoll_wait resumed> {{EPOLLOUT, {u32=2134024192, u64=140606478393344}}}, 128, -1) = 1
17033 <... write resumed> )             = 4096
17031 epoll_wait(5,  <unfinished ...>
17033 write(6, "bus.ObjectPath]int64; cleanIgnor"..., 28678) = 28678
17033 write(6, "\r\n", 2)               = 2
17032 <... select resumed> )            = 0 (Timeout)
17033 read(7,  <unfinished ...>
17032 clock_gettime(CLOCK_MONOTONIC,  <unfinished ...>
17033 <... read resumed> ".\"map.hdr[string]bool\"\0\0\0\376\20>go.s"..., 32768) = 32768
17032 <... clock_gettime resumed> {4903, 457497184}) = 0
17033 write(6, "8000\r\n\0\376\20\232\2go.typelink.func(*dbu"..., 4096 <unfinished ...>
17032 clock_gettime(CLOCK_REALTIME,  <unfinished ...>
17033 <... write resumed> )             = 4096
17032 <... clock_gettime resumed> {1465918769, 241524362}) = 0
17033 write(6, "\0\0\0\0\0\0\0\0\0\0\0\0\0\0\0360\20\2\0\0>type..alg.\""..., 28678 <unfinished ...>
17032 select(0, NULL, NULL, NULL, {0, 20} <unfinished ...>
17033 <... write resumed> )             = 28678
17033 write(6, "\r\n", 2)               = 2
17033 read(7, "\0\0\0\0\0\0\0\1\0\0\0\0\0\0\0\1\0\0\0\0\0\0\0\0\0\0\0\0\0\0\0\0"..., 32768) = 32768
17033 write(6, "8000\r\nSet) int\"\0\6 \0\0 \0\0\0\0\0\0\0\0\37\0\0"..., 4096) = 4096
17033 write(6, "\0\0\0\0(\0\0\0\0\0\0\0*0\20\2\340\1\0 runtime.alga"..., 28678) = 28678
17032 <... select resumed> )            = 0 (Timeout)
17033 write(6, "\r\n", 2 <unfinished ...>
17032 clock_gettime(CLOCK_MONOTONIC,  <unfinished ...>
17033 <... write resumed> )             = 2
17032 <... clock_gettime resumed> {4903, 457676120}) = 0
17033 read(7,  <unfinished ...>
17032 clock_gettime(CLOCK_REALTIME,  <unfinished ...>
17033 <... read resumed> "ate, chan<- error)\"\0\6 \0\0 \0\0\0\0\0\0\0"..., 32768) = 32768
17032 <... clock_gettime resumed> {1465918769, 241696862}) = 0
17033 write(6, "8000\r\nng.\"func([]string, bool, b"..., 4096 <unfinished ...>
17032 select(0, NULL, NULL, NULL, {0, 20} <unfinished ...>
17033 <... write resumed> )             = 4096
17033 write(6, "tring]interface {}, error)\0\2\260\2\0\0"..., 28678) = 28678
17033 write(6, "\r\n", 2)               = 2
17033 read(7, "[]\"\".PropertyCollection\0\2\220\1\0\0\220\1\30"..., 32768) = 32768
17033 write(6, "8000\r\npe.func(string, string, ch"..., 4096) = 4096
17032 <... select resumed> )            = 0 (Timeout)
17033 write(6, "\0\0\220\31\20\2\0\0\"go.importpath.\"\".\0\0\0\240\31\20"..., 28678 <unfinished ...>
17032 clock_gettime(CLOCK_MONOTONIC,  <unfinished ...>
17033 <... write resumed> )             = 28678
17032 <... clock_gettime resumed> {4903, 457879345}) = 0
17033 write(6, "\r\n", 2 <unfinished ...>
17032 clock_gettime(CLOCK_REALTIME,  <unfinished ...>
17033 <... write resumed> )             = 2
17032 <... clock_gettime resumed> {1465918769, 241895677}) = 0
17033 read(7,  <unfinished ...>
17032 select(0, NULL, NULL, NULL, {0, 20} <unfinished ...>
17033 <... read resumed> " chan<- error; sync.Mutex; ignor"..., 32768) = 3226
17033 read(7, "", 29542)                = 0
17033 close(7)                          = 0
17033 lstat("/home/hmeng/go/src/github.com/opencontainers/runc/Godeps/_workspace/pkg/linux_amd64/github.com/coreos/go-systemd/util.a", {st_mode=S_IFREG|0664, st_size=2206, ...}) = 0
17032 <... select resumed> )            = 0 (Timeout)
17033 lstat("/home/hmeng/go/src/github.com/opencontainers/runc/Godeps/_workspace/pkg/linux_amd64/github.com/coreos/go-systemd/util.a",  <unfinished ...>
17032 clock_gettime(CLOCK_MONOTONIC,  <unfinished ...>
17033 <... lstat resumed> {st_mode=S_IFREG|0664, st_size=2206, ...}) = 0
17032 <... clock_gettime resumed> {4903, 458057298}) = 0
17033 lgetxattr("/home/hmeng/go/src/github.com/opencontainers/runc/Godeps/_workspace/pkg/linux_amd64/github.com/coreos/go-systemd/util.a", "security.capability" <unfinished ...>
17032 clock_gettime(CLOCK_REALTIME,  <unfinished ...>
17033 <... lgetxattr resumed> , 0xc820511580, 128) = -1 ENODATA (No data available)
17032 <... clock_gettime resumed> {1465918769, 242082133}) = 0
17033 openat(AT_FDCWD, "/home/hmeng/go/src/github.com/opencontainers/runc/Godeps/_workspace/pkg/linux_amd64/github.com/coreos/go-systemd/util.a", O_RDONLY|O_CLOEXEC <unfinished ...>
17032 select(0, NULL, NULL, NULL, {0, 20} <unfinished ...>
17033 <... openat resumed> )            = 7
17033 read(7, "!<arch>\n__.PKGDEF       0       "..., 32768) = 2206
17033 read(7, "", 30562)                = 0
17033 close(7)                          = 0
17033 lstat("/home/hmeng/go/src/github.com/opencontainers/runc/Godeps/_workspace/pkg/linux_amd64/github.com/docker", {st_mode=S_IFDIR|0775, st_size=36, ...}) = 0
17033 lstat("/home/hmeng/go/src/github.com/opencontainers/runc/Godeps/_workspace/pkg/linux_amd64/github.com/docker",  <unfinished ...>
17032 <... select resumed> )            = 0 (Timeout)
17033 <... lstat resumed> {st_mode=S_IFDIR|0775, st_size=36, ...}) = 0
17032 clock_gettime(CLOCK_MONOTONIC,  <unfinished ...>
17033 lgetxattr("/home/hmeng/go/src/github.com/opencontainers/runc/Godeps/_workspace/pkg/linux_amd64/github.com/docker", "security.capability" <unfinished ...>
17032 <... clock_gettime resumed> {4903, 458251114}) = 0
17033 <... lgetxattr resumed> , 0xc820511680, 128) = -1 ENODATA (No data available)
17032 clock_gettime(CLOCK_REALTIME,  <unfinished ...>
17033 openat(AT_FDCWD, "/home/hmeng/go/src/github.com/opencontainers/runc/Godeps/_workspace/pkg/linux_amd64/github.com/docker", O_RDONLY|O_CLOEXEC <unfinished ...>
17032 <... clock_gettime resumed> {1465918769, 242279642}) = 0
17033 <... openat resumed> )            = 7
17032 select(0, NULL, NULL, NULL, {0, 20} <unfinished ...>
17033 getdents64(7, /* 4 entries */, 4096) = 112
17033 getdents64(7, /* 0 entries */, 4096) = 0
17033 close(7)                          = 0
17033 lstat("/home/hmeng/go/src/github.com/opencontainers/runc/Godeps/_workspace/pkg/linux_amd64/github.com/docker/docker", {st_mode=S_IFDIR|0775, st_size=16, ...}) = 0
17033 lstat("/home/hmeng/go/src/github.com/opencontainers/runc/Godeps/_workspace/pkg/linux_amd64/github.com/docker/docker", {st_mode=S_IFDIR|0775, st_size=16, ...}) = 0
17032 <... select resumed> )            = 0 (Timeout)
17033 lgetxattr("/home/hmeng/go/src/github.com/opencontainers/runc/Godeps/_workspace/pkg/linux_amd64/github.com/docker/docker", "security.capability" <unfinished ...>
17032 clock_gettime(CLOCK_MONOTONIC,  <unfinished ...>
17033 <... lgetxattr resumed> , 0xc820511700, 128) = -1 ENODATA (No data available)
17032 <... clock_gettime resumed> {4903, 458434292}) = 0
17033 openat(AT_FDCWD, "/home/hmeng/go/src/github.com/opencontainers/runc/Godeps/_workspace/pkg/linux_amd64/github.com/docker/docker", O_RDONLY|O_CLOEXEC <unfinished ...>
17032 clock_gettime(CLOCK_REALTIME,  <unfinished ...>
17033 <... openat resumed> )            = 7
17032 <... clock_gettime resumed> {1465918769, 242461247}) = 0
17033 getdents64(7,  <unfinished ...>
17032 select(0, NULL, NULL, NULL, {0, 20} <unfinished ...>
17033 <... getdents64 resumed> /* 3 entries */, 4096) = 72
17033 getdents64(7, /* 0 entries */, 4096) = 0
17033 close(7 <unfinished ...>
17031 <... epoll_wait resumed> {{EPOLLOUT, {u32=2134024192, u64=140606478393344}}}, 128, -1) = 1
17033 <... close resumed> )             = 0
17031 epoll_wait(5,  <unfinished ...>
17033 lstat("/home/hmeng/go/src/github.com/opencontainers/runc/Godeps/_workspace/pkg/linux_amd64/github.com/docker/docker/pkg", {st_mode=S_IFDIR|0775, st_size=49, ...}) = 0
17033 lstat("/home/hmeng/go/src/github.com/opencontainers/runc/Godeps/_workspace/pkg/linux_amd64/github.com/docker/docker/pkg",  <unfinished ...>
17032 <... select resumed> )            = 0 (Timeout)
17033 <... lstat resumed> {st_mode=S_IFDIR|0775, st_size=49, ...}) = 0
17032 clock_gettime(CLOCK_MONOTONIC,  <unfinished ...>
17033 lgetxattr("/home/hmeng/go/src/github.com/opencontainers/runc/Godeps/_workspace/pkg/linux_amd64/github.com/docker/docker/pkg", "security.capability" <unfinished ...>
17032 <... clock_gettime resumed> {4903, 458621866}) = 0
17033 <... lgetxattr resumed> , 0xc820511900, 128) = -1 ENODATA (No data available)
17032 clock_gettime(CLOCK_REALTIME,  <unfinished ...>
17033 openat(AT_FDCWD, "/home/hmeng/go/src/github.com/opencontainers/runc/Godeps/_workspace/pkg/linux_amd64/github.com/docker/docker/pkg", O_RDONLY|O_CLOEXEC <unfinished ...>
17032 <... clock_gettime resumed> {1465918769, 242648705}) = 0
17033 <... openat resumed> )            = 7
17032 select(0, NULL, NULL, NULL, {0, 20} <unfinished ...>
17033 getdents64(7, /* 5 entries */, 4096) = 144
17033 getdents64(7, /* 0 entries */, 4096) = 0
17033 close(7)                          = 0
17033 lstat("/home/hmeng/go/src/github.com/opencontainers/runc/Godeps/_workspace/pkg/linux_amd64/github.com/docker/docker/pkg/mount.a", {st_mode=S_IFREG|0664, st_size=83634, ...}) = 0
17033 lstat("/home/hmeng/go/src/github.com/opencontainers/runc/Godeps/_workspace/pkg/linux_amd64/github.com/docker/docker/pkg/mount.a",  <unfinished ...>
17032 <... select resumed> )            = 0 (Timeout)
17031 <... epoll_wait resumed> {{EPOLLOUT, {u32=2134024192, u64=140606478393344}}}, 128, -1) = 1
17033 <... lstat resumed> {st_mode=S_IFREG|0664, st_size=83634, ...}) = 0
17032 clock_gettime(CLOCK_MONOTONIC,  <unfinished ...>
17031 epoll_wait(5,  <unfinished ...>
17033 lgetxattr("/home/hmeng/go/src/github.com/opencontainers/runc/Godeps/_workspace/pkg/linux_amd64/github.com/docker/docker/pkg/mount.a", "security.capability" <unfinished ...>
17032 <... clock_gettime resumed> {4903, 458801965}) = 0
17033 <... lgetxattr resumed> , 0xc820511d00, 128) = -1 ENODATA (No data available)
17032 clock_gettime(CLOCK_REALTIME,  <unfinished ...>
17033 openat(AT_FDCWD, "/home/hmeng/go/src/github.com/opencontainers/runc/Godeps/_workspace/pkg/linux_amd64/github.com/docker/docker/pkg/mount.a", O_RDONLY|O_CLOEXEC <unfinished ...>
17032 <... clock_gettime resumed> {1465918769, 242832006}) = 0
17033 <... openat resumed> )            = 7
17032 select(0, NULL, NULL, NULL, {0, 20} <unfinished ...>
17033 read(7, "!<arch>\n__.PKGDEF       0       "..., 32768) = 32768
17033 write(6, "8000\r\ng]*dbus.UnitStatus\"\0\6P\0\0Bc"..., 4096) = 4096
17033 write(6, "\"struct { F uintptr; s *dbus.Sub"..., 28678) = 28678
17033 write(6, "\r\n", 2)               = 2
17032 <... select resumed> )            = 0 (Timeout)
17033 read(7,  <unfinished ...>
17032 clock_gettime(CLOCK_MONOTONIC,  <unfinished ...>
17031 <... epoll_wait resumed> {{EPOLLOUT, {u32=2134024192, u64=140606478393344}}}, 128, -1) = 1
17033 <... read resumed> "\0$\"\".ensureMountedAs\0\0\0\314\1\10\f\0\0000ru"..., 32768) = 32768
17032 <... clock_gettime resumed> {4903, 458996634}) = 0
17031 epoll_wait(5,  <unfinished ...>
17033 write(6, "8000\r\no.string.\"norelatime\"\0\0\0\2723"..., 4096 <unfinished ...>
17032 clock_gettime(CLOCK_REALTIME,  <unfinished ...>
17031 <... epoll_wait resumed> {{EPOLLOUT, {u32=2134024192, u64=140606478393344}}}, 128, -1) = 1
17033 <... write resumed> )             = 4096
17032 <... clock_gettime resumed> {1465918769, 243045970}) = 0
17031 epoll_wait(5,  <unfinished ...>
17033 write(6, "ainers/runc/Godeps/_workspace/sr"..., 28678 <unfinished ...>
17032 select(0, NULL, NULL, NULL, {0, 20} <unfinished ...>
17033 <... write resumed> )             = 28678
17033 write(6, "\r\n", 2)               = 2
17033 read(7, "hdr[string]struct { clear bool; "..., 32768) = 18098
17033 read(7, "", 14670)                = 0
17033 close(7)                          = 0
17033 write(6, "8000\r\n\0\0\2\346\1/home/hmeng/go/src/gi"..., 4096 <unfinished ...>
17032 <... select resumed> )            = 0 (Timeout)
17033 <... write resumed> )             = 4096
17032 clock_gettime(CLOCK_MONOTONIC,  <unfinished ...>
17033 write(6, "\2\0\0\0\0\0\0\0\2\0\20\2\0\0\34go.string.\"rw\"\0\0\0"..., 28678 <unfinished ...>
17032 <... clock_gettime resumed> {4903, 459209607}) = 0
17033 <... write resumed> )             = 28678
17032 clock_gettime(CLOCK_REALTIME,  <unfinished ...>
17033 write(6, "\r\n", 2 <unfinished ...>
17032 <... clock_gettime resumed> {1465918769, 243229532}) = 0
17033 <... write resumed> )             = 2
17032 select(0, NULL, NULL, NULL, {0, 20} <unfinished ...>
17033 lstat("/home/hmeng/go/src/github.com/opencontainers/runc/Godeps/_workspace/pkg/linux_amd64/github.com/docker/docker/pkg/symlink.a", {st_mode=S_IFREG|0664, st_size=15008, ...}) = 0
17033 lstat("/home/hmeng/go/src/github.com/opencontainers/runc/Godeps/_workspace/pkg/linux_amd64/github.com/docker/docker/pkg/symlink.a", {st_mode=S_IFREG|0664, st_size=15008, ...}) = 0
17033 lgetxattr("/home/hmeng/go/src/github.com/opencontainers/runc/Godeps/_workspace/pkg/linux_amd64/github.com/docker/docker/pkg/symlink.a", "security.capability", 0xc8201ea100, 128) = -1 ENODATA (No data available)
17033 openat(AT_FDCWD, "/home/hmeng/go/src/github.com/opencontainers/runc/Godeps/_workspace/pkg/linux_amd64/github.com/docker/docker/pkg/symlink.a", O_RDONLY|O_CLOEXEC <unfinished ...>
17032 <... select resumed> )            = 0 (Timeout)
17033 <... openat resumed> )            = 7
17032 clock_gettime(CLOCK_MONOTONIC,  <unfinished ...>
17033 read(7,  <unfinished ...>
17032 <... clock_gettime resumed> {4903, 459377805}) = 0
17033 <... read resumed> "!<arch>\n__.PKGDEF       0       "..., 32768) = 15008
17032 clock_gettime(CLOCK_REALTIME,  <unfinished ...>
17033 read(7,  <unfinished ...>
17032 <... clock_gettime resumed> {1465918769, 243395600}) = 0
17033 <... read resumed> "", 17760)     = 0
17032 select(0, NULL, NULL, NULL, {0, 20} <unfinished ...>
17033 close(7)                          = 0
17033 lstat("/home/hmeng/go/src/github.com/opencontainers/runc/Godeps/_workspace/pkg/linux_amd64/github.com/docker/docker/pkg/term.a", {st_mode=S_IFREG|0664, st_size=78892, ...}) = 0
17033 lstat("/home/hmeng/go/src/github.com/opencontainers/runc/Godeps/_workspace/pkg/linux_amd64/github.com/docker/docker/pkg/term.a", {st_mode=S_IFREG|0664, st_size=78892, ...}) = 0
17033 lgetxattr("/home/hmeng/go/src/github.com/opencontainers/runc/Godeps/_workspace/pkg/linux_amd64/github.com/docker/docker/pkg/term.a", "security.capability", 0xc8201ea500, 128) = -1 ENODATA (No data available)
17033 openat(AT_FDCWD, "/home/hmeng/go/src/github.com/opencontainers/runc/Godeps/_workspace/pkg/linux_amd64/github.com/docker/docker/pkg/term.a", O_RDONLY|O_CLOEXEC <unfinished ...>
17032 <... select resumed> )            = 0 (Timeout)
17033 <... openat resumed> )            = 7
17032 clock_gettime(CLOCK_MONOTONIC,  <unfinished ...>
17033 read(7,  <unfinished ...>
17032 <... clock_gettime resumed> {4903, 459546868}) = 0
17033 <... read resumed> "!<arch>\n__.PKGDEF       0       "..., 32768) = 32768
17032 clock_gettime(CLOCK_REALTIME,  <unfinished ...>
17033 write(6, "8000\r\n5f4d7c62fa2\0\2\30\0\0\30\1\0\0\0\3\0\0\0\1"..., 4096 <unfinished ...>
17032 <... clock_gettime resumed> {1465918769, 243574928}) = 0
17033 <... write resumed> )             = 4096
17032 select(0, NULL, NULL, NULL, {0, 20} <unfinished ...>
17033 write(6, ".\"*[1]interface {}\"\0\6 \0\0 \0\0\0\0\0\0\0"..., 28678 <unfinished ...>
17031 <... epoll_wait resumed> {{EPOLLOUT, {u32=2134024192, u64=140606478393344}}}, 128, -1) = 1
17033 <... write resumed> )             = 28678
17031 epoll_wait(5,  <unfinished ...>
17033 write(6, "\r\n", 2)               = 2
17033 read(7, "\f\0\0\16io.init\0\0\0\220\1\10\f\0\0\16os.init\0\0\0\232"..., 32768) = 32768
17032 <... select resumed> )            = 0 (Timeout)
17033 write(6, "8000\r\nme \"esc:0x12\") Local () (?"..., 4096 <unfinished ...>
17032 clock_gettime(CLOCK_MONOTONIC,  <unfinished ...>
17033 <... write resumed> )             = 4096
17032 <... clock_gettime resumed> {4903, 459723756}) = 0
17033 write(6, "@\"os\".ret\302\2671 int64, @\"os\".err\302\2672"..., 28678 <unfinished ...>
17032 clock_gettime(CLOCK_REALTIME,  <unfinished ...>
17033 <... write resumed> )             = 28678
17032 <... clock_gettime resumed> {1465918769, 243742880}) = 0
17033 write(6, "\r\n", 2 <unfinished ...>
17032 select(0, NULL, NULL, NULL, {0, 20} <unfinished ...>
17033 <... write resumed> )             = 2
17033 read(7, "go.string.hdr.\"term._Ctype_uchar"..., 32768) = 13356
17033 read(7, "", 19412)                = 0
17033 close(7)                          = 0
17033 ioctl(0, TIOCGWINSZ, {ws_row=35, ws_col=112, ws_xpixel=0, ws_ypixel=0}) = 0
17032 <... select resumed> )            = 0 (Timeout)
17033 ioctl(0, TIOCGWINSZ <unfinished ...>
17032 clock_gettime(CLOCK_MONOTONIC,  <unfinished ...>
17033 <... ioctl resumed> , {ws_row=35, ws_col=112, ws_xpixel=0, ws_ypixel=0}) = 0
17032 <... clock_gettime resumed> {4903, 459885908}) = 0
17033 write(1, "Sending build context to Docker "..., 48 <unfinished ...>
17032 clock_gettime(CLOCK_REALTIME,  <unfinished ...>
17033 <... write resumed> )             = 48
17032 <... clock_gettime resumed> {1465918769, 243957874}) = 0
17033 write(6, "8000\r\n\0\376\20\"\"\".DisableEcho\302\267f\0\2\20\0\0"..., 4096 <unfinished ...>
17032 select(0, NULL, NULL, NULL, {0, 20} <unfinished ...>
17033 <... write resumed> )             = 4096
17033 write(6, "\0\0\0\0\0\0\0\0\0\0\0\0\0\0\0\0\0\0\0\0\0\0\0\0\0\0\n0\20\2\240\4"..., 28678) = 28678
17033 write(6, "\r\n", 2)               = 2
17033 lstat("/home/hmeng/go/src/github.com/opencontainers/runc/Godeps/_workspace/pkg/linux_amd64/github.com/docker/go-units.a", {st_mode=S_IFREG|0664, st_size=53948, ...}) = 0
17033 lstat("/home/hmeng/go/src/github.com/opencontainers/runc/Godeps/_workspace/pkg/linux_amd64/github.com/docker/go-units.a",  <unfinished ...>
17032 <... select resumed> )            = 0 (Timeout)
17033 <... lstat resumed> {st_mode=S_IFREG|0664, st_size=53948, ...}) = 0
17032 clock_gettime(CLOCK_MONOTONIC,  <unfinished ...>
17033 lgetxattr("/home/hmeng/go/src/github.com/opencontainers/runc/Godeps/_workspace/pkg/linux_amd64/github.com/docker/go-units.a", "security.capability" <unfinished ...>
17032 <... clock_gettime resumed> {4903, 460124619}) = 0
17033 <... lgetxattr resumed> , 0xc8201ea780, 128) = -1 ENODATA (No data available)
17032 clock_gettime(CLOCK_REALTIME,  <unfinished ...>
17033 openat(AT_FDCWD, "/home/hmeng/go/src/github.com/opencontainers/runc/Godeps/_workspace/pkg/linux_amd64/github.com/docker/go-units.a", O_RDONLY|O_CLOEXEC <unfinished ...>
17032 <... clock_gettime resumed> {1465918769, 244152175}) = 0
17033 <... openat resumed> )            = 7
17032 select(0, NULL, NULL, NULL, {0, 20} <unfinished ...>
17033 read(7, "!<arch>\n__.PKGDEF       0       "..., 32768) = 32768
17033 write(6, "8000\r\n\23\0\0\0\1\0\0\0\10\0\0\0\0\0\0\0\30\0\0\0\0\0\0\0+\0"..., 4096) = 4096
17033 write(6, "\0\0\v\0\0\0q\1\0\0\0\0\0\0N\5\0\0\0\0\0\0\n\0\0\0\v\0\0\0\23\2"..., 28678) = 28678
17033 write(6, "\r\n", 2)               = 2
17032 <... select resumed> )            = 0 (Timeout)
17033 read(7,  <unfinished ...>
17032 clock_gettime(CLOCK_MONOTONIC,  <unfinished ...>
17033 <... read resumed> "\0\0\0\2\0\20\2\0\0\30\"\".parseSize\0\0\0\376\20\24\"\".i"..., 32768) = 21180
17032 <... clock_gettime resumed> {4903, 460301827}) = 0
17033 read(7,  <unfinished ...>
17032 clock_gettime(CLOCK_REALTIME,  <unfinished ...>
17033 <... read resumed> "", 11588)     = 0
17032 <... clock_gettime resumed> {1465918769, 244327786}) = 0
17033 close(7 <unfinished ...>
17032 select(0, NULL, NULL, NULL, {0, 20} <unfinished ...>
17033 <... close resumed> )             = 0
17033 lstat("/home/hmeng/go/src/github.com/opencontainers/runc/Godeps/_workspace/pkg/linux_amd64/github.com/godbus", {st_mode=S_IFDIR|0775, st_size=19, ...}) = 0
17033 lstat("/home/hmeng/go/src/github.com/opencontainers/runc/Godeps/_workspace/pkg/linux_amd64/github.com/godbus", {st_mode=S_IFDIR|0775, st_size=19, ...}) = 0
17033 lgetxattr("/home/hmeng/go/src/github.com/opencontainers/runc/Godeps/_workspace/pkg/linux_amd64/github.com/godbus", "security.capability" <unfinished ...>
17032 <... select resumed> )            = 0 (Timeout)
17033 <... lgetxattr resumed> , 0xc8201ea880, 128) = -1 ENODATA (No data available)
17032 clock_gettime(CLOCK_MONOTONIC,  <unfinished ...>
17033 openat(AT_FDCWD, "/home/hmeng/go/src/github.com/opencontainers/runc/Godeps/_workspace/pkg/linux_amd64/github.com/godbus", O_RDONLY|O_CLOEXEC <unfinished ...>
17032 <... clock_gettime resumed> {4903, 460505056}) = 0
17033 <... openat resumed> )            = 7
17032 clock_gettime(CLOCK_REALTIME,  <unfinished ...>
17033 getdents64(7,  <unfinished ...>
17032 <... clock_gettime resumed> {1465918769, 244533235}) = 0
17033 <... getdents64 resumed> /* 3 entries */, 4096) = 80
17032 select(0, NULL, NULL, NULL, {0, 20} <unfinished ...>
17033 getdents64(7, /* 0 entries */, 4096) = 0
17033 close(7)                          = 0
17033 lstat("/home/hmeng/go/src/github.com/opencontainers/runc/Godeps/_workspace/pkg/linux_amd64/github.com/godbus/dbus.a", {st_mode=S_IFREG|0664, st_size=1291148, ...}) = 0
17033 lstat("/home/hmeng/go/src/github.com/opencontainers/runc/Godeps/_workspace/pkg/linux_amd64/github.com/godbus/dbus.a", {st_mode=S_IFREG|0664, st_size=1291148, ...}) = 0
17033 lgetxattr("/home/hmeng/go/src/github.com/opencontainers/runc/Godeps/_workspace/pkg/linux_amd64/github.com/godbus/dbus.a", "security.capability" <unfinished ...>
17032 <... select resumed> )            = 0 (Timeout)
17033 <... lgetxattr resumed> , 0xc8201ea900, 128) = -1 ENODATA (No data available)
17032 clock_gettime(CLOCK_MONOTONIC,  <unfinished ...>
17033 openat(AT_FDCWD, "/home/hmeng/go/src/github.com/opencontainers/runc/Godeps/_workspace/pkg/linux_amd64/github.com/godbus/dbus.a", O_RDONLY|O_CLOEXEC <unfinished ...>
17032 <... clock_gettime resumed> {4903, 460687377}) = 0
17033 <... openat resumed> )            = 7
17032 clock_gettime(CLOCK_REALTIME,  <unfinished ...>
17033 read(7,  <unfinished ...>
17032 <... clock_gettime resumed> {1465918769, 244708817}) = 0
17033 <... read resumed> "!<arch>\n__.PKGDEF       0       "..., 32768) = 32768
17032 select(0, NULL, NULL, NULL, {0, 20} <unfinished ...>
17033 write(6, "8000\r\ns\"\0\6 \0\0 \0\0\0\0\0\0\0\0\7\0\0\0\0\0\0\0\2\0"..., 4096) = 4096
17033 write(6, "\"\".binaryMap\0\0\20\36type.\"\".unitMap\0"..., 28678) = 28678
17033 write(6, "\r\n", 2)               = 2
17033 read(7, "dNullByte () (? error)\n\tfunc (@\""..., 32768) = 32768
17033 write(6, "8000\r\nface { Lock(); Unlock() }\n"..., 4096 <unfinished ...>
17032 <... select resumed> )            = 0 (Timeout)
17033 <... write resumed> )             = 4096
17032 clock_gettime(CLOCK_MONOTONIC,  <unfinished ...>
17033 write(6, "}\n\tfunc (@\"bufio\".b\302\2673 *@\"bufio\""..., 28678 <unfinished ...>
17032 <... clock_gettime resumed> {4903, 460881987}) = 0
17033 <... write resumed> )             = 28678
17032 clock_gettime(CLOCK_REALTIME,  <unfinished ...>
17033 write(6, "\r\n", 2 <unfinished ...>
17032 <... clock_gettime resumed> {1465918769, 244901913}) = 0
17033 <... write resumed> )             = 2
17032 select(0, NULL, NULL, NULL, {0, 20} <unfinished ...>
17033 read(7, "6698342c3bbcd2bb7aa44d\0Tgclocals"..., 32768) = 32768
17033 write(6, "8000\r\n\0\0\0\0\17\21G\370H\215\234$\30\4\0\0H\203\373\0\17\204\365\n\0\0"..., 4096) = 4096
17033 write(6, "untime.writeBarrier\0\0\0\352\22\10\32\0\0\34typ"..., 28678) = 28678
17033 write(6, "\r\n", 2 <unfinished ...>
17032 <... select resumed> )            = 0 (Timeout)
17033 <... write resumed> )             = 2
17032 clock_gettime(CLOCK_MONOTONIC,  <unfinished ...>
17033 read(7,  <unfinished ...>
17032 <... clock_gettime resumed> {4903, 461049895}) = 0
17033 <... read resumed> "25\0\177\2(type.[1]interface {}\0\36\"\".a"..., 32768) = 32768
17032 clock_gettime(CLOCK_REALTIME,  <unfinished ...>
17033 write(6, "8000\r\n0\377\323H\213D$\10H\321\340H\215\35\0\0\0\0H\211\34$H\211D$"..., 4096 <unfinished ...>
17032 <... clock_gettime resumed> {1465918769, 245078447}) = 0
17033 <... write resumed> )             = 4096
17032 select(0, NULL, NULL, NULL, {0, 20} <unfinished ...>
17035 <... futex resumed> )             = 0
17033 write(6, "\200\372\0\17\204\31\2\0\0H\213Y\10H9\303\17\214\f\2\0\0H\211\310H\211D$XH\213"..., 28678 <unfinished ...>
17035 select(0, NULL, NULL, NULL, {0, 100} <unfinished ...>
17033 <... write resumed> )             = 28678
17033 write(6, "\r\n", 2)               = 2
17033 read(7, "\0\0H\211\224$\200\0\0\0H\211\24$H\211\254$\210\0\0\0H\211l$\10\307D$\20:"..., 32768) = 32768
17032 <... select resumed> )            = 0 (Timeout)
17033 write(6, "8000\r\n\375I\211\310H\211\214$\360\1\0\0H9\315\17\207\323\4\0\0I9\353\17\207"..., 4096 <unfinished ...>
17032 clock_gettime(CLOCK_MONOTONIC,  <unfinished ...>
17033 <... write resumed> )             = 4096
17032 <... clock_gettime resumed> {4903, 461254335}) = 0
17033 write(6, "\"\".Variant\0\0\0\354\35\10\f\0\0$runtime.mapa"..., 28678 <unfinished ...>
17032 clock_gettime(CLOCK_REALTIME,  <unfinished ...>
17033 <... write resumed> )             = 28678
17032 <... clock_gettime resumed> {1465918769, 245291936}) = 0
17035 <... select resumed> )            = 0 (Timeout)
17033 write(6, "\r\n", 2 <unfinished ...>
17032 select(0, NULL, NULL, NULL, {0, 20} <unfinished ...>
17035 read(7,  <unfinished ...>
17033 <... write resumed> )             = 2
17035 <... read resumed> "\4\4<\0\0\4Tgclocals\302\26723e8278e2b69a3a"..., 32768) = 32768
17033 futex(0xc82002ea10, FUTEX_WAIT, 0, NULL <unfinished ...>
17035 futex(0xc82002ea10, FUTEX_WAKE, 1 <unfinished ...>
17033 <... futex resumed> )             = -1 EAGAIN (Resource temporarily unavailable)
17035 <... futex resumed> )             = 0
17033 select(0, NULL, NULL, NULL, {0, 100} <unfinished ...>
17032 <... select resumed> )            = 0 (Timeout)
17035 write(6, "8000\r\n96f21a92a\0Tgclocals\302\26712fc1"..., 4096 <unfinished ...>
17032 clock_gettime(CLOCK_MONOTONIC, {4903, 461484943}) = 0
17035 <... write resumed> )             = 4096
17032 clock_gettime(CLOCK_REALTIME, {1465918769, 245500102}) = 0
17035 write(6, "\10H\211L$\10H\213\264$\230\0\0\0H\213\254$\240\0\0\0H\211\303H9\350\17\203\203\0"..., 28678 <unfinished ...>
17032 select(0, NULL, NULL, NULL, {0, 20} <unfinished ...>
17035 <... write resumed> )             = 28678
17035 write(6, "\r\n", 2 <unfinished ...>
17033 <... select resumed> )            = 0 (Timeout)
17032 <... select resumed> )            = 0 (Timeout)
17035 <... write resumed> )             = 2
17033 select(0, NULL, NULL, NULL, {0, 100} <unfinished ...>
17032 clock_gettime(CLOCK_MONOTONIC,  <unfinished ...>
17035 read(7,  <unfinished ...>
17032 <... clock_gettime resumed> {4903, 461681401}) = 0
17035 <... read resumed> "$H\215\234$x\2\0\0H\211\\$\10H\307D$\20\0\0\0\0\350\0\0\0\0H\215\\$"..., 32768) = 32768
17032 clock_gettime(CLOCK_REALTIME, {1465918769, 245708474}) = 0
17035 write(6, "8000\r\n\1\7\17\16\21\n\0\0022\0\227\1\4+\2b\2b\3T\6\237\1\5\33\6"..., 4096 <unfinished ...>
17032 select(0, NULL, NULL, NULL, {0, 20} <unfinished ...>
17035 <... write resumed> )             = 4096
17035 write(6, "\3\0\0H\211\264$\260\3\0\0H\215\35\0\0\0\0H\211\34$H\215\234$\250\3\0\0H\211"..., 28678) = -1 EAGAIN (Resource temporarily unavailable)
17035 read(7,  <unfinished ...>
17033 <... select resumed> )            = 0 (Timeout)
17032 <... select resumed> )            = 0 (Timeout)
17035 <... read resumed> "msgInvalidArg\0\0\0\354E\10\32 \0&\"\".errmsg"..., 32768) = 32768
17033 futex(0xc82002ea10, FUTEX_WAIT, 0, NULL <unfinished ...>
17032 clock_gettime(CLOCK_MONOTONIC,  <unfinished ...>
17035 futex(0xc8200f6590, FUTEX_WAIT, 0, NULL <unfinished ...>
17032 <... clock_gettime resumed> {4903, 461924915}) = 0
17032 clock_gettime(CLOCK_REALTIME, {1465918769, 245947152}) = 0
17032 select(0, NULL, NULL, NULL, {0, 20}) = 0 (Timeout)
17032 clock_gettime(CLOCK_MONOTONIC, {4903, 462088139}) = 0
17032 futex(0x21ee760, FUTEX_WAIT, 0, {60, 0} <unfinished ...>
17031 <... epoll_wait resumed> {{EPOLLOUT, {u32=2134024192, u64=140606478393344}}}, 128, -1) = 1
17031 clock_gettime(CLOCK_MONOTONIC, {4903, 464121638}) = 0
17031 futex(0xc8200f6590, FUTEX_WAKE, 1) = 1
17035 <... futex resumed> )             = 0
17031 futex(0x21ee760, FUTEX_WAKE, 1 <unfinished ...>
17035 epoll_wait(5,  <unfinished ...>
17032 <... futex resumed> )             = 0
17031 <... futex resumed> )             = 1
17035 <... epoll_wait resumed> {{EPOLLOUT, {u32=2134024192, u64=140606478393344}}}, 128, 0) = 1
17032 sched_yield( <unfinished ...>
17031 write(6, "\3\0\0H\211\264$\260\3\0\0H\215\35\0\0\0\0H\211\34$H\215\234$\250\3\0\0H\211"..., 28678 <unfinished ...>
17035 epoll_wait(5,  <unfinished ...>
17032 <... sched_yield resumed> )       = 0
17031 <... write resumed> )             = 28678
17032 futex(0x21ee6a0, FUTEX_WAKE, 1 <unfinished ...>
17031 write(6, "\r\n", 2 <unfinished ...>
17032 <... futex resumed> )             = 0
17031 <... write resumed> )             = 2
17035 <... epoll_wait resumed> {{EPOLLOUT, {u32=2134024192, u64=140606478393344}}}, 128, -1) = 1
17032 clock_gettime(CLOCK_MONOTONIC,  <unfinished ...>
17031 futex(0xc82002ea10, FUTEX_WAKE, 1 <unfinished ...>
17035 epoll_wait(5,  <unfinished ...>
17033 <... futex resumed> )             = 0
17032 <... clock_gettime resumed> {4903, 464409907}) = 0
17031 <... futex resumed> )             = 1
17035 <... epoll_wait resumed> {{EPOLLOUT, {u32=2134024192, u64=140606478393344}}}, 128, -1) = 1
17033 select(0, NULL, NULL, NULL, {0, 100} <unfinished ...>
17032 clock_gettime(CLOCK_REALTIME,  <unfinished ...>
17031 write(6, "8000\r\nH\211\\$\10H\213\234$\230\4\0\0H\211\\$\20\350\0\0\0\0H\213L"..., 4096 <unfinished ...>
17035 epoll_wait(5,  <unfinished ...>
17032 <... clock_gettime resumed> {1465918769, 248464634}) = 0
17031 <... write resumed> )             = 4096
17032 select(0, NULL, NULL, NULL, {0, 20} <unfinished ...>
17031 write(6, "\f\0\0.runtime.writebarrierptr\0\0\0\362Y"..., 28678) = 28678
17031 write(6, "\r\n", 2)               = 2
17031 read(7, "\0\0\0\0H\211\\$\10H\215\35\0\0\0\0H\211\\$\20\350\0\0\0\0H\213D$\30\351"..., 32768) = 32768
17033 <... select resumed> )            = 0 (Timeout)
17032 <... select resumed> )            = 0 (Timeout)
17031 write(6, "8000\r\n76\0\0\2\36type.\"\".Variant\0\36\"\"."..., 4096 <unfinished ...>
17033 read(7,  <unfinished ...>
17032 clock_gettime(CLOCK_MONOTONIC,  <unfinished ...>
17031 <... write resumed> )             = 4096
17035 <... epoll_wait resumed> {{EPOLLOUT, {u32=2134024192, u64=140606478393344}}}, 128, -1) = 1
17033 <... read resumed> "ield\0\36\"\".autotmp_1320\0\257\5\2\26type.s"..., 32768) = 32768
17032 <... clock_gettime resumed> {4903, 464645291}) = 0
17031 write(6, "\\$\30H\211\234$8\1\0\0H\213\\$ H\211\234$@\1\0\0H\213\\$(H\211\234"..., 28678 <unfinished ...>
17035 epoll_wait(5,  <unfinished ...>
17033 futex(0xc82002ea10, FUTEX_WAIT, 0, NULL <unfinished ...>
17032 clock_gettime(CLOCK_REALTIME,  <unfinished ...>
17031 <... write resumed> )             = 28678
17035 <... epoll_wait resumed> {{EPOLLOUT, {u32=2134024192, u64=140606478393344}}}, 128, -1) = 1
17032 <... clock_gettime resumed> {1465918769, 248701520}) = 0
17031 write(6, "\r\n", 2 <unfinished ...>
17035 epoll_wait(5,  <unfinished ...>
17032 select(0, NULL, NULL, NULL, {0, 20} <unfinished ...>
17031 <... write resumed> )             = 2
17031 futex(0xc82002ea10, FUTEX_WAKE, 1 <unfinished ...>
17033 <... futex resumed> )             = 0
17031 <... futex resumed> )             = 1
17033 select(0, NULL, NULL, NULL, {0, 100} <unfinished ...>
17031 write(6, "8000\r\np2Itab\0\0\0\364N\10\f\0\0.runtime.wr"..., 4096) = 4096
17031 write(6, "\0\0H\213\234$`\3\0\0H\211\34$\350\0\0\0\0H\213D$\10H\213L$\20H\211\214"..., 28678 <unfinished ...>
17032 <... select resumed> )            = 0 (Timeout)
17031 <... write resumed> )             = 28678
17032 clock_gettime(CLOCK_MONOTONIC,  <unfinished ...>
17031 write(6, "\r\n", 2 <unfinished ...>
17032 <... clock_gettime resumed> {4903, 464862223}) = 0
17031 <... write resumed> )             = 2
17032 clock_gettime(CLOCK_REALTIME,  <unfinished ...>
17031 read(7,  <unfinished ...>
17032 <... clock_gettime resumed> {1465918769, 248884180}) = 0
17031 <... read resumed> "\f\0\0$runtime.mapaccess1\0\0\0\364\t\10\f\0\0\24"..., 32768) = 32768
17035 <... epoll_wait resumed> {{EPOLLOUT, {u32=2134024192, u64=140606478393344}}}, 128, -1) = 1
17032 select(0, NULL, NULL, NULL, {0, 20} <unfinished ...>
17031 write(6, "8000\r\nL\215CHL\211\4$H\211l$\10\350\0\0\0\0\351\341\375\377\377\211\3\351"..., 4096 <unfinished ...>
17035 epoll_wait(5,  <unfinished ...>
17033 <... select resumed> )            = 0 (Timeout)
17031 <... write resumed> )             = 4096
17035 <... epoll_wait resumed> {{EPOLLOUT, {u32=2134024192, u64=140606478393344}}}, 128, -1) = 1
17033 read(7,  <unfinished ...>
17031 write(6, "ing\0\36\"\".autotmp_1376\0\0\2&type.\"\"."..., 28678 <unfinished ...>
17035 epoll_wait(5,  <unfinished ...>
17033 <... read resumed> "encoding/binary.ByteOrder\0\0\0\210\23\10\32"..., 32768) = 32768
17032 <... select resumed> )            = 0 (Timeout)
17031 <... write resumed> )             = 28678
17033 futex(0xc82002ea10, FUTEX_WAIT, 0, NULL <unfinished ...>
17032 clock_gettime(CLOCK_MONOTONIC,  <unfinished ...>
17031 write(6, "\r\n", 2 <unfinished ...>
17032 <... clock_gettime resumed> {4903, 465057080}) = 0
17031 <... write resumed> )             = 2
17032 clock_gettime(CLOCK_REALTIME,  <unfinished ...>
17031 futex(0xc82002ea10, FUTEX_WAKE, 1 <unfinished ...>
17033 <... futex resumed> )             = 0
17032 <... clock_gettime resumed> {1465918769, 249078281}) = 0
17031 <... futex resumed> )             = 1
17033 select(0, NULL, NULL, NULL, {0, 100} <unfinished ...>
17032 select(0, NULL, NULL, NULL, {0, 20} <unfinished ...>
17031 write(6, "8000\r\nors.errorString.error\0\0\0\366\4"..., 4096) = 4096
17031 write(6, "\234$\370\0\0\0H\211\204$\0\1\0\0H\211\214$\10\1\0\0H\201\304\330\0\0\0\303H\215"..., 28678) = 28678
17031 write(6, "\r\n", 2)               = 2
17031 read(7, "erptr\0\0\0\334F\10\32\0\0$type.[]\"\".varToke"..., 32768) = 32768
17032 <... select resumed> )            = 0 (Timeout)
17032 clock_gettime(CLOCK_MONOTONIC,  <unfinished ...>
17031 write(6, "8000\r\nome/hmeng/go/src/github.co"..., 4096 <unfinished ...>
17032 <... clock_gettime resumed> {4903, 465246634}) = 0
17031 <... write resumed> )             = 4096
17033 <... select resumed> )            = 0 (Timeout)
17032 clock_gettime(CLOCK_REALTIME,  <unfinished ...>
17031 write(6, "$@H\211\224$`\2\0\0H\211\24$H\211\214$h\2\0\0H\211L$\10H\211\204$p"..., 28678 <unfinished ...>
17033 read(7,  <unfinished ...>
17032 <... clock_gettime resumed> {1465918769, 249288376}) = 0
17031 <... write resumed> )             = 28678
17033 <... read resumed> "\0\0\362\17\20D$\30H\213D$ H\213L$(H\211\214$\370\0\0\0H\211\204$\360\0"..., 32768) = 32768
17032 select(0, NULL, NULL, NULL, {0, 20} <unfinished ...>
17031 write(6, "\r\n", 2 <unfinished ...>
17033 futex(0xc82002ea10, FUTEX_WAIT, 0, NULL <unfinished ...>
17031 <... write resumed> )             = 2
17031 futex(0xc82002ea10, FUTEX_WAKE, 1 <unfinished ...>
17033 <... futex resumed> )             = 0
17031 <... futex resumed> )             = 1
17033 select(0, NULL, NULL, NULL, {0, 100} <unfinished ...>
17031 write(6, "8000\r\nrmal\302\267f\0\0\0\310\6\10\f\0\0.runtime.w"..., 4096) = 4096
17032 <... select resumed> )            = 0 (Timeout)
17031 write(6, "Lexer\0000\2\37\260\3\241\7\257\3\1\260\3\375\1\257\3\1\260\3\337\1\257\3\22\0\10"..., 28678 <unfinished ...>
17032 clock_gettime(CLOCK_MONOTONIC,  <unfinished ...>
17031 <... write resumed> )             = 28678
17032 <... clock_gettime resumed> {4903, 465456913}) = 0
17031 write(6, "\r\n", 2 <unfinished ...>
17032 clock_gettime(CLOCK_REALTIME,  <unfinished ...>
17031 <... write resumed> )             = 2
17032 <... clock_gettime resumed> {1465918769, 249478283}) = 0
17031 read(7,  <unfinished ...>
17032 select(0, NULL, NULL, NULL, {0, 20} <unfinished ...>
17031 <... read resumed> "H\211\214$ \2\0\0\351\37\373\377\377H\211\4$\350\0\0\0\0H\213\\$\10H\211\34$H"..., 32768) = 32768
17031 write(6, "8000\r\nuntime.convT2I\0\0\0\376)\10\32\0\0\32go"..., 4096) = 4096
17031 write(6, "L\211L$8L\211\f$L\211D$@L\211D$\10H\215-\0\0\0\0H\211l$\20H"..., 28678 <unfinished ...>
17033 <... select resumed> )            = 0 (Timeout)
17032 <... select resumed> )            = 0 (Timeout)
17031 <... write resumed> )             = 28678
17033 read(7,  <unfinished ...>
17032 clock_gettime(CLOCK_MONOTONIC,  <unfinished ...>
17031 write(6, "\r\n", 2 <unfinished ...>
17033 <... read resumed> "pe.error\0\34errors.text\302\2672\0\217\n\2\26typ"..., 32768) = 32768
17032 <... clock_gettime resumed> {4903, 465610503}) = 0
17031 <... write resumed> )             = 2
17033 futex(0xc82002ea10, FUTEX_WAIT, 0, NULL <unfinished ...>
17032 clock_gettime(CLOCK_REALTIME,  <unfinished ...>
17031 futex(0xc82002ea10, FUTEX_WAKE, 1 <unfinished ...>
17033 <... futex resumed> )             = -1 EAGAIN (Resource temporarily unavailable)
17032 <... clock_gettime resumed> {1465918769, 249646441}) = 0
17031 <... futex resumed> )             = 0
17033 select(0, NULL, NULL, NULL, {0, 100} <unfinished ...>
17032 select(0, NULL, NULL, NULL, {0, 20} <unfinished ...>
17031 ioctl(0, TIOCGWINSZ, {ws_row=35, ws_col=112, ws_xpixel=0, ws_ypixel=0}) = 0
17031 ioctl(0, TIOCGWINSZ, {ws_row=35, ws_col=112, ws_xpixel=0, ws_ypixel=0}) = 0
17031 write(1, "Sending build context to Docker "..., 48 <unfinished ...>
17032 <... select resumed> )            = 0 (Timeout)
17031 <... write resumed> )             = 48
17032 clock_gettime(CLOCK_MONOTONIC,  <unfinished ...>
17031 write(6, "8000\r\nen\0\10\"\".n\0\277\1\2\"type.\"\".array"..., 4096 <unfinished ...>
17033 <... select resumed> )            = 0 (Timeout)
17032 <... clock_gettime resumed> {4903, 465839309}) = 0
17031 <... write resumed> )             = 4096
17033 read(7,  <unfinished ...>
17032 clock_gettime(CLOCK_REALTIME,  <unfinished ...>
17031 write(6, "\30\210\224$\330\0\0\0H\211\214$\340\0\0\0H\211\274$\350\0\0\0H\211\370\210\224$\250\0"..., 28678 <unfinished ...>
17033 <... read resumed> "runtime.writebarrierptr\0\0\0\344n\10\32\20\0"..., 32768) = 32768
17032 <... clock_gettime resumed> {1465918769, 249890727}) = 0
17031 <... write resumed> )             = 28678
17033 futex(0xc82002ea10, FUTEX_WAIT, 0, NULL <unfinished ...>
17032 select(0, NULL, NULL, NULL, {0, 20} <unfinished ...>
17031 write(6, "\r\n", 2)               = 2
17031 futex(0xc82002ea10, FUTEX_WAKE, 1 <unfinished ...>
17033 <... futex resumed> )             = 0
17031 <... futex resumed> )             = 1
17033 select(0, NULL, NULL, NULL, {0, 100} <unfinished ...>
17031 write(6, "8000\r\n/hmeng/go/src/github.com/o"..., 4096 <unfinished ...>
17032 <... select resumed> )            = 0 (Timeout)
17031 <... write resumed> )             = 4096
17032 clock_gettime(CLOCK_MONOTONIC,  <unfinished ...>
17031 write(6, "growslice\0\0\0\316#\10\32\0\0\30type.[]uint8\0"..., 28678 <unfinished ...>
17032 <... clock_gettime resumed> {4903, 466050484}) = 0
17031 <... write resumed> )             = 28678
17032 clock_gettime(CLOCK_REALTIME,  <unfinished ...>
17031 write(6, "\r\n", 2 <unfinished ...>
17032 <... clock_gettime resumed> {1465918769, 250072267}) = 0
17031 <... write resumed> )             = 2
17032 select(0, NULL, NULL, NULL, {0, 20} <unfinished ...>
17031 read(7, "H\211\34$H\211T$xH\211\214$\200\0\0\0H\211\254$\210\0\0\0H\211l$`H\211"..., 32768) = 32768
17031 write(6, "8000\r\n4cb\0\0\0\2\36<autogenerated>\2\376\2"..., 4096) = 4096
17031 write(6, ".authCookieSha1\0 \2\27\260\1\356\1\257\1\1\260\1\4\257\1\26"..., 28678 <unfinished ...>
17033 <... select resumed> )            = 0 (Timeout)
17032 <... select resumed> )            = 0 (Timeout)
17031 <... write resumed> )             = 28678
17033 read(7,  <unfinished ...>
17032 clock_gettime(CLOCK_MONOTONIC,  <unfinished ...>
17031 write(6, "\r\n", 2 <unfinished ...>
17033 <... read resumed> "et.b\302\2675\0\20\4\30type.[]uint8\0\20\"\"..thi"..., 32768) = 32768
17032 <... clock_gettime resumed> {4903, 466217241}) = 0
17031 <... write resumed> )             = 2
17033 futex(0xc82002ea10, FUTEX_WAIT, 0, NULL <unfinished ...>
17032 clock_gettime(CLOCK_REALTIME,  <unfinished ...>
17031 futex(0xc82002ea10, FUTEX_WAKE, 1 <unfinished ...>
17033 <... futex resumed> )             = -1 EAGAIN (Resource temporarily unavailable)
17032 <... clock_gettime resumed> {1465918769, 250253948}) = 0
17031 <... futex resumed> )             = 0
17033 select(0, NULL, NULL, NULL, {0, 100} <unfinished ...>
17032 select(0, NULL, NULL, NULL, {0, 20} <unfinished ...>
17031 write(6, "8000\r\n\0H;a\20\17\206\231\0\0\0H\203\354HH\213Y H\205\333t\rH\215"..., 4096) = 4096
17031 write(6, "type.*\"\".Message\0\20\"\"..this\0\0\0042ty"..., 28678) = 28678
17031 write(6, "\r\n", 2)               = 2
17031 read(7, "35f14ba5f4d7c62fa2\0Tgclocals\302\26733"..., 32768) = 32768
17032 <... select resumed> )            = 0 (Timeout)
17031 write(6, "8000\r\n.unixTransport\0\6\0020\0\6\0020\0\10\244\1"..., 4096 <unfinished ...>
17032 clock_gettime(CLOCK_MONOTONIC,  <unfinished ...>
17031 <... write resumed> )             = 4096
17032 <... clock_gettime resumed> {4903, 466417158}) = 0
17031 write(6, "\0H\211\214$\320\0\0\0H\211\204$\330\0\0\0H\203\304h\303\350\0\0\0\0\351\6\377\377\377"..., 28678 <unfinished ...>
17032 clock_gettime(CLOCK_REALTIME,  <unfinished ...>
17031 <... write resumed> )             = 28678
17033 <... select resumed> )            = 0 (Timeout)
17032 <... clock_gettime resumed> {1465918769, 250438662}) = 0
17031 write(6, "\r\n", 2 <unfinished ...>
17033 read(7,  <unfinished ...>
17032 select(0, NULL, NULL, NULL, {0, 20} <unfinished ...>
17031 <... write resumed> )             = 2
17033 <... read resumed> "ng.hdr.\"autolaunch:\"\0\6 \0\0 \0\0\0\0\0\0"..., 32768) = 32768
17031 futex(0x21ef2b0, FUTEX_WAIT, 0, NULL <unfinished ...>
17033 futex(0x21ef2b0, FUTEX_WAKE, 1 <unfinished ...>
17031 <... futex resumed> )             = -1 EAGAIN (Resource temporarily unavailable)
17033 <... futex resumed> )             = 0
17031 select(0, NULL, NULL, NULL, {0, 100} <unfinished ...>
17033 write(6, "8000\r\n\211\\$\10\350\0\0\0\0H\213D$\20H\213\\$ H\211\34$H\203<"..., 4096) = 4096
17033 write(6, "\213\f%\0\0\0\0H;a\20\17\206\370\0\0\0H\203\354`H\213Y H\205\333t\rH\215"..., 28678 <unfinished ...>
17032 <... select resumed> )            = 0 (Timeout)
17033 <... write resumed> )             = 28678
17032 clock_gettime(CLOCK_MONOTONIC,  <unfinished ...>
17033 write(6, "\r\n", 2 <unfinished ...>
17032 <... clock_gettime resumed> {4903, 466613600}) = 0
17033 <... write resumed> )             = 2
17032 clock_gettime(CLOCK_REALTIME,  <unfinished ...>
17033 read(7,  <unfinished ...>
17032 <... clock_gettime resumed> {1465918769, 250634144}) = 0
17033 <... read resumed> "\0\30\1\0\0\0\4\0\0\0\3\0\0\0\0\376\20Tgclocals\302\26733cd"..., 32768) = 32768
17032 select(0, NULL, NULL, NULL, {0, 20} <unfinished ...>
17033 write(6, "8000\r\n\0\0\1\0\0\0\1\0\0\0\1\0\0\0\1\0\0\0\1\0\0\0\1\0\0\0"..., 4096) = 4096
17033 write(6, "ength mismatch\"\0\0\0\376\20Ngo.string.\""..., 28678) = 28678
17032 <... select resumed> )            = 0 (Timeout)
17031 <... select resumed> )            = 0 (Timeout)
17033 write(6, "\r\n", 2 <unfinished ...>
17032 clock_gettime(CLOCK_MONOTONIC,  <unfinished ...>
17031 select(0, NULL, NULL, NULL, {0, 100} <unfinished ...>
17033 <... write resumed> )             = 2
17032 <... clock_gettime resumed> {4903, 466750991}) = 0
17033 read(7,  <unfinished ...>
17032 clock_gettime(CLOCK_REALTIME,  <unfinished ...>
17033 <... read resumed> "rror\302\267f\0\2\20\0\0\20\0\0\0\0\0\0\0\0\2\0\20\2\0\0(\"\".F"..., 32768) = 32768
17032 <... clock_gettime resumed> {1465918769, 250780666}) = 0
17033 write(6, "8000\r\n\0\0\0000\0\1\0\0\0\0\4\200\7\0\1\4\0\0\0000\0\0\0\0\0\0"..., 4096 <unfinished ...>
17032 select(0, NULL, NULL, NULL, {0, 20} <unfinished ...>
17033 <... write resumed> )             = 4096
17033 write(6, "29f1fdbee7f5874cb\0\2\20\0\0\20\1\0\0\0\0\0\0\0\0"..., 28678) = 28678
17033 write(6, "\r\n", 2)               = 2
17033 read(7, "t8, \"\".AuthStatus)\0\0\0\376\20\232\1go.stri"..., 32768) = 32768
17032 <... select resumed> )            = 0 (Timeout)
17031 <... select resumed> )            = 0 (Timeout)
17033 write(6, "8000\r\nsUnixFDs\0\0\0\376\20F\"\".(*unixTra"..., 4096 <unfinished ...>
17032 clock_gettime(CLOCK_MONOTONIC,  <unfinished ...>
17031 read(7,  <unfinished ...>
17033 <... write resumed> )             = 4096
17032 <... clock_gettime resumed> {4903, 466957876}) = 0
17031 <... read resumed> "\0\0\2\0\0\0\0\0\0\0\0\0\0\0\0\0\0\0\0\0\0\0\0\0\0\0\0\0\0\0\0\0"..., 32768) = 32768
17033 write(6, "ingNode.String\0\0\0\376\0202\"\".byteStrin"..., 28678 <unfinished ...>
17032 clock_gettime(CLOCK_REALTIME,  <unfinished ...>
17031 futex(0x21ef2b0, FUTEX_WAIT, 0, NULL <unfinished ...>
17033 <... write resumed> )             = -1 EAGAIN (Resource temporarily unavailable)
17032 <... clock_gettime resumed> {1465918769, 251000531}) = 0
17033 futex(0xc82002ea10, FUTEX_WAIT, 0, NULL <unfinished ...>
17032 select(0, NULL, NULL, NULL, {0, 20}) = 0 (Timeout)
17032 clock_gettime(CLOCK_MONOTONIC, {4903, 467141399}) = 0
17032 futex(0x21ee760, FUTEX_WAIT, 0, {60, 0} <unfinished ...>
17035 <... epoll_wait resumed> {{EPOLLOUT, {u32=2134024192, u64=140606478393344}}}, 128, -1) = 1
17035 clock_gettime(CLOCK_MONOTONIC, {4903, 468059121}) = 0
17035 futex(0xc82002ea10, FUTEX_WAKE, 1) = 1
17033 <... futex resumed> )             = 0
17035 futex(0x21ee760, FUTEX_WAKE, 1 <unfinished ...>
17033 epoll_wait(5,  <unfinished ...>
17035 <... futex resumed> )             = 1
17033 <... epoll_wait resumed> {{EPOLLOUT, {u32=2134024192, u64=140606478393344}}}, 128, 0) = 1
17032 <... futex resumed> )             = 0
17035 write(6, "ingNode.String\0\0\0\376\0202\"\".byteStrin"..., 28678 <unfinished ...>
17033 epoll_wait(5,  <unfinished ...>
17032 clock_gettime(CLOCK_MONOTONIC,  <unfinished ...>
17035 <... write resumed> )             = 28678
17032 <... clock_gettime resumed> {4903, 468170199}) = 0
17035 write(6, "\r\n", 2 <unfinished ...>
17032 clock_gettime(CLOCK_REALTIME,  <unfinished ...>
17035 <... write resumed> )             = 2
17032 <... clock_gettime resumed> {1465918769, 252184543}) = 0
17032 select(0, NULL, NULL, NULL, {0, 20} <unfinished ...>
17035 futex(0x21ef2b0, FUTEX_WAKE, 1)   = 1
17031 <... futex resumed> )             = 0
17031 select(0, NULL, NULL, NULL, {0, 100} <unfinished ...>
17035 write(6, "8000\r\n\2\0\0\"go.importpath.\"\".\0\0\0\360\2"..., 4096) = 4096
17035 write(6, "tring.hdr.\"String\"\0\6 \0\0 \0\0\0\0\0\0\0\0"..., 28678) = 28678
17032 <... select resumed> )            = 0 (Timeout)
17032 clock_gettime(CLOCK_MONOTONIC,  <unfinished ...>
17035 write(6, "\r\n", 2 <unfinished ...>
17032 <... clock_gettime resumed> {4903, 468311368}) = 0
17035 <... write resumed> )             = 2
17032 clock_gettime(CLOCK_REALTIME, {1465918769, 252323375}) = 0
17035 read(7,  <unfinished ...>
17032 select(0, NULL, NULL, NULL, {0, 20} <unfinished ...>
17035 <... read resumed> "nt, error)\0\0\0\300\1\20\2\200\2\0Jtype.func(s"..., 32768) = 32768
17035 write(6, "8000\r\n\2\0\20\2\0\0006go.string.\"[8]dbus."..., 4096) = 4096
17035 write(6, "\0\0\0\0\0\0\0\0\0\0\0\0\0(\0\0\0\0\0\0\0*0\20\2\340\1\0 run"..., 28678 <unfinished ...>
17032 <... select resumed> )            = 0 (Timeout)
17031 <... select resumed> )            = 0 (Timeout)
17035 <... write resumed> )             = 28678
17032 clock_gettime(CLOCK_MONOTONIC,  <unfinished ...>
17031 read(7,  <unfinished ...>
17035 write(6, "\r\n", 2 <unfinished ...>
17032 <... clock_gettime resumed> {4903, 468445674}) = 0
17031 <... read resumed> "\5\20\2\0\0000go.string.hdr.\"overflow\"\0\0"..., 32768) = 32768
17035 <... write resumed> )             = 2
17032 clock_gettime(CLOCK_REALTIME,  <unfinished ...>
17031 futex(0x21ef2b0, FUTEX_WAIT, 0, NULL <unfinished ...>
17035 futex(0x21ef2b0, FUTEX_WAKE, 1 <unfinished ...>
17032 <... clock_gettime resumed> {1465918769, 252480163}) = 0
17031 <... futex resumed> )             = -1 EAGAIN (Resource temporarily unavailable)
17035 <... futex resumed> )             = 0
17032 select(0, NULL, NULL, NULL, {0, 20} <unfinished ...>
17031 select(0, NULL, NULL, NULL, {0, 100} <unfinished ...>
17035 write(6, "8000\r\nng.hdr.\"BusObject\"\0\0\0\260\3\20\2\0"..., 4096) = 4096
17035 write(6, "\0\0\0\0\0\0\0\0\0\0\0\0\0\0\0\0\0\0\0\0\0\0\0\0\0\0\0\0\0\0\0\0"..., 28678) = 28678
17035 write(6, "\r\n", 2)               = 2
17032 <... select resumed> )            = 0 (Timeout)
17032 clock_gettime(CLOCK_MONOTONIC,  <unfinished ...>
17035 read(7,  <unfinished ...>
17032 <... clock_gettime resumed> {4903, 468626703}) = 0
17032 clock_gettime(CLOCK_REALTIME,  <unfinished ...>
17035 <... read resumed> "lags\0\0\376\20@go.string.hdr.\"RequestN"..., 32768) = 32768
17032 <... clock_gettime resumed> {1465918769, 252634427}) = 0
17032 select(0, NULL, NULL, NULL, {0, 20} <unfinished ...>
17035 write(6, "8000\r\n\0\0\0\0\0\0\0\0\0\0\0\0\0\0\0\0\0\0\0\0\0\0\0\0\0\0"..., 4096) = 4096
17035 write(6, "clocals\302\2670ebb2d1da58c1b4224bf5a7"..., 28678 <unfinished ...>
17032 <... select resumed> )            = 0 (Timeout)
17031 <... select resumed> )            = 0 (Timeout)
17035 <... write resumed> )             = 28678
17032 clock_gettime(CLOCK_MONOTONIC,  <unfinished ...>
17031 read(7,  <unfinished ...>
17035 write(6, "\r\n", 2 <unfinished ...>
17032 <... clock_gettime resumed> {4903, 468730013}) = 0
17031 <... read resumed> "ing, bool) error\"\0\6\240\1\0\0\226\1func(in"..., 32768) = 32768
17035 <... write resumed> )             = 2
17032 clock_gettime(CLOCK_REALTIME,  <unfinished ...>
17031 futex(0x21ef2b0, FUTEX_WAIT, 0, NULL <unfinished ...>
17035 futex(0x21ef2b0, FUTEX_WAKE, 1 <unfinished ...>
17032 <... clock_gettime resumed> {1465918769, 252762551}) = 0
17031 <... futex resumed> )             = -1 EAGAIN (Resource temporarily unavailable)
17035 <... futex resumed> )             = 0
17032 select(0, NULL, NULL, NULL, {0, 20} <unfinished ...>
17031 select(0, NULL, NULL, NULL, {0, 100} <unfinished ...>
17035 write(6, "8000\r\nage, chan *\"\".Call) *\"\".Ca"..., 4096) = 4096
17035 write(6, "ing]string\0\0\0\240\2\20\2\0\0$type.\"\".Obje"..., 28678) = 28678
17032 <... select resumed> )            = 0 (Timeout)
17035 write(6, "\r\n", 2 <unfinished ...>
17032 clock_gettime(CLOCK_MONOTONIC,  <unfinished ...>
17035 <... write resumed> )             = 2
17032 <... clock_gettime resumed> {4903, 468904341}) = 0
17032 clock_gettime(CLOCK_REALTIME,  <unfinished ...>
17035 read(7,  <unfinished ...>
17032 <... clock_gettime resumed> {1465918769, 252914300}) = 0
17032 select(0, NULL, NULL, NULL, {0, 20} <unfinished ...>
17035 <... read resumed> "or\0\2\20\0\0\20\0\0\0\0\0\0\0\0\2\0\20\2\0\0Jtype.func"..., 32768) = 32768
17035 write(6, "8000\r\n string, uint32)\0\2\240\2\0\0\240\2\10\0"..., 4096) = 4096
17031 <... select resumed> )            = 0 (Timeout)
17035 write(6, "\0\0\0\0\0\0\0\0\0\0\0\0\0\0\0\0\0\0\0\0\0\0\0\0\0\0\0\0\0\0\0\0"..., 28678 <unfinished ...>
17031 read(7,  <unfinished ...>
17035 <... write resumed> )             = 28678
17032 <... select resumed> )            = 0 (Timeout)
17031 <... read resumed> "ring.\"InvalidTypeError\"\0\0\0\376\0208go."..., 32768) = 32768
17035 write(6, "\r\n", 2 <unfinished ...>
17032 clock_gettime(CLOCK_MONOTONIC,  <unfinished ...>
17031 futex(0x21ef2b0, FUTEX_WAIT, 0, NULL <unfinished ...>
17035 <... write resumed> )             = 2
17032 <... clock_gettime resumed> {4903, 469046926}) = 0
17032 clock_gettime(CLOCK_REALTIME,  <unfinished ...>
17035 futex(0x21ef2b0, FUTEX_WAKE, 1 <unfinished ...>
17032 <... clock_gettime resumed> {1465918769, 253061316}) = 0
17035 <... futex resumed> )             = 1
17032 select(0, NULL, NULL, NULL, {0, 20} <unfinished ...>
17031 <... futex resumed> )             = 0
17035 write(6, "8000\r\n*\"\".Message) error\0\0\0\376\20bgo"..., 4096 <unfinished ...>
17031 select(0, NULL, NULL, NULL, {0, 100} <unfinished ...>
17035 <... write resumed> )             = 4096
17035 write(6, "e.func(\"\".genericTransport) erro"..., 28678) = 28678
17035 write(6, "\r\n", 2)               = 2
17032 <... select resumed> )            = 0 (Timeout)
17032 clock_gettime(CLOCK_MONOTONIC,  <unfinished ...>
17035 read(7,  <unfinished ...>
17032 <... clock_gettime resumed> {4903, 469193517}) = 0
17032 clock_gettime(CLOCK_REALTIME,  <unfinished ...>
17035 <... read resumed> "ncoder).align\0\0\0\220\3\20\2\0\0&\"\".(*enco"..., 32768) = 32768
17032 <... clock_gettime resumed> {1465918769, 253202930}) = 0
17032 select(0, NULL, NULL, NULL, {0, 20} <unfinished ...>
17035 write(6, "8000\r\n\0\0\0\0\0\0\376\20Tgclocals\302\2670b86ef3"..., 4096) = 4096
17035 write(6, "\"\".decoder, string, int) interfa"..., 28678) = -1 EAGAIN (Resource temporarily unavailable)
17032 <... select resumed> )            = 0 (Timeout)
17031 <... select resumed> )            = 0 (Timeout)
17035 read(7,  <unfinished ...>
17032 clock_gettime(CLOCK_MONOTONIC,  <unfinished ...>
17031 futex(0x21ef2b0, FUTEX_WAIT, 0, NULL <unfinished ...>
17035 <... read resumed> "go.string.hdr.\"buckets\"\0\0\0\220\4\20\2\0\0"..., 32768) = 32768
17032 <... clock_gettime resumed> {4903, 469306223}) = 0
17035 futex(0xc8200f6590, FUTEX_WAIT, 0, NULL <unfinished ...>
17032 clock_gettime(CLOCK_REALTIME, {1465918769, 253324007}) = 0
17032 select(0, NULL, NULL, NULL, {0, 20}) = 0 (Timeout)
17032 clock_gettime(CLOCK_MONOTONIC, {4903, 469443879}) = 0
17032 futex(0x21ee760, FUTEX_WAIT, 0, {60, 0} <unfinished ...>
17033 <... epoll_wait resumed> {{EPOLLOUT, {u32=2134024192, u64=140606478393344}}}, 128, -1) = 1
17033 clock_gettime(CLOCK_MONOTONIC, {4903, 470402325}) = 0
17033 futex(0xc8200f6590, FUTEX_WAKE, 1) = 1
17035 <... futex resumed> )             = 0
17033 futex(0x21ee760, FUTEX_WAKE, 1 <unfinished ...>
17035 epoll_wait(5,  <unfinished ...>
17033 <... futex resumed> )             = 1
17032 <... futex resumed> )             = 0
17035 <... epoll_wait resumed> {}, 128, 0) = 0
17033 write(6, "\"\".decoder, string, int) interfa"..., 28678 <unfinished ...>
17032 clock_gettime(CLOCK_MONOTONIC,  <unfinished ...>
17035 epoll_wait(5,  <unfinished ...>
17033 <... write resumed> )             = 28678
17032 <... clock_gettime resumed> {4903, 470498120}) = 0
17033 write(6, "\r\n", 2 <unfinished ...>
17032 clock_gettime(CLOCK_REALTIME,  <unfinished ...>
17033 <... write resumed> )             = 2
17032 <... clock_gettime resumed> {1465918769, 254524756}) = 0
17033 futex(0x21ef2b0, FUTEX_WAKE, 1 <unfinished ...>
17032 select(0, NULL, NULL, NULL, {0, 20} <unfinished ...>
17033 <... futex resumed> )             = 1
17031 <... futex resumed> )             = 0
17033 ioctl(0, TIOCGWINSZ <unfinished ...>
17031 select(0, NULL, NULL, NULL, {0, 100} <unfinished ...>
17035 <... epoll_wait resumed> {{EPOLLOUT, {u32=2134024192, u64=140606478393344}}}, 128, -1) = 1
17033 <... ioctl resumed> , {ws_row=35, ws_col=112, ws_xpixel=0, ws_ypixel=0}) = 0
17035 epoll_wait(5,  <unfinished ...>
17033 ioctl(0, TIOCGWINSZ <unfinished ...>
17035 <... epoll_wait resumed> {{EPOLLOUT, {u32=2134024192, u64=140606478393344}}}, 128, -1) = 1
17033 <... ioctl resumed> , {ws_row=35, ws_col=112, ws_xpixel=0, ws_ypixel=0}) = 0
17035 epoll_wait(5,  <unfinished ...>
17033 write(1, "Sending build context to Docker "..., 48 <unfinished ...>
17032 <... select resumed> )            = 0 (Timeout)
17033 <... write resumed> )             = 48
17032 clock_gettime(CLOCK_MONOTONIC,  <unfinished ...>
17033 write(6, "8000\r\n.uintptr\0\0\0\320\7\20\2\0\0,go.strin"..., 4096 <unfinished ...>
17032 <... clock_gettime resumed> {4903, 470741909}) = 0
17033 <... write resumed> )             = 4096
17032 clock_gettime(CLOCK_REALTIME,  <unfinished ...>
17031 <... select resumed> )            = 0 (Timeout)
17033 write(6, "\0\3\0\0\0\1\0\0\0\0\376\20Tgclocals\302\267a8eabfc4a"..., 28678 <unfinished ...>
17032 <... clock_gettime resumed> {1465918769, 254770968}) = 0
17031 read(7,  <unfinished ...>
17033 <... write resumed> )             = 28678
17032 select(0, NULL, NULL, NULL, {0, 20} <unfinished ...>
17031 <... read resumed> "nk.func(time.Time) error\tfunc(ti"..., 32768) = 32768
17035 <... epoll_wait resumed> {{EPOLLOUT, {u32=2134024192, u64=140606478393344}}}, 128, -1) = 1
17033 write(6, "\r\n", 2 <unfinished ...>
17031 futex(0x21ef2b0, FUTEX_WAIT, 0, NULL <unfinished ...>
17035 epoll_wait(5,  <unfinished ...>
17033 <... write resumed> )             = 2
17035 <... epoll_wait resumed> {{EPOLLOUT, {u32=2134024192, u64=140606478393344}}}, 128, -1) = 1
17033 futex(0x21ef2b0, FUTEX_WAKE, 1 <unfinished ...>
17032 <... select resumed> )            = 0 (Timeout)
17035 epoll_wait(5,  <unfinished ...>
17033 <... futex resumed> )             = 1
17032 clock_gettime(CLOCK_MONOTONIC,  <unfinished ...>
17031 <... futex resumed> )             = 0
17033 write(6, "8000\r\n[]uint8) (int, error)\"\0\6 \0"..., 4096 <unfinished ...>
17032 <... clock_gettime resumed> {4903, 470957313}) = 0
17031 select(0, NULL, NULL, NULL, {0, 100} <unfinished ...>
17033 <... write resumed> )             = 4096
17032 clock_gettime(CLOCK_REALTIME,  <unfinished ...>
17033 write(6, "fccd208efe70893f9ac8d682812ae72\0"..., 28678 <unfinished ...>
17032 <... clock_gettime resumed> {1465918769, 254989247}) = 0
17033 <... write resumed> )             = 28678
17032 select(0, NULL, NULL, NULL, {0, 20} <unfinished ...>
17033 write(6, "\r\n", 2)               = 2
17033 read(7, "(int, int, int, *net.UnixAddr, e"..., 32768) = 32768
17033 write(6, "8000\r\nnet.UnixAddr) (int, error)"..., 4096) = 4096
17035 <... epoll_wait resumed> {{EPOLLOUT, {u32=2134024192, u64=140606478393344}}}, 128, -1) = 1
17033 write(6, ")\0\0\0\300\7\20\2\0\0008\"\".(*unixTransport).R"..., 28678 <unfinished ...>
17035 epoll_wait(5,  <unfinished ...>
17033 <... write resumed> )             = 28678
17032 <... select resumed> )            = 0 (Timeout)
17031 <... select resumed> )            = 0 (Timeout)
17033 write(6, "\r\n", 2 <unfinished ...>
17032 clock_gettime(CLOCK_MONOTONIC,  <unfinished ...>
17031 read(7,  <unfinished ...>
17033 <... write resumed> )             = 2
17032 <... clock_gettime resumed> {4903, 471177074}) = 0
17031 <... read resumed> "tring.hdr.\"dbus.varNode\"\0\0\0p\20\2\0\0"..., 32768) = 32768
17033 futex(0xc82002ea10, FUTEX_WAIT, 0, NULL <unfinished ...>
17032 clock_gettime(CLOCK_REALTIME,  <unfinished ...>
17031 futex(0xc82002ea10, FUTEX_WAKE, 1 <unfinished ...>
17033 <... futex resumed> )             = -1 EAGAIN (Resource temporarily unavailable)
17032 <... clock_gettime resumed> {1465918769, 255212171}) = 0
17031 <... futex resumed> )             = 0
17033 select(0, NULL, NULL, NULL, {0, 100} <unfinished ...>
17032 select(0, NULL, NULL, NULL, {0, 20} <unfinished ...>
17031 write(6, "8000\r\n[16]uint8\0\0\0\376\0204go.string.h"..., 4096) = 4096
17031 write(6, "\0\0\0\0\0\0\0\0\0\0\0\0\0\0\0\0\0\n0\20\2\240\4\0 runtime"..., 28678) = 28678
17031 write(6, "\r\n", 2)               = 2
17031 read(7, "Node) string\"\0\0\0\376\20Zgo.string.\"fu"..., 32768) = 32768
17032 <... select resumed> )            = 0 (Timeout)
17031 write(6, "8000\r\n\20\2\0\0\"type.*\"\".varLexer\0\0\0\200"..., 4096 <unfinished ...>
17032 clock_gettime(CLOCK_MONOTONIC,  <unfinished ...>
17031 <... write resumed> )             = 4096
17032 <... clock_gettime resumed> {4903, 471378794}) = 0
17031 write(6, "tate\0\0\376\20\\type.func(string, ...in"..., 28678 <unfinished ...>
17032 clock_gettime(CLOCK_REALTIME,  <unfinished ...>
17031 <... write resumed> )             = 28678
17033 <... select resumed> )            = 0 (Timeout)
17032 <... clock_gettime resumed> {1465918769, 255400172}) = 0
17031 write(6, "\r\n", 2 <unfinished ...>
17033 select(0, NULL, NULL, NULL, {0, 100} <unfinished ...>
17032 select(0, NULL, NULL, NULL, {0, 20} <unfinished ...>
17031 <... write resumed> )             = 2
17031 read(7, "e {}, error)\0\0\376\20xtype.func(\"\".st"..., 32768) = 32768
17031 write(6, "8000\r\n\"runtime.gcbits.01\0\0\0P\20\2\0\0"..., 4096) = 4096
17031 write(6, "\0<go.string.hdr.\"byteStringNode\""..., 28678) = 28678
17032 <... select resumed> )            = 0 (Timeout)
17031 write(6, "\r\n", 2 <unfinished ...>
17032 clock_gettime(CLOCK_MONOTONIC,  <unfinished ...>
17031 <... write resumed> )             = 2
17032 <... clock_gettime resumed> {4903, 471559945}) = 0
17031 read(7,  <unfinished ...>
17032 clock_gettime(CLOCK_REALTIME,  <unfinished ...>
17031 <... read resumed> "\0\0\0\0\0\0\0\0\0\0\0\0\0\0\0\2\0\0\0\0\0\0\0\2\0\0\0\0\0\0\0\0"..., 32768) = 32768
17033 <... select resumed> )            = 0 (Timeout)
17032 <... clock_gettime resumed> {1465918769, 255582718}) = 0
17031 write(6, "8000\r\n\\func(*dbus.arrayNode) (db"..., 4096 <unfinished ...>
17033 read(7,  <unfinished ...>
17032 select(0, NULL, NULL, NULL, {0, 20} <unfinished ...>
17031 <... write resumed> )             = 4096
17033 <... read resumed> "\0\2\20\0\0\20\0\0\0\0\0\0\0\0\2\0\20\2\0\0(type..hash."..., 32768) = 13196
17031 write(6, "eak.type.**\"\".arrayNode\0\0\0\200\1\20\2\0\0"..., 28678 <unfinished ...>
17033 read(7,  <unfinished ...>
17031 <... write resumed> )             = 28678
17033 <... read resumed> "", 19572)     = 0
17031 write(6, "\r\n", 2 <unfinished ...>
17033 close(7 <unfinished ...>
17031 <... write resumed> )             = 2
17033 <... close resumed> )             = 0
17032 <... select resumed> )            = 0 (Timeout)
17031 futex(0x21ef2b0, FUTEX_WAIT, 0, NULL <unfinished ...>
17033 futex(0x21ef2b0, FUTEX_WAKE, 1 <unfinished ...>
17032 clock_gettime(CLOCK_MONOTONIC,  <unfinished ...>
17031 <... futex resumed> )             = -1 EAGAIN (Resource temporarily unavailable)
17033 <... futex resumed> )             = 0
17032 <... clock_gettime resumed> {4903, 471772056}) = 0
17031 select(0, NULL, NULL, NULL, {0, 100} <unfinished ...>
17033 write(6, "8000\r\ntNode) dbus.sigSet\tfunc(\"\""..., 4096 <unfinished ...>
17032 clock_gettime(CLOCK_REALTIME,  <unfinished ...>
17033 <... write resumed> )             = 4096
17032 <... clock_gettime resumed> {1465918769, 255811313}) = 0
17033 write(6, "\0\0\0\0\0\0\0\0\0\0\0\0\0\n0\20\2\240\1\0 runtime.alg"..., 28678 <unfinished ...>
17032 select(0, NULL, NULL, NULL, {0, 20} <unfinished ...>
17033 <... write resumed> )             = 28678
17033 write(6, "\r\n", 2)               = 2
17033 lstat("/home/hmeng/go/src/github.com/opencontainers/runc/Godeps/_workspace/pkg/linux_amd64/github.com/golang", {st_mode=S_IFDIR|0775, st_size=21, ...}) = 0
17033 lstat("/home/hmeng/go/src/github.com/opencontainers/runc/Godeps/_workspace/pkg/linux_amd64/github.com/golang",  <unfinished ...>
17032 <... select resumed> )            = 0 (Timeout)
17031 <... select resumed> )            = 0 (Timeout)
17033 <... lstat resumed> {st_mode=S_IFDIR|0775, st_size=21, ...}) = 0
17032 clock_gettime(CLOCK_MONOTONIC,  <unfinished ...>
17031 futex(0x21ef2b0, FUTEX_WAIT, 0, NULL <unfinished ...>
17033 lgetxattr("/home/hmeng/go/src/github.com/opencontainers/runc/Godeps/_workspace/pkg/linux_amd64/github.com/golang", "security.capability" <unfinished ...>
17032 <... clock_gettime resumed> {4903, 471976109}) = 0
17033 <... lgetxattr resumed> , 0xc8201ea980, 128) = -1 ENODATA (No data available)
17032 clock_gettime(CLOCK_REALTIME,  <unfinished ...>
17033 openat(AT_FDCWD, "/home/hmeng/go/src/github.com/opencontainers/runc/Godeps/_workspace/pkg/linux_amd64/github.com/golang", O_RDONLY|O_CLOEXEC <unfinished ...>
17032 <... clock_gettime resumed> {1465918769, 256024745}) = 0
17033 <... openat resumed> )            = 7
17032 select(0, NULL, NULL, NULL, {0, 20} <unfinished ...>
17033 getdents64(7, /* 3 entries */, 4096) = 80
17033 getdents64(7, /* 0 entries */, 4096) = 0
17033 close(7)                          = 0
17033 lstat("/home/hmeng/go/src/github.com/opencontainers/runc/Godeps/_workspace/pkg/linux_amd64/github.com/golang/protobuf", {st_mode=S_IFDIR|0775, st_size=20, ...}) = 0
17033 lstat("/home/hmeng/go/src/github.com/opencontainers/runc/Godeps/_workspace/pkg/linux_amd64/github.com/golang/protobuf",  <unfinished ...>
17032 <... select resumed> )            = 0 (Timeout)
17033 <... lstat resumed> {st_mode=S_IFDIR|0775, st_size=20, ...}) = 0
17032 clock_gettime(CLOCK_MONOTONIC,  <unfinished ...>
17033 lgetxattr("/home/hmeng/go/src/github.com/opencontainers/runc/Godeps/_workspace/pkg/linux_amd64/github.com/golang/protobuf", "security.capability" <unfinished ...>
17032 <... clock_gettime resumed> {4903, 472181100}) = 0
17033 <... lgetxattr resumed> , 0xc8201eaa00, 128) = -1 ENODATA (No data available)
17032 clock_gettime(CLOCK_REALTIME,  <unfinished ...>
17033 openat(AT_FDCWD, "/home/hmeng/go/src/github.com/opencontainers/runc/Godeps/_workspace/pkg/linux_amd64/github.com/golang/protobuf", O_RDONLY|O_CLOEXEC <unfinished ...>
17032 <... clock_gettime resumed> {1465918769, 256214124}) = 0
17033 <... openat resumed> )            = 7
17032 select(0, NULL, NULL, NULL, {0, 20} <unfinished ...>
17033 getdents64(7, /* 3 entries */, 4096) = 80
17033 getdents64(7, /* 0 entries */, 4096) = 0
17033 close(7)                          = 0
17033 lstat("/home/hmeng/go/src/github.com/opencontainers/runc/Godeps/_workspace/pkg/linux_amd64/github.com/golang/protobuf/proto.a", {st_mode=S_IFREG|0664, st_size=1126126, ...}) = 0
17033 lstat("/home/hmeng/go/src/github.com/opencontainers/runc/Godeps/_workspace/pkg/linux_amd64/github.com/golang/protobuf/proto.a", {st_mode=S_IFREG|0664, st_size=1126126, ...}) = 0
17032 <... select resumed> )            = 0 (Timeout)
17033 lgetxattr("/home/hmeng/go/src/github.com/opencontainers/runc/Godeps/_workspace/pkg/linux_amd64/github.com/golang/protobuf/proto.a", "security.capability" <unfinished ...>
17032 clock_gettime(CLOCK_MONOTONIC,  <unfinished ...>
17033 <... lgetxattr resumed> , 0xc8201ead00, 128) = -1 ENODATA (No data available)
17032 <... clock_gettime resumed> {4903, 472372948}) = 0
17033 openat(AT_FDCWD, "/home/hmeng/go/src/github.com/opencontainers/runc/Godeps/_workspace/pkg/linux_amd64/github.com/golang/protobuf/proto.a", O_RDONLY|O_CLOEXEC <unfinished ...>
17032 clock_gettime(CLOCK_REALTIME,  <unfinished ...>
17033 <... openat resumed> )            = 7
17032 <... clock_gettime resumed> {1465918769, 256400684}) = 0
17033 read(7,  <unfinished ...>
17032 select(0, NULL, NULL, NULL, {0, 20} <unfinished ...>
17033 <... read resumed> "!<arch>\n__.PKGDEF       0       "..., 32768) = 32768
17033 futex(0x21ef2b0, FUTEX_WAKE, 1)   = 1
17031 <... futex resumed> )             = 0
17033 write(6, "8000\r\n\0\20\0\0\0\0\0\0\0\0\2\0\20\2\0\0 \"\".header"..., 4096 <unfinished ...>
17031 select(0, NULL, NULL, NULL, {0, 100} <unfinished ...>
17035 <... epoll_wait resumed> {{EPOLLOUT, {u32=2134024192, u64=140606478393344}}}, 128, -1) = 1
17033 <... write resumed> )             = 4096
17035 epoll_wait(5,  <unfinished ...>
17033 write(6, "\376\20H\"\".unixTransport.SetWriteDead"..., 28678 <unfinished ...>
17032 <... select resumed> )            = 0 (Timeout)
17035 <... epoll_wait resumed> {{EPOLLOUT, {u32=2134024192, u64=140606478393344}}}, 128, -1) = 1
17033 <... write resumed> )             = 28678
17032 clock_gettime(CLOCK_MONOTONIC,  <unfinished ...>
17035 epoll_wait(5,  <unfinished ...>
17033 write(6, "\r\n", 2 <unfinished ...>
17032 <... clock_gettime resumed> {4903, 472567202}) = 0
17033 <... write resumed> )             = 2
17032 clock_gettime(CLOCK_REALTIME,  <unfinished ...>
17033 read(7,  <unfinished ...>
17032 <... clock_gettime resumed> {1465918769, 256591986}) = 0
17033 <... read resumed> "\2672 }\n\tfunc @\"\".Int32 (@\"\".v\302\2672 i"..., 32768) = 32768
17032 select(0, NULL, NULL, NULL, {0, 20} <unfinished ...>
17033 write(6, "8000\r\n\2674 > len(@\"\".p\302\2673.@\"\".buf)"..., 4096) = 4096
17033 write(6, "o\302\2672 *@\"\".Buffer) @\"\".dec_slice_"..., 28678 <unfinished ...>
17031 <... select resumed> )            = 0 (Timeout)
17033 <... write resumed> )             = 28678
17031 read(7,  <unfinished ...>
17033 write(6, "\r\n", 2 <unfinished ...>
17032 <... select resumed> )            = 0 (Timeout)
17031 <... read resumed> "/src/github.com/opencontainers/r"..., 32768) = 32768
17033 <... write resumed> )             = 2
17032 clock_gettime(CLOCK_MONOTONIC,  <unfinished ...>
17031 futex(0x21ef2b0, FUTEX_WAIT, 0, NULL <unfinished ...>
17033 futex(0x21ef2b0, FUTEX_WAKE, 1 <unfinished ...>
17032 <... clock_gettime resumed> {4903, 472780116}) = 0
17031 <... futex resumed> )             = -1 EAGAIN (Resource temporarily unavailable)
17033 <... futex resumed> )             = 0
17032 clock_gettime(CLOCK_REALTIME,  <unfinished ...>
17031 select(0, NULL, NULL, NULL, {0, 100} <unfinished ...>
17033 write(6, "8000\r\n\0\0\240]\10\f\0\0000runtime.morestack"..., 4096 <unfinished ...>
17032 <... clock_gettime resumed> {1465918769, 256847208}) = 0
17033 <... write resumed> )             = 4096
17032 select(0, NULL, NULL, NULL, {0, 20} <unfinished ...>
17033 write(6, "$\20H\211\224$\330\0\0\0H\211T$\30H\211\214$\340\0\0\0H\211L$ H\211\204$"..., 28678) = 28678
17033 write(6, "\r\n", 2)               = 2
17033 read(7, "\10\32\1\0(runtime.writeBarrier\0\0\0\240\5\10\f"..., 32768) = 32768
17032 <... select resumed> )            = 0 (Timeout)
17033 write(6, "8000\r\nire\0\337\v\2\20type.int\0\n\"\".oi\0\237\v"..., 4096 <unfinished ...>
17032 clock_gettime(CLOCK_MONOTONIC,  <unfinished ...>
17031 <... select resumed> )            = 0 (Timeout)
17033 <... write resumed> )             = 4096
17032 <... clock_gettime resumed> {4903, 473057996}) = 0
17031 read(7,  <unfinished ...>
17033 write(6, "\".x\0w\2\26type.uint32\0\10\"\".o\0_\2\36type"..., 28678 <unfinished ...>
17032 clock_gettime(CLOCK_REALTIME,  <unfinished ...>
17031 <... read resumed> "\4\30type.[]uint8\0\16\2\23 $\37\t\0\6\2@\0\24\372\2\23\2"..., 32768) = 32768
17033 <... write resumed> )             = 28678
17032 <... clock_gettime resumed> {1465918769, 257103257}) = 0
17031 futex(0x21ef2b0, FUTEX_WAIT, 0, NULL <unfinished ...>
17033 write(6, "\r\n", 2 <unfinished ...>
17032 select(0, NULL, NULL, NULL, {0, 20} <unfinished ...>
17033 <... write resumed> )             = 2
17033 futex(0x21ef2b0, FUTEX_WAKE, 1)   = 1
17031 <... futex resumed> )             = 0
17033 write(6, "8000\r\nRawBytes\0\0\0\264\t\10\f\0\0.reflect."..., 4096 <unfinished ...>
17031 select(0, NULL, NULL, NULL, {0, 100} <unfinished ...>
17033 <... write resumed> )             = 4096
17033 write(6, "cals\302\2670c8aa8e80191a30eac23f1a218"..., 28678) = 28678
17032 <... select resumed> )            = 0 (Timeout)
17033 write(6, "\r\n", 2 <unfinished ...>
17032 clock_gettime(CLOCK_MONOTONIC,  <unfinished ...>
17033 <... write resumed> )             = 2
17032 <... clock_gettime resumed> {4903, 473262671}) = 0
17033 read(7,  <unfinished ...>
17032 clock_gettime(CLOCK_REALTIME,  <unfinished ...>
17033 <... read resumed> "\0\303\17\266\231\320\0\0\0\200\373\0\17\204\355\0\0\0H\211\4$H\215\231\270\0\0\0H\215|"..., 32768) = 32768
17032 <... clock_gettime resumed> {1465918769, 257283673}) = 0
17033 write(6, "8000\r\n\1\16\v\22\0\2\24\0\222\2\4G\2k\3L\0\4Tgclocal"..., 4096 <unfinished ...>
17032 select(0, NULL, NULL, NULL, {0, 20} <unfinished ...>
17033 <... write resumed> )             = 4096
17033 write(6, "\250\2\4G\2c\3(\6\7\5\37\0\4Tgclocals\302\2677fde5a0"..., 28678) = 28678
17033 write(6, "\r\n", 2 <unfinished ...>
17032 <... select resumed> )            = 0 (Timeout)
17031 <... select resumed> )            = 0 (Timeout)
17033 <... write resumed> )             = 2
17032 clock_gettime(CLOCK_MONOTONIC,  <unfinished ...>
17031 read(7,  <unfinished ...>
17033 futex(0xc82002ea10, FUTEX_WAIT, 0, NULL <unfinished ...>
17032 <... clock_gettime resumed> {4903, 473404878}) = 0
17031 <... read resumed> " H\1\353H\211\\$hH\203\304P\303\350\0\0\0\0\17\v\211\3\351W\377\377\377\350\0\0\0"..., 32768) = 32768
17032 clock_gettime(CLOCK_REALTIME,  <unfinished ...>
17031 futex(0xc82002ea10, FUTEX_WAKE, 1 <unfinished ...>
17033 <... futex resumed> )             = 0
17032 <... clock_gettime resumed> {1465918769, 257432837}) = 0
17031 <... futex resumed> )             = 1
17033 select(0, NULL, NULL, NULL, {0, 100} <unfinished ...>
17032 select(0, NULL, NULL, NULL, {0, 20} <unfinished ...>
17031 write(6, "8000\r\n\215\206\0\0\0H\211\312H\213\257\240\0\0\0H\1\352H\213\\$(H\211D"..., 4096) = 4096
17031 write(6, "\377\314\314\314\314\314\n\n\10\34\0\0\0\0\0\0\370\2\0\22\0\0\0\0\0\0\200\4\10\f\0\0"..., 28678) = 28678
17031 write(6, "\r\n", 2)               = 2
17031 read(7, "e.reflect.Type\0\36\"\".autotmp_1134\0"..., 32768) = 32768
17032 <... select resumed> )            = 0 (Timeout)
17031 write(6, "8000\r\n\2V\2X\3\207\1\1\\\10\230\1\4q\2\364\1\2V\2\216\1\3\7\0174"..., 4096 <unfinished ...>
17032 clock_gettime(CLOCK_MONOTONIC,  <unfinished ...>
17031 <... write resumed> )             = 4096
17032 <... clock_gettime resumed> {4903, 473603306}) = 0
17031 write(6, "fer; keybase \"\".structPointer; v"..., 28678 <unfinished ...>
17032 clock_gettime(CLOCK_REALTIME,  <unfinished ...>
17031 <... write resumed> )             = 28678
17033 <... select resumed> )            = 0 (Timeout)
17032 <... clock_gettime resumed> {1465918769, 257630758}) = 0
17031 write(6, "\r\n", 2 <unfinished ...>
17033 select(0, NULL, NULL, NULL, {0, 100} <unfinished ...>
17032 select(0, NULL, NULL, NULL, {0, 20} <unfinished ...>
17031 <... write resumed> )             = 2
17031 read(7, "\0\0H\213\vH\211\f$H\213K\10H\211L$\10H\213K\20H\211L$\20H\211T$\30"..., 32768) = 32768
17031 write(6, "8000\r\ne.reflect.Type\0\36\"\".autotmp"..., 4096) = 4096
17031 write(6, "\213\234$H\2\0\0H\211\\$\10H\213\234$P\2\0\0H\211\\$\20\350\0\0\0\0H\213"..., 28678) = -1 EAGAIN (Resource temporarily unavailable)
17035 <... epoll_wait resumed> {{EPOLLOUT, {u32=2134024192, u64=140606478393344}}}, 128, -1) = 1
17033 <... select resumed> )            = 0 (Timeout)
17032 <... select resumed> )            = 0 (Timeout)
17031 read(7,  <unfinished ...>
17035 clock_gettime(CLOCK_MONOTONIC, {4903, 475356675}) = 0
17035 futex(0xc8200f6590, FUTEX_WAIT, 0, NULL <unfinished ...>
17033 write(6, "\213\234$H\2\0\0H\211\\$\10H\213\234$P\2\0\0H\211\\$\20\350\0\0\0\0H\213"..., 28678 <unfinished ...>
17031 <... read resumed> "rrorString\0\36\"\".autotmp_1521\0\0\2\"t"..., 32768) = 32768
17033 <... write resumed> )             = 28678
17031 epoll_wait(5,  <unfinished ...>
17033 write(6, "\r\n", 2 <unfinished ...>
17031 <... epoll_wait resumed> {{EPOLLOUT, {u32=2134024192, u64=140606478393344}}}, 128, 0) = 1
17033 <... write resumed> )             = 2
17031 epoll_wait(5,  <unfinished ...>
17033 futex(0xc8200f6590, FUTEX_WAKE, 1 <unfinished ...>
17035 <... futex resumed> )             = 0
17033 <... futex resumed> )             = 1
17035 select(0, NULL, NULL, NULL, {0, 100} <unfinished ...>
17033 ioctl(0, TIOCGWINSZ, {ws_row=35, ws_col=112, ws_xpixel=0, ws_ypixel=0}) = 0
17033 ioctl(0, TIOCGWINSZ, {ws_row=35, ws_col=112, ws_xpixel=0, ws_ypixel=0}) = 0
17033 write(1, "Sending build context to Docker "..., 48) = 48
17033 write(6, "8000\r\n\10\1\0\0H\211\34$H\213\234$\20\1\0\0H\211\\$\10H\213\234$\30"..., 4096) = 4096
17033 write(6, "nterface\0\0\0\344\17\10\32\0\0Fgo.itab.*refle"..., 28678) = 28678
17033 write(6, "\r\n", 2)               = 2
17033 read(7, "\0\0\0\322\230\1\10\32\20\0&io.ErrUnexpectedEOF\0\0"..., 32768) = 32768
17035 <... select resumed> )            = 0 (Timeout)
17033 write(6, "8000\r\n\370\3\17\214\364\376\377\377H\215\35\0\0\0\0H\211\34$H\307D$\10\3\0"..., 4096 <unfinished ...>
17035 read(7,  <unfinished ...>
17033 <... write resumed> )             = 4096
17035 <... read resumed> "\20H\211\\$ \303\314\314\314\314\314\0@\0\0\0\4\f\"\".~r0\0000\4\20typ"..., 32768) = 32768
17033 write(6, "\0\0H\211C\10H\215\35\0\0\0\0H\211\34$H\215\234$\220\0\0\0H\211\\$\10H\307"..., 28678 <unfinished ...>
17035 futex(0xc8200f6590, FUTEX_WAIT, 0, NULL <unfinished ...>
17033 <... write resumed> )             = 28678
17033 write(6, "\r\n", 2)               = 2
17033 futex(0xc8200f6590, FUTEX_WAKE, 1 <unfinished ...>
17032 clock_gettime(CLOCK_MONOTONIC,  <unfinished ...>
17035 <... futex resumed> )             = 0
17033 <... futex resumed> )             = 1
17035 select(0, NULL, NULL, NULL, {0, 100} <unfinished ...>
17033 write(6, "8000\r\n\10`H\307D$\20\0\0\0\0\350\0\0\0\0H\213L$\30H\213D$ "..., 4096) = 4096
17033 write(6, "\377\211\3\351\247\347\377\377\350\0\0\0\0\351\362\346\377\377\314\314\370\1\n\10\34\0\0\0\0\0\0\\"..., 28678) = 28678
17033 write(6, "\r\n", 2)               = 2
17033 read(7, "github.com/opencontainers/runc/G"..., 32768) = 32768
17033 write(6, "8000\r\non\0\n\"\".id\0\377\7\2\24type.int32\0\10"..., 4096) = 4096
17033 write(6, "pace/src/github.com/golang/proto"..., 28678) = 28678
17035 <... select resumed> )            = 0 (Timeout)
17033 write(6, "\r\n", 2 <unfinished ...>
17035 read(7,  <unfinished ...>
17033 <... write resumed> )             = 2
17035 <... read resumed> "$\10\1\0\0H\211\214$\310\0\0\0H\211\vH\211\204$\320\0\0\0\200=\0\0\0\0\0u"..., 32768) = 32768
17033 futex(0xc82002ea10, FUTEX_WAIT, 0, NULL <unfinished ...>
17035 futex(0xc82002ea10, FUTEX_WAKE, 1 <unfinished ...>
17033 <... futex resumed> )             = -1 EAGAIN (Resource temporarily unavailable)
17035 <... futex resumed> )             = 0
17033 select(0, NULL, NULL, NULL, {0, 100} <unfinished ...>
17035 write(6, "8000\r\n\377\3771\300\351_\374\377\377\350\0\0\0\0\17\v1\300\351Q\374\377\3771\300\351"..., 4096) = 4096
17035 write(6, "b.*os.File.io.Writer\0\0\0\3443\10\32\0\0\26ty"..., 28678) = 28678
17035 write(6, "\r\n", 2)               = 2
17035 read(7, "\\$`H\211\\$8H\213\\$hH\211\\$@H\215\35\0\0\0\0H\211\34$H\213\35"..., 32768) = 32768
17032 <... clock_gettime resumed> {4903, 476224082}) = 0
17035 write(6, "8000\r\nitebarrierptr\0\0\0\352\223\1\10\f\0\0.ru"..., 4096) = 4096
17035 write(6, "\0\0\2\"type.interface {}\0\36\"\".autotm"..., 28678) = 28678
17035 write(6, "\r\n", 2)               = -1 EAGAIN (Resource temporarily unavailable)
17035 read(7, "or\0\n\"\".pv\0\257\5\2$type.reflect.Value"..., 32768) = 32768
17033 <... select resumed> )            = 0 (Timeout)
17035 futex(0xc8200f6590, FUTEX_WAIT, 0, NULL <unfinished ...>
17033 futex(0xc82002ea10, FUTEX_WAIT, 0, NULL <unfinished ...>
17032 clock_gettime(CLOCK_REALTIME, {1465918769, 261111606}) = 0
17032 select(0, NULL, NULL, NULL, {0, 20}) = 0 (Timeout)
17032 clock_gettime(CLOCK_MONOTONIC, {4903, 477735034}) = 0
17032 futex(0x21ee760, FUTEX_WAIT, 0, {60, 0} <unfinished ...>
17031 <... epoll_wait resumed> {{EPOLLOUT, {u32=2134024192, u64=140606478393344}}}, 128, -1) = 1
17031 clock_gettime(CLOCK_MONOTONIC, {4903, 477820568}) = 0
17031 futex(0xc82002ea10, FUTEX_WAKE, 1 <unfinished ...>
17033 <... futex resumed> )             = 0
17031 <... futex resumed> )             = 1
17033 epoll_wait(5,  <unfinished ...>
17031 futex(0x21ee760, FUTEX_WAKE, 1 <unfinished ...>
17033 <... epoll_wait resumed> {}, 128, 0) = 0
17031 <... futex resumed> )             = 1
17033 sched_yield( <unfinished ...>
17031 write(6, "\r\n", 2 <unfinished ...>
17033 <... sched_yield resumed> )       = 0
17031 <... write resumed> )             = 2
17033 futex(0x21ee6a0, FUTEX_WAKE, 1 <unfinished ...>
17031 write(6, "8000\r\n\f$H\211l$\10L\215\5\0\0\0\0L\211D$\20\350\0\0\0\0\17\v"..., 4096 <unfinished ...>
17033 <... futex resumed> )             = 0
17031 <... write resumed> )             = 4096
17033 epoll_wait(5,  <unfinished ...>
17031 write(6, "H\211\313H\203\343\37H\203\373\26\17\204'\1\0\0L\211\204$\240\3\0\0H\211\224$\250\3\0"..., 28678 <unfinished ...>
17033 <... epoll_wait resumed> {}, 128, 0) = 0
17031 <... write resumed> )             = 28678
17033 select(0, NULL, NULL, NULL, {0, 100} <unfinished ...>
17031 write(6, "\r\n", 2)               = 2
17031 read(7, "\213D$(H\213L$0H\211\214$\300\0\0\0H\211\204$\270\0\0\0H\203\370\0t\30H"..., 32768) = 32768
17031 write(6, "8000\r\n\0\0\316\24\10\32\0\0\26type.uint64\0\0\0\206\25\10"..., 4096 <unfinished ...>
17032 <... futex resumed> )             = 0
17031 <... write resumed> )             = 4096
17031 write(6, "\200\v\\\377\n\21\0\10\2\320\37\0\212\2\330\10i\2\r\2\312\2\2\30\6s\2\21\2-\2\22"..., 28678) = 28678
17031 write(6, "\r\n", 2)               = 2
17032 clock_gettime(CLOCK_MONOTONIC,  <unfinished ...>
17031 read(7,  <unfinished ...>
17033 <... select resumed> )            = 0 (Timeout)
17031 <... read resumed> "\0H\211\34$H\215\\$DH\211\\$\10H\307D$\20\0\0\0\0\350\0\0\0\0H\213L"..., 32768) = 32768
17033 epoll_wait(5,  <unfinished ...>
17031 futex(0xc8200f6590, FUTEX_WAKE, 1 <unfinished ...>
17035 <... futex resumed> )             = 0
17031 <... futex resumed> )             = 1
17035 select(0, NULL, NULL, NULL, {0, 100} <unfinished ...>
17031 write(6, "8000\r\n80b886db78bf\0Tgclocals\302\26723"..., 4096) = 4096
17031 write(6, "e.panicindex\0\0\0\250%\10\f\0\0000runtime.mo"..., 28678) = 28678
17031 write(6, "\r\n", 2)               = 2
17031 read(7, "\36\"\".autotmp_3003\0\0\2\"type.interfa"..., 32768) = 32768
17031 write(6, "8000\r\nH\213L$ H\213\234$`\5\0\0H\211\34$H\213\234$\250\0\0\0H"..., 4096) = 4096
17031 write(6, "\32\0\0Jgo.itab.*\"\".RequiredNotSetEr"..., 28678) = 28678
17031 write(6, "\r\n", 2)               = 2
17035 <... select resumed> )            = 0 (Timeout)
17032 <... clock_gettime resumed> {4903, 478513033}) = 0
17031 read(7,  <unfinished ...>
17035 futex(0xc8200f6590, FUTEX_WAIT, 0, NULL <unfinished ...>
17031 <... read resumed> "ing\0\36\"\".autotmp_3158\0\177\2\"type.int"..., 32768) = 32768
17032 clock_gettime(CLOCK_REALTIME,  <unfinished ...>
17031 futex(0xc8200f6590, FUTEX_WAKE, 1 <unfinished ...>
17035 <... futex resumed> )             = 0
17031 <... futex resumed> )             = 1
17035 select(0, NULL, NULL, NULL, {0, 100} <unfinished ...>
17031 write(6, "8000\r\n\215-\0\0\0\0H\211,$H\211\\$\10\350\0\0\0\0\351&\374\377\377H"..., 4096) = 4096
17031 write(6, "ritebarrierptr\0\0\0\252\35\10\0320\0\24\"\".extPr"..., 28678) = 28678
17031 write(6, "\r\n", 2)               = 2
17031 read(7, "oto: type mismatch\0\0\376\20Tgclocals\302"..., 32768) = 32768
17031 write(6, "8000\r\n0329f1fdbee7f5874cb\0\0\0\2\342\1/"..., 4096) = 4096
17031 write(6, "cals\302\26733cdeccccebe80329f1fdbee7f"..., 28678) = -1 EAGAIN (Resource temporarily unavailable)
17031 read(7, " %d\\n\"\0\0\0\376\20Bgo.string.\"%3d: t=%3"..., 32768) = 32768
17035 <... select resumed> )            = 0 (Timeout)
17032 <... clock_gettime resumed> {1465918769, 262742305}) = 0
17031 futex(0x21ef2b0, FUTEX_WAIT, 0, NULL <unfinished ...>
17035 futex(0xc8200f6590, FUTEX_WAIT, 0, NULL <unfinished ...>
17032 select(0, NULL, NULL, NULL, {0, 20}) = 0 (Timeout)
17032 clock_gettime(CLOCK_MONOTONIC, {4903, 479060532}) = 0
17032 futex(0x21ee760, FUTEX_WAIT, 0, {60, 0} <unfinished ...>
17033 <... epoll_wait resumed> {{EPOLLOUT, {u32=2134024192, u64=140606478393344}}}, 128, -1) = 1
17033 clock_gettime(CLOCK_MONOTONIC, {4903, 480543902}) = 0
17033 futex(0xc8200f6590, FUTEX_WAKE, 1 <unfinished ...>
17035 <... futex resumed> )             = 0
17033 <... futex resumed> )             = 1
17035 epoll_wait(5,  <unfinished ...>
17033 futex(0x21ee760, FUTEX_WAKE, 1 <unfinished ...>
17035 <... epoll_wait resumed> {{EPOLLOUT, {u32=2134024192, u64=140606478393344}}}, 128, 0) = 1
17033 <... futex resumed> )             = 1
17035 sched_yield( <unfinished ...>
17033 write(6, "cals\302\26733cdeccccebe80329f1fdbee7f"..., 28678 <unfinished ...>
17035 <... sched_yield resumed> )       = 0
17033 <... write resumed> )             = 28678
17035 futex(0x21ee6a0, FUTEX_WAKE, 1 <unfinished ...>
17033 write(6, "\r\n", 2 <unfinished ...>
17035 <... futex resumed> )             = 0
17033 <... write resumed> )             = 2
17035 epoll_wait(5,  <unfinished ...>
17033 futex(0x21ef2b0, FUTEX_WAKE, 1)   = 1
17031 <... futex resumed> )             = 0
17033 write(6, "8000\r\n1dda3334c021125365f71a78d0"..., 4096 <unfinished ...>
17031 select(0, NULL, NULL, NULL, {0, 100} <unfinished ...>
17033 <... write resumed> )             = 4096
17033 write(6, "ls\302\26757ad6ebad2b1c63462fe3c9de580"..., 28678) = 28678
17033 write(6, "\r\n", 2)               = 2
17033 read(7, "ing.hdr.\"\\v\"\0\6 \0\0 \0\0\0\0\0\0\0\0\1\0\0\0\0\0"..., 32768) = 32768
17033 write(6, "8000\r\n49bd7f496951d5c390834\0\2\220\1\0"..., 4096) = 4096
17033 write(6, "4b64dabbd1bd379bf78a93\0\2\260\1\0\0\260\1\n\0"..., 28678) = 28678
17033 write(6, "\r\n", 2)               = 2
17033 read(7, "384c26951e316cd7e6\0\2\30\0\0\30\1\0\0\0\2\0\0\0"..., 32768) = 32768
17033 write(6, "8000\r\n&\"\".sizeExtensionMap\0\0\0\376\20$"..., 4096 <unfinished ...>
17031 <... select resumed> )            = 0 (Timeout)
17033 <... write resumed> )             = 4096
17031 read(7,  <unfinished ...>
17033 write(6, "tructPointer_GetStructPointer\302\267f"..., 28678 <unfinished ...>
17031 <... read resumed> ".hdr.\"[]uint32\"\0\6 \0\0 \0\0\0\0\0\0\0\0\10\0\0"..., 32768) = 32768
17033 <... write resumed> )             = 28678
17031 futex(0x21ef2b0, FUTEX_WAIT, 0, NULL <unfinished ...>
17033 write(6, "\r\n", 2)               = 2
17033 futex(0x21ef2b0, FUTEX_WAKE, 1)   = 1
17031 <... futex resumed> )             = 0
17033 write(6, "8000\r\n\0\0\0\0\0\0\0\0\0\0\0\0\0\0\0\0\0\0\1\0\0\0\0\0\0\0"..., 4096 <unfinished ...>
17031 select(0, NULL, NULL, NULL, {0, 100} <unfinished ...>
17033 <... write resumed> )             = 4096
17033 write(6, "eflect.Value\"\0\0060\0\0\"[1]reflect.Va"..., 28678) = 28678
17033 write(6, "\r\n", 2)               = 2
17033 read(7, "string\0\0\0\376\20Lgo.string.hdr.\"*map."..., 32768) = 32768
17033 write(6, "8000\r\n\220\1\30\0\0\0\0\0\0\0\10\0\0\0\0\0\0\0\216f\371\33\0\10\10\27"..., 4096) = 4096
17033 write(6, "go.string.hdr.\"func(*proto.tagMa"..., 28678) = 28678
17033 write(6, "\r\n", 2)               = 2
17033 read(7, "\1\20\2\0\0\"type.reflect.Type\0\0\0\200\2\20\2\0\0"..., 32768) = 32768
17033 ioctl(0, TIOCGWINSZ, {ws_row=35, ws_col=112, ws_xpixel=0, ws_ypixel=0}) = 0
17031 <... select resumed> )            = 0 (Timeout)
17033 ioctl(0, TIOCGWINSZ <unfinished ...>
17031 read(7,  <unfinished ...>
17033 <... ioctl resumed> , {ws_row=35, ws_col=112, ws_xpixel=0, ws_ypixel=0}) = 0
17031 <... read resumed> "Properties, bool, proto.structPo"..., 32768) = 32768
17033 write(1, "Sending build context to Docker "..., 48 <unfinished ...>
17031 futex(0x21ef2b0, FUTEX_WAIT, 0, NULL <unfinished ...>
17033 <... write resumed> )             = 48
17033 write(6, "8000\r\ning.hdr.\"enc\"\0\0\0\240\n\20\2\0\0\"go."..., 4096) = 4096
17033 write(6, "unc(*proto.Properties) string\"\0\0"..., 28678) = 28678
17033 write(6, "\r\n", 2)               = -1 EAGAIN (Resource temporarily unavailable)
17033 futex(0xc82002ea10, FUTEX_WAIT, 0, NULL <unfinished ...>
17035 <... epoll_wait resumed> {{EPOLLOUT, {u32=2134024192, u64=140606478393344}}}, 128, -1) = 1
17035 clock_gettime(CLOCK_MONOTONIC, {4903, 482544366}) = 0
17035 futex(0xc82002ea10, FUTEX_WAKE, 1) = 1
17033 <... futex resumed> )             = 0
17035 write(6, "\r\n", 2 <unfinished ...>
17033 epoll_wait(5,  <unfinished ...>
17035 <... write resumed> )             = 2
17033 <... epoll_wait resumed> {}, 128, 0) = 0
17035 write(6, "8000\r\nuntime.algarray\0\0\0@\20\2\0\0\"ru"..., 4096 <unfinished ...>
17033 select(0, NULL, NULL, NULL, {0, 100} <unfinished ...>
17035 <... write resumed> )             = 4096
17035 write(6, "nc(string) error\0\0\0\220\1\20\2\360\1\0.type."..., 28678) = 28678
17035 write(6, "\r\n", 2)               = 2
17035 read(7, "\20\2\0\0btype.func(*\"\".Properties, \""..., 32768) = 32768
17035 write(6, "8000\r\nr) error\0\0\0\320\22\20\2\0\0ztype.fun"..., 4096) = 4096
17035 write(6, "ct\"\0\0\0\320\35\20\2\0\0\"go.importpath.\"\".\0\0"..., 28678) = 28678
17035 write(6, "\r\n", 2)               = 2
17035 read(7, "\0\0\0\0\0\0\0\0\0\0\0\0\0\0\0\0\0\0\0\0\0\0\0\0\0\0\0\0\0\0\0\0"..., 32768) = 32768
17035 write(6, "8000\r\n\0\20type.int\0\0\0\376\20\204\1go.typeli"..., 4096) = 4096
17035 write(6, "\0\0(type.*\"\".word64Slice\0\0\0\200\2\20\2\0\0"..., 28678 <unfinished ...>
17033 <... select resumed> )            = 0 (Timeout)
17035 <... write resumed> )             = 28678
17033 read(7,  <unfinished ...>
17035 write(6, "\r\n", 2 <unfinished ...>
17033 <... read resumed> "\0\0\0\0\0\0\0\0\0\0\0\0\310\0\0\0\0\0\0\0\0320\20\2\340\1\0 runt"..., 32768) = 32768
17035 <... write resumed> )             = 2
17033 epoll_wait(5,  <unfinished ...>
17035 write(6, "8000\r\n.structPointer }\"\0\0\0p\20\2\0\0\306"..., 4096 <unfinished ...>
17033 <... epoll_wait resumed> {}, 128, 0) = 0
17035 <... write resumed> )             = 4096
17033 select(0, NULL, NULL, NULL, {0, 100} <unfinished ...>
17035 write(6, "ype.[8]*\"\".ExtensionDesc\0\0\0\240\3\20\2\0"..., 28678) = 28678
17035 write(6, "\r\n", 2)               = 2
17035 read(7, "\2\220\1\0\0\220\1\10\0\0\0\0\0\0\0\10\0\0\0\0\0\0\0w\243\17\376\0\10\0106\0"..., 32768) = 32768
17035 write(6, "8000\r\n.string.hdr.\"*proto.scalar"..., 4096) = 4096
17035 write(6, "\0\0\0\0\0\0\0\0\0\0\0\0\0\0\0\0\0\0\0\0\0\0\0\0\0\0\0\0\0\0\0\0"..., 28678) = 28678
17035 write(6, "\r\n", 2)               = 2
17035 read(7, " \0\0\0\0\0\0\0\0\32\0\0\0\0\0\0\0\2\0\20\2\0\0Lgo.strin"..., 32768) = 32768
17033 <... select resumed> )            = 0 (Timeout)
17035 write(6, "8000\r\ndr.\"func(proto.int32Slice,"..., 4096 <unfinished ...>
17033 read(7,  <unfinished ...>
17035 <... write resumed> )             = 4096
17033 <... read resumed> "tParser, string, ...interface {}"..., 32768) = 32768
17035 write(6, "string.\"[]proto.messageSetDesc\"\0"..., 28678 <unfinished ...>
17033 epoll_wait(5,  <unfinished ...>
17035 <... write resumed> )             = -1 EAGAIN (Resource temporarily unavailable)
17033 <... epoll_wait resumed> {}, 128, 0) = 0
17035 epoll_wait(5,  <unfinished ...>
17033 epoll_wait(5,  <unfinished ...>
17035 <... epoll_wait resumed> {}, 128, 0) = 0
17035 futex(0xc8200f6590, FUTEX_WAIT, 0, NULL <unfinished ...>
17033 <... epoll_wait resumed> {{EPOLLOUT, {u32=2134024192, u64=140606478393344}}}, 128, -1) = 1
17033 clock_gettime(CLOCK_MONOTONIC, {4903, 484246866}) = 0
17033 futex(0xc8200f6590, FUTEX_WAKE, 1 <unfinished ...>
17035 <... futex resumed> )             = 0
17033 <... futex resumed> )             = 1
17035 epoll_wait(5,  <unfinished ...>
17033 write(6, "string.\"[]proto.messageSetDesc\"\0"..., 28678 <unfinished ...>
17035 <... epoll_wait resumed> {}, 128, 0) = 0
17033 <... write resumed> )             = 28678
17035 epoll_wait(5,  <unfinished ...>
17033 write(6, "\r\n", 2)               = 2
17033 futex(0x21ef2b0, FUTEX_WAKE, 1)   = 1
17031 <... futex resumed> )             = 0
17033 write(6, "8000\r\n*\"\".textWriter)\0\0\0\240\5\20\2\0\0002\""..., 4096 <unfinished ...>
17031 select(0, NULL, NULL, NULL, {0, 100} <unfinished ...>
17033 <... write resumed> )             = 4096
17033 write(6, "n\"\0\6 \0\0 \0\0\0\0\0\0\0\0\v\0\0\0\0\0\0\0\2\0\20\2\0\0.g"..., 28678) = 28678
17033 write(6, "\r\n", 2)               = 2
17033 read(7, "opKey]*\"\".Properties }).RLock\0\0\0"..., 32768) = 12014
17033 read(7, "", 20754)                = 0
17033 close(7)                          = 0
17033 lstat("/home/hmeng/go/src/github.com/opencontainers/runc/Godeps/_workspace/pkg/linux_amd64/github.com/opencontainers",  <unfinished ...>
17032 <... futex resumed> )             = 0
17033 <... lstat resumed> {st_mode=S_IFDIR|0775, st_size=36, ...}) = 0
17033 lstat("/home/hmeng/go/src/github.com/opencontainers/runc/Godeps/_workspace/pkg/linux_amd64/github.com/opencontainers",  <unfinished ...>
17032 clock_gettime(CLOCK_MONOTONIC,  <unfinished ...>
17033 <... lstat resumed> {st_mode=S_IFDIR|0775, st_size=36, ...}) = 0
17031 <... select resumed> )            = 0 (Timeout)
17033 lgetxattr("/home/hmeng/go/src/github.com/opencontainers/runc/Godeps/_workspace/pkg/linux_amd64/github.com/opencontainers", "security.capability" <unfinished ...>
17032 <... clock_gettime resumed> {4903, 484530053}) = 0
17031 futex(0x21ef2b0, FUTEX_WAIT, 0, NULL <unfinished ...>
17033 <... lgetxattr resumed> , 0xc820170900, 128) = -1 ENODATA (No data available)
17032 clock_gettime(CLOCK_REALTIME,  <unfinished ...>
17033 openat(AT_FDCWD, "/home/hmeng/go/src/github.com/opencontainers/runc/Godeps/_workspace/pkg/linux_amd64/github.com/opencontainers", O_RDONLY|O_CLOEXEC) = 7
17032 <... clock_gettime resumed> {1465918769, 268588553}) = 0
17033 getdents64(7, /* 4 entries */, 4096) = 104
17032 select(0, NULL, NULL, NULL, {0, 20} <unfinished ...>
17033 getdents64(7, /* 0 entries */, 4096) = 0
17033 close(7)                          = 0
17033 lstat("/home/hmeng/go/src/github.com/opencontainers/runc/Godeps/_workspace/pkg/linux_amd64/github.com/opencontainers/runc", {st_mode=S_IFDIR|0775, st_size=46, ...}) = 0
17033 lstat("/home/hmeng/go/src/github.com/opencontainers/runc/Godeps/_workspace/pkg/linux_amd64/github.com/opencontainers/runc", {st_mode=S_IFDIR|0775, st_size=46, ...}) = 0
17033 lgetxattr("/home/hmeng/go/src/github.com/opencontainers/runc/Godeps/_workspace/pkg/linux_amd64/github.com/opencontainers/runc", "security.capability", 0xc820170c00, 128) = -1 ENODATA (No data available)
17032 <... select resumed> )            = 0 (Timeout)
17033 openat(AT_FDCWD, "/home/hmeng/go/src/github.com/opencontainers/runc/Godeps/_workspace/pkg/linux_amd64/github.com/opencontainers/runc", O_RDONLY|O_CLOEXEC) = 7
17032 clock_gettime(CLOCK_MONOTONIC,  <unfinished ...>
17033 getdents64(7, /* 4 entries */, 4096) = 120
17032 <... clock_gettime resumed> {4903, 484786669}) = 0
17033 getdents64(7, /* 0 entries */, 4096) = 0
17032 clock_gettime(CLOCK_REALTIME,  <unfinished ...>
17033 close(7)                          = 0
17032 <... clock_gettime resumed> {1465918769, 268812860}) = 0
17033 lstat("/home/hmeng/go/src/github.com/opencontainers/runc/Godeps/_workspace/pkg/linux_amd64/github.com/opencontainers/runc/libcontainer", {st_mode=S_IFDIR|0775, st_size=4096, ...}) = 0
17032 select(0, NULL, NULL, NULL, {0, 20} <unfinished ...>
17033 lstat("/home/hmeng/go/src/github.com/opencontainers/runc/Godeps/_workspace/pkg/linux_amd64/github.com/opencontainers/runc/libcontainer", {st_mode=S_IFDIR|0775, st_size=4096, ...}) = 0
17033 lgetxattr("/home/hmeng/go/src/github.com/opencontainers/runc/Godeps/_workspace/pkg/linux_amd64/github.com/opencontainers/runc/libcontainer", "security.capability", 0xc820170f80, 128) = -1 ENODATA (No data available)
17033 openat(AT_FDCWD, "/home/hmeng/go/src/github.com/opencontainers/runc/Godeps/_workspace/pkg/linux_amd64/github.com/opencontainers/runc/libcontainer", O_RDONLY|O_CLOEXEC) = 7
17033 getdents64(7, /* 18 entries */, 4096) = 560
17032 <... select resumed> )            = 0 (Timeout)
17033 getdents64(7, /* 0 entries */, 4096) = 0
17032 clock_gettime(CLOCK_MONOTONIC,  <unfinished ...>
17033 close(7)                          = 0
17032 <... clock_gettime resumed> {4903, 484994894}) = 0
17033 lstat("/home/hmeng/go/src/github.com/opencontainers/runc/Godeps/_workspace/pkg/linux_amd64/github.com/opencontainers/runc/libcontainer/apparmor.a", {st_mode=S_IFREG|0664, st_size=3356, ...}) = 0
17032 clock_gettime(CLOCK_REALTIME,  <unfinished ...>
17033 lstat("/home/hmeng/go/src/github.com/opencontainers/runc/Godeps/_workspace/pkg/linux_amd64/github.com/opencontainers/runc/libcontainer/apparmor.a", {st_mode=S_IFREG|0664, st_size=3356, ...}) = 0
17032 <... clock_gettime resumed> {1465918769, 269050421}) = 0
17033 lgetxattr("/home/hmeng/go/src/github.com/opencontainers/runc/Godeps/_workspace/pkg/linux_amd64/github.com/opencontainers/runc/libcontainer/apparmor.a", "security.capability", 0xc820171100, 128) = -1 ENODATA (No data available)
17032 select(0, NULL, NULL, NULL, {0, 20} <unfinished ...>
17033 openat(AT_FDCWD, "/home/hmeng/go/src/github.com/opencontainers/runc/Godeps/_workspace/pkg/linux_amd64/github.com/opencontainers/runc/libcontainer/apparmor.a", O_RDONLY|O_CLOEXEC) = 7
17033 read(7, "!<arch>\n__.PKGDEF       0       "..., 32768) = 3356
17033 read(7, "", 29412)                = 0
17033 close(7)                          = 0
17033 lstat("/home/hmeng/go/src/github.com/opencontainers/runc/Godeps/_workspace/pkg/linux_amd64/github.com/opencontainers/runc/libcontainer/cgroups", {st_mode=S_IFDIR|0775, st_size=33, ...}) = 0
17033 lstat("/home/hmeng/go/src/github.com/opencontainers/runc/Godeps/_workspace/pkg/linux_amd64/github.com/opencontainers/runc/libcontainer/cgroups",  <unfinished ...>
17032 <... select resumed> )            = 0 (Timeout)
17033 <... lstat resumed> {st_mode=S_IFDIR|0775, st_size=33, ...}) = 0
17033 lgetxattr("/home/hmeng/go/src/github.com/opencontainers/runc/Godeps/_workspace/pkg/linux_amd64/github.com/opencontainers/runc/libcontainer/cgroups", "security.capability" <unfinished ...>
17032 clock_gettime(CLOCK_MONOTONIC,  <unfinished ...>
17033 <... lgetxattr resumed> , 0xc820171200, 128) = -1 ENODATA (No data available)
17033 openat(AT_FDCWD, "/home/hmeng/go/src/github.com/opencontainers/runc/Godeps/_workspace/pkg/linux_amd64/github.com/opencontainers/runc/libcontainer/cgroups", O_RDONLY|O_CLOEXEC <unfinished ...>
17032 <... clock_gettime resumed> {4903, 485245464}) = 0
17033 <... openat resumed> )            = 7
17033 getdents64(7,  <unfinished ...>
17032 clock_gettime(CLOCK_REALTIME,  <unfinished ...>
17033 <... getdents64 resumed> /* 4 entries */, 4096) = 104
17033 getdents64(7,  <unfinished ...>
17032 <... clock_gettime resumed> {1465918769, 269293918}) = 0
17033 <... getdents64 resumed> /* 0 entries */, 4096) = 0
17033 close(7 <unfinished ...>
17032 select(0, NULL, NULL, NULL, {0, 20} <unfinished ...>
17033 <... close resumed> )             = 0
17033 lstat("/home/hmeng/go/src/github.com/opencontainers/runc/Godeps/_workspace/pkg/linux_amd64/github.com/opencontainers/runc/libcontainer/cgroups/fs.a", {st_mode=S_IFREG|0664, st_size=473892, ...}) = 0
17033 lstat("/home/hmeng/go/src/github.com/opencontainers/runc/Godeps/_workspace/pkg/linux_amd64/github.com/opencontainers/runc/libcontainer/cgroups/fs.a", {st_mode=S_IFREG|0664, st_size=473892, ...}) = 0
17033 lgetxattr("/home/hmeng/go/src/github.com/opencontainers/runc/Godeps/_workspace/pkg/linux_amd64/github.com/opencontainers/runc/libcontainer/cgroups/fs.a", "security.capability", 0xc820171280, 128) = -1 ENODATA (No data available)
17033 openat(AT_FDCWD, "/home/hmeng/go/src/github.com/opencontainers/runc/Godeps/_workspace/pkg/linux_amd64/github.com/opencontainers/runc/libcontainer/cgroups/fs.a", O_RDONLY|O_CLOEXEC <unfinished ...>
17032 <... select resumed> )            = 0 (Timeout)
17033 <... openat resumed> )            = 7
17033 read(7,  <unfinished ...>
17032 clock_gettime(CLOCK_MONOTONIC,  <unfinished ...>
17033 <... read resumed> "!<arch>\n__.PKGDEF       0       "..., 32768) = 32768
17033 futex(0x21ef2b0, FUTEX_WAKE, 1 <unfinished ...>
17032 <... clock_gettime resumed> {4903, 485459893}) = 0
17033 <... futex resumed> )             = 1
17031 <... futex resumed> )             = 0
17033 write(6, "8000\r\nket[string]bool\0\0\0\300\4\20\2\0\0004g"..., 4096 <unfinished ...>
17032 clock_gettime(CLOCK_REALTIME,  <unfinished ...>
17031 select(0, NULL, NULL, NULL, {0, 100} <unfinished ...>
17033 <... write resumed> )             = 4096
17032 <... clock_gettime resumed> {1465918769, 269511100}) = 0
17033 write(6, "type..alg20\0\0\0@\20\2\0\0\36runtime.gcbi"..., 28678) = 28678
17032 select(0, NULL, NULL, NULL, {0, 20} <unfinished ...>
17033 write(6, "\r\n", 2)               = 2
17033 read(7, "ub.com/opencontainers/runc/libco"..., 32768) = 32768
17033 write(6, "8000\r\nntainers/runc/libcontainer"..., 4096) = 4096
17033 write(6, "omitempty\\\"\"; ThrottledPeriods u"..., 28678) = 28678
17033 write(6, "\r\n", 2)               = 2
17032 <... select resumed> )            = 0 (Timeout)
17033 read(7, ".file\0 \4\26type.string\0\f\"\".dir\0\0\4\26"..., 32768) = 32768
17032 clock_gettime(CLOCK_MONOTONIC,  <unfinished ...>
17033 write(6, "8000\r\n\203\304`\303H\215-\0\0\0\0H\211,$H\211\\$\10\350\0\0\0\0\353"..., 4096 <unfinished ...>
17031 <... select resumed> )            = 0 (Timeout)
17032 <... clock_gettime resumed> {4903, 485698917}) = 0
17033 <... write resumed> )             = 4096
17031 read(7,  <unfinished ...>
17033 write(6, ").path\0\0\0\264\27\0\22\0\0\0\0\0\0\220\30\10\32\0\0&go.str"..., 28678 <unfinished ...>
17032 clock_gettime(CLOCK_REALTIME,  <unfinished ...>
17031 <... read resumed> "ub.com/opencontainers/runc/Godep"..., 32768) = 32768
17033 <... write resumed> )             = 28678
17032 <... clock_gettime resumed> {1465918769, 269749356}) = 0
17031 futex(0x21ef2b0, FUTEX_WAIT, 0, NULL <unfinished ...>
17033 write(6, "\r\n", 2 <unfinished ...>
17032 select(0, NULL, NULL, NULL, {0, 20} <unfinished ...>
17033 <... write resumed> )             = 2
17033 futex(0x21ef2b0, FUTEX_WAKE, 1)   = 1
17031 <... futex resumed> )             = 0
17033 write(6, "8000\r\n\213\214$\200\0\0\0\17\266\\$ \200\373\0\17\204\266\2\0\0H\213\32H\213"..., 4096 <unfinished ...>
17031 select(0, NULL, NULL, NULL, {0, 100} <unfinished ...>
17033 <... write resumed> )             = 4096
17033 write(6, "ring.\"blkio\"\0\0\0\204\1\10\f\0\0*\"\".(*cgrou"..., 28678) = -1 EAGAIN (Resource temporarily unavailable)
17033 read(7,  <unfinished ...>
17032 <... select resumed> )            = 0 (Timeout)
17033 <... read resumed> "$ H\211\204$\310\0\0\0H\211D$(\350\0\0\0\0H\213D$0H\213L$8H\211"..., 32768) = 32768
17033 futex(0xc82002ea10, FUTEX_WAIT, 0, NULL <unfinished ...>
17032 clock_gettime(CLOCK_MONOTONIC, {4903, 485919713}) = 0
17032 clock_gettime(CLOCK_REALTIME, {1465918769, 270028181}) = 0
17032 select(0, NULL, NULL, NULL, {0, 20}) = 0 (Timeout)
17032 clock_gettime(CLOCK_MONOTONIC,  <unfinished ...>
17031 <... select resumed> )            = 0 (Timeout)
17032 <... clock_gettime resumed> {4903, 486144509}) = 0
17032 clock_gettime(CLOCK_REALTIME,  <unfinished ...>
17031 futex(0x21ef2b0, FUTEX_WAIT, 0, NULL <unfinished ...>
17032 <... clock_gettime resumed> {1465918769, 270154247}) = 0
17032 select(0, NULL, NULL, NULL, {0, 20}) = 0 (Timeout)
17032 clock_gettime(CLOCK_MONOTONIC, {4903, 486270161}) = 0
17032 futex(0x21ee760, FUTEX_WAIT, 0, {60, 0} <unfinished ...>
17035 <... epoll_wait resumed> {{EPOLLOUT, {u32=2134024192, u64=140606478393344}}}, 128, -1) = 1
17035 clock_gettime(CLOCK_MONOTONIC, {4903, 487696510}) = 0
17035 futex(0x21ef2b0, FUTEX_WAKE, 1)   = 1
17031 <... futex resumed> )             = 0
17035 futex(0x21ee760, FUTEX_WAKE, 1 <unfinished ...>
17031 epoll_wait(5,  <unfinished ...>
17035 <... futex resumed> )             = 1
17031 <... epoll_wait resumed> {}, 128, 0) = 0
17035 write(6, "ring.\"blkio\"\0\0\0\204\1\10\f\0\0*\"\".(*cgrou"..., 28678 <unfinished ...>
17031 epoll_wait(5,  <unfinished ...>
17035 <... write resumed> )             = 28678
17032 <... futex resumed> )             = 0
17035 write(6, "\r\n", 2)               = 2
17035 futex(0xc82002ea10, FUTEX_WAKE, 1 <unfinished ...>
17032 clock_gettime(CLOCK_MONOTONIC,  <unfinished ...>
17035 <... futex resumed> )             = 1
17033 <... futex resumed> )             = 0
17035 write(6, "8000\r\npencontainers/runc/Godeps/"..., 4096 <unfinished ...>
17033 select(0, NULL, NULL, NULL, {0, 100} <unfinished ...>
17032 <... clock_gettime resumed> {4903, 487868301}) = 0
17035 <... write resumed> )             = 4096
17035 write(6, "$HH\211\34$H\215\35\0\0\0\0H\211\\$\10H\307D$\20\7\0\0\0\350\0\0\0\0"..., 28678) = 28678
17032 clock_gettime(CLOCK_REALTIME,  <unfinished ...>
17035 write(6, "\r\n", 2)               = 2
17032 <... clock_gettime resumed> {1465918769, 271946566}) = 0
17035 read(7, "D$\20\0\0\0\0\350\0\0\0\0H\213L$\30H\213D$ H\213\234$\240\1\0\0H\211"..., 32768) = 32768
17032 select(0, NULL, NULL, NULL, {0, 20} <unfinished ...>
17035 write(6, "8000\r\ngs.Cgroup\0\16\"\".path\0\20\4\26type"..., 4096) = 4096
17035 write(6, "zer.state\"\0\0\0\340\4\10\f\0\0\30\"\".writeFile"..., 28678 <unfinished ...>
17033 <... select resumed> )            = 0 (Timeout)
17035 <... write resumed> )             = 28678
17033 read(7,  <unfinished ...>
17035 write(6, "\r\n", 2 <unfinished ...>
17033 <... read resumed> "runtime.writeBarrier\0\0\0\340\t\10\32\0\0Rgo"..., 32768) = 32768
17035 <... write resumed> )             = 2
17033 futex(0xc82002ea10, FUTEX_WAIT, 0, NULL <unfinished ...>
17035 futex(0xc82002ea10, FUTEX_WAKE, 1 <unfinished ...>
17033 <... futex resumed> )             = -1 EAGAIN (Resource temporarily unavailable)
17035 <... futex resumed> )             = 0
17033 select(0, NULL, NULL, NULL, {0, 100} <unfinished ...>
17032 <... select resumed> )            = 0 (Timeout)
17035 write(6, "8000\r\n\4\2\"type.interface {}\0\36\"\".a"..., 4096) = 4096
17032 clock_gettime(CLOCK_MONOTONIC,  <unfinished ...>
17035 write(6, "e\377\377\377L\215C\10L\211\4$H\211D$\10\350\0\0\0\0\351\366\376\377\377\211\3\351s\376"..., 28678) = 28678
17032 <... clock_gettime resumed> {4903, 488194917}) = 0
17035 write(6, "\r\n", 2)               = 2
17032 clock_gettime(CLOCK_REALTIME,  <unfinished ...>
17035 read(7, ".com/opencontainers/runc/libcont"..., 32768) = 32768
17032 <... clock_gettime resumed> {1465918769, 272230668}) = 0
17035 write(6, "8000\r\nnt64\0\24\"\".bitSize\0000\4\20type.i"..., 4096) = 4096
17032 select(0, NULL, NULL, NULL, {0, 20} <unfinished ...>
17035 write(6, "\17\10\f\0\0.runtime.writebarrierptr\0\0\0"..., 28678) = 28678
17035 write(6, "\r\n", 2)               = 2
17035 read(7,  <unfinished ...>
17033 <... select resumed> )            = 0 (Timeout)
17035 <... read resumed> "\0\0\4\0\0\0\3\0\0\0\0\376\20Dgo.string.hdr.\"net"..., 32768) = 32768
17033 futex(0xc82002ea10, FUTEX_WAIT, 0, NULL <unfinished ...>
17035 futex(0xc82002ea10, FUTEX_WAKE, 1 <unfinished ...>
17033 <... futex resumed> )             = -1 EAGAIN (Resource temporarily unavailable)
17032 <... select resumed> )            = 0 (Timeout)
17035 <... futex resumed> )             = 0
17033 select(0, NULL, NULL, NULL, {0, 100} <unfinished ...>
17032 clock_gettime(CLOCK_MONOTONIC,  <unfinished ...>
17035 write(6, "8000\r\nH\213\\$PH\203\373\0\17\204\216\0\0\0H\2133H\213K\10H\213\\$"..., 4096) = 4096
17032 <... clock_gettime resumed> {4903, 488411751}) = 0
17035 write(6, "\0\0\376\20Tgclocals\302\2676432f8c6a0d23fa7b"..., 28678) = -1 EAGAIN (Resource temporarily unavailable)
17032 clock_gettime(CLOCK_REALTIME,  <unfinished ...>
17035 read(7, "em\"\0\0\0\260\3\20\2\0\0\"go.importpath.\"\".\0\0"..., 32768) = 32768
17032 <... clock_gettime resumed> {1465918769, 272445859}) = 0
17035 futex(0xc8200f6590, FUTEX_WAIT, 0, NULL <unfinished ...>
17032 select(0, NULL, NULL, NULL, {0, 20} <unfinished ...>
17033 <... select resumed> )            = 0 (Timeout)
17033 futex(0xc82002ea10, FUTEX_WAIT, 0, NULL <unfinished ...>
17032 <... select resumed> )            = 0 (Timeout)
17032 clock_gettime(CLOCK_MONOTONIC, {4903, 488600489}) = 0
17032 futex(0x21ee760, FUTEX_WAIT, 0, {60, 0} <unfinished ...>
17031 <... epoll_wait resumed> {{EPOLLOUT, {u32=2134024192, u64=140606478393344}}}, 128, -1) = 1
17031 clock_gettime(CLOCK_MONOTONIC, {4903, 489666713}) = 0
17031 futex(0xc82002ea10, FUTEX_WAKE, 1 <unfinished ...>
17033 <... futex resumed> )             = 0
17031 <... futex resumed> )             = 1
17033 epoll_wait(5,  <unfinished ...>
17031 futex(0x21ee760, FUTEX_WAKE, 1 <unfinished ...>
17033 <... epoll_wait resumed> {}, 128, 0) = 0
17031 <... futex resumed> )             = 1
17033 sched_yield( <unfinished ...>
17031 write(6, "\0\0\376\20Tgclocals\302\2676432f8c6a0d23fa7b"..., 28678 <unfinished ...>
17033 <... sched_yield resumed> )       = 0
17032 <... futex resumed> )             = 0
17031 <... write resumed> )             = 28678
17033 futex(0x21ee6a0, FUTEX_WAKE, 1 <unfinished ...>
17031 write(6, "\r\n", 2 <unfinished ...>
17033 <... futex resumed> )             = 0
17031 <... write resumed> )             = 2
17033 epoll_wait(5,  <unfinished ...>
17032 clock_gettime(CLOCK_MONOTONIC,  <unfinished ...>
17031 futex(0xc8200f6590, FUTEX_WAKE, 1 <unfinished ...>
17035 <... futex resumed> )             = 0
17032 <... clock_gettime resumed> {4903, 489836999}) = 0
17031 <... futex resumed> )             = 1
17035 select(0, NULL, NULL, NULL, {0, 100} <unfinished ...>
17031 ioctl(0, TIOCGWINSZ <unfinished ...>
17032 clock_gettime(CLOCK_REALTIME,  <unfinished ...>
17031 <... ioctl resumed> , {ws_row=35, ws_col=112, ws_xpixel=0, ws_ypixel=0}) = 0
17032 <... clock_gettime resumed> {1465918769, 273879634}) = 0
17031 ioctl(0, TIOCGWINSZ <unfinished ...>
17032 select(0, NULL, NULL, NULL, {0, 20} <unfinished ...>
17031 <... ioctl resumed> , {ws_row=35, ws_col=112, ws_xpixel=0, ws_ypixel=0}) = 0
17031 write(1, "Sending build context to Docker "..., 48) = 48
17031 write(6, "8000\r\n\0\0\376\20Tgclocals\302\26713b116b7b51"..., 4096) = 4096
17031 write(6, "\"\"\".statictmp_0236\0\0@\34type.[2]st"..., 28678) = 28678
17031 write(6, "\r\n", 2)               = 2
17031 read(7,  <unfinished ...>
17035 <... select resumed> )            = 0 (Timeout)
17032 <... select resumed> )            = 0 (Timeout)
17031 <... read resumed> "\0\0\0\0\0\0\0\0\0\0\0\0\0\0\0\0\0\0\0\0\0\0\0\0\0\0\0\0\0\0\0\0"..., 32768) = 32768
17035 futex(0xc8200f6590, FUTEX_WAIT, 0, NULL <unfinished ...>
17032 clock_gettime(CLOCK_MONOTONIC,  <unfinished ...>
17031 futex(0xc8200f6590, FUTEX_WAKE, 1 <unfinished ...>
17035 <... futex resumed> )             = -1 EAGAIN (Resource temporarily unavailable)
17032 <... clock_gettime resumed> {4903, 490057199}) = 0
17031 <... futex resumed> )             = 0
17035 select(0, NULL, NULL, NULL, {0, 100} <unfinished ...>
17032 clock_gettime(CLOCK_REALTIME,  <unfinished ...>
17031 write(6, "8000\r\nSet\0\0\0`\20\2\220\1\0*type.*\"\".subs"..., 4096 <unfinished ...>
17032 <... clock_gettime resumed> {1465918769, 274095881}) = 0
17031 <... write resumed> )             = 4096
17032 select(0, NULL, NULL, NULL, {0, 20} <unfinished ...>
17031 write(6, "string.hdr.\"[8]string\"\0\6 \0\0 \0\0\0\0"..., 28678) = 28678
17031 write(6, "\r\n", 2)               = 2
17031 read(7, "fs.CpuGroup\"\0\6 \0\0 \0\0\0\0\0\0\0\0\f\0\0\0\0\0"..., 32768) = 32768
17031 write(6, "8000\r\n\0\0\0\0\0\0\0\10\0\0\0\0\0\0\0\0\0\0\0\0\0\0\0\0\0\0"..., 4096) = 4096
17031 write(6, "type.[]github.com/opencontainers"..., 28678 <unfinished ...>
17032 <... select resumed> )            = 0 (Timeout)
17031 <... write resumed> )             = 28678
17032 clock_gettime(CLOCK_MONOTONIC,  <unfinished ...>
17031 write(6, "\r\n", 2 <unfinished ...>
17032 <... clock_gettime resumed> {4903, 490233306}) = 0
17031 <... write resumed> )             = 2
17035 <... select resumed> )            = 0 (Timeout)
17032 clock_gettime(CLOCK_REALTIME,  <unfinished ...>
17031 read(7,  <unfinished ...>
17035 futex(0xc8200f6590, FUTEX_WAIT, 0, NULL <unfinished ...>
17032 <... clock_gettime resumed> {1465918769, 274264529}) = 0
17031 <... read resumed> "\0\0\0\200\t\20\2\0\0002\"\".(*CpusetGroup).isEm"..., 32768) = 32768
17032 select(0, NULL, NULL, NULL, {0, 20} <unfinished ...>
17031 futex(0xc8200f6590, FUTEX_WAKE, 1 <unfinished ...>
17035 <... futex resumed> )             = 0
17031 <... futex resumed> )             = 1
17035 select(0, NULL, NULL, NULL, {0, 100} <unfinished ...>
17031 write(6, "8000\r\n\300\1\20\2\200\2\0<type.func(*\"\".CpuG"..., 4096) = 4096
17031 write(6, "s.CpuacctGroup\"\0\6 \0\0 \0\0\0\0\0\0\0\0\20\0\0"..., 28678) = 28678
17031 write(6, "\r\n", 2)               = 2
17032 <... select resumed> )            = 0 (Timeout)
17031 read(7,  <unfinished ...>
17032 clock_gettime(CLOCK_MONOTONIC,  <unfinished ...>
17031 <... read resumed> "\2\0\0*\"\".(*MemoryGroup).Set\0\0\0\300\5\20\2"..., 32768) = 32768
17032 <... clock_gettime resumed> {4903, 490414087}) = 0
17031 write(6, "8000\r\npe.*github.com/opencontain"..., 4096 <unfinished ...>
17032 clock_gettime(CLOCK_REALTIME,  <unfinished ...>
17031 <... write resumed> )             = 4096
17032 <... clock_gettime resumed> {1465918769, 274436764}) = 0
17031 write(6, "Data) error\0\0\0\300\4\20\2\0\0002\"\".(*Device"..., 28678 <unfinished ...>
17032 select(0, NULL, NULL, NULL, {0, 20} <unfinished ...>
17031 <... write resumed> )             = -1 EAGAIN (Resource temporarily unavailable)
17031 read(7, "\0\0\0\0220\20\2 \0 runtime.algarray\0\0\0@\20\2"..., 32768) = 15140
17035 <... select resumed> )            = 0 (Timeout)
17031 read(7,  <unfinished ...>
17035 futex(0xc8200f6590, FUTEX_WAIT, 0, NULL <unfinished ...>
17031 <... read resumed> "", 17628)     = 0
17031 close(7)                          = 0
17031 futex(0x21ef2b0, FUTEX_WAIT, 0, NULL <unfinished ...>
17032 <... select resumed> )            = 0 (Timeout)
17032 clock_gettime(CLOCK_MONOTONIC, {4903, 490587518}) = 0
17032 futex(0x21ee760, FUTEX_WAIT, 0, {60, 0} <unfinished ...>
17033 <... epoll_wait resumed> {{EPOLLOUT, {u32=2134024192, u64=140606478393344}}}, 128, -1) = 1
17033 clock_gettime(CLOCK_MONOTONIC, {4903, 491892679}) = 0
17033 futex(0x21ef2b0, FUTEX_WAKE, 1)   = 1
17031 <... futex resumed> )             = 0
17033 futex(0x21ee760, FUTEX_WAKE, 1 <unfinished ...>
17031 epoll_wait(5,  <unfinished ...>
17033 <... futex resumed> )             = 1
17031 <... epoll_wait resumed> {}, 128, 0) = 0
17033 write(6, "Data) error\0\0\0\300\4\20\2\0\0002\"\".(*Device"..., 28678 <unfinished ...>
17031 epoll_wait(5,  <unfinished ...>
17033 <... write resumed> )             = 28678
17032 <... futex resumed> )             = 0
17033 write(6, "\r\n", 2)               = 2
17033 futex(0xc8200f6590, FUTEX_WAKE, 1 <unfinished ...>
17035 <... futex resumed> )             = 0
17033 <... futex resumed> )             = 1
17035 select(0, NULL, NULL, NULL, {0, 100} <unfinished ...>
17033 write(6, "8000\r\nroup, *\"\".cgroupData) erro"..., 4096 <unfinished ...>
17032 clock_gettime(CLOCK_MONOTONIC,  <unfinished ...>
17033 <... write resumed> )             = 4096
17033 write(6, "array\0\0\0@\20\2\0\0\"runtime.gcbits.01\0"..., 28678) = 28678
17033 write(6, "\r\n", 2 <unfinished ...>
17032 <... clock_gettime resumed> {4903, 492154387}) = 0
17033 <... write resumed> )             = 2
17033 lstat("/home/hmeng/go/src/github.com/opencontainers/runc/Godeps/_workspace/pkg/linux_amd64/github.com/opencontainers/runc/libcontainer/cgroups/systemd.a",  <unfinished ...>
17032 clock_gettime(CLOCK_REALTIME,  <unfinished ...>
17033 <... lstat resumed> {st_mode=S_IFREG|0664, st_size=183698, ...}) = 0
17035 <... select resumed> )            = 0 (Timeout)
17033 lstat("/home/hmeng/go/src/github.com/opencontainers/runc/Godeps/_workspace/pkg/linux_amd64/github.com/opencontainers/runc/libcontainer/cgroups/systemd.a",  <unfinished ...>
17032 <... clock_gettime resumed> {1465918769, 276241757}) = 0
17035 futex(0xc8200f6590, FUTEX_WAIT, 0, NULL <unfinished ...>
17033 <... lstat resumed> {st_mode=S_IFREG|0664, st_size=183698, ...}) = 0
17033 lgetxattr("/home/hmeng/go/src/github.com/opencontainers/runc/Godeps/_workspace/pkg/linux_amd64/github.com/opencontainers/runc/libcontainer/cgroups/systemd.a", "security.capability" <unfinished ...>
17032 select(0, NULL, NULL, NULL, {0, 20} <unfinished ...>
17033 <... lgetxattr resumed> , 0xc820171300, 128) = -1 ENODATA (No data available)
17033 openat(AT_FDCWD, "/home/hmeng/go/src/github.com/opencontainers/runc/Godeps/_workspace/pkg/linux_amd64/github.com/opencontainers/runc/libcontainer/cgroups/systemd.a", O_RDONLY|O_CLOEXEC) = 7
17033 read(7, "!<arch>\n__.PKGDEF       0       "..., 32768) = 32768
17033 futex(0xc8200f6590, FUTEX_WAKE, 1 <unfinished ...>
17035 <... futex resumed> )             = 0
17033 <... futex resumed> )             = 1
17035 select(0, NULL, NULL, NULL, {0, 100} <unfinished ...>
17033 write(6, "8000\r\n\0\0\0\0\201\241\347\245\0\10\0103\0\0\0\0\0\0\0\0\0\0\0\0\0\0"..., 4096 <unfinished ...>
17032 <... select resumed> )            = 0 (Timeout)
17033 <... write resumed> )             = 4096
17033 write(6, "\0\0\"type.\"\".subsystem\0\0\0\376\20Rgo.typ"..., 28678 <unfinished ...>
17032 clock_gettime(CLOCK_MONOTONIC,  <unfinished ...>
17033 <... write resumed> )             = 28678
17033 write(6, "\r\n", 2 <unfinished ...>
17032 <... clock_gettime resumed> {4903, 492471805}) = 0
17033 <... write resumed> )             = 2
17033 read(7,  <unfinished ...>
17032 clock_gettime(CLOCK_REALTIME,  <unfinished ...>
17033 <... read resumed> "\0\36\"\".autotmp_0011\0\0\2Btype.github"..., 32768) = 32768
17033 write(6, "8000\r\nncontainers/runc/libcontai"..., 4096 <unfinished ...>
17032 <... clock_gettime resumed> {1465918769, 276506941}) = 0
17033 <... write resumed> )             = 4096
17033 write(6, "\211T$@H\213Z(\377\323H\213\214$\260\0\0\0H\213T$\10H\213D$\20H9\310u"..., 28678 <unfinished ...>
17032 select(0, NULL, NULL, NULL, {0, 20} <unfinished ...>
17033 <... write resumed> )             = 28678
17033 write(6, "\r\n", 2 <unfinished ...>
17035 <... select resumed> )            = 0 (Timeout)
17035 select(0, NULL, NULL, NULL, {0, 100} <unfinished ...>
17033 <... write resumed> )             = 2
17033 read(7, "\4\0\0H\201\354@\2\0\0H\307\204$P\2\0\0\0\0\0\0001\333H\211\234$X\2\0\0"..., 32768) = 32768
17033 write(6, "8000\r\n$go.string.\"cpuset\"\0\0\0\234\4\10\f"..., 4096) = 4096
17032 <... select resumed> )            = 0 (Timeout)
17033 write(6, "eBarrier\0\0\0\230\10\10\32\0\0Dgo.string.\"inv"..., 28678) = 28678
17032 clock_gettime(CLOCK_MONOTONIC,  <unfinished ...>
17033 write(6, "\r\n", 2)               = 2
17032 <... clock_gettime resumed> {4903, 492689595}) = 0
17033 read(7, "H\203\373\0\17\204\226\0\0\0H\211\305H\301\345\4H\1\353H\2133H\213K\10H\213\\$h"..., 32768) = 32768
17032 clock_gettime(CLOCK_REALTIME,  <unfinished ...>
17033 write(6, "8000\r\n\".autotmp_0233\0\277\1\2\222\1type.*"..., 4096) = 4096
17032 <... clock_gettime resumed> {1465918769, 276733502}) = 0
17035 <... select resumed> )            = 0 (Timeout)
17033 write(6, "c/libcontainer/configs.Cgroup\0\16\""..., 28678 <unfinished ...>
17035 read(7,  <unfinished ...>
17033 <... write resumed> )             = -1 EAGAIN (Resource temporarily unavailable)
17032 select(0, NULL, NULL, NULL, {0, 20} <unfinished ...>
17035 <... read resumed> "\0\0\0\0\0\0\0\2\0\20\2\0\0$type..eq.[8]string"..., 32768) = 32768
17033 futex(0xc82002ea10, FUTEX_WAIT, 0, NULL <unfinished ...>
17035 futex(0xc8200f6590, FUTEX_WAIT, 0, NULL <unfinished ...>
17032 <... select resumed> )            = 0 (Timeout)
17032 clock_gettime(CLOCK_MONOTONIC, {4903, 492918970}) = 0
17032 futex(0x21ee760, FUTEX_WAIT, 0, {60, 0} <unfinished ...>
17031 <... epoll_wait resumed> {{EPOLLOUT, {u32=2134024192, u64=140606478393344}}}, 128, -1) = 1
17031 clock_gettime(CLOCK_MONOTONIC, {4903, 494202317}) = 0
17031 futex(0xc8200f6590, FUTEX_WAKE, 1 <unfinished ...>
17035 <... futex resumed> )             = 0
17031 <... futex resumed> )             = 1
17035 epoll_wait(5,  <unfinished ...>
17031 futex(0x21ee760, FUTEX_WAKE, 1 <unfinished ...>
17035 <... epoll_wait resumed> {{EPOLLOUT, {u32=2134024192, u64=140606478393344}}}, 128, 0) = 1
17032 <... futex resumed> )             = 0
17031 <... futex resumed> )             = 1
17035 sched_yield( <unfinished ...>
17032 sched_yield( <unfinished ...>
17031 write(6, "c/libcontainer/configs.Cgroup\0\16\""..., 28678 <unfinished ...>
17035 <... sched_yield resumed> )       = 0
17032 <... sched_yield resumed> )       = 0
17035 futex(0x21ee6a0, FUTEX_WAKE, 1 <unfinished ...>
17032 futex(0x21ee6a0, FUTEX_WAKE, 1 <unfinished ...>
17031 <... write resumed> )             = 28678
17035 <... futex resumed> )             = 0
17032 <... futex resumed> )             = 0
17035 epoll_wait(5,  <unfinished ...>
17032 clock_gettime(CLOCK_MONOTONIC,  <unfinished ...>
17031 write(6, "\r\n", 2 <unfinished ...>
17032 <... clock_gettime resumed> {4903, 494358810}) = 0
17032 clock_gettime(CLOCK_REALTIME,  <unfinished ...>
17031 <... write resumed> )             = 2
17032 <... clock_gettime resumed> {1465918769, 278373122}) = 0
17032 select(0, NULL, NULL, NULL, {0, 20} <unfinished ...>
17031 futex(0xc82002ea10, FUTEX_WAKE, 1 <unfinished ...>
17033 <... futex resumed> )             = 0
17031 <... futex resumed> )             = 1
17033 select(0, NULL, NULL, NULL, {0, 100} <unfinished ...>
17031 write(6, "8000\r\nime.gcbits.03\0\0\0P\20\2\0\0Bgo.s"..., 4096) = 4096
17031 write(6, "subsystemSet\"\0\0060\0\0*systemd.subsy"..., 28678 <unfinished ...>
17032 <... select resumed> )            = 0 (Timeout)
17032 clock_gettime(CLOCK_MONOTONIC,  <unfinished ...>
17031 <... write resumed> )             = 28678
17032 <... clock_gettime resumed> {4903, 494499105}) = 0
17032 clock_gettime(CLOCK_REALTIME,  <unfinished ...>
17031 write(6, "\r\n", 2 <unfinished ...>
17032 <... clock_gettime resumed> {1465918769, 278507138}) = 0
17032 select(0, NULL, NULL, NULL, {0, 20} <unfinished ...>
17031 <... write resumed> )             = 2
17031 read(7, "\0\0\0\0\0\0\0\0\10\0\0\0\0\0\0\0\f0\20\2\0\0\26type..alg"..., 32768) = 19858
17031 read(7, "", 12910)                = 0
17033 <... select resumed> )            = 0 (Timeout)
17031 close(7 <unfinished ...>
17033 futex(0xc82002ea10, FUTEX_WAIT, 0, NULL <unfinished ...>
17031 <... close resumed> )             = 0
17032 <... select resumed> )            = 0 (Timeout)
17031 lstat("/home/hmeng/go/src/github.com/opencontainers/runc/Godeps/_workspace/pkg/linux_amd64/github.com/opencontainers/runc/libcontainer/cgroups.a",  <unfinished ...>
17032 clock_gettime(CLOCK_MONOTONIC,  <unfinished ...>
17031 <... lstat resumed> {st_mode=S_IFREG|0664, st_size=196522, ...}) = 0
17032 <... clock_gettime resumed> {4903, 494657949}) = 0
17031 lstat("/home/hmeng/go/src/github.com/opencontainers/runc/Godeps/_workspace/pkg/linux_amd64/github.com/opencontainers/runc/libcontainer/cgroups.a",  <unfinished ...>
17032 clock_gettime(CLOCK_REALTIME,  <unfinished ...>
17031 <... lstat resumed> {st_mode=S_IFREG|0664, st_size=196522, ...}) = 0
17032 <... clock_gettime resumed> {1465918769, 278687064}) = 0
17031 lgetxattr("/home/hmeng/go/src/github.com/opencontainers/runc/Godeps/_workspace/pkg/linux_amd64/github.com/opencontainers/runc/libcontainer/cgroups.a", "security.capability" <unfinished ...>
17032 select(0, NULL, NULL, NULL, {0, 20} <unfinished ...>
17031 <... lgetxattr resumed> , 0xc8201eae80, 128) = -1 ENODATA (No data available)
17031 futex(0xc82002ea10, FUTEX_WAKE, 1 <unfinished ...>
17033 <... futex resumed> )             = 0
17031 <... futex resumed> )             = 1
17033 select(0, NULL, NULL, NULL, {0, 100} <unfinished ...>
17031 write(6, "8000\r\n\0\0\7\0\0\0\0\0\0\0\2\0\20\2\0\0&go.string"..., 4096) = 4096
17031 write(6, "nt, error)\0\0\0\360\5\20\2\0\0Jtype.func(*\""..., 28678 <unfinished ...>
17032 <... select resumed> )            = 0 (Timeout)
17031 <... write resumed> )             = 28678
17032 clock_gettime(CLOCK_MONOTONIC,  <unfinished ...>
17031 write(6, "\r\n", 2 <unfinished ...>
17032 <... clock_gettime resumed> {4903, 494840883}) = 0
17031 <... write resumed> )             = 2
17031 openat(AT_FDCWD, "/home/hmeng/go/src/github.com/opencontainers/runc/Godeps/_workspace/pkg/linux_amd64/github.com/opencontainers/runc/libcontainer/cgroups.a", O_RDONLY|O_CLOEXEC <unfinished ...>
17032 clock_gettime(CLOCK_REALTIME,  <unfinished ...>
17031 <... openat resumed> )            = 7
17032 <... clock_gettime resumed> {1465918769, 278875959}) = 0
17031 read(7,  <unfinished ...>
17032 select(0, NULL, NULL, NULL, {0, 20} <unfinished ...>
17031 <... read resumed> "!<arch>\n__.PKGDEF       0       "..., 32768) = 32768
17031 write(6, "8000\r\nGodeps/_workspace/pkg/linu"..., 4096 <unfinished ...>
17033 <... select resumed> )            = 0 (Timeout)
17031 <... write resumed> )             = 4096
17033 select(0, NULL, NULL, NULL, {0, 100} <unfinished ...>
17031 write(6, "(@\"time\".nsec\302\2674) * float64(8190"..., 28678) = 28678
17031 write(6, "\r\n", 2)               = 2
17032 <... select resumed> )            = 0 (Timeout)
17031 read(7,  <unfinished ...>
17032 clock_gettime(CLOCK_MONOTONIC,  <unfinished ...>
17031 <... read resumed> "\\$PH\213\\$PH\211\34$\350\0\0\0\0H\213T$P\17\266\\$\10\200\373\0\17\204"..., 32768) = 32768
17032 <... clock_gettime resumed> {4903, 495039246}) = 0
17031 write(6, "8000\r\n\0\17\205\254\0\0\0H\211)H\211L$hH\213\r\0\0\0\0001\355H9"..., 4096 <unfinished ...>
17032 clock_gettime(CLOCK_REALTIME,  <unfinished ...>
17031 <... write resumed> )             = 4096
17032 <... clock_gettime resumed> {1465918769, 279067300}) = 0
17031 write(6, "os.File\0\36\"\".autotmp_0043\0\0\2,type"..., 28678 <unfinished ...>
17032 select(0, NULL, NULL, NULL, {0, 20} <unfinished ...>
17031 <... write resumed> )             = 28678
17031 write(6, "\r\n", 2 <unfinished ...>
17033 <... select resumed> )            = 0 (Timeout)
17031 <... write resumed> )             = 2
17033 read(7,  <unfinished ...>
17031 futex(0x21ef2b0, FUTEX_WAIT, 0, NULL <unfinished ...>
17033 <... read resumed> "H\211\224$\220\0\0\0\220\350\0\0\0\0H\203\304h\303H\215\35\0\0\0\0H\211\34$H\215"..., 32768) = 32768
17033 futex(0x21ef2b0, FUTEX_WAKE, 1)   = 1
17031 <... futex resumed> )             = 0
17033 write(6, "8000\r\n09cf0e65e70572b9\0Tgclocals"..., 4096 <unfinished ...>
17032 <... select resumed> )            = 0 (Timeout)
17031 select(0, NULL, NULL, NULL, {0, 100} <unfinished ...>
17033 <... write resumed> )             = 4096
17032 clock_gettime(CLOCK_MONOTONIC,  <unfinished ...>
17033 write(6, "mp_0236\0\0\2\26type.string\0\36\"\".autot"..., 28678) = 28678
17032 <... clock_gettime resumed> {4903, 495233571}) = 0
17033 write(6, "\r\n", 2)               = 2
17032 clock_gettime(CLOCK_REALTIME,  <unfinished ...>
17033 read(7, "\0\3\0\0\0\0\0\0\0\2\0\20\2\0\0\36go.string.\" - \"\0"..., 32768) = 32768
17032 <... clock_gettime resumed> {1465918769, 279269910}) = 0
17033 write(6, "8000\r\n\0\0\0\0 \0\0\0\0\0\0\0\2\0\0\0\0\270\204\1\0\0\0\0\0\270"..., 4096) = 4096
17032 select(0, NULL, NULL, NULL, {0, 20} <unfinished ...>
17033 write(6, "ng.\":\"\0\6\20\0\0\4:\0\0\376\20\224\1go.string.hdr"..., 28678) = -1 EAGAIN (Resource temporarily unavailable)
17033 read(7, "in_usermode\\\"\"\0\6@\0\0002json:\"usage_"..., 32768) = 32768
17033 futex(0xc82002ea10, FUTEX_WAIT, 0, NULL <unfinished ...>
17031 <... select resumed> )            = 0 (Timeout)
17031 futex(0x21ef2b0, FUTEX_WAIT, 0, NULL <unfinished ...>
17032 <... select resumed> )            = 0 (Timeout)
17032 clock_gettime(CLOCK_MONOTONIC, {4903, 495426230}) = 0
17032 futex(0x21ee760, FUTEX_WAIT, 0, {60, 0} <unfinished ...>
17035 <... epoll_wait resumed> {{EPOLLOUT, {u32=2134024192, u64=140606478393344}}}, 128, -1) = 1
17035 clock_gettime(CLOCK_MONOTONIC, {4903, 496692065}) = 0
17035 futex(0x21ef2b0, FUTEX_WAKE, 1)   = 1
17031 <... futex resumed> )             = 0
17035 futex(0x21ee760, FUTEX_WAKE, 1 <unfinished ...>
17031 epoll_wait(5,  <unfinished ...>
17035 <... futex resumed> )             = 1
17031 <... epoll_wait resumed> {}, 128, 0) = 0
17035 write(6, "ng.\":\"\0\6\20\0\0\4:\0\0\376\20\224\1go.string.hdr"..., 28678 <unfinished ...>
17032 <... futex resumed> )             = 0
17031 epoll_wait(5,  <unfinished ...>
17035 <... write resumed> )             = 28678
17035 write(6, "\r\n", 2 <unfinished ...>
17032 clock_gettime(CLOCK_MONOTONIC,  <unfinished ...>
17035 <... write resumed> )             = 2
17035 futex(0xc82002ea10, FUTEX_WAKE, 1 <unfinished ...>
17032 <... clock_gettime resumed> {4903, 496838247}) = 0
17035 <... futex resumed> )             = 1
17033 <... futex resumed> )             = 0
17035 write(6, "8000\r\nde\"\0\0060\0\0$UsageInKernelmode"..., 4096 <unfinished ...>
17033 select(0, NULL, NULL, NULL, {0, 100} <unfinished ...>
17032 clock_gettime(CLOCK_REALTIME,  <unfinished ...>
17035 <... write resumed> )             = 4096
17035 write(6, "rottledPeriods\"\0\0\0\240\2\20\2\0\0\26type.ui"..., 28678 <unfinished ...>
17032 <... clock_gettime resumed> {1465918769, 280926586}) = 0
17035 <... write resumed> )             = 28678
17035 write(6, "\r\n", 2 <unfinished ...>
17032 select(0, NULL, NULL, NULL, {0, 20} <unfinished ...>
17035 <... write resumed> )             = 2
17035 read(7, "\0\260\1\20\2\340\1\0\34type.*\"\".Mount\0\0\0\340\1\20\2\0\0"..., 32768) = 32682
17035 read(7, "", 86)                   = 0
17035 close(7 <unfinished ...>
17033 <... select resumed> )            = 0 (Timeout)
17035 <... close resumed> )             = 0
17033 futex(0xc82002ea10, FUTEX_WAIT, 0, NULL <unfinished ...>
17035 futex(0xc82002ea10, FUTEX_WAKE, 1 <unfinished ...>
17033 <... futex resumed> )             = -1 EAGAIN (Resource temporarily unavailable)
17032 <... select resumed> )            = 0 (Timeout)
17035 <... futex resumed> )             = 0
17033 select(0, NULL, NULL, NULL, {0, 100} <unfinished ...>
17035 ioctl(0, TIOCGWINSZ <unfinished ...>
17032 clock_gettime(CLOCK_MONOTONIC,  <unfinished ...>
17035 <... ioctl resumed> , {ws_row=35, ws_col=112, ws_xpixel=0, ws_ypixel=0}) = 0
17035 ioctl(0, TIOCGWINSZ <unfinished ...>
17032 <... clock_gettime resumed> {4903, 497213574}) = 0
17035 <... ioctl resumed> , {ws_row=35, ws_col=112, ws_xpixel=0, ws_ypixel=0}) = 0
17035 write(1, "Sending build context to Docker "..., 48 <unfinished ...>
17032 clock_gettime(CLOCK_REALTIME,  <unfinished ...>
17035 <... write resumed> )             = 48
17035 write(6, "8000\r\n.typelink.func(map[string]"..., 4096 <unfinished ...>
17032 <... clock_gettime resumed> {1465918769, 281261258}) = 0
17035 <... write resumed> )             = 4096
17035 write(6, "\0\0\0\0\0\0\0\0\0\0\0\0\0\0\0\0\0\0\0\0\0\0\0\n0\20\2\240\4\0 r"..., 28678 <unfinished ...>
17032 select(0, NULL, NULL, NULL, {0, 20} <unfinished ...>
17035 <... write resumed> )             = 28678
17033 <... select resumed> )            = 0 (Timeout)
17035 write(6, "\r\n", 2 <unfinished ...>
17033 select(0, NULL, NULL, NULL, {0, 100} <unfinished ...>
17035 <... write resumed> )             = 2
17035 lstat("/home/hmeng/go/src/github.com/opencontainers/runc/Godeps/_workspace/pkg/linux_amd64/github.com/opencontainers/runc/libcontainer/configs", {st_mode=S_IFDIR|0775, st_size=23, ...}) = 0
17035 lstat("/home/hmeng/go/src/github.com/opencontainers/runc/Godeps/_workspace/pkg/linux_amd64/github.com/opencontainers/runc/libcontainer/configs",  <unfinished ...>
17032 <... select resumed> )            = 0 (Timeout)
17035 <... lstat resumed> {st_mode=S_IFDIR|0775, st_size=23, ...}) = 0
17035 lgetxattr("/home/hmeng/go/src/github.com/opencontainers/runc/Godeps/_workspace/pkg/linux_amd64/github.com/opencontainers/runc/libcontainer/configs", "security.capability" <unfinished ...>
17032 clock_gettime(CLOCK_MONOTONIC,  <unfinished ...>
17035 <... lgetxattr resumed> , 0xc8201eaf80, 128) = -1 ENODATA (No data available)
17035 openat(AT_FDCWD, "/home/hmeng/go/src/github.com/opencontainers/runc/Godeps/_workspace/pkg/linux_amd64/github.com/opencontainers/runc/libcontainer/configs", O_RDONLY|O_CLOEXEC <unfinished ...>
17032 <... clock_gettime resumed> {4903, 497477396}) = 0
17035 <... openat resumed> )            = 7
17035 getdents64(7,  <unfinished ...>
17033 <... select resumed> )            = 0 (Timeout)
17032 clock_gettime(CLOCK_REALTIME,  <unfinished ...>
17035 <... getdents64 resumed> /* 3 entries */, 4096) = 80
17033 futex(0xc82002ea10, FUTEX_WAIT, 0, NULL <unfinished ...>
17035 getdents64(7,  <unfinished ...>
17032 <... clock_gettime resumed> {1465918769, 281549355}) = 0
17035 <... getdents64 resumed> /* 0 entries */, 4096) = 0
17035 close(7 <unfinished ...>
17032 select(0, NULL, NULL, NULL, {0, 20} <unfinished ...>
17035 <... close resumed> )             = 0
17035 lstat("/home/hmeng/go/src/github.com/opencontainers/runc/Godeps/_workspace/pkg/linux_amd64/github.com/opencontainers/runc/libcontainer/configs/validate.a", {st_mode=S_IFREG|0664, st_size=82022, ...}) = 0
17035 lstat("/home/hmeng/go/src/github.com/opencontainers/runc/Godeps/_workspace/pkg/linux_amd64/github.com/opencontainers/runc/libcontainer/configs/validate.a", {st_mode=S_IFREG|0664, st_size=82022, ...}) = 0
17035 lgetxattr("/home/hmeng/go/src/github.com/opencontainers/runc/Godeps/_workspace/pkg/linux_amd64/github.com/opencontainers/runc/libcontainer/configs/validate.a", "security.capability", 0xc8201eb000, 128) = -1 ENODATA (No data available)
17032 <... select resumed> )            = 0 (Timeout)
17035 openat(AT_FDCWD, "/home/hmeng/go/src/github.com/opencontainers/runc/Godeps/_workspace/pkg/linux_amd64/github.com/opencontainers/runc/libcontainer/configs/validate.a", O_RDONLY|O_CLOEXEC) = 7
17032 clock_gettime(CLOCK_MONOTONIC,  <unfinished ...>
17035 read(7, "!<arch>\n__.PKGDEF       0       "..., 32768) = 32768
17032 <... clock_gettime resumed> {4903, 497809023}) = 0
17035 futex(0xc82002ea10, FUTEX_WAKE, 1) = 1
17033 <... futex resumed> )             = 0
17035 write(6, "8000\r\n\"\".Manager.Destroy\0\0\0\376\20(\"\""..., 4096 <unfinished ...>
17033 select(0, NULL, NULL, NULL, {0, 100} <unfinished ...>
17032 clock_gettime(CLOCK_REALTIME,  <unfinished ...>
17035 <... write resumed> )             = 4096
17035 write(6, "r\\\"\"; Timeout *@\"time\".Duration "..., 28678 <unfinished ...>
17032 <... clock_gettime resumed> {1465918769, 282157879}) = 0
17035 <... write resumed> )             = 28678
17033 <... select resumed> )            = 0 (Timeout)
17035 write(6, "\r\n", 2 <unfinished ...>
17033 read(7,  <unfinished ...>
17032 select(0, NULL, NULL, NULL, {0, 20} <unfinished ...>
17035 <... write resumed> )             = 2
17033 <... read resumed> "\277\5\1\300\5\227\2\277\5\1\300\5\276\2\277\5\1\300\5\217\3\277\5\1\300\5C\277\5\r\0\10"..., 32768) = 32768
17035 futex(0xc8200f6590, FUTEX_WAIT, 0, NULL <unfinished ...>
17033 futex(0xc8200f6590, FUTEX_WAKE, 1 <unfinished ...>
17035 <... futex resumed> )             = -1 EAGAIN (Resource temporarily unavailable)
17033 <... futex resumed> )             = 0
17035 select(0, NULL, NULL, NULL, {0, 100} <unfinished ...>
17033 write(6, "8000\r\n\222\31\10\32\0\0\26type.string\0\0\0\320\31\10\f\0"..., 4096) = 4096
17032 <... select resumed> )            = 0 (Timeout)
17033 write(6, "\314\314\314\314\314\6\n\10\34\0\0\0\0\0\0\274\2\10\f\0\0\36runtime.ef"..., 28678) = 28678
17032 clock_gettime(CLOCK_MONOTONIC,  <unfinished ...>
17033 write(6, "\r\n", 2)               = 2
17032 <... clock_gettime resumed> {4903, 498542726}) = 0
17033 read(7, "hdr.\"B\"\0\6 \0\0 \0\0\0\0\0\0\0\0\1\0\0\0\0\0\0\0\2\0\20"..., 32768) = 16486
17032 clock_gettime(CLOCK_REALTIME,  <unfinished ...>
17033 read(7,  <unfinished ...>
17035 <... select resumed> )            = 0 (Timeout)
17032 <... clock_gettime resumed> {1465918769, 282617187}) = 0
17035 futex(0xc8200f6590, FUTEX_WAIT, 0, NULL <unfinished ...>
17033 <... read resumed> "", 16282)     = 0
17033 close(7 <unfinished ...>
17032 select(0, NULL, NULL, NULL, {0, 20} <unfinished ...>
17033 <... close resumed> )             = 0
17033 lstat("/home/hmeng/go/src/github.com/opencontainers/runc/Godeps/_workspace/pkg/linux_amd64/github.com/opencontainers/runc/libcontainer/configs.a", {st_mode=S_IFREG|0664, st_size=319926, ...}) = 0
17033 lstat("/home/hmeng/go/src/github.com/opencontainers/runc/Godeps/_workspace/pkg/linux_amd64/github.com/opencontainers/runc/libcontainer/configs.a", {st_mode=S_IFREG|0664, st_size=319926, ...}) = 0
17032 <... select resumed> )            = 0 (Timeout)
17033 lgetxattr("/home/hmeng/go/src/github.com/opencontainers/runc/Godeps/_workspace/pkg/linux_amd64/github.com/opencontainers/runc/libcontainer/configs.a", "security.capability", 0xc820171400, 128) = -1 ENODATA (No data available)
17032 clock_gettime(CLOCK_MONOTONIC,  <unfinished ...>
17033 openat(AT_FDCWD, "/home/hmeng/go/src/github.com/opencontainers/runc/Godeps/_workspace/pkg/linux_amd64/github.com/opencontainers/runc/libcontainer/configs.a", O_RDONLY|O_CLOEXEC) = 7
17032 <... clock_gettime resumed> {4903, 498920171}) = 0
17033 read(7, "!<arch>\n__.PKGDEF       0       "..., 32768) = 32768
17032 clock_gettime(CLOCK_REALTIME,  <unfinished ...>
17033 futex(0xc8200f6590, FUTEX_WAKE, 1 <unfinished ...>
17035 <... futex resumed> )             = 0
17033 <... futex resumed> )             = 1
17035 select(0, NULL, NULL, NULL, {0, 100} <unfinished ...>
17033 write(6, "8000\r\n\0\0\0\0\0\0\0\0\7\0\0\0\0\0\0\0\2\0\20\2\0\0&go."..., 4096) = 4096
17033 write(6, "algarray\0\0\0@\20\2\0\0\"runtime.gcbits."..., 28678) = -1 EAGAIN (Resource temporarily unavailable)
17033 read(7,  <unfinished ...>
17032 <... clock_gettime resumed> {1465918769, 283125888}) = 0
17033 <... read resumed> "e.\"\".Config\0\10\2\220\1\0\10\2\220\1\0\"X\10\0020\2\23\2\f\2"..., 32768) = 32768
17033 futex(0xc82002ea10, FUTEX_WAIT, 0, NULL <unfinished ...>
17032 select(0, NULL, NULL, NULL, {0, 20} <unfinished ...>
17035 <... select resumed> )            = 0 (Timeout)
17035 futex(0xc8200f6590, FUTEX_WAIT, 0, NULL <unfinished ...>
17032 <... select resumed> )            = 0 (Timeout)
17032 clock_gettime(CLOCK_MONOTONIC, {4903, 499298570}) = 0
17032 futex(0x21ee760, FUTEX_WAIT, 0, {60, 0} <unfinished ...>
17031 <... epoll_wait resumed> {{EPOLLOUT, {u32=2134024192, u64=140606478393344}}}, 128, -1) = 1
17031 clock_gettime(CLOCK_MONOTONIC, {4903, 500447381}) = 0
17031 futex(0xc8200f6590, FUTEX_WAKE, 1 <unfinished ...>
17035 <... futex resumed> )             = 0
17031 <... futex resumed> )             = 1
17035 epoll_wait(5,  <unfinished ...>
17031 futex(0x21ee760, FUTEX_WAKE, 1 <unfinished ...>
17035 <... epoll_wait resumed> {}, 128, 0) = 0
17031 <... futex resumed> )             = 1
17035 sched_yield( <unfinished ...>
17032 <... futex resumed> )             = 0
17031 write(6, "algarray\0\0\0@\20\2\0\0\"runtime.gcbits."..., 28678 <unfinished ...>
17035 <... sched_yield resumed> )       = 0
17032 clock_gettime(CLOCK_MONOTONIC,  <unfinished ...>
17031 <... write resumed> )             = 28678
17035 futex(0x21ee6a0, FUTEX_WAKE, 1 <unfinished ...>
17032 <... clock_gettime resumed> {4903, 500546532}) = 0
17031 write(6, "\r\n", 2 <unfinished ...>
17035 <... futex resumed> )             = 0
17031 <... write resumed> )             = 2
17032 clock_gettime(CLOCK_REALTIME,  <unfinished ...>
17035 epoll_wait(5,  <unfinished ...>
17031 futex(0xc82002ea10, FUTEX_WAKE, 1 <unfinished ...>
17033 <... futex resumed> )             = 0
17032 <... clock_gettime resumed> {1465918769, 284588395}) = 0
17031 <... futex resumed> )             = 1
17033 select(0, NULL, NULL, NULL, {0, 100} <unfinished ...>
17032 select(0, NULL, NULL, NULL, {0, 20} <unfinished ...>
17031 write(6, "8000\r\nrupsen/logrus.a\10os.a\22sysca"..., 4096) = 4096
17031 write(6, "\303\350\0\0\0\0\353\240\10\n\10\34\0\0\0\0\0\0,\10\32\0\0,type.\"\"."..., 28678) = 28678
17031 write(6, "\r\n", 2)               = 2
17031 read(7, ".efaceeq\0\0\0\304\3\10\f\0\0000runtime.morest"..., 32768) = 32768
17031 write(6, "8000\r\nebarrierptr\0\0\0\222\t\10\f\0\0$runti"..., 4096 <unfinished ...>
17032 <... select resumed> )            = 0 (Timeout)
17031 <... write resumed> )             = 4096
17032 clock_gettime(CLOCK_MONOTONIC,  <unfinished ...>
17031 write(6, "type.string\0\10\"\".t\0\20\4*type.\"\".Nam"..., 28678 <unfinished ...>
17032 <... clock_gettime resumed> {4903, 500764325}) = 0
17031 <... write resumed> )             = 28678
17032 clock_gettime(CLOCK_REALTIME,  <unfinished ...>
17031 write(6, "\r\n", 2 <unfinished ...>
17033 <... select resumed> )            = 0 (Timeout)
17032 <... clock_gettime resumed> {1465918769, 284784401}) = 0
17031 <... write resumed> )             = 2
17033 read(7,  <unfinished ...>
17032 select(0, NULL, NULL, NULL, {0, 20} <unfinished ...>
17031 futex(0x21ef2b0, FUTEX_WAIT, 0, NULL <unfinished ...>
17033 <... read resumed> "ng\0\0\0\366\2\10\f\0\0000runtime.morestack_no"..., 32768) = 32768
17033 futex(0x21ef2b0, FUTEX_WAKE, 1)   = 1
17031 <... futex resumed> )             = 0
17033 write(6, "8000\r\n9\301uCH\211t$8H\2114$H\211L$@H\211L$\10H\211T"..., 4096 <unfinished ...>
17031 select(0, NULL, NULL, NULL, {0, 100} <unfinished ...>
17033 <... write resumed> )             = 4096
17033 write(6, "string\0\36\"\".autotmp_0271\0\0\2\26type."..., 28678) = 28678
17033 write(6, "\r\n", 2 <unfinished ...>
17032 <... select resumed> )            = 0 (Timeout)
17033 <... write resumed> )             = 2
17033 read(7,  <unfinished ...>
17032 clock_gettime(CLOCK_MONOTONIC,  <unfinished ...>
17033 <... read resumed> "on:\\\"ociVersion\\\"\"\0\0060\0\0$json:\"oc"..., 32768) = 32768
17033 write(6, "8000\r\nstring.\"/dev/zero\"\0\0\0P\20\2\0\0"..., 4096 <unfinished ...>
17032 <... clock_gettime resumed> {4903, 500980092}) = 0
17033 <... write resumed> )             = 4096
17033 write(6, "onfigs.blockIODevice\"\0\0\0\376\20Bgo.st"..., 28678) = 28678
17033 write(6, "\r\n", 2)               = 2
17033 read(7,  <unfinished ...>
17031 <... select resumed> )            = 0 (Timeout)
17033 <... read resumed> "e.[]\"\".CommandHook\0\0\0\376\20\256\1go.type"..., 32768) = 32768
17031 futex(0x21ef2b0, FUTEX_WAIT, 0, NULL <unfinished ...>
17033 futex(0x21ef2b0, FUTEX_WAKE, 1 <unfinished ...>
17031 <... futex resumed> )             = -1 EAGAIN (Resource temporarily unavailable)
17033 <... futex resumed> )             = 0
17031 select(0, NULL, NULL, NULL, {0, 100} <unfinished ...>
17033 write(6, "8000\r\n\20\2\340\1\0 runtime.algarray\0\0\0@"..., 4096) = 4096
17033 write(6, "\0\0\0\0\0\0\0\0\0\0\0\0\0\0\0\0\0\0\0\0\0\0\0\0\0\0\0\0\0\0\0\0"..., 28678) = -1 EAGAIN (Resource temporarily unavailable)
17033 read(7, ".Namespace) int\"\0\6 \0\0 \0\0\0\0\0\0\0\0\34\0"..., 32768) = 32768
17033 futex(0xc82002ea10, FUTEX_WAIT, 0, NULL <unfinished ...>
17031 <... select resumed> )            = 0 (Timeout)
17031 futex(0x21ef2b0, FUTEX_WAIT, 0, NULL <unfinished ...>
17035 <... epoll_wait resumed> {{EPOLLOUT, {u32=2134024192, u64=140606478393344}}}, 128, -1) = 1
17035 clock_gettime(CLOCK_MONOTONIC, {4903, 502247471}) = 0
17035 futex(0x21ef2b0, FUTEX_WAKE, 1)   = 1
17031 <... futex resumed> )             = 0
17035 write(6, "\0\0\0\0\0\0\0\0\0\0\0\0\0\0\0\0\0\0\0\0\0\0\0\0\0\0\0\0\0\0\0\0"..., 28678 <unfinished ...>
17031 epoll_wait(5,  <unfinished ...>
17035 <... write resumed> )             = 28678
17031 <... epoll_wait resumed> {}, 128, 0) = 0
17035 write(6, "\r\n", 2 <unfinished ...>
17031 epoll_wait(5,  <unfinished ...>
17035 <... write resumed> )             = 2
17035 futex(0xc82002ea10, FUTEX_WAKE, 1) = 1
17033 <... futex resumed> )             = 0
17035 write(6, "8000\r\nsetime uint64 }; lockorder"..., 4096 <unfinished ...>
17033 select(0, NULL, NULL, NULL, {0, 100} <unfinished ...>
17035 <... write resumed> )             = 4096
17035 write(6, "nation\\\"\"\0\0060\0\0&json:\"destination"..., 28678) = 28678
17035 write(6, "\r\n", 2)               = 2
17035 read(7, "\0\0\0\0\0\0\0\0\0\0\0\0\0\0\0\0\0\0\0\0\0\0\0\0\0\2\0\0\0\0\0\0"..., 32768) = 32768
17035 write(6, "8000\r\n\2\240\1\0 runtime.algarray\0\0\0@\20"..., 4096) = 4096
17035 write(6, "\36json:\"gateway\"\0\0\376\0206go.string.hd"..., 28678) = 28678
17035 write(6, "\r\n", 2)               = 2
17035 read(7, "\0\0\200\1\20\2\260\1\0\26type.\"\".Arg\0\0\0\260\1\20\2\0\0*g"..., 32768) = 32768
17035 write(6, "8000\r\n\"\0\6 \0\0\36json:\"freezer\"\0\0\376\0208"..., 4096) = 4096
17033 <... select resumed> )            = 0 (Timeout)
17035 write(6, ".string.hdr.\"KernelMemory\"\0\0\0\200\6\20"..., 28678 <unfinished ...>
17033 read(7,  <unfinished ...>
17035 <... write resumed> )             = 28678
17033 <... read resumed> "\0\0\0\0\0\0\0\0\0\0\0\0\0\0\0\0\0\0\0\0\0\0\0\0\0\0\0\0\0\0\0\0"..., 32768) = 25014
17035 write(6, "\r\n", 2 <unfinished ...>
17033 read(7,  <unfinished ...>
17035 <... write resumed> )             = 2
17033 <... read resumed> "", 7754)      = 0
17032 clock_gettime(CLOCK_REALTIME,  <unfinished ...>
17035 futex(0xc8200f6590, FUTEX_WAIT, 0, NULL <unfinished ...>
17033 close(7)                          = 0
17032 <... clock_gettime resumed> {1465918769, 286623958}) = 0
17033 futex(0xc8200f6590, FUTEX_WAKE, 1 <unfinished ...>
17035 <... futex resumed> )             = 0
17033 <... futex resumed> )             = 1
17032 select(0, NULL, NULL, NULL, {0, 20} <unfinished ...>
17035 select(0, NULL, NULL, NULL, {0, 100} <unfinished ...>
17033 write(6, "8000\r\n\0\0,go.string.\"MountLabel\"\0"..., 4096) = 4096
17033 write(6, "*go.string.\"MaskPaths\"\0\6 \0\0\24Mask"..., 28678) = 28678
17033 write(6, "\r\n", 2)               = 2
17033 lstat("/home/hmeng/go/src/github.com/opencontainers/runc/Godeps/_workspace/pkg/linux_amd64/github.com/opencontainers/runc/libcontainer/criurpc.a", {st_mode=S_IFREG|0664, st_size=324692, ...}) = 0
17032 <... select resumed> )            = 0 (Timeout)
17033 lstat("/home/hmeng/go/src/github.com/opencontainers/runc/Godeps/_workspace/pkg/linux_amd64/github.com/opencontainers/runc/libcontainer/criurpc.a", {st_mode=S_IFREG|0664, st_size=324692, ...}) = 0
17032 clock_gettime(CLOCK_MONOTONIC,  <unfinished ...>
17033 lgetxattr("/home/hmeng/go/src/github.com/opencontainers/runc/Godeps/_workspace/pkg/linux_amd64/github.com/opencontainers/runc/libcontainer/criurpc.a", "security.capability" <unfinished ...>
17035 <... select resumed> )            = 0 (Timeout)
17033 <... lgetxattr resumed> , 0xc820171500, 128) = -1 ENODATA (No data available)
17032 <... clock_gettime resumed> {4903, 502836407}) = 0
17035 futex(0xc8200f6590, FUTEX_WAIT, 0, NULL <unfinished ...>
17033 openat(AT_FDCWD, "/home/hmeng/go/src/github.com/opencontainers/runc/Godeps/_workspace/pkg/linux_amd64/github.com/opencontainers/runc/libcontainer/criurpc.a", O_RDONLY|O_CLOEXEC) = 7
17032 clock_gettime(CLOCK_REALTIME,  <unfinished ...>
17033 read(7, "!<arch>\n__.PKGDEF       0       "..., 32768) = 32768
17032 <... clock_gettime resumed> {1465918769, 286933757}) = 0
17033 futex(0xc8200f6590, FUTEX_WAKE, 1 <unfinished ...>
17035 <... futex resumed> )             = 0
17033 <... futex resumed> )             = 1
17032 select(0, NULL, NULL, NULL, {0, 20} <unfinished ...>
17035 select(0, NULL, NULL, NULL, {0, 100} <unfinished ...>
17033 write(6, "8000\r\nuct { a configs.NamespaceT"..., 4096) = 4096
17033 write(6, "\0(type.[8]interface {}\0\0\0\376\20Rgo.s"..., 28678) = 28678
17033 write(6, "\r\n", 2)               = 2
17033 read(7, "\2 \0\6\2 \0\10\246\3 \0\0\4Tgclocals\302\26787d20ce"..., 32768) = 32768
17032 <... select resumed> )            = 0 (Timeout)
17033 write(6, "8000\r\n\"type,omitempty\\\"\"; Succes"..., 4096) = 4096
17032 clock_gettime(CLOCK_MONOTONIC,  <unfinished ...>
17033 write(6, "\0\0\0\0H;a\20v)H\203\354\20H\215\35\0\0\0\0H\211\34$\350\0\0\0\0H\213"..., 28678) = -1 EAGAIN (Resource temporarily unavailable)
17032 <... clock_gettime resumed> {4903, 503131930}) = 0
17033 read(7, "0329f1fdbee7f5874cb\0\0\0\2\222\2/home/h"..., 32768) = 32768
17032 clock_gettime(CLOCK_REALTIME,  <unfinished ...>
17035 <... select resumed> )            = 0 (Timeout)
17035 futex(0xc8200f6590, FUTEX_WAIT, 0, NULL <unfinished ...>
17033 futex(0xc82002ea10, FUTEX_WAIT, 0, NULL <unfinished ...>
17032 <... clock_gettime resumed> {1465918769, 287188743}) = 0
17032 select(0, NULL, NULL, NULL, {0, 20}) = 0 (Timeout)
17032 clock_gettime(CLOCK_MONOTONIC, {4903, 503338602}) = 0
17032 futex(0x21ee760, FUTEX_WAIT, 0, {60, 0} <unfinished ...>
17031 <... epoll_wait resumed> {{EPOLLOUT, {u32=2134024192, u64=140606478393344}}}, 128, -1) = 1
17031 clock_gettime(CLOCK_MONOTONIC, {4903, 504243077}) = 0
17031 futex(0xc8200f6590, FUTEX_WAKE, 1 <unfinished ...>
17035 <... futex resumed> )             = 0
17031 <... futex resumed> )             = 1
17035 epoll_wait(5,  <unfinished ...>
17031 futex(0x21ee760, FUTEX_WAKE, 1 <unfinished ...>
17035 <... epoll_wait resumed> {}, 128, 0) = 0
17031 <... futex resumed> )             = 1
17035 sched_yield( <unfinished ...>
17032 <... futex resumed> )             = 0
17031 write(6, "\0\0\0\0H;a\20v)H\203\354\20H\215\35\0\0\0\0H\211\34$\350\0\0\0\0H\213"..., 28678 <unfinished ...>
17035 <... sched_yield resumed> )       = 0
17032 clock_gettime(CLOCK_MONOTONIC,  <unfinished ...>
17031 <... write resumed> )             = 28678
17035 futex(0x21ee6a0, FUTEX_WAKE, 1 <unfinished ...>
17032 <... clock_gettime resumed> {4903, 504339861}) = 0
17031 write(6, "\r\n", 2 <unfinished ...>
17035 <... futex resumed> )             = 0
17032 clock_gettime(CLOCK_REALTIME,  <unfinished ...>
17031 <... write resumed> )             = 2
17035 epoll_wait(5,  <unfinished ...>
17032 <... clock_gettime resumed> {1465918769, 288369753}) = 0
17031 futex(0xc82002ea10, FUTEX_WAKE, 1 <unfinished ...>
17033 <... futex resumed> )             = 0
17032 select(0, NULL, NULL, NULL, {0, 20} <unfinished ...>
17031 <... futex resumed> )             = 1
17033 select(0, NULL, NULL, NULL, {0, 100} <unfinished ...>
17031 write(6, "8000\r\n/hmeng/go/src/github.com/o"..., 4096) = 4096
17031 write(6, "3f9ac8d682812ae72\0Tgclocals\302\26733c"..., 28678) = 28678
17031 write(6, "\r\n", 2)               = 2
17032 <... select resumed> )            = 0 (Timeout)
17031 read(7,  <unfinished ...>
17032 clock_gettime(CLOCK_MONOTONIC,  <unfinished ...>
17031 <... read resumed> "f80b886db78bf\0\2\30\0\0\30\1\0\0\0\1\0\0\0\1\0\0\0\0"..., 32768) = 32768
17032 <... clock_gettime resumed> {4903, 504519276}) = 0
17031 write(6, "8000\r\nuct { a string; b int32 }\0"..., 4096 <unfinished ...>
17032 clock_gettime(CLOCK_REALTIME,  <unfinished ...>
17031 <... write resumed> )             = 4096
17032 <... clock_gettime resumed> {1465918769, 288545670}) = 0
17031 write(6, "\211L$PH\211L$\10H\211T$8H\211T$\20H\211D$@H\211D$\30\350\0\0"..., 28678 <unfinished ...>
17032 select(0, NULL, NULL, NULL, {0, 20} <unfinished ...>
17031 <... write resumed> )             = 28678
17033 <... select resumed> )            = 0 (Timeout)
17031 write(6, "\r\n", 2 <unfinished ...>
17033 read(7,  <unfinished ...>
17031 <... write resumed> )             = 2
17033 <... read resumed> "string\0\0\376\20>type.func(\"\".CriuCgMo"..., 32768) = 32768
17031 futex(0x21ef2b0, FUTEX_WAIT, 0, NULL <unfinished ...>
17033 futex(0x21ef2b0, FUTEX_WAKE, 1 <unfinished ...>
17031 <... futex resumed> )             = -1 EAGAIN (Resource temporarily unavailable)
17033 <... futex resumed> )             = 0
17032 <... select resumed> )            = 0 (Timeout)
17031 select(0, NULL, NULL, NULL, {0, 100} <unfinished ...>
17033 ioctl(0, TIOCGWINSZ <unfinished ...>
17032 clock_gettime(CLOCK_MONOTONIC,  <unfinished ...>
17033 <... ioctl resumed> , {ws_row=35, ws_col=112, ws_xpixel=0, ws_ypixel=0}) = 0
17033 ioctl(0, TIOCGWINSZ <unfinished ...>
17032 <... clock_gettime resumed> {4903, 504701419}) = 0
17033 <... ioctl resumed> , {ws_row=35, ws_col=112, ws_xpixel=0, ws_ypixel=0}) = 0
17033 write(1, "Sending build context to Docker "..., 48 <unfinished ...>
17032 clock_gettime(CLOCK_REALTIME,  <unfinished ...>
17033 <... write resumed> )             = 48
17033 write(6, "8000\r\n\0\0\20\0\0\0\0\0\0\0\0\2\0\20\2\0\0008\"\".(*Cri"..., 4096 <unfinished ...>
17032 <... clock_gettime resumed> {1465918769, 288748986}) = 0
17033 <... write resumed> )             = 4096
17033 write(6, "f3fed835f14ba5f4d7c62fa2\0\2\30\0\0\30\1\0"..., 28678 <unfinished ...>
17032 select(0, NULL, NULL, NULL, {0, 20} <unfinished ...>
17033 <... write resumed> )             = 28678
17033 write(6, "\r\n", 2)               = 2
17033 read(7,  <unfinished ...>
17031 <... select resumed> )            = 0 (Timeout)
17033 <... read resumed> "\"\0\6@\0\0>func(*criurpc.InheritFd) "..., 32768) = 32768
17031 futex(0x21ef2b0, FUTEX_WAIT, 0, NULL <unfinished ...>
17033 futex(0x21ef2b0, FUTEX_WAKE, 1 <unfinished ...>
17031 <... futex resumed> )             = -1 EAGAIN (Resource temporarily unavailable)
17033 <... futex resumed> )             = 0
17032 <... select resumed> )            = 0 (Timeout)
17031 select(0, NULL, NULL, NULL, {0, 100} <unfinished ...>
17033 write(6, "8000\r\n8go.string.hdr.\"CriuVethPa"..., 4096 <unfinished ...>
17032 clock_gettime(CLOCK_MONOTONIC,  <unfinished ...>
17033 <... write resumed> )             = 4096
17033 write(6, "\320\3\20\2\0\0006type.func(*\"\".CriuVethPai"..., 28678 <unfinished ...>
17032 <... clock_gettime resumed> {4903, 504935776}) = 0
17033 <... write resumed> )             = 28678
17033 write(6, "\r\n", 2 <unfinished ...>
17032 clock_gettime(CLOCK_REALTIME,  <unfinished ...>
17033 <... write resumed> )             = 2
17033 read(7,  <unfinished ...>
17032 <... clock_gettime resumed> {1465918769, 288971643}) = 0
17033 <... read resumed> "bytes,31,rep,name=skip_mnt\\\" jso"..., 32768) = 32768
17033 write(6, "8000\r\name=shell_job\\\" json:\\\"she"..., 4096) = 4096
17032 select(0, NULL, NULL, NULL, {0, 20} <unfinished ...>
17033 write(6, "e=track_mem\" json:\"track_mem,omi"..., 28678) = -1 EAGAIN (Resource temporarily unavailable)
17031 <... select resumed> )            = 0 (Timeout)
17033 read(7,  <unfinished ...>
17032 <... select resumed> )            = 0 (Timeout)
17031 futex(0x21ef2b0, FUTEX_WAIT, 0, NULL <unfinished ...>
17033 <... read resumed> "t\"\0\6\20\0\0\20GetRoot\0\0\376\20:go.string.hd"..., 32768) = 32768
17032 clock_gettime(CLOCK_MONOTONIC,  <unfinished ...>
17033 futex(0xc82002ea10, FUTEX_WAIT, 0, NULL <unfinished ...>
17032 <... clock_gettime resumed> {4903, 505181368}) = 0
17032 clock_gettime(CLOCK_REALTIME, {1465918769, 289194155}) = 0
17032 select(0, NULL, NULL, NULL, {0, 20}) = 0 (Timeout)
17032 clock_gettime(CLOCK_MONOTONIC, {4903, 505308257}) = 0
17032 futex(0x21ee760, FUTEX_WAIT, 0, {60, 0} <unfinished ...>
17035 <... epoll_wait resumed> {{EPOLLOUT, {u32=2134024192, u64=140606478393344}}}, 128, -1) = 1
17035 clock_gettime(CLOCK_MONOTONIC, {4903, 507400772}) = 0
17035 futex(0xc82002ea10, FUTEX_WAKE, 1) = 1
17033 <... futex resumed> )             = 0
17035 futex(0x21ee760, FUTEX_WAKE, 1 <unfinished ...>
17033 epoll_wait(5,  <unfinished ...>
17035 <... futex resumed> )             = 1
17033 <... epoll_wait resumed> {}, 128, 0) = 0
17035 write(6, "e=track_mem\" json:\"track_mem,omi"..., 28678 <unfinished ...>
17033 epoll_wait(5,  <unfinished ...>
17035 <... write resumed> )             = 28678
17035 write(6, "\r\n", 2)               = 2
17035 futex(0x21ef2b0, FUTEX_WAKE, 1)   = 1
17031 <... futex resumed> )             = 0
17035 write(6, "8000\r\no\0\0\0\360\1\20\2\0\0\"type.*\"\".CriuOp"..., 4096 <unfinished ...>
17031 select(0, NULL, NULL, NULL, {0, 100} <unfinished ...>
17035 <... write resumed> )             = 4096
17033 <... epoll_wait resumed> {{EPOLLOUT, {u32=2134024192, u64=140606478393344}}}, 128, -1) = 1
17035 write(6, "\0\0\0\0\0\0\0\0\0\0\0\0\0\0\0\0\1\0\0\0\0\0\0\0\1\0\0\0\0\0\0\0"..., 28678 <unfinished ...>
17033 epoll_wait(5,  <unfinished ...>
17035 <... write resumed> )             = 28678
17035 write(6, "\r\n", 2)               = 2
17035 read(7, "\0\0\0\0\1\0\0\0\0\0\0\0\0\0\0\0\0\0\0\0\1\0\0\0\0\0\0\0\1\0\0\0"..., 32768) = 32768
17035 write(6, "8000\r\n)\0\0\0\220\1\20\2\360\1\0<type.func(*\"\"."..., 4096) = 4096
17035 write(6, "\20Fgo.string.hdr.\"*criurpc.CriuNo"..., 28678) = 28678
17035 write(6, "\r\n", 2)               = 2
17035 read(7,  <unfinished ...>
17031 <... select resumed> )            = 0 (Timeout)
17035 <... read resumed> ".hdr.\"func() *criurpc.CriuRestor"..., 32768) = 29780
17031 futex(0x21ef2b0, FUTEX_WAIT, 0, NULL <unfinished ...>
17035 read(7, "", 2988)                 = 0
17035 close(7)                          = 0
17035 futex(0x21ef2b0, FUTEX_WAKE, 1)   = 1
17031 <... futex resumed> )             = 0
17035 write(6, "8000\r\nr_errno,omitempty\\\"\"\0\0\0\340\5\20"..., 4096 <unfinished ...>
17031 select(0, NULL, NULL, NULL, {0, 100} <unfinished ...>
17035 <... write resumed> )             = 4096
17035 write(6, "sp) *\"\".CriuNotify\0\2\20\0\0\20\0\0\0\0\0\0\0\0"..., 28678) = 28678
17035 write(6, "\r\n", 2)               = 2
17035 lstat("/home/hmeng/go/src/github.com/opencontainers/runc/Godeps/_workspace/pkg/linux_amd64/github.com/opencontainers/runc/libcontainer/keys.a",  <unfinished ...>
17032 <... futex resumed> )             = 0
17035 <... lstat resumed> {st_mode=S_IFREG|0664, st_size=14138, ...}) = 0
17035 lstat("/home/hmeng/go/src/github.com/opencontainers/runc/Godeps/_workspace/pkg/linux_amd64/github.com/opencontainers/runc/libcontainer/keys.a",  <unfinished ...>
17032 clock_gettime(CLOCK_MONOTONIC,  <unfinished ...>
17035 <... lstat resumed> {st_mode=S_IFREG|0664, st_size=14138, ...}) = 0
17035 lgetxattr("/home/hmeng/go/src/github.com/opencontainers/runc/Godeps/_workspace/pkg/linux_amd64/github.com/opencontainers/runc/libcontainer/keys.a", "security.capability" <unfinished ...>
17032 <... clock_gettime resumed> {4903, 507976441}) = 0
17031 <... select resumed> )            = 0 (Timeout)
17035 <... lgetxattr resumed> , 0xc820171600, 128) = -1 ENODATA (No data available)
17032 clock_gettime(CLOCK_REALTIME,  <unfinished ...>
17031 futex(0x21ef2b0, FUTEX_WAIT, 0, NULL <unfinished ...>
17035 openat(AT_FDCWD, "/home/hmeng/go/src/github.com/opencontainers/runc/Godeps/_workspace/pkg/linux_amd64/github.com/opencontainers/runc/libcontainer/keys.a", O_RDONLY|O_CLOEXEC <unfinished ...>
17032 <... clock_gettime resumed> {1465918769, 292049158}) = 0
17035 <... openat resumed> )            = 7
17035 read(7,  <unfinished ...>
17032 select(0, NULL, NULL, NULL, {0, 20} <unfinished ...>
17035 <... read resumed> "!<arch>\n__.PKGDEF       0       "..., 32768) = 14138
17035 read(7, "", 18630)                = 0
17035 close(7)                          = 0
17035 lstat("/home/hmeng/go/src/github.com/opencontainers/runc/Godeps/_workspace/pkg/linux_amd64/github.com/opencontainers/runc/libcontainer/label.a", {st_mode=S_IFREG|0664, st_size=11376, ...}) = 0
17035 lstat("/home/hmeng/go/src/github.com/opencontainers/runc/Godeps/_workspace/pkg/linux_amd64/github.com/opencontainers/runc/libcontainer/label.a", {st_mode=S_IFREG|0664, st_size=11376, ...}) = 0
17035 lgetxattr("/home/hmeng/go/src/github.com/opencontainers/runc/Godeps/_workspace/pkg/linux_amd64/github.com/opencontainers/runc/libcontainer/label.a", "security.capability", 0xc820171700, 128) = -1 ENODATA (No data available)
17032 <... select resumed> )            = 0 (Timeout)
17035 openat(AT_FDCWD, "/home/hmeng/go/src/github.com/opencontainers/runc/Godeps/_workspace/pkg/linux_amd64/github.com/opencontainers/runc/libcontainer/label.a", O_RDONLY|O_CLOEXEC) = 7
17032 clock_gettime(CLOCK_MONOTONIC,  <unfinished ...>
17035 read(7, "!<arch>\n__.PKGDEF       0       "..., 32768) = 11376
17032 <... clock_gettime resumed> {4903, 508243145}) = 0
17035 read(7, "", 21392)                = 0
17032 clock_gettime(CLOCK_REALTIME,  <unfinished ...>
17035 close(7)                          = 0
17032 <... clock_gettime resumed> {1465918769, 292270578}) = 0
17035 futex(0x21ef2b0, FUTEX_WAKE, 1)   = 1
17032 select(0, NULL, NULL, NULL, {0, 20} <unfinished ...>
17031 <... futex resumed> )             = 0
17035 write(6, "8000\r\n\0\0\376\20Tgclocals\302\2670b86ef39f3f"..., 4096 <unfinished ...>
17031 select(0, NULL, NULL, NULL, {0, 100} <unfinished ...>
17035 <... write resumed> )             = 4096
17035 write(6, "\0\0\0\0\0\0\0\0\0\0\0\0\0\0\0\0\0\0\0\0\0\0\0\0\0\0\0\0\0\0\n0"..., 28678) = 28678
17035 write(6, "\r\n", 2)               = 2
17035 lstat("/home/hmeng/go/src/github.com/opencontainers/runc/Godeps/_workspace/pkg/linux_amd64/github.com/opencontainers/runc/libcontainer/nsenter.a",  <unfinished ...>
17032 <... select resumed> )            = 0 (Timeout)
17035 <... lstat resumed> {st_mode=S_IFREG|0664, st_size=62122, ...}) = 0
17035 lstat("/home/hmeng/go/src/github.com/opencontainers/runc/Godeps/_workspace/pkg/linux_amd64/github.com/opencontainers/runc/libcontainer/nsenter.a",  <unfinished ...>
17032 clock_gettime(CLOCK_MONOTONIC,  <unfinished ...>
17035 <... lstat resumed> {st_mode=S_IFREG|0664, st_size=62122, ...}) = 0
17035 lgetxattr("/home/hmeng/go/src/github.com/opencontainers/runc/Godeps/_workspace/pkg/linux_amd64/github.com/opencontainers/runc/libcontainer/nsenter.a", "security.capability" <unfinished ...>
17032 <... clock_gettime resumed> {4903, 508451183}) = 0
17035 <... lgetxattr resumed> , 0xc820171800, 128) = -1 ENODATA (No data available)
17035 openat(AT_FDCWD, "/home/hmeng/go/src/github.com/opencontainers/runc/Godeps/_workspace/pkg/linux_amd64/github.com/opencontainers/runc/libcontainer/nsenter.a", O_RDONLY|O_CLOEXEC <unfinished ...>
17032 clock_gettime(CLOCK_REALTIME,  <unfinished ...>
17035 <... openat resumed> )            = 7
17031 <... select resumed> )            = 0 (Timeout)
17035 read(7,  <unfinished ...>
17032 <... clock_gettime resumed> {1465918769, 292507342}) = 0
17031 futex(0x21ef2b0, FUTEX_WAIT, 0, NULL <unfinished ...>
17035 <... read resumed> "!<arch>\n__.PKGDEF       0       "..., 32768) = 32768
17032 select(0, NULL, NULL, NULL, {0, 20} <unfinished ...>
17035 futex(0x21ef2b0, FUTEX_WAKE, 1)   = 1
17031 <... futex resumed> )             = 0
17035 write(6, "8000\r\n\376\20Tgclocals\302\26733cdeccccebe8"..., 4096 <unfinished ...>
17031 select(0, NULL, NULL, NULL, {0, 100} <unfinished ...>
17035 <... write resumed> )             = 4096
17035 write(6, "\0\0\0\0\0\0!<arch>\n__.PKGDEF       0 "..., 28678) = 28678
17035 write(6, "\r\n", 2)               = 2
17032 <... select resumed> )            = 0 (Timeout)
17035 read(7, "\0\0\0\0\2\0\0\0\33\0\0\0\374\377\377\377\377\377\377\377\23\0\0\0\0\0\0\0\4\0\0\0"..., 32768) = 29354
17032 clock_gettime(CLOCK_MONOTONIC,  <unfinished ...>
17035 read(7, "", 3414)                 = 0
17032 <... clock_gettime resumed> {4903, 508690461}) = 0
17035 close(7)                          = 0
17032 clock_gettime(CLOCK_REALTIME,  <unfinished ...>
17035 write(6, "8000\r\n\0\0\0\0\0\0\0\1\0]\0\0\0\0\0\0\0\0\0\0\0\0\0\0\0\0"..., 4096) = 4096
17032 <... clock_gettime resumed> {1465918769, 292724451}) = 0
17035 write(6, "\0\0\5\0\0\0\0\0\0\0\2\0\0\0\33\0\0\0\374\377\377\377\377\377\377\377\23\0\0\0\0\0"..., 28678) = -1 EAGAIN (Resource temporarily unavailable)
17032 select(0, NULL, NULL, NULL, {0, 20} <unfinished ...>
17031 <... select resumed> )            = 0 (Timeout)
17035 lstat("/home/hmeng/go/src/github.com/opencontainers/runc/Godeps/_workspace/pkg/linux_amd64/github.com/opencontainers/runc/libcontainer/seccomp.a",  <unfinished ...>
17031 futex(0x21ef2b0, FUTEX_WAIT, 0, NULL <unfinished ...>
17035 <... lstat resumed> {st_mode=S_IFREG|0664, st_size=105872, ...}) = 0
17035 lstat("/home/hmeng/go/src/github.com/opencontainers/runc/Godeps/_workspace/pkg/linux_amd64/github.com/opencontainers/runc/libcontainer/seccomp.a", {st_mode=S_IFREG|0664, st_size=105872, ...}) = 0
17035 lgetxattr("/home/hmeng/go/src/github.com/opencontainers/runc/Godeps/_workspace/pkg/linux_amd64/github.com/opencontainers/runc/libcontainer/seccomp.a", "security.capability", 0xc820171900, 128) = -1 ENODATA (No data available)
17035 openat(AT_FDCWD, "/home/hmeng/go/src/github.com/opencontainers/runc/Godeps/_workspace/pkg/linux_amd64/github.com/opencontainers/runc/libcontainer/seccomp.a", O_RDONLY|O_CLOEXEC <unfinished ...>
17032 <... select resumed> )            = 0 (Timeout)
17035 <... openat resumed> )            = 7
17035 read(7,  <unfinished ...>
17032 clock_gettime(CLOCK_MONOTONIC,  <unfinished ...>
17035 <... read resumed> "!<arch>\n__.PKGDEF       0       "..., 32768) = 32768
17035 futex(0xc8200f6590, FUTEX_WAIT, 0, NULL <unfinished ...>
17032 <... clock_gettime resumed> {4903, 508916548}) = 0
17032 clock_gettime(CLOCK_REALTIME, {1465918769, 292945962}) = 0
17032 select(0, NULL, NULL, NULL, {0, 20}) = 0 (Timeout)
17032 clock_gettime(CLOCK_MONOTONIC, {4903, 509181988}) = 0
17032 futex(0x21ee760, FUTEX_WAIT, 0, {60, 0} <unfinished ...>
17033 <... epoll_wait resumed> {{EPOLLOUT, {u32=2134024192, u64=140606478393344}}}, 128, -1) = 1
17033 clock_gettime(CLOCK_MONOTONIC, {4903, 512755007}) = 0
17033 futex(0xc8200f6590, FUTEX_WAKE, 1) = 1
17035 <... futex resumed> )             = 0
17033 futex(0x21ee760, FUTEX_WAKE, 1 <unfinished ...>
17035 epoll_wait(5,  <unfinished ...>
17033 <... futex resumed> )             = 1
17032 <... futex resumed> )             = 0
17035 <... epoll_wait resumed> {}, 128, 0) = 0
17033 write(6, "\0\0\5\0\0\0\0\0\0\0\2\0\0\0\33\0\0\0\374\377\377\377\377\377\377\377\23\0\0\0\0\0"..., 28678 <unfinished ...>
17032 clock_gettime(CLOCK_MONOTONIC,  <unfinished ...>
17035 epoll_wait(5,  <unfinished ...>
17033 <... write resumed> )             = 28678
17032 <... clock_gettime resumed> {4903, 512867962}) = 0
17033 write(6, "\r\n", 2 <unfinished ...>
17032 clock_gettime(CLOCK_REALTIME,  <unfinished ...>
17033 <... write resumed> )             = 2
17032 <... clock_gettime resumed> {1465918769, 296896978}) = 0
17033 futex(0x21ef2b0, FUTEX_WAKE, 1 <unfinished ...>
17032 select(0, NULL, NULL, NULL, {0, 20} <unfinished ...>
17033 <... futex resumed> )             = 1
17031 <... futex resumed> )             = 0
17033 write(6, "8000\r\n\0\0\0\0\356\1\0\0\20\0\0\0\0\0\0\0\0\0\0\0\0\0\0\0\0\0"..., 4096) = 4096
17031 select(0, NULL, NULL, NULL, {0, 100} <unfinished ...>
17033 write(6, "\0\0\0uoH\211C\10H\215\35\0\0\0\0H\211\34$H\307D$\10-\0\0\0H\213\\"..., 28678) = 28678
17032 <... select resumed> )            = 0 (Timeout)
17033 write(6, "\r\n", 2 <unfinished ...>
17032 clock_gettime(CLOCK_MONOTONIC,  <unfinished ...>
17033 <... write resumed> )             = 2
17032 <... clock_gettime resumed> {4903, 513048484}) = 0
17033 read(7,  <unfinished ...>
17032 clock_gettime(CLOCK_REALTIME,  <unfinished ...>
17033 <... read resumed> "\377\377\377\350\0\0\0\0\351<\377\377\377\314\314\314\314\314\314\314\314\314\314\314\314\6\n\10\34\0\0\0"..., 32768) = 32768
17032 <... clock_gettime resumed> {1465918769, 297074272}) = 0
17033 write(6, "8000\r\npe.int\0\f\"\".~r2\0 \4\22type.boo"..., 4096 <unfinished ...>
17032 select(0, NULL, NULL, NULL, {0, 20} <unfinished ...>
17033 <... write resumed> )             = 4096
17033 write(6, "/libcontainer/configs.Action }\0,"..., 28678) = 28678
17031 <... select resumed> )            = 0 (Timeout)
17033 write(6, "\r\n", 2)               = 2
17031 read(7,  <unfinished ...>
17033 futex(0xc82002ea10, FUTEX_WAIT, 0, NULL <unfinished ...>
17035 <... epoll_wait resumed> {{EPOLLOUT, {u32=2134024192, u64=140606478393344}}}, 128, -1) = 1
17032 <... select resumed> )            = 0 (Timeout)
17031 <... read resumed> "\0\0\3\0\0\0\0\376\20<type..hashfunc.[1]inte"..., 32768) = 32768
17031 futex(0xc82002ea10, FUTEX_WAKE, 1) = 1
17035 epoll_wait(5,  <unfinished ...>
17033 <... futex resumed> )             = 0
17031 write(6, "8000\r\nng]github.com/opencontaine"..., 4096) = 4096
17031 write(6, "tion\0\0\0\220\1\20\2\0\0\202\1type.[]github.com"..., 28678) = 28678
17031 write(6, "\r\n", 2)               = 2
17033 select(0, NULL, NULL, NULL, {0, 100} <unfinished ...>
17031 read(7, "configs.Operator }\0\0\0\376\20vgo.strin"..., 32768) = 7568
17032 clock_gettime(CLOCK_MONOTONIC,  <unfinished ...>
17031 read(7, "", 25200)                = 0
17031 close(7)                          = 0
17035 <... epoll_wait resumed> {{EPOLLOUT, {u32=2134024192, u64=140606478393344}}}, 128, -1) = 1
17032 <... clock_gettime resumed> {4903, 517175098}) = 0
17031 lstat("/home/hmeng/go/src/github.com/opencontainers/runc/Godeps/_workspace/pkg/linux_amd64/github.com/opencontainers/runc/libcontainer/selinux.a", {st_mode=S_IFREG|0664, st_size=117138, ...}) = 0
17031 lstat("/home/hmeng/go/src/github.com/opencontainers/runc/Godeps/_workspace/pkg/linux_amd64/github.com/opencontainers/runc/libcontainer/selinux.a", {st_mode=S_IFREG|0664, st_size=117138, ...}) = 0
17031 lgetxattr("/home/hmeng/go/src/github.com/opencontainers/runc/Godeps/_workspace/pkg/linux_amd64/github.com/opencontainers/runc/libcontainer/selinux.a", "security.capability", 0xc8201eb100, 128) = -1 ENODATA (No data available)
17031 openat(AT_FDCWD, "/home/hmeng/go/src/github.com/opencontainers/runc/Godeps/_workspace/pkg/linux_amd64/github.com/opencontainers/runc/libcontainer/selinux.a", O_RDONLY|O_CLOEXEC) = 7
17031 read(7, "!<arch>\n__.PKGDEF       0       "..., 32768) = 32768
17031 write(6, "8000\r\n\0\0\f0\20\2\0\0Vtype..alg.[16]str"..., 4096) = 4096
17031 write(6, "\0\0\0\0\0\0\0\0\0\0\0\0\0\0\0\0\0\0\0\0\0\0\0\0\0\0\0\0\0\0\0\0"..., 28678) = 28678
17031 write(6, "\r\n", 2)               = 2
17031 read(7, "\10\34\0\0\0\0\0\0004\10\32\0\0&go.string.\"SELINUX"..., 32768) = 32768
17031 write(6, "8000\r\n\0H\211\34$H\215\\$8H\211\\$\10H\307D$\20\0\0\0\0\350\0"..., 4096) = 4096
17031 write(6, "\0\0\0H\307D$\30\0\0\0\0\350\0\0\0\0H\213\214$\200\0\0\0H\213\\$ H\211"..., 28678) = 28678
17031 write(6, "\r\n", 2)               = 2
17031 read(7, " H\213\\$0H\203\373\0t>H\211\305H\301\345\4H\1\353H\211\34$H\211L$8H"..., 32768) = 32768
17031 write(6, "8000\r\ntext\0\0\0\254\7\10\f\0\0004runtime.mapa"..., 4096) = 4096
17031 write(6, "\3\10\32\1\0(runtime.writeBarrier\0\0\0\332\3\10"..., 28678) = 28678
17031 write(6, "\r\n", 2 <unfinished ...>
17035 epoll_wait(5,  <unfinished ...>
17033 <... select resumed> )            = 0 (Timeout)
17032 clock_gettime(CLOCK_REALTIME,  <unfinished ...>
17031 <... write resumed> )             = 2
17031 read(7, "\200\2\0Ftype.func(\"\".SELinuxContext)"..., 32768) = 18834
17031 read(7, "", 13934)                = 0
17031 close(7)                          = 0
17031 lstat("/home/hmeng/go/src/github.com/opencontainers/runc/Godeps/_workspace/pkg/linux_amd64/github.com/opencontainers/runc/libcontainer/specconv.a", {st_mode=S_IFREG|0664, st_size=252134, ...}) = 0
17031 lstat("/home/hmeng/go/src/github.com/opencontainers/runc/Godeps/_workspace/pkg/linux_amd64/github.com/opencontainers/runc/libcontainer/specconv.a", {st_mode=S_IFREG|0664, st_size=252134, ...}) = 0
17031 lgetxattr("/home/hmeng/go/src/github.com/opencontainers/runc/Godeps/_workspace/pkg/linux_amd64/github.com/opencontainers/runc/libcontainer/specconv.a", "security.capability", 0xc8201eb200, 128) = -1 ENODATA (No data available)
17031 openat(AT_FDCWD, "/home/hmeng/go/src/github.com/opencontainers/runc/Godeps/_workspace/pkg/linux_amd64/github.com/opencontainers/runc/libcontainer/specconv.a", O_RDONLY|O_CLOEXEC) = 7
17031 read(7, "!<arch>\n__.PKGDEF       0       "..., 32768) = 32768
17031 write(6, "8000\r\nhdr.\"*[1]interface {}\"\0\0\0p"..., 4096) = 4096
17031 write(6, "g.hdr.\"overflow\"\0\0\0\300\3\20\2\0\0<type.*"..., 28678) = 28678
17031 write(6, "\r\n", 2)               = 2
17031 read(7, "\260\1\0\0\200=\0\0\0\0\0urH\211C\10H\215\35\0\0\0\0H\211\34$H\307D$"..., 32768) = 32768
17031 write(6, "8000\r\n*uint64 \"json:\\\"kernelTCP\\"..., 4096) = 4096
17031 write(6, "00000) == @\"os\".FileMode(0x0) }\n"..., 28678) = 28678
17031 write(6, "\r\n", 2)               = 2
17031 read(7, ".DeviceCgroup\0\36\"\".autotmp_0119\0\317"..., 32768) = 32768
17031 ioctl(0, TIOCGWINSZ, {ws_row=35, ws_col=112, ws_xpixel=0, ws_ypixel=0}) = 0
17031 ioctl(0, TIOCGWINSZ, {ws_row=35, ws_col=112, ws_xpixel=0, ws_ypixel=0}) = 0
17031 write(1, "Sending build context to Docker "..., 48) = 48
17031 write(6, "8000\r\n\351Q\360\377\377\211\0\351\32\360\377\377L\215@ L\211\4$H\211l$\10\350"..., 4096) = 4096
17031 write(6, "me.writebarrierptr\0\0\0\354_\10\32\0\0\32type"..., 28678) = 28678
17031 write(6, "\r\n", 2)               = 2
17031 read(7, "\".autotmp_0290\0o\2xtype.github.co"..., 32768) = 32768
17031 write(6, "8000\r\nype.int64\0\10\"\".t\0\257\v\2\26type.s"..., 4096) = 4096
17031 write(6, "\17\205\10\3\0\0H\211kXH\213\234$`\1\0\0H\203\373\0\17\204\353\2\0\0H\213\223\340"..., 28678) = 28678
17031 write(6, "\r\n", 2)               = 2
17031 read(7, "time.eqstring\0\0\0\262\3\10\f\0\0 runtime.e"..., 32768) = 32768
17031 write(6, "8000\r\n\204$0\7\0\0H\215\264$\340\6\0\0H\215\274$\30\3\0\0\350\0\0\0"..., 4096) = 4096
17031 write(6, "github.com/opencontainers/runc/l"..., 28678) = 28678
17031 write(6, "\r\n", 2)               = 2
17031 read(7, "map[string]string\"\0\0\0p\20\2\0\0>go.we"..., 32768) = 32768
17031 write(6, "8000\r\n20\0\257\1\2\20type.int\0\f\"\".~r2\0 \4"..., 4096) = 4096
17031 write(6, "%s\"\0\0\0\376\20*go.string.\"bundle=%s\"\0\6"..., 28678) = 28678
17031 write(6, "\r\n", 2)               = 2
17031 read(7, "me.algarray\0\0\0@\20\2\0\0\"runtime.gcbi"..., 32768) = 32768
17031 write(6, "8000\r\ndr.\"B\"\0\0\0\360\2\20\2\0\0\24type.uint8"..., 4096) = 4096
17031 write(6, "\214\1type.github.com/opencontainers"..., 28678) = -1 EAGAIN (Resource temporarily unavailable)
17033 futex(0xc82002ea10, FUTEX_WAIT, 0, NULL <unfinished ...>
17032 <... clock_gettime resumed> {1465918769, 302344251}) = 0
17031 read(7, "ntime-spec/specs-go.NamespaceTyp"..., 32768) = 22758
17031 read(7, "", 10010)                = 0
17031 close(7)                          = 0
17031 futex(0x21ef2b0, FUTEX_WAIT, 0, NULL <unfinished ...>
17032 select(0, NULL, NULL, NULL, {0, 20}) = 0 (Timeout)
17032 clock_gettime(CLOCK_MONOTONIC, {4903, 519328623}) = 0
17032 futex(0x21ee760, FUTEX_WAIT, 0, {60, 0} <unfinished ...>
17035 <... epoll_wait resumed> {{EPOLLOUT, {u32=2134024192, u64=140606478393344}}}, 128, -1) = 1
17035 clock_gettime(CLOCK_MONOTONIC, {4903, 519772419}) = 0
17035 futex(0x21ef2b0, FUTEX_WAKE, 1)   = 1
17031 <... futex resumed> )             = 0
17035 futex(0x21ee760, FUTEX_WAKE, 1 <unfinished ...>
17031 epoll_wait(5,  <unfinished ...>
17035 <... futex resumed> )             = 1
17032 <... futex resumed> )             = 0
17031 <... epoll_wait resumed> {{EPOLLOUT, {u32=2134024192, u64=140606478393344}}}, 128, 0) = 1
17035 write(6, "\214\1type.github.com/opencontainers"..., 28678 <unfinished ...>
17032 clock_gettime(CLOCK_MONOTONIC,  <unfinished ...>
17031 epoll_wait(5,  <unfinished ...>
17035 <... write resumed> )             = 28678
17032 <... clock_gettime resumed> {4903, 519895408}) = 0
17035 write(6, "\r\n", 2 <unfinished ...>
17032 clock_gettime(CLOCK_REALTIME,  <unfinished ...>
17035 <... write resumed> )             = 2
17032 <... clock_gettime resumed> {1465918769, 303918464}) = 0
17035 futex(0xc82002ea10, FUTEX_WAKE, 1 <unfinished ...>
17032 select(0, NULL, NULL, NULL, {0, 20} <unfinished ...>
17035 <... futex resumed> )             = 1
17033 <... futex resumed> )             = 0
17035 write(6, "8000\r\npageLimit\"\0\0\0\376\20Bgo.string."..., 4096 <unfinished ...>
17033 select(0, NULL, NULL, NULL, {0, 100} <unfinished ...>
17035 <... write resumed> )             = 4096
17035 write(6, "g.\"[]*configs.IfPrioMap\"\0\0060\0\0*[]"..., 28678 <unfinished ...>
17032 <... select resumed> )            = 0 (Timeout)
17035 <... write resumed> )             = 28678
17032 clock_gettime(CLOCK_MONOTONIC,  <unfinished ...>
17035 write(6, "\r\n", 2 <unfinished ...>
17032 <... clock_gettime resumed> {4903, 520050649}) = 0
17035 <... write resumed> )             = 2
17032 clock_gettime(CLOCK_REALTIME,  <unfinished ...>
17035 lstat("/home/hmeng/go/src/github.com/opencontainers/runc/Godeps/_workspace/pkg/linux_amd64/github.com/opencontainers/runc/libcontainer/stacktrace.a",  <unfinished ...>
17032 <... clock_gettime resumed> {1465918769, 304074385}) = 0
17035 <... lstat resumed> {st_mode=S_IFREG|0664, st_size=12792, ...}) = 0
17032 select(0, NULL, NULL, NULL, {0, 20} <unfinished ...>
17035 lstat("/home/hmeng/go/src/github.com/opencontainers/runc/Godeps/_workspace/pkg/linux_amd64/github.com/opencontainers/runc/libcontainer/stacktrace.a", {st_mode=S_IFREG|0664, st_size=12792, ...}) = 0
17033 <... select resumed> )            = 0 (Timeout)
17035 lgetxattr("/home/hmeng/go/src/github.com/opencontainers/runc/Godeps/_workspace/pkg/linux_amd64/github.com/opencontainers/runc/libcontainer/stacktrace.a", "security.capability" <unfinished ...>
17033 futex(0xc82002ea10, FUTEX_WAIT, 0, NULL <unfinished ...>
17035 <... lgetxattr resumed> , 0xc8201eb300, 128) = -1 ENODATA (No data available)
17035 openat(AT_FDCWD, "/home/hmeng/go/src/github.com/opencontainers/runc/Godeps/_workspace/pkg/linux_amd64/github.com/opencontainers/runc/libcontainer/stacktrace.a", O_RDONLY|O_CLOEXEC <unfinished ...>
17032 <... select resumed> )            = 0 (Timeout)
17035 <... openat resumed> )            = 7
17032 clock_gettime(CLOCK_MONOTONIC,  <unfinished ...>
17035 read(7,  <unfinished ...>
17032 <... clock_gettime resumed> {4903, 520267707}) = 0
17035 <... read resumed> "!<arch>\n__.PKGDEF       0       "..., 32768) = 12792
17032 clock_gettime(CLOCK_REALTIME,  <unfinished ...>
17035 read(7,  <unfinished ...>
17032 <... clock_gettime resumed> {1465918769, 304292578}) = 0
17035 <... read resumed> "", 19976)     = 0
17032 select(0, NULL, NULL, NULL, {0, 20} <unfinished ...>
17035 close(7)                          = 0
17035 lstat("/home/hmeng/go/src/github.com/opencontainers/runc/Godeps/_workspace/pkg/linux_amd64/github.com/opencontainers/runc/libcontainer/system.a", {st_mode=S_IFREG|0664, st_size=100902, ...}) = 0
17035 lstat("/home/hmeng/go/src/github.com/opencontainers/runc/Godeps/_workspace/pkg/linux_amd64/github.com/opencontainers/runc/libcontainer/system.a", {st_mode=S_IFREG|0664, st_size=100902, ...}) = 0
17032 <... select resumed> )            = 0 (Timeout)
17035 lgetxattr("/home/hmeng/go/src/github.com/opencontainers/runc/Godeps/_workspace/pkg/linux_amd64/github.com/opencontainers/runc/libcontainer/system.a", "security.capability" <unfinished ...>
17032 clock_gettime(CLOCK_MONOTONIC,  <unfinished ...>
17035 <... lgetxattr resumed> , 0xc8201eb400, 128) = -1 ENODATA (No data available)
17032 <... clock_gettime resumed> {4903, 520429972}) = 0
17035 futex(0xc82002ea10, FUTEX_WAKE, 1 <unfinished ...>
17032 clock_gettime(CLOCK_REALTIME,  <unfinished ...>
17035 <... futex resumed> )             = 1
17033 <... futex resumed> )             = 0
17032 <... clock_gettime resumed> {1465918769, 304460415}) = 0
17035 write(6, "8000\r\n\0\0\0\376\20Tgclocals\302\26751af241526"..., 4096 <unfinished ...>
17033 select(0, NULL, NULL, NULL, {0, 100} <unfinished ...>
17032 select(0, NULL, NULL, NULL, {0, 20} <unfinished ...>
17035 <... write resumed> )             = 4096
17035 write(6, "0\20\2\0\0Htype..alg.struct { a strin"..., 28678) = 28678
17035 write(6, "\r\n", 2)               = 2
17035 openat(AT_FDCWD, "/home/hmeng/go/src/github.com/opencontainers/runc/Godeps/_workspace/pkg/linux_amd64/github.com/opencontainers/runc/libcontainer/system.a", O_RDONLY|O_CLOEXEC <unfinished ...>
17032 <... select resumed> )            = 0 (Timeout)
17035 <... openat resumed> )            = 7
17032 clock_gettime(CLOCK_MONOTONIC,  <unfinished ...>
17035 read(7,  <unfinished ...>
17032 <... clock_gettime resumed> {4903, 520615695}) = 0
17035 <... read resumed> "!<arch>\n__.PKGDEF       0       "..., 32768) = 32768
17032 clock_gettime(CLOCK_REALTIME,  <unfinished ...>
17035 write(6, "8000\r\nGodeps/_workspace/pkg/linu"..., 4096 <unfinished ...>
17032 <... clock_gettime resumed> {1465918769, 304648676}) = 0
17033 <... select resumed> )            = 0 (Timeout)
17035 <... write resumed> )             = 4096
17032 select(0, NULL, NULL, NULL, {0, 20} <unfinished ...>
17035 write(6, "Signal\0\0\0\216\1\10\f\0\0000runtime.morestac"..., 28678 <unfinished ...>
17033 read(7,  <unfinished ...>
17035 <... write resumed> )             = 28678
17033 <... read resumed> "\0\0\0\0H\211\\$ H\307D$(\7\0\0\0\350\0\0\0\0\17\vH\213\\$8H\213"..., 32768) = 32768
17035 write(6, "\r\n", 2 <unfinished ...>
17033 futex(0xc82002ea10, FUTEX_WAIT, 0, NULL <unfinished ...>
17035 <... write resumed> )             = 2
17035 futex(0xc82002ea10, FUTEX_WAKE, 1 <unfinished ...>
17032 <... select resumed> )            = 0 (Timeout)
17035 <... futex resumed> )             = 1
17033 <... futex resumed> )             = 0
17032 clock_gettime(CLOCK_MONOTONIC,  <unfinished ...>
17035 write(6, "8000\r\n\2\177\2\311\4\1\17\2O\1\n\0(\4\177*D\1i\6\234\3-\17.5"..., 4096 <unfinished ...>
17033 select(0, NULL, NULL, NULL, {0, 100} <unfinished ...>
17032 <... clock_gettime resumed> {4903, 520819586}) = 0
17035 <... write resumed> )             = 4096
17032 clock_gettime(CLOCK_REALTIME,  <unfinished ...>
17035 write(6, "\16\36\"\".autotmp_0121\0?\2\26type.string"..., 28678 <unfinished ...>
17032 <... clock_gettime resumed> {1465918769, 304861041}) = 0
17035 <... write resumed> )             = 28678
17032 select(0, NULL, NULL, NULL, {0, 20} <unfinished ...>
17035 write(6, "\r\n", 2)               = 2
17035 read(7, "e.map.bucket[string]uintptr\0\0\0\376\20"..., 32768) = 32768
17035 write(6, "8000\r\nintptr\0\2\20\0\0\20\0\0\0\0\0\0\0\0\2\0\20\2\0\0"..., 4096 <unfinished ...>
17033 <... select resumed> )            = 0 (Timeout)
17032 <... select resumed> )            = 0 (Timeout)
17033 read(7,  <unfinished ...>
17032 clock_gettime(CLOCK_MONOTONIC,  <unfinished ...>
17035 <... write resumed> )             = 4096
17033 <... read resumed> "\0\0\n\0\0\0\v\0\0\0\233\17\0\0\0\0\0\0S\5\0\0\0\0\0\0\n\0\0\0\v\0"..., 32768) = 2598
17032 <... clock_gettime resumed> {4903, 521063850}) = 0
17035 write(6, "string]uintptr\"\0\0\0\376\20<go.string.\""..., 28678 <unfinished ...>
17033 read(7,  <unfinished ...>
17032 clock_gettime(CLOCK_REALTIME,  <unfinished ...>
17035 <... write resumed> )             = 28678
17033 <... read resumed> "", 30170)     = 0
17032 <... clock_gettime resumed> {1465918769, 305100407}) = 0
17033 close(7 <unfinished ...>
17032 select(0, NULL, NULL, NULL, {0, 20} <unfinished ...>
17035 write(6, "\r\n", 2 <unfinished ...>
17033 <... close resumed> )             = 0
17035 <... write resumed> )             = 2
17033 lstat("/home/hmeng/go/src/github.com/opencontainers/runc/Godeps/_workspace/pkg/linux_amd64/github.com/opencontainers/runc/libcontainer/user.a",  <unfinished ...>
17035 futex(0xc8200f6590, FUTEX_WAIT, 0, NULL <unfinished ...>
17033 <... lstat resumed> {st_mode=S_IFREG|0664, st_size=142022, ...}) = 0
17033 lstat("/home/hmeng/go/src/github.com/opencontainers/runc/Godeps/_workspace/pkg/linux_amd64/github.com/opencontainers/runc/libcontainer/user.a",  <unfinished ...>
17032 <... select resumed> )            = 0 (Timeout)
17033 <... lstat resumed> {st_mode=S_IFREG|0664, st_size=142022, ...}) = 0
17032 clock_gettime(CLOCK_MONOTONIC,  <unfinished ...>
17033 lgetxattr("/home/hmeng/go/src/github.com/opencontainers/runc/Godeps/_workspace/pkg/linux_amd64/github.com/opencontainers/runc/libcontainer/user.a", "security.capability" <unfinished ...>
17032 <... clock_gettime resumed> {4903, 521296397}) = 0
17033 <... lgetxattr resumed> , 0xc820171a00, 128) = -1 ENODATA (No data available)
17032 clock_gettime(CLOCK_REALTIME,  <unfinished ...>
17033 openat(AT_FDCWD, "/home/hmeng/go/src/github.com/opencontainers/runc/Godeps/_workspace/pkg/linux_amd64/github.com/opencontainers/runc/libcontainer/user.a", O_RDONLY|O_CLOEXEC <unfinished ...>
17032 <... clock_gettime resumed> {1465918769, 305354985}) = 0
17033 <... openat resumed> )            = 7
17032 select(0, NULL, NULL, NULL, {0, 20} <unfinished ...>
17033 read(7, "!<arch>\n__.PKGDEF       0       "..., 32768) = 32768
17032 <... select resumed> )            = 0 (Timeout)
17033 futex(0xc8200f6590, FUTEX_WAKE, 1 <unfinished ...>
17032 clock_gettime(CLOCK_MONOTONIC,  <unfinished ...>
17035 <... futex resumed> )             = 0
17033 <... futex resumed> )             = 1
17032 <... clock_gettime resumed> {4903, 521589939}) = 0
17033 write(6, "8000\r\n\0\0\271\4\0\0\0\0\0\0\n\0\0\0\v\0\0\0\207\f\0\0\0\0\0\0"..., 4096 <unfinished ...>
17035 select(0, NULL, NULL, NULL, {0, 100} <unfinished ...>
17032 clock_gettime(CLOCK_REALTIME,  <unfinished ...>
17033 <... write resumed> )             = 4096
17032 <... clock_gettime resumed> {1465918769, 305658846}) = 0
17033 write(6, "\0\0\0\0\0\0!<arch>\n__.PKGDEF       0 "..., 28678 <unfinished ...>
17032 select(0, NULL, NULL, NULL, {0, 20} <unfinished ...>
17033 <... write resumed> )             = 28678
17035 <... select resumed> )            = 0 (Timeout)
17033 write(6, "\r\n", 2 <unfinished ...>
17032 <... select resumed> )            = 0 (Timeout)
17033 <... write resumed> )             = 2
17032 clock_gettime(CLOCK_MONOTONIC,  <unfinished ...>
17035 read(7,  <unfinished ...>
17033 futex(0xc82002ea10, FUTEX_WAIT, 0, NULL <unfinished ...>
17035 <... read resumed> "$H\213\234$\320\0\0\0H\211\\$\10\350\0\0\0\0H\213L$\20H\213D$\30H\213\\"..., 32768) = 32768
17032 <... clock_gettime resumed> {4903, 521858361}) = 0
17035 futex(0xc82002ea10, FUTEX_WAKE, 1 <unfinished ...>
17032 clock_gettime(CLOCK_REALTIME,  <unfinished ...>
17035 <... futex resumed> )             = 1
17033 <... futex resumed> )             = 0
17032 <... clock_gettime resumed> {1465918769, 305894424}) = 0
17033 select(0, NULL, NULL, NULL, {0, 100} <unfinished ...>
17032 select(0, NULL, NULL, NULL, {0, 20} <unfinished ...>
17035 write(6, "8000\r\n7f079ecb0ba38eec6b583dcc2f"..., 4096) = 4096
17032 <... select resumed> )            = 0 (Timeout)
17035 write(6, "\0\0\0H\211\34$H\213\234$\320\0\0\0H\211\\$\10\350\0\0\0\0H\213L$\20H\213"..., 28678 <unfinished ...>
17032 clock_gettime(CLOCK_MONOTONIC, {4903, 522085904}) = 0
17035 <... write resumed> )             = 28678
17033 <... select resumed> )            = 0 (Timeout)
17032 clock_gettime(CLOCK_REALTIME,  <unfinished ...>
17035 write(6, "\r\n", 2 <unfinished ...>
17033 select(0, NULL, NULL, NULL, {0, 100} <unfinished ...>
17032 <... clock_gettime resumed> {1465918769, 306111103}) = 0
17035 <... write resumed> )             = 2
17032 select(0, NULL, NULL, NULL, {0, 20} <unfinished ...>
17035 read(7,  <unfinished ...>
17032 <... select resumed> )            = 0 (Timeout)
17035 <... read resumed> "\".autotmp_0311\0O\2\20type.int\0\f\"\".~"..., 32768) = 32768
17032 clock_gettime(CLOCK_MONOTONIC,  <unfinished ...>
17035 write(6, "8000\r\n\302\2673bb21ca8fe1d99a3e492463b"..., 4096 <unfinished ...>
17032 <... clock_gettime resumed> {4903, 522248527}) = 0
17035 <... write resumed> )             = 4096
17032 clock_gettime(CLOCK_REALTIME,  <unfinished ...>
17033 <... select resumed> )            = 0 (Timeout)
17035 write(6, "int\0\36\"\".autotmp_0311\0O\2\20type.int"..., 28678 <unfinished ...>
17032 <... clock_gettime resumed> {1465918769, 306275425}) = 0
17035 <... write resumed> )             = -1 EAGAIN (Resource temporarily unavailable)
17033 read(7,  <unfinished ...>
17032 select(0, NULL, NULL, NULL, {0, 20} <unfinished ...>
17033 <... read resumed> "ortpath.\"\".\0\0\0\220\4\20\2\300\4\0\32type.\"\".Gr"..., 32768) = 32768
17035 futex(0xc8200f6590, FUTEX_WAIT, 0, NULL <unfinished ...>
17033 futex(0xc82002ea10, FUTEX_WAIT, 0, NULL <unfinished ...>
17032 <... select resumed> )            = 0 (Timeout)
17032 clock_gettime(CLOCK_MONOTONIC, {4903, 522644635}) = 0
17032 futex(0x21ee760, FUTEX_WAIT, 0, {60, 0} <unfinished ...>
17031 <... epoll_wait resumed> {{EPOLLOUT, {u32=2134024192, u64=140606478393344}}}, 128, -1) = 1
17031 clock_gettime(CLOCK_MONOTONIC, {4903, 523792703}) = 0
17031 futex(0xc82002ea10, FUTEX_WAKE, 1) = 1
17033 <... futex resumed> )             = 0
17031 futex(0x21ee760, FUTEX_WAKE, 1 <unfinished ...>
17033 epoll_wait(5,  <unfinished ...>
17031 <... futex resumed> )             = 1
17032 <... futex resumed> )             = 0
17033 <... epoll_wait resumed> {}, 128, 0) = 0
17031 write(6, "int\0\36\"\".autotmp_0311\0O\2\20type.int"..., 28678 <unfinished ...>
17033 epoll_wait(5,  <unfinished ...>
17032 clock_gettime(CLOCK_MONOTONIC,  <unfinished ...>
17031 <... write resumed> )             = 28678
17031 write(6, "\r\n", 2 <unfinished ...>
17032 <... clock_gettime resumed> {4903, 523911558}) = 0
17031 <... write resumed> )             = 2
17032 clock_gettime(CLOCK_REALTIME,  <unfinished ...>
17031 futex(0xc8200f6590, FUTEX_WAKE, 1 <unfinished ...>
17032 <... clock_gettime resumed> {1465918769, 307938518}) = 0
17031 <... futex resumed> )             = 1
17035 <... futex resumed> )             = 0
17032 select(0, NULL, NULL, NULL, {0, 20} <unfinished ...>
17031 write(6, "8000\r\n\0\200\1\20\2\260\1\0Ttype.struct { F u"..., 4096 <unfinished ...>
17035 select(0, NULL, NULL, NULL, {0, 100} <unfinished ...>
17031 <... write resumed> )             = 4096
17031 write(6, "go.importpath.\"\".\0\0\0\220\4\20\2\300\4\0\32type"..., 28678) = 28678
17031 write(6, "\r\n", 2)               = 2
17032 <... select resumed> )            = 0 (Timeout)
17031 read(7,  <unfinished ...>
17032 clock_gettime(CLOCK_MONOTONIC,  <unfinished ...>
17031 <... read resumed> "\0\0\0\0\0\0\10\0\0\0\0\0\0\0\10\0\0\0\0\0\0\0\0\0\0\0\0\0\0\0\0\0"..., 32768) = 10950
17032 <... clock_gettime resumed> {4903, 524085196}) = 0
17031 read(7,  <unfinished ...>
17032 clock_gettime(CLOCK_REALTIME,  <unfinished ...>
17031 <... read resumed> "", 21818)     = 0
17032 <... clock_gettime resumed> {1465918769, 308099225}) = 0
17031 close(7 <unfinished ...>
17032 select(0, NULL, NULL, NULL, {0, 20} <unfinished ...>
17031 <... close resumed> )             = 0
17031 lstat("/home/hmeng/go/src/github.com/opencontainers/runc/Godeps/_workspace/pkg/linux_amd64/github.com/opencontainers/runc/libcontainer/utils.a", {st_mode=S_IFREG|0664, st_size=27038, ...}) = 0
17035 <... select resumed> )            = 0 (Timeout)
17032 <... select resumed> )            = 0 (Timeout)
17031 lstat("/home/hmeng/go/src/github.com/opencontainers/runc/Godeps/_workspace/pkg/linux_amd64/github.com/opencontainers/runc/libcontainer/utils.a",  <unfinished ...>
17035 futex(0xc8200f6590, FUTEX_WAIT, 0, NULL <unfinished ...>
17032 clock_gettime(CLOCK_MONOTONIC,  <unfinished ...>
17031 <... lstat resumed> {st_mode=S_IFREG|0664, st_size=27038, ...}) = 0
17032 <... clock_gettime resumed> {4903, 524218506}) = 0
17031 lgetxattr("/home/hmeng/go/src/github.com/opencontainers/runc/Godeps/_workspace/pkg/linux_amd64/github.com/opencontainers/runc/libcontainer/utils.a", "security.capability" <unfinished ...>
17032 clock_gettime(CLOCK_REALTIME,  <unfinished ...>
17031 <... lgetxattr resumed> , 0xc820171b00, 128) = -1 ENODATA (No data available)
17032 <... clock_gettime resumed> {1465918769, 308240757}) = 0
17031 openat(AT_FDCWD, "/home/hmeng/go/src/github.com/opencontainers/runc/Godeps/_workspace/pkg/linux_amd64/github.com/opencontainers/runc/libcontainer/utils.a", O_RDONLY|O_CLOEXEC <unfinished ...>
17032 select(0, NULL, NULL, NULL, {0, 20} <unfinished ...>
17031 <... openat resumed> )            = 7
17031 read(7, "!<arch>\n__.PKGDEF       0       "..., 32768) = 27038
17031 read(7, "", 5730)                 = 0
17031 close(7)                          = 0
17031 futex(0xc8200f6590, FUTEX_WAKE, 1) = 1
17035 <... futex resumed> )             = 0
17032 <... select resumed> )            = 0 (Timeout)
17031 write(6, "8000\r\n\0\0\0\0\0\0\0\0\0\0\0\0\0\0\0\0\0\0\0\0\0\0\0\0\0\0"..., 4096 <unfinished ...>
17035 select(0, NULL, NULL, NULL, {0, 100} <unfinished ...>
17032 clock_gettime(CLOCK_MONOTONIC,  <unfinished ...>
17031 <... write resumed> )             = 4096
17032 <... clock_gettime resumed> {4903, 524407622}) = 0
17031 write(6, "\0\0\0\0\0\0\0\0\0\0\0\0\10\0\0\0\0\0\0\0\10\0\0\0\0\0\0\0\0\0\0\0"..., 28678 <unfinished ...>
17032 clock_gettime(CLOCK_REALTIME,  <unfinished ...>
17031 <... write resumed> )             = 28678
17032 <... clock_gettime resumed> {1465918769, 308428258}) = 0
17031 write(6, "\r\n", 2 <unfinished ...>
17032 select(0, NULL, NULL, NULL, {0, 20} <unfinished ...>
17031 <... write resumed> )             = 2
17031 lstat("/home/hmeng/go/src/github.com/opencontainers/runc/Godeps/_workspace/pkg/linux_amd64/github.com/opencontainers/runc/libcontainer.a", {st_mode=S_IFREG|0664, st_size=1242212, ...}) = 0
17031 lstat("/home/hmeng/go/src/github.com/opencontainers/runc/Godeps/_workspace/pkg/linux_amd64/github.com/opencontainers/runc/libcontainer.a", {st_mode=S_IFREG|0664, st_size=1242212, ...}) = 0
17031 lgetxattr("/home/hmeng/go/src/github.com/opencontainers/runc/Godeps/_workspace/pkg/linux_amd64/github.com/opencontainers/runc/libcontainer.a", "security.capability", 0xc820171b80, 128) = -1 ENODATA (No data available)
17035 <... select resumed> )            = 0 (Timeout)
17032 <... select resumed> )            = 0 (Timeout)
17031 openat(AT_FDCWD, "/home/hmeng/go/src/github.com/opencontainers/runc/Godeps/_workspace/pkg/linux_amd64/github.com/opencontainers/runc/libcontainer.a", O_RDONLY|O_CLOEXEC <unfinished ...>
17035 futex(0xc8200f6590, FUTEX_WAIT, 0, NULL <unfinished ...>
17032 clock_gettime(CLOCK_MONOTONIC,  <unfinished ...>
17031 <... openat resumed> )            = 7
17032 <... clock_gettime resumed> {4903, 524581723}) = 0
17031 read(7,  <unfinished ...>
17032 clock_gettime(CLOCK_REALTIME,  <unfinished ...>
17031 <... read resumed> "!<arch>\n__.PKGDEF       0       "..., 32768) = 32768
17032 <... clock_gettime resumed> {1465918769, 308602006}) = 0
17031 futex(0xc8200f6590, FUTEX_WAKE, 1 <unfinished ...>
17032 select(0, NULL, NULL, NULL, {0, 20} <unfinished ...>
17035 <... futex resumed> )             = 0
17031 <... futex resumed> )             = 1
17035 select(0, NULL, NULL, NULL, {0, 100} <unfinished ...>
17031 write(6, "8000\r\n\337~.8\0\10\10\27\0\0\0\0\0\0\0\0\0\0\0\0\0\0\0\0\0\0"..., 4096) = 4096
17031 write(6, "aaa02\0\0\0P\20\2\0\0Pgo.string.hdr.\"map"..., 28678) = 28678
17031 write(6, "\r\n", 2)               = 2
17031 read(7,  <unfinished ...>
17032 <... select resumed> )            = 0 (Timeout)
17031 <... read resumed> "xrss int64; Idrss int64; Isrss i"..., 32768) = 32768
17032 clock_gettime(CLOCK_MONOTONIC,  <unfinished ...>
17031 write(6, "8000\r\n\"json:\\\"size\\\"\" }\n\ttype @\""..., 4096 <unfinished ...>
17032 <... clock_gettime resumed> {4903, 524774408}) = 0
17031 <... write resumed> )             = 4096
17032 clock_gettime(CLOCK_REALTIME,  <unfinished ...>
17031 write(6, "ontainers/runc/libcontainer/conf"..., 28678 <unfinished ...>
17032 <... clock_gettime resumed> {1465918769, 308794586}) = 0
17031 <... write resumed> )             = 28678
17035 <... select resumed> )            = 0 (Timeout)
17032 select(0, NULL, NULL, NULL, {0, 20} <unfinished ...>
17031 write(6, "\r\n", 2 <unfinished ...>
17035 select(0, NULL, NULL, NULL, {0, 100} <unfinished ...>
17031 <... write resumed> )             = 2
17031 read(7, "\254\5\10\f\0\0 runtime.typ2Itab\0\0\0\336\5\10\f\0\0"..., 32768) = 32768
17031 ioctl(0, TIOCGWINSZ, {ws_row=35, ws_col=112, ws_xpixel=0, ws_ypixel=0}) = 0
17031 ioctl(0, TIOCGWINSZ <unfinished ...>
17032 <... select resumed> )            = 0 (Timeout)
17031 <... ioctl resumed> , {ws_row=35, ws_col=112, ws_xpixel=0, ws_ypixel=0}) = 0
17032 clock_gettime(CLOCK_MONOTONIC,  <unfinished ...>
17031 write(1, "Sending build context to Docker "..., 48 <unfinished ...>
17032 <... clock_gettime resumed> {4903, 524944424}) = 0
17031 <... write resumed> )             = 48
17035 <... select resumed> )            = 0 (Timeout)
17032 clock_gettime(CLOCK_REALTIME,  <unfinished ...>
17031 write(6, "8000\r\n\20H\211l$0H\211,$H\211T$(H\213ZX\377\323H\213\\$@"..., 4096 <unfinished ...>
17035 read(7,  <unfinished ...>
17032 <... clock_gettime resumed> {1465918769, 309034478}) = 0
17031 <... write resumed> )             = 4096
17031 write(6, "\353\362\314\314\314\314\314\314\314\314\314\314\314\314\0 \0\0\0\4\f\"\".~r0\0\20\4\30t"..., 28678 <unfinished ...>
17035 <... read resumed> "barrierptr\0\0\0\214\31\10\f\0\0.runtime.writ"..., 32768) = 32768
17032 select(0, NULL, NULL, NULL, {0, 20} <unfinished ...>
17031 <... write resumed> )             = 28678
17035 futex(0xc8200f6590, FUTEX_WAIT, 0, NULL <unfinished ...>
17031 write(6, "\r\n", 2)               = 2
17031 futex(0xc8200f6590, FUTEX_WAKE, 1) = 1
17035 <... futex resumed> )             = 0
17031 write(6, "8000\r\ntype.error\0\0\0\354\3\10\f\0\0\36runtim"..., 4096 <unfinished ...>
17035 select(0, NULL, NULL, NULL, {0, 100} <unfinished ...>
17031 <... write resumed> )             = 4096
17031 write(6, "$\20H\307D$\30\26\0\0\0\350\0\0\0\0H\213L$ H\213D$(H\215\35\0\0\0"..., 28678 <unfinished ...>
17032 <... select resumed> )            = 0 (Timeout)
17031 <... write resumed> )             = 28678
17032 clock_gettime(CLOCK_MONOTONIC,  <unfinished ...>
17031 write(6, "\r\n", 2 <unfinished ...>
17032 <... clock_gettime resumed> {4903, 525208032}) = 0
17031 <... write resumed> )             = 2
17032 clock_gettime(CLOCK_REALTIME,  <unfinished ...>
17031 read(7,  <unfinished ...>
17032 <... clock_gettime resumed> {1465918769, 309231552}) = 0
17031 <... read resumed> "{}\0\36\"\".autotmp_0378\0\0\2&type.[]in"..., 32768) = 32768
17032 select(0, NULL, NULL, NULL, {0, 20} <unfinished ...>
17031 write(6, "8000\r\n\0\0\0H\211\32H\211\214$\350\0\0\0\200=\0\0\0\0\0\17\205\325\25\0"..., 4096) = 4096
17031 write(6, "H\213L$pH\215\35\0\0\0\0H\211\330H\211\323H\203\303 H\211\204$\340\0\0\0H\211"..., 28678) = 28678
17031 write(6, "\r\n", 2)               = 2
17032 <... select resumed> )            = 0 (Timeout)
17035 <... select resumed> )            = 0 (Timeout)
17032 clock_gettime(CLOCK_MONOTONIC,  <unfinished ...>
17031 read(7,  <unfinished ...>
17035 futex(0xc8200f6590, FUTEX_WAIT, 0, NULL <unfinished ...>
17032 <... clock_gettime resumed> {4903, 525349656}) = 0
17031 <... read resumed> "\211D$\30\350\0\0\0\0L\213\234$p\1\0\0L\213\224$`\2\0\0L\213\214$h\2\0"..., 32768) = 32768
17032 clock_gettime(CLOCK_REALTIME,  <unfinished ...>
17031 futex(0xc8200f6590, FUTEX_WAKE, 1 <unfinished ...>
17032 <... clock_gettime resumed> {1465918769, 309375632}) = 0
17035 <... futex resumed> )             = 0
17031 <... futex resumed> )             = 1
17035 futex(0xc8200f6590, FUTEX_WAIT, 0, NULL <unfinished ...>
17032 select(0, NULL, NULL, NULL, {0, 20} <unfinished ...>
17031 futex(0xc8200f6590, FUTEX_WAKE, 1 <unfinished ...>
17035 <... futex resumed> )             = -1 EAGAIN (Resource temporarily unavailable)
17031 <... futex resumed> )             = 0
17035 select(0, NULL, NULL, NULL, {0, 100} <unfinished ...>
17031 write(6, "8000\r\nh\10H\211h\20H\211h\30H\211h H\211D$hH\213l$H\200="..., 4096) = 4096
17031 write(6, "\\$ \200\373\0\17\205\221\373\377\377\351\214\373\377\377\211\3\351\323\371\377\377\211E\0\351[\371\377\377"..., 28678) = 28678
17031 write(6, "\r\n", 2)               = 2
17032 <... select resumed> )            = 0 (Timeout)
17031 read(7,  <unfinished ...>
17032 clock_gettime(CLOCK_MONOTONIC,  <unfinished ...>
17031 <... read resumed> "rierptr\0\0\0\262W\10\f\0\0.runtime.writeba"..., 32768) = 32768
17032 <... clock_gettime resumed> {4903, 525526008}) = 0
17031 write(6, "8000\r\n\0\0\0\0\0\17\205G\32\0\0H\211C\10H\215\35\0\0\0\0H\211\34$"..., 4096) = 4096
17032 clock_gettime(CLOCK_REALTIME,  <unfinished ...>
17031 write(6, "\0H\211\\$\30H\213\234$P\3\0\0H\211\\$ \350\0\0\0\0H\213T$(H\213L"..., 28678 <unfinished ...>
17032 <... clock_gettime resumed> {1465918769, 309558511}) = 0
17031 <... write resumed> )             = -1 EAGAIN (Resource temporarily unavailable)
17032 select(0, NULL, NULL, NULL, {0, 20} <unfinished ...>
17031 read(7, "tring.\"freezer\"\0\0\0\360\1\10\32\0\0,type.ma"..., 32768) = 32768
17035 <... select resumed> )            = 0 (Timeout)
17031 futex(0x21ef2b0, FUTEX_WAIT, 0, NULL <unfinished ...>
17035 futex(0xc8200f6590, FUTEX_WAIT, 0, NULL <unfinished ...>
17032 <... select resumed> )            = 0 (Timeout)
17032 clock_gettime(CLOCK_MONOTONIC, {4903, 525724261}) = 0
17032 futex(0x21ee760, FUTEX_WAIT, 0, {60, 0} <unfinished ...>
17033 <... epoll_wait resumed> {{EPOLLOUT, {u32=2134024192, u64=140606478393344}}}, 128, -1) = 1
17033 clock_gettime(CLOCK_MONOTONIC, {4903, 526839757}) = 0
17033 futex(0xc8200f6590, FUTEX_WAKE, 1 <unfinished ...>
17035 <... futex resumed> )             = 0
17033 <... futex resumed> )             = 1
17035 epoll_wait(5,  <unfinished ...>
17033 futex(0x21ee760, FUTEX_WAKE, 1 <unfinished ...>
17035 <... epoll_wait resumed> {{EPOLLOUT, {u32=2134024192, u64=140606478393344}}}, 128, 0) = 1
17033 <... futex resumed> )             = 1
17032 <... futex resumed> )             = 0
17035 sched_yield( <unfinished ...>
17033 write(6, "\0H\211\\$\30H\213\234$P\3\0\0H\211\\$ \350\0\0\0\0H\213T$(H\213L"..., 28678 <unfinished ...>
17032 clock_gettime(CLOCK_MONOTONIC,  <unfinished ...>
17035 <... sched_yield resumed> )       = 0
17035 futex(0x21ee6a0, FUTEX_WAKE, 1 <unfinished ...>
17033 <... write resumed> )             = 28678
17032 <... clock_gettime resumed> {4903, 526956374}) = 0
17035 <... futex resumed> )             = 0
17033 write(6, "\r\n", 2 <unfinished ...>
17032 clock_gettime(CLOCK_REALTIME,  <unfinished ...>
17035 epoll_wait(5,  <unfinished ...>
17033 <... write resumed> )             = 2
17032 <... clock_gettime resumed> {1465918769, 310996474}) = 0
17033 futex(0x21ef2b0, FUTEX_WAKE, 1 <unfinished ...>
17032 select(0, NULL, NULL, NULL, {0, 20} <unfinished ...>
17033 <... futex resumed> )             = 1
17031 <... futex resumed> )             = 0
17031 select(0, NULL, NULL, NULL, {0, 100} <unfinished ...>
17033 write(6, "8000\r\n.f\0\277\2\2\32type.*os.File\0\f\"\".~"..., 4096) = 4096
17033 write(6, "\316\n\10\32\0\0Tgo.itab.*\"\".createdState."..., 28678) = 28678
17033 write(6, "\r\n", 2 <unfinished ...>
17032 <... select resumed> )            = 0 (Timeout)
17033 <... write resumed> )             = 2
17032 clock_gettime(CLOCK_MONOTONIC,  <unfinished ...>
17033 read(7,  <unfinished ...>
17032 <... clock_gettime resumed> {4903, 527151219}) = 0
17033 <... read resumed> "nux.go\2\376\2\26\"\".Cgroupfs\0\0\340\1\0\0\340\1dH\213"..., 32768) = 32768
17032 clock_gettime(CLOCK_REALTIME,  <unfinished ...>
17033 write(6, "8000\r\npping\0\0\0\226\37\10\32\0\0\36type.\"\".Byt"..., 4096 <unfinished ...>
17032 <... clock_gettime resumed> {1465918769, 311184740}) = 0
17033 <... write resumed> )             = 4096
17032 select(0, NULL, NULL, NULL, {0, 20} <unfinished ...>
17031 <... select resumed> )            = 0 (Timeout)
17033 write(6, "\0\0\2rtype.github.com/vishvananda/"..., 28678 <unfinished ...>
17031 read(7,  <unfinished ...>
17033 <... write resumed> )             = 28678
17031 <... read resumed> "H\211h\20H\213\254$\240\0\0\0H\211h H\213\254$\250\0\0\0\200=\0\0\0\0\0\17"..., 32768) = 32768
17033 write(6, "\r\n", 2 <unfinished ...>
17031 futex(0x21ef2b0, FUTEX_WAIT, 0, NULL <unfinished ...>
17033 <... write resumed> )             = 2
17033 futex(0x21ef2b0, FUTEX_WAKE, 1)   = 1
17032 <... select resumed> )            = 0 (Timeout)
17031 <... futex resumed> )             = 0
17031 select(0, NULL, NULL, NULL, {0, 100} <unfinished ...>
17033 write(6, "8000\r\nype.\"\".initer\0\n\"\".it\0\217\4\2 t"..., 4096 <unfinished ...>
17032 clock_gettime(CLOCK_MONOTONIC,  <unfinished ...>
17033 <... write resumed> )             = 4096
17032 <... clock_gettime resumed> {4903, 527356723}) = 0
17033 write(6, "\0\17\204E\1\0\0H\307\204$\220\0\0\0\1\0\0\0H\307\204$\230\0\0\0\1\0\0\0H"..., 28678 <unfinished ...>
17032 clock_gettime(CLOCK_REALTIME,  <unfinished ...>
17033 <... write resumed> )             = 28678
17032 <... clock_gettime resumed> {1465918769, 311383887}) = 0
17033 write(6, "\r\n", 2 <unfinished ...>
17032 select(0, NULL, NULL, NULL, {0, 20} <unfinished ...>
17033 <... write resumed> )             = 2
17033 read(7, "H\307\204$h\1\0\0\1\0\0\0H\211\234$X\1\0\0H\211\4$H\211T$\10\350\0\0"..., 32768) = 32768
17033 write(6, "8000\r\n\274$\350\0\0\0\17W\300H\203\307\320\350\0\0\0\0H\215\35\0\0\0\0H"..., 4096) = 4096
17031 <... select resumed> )            = 0 (Timeout)
17033 write(6, "\21G\370H\215\234$\30\1\0\0\306C\10\0H\213l$PH\211k\20H\213\254$\270\0\0\0"..., 28678 <unfinished ...>
17032 <... select resumed> )            = 0 (Timeout)
17031 read(7,  <unfinished ...>
17033 <... write resumed> )             = 28678
17032 clock_gettime(CLOCK_MONOTONIC,  <unfinished ...>
17031 <... read resumed> "\0Rgithub.com/vishvananda/netlink"..., 32768) = 32768
17033 write(6, "\r\n", 2 <unfinished ...>
17032 <... clock_gettime resumed> {4903, 527544466}) = 0
17031 futex(0x21ef2b0, FUTEX_WAIT, 0, NULL <unfinished ...>
17033 <... write resumed> )             = 2
17032 clock_gettime(CLOCK_REALTIME,  <unfinished ...>
17033 futex(0x21ef2b0, FUTEX_WAKE, 1 <unfinished ...>
17032 <... clock_gettime resumed> {1465918769, 311575671}) = 0
17033 <... futex resumed> )             = 1
17032 select(0, NULL, NULL, NULL, {0, 20} <unfinished ...>
17031 <... futex resumed> )             = 0
17033 write(6, "8000\r\nGodeps/_workspace/src/gith"..., 4096 <unfinished ...>
17031 select(0, NULL, NULL, NULL, {0, 100} <unfinished ...>
17033 <... write resumed> )             = 4096
17033 write(6, "ae09aea6c950f33bbc27842daf2e8ebc"..., 28678) = 28678
17033 write(6, "\r\n", 2)               = 2
17032 <... select resumed> )            = 0 (Timeout)
17033 read(7,  <unfinished ...>
17032 clock_gettime(CLOCK_MONOTONIC,  <unfinished ...>
17033 <... read resumed> "cd208efe70893f9ac8d682812ae72\0Tg"..., 32768) = 32768
17032 <... clock_gettime resumed> {4903, 527721725}) = 0
17033 write(6, "8000\r\ne\"\0\0\0\276\26\10\f\0\0004\"\".newSystemEr"..., 4096 <unfinished ...>
17032 clock_gettime(CLOCK_REALTIME,  <unfinished ...>
17033 <... write resumed> )             = 4096
17032 <... clock_gettime resumed> {1465918769, 311749778}) = 0
17033 write(6, "\0\0\0H\213D$\30\351U\377\377\377H\211\4$H\211l$\10\350\0\0\0\0H\213D$@"..., 28678 <unfinished ...>
17032 select(0, NULL, NULL, NULL, {0, 20} <unfinished ...>
17033 <... write resumed> )             = -1 EAGAIN (Resource temporarily unavailable)
17031 <... select resumed> )            = 0 (Timeout)
17033 read(7,  <unfinished ...>
17031 futex(0x21ef2b0, FUTEX_WAIT, 0, NULL <unfinished ...>
17033 <... read resumed> "\213\234$(\1\0\0H\213\254$\270\0\0\0H\211+H\213\254$\300\0\0\0\200=\0\0\0\0"..., 32768) = 32768
17033 futex(0xc82002ea10, FUTEX_WAIT, 0, NULL <unfinished ...>
17032 <... select resumed> )            = 0 (Timeout)
17032 clock_gettime(CLOCK_MONOTONIC, {4903, 527889885}) = 0
17032 futex(0x21ee760, FUTEX_WAIT, 0, {60, 0} <unfinished ...>
17035 <... epoll_wait resumed> {{EPOLLOUT, {u32=2134024192, u64=140606478393344}}}, 128, -1) = 1
17035 clock_gettime(CLOCK_MONOTONIC, {4903, 528890299}) = 0
17035 futex(0xc82002ea10, FUTEX_WAKE, 1) = 1
17033 <... futex resumed> )             = 0
17035 futex(0x21ee760, FUTEX_WAKE, 1 <unfinished ...>
17033 epoll_wait(5,  <unfinished ...>
17035 <... futex resumed> )             = 1
17033 <... epoll_wait resumed> {{EPOLLOUT, {u32=2134024192, u64=140606478393344}}}, 128, 0) = 1
17032 <... futex resumed> )             = 0
17035 write(6, "\0\0\0H\213D$\30\351U\377\377\377H\211\4$H\211l$\10\350\0\0\0\0H\213D$@"..., 28678 <unfinished ...>
17033 epoll_wait(5,  <unfinished ...>
17032 clock_gettime(CLOCK_MONOTONIC,  <unfinished ...>
17035 <... write resumed> )             = 28678
17032 <... clock_gettime resumed> {4903, 528990974}) = 0
17035 write(6, "\r\n", 2 <unfinished ...>
17032 clock_gettime(CLOCK_REALTIME,  <unfinished ...>
17035 <... write resumed> )             = 2
17032 <... clock_gettime resumed> {1465918769, 313015412}) = 0
17035 futex(0x21ef2b0, FUTEX_WAKE, 1 <unfinished ...>
17032 select(0, NULL, NULL, NULL, {0, 20} <unfinished ...>
17035 <... futex resumed> )             = 1
17031 <... futex resumed> )             = 0
17035 write(6, "8000\r\nf\2\177\6Z\2\35\10\r\5\24\0020\2\33\2\10\0020\4\227\1\2R\2\201"..., 4096 <unfinished ...>
17031 select(0, NULL, NULL, NULL, {0, 100} <unfinished ...>
17035 <... write resumed> )             = 4096
17035 write(6, "\376\377\3771\333H\211\234$\330\0\0\0H\211\234$\340\0\0\0H\201\304\310\0\0\0\303H\211\34"..., 28678) = 28678
17035 write(6, "\r\n", 2 <unfinished ...>
17032 <... select resumed> )            = 0 (Timeout)
17035 <... write resumed> )             = 2
17032 clock_gettime(CLOCK_MONOTONIC,  <unfinished ...>
17035 read(7,  <unfinished ...>
17032 <... clock_gettime resumed> {4903, 529160963}) = 0
17035 <... read resumed> "\4\0\0H\211\234$\220\4\0\0H\201\304X\4\0\0\303L\215C\20L\211\4$H\211l$\10"..., 32768) = 32768
17032 clock_gettime(CLOCK_REALTIME,  <unfinished ...>
17035 write(6, "8000\r\n\213\254$\200\3\0\0\17\266]0\200\373\0\17\204\235\0\0\0\350\0\0\0\0H"..., 4096 <unfinished ...>
17032 <... clock_gettime resumed> {1465918769, 313193192}) = 0
17035 <... write resumed> )             = 4096
17032 select(0, NULL, NULL, NULL, {0, 20} <unfinished ...>
17035 write(6, "iners/runc/libcontainer/configs."..., 28678 <unfinished ...>
17031 <... select resumed> )            = 0 (Timeout)
17035 <... write resumed> )             = 28678
17031 read(7,  <unfinished ...>
17035 write(6, "\r\n", 2 <unfinished ...>
17031 <... read resumed> "odeps/_workspace/src/github.com/"..., 32768) = 32768
17035 <... write resumed> )             = 2
17031 futex(0x21ef2b0, FUTEX_WAIT, 0, NULL <unfinished ...>
17032 <... select resumed> )            = 0 (Timeout)
17035 futex(0x21ef2b0, FUTEX_WAKE, 1 <unfinished ...>
17032 clock_gettime(CLOCK_MONOTONIC,  <unfinished ...>
17035 <... futex resumed> )             = 1
17032 <... clock_gettime resumed> {4903, 529335930}) = 0
17031 <... futex resumed> )             = 0
17035 write(6, "8000\r\n\211\234$x\2\0\0H\201\304X\2\0\0\303H\211\4$H\211l$\10\350\0"..., 4096 <unfinished ...>
17032 clock_gettime(CLOCK_REALTIME,  <unfinished ...>
17031 select(0, NULL, NULL, NULL, {0, 100} <unfinished ...>
17035 <... write resumed> )             = 4096
17032 <... clock_gettime resumed> {1465918769, 313361065}) = 0
17035 write(6, "devNullStat\0\277\4\2&type.syscall.Sta"..., 28678 <unfinished ...>
17032 select(0, NULL, NULL, NULL, {0, 20} <unfinished ...>
17035 <... write resumed> )             = 28678
17035 write(6, "\r\n", 2)               = 2
17035 read(7, "$\10\2\0\0H\203\370\0t\30H\211\204$\310\3\0\0H\211\224$\320\3\0\0H\201\304\270\3"..., 32768) = 32768
17035 write(6, "8000\r\nruntime.writeBarrier\0\0\0\306\4\10"..., 4096 <unfinished ...>
17032 <... select resumed> )            = 0 (Timeout)
17035 <... write resumed> )             = 4096
17032 clock_gettime(CLOCK_MONOTONIC,  <unfinished ...>
17035 write(6, "nt\0\36\"\".autotmp_2235\0?\2\34type.[2]s"..., 28678 <unfinished ...>
17032 <... clock_gettime resumed> {4903, 529497472}) = 0
17035 <... write resumed> )             = 28678
17032 clock_gettime(CLOCK_REALTIME, {1465918769, 313515505}) = 0
17035 write(6, "\r\n", 2 <unfinished ...>
17031 <... select resumed> )            = 0 (Timeout)
17035 <... write resumed> )             = 2
17032 select(0, NULL, NULL, NULL, {0, 20} <unfinished ...>
17031 read(7,  <unfinished ...>
17035 futex(0xc8200f6590, FUTEX_WAIT, 0, NULL <unfinished ...>
17031 <... read resumed> "\0\17\204\31\2\0\0H\307\307\1\0\0\0H\211\274$\340\0\0\0H\307\204$\350\0\0\0\1\0"..., 32768) = 32768
17031 futex(0xc8200f6590, FUTEX_WAKE, 1) = 1
17035 <... futex resumed> )             = 0
17031 write(6, "8000\r\n\333H\211\\$hH\211\\$pH\203\304H\303H\211|$0H\213\5\0\0"..., 4096 <unfinished ...>
17035 select(0, NULL, NULL, NULL, {0, 100} <unfinished ...>
17031 <... write resumed> )             = 4096
17032 <... select resumed> )            = 0 (Timeout)
17031 write(6, "t\30H\211\214$\230\0\0\0H\211\224$\240\0\0\0H\201\304\210\0\0\0\303H\203\370\1\17\204"..., 28678 <unfinished ...>
17032 clock_gettime(CLOCK_MONOTONIC,  <unfinished ...>
17031 <... write resumed> )             = 28678
17032 <... clock_gettime resumed> {4903, 529667979}) = 0
17031 write(6, "\r\n", 2 <unfinished ...>
17032 clock_gettime(CLOCK_REALTIME,  <unfinished ...>
17031 <... write resumed> )             = 2
17032 <... clock_gettime resumed> {1465918769, 313685637}) = 0
17031 read(7,  <unfinished ...>
17032 select(0, NULL, NULL, NULL, {0, 20} <unfinished ...>
17031 <... read resumed> "deccccebe80329f1fdbee7f5874cb\0\0\0"..., 32768) = 32768
17031 write(6, "8000\r\n\0\0\0\0H;a\20\17\206\316\0\0\0H\203\354X1\300H\307D$(\1"..., 4096) = 4096
17031 write(6, "5073009fd67170948d0\0Tgclocals\302\2673"..., 28678) = -1 EAGAIN (Resource temporarily unavailable)
17031 read(7, "$H\213\\$(H\213[P\377\323H\213T$\10H\213L$\20H\213D$\30H\211T$8"..., 32768) = 32768
17031 futex(0x21ef2b0, FUTEX_WAIT, 0, NULL <unfinished ...>
17035 <... select resumed> )            = 0 (Timeout)
17032 <... select resumed> )            = 0 (Timeout)
17035 futex(0xc8200f6590, FUTEX_WAIT, 0, NULL <unfinished ...>
17032 clock_gettime(CLOCK_MONOTONIC, {4903, 529833181}) = 0
17032 futex(0x21ee760, FUTEX_WAIT, 0, {60, 0} <unfinished ...>
17033 <... epoll_wait resumed> {{EPOLLOUT, {u32=2134024192, u64=140606478393344}}}, 128, -1) = 1
17033 clock_gettime(CLOCK_MONOTONIC, {4903, 531659962}) = 0
17033 futex(0xc8200f6590, FUTEX_WAKE, 1 <unfinished ...>
17035 <... futex resumed> )             = 0
17033 <... futex resumed> )             = 1
17035 epoll_wait(5,  <unfinished ...>
17033 futex(0x21ee760, FUTEX_WAKE, 1 <unfinished ...>
17035 <... epoll_wait resumed> {{EPOLLOUT, {u32=2134024192, u64=140606478393344}}}, 128, 0) = 1
17033 <... futex resumed> )             = 1
17032 <... futex resumed> )             = 0
17035 sched_yield( <unfinished ...>
17033 write(6, "5073009fd67170948d0\0Tgclocals\302\2673"..., 28678 <unfinished ...>
17035 <... sched_yield resumed> )       = 0
17032 clock_gettime(CLOCK_MONOTONIC,  <unfinished ...>
17035 futex(0x21ee6a0, FUTEX_WAKE, 1 <unfinished ...>
17033 <... write resumed> )             = 28678
17032 <... clock_gettime resumed> {4903, 531840421}) = 0
17033 write(6, "\r\n", 2 <unfinished ...>
17032 clock_gettime(CLOCK_REALTIME,  <unfinished ...>
17035 <... futex resumed> )             = 0
17033 <... write resumed> )             = 2
17032 <... clock_gettime resumed> {1465918769, 315967643}) = 0
17035 epoll_wait(5,  <unfinished ...>
17033 futex(0x21ef2b0, FUTEX_WAKE, 1 <unfinished ...>
17032 select(0, NULL, NULL, NULL, {0, 20} <unfinished ...>
17033 <... futex resumed> )             = 1
17031 <... futex resumed> )             = 0
17031 select(0, NULL, NULL, NULL, {0, 100} <unfinished ...>
17033 ioctl(0, TIOCGWINSZ, {ws_row=35, ws_col=112, ws_xpixel=0, ws_ypixel=0}) = 0
17032 <... select resumed> )            = 0 (Timeout)
17033 ioctl(0, TIOCGWINSZ <unfinished ...>
17032 clock_gettime(CLOCK_MONOTONIC,  <unfinished ...>
17033 <... ioctl resumed> , {ws_row=35, ws_col=112, ws_xpixel=0, ws_ypixel=0}) = 0
17032 <... clock_gettime resumed> {4903, 532263547}) = 0
17033 write(1, "Sending build context to Docker "..., 48 <unfinished ...>
17032 clock_gettime(CLOCK_REALTIME,  <unfinished ...>
17031 <... select resumed> )            = 0 (Timeout)
17033 <... write resumed> )             = 48
17032 <... clock_gettime resumed> {1465918769, 316312628}) = 0
17035 <... epoll_wait resumed> {{EPOLLOUT, {u32=2134024192, u64=140606478393344}}}, 128, -1) = 1
17031 read(7,  <unfinished ...>
17035 epoll_wait(5,  <unfinished ...>
17033 write(6, "8000\r\nestoredState\0\2\240\3\0\0\240\3dH\213\f%\0"..., 4096 <unfinished ...>
17032 select(0, NULL, NULL, NULL, {0, 20} <unfinished ...>
17031 <... read resumed> "\0\0\0\0\0$\0\0\0\0\0\0\0\2\0\20\2\0\0`go.string.\"g"..., 32768) = 32768
17035 <... epoll_wait resumed> {{EPOLLOUT, {u32=2134024192, u64=140606478393344}}}, 128, -1) = 1
17033 <... write resumed> )             = 4096
17031 futex(0x21ef2b0, FUTEX_WAIT, 0, NULL <unfinished ...>
17035 epoll_wait(5,  <unfinished ...>
17033 write(6, "ners/runc/libcontainer/configs.N"..., 28678) = 28678
17032 <... select resumed> )            = 0 (Timeout)
17033 write(6, "\r\n", 2 <unfinished ...>
17032 clock_gettime(CLOCK_MONOTONIC,  <unfinished ...>
17033 <... write resumed> )             = 2
17032 <... clock_gettime resumed> {4903, 532627412}) = 0
17033 futex(0x21ef2b0, FUTEX_WAKE, 1 <unfinished ...>
17032 clock_gettime(CLOCK_REALTIME,  <unfinished ...>
17033 <... futex resumed> )             = 1
17032 <... clock_gettime resumed> {1465918769, 316653305}) = 0
17031 <... futex resumed> )             = 0
17033 write(6, "8000\r\ncom/opencontainers/runc/Go"..., 4096 <unfinished ...>
17032 select(0, NULL, NULL, NULL, {0, 20} <unfinished ...>
17031 select(0, NULL, NULL, NULL, {0, 100} <unfinished ...>
17033 <... write resumed> )             = 4096
17033 write(6, "\f\"\".err\0000\4\24type.error\0\24\"\".proces"..., 28678) = 28678
17033 write(6, "\r\n", 2)               = 2
17033 read(7,  <unfinished ...>
17032 <... select resumed> )            = 0 (Timeout)
17033 <... read resumed> "ner\"\0\6 \0\0 \0\0\0\0\0\0\0\0\f\0\0\0\0\0\0\0\2\0\20\2\0\0"..., 32768) = 32768
17032 clock_gettime(CLOCK_MONOTONIC,  <unfinished ...>
17033 write(6, "8000\r\n-namespaces\0\0\376\0208go.string."..., 4096 <unfinished ...>
17032 <... clock_gettime resumed> {4903, 532810673}) = 0
17033 <... write resumed> )             = 4096
17032 clock_gettime(CLOCK_REALTIME,  <unfinished ...>
17033 write(6, "\0\0\1\0\0\0\1\0\0\0\1\0\0\0\1\0\0\0\1\0\0\0\1\0\0\0\1\0\0\0\1\0"..., 28678 <unfinished ...>
17032 <... clock_gettime resumed> {1465918769, 316832813}) = 0
17031 <... select resumed> )            = 0 (Timeout)
17033 <... write resumed> )             = 28678
17032 select(0, NULL, NULL, NULL, {0, 20} <unfinished ...>
17031 read(7,  <unfinished ...>
17033 write(6, "\r\n", 2 <unfinished ...>
17031 <... read resumed> "locals\302\267253f6ee05da4124717899217"..., 32768) = 32768
17033 <... write resumed> )             = 2
17031 futex(0x21ef2b0, FUTEX_WAIT, 0, NULL <unfinished ...>
17033 futex(0x21ef2b0, FUTEX_WAKE, 1)   = 1
17031 <... futex resumed> )             = 0
17031 select(0, NULL, NULL, NULL, {0, 100} <unfinished ...>
17033 write(6, "8000\r\n process\"\0\6 \0\0 \0\0\0\0\0\0\0\0#\0\0"..., 4096 <unfinished ...>
17032 <... select resumed> )            = 0 (Timeout)
17033 <... write resumed> )             = 4096
17032 clock_gettime(CLOCK_MONOTONIC,  <unfinished ...>
17033 write(6, "fcc95680de32d6e899df610569cd199b"..., 28678 <unfinished ...>
17032 <... clock_gettime resumed> {4903, 533037941}) = 0
17033 <... write resumed> )             = 28678
17032 clock_gettime(CLOCK_REALTIME,  <unfinished ...>
17033 write(6, "\r\n", 2 <unfinished ...>
17032 <... clock_gettime resumed> {1465918769, 317061767}) = 0
17033 <... write resumed> )             = 2
17032 select(0, NULL, NULL, NULL, {0, 20} <unfinished ...>
17033 read(7, "\302\267f\0\2\20\0\0\20\0\0\0\0\0\0\0\0\2\0\20\2\0\0\34\"\".notif"..., 32768) = 32768
17033 write(6, "8000\r\n\0\0\0\0\0\0\4\0\20\2\0\0004go.string.\"/s"..., 4096) = 4096
17031 <... select resumed> )            = 0 (Timeout)
17033 write(6, "\0\0J\"\".(*linuxContainer).newParen"..., 28678 <unfinished ...>
17031 read(7,  <unfinished ...>
17033 <... write resumed> )             = 28678
17032 <... select resumed> )            = 0 (Timeout)
17031 <... read resumed> "*\"\".linuxConsole, int) (*os.File"..., 32768) = 32768
17033 write(6, "\r\n", 2 <unfinished ...>
17032 clock_gettime(CLOCK_MONOTONIC,  <unfinished ...>
17031 futex(0x21ef2b0, FUTEX_WAIT, 0, NULL <unfinished ...>
17033 <... write resumed> )             = 2
17032 <... clock_gettime resumed> {4903, 533221555}) = 0
17033 futex(0x21ef2b0, FUTEX_WAKE, 1 <unfinished ...>
17032 clock_gettime(CLOCK_REALTIME,  <unfinished ...>
17033 <... futex resumed> )             = 1
17032 <... clock_gettime resumed> {1465918769, 317245709}) = 0
17031 <... futex resumed> )             = 0
17033 write(6, "8000\r\nibcontainer.whitelist) err"..., 4096 <unfinished ...>
17032 select(0, NULL, NULL, NULL, {0, 20} <unfinished ...>
17031 select(0, NULL, NULL, NULL, {0, 100} <unfinished ...>
17033 <... write resumed> )             = 4096
17033 write(6, "]capability.Cap\0\0\376\20ltype.*[0]git"..., 28678) = 28678
17033 write(6, "\r\n", 2)               = 2
17033 read(7,  <unfinished ...>
17032 <... select resumed> )            = 0 (Timeout)
17033 <... read resumed> "ocals\302\2673bb21ca8fe1d99a3e492463bd"..., 32768) = 32768
17032 clock_gettime(CLOCK_MONOTONIC,  <unfinished ...>
17033 write(6, "8000\r\n01\0\0\0P\20\2\0\0Vgo.string.hdr.\""..., 4096 <unfinished ...>
17032 <... clock_gettime resumed> {4903, 533396219}) = 0
17033 <... write resumed> )             = 4096
17032 clock_gettime(CLOCK_REALTIME,  <unfinished ...>
17033 write(6, " error\0\2\220\2\0\0\220\2\10\0\0\0\0\0\0\0\10\0\0\0\0\0\0\0)\260"..., 28678 <unfinished ...>
17032 <... clock_gettime resumed> {1465918769, 317417381}) = 0
17033 <... write resumed> )             = -1 EAGAIN (Resource temporarily unavailable)
17032 select(0, NULL, NULL, NULL, {0, 20} <unfinished ...>
17031 <... select resumed> )            = 0 (Timeout)
17033 read(7,  <unfinished ...>
17031 futex(0x21ef2b0, FUTEX_WAIT, 0, NULL <unfinished ...>
17033 <... read resumed> "\0\1\0\0\0\0\0\0\0\0\0\0\0\0\0\0\0\0\0\0\0\0\0\0\0\0\0\0\0\0\0\0"..., 32768) = 32768
17033 futex(0xc82002ea10, FUTEX_WAIT, 0, NULL <unfinished ...>
17032 <... select resumed> )            = 0 (Timeout)
17032 clock_gettime(CLOCK_MONOTONIC, {4903, 533562850}) = 0
17032 futex(0x21ee760, FUTEX_WAIT, 0, {60, 0} <unfinished ...>
17035 <... epoll_wait resumed> {{EPOLLOUT, {u32=2134024192, u64=140606478393344}}}, 128, -1) = 1
17035 clock_gettime(CLOCK_MONOTONIC, {4903, 534524163}) = 0
17035 futex(0xc82002ea10, FUTEX_WAKE, 1) = 1
17033 <... futex resumed> )             = 0
17035 futex(0x21ee760, FUTEX_WAKE, 1 <unfinished ...>
17033 epoll_wait(5,  <unfinished ...>
17035 <... futex resumed> )             = 1
17033 <... epoll_wait resumed> {{EPOLLOUT, {u32=2134024192, u64=140606478393344}}}, 128, 0) = 1
17032 <... futex resumed> )             = 0
17035 write(6, " error\0\2\220\2\0\0\220\2\10\0\0\0\0\0\0\0\10\0\0\0\0\0\0\0)\260"..., 28678 <unfinished ...>
17033 epoll_wait(5,  <unfinished ...>
17032 clock_gettime(CLOCK_MONOTONIC,  <unfinished ...>
17035 <... write resumed> )             = 28678
17032 <... clock_gettime resumed> {4903, 534624597}) = 0
17035 write(6, "\r\n", 2 <unfinished ...>
17032 clock_gettime(CLOCK_REALTIME,  <unfinished ...>
17035 <... write resumed> )             = 2
17032 <... clock_gettime resumed> {1465918769, 318647881}) = 0
17035 futex(0x21ef2b0, FUTEX_WAKE, 1 <unfinished ...>
17032 select(0, NULL, NULL, NULL, {0, 20} <unfinished ...>
17035 <... futex resumed> )             = 1
17031 <... futex resumed> )             = 0
17035 write(6, "8000\r\nsOperations\0\0\0\376\20\\go.string"..., 4096 <unfinished ...>
17031 select(0, NULL, NULL, NULL, {0, 100} <unfinished ...>
17035 <... write resumed> )             = 4096
17035 write(6, "g.\"func(libcontainer.Process) (i"..., 28678) = 28678
17035 write(6, "\r\n", 2 <unfinished ...>
17032 <... select resumed> )            = 0 (Timeout)
17035 <... write resumed> )             = 2
17032 clock_gettime(CLOCK_MONOTONIC,  <unfinished ...>
17035 read(7,  <unfinished ...>
17032 <... clock_gettime resumed> {4903, 534797153}) = 0
17035 <... read resumed> "lDescriptors\"\0\0060\0\0(ExternalDescr"..., 32768) = 32768
17032 clock_gettime(CLOCK_REALTIME,  <unfinished ...>
17035 write(6, "8000\r\n.string.hdr.\"map.bucket[st"..., 4096 <unfinished ...>
17032 <... clock_gettime resumed> {1465918769, 318826726}) = 0
17035 <... write resumed> )             = 4096
17032 select(0, NULL, NULL, NULL, {0, 20} <unfinished ...>
17035 write(6, "igs.NamespaceType\"\0\0\0\376\20Hgo.strin"..., 28678 <unfinished ...>
17031 <... select resumed> )            = 0 (Timeout)
17035 <... write resumed> )             = 28678
17031 read(7,  <unfinished ...>
17035 write(6, "\r\n", 2 <unfinished ...>
17031 <... read resumed> "*libcontainer.initConfig\"\0\6 \0\0 \0"..., 32768) = 32768
17035 <... write resumed> )             = 2
17031 futex(0x21ef2b0, FUTEX_WAIT, 0, NULL <unfinished ...>
17035 futex(0x21ef2b0, FUTEX_WAKE, 1 <unfinished ...>
17032 <... select resumed> )            = 0 (Timeout)
17035 <... futex resumed> )             = 1
17032 clock_gettime(CLOCK_MONOTONIC,  <unfinished ...>
17031 <... futex resumed> )             = 0
17035 write(6, "8000\r\nc.CriuReq\0\0\0\240\2\20\2\0\0\"type.*\""..., 4096 <unfinished ...>
17032 <... clock_gettime resumed> {4903, 534986633}) = 0
17031 select(0, NULL, NULL, NULL, {0, 100} <unfinished ...>
17035 <... write resumed> )             = 4096
17032 clock_gettime(CLOCK_REALTIME,  <unfinished ...>
17035 write(6, "\0\0\0@\20\2\0\0\"runtime.gcbits.01\0\0\0P\20\2"..., 28678 <unfinished ...>
17032 <... clock_gettime resumed> {1465918769, 319020447}) = 0
17035 <... write resumed> )             = 28678
17032 select(0, NULL, NULL, NULL, {0, 20} <unfinished ...>
17035 write(6, "\r\n", 2)               = 2
17035 read(7, ".linuxContainer, map[github.com/"..., 32768) = 32768
17035 write(6, "8000\r\n\"\".setnsProcess) []string\0"..., 4096 <unfinished ...>
17032 <... select resumed> )            = 0 (Timeout)
17035 <... write resumed> )             = 4096
17032 clock_gettime(CLOCK_MONOTONIC,  <unfinished ...>
17035 write(6, "essState, error)\"\0\6 \0\0 \0\0\0\0\0\0\0\0:"..., 28678 <unfinished ...>
17032 <... clock_gettime resumed> {4903, 535162364}) = 0
17031 <... select resumed> )            = 0 (Timeout)
17035 <... write resumed> )             = 28678
17032 clock_gettime(CLOCK_REALTIME,  <unfinished ...>
17031 read(7,  <unfinished ...>
17035 write(6, "\r\n", 2 <unfinished ...>
17032 <... clock_gettime resumed> {1465918769, 319192533}) = 0
17031 <... read resumed> "ainer.Process, bool) (libcontain"..., 32768) = 32768
17035 <... write resumed> )             = 2
17032 select(0, NULL, NULL, NULL, {0, 20} <unfinished ...>
17031 futex(0x21ef2b0, FUTEX_WAIT, 0, NULL <unfinished ...>
17035 futex(0x21ef2b0, FUTEX_WAKE, 1 <unfinished ...>
17031 <... futex resumed> )             = -1 EAGAIN (Resource temporarily unavailable)
17035 <... futex resumed> )             = 0
17031 select(0, NULL, NULL, NULL, {0, 100} <unfinished ...>
17035 write(6, "8000\r\n, error)\0\0\0\300\1\20\2\240\2\0\200\1type.f"..., 4096) = 4096
17035 write(6, "\0\376\20\272\1go.string.\"func(*libcontain"..., 28678) = 28678
17032 <... select resumed> )            = 0 (Timeout)
17035 write(6, "\r\n", 2 <unfinished ...>
17032 clock_gettime(CLOCK_MONOTONIC,  <unfinished ...>
17035 <... write resumed> )             = 2
17032 <... clock_gettime resumed> {4903, 535352189}) = 0
17035 read(7,  <unfinished ...>
17032 clock_gettime(CLOCK_REALTIME,  <unfinished ...>
17035 <... read resumed> "\200\2\20\2\0\0,type.\"\".containerState\0\0\0"..., 32768) = 32768
17032 <... clock_gettime resumed> {1465918769, 319366750}) = 0
17035 write(6, "8000\r\nlocals\302\2670ebb2d1da58c1b4224"..., 4096 <unfinished ...>
17032 select(0, NULL, NULL, NULL, {0, 20} <unfinished ...>
17035 <... write resumed> )             = 4096
17035 write(6, "\20zgo.typelink.func() libcontaine"..., 28678 <unfinished ...>
17031 <... select resumed> )            = 0 (Timeout)
17035 <... write resumed> )             = -1 EAGAIN (Resource temporarily unavailable)
17031 read(7,  <unfinished ...>
17035 futex(0xc8200f6590, FUTEX_WAIT, 0, NULL <unfinished ...>
17031 <... read resumed> ".networkStrategy\"\0\6@\0\0:libcontai"..., 32768) = 32768
17031 futex(0x21ef2b0, FUTEX_WAIT, 0, NULL <unfinished ...>
17032 <... select resumed> )            = 0 (Timeout)
17032 clock_gettime(CLOCK_MONOTONIC, {4903, 535516927}) = 0
17032 futex(0x21ee760, FUTEX_WAIT, 0, {60, 0} <unfinished ...>
17033 <... epoll_wait resumed> {{EPOLLOUT, {u32=2134024192, u64=140606478393344}}}, 128, -1) = 1
17033 clock_gettime(CLOCK_MONOTONIC, {4903, 536459168}) = 0
17033 futex(0x21ef2b0, FUTEX_WAKE, 1)   = 1
17031 <... futex resumed> )             = 0
17033 futex(0x21ee760, FUTEX_WAKE, 1 <unfinished ...>
17031 epoll_wait(5,  <unfinished ...>
17033 <... futex resumed> )             = 1
17032 <... futex resumed> )             = 0
17031 <... epoll_wait resumed> {{EPOLLOUT, {u32=2134024192, u64=140606478393344}}}, 128, 0) = 1
17033 write(6, "\20zgo.typelink.func() libcontaine"..., 28678 <unfinished ...>
17032 clock_gettime(CLOCK_MONOTONIC,  <unfinished ...>
17031 epoll_wait(5,  <unfinished ...>
17033 <... write resumed> )             = 28678
17032 <... clock_gettime resumed> {4903, 536552250}) = 0
17033 write(6, "\r\n", 2 <unfinished ...>
17032 clock_gettime(CLOCK_REALTIME,  <unfinished ...>
17033 <... write resumed> )             = 2
17032 <... clock_gettime resumed> {1465918769, 320573105}) = 0
17033 futex(0xc8200f6590, FUTEX_WAKE, 1 <unfinished ...>
17032 select(0, NULL, NULL, NULL, {0, 20} <unfinished ...>
17035 <... futex resumed> )             = 0
17033 <... futex resumed> )             = 1
17035 select(0, NULL, NULL, NULL, {0, 100} <unfinished ...>
17033 write(6, "8000\r\n\0\0\0\0\0\0\0\0\0\0\0\0\0\0\0\0\0\0\0\0\0\0\0\0\0\0"..., 4096) = 4096
17033 write(6, "/criurpc.CgroupRoot\0\2\220\1\0\0\220\1\30\0\0\0\0"..., 28678) = 28678
17033 write(6, "\r\n", 2 <unfinished ...>
17032 <... select resumed> )            = 0 (Timeout)
17033 <... write resumed> )             = 2
17032 clock_gettime(CLOCK_MONOTONIC,  <unfinished ...>
17033 read(7,  <unfinished ...>
17032 <... clock_gettime resumed> {4903, 536715245}) = 0
17033 <... read resumed> "t32msg) int\0\0\0\220\1\20\2\360\1\0006type.func("..., 32768) = 32768
17032 clock_gettime(CLOCK_REALTIME,  <unfinished ...>
17033 write(6, "8000\r\n\20\2\0\0*type.*\"\".stoppedState"..., 4096 <unfinished ...>
17032 <... clock_gettime resumed> {1465918769, 320747466}) = 0
17033 <... write resumed> )             = 4096
17032 select(0, NULL, NULL, NULL, {0, 20} <unfinished ...>
17035 <... select resumed> )            = 0 (Timeout)
17033 write(6, "\0\376\20\322\1go.typelink.[6]configs.Name"..., 28678 <unfinished ...>
17035 read(7,  <unfinished ...>
17033 <... write resumed> )             = 28678
17035 <... read resumed> "\0\0\0\0\0\0\0\0\0\0\0\0\0\0\0\0\0\0\0\0\0\0\0\0\0\0\0\0\0\0\0\0"..., 32768) = 32768
17033 write(6, "\r\n", 2 <unfinished ...>
17035 futex(0xc8200f6590, FUTEX_WAIT, 0, NULL <unfinished ...>
17033 <... write resumed> )             = 2
17032 <... select resumed> )            = 0 (Timeout)
17033 futex(0xc8200f6590, FUTEX_WAKE, 1 <unfinished ...>
17032 clock_gettime(CLOCK_MONOTONIC,  <unfinished ...>
17035 <... futex resumed> )             = 0
17033 <... futex resumed> )             = 1
17032 <... clock_gettime resumed> {4903, 536902608}) = 0
17035 select(0, NULL, NULL, NULL, {0, 100} <unfinished ...>
17033 write(6, "8000\r\n) error\0\0\0\320\6\20\2\0\0*go.string"..., 4096 <unfinished ...>
17032 clock_gettime(CLOCK_REALTIME,  <unfinished ...>
17033 <... write resumed> )             = 4096
17032 <... clock_gettime resumed> {1465918769, 320932189}) = 0
17033 write(6, "*func(*\"\".LinuxFactory) string\0\0"..., 28678 <unfinished ...>
17032 select(0, NULL, NULL, NULL, {0, 20} <unfinished ...>
17033 <... write resumed> )             = 28678
17033 write(6, "\r\n", 2 <unfinished ...>
17032 <... select resumed> )            = 0 (Timeout)
17033 <... write resumed> )             = 2
17032 clock_gettime(CLOCK_MONOTONIC,  <unfinished ...>
17033 read(7,  <unfinished ...>
17032 <... clock_gettime resumed> {4903, 537034916}) = 0
17033 <... read resumed> "g]*int\0\2\360\10\0\0\360\10`\0\0\0\0\0\0\0@\0\0\0\0\0\0\0\350\335"..., 32768) = 32768
17032 clock_gettime(CLOCK_REALTIME,  <unfinished ...>
17033 write(6, "8000\r\ne, libcontainer.containerS"..., 4096 <unfinished ...>
17032 <... clock_gettime resumed> {1465918769, 321062564}) = 0
17035 <... select resumed> )            = 0 (Timeout)
17032 select(0, NULL, NULL, NULL, {0, 20} <unfinished ...>
17033 <... write resumed> )             = 4096
17035 read(7,  <unfinished ...>
17033 write(6, "\0\0\0\27\0\0\0\0\0\0\0\2\0\20\2\0\0Fgo.string.\"*ma"..., 28678 <unfinished ...>
17035 <... read resumed> "egy\0\0\0\200\1\20\2\0\0\26type.string\0\0\0\220\1\20\2\0"..., 32768) = 32768
17033 <... write resumed> )             = 28678
17035 futex(0xc8200f6590, FUTEX_WAIT, 0, NULL <unfinished ...>
17033 write(6, "\r\n", 2)               = 2
17033 futex(0xc8200f6590, FUTEX_WAKE, 1 <unfinished ...>
17035 <... futex resumed> )             = 0
17033 <... futex resumed> )             = 1
17032 <... select resumed> )            = 0 (Timeout)
17035 select(0, NULL, NULL, NULL, {0, 100} <unfinished ...>
17033 ioctl(0, TIOCGWINSZ <unfinished ...>
17032 clock_gettime(CLOCK_MONOTONIC,  <unfinished ...>
17033 <... ioctl resumed> , {ws_row=35, ws_col=112, ws_xpixel=0, ws_ypixel=0}) = 0
17032 <... clock_gettime resumed> {4903, 537218986}) = 0
17033 ioctl(0, TIOCGWINSZ <unfinished ...>
17032 clock_gettime(CLOCK_REALTIME,  <unfinished ...>
17033 <... ioctl resumed> , {ws_row=35, ws_col=112, ws_xpixel=0, ws_ypixel=0}) = 0
17032 <... clock_gettime resumed> {1465918769, 321240492}) = 0
17033 write(1, "Sending build context to Docker "..., 48 <unfinished ...>
17032 select(0, NULL, NULL, NULL, {0, 20} <unfinished ...>
17033 <... write resumed> )             = 48
17035 <... select resumed> )            = 0 (Timeout)
17032 <... select resumed> )            = 0 (Timeout)
17033 write(6, "8000\r\n>go.string.\"*libcontainer."..., 4096 <unfinished ...>
17035 read(7,  <unfinished ...>
17032 clock_gettime(CLOCK_MONOTONIC,  <unfinished ...>
17033 <... write resumed> )             = 4096
17035 <... read resumed> "or\0\0\0\376\20bgo.string.hdr.\"libcontai"..., 32768) = 29796
17033 write(6, "ak.type.***github.com/opencontai"..., 28678 <unfinished ...>
17032 <... clock_gettime resumed> {4903, 537780873}) = 0
17035 read(7, "", 2972)                 = 0
17033 <... write resumed> )             = 28678
17032 clock_gettime(CLOCK_REALTIME,  <unfinished ...>
17035 close(7 <unfinished ...>
17033 write(6, "\r\n", 2 <unfinished ...>
17032 <... clock_gettime resumed> {1465918769, 321825343}) = 0
17035 <... close resumed> )             = 0
17033 <... write resumed> )             = 2
17032 select(0, NULL, NULL, NULL, {0, 20} <unfinished ...>
17035 futex(0xc8200f6590, FUTEX_WAIT, 0, NULL <unfinished ...>
17033 futex(0xc8200f6590, FUTEX_WAKE, 1 <unfinished ...>
17035 <... futex resumed> )             = -1 EAGAIN (Resource temporarily unavailable)
17033 <... futex resumed> )             = 0
17035 select(0, NULL, NULL, NULL, {0, 100} <unfinished ...>
17033 write(6, "8000\r\n\0\0\0\0\0\1\0\0\0\0\0\0\0\0\0\0\0\0\0\0\0\0\0\0\0\0"..., 4096) = 4096
17033 write(6, "][2]string\"\0\0\0\376\20.go.string.\"[][2"..., 28678 <unfinished ...>
17032 <... select resumed> )            = 0 (Timeout)
17033 <... write resumed> )             = 28678
17032 clock_gettime(CLOCK_MONOTONIC,  <unfinished ...>
17033 write(6, "\r\n", 2 <unfinished ...>
17032 <... clock_gettime resumed> {4903, 537991928}) = 0
17033 <... write resumed> )             = 2
17032 clock_gettime(CLOCK_REALTIME,  <unfinished ...>
17033 lstat("/home/hmeng/go/src/github.com/opencontainers/runc/Godeps/_workspace/pkg/linux_amd64/github.com/opencontainers/runtime-spec",  <unfinished ...>
17032 <... clock_gettime resumed> {1465918769, 322026075}) = 0
17033 <... lstat resumed> {st_mode=S_IFDIR|0775, st_size=23, ...}) = 0
17032 select(0, NULL, NULL, NULL, {0, 20} <unfinished ...>
17035 <... select resumed> )            = 0 (Timeout)
17033 lstat("/home/hmeng/go/src/github.com/opencontainers/runc/Godeps/_workspace/pkg/linux_amd64/github.com/opencontainers/runtime-spec",  <unfinished ...>
17035 futex(0xc8200f6590, FUTEX_WAIT, 0, NULL <unfinished ...>
17033 <... lstat resumed> {st_mode=S_IFDIR|0775, st_size=23, ...}) = 0
17033 lgetxattr("/home/hmeng/go/src/github.com/opencontainers/runc/Godeps/_workspace/pkg/linux_amd64/github.com/opencontainers/runtime-spec", "security.capability", 0xc820171e80, 128) = -1 ENODATA (No data available)
17032 <... select resumed> )            = 0 (Timeout)
17033 openat(AT_FDCWD, "/home/hmeng/go/src/github.com/opencontainers/runc/Godeps/_workspace/pkg/linux_amd64/github.com/opencontainers/runtime-spec", O_RDONLY|O_CLOEXEC <unfinished ...>
17032 clock_gettime(CLOCK_MONOTONIC,  <unfinished ...>
17033 <... openat resumed> )            = 7
17032 <... clock_gettime resumed> {4903, 538220178}) = 0
17033 getdents64(7,  <unfinished ...>
17032 clock_gettime(CLOCK_REALTIME,  <unfinished ...>
17033 <... getdents64 resumed> /* 3 entries */, 4096) = 80
17032 <... clock_gettime resumed> {1465918769, 322250940}) = 0
17033 getdents64(7,  <unfinished ...>
17032 select(0, NULL, NULL, NULL, {0, 20} <unfinished ...>
17033 <... getdents64 resumed> /* 0 entries */, 4096) = 0
17033 close(7)                          = 0
17033 lstat("/home/hmeng/go/src/github.com/opencontainers/runc/Godeps/_workspace/pkg/linux_amd64/github.com/opencontainers/runtime-spec/specs-go.a", {st_mode=S_IFREG|0664, st_size=155714, ...}) = 0
17033 lstat("/home/hmeng/go/src/github.com/opencontainers/runc/Godeps/_workspace/pkg/linux_amd64/github.com/opencontainers/runtime-spec/specs-go.a",  <unfinished ...>
17032 <... select resumed> )            = 0 (Timeout)
17033 <... lstat resumed> {st_mode=S_IFREG|0664, st_size=155714, ...}) = 0
17032 clock_gettime(CLOCK_MONOTONIC,  <unfinished ...>
17033 lgetxattr("/home/hmeng/go/src/github.com/opencontainers/runc/Godeps/_workspace/pkg/linux_amd64/github.com/opencontainers/runtime-spec/specs-go.a", "security.capability" <unfinished ...>
17032 <... clock_gettime resumed> {4903, 539043765}) = 0
17033 <... lgetxattr resumed> , 0xc820171f80, 128) = -1 ENODATA (No data available)
17032 clock_gettime(CLOCK_REALTIME,  <unfinished ...>
17033 openat(AT_FDCWD, "/home/hmeng/go/src/github.com/opencontainers/runc/Godeps/_workspace/pkg/linux_amd64/github.com/opencontainers/runtime-spec/specs-go.a", O_RDONLY|O_CLOEXEC <unfinished ...>
17032 <... clock_gettime resumed> {1465918769, 327094651}) = 0
17031 <... epoll_wait resumed> {{EPOLLOUT, {u32=2134024192, u64=140606478393344}}}, 128, -1) = 1
17033 <... openat resumed> )            = 7
17032 select(0, NULL, NULL, NULL, {0, 20} <unfinished ...>
17033 read(7,  <unfinished ...>
17031 epoll_wait(5,  <unfinished ...>
17033 <... read resumed> "!<arch>\n__.PKGDEF       0       "..., 32768) = 32768
17032 <... select resumed> )            = 0 (Timeout)
17031 <... epoll_wait resumed> {{EPOLLOUT, {u32=2134024192, u64=140606478393344}}}, 128, -1) = 1
17033 futex(0xc8200f6590, FUTEX_WAKE, 1 <unfinished ...>
17031 epoll_wait(5,  <unfinished ...>
17033 <... futex resumed> )             = 1
17033 write(6, "8000\r\nName\302\267f\0\2\20\0\0\20\0\0\0\0\0\0\0\0\2\0\20\2\0"..., 4096) = 4096
17033 write(6, "tifyMemoryPressure\0\0\0\376\0202\"\".Conta"..., 28678) = 28678
17033 write(6, "\r\n", 2)               = 2
17033 read(7,  <unfinished ...>
17032 clock_gettime(CLOCK_MONOTONIC,  <unfinished ...>
17035 <... futex resumed> )             = 0
17033 <... read resumed> "ring.\"[]interface {}\"\0\0\0\376\0204go.st"..., 32768) = 32768
17032 <... clock_gettime resumed> {4903, 546132773}) = 0
17031 <... epoll_wait resumed> {{EPOLLOUT, {u32=2134024192, u64=140606478393344}}}, 128, -1) = 1
17035 futex(0xc8200f6590, FUTEX_WAIT, 0, NULL <unfinished ...>
17033 futex(0xc8200f6590, FUTEX_WAKE, 1 <unfinished ...>
17032 clock_gettime(CLOCK_REALTIME,  <unfinished ...>
17031 epoll_wait(5,  <unfinished ...>
17035 <... futex resumed> )             = -1 EAGAIN (Resource temporarily unavailable)
17033 <... futex resumed> )             = 0
17032 <... clock_gettime resumed> {1465918769, 330170685}) = 0
17031 <... epoll_wait resumed> {{EPOLLOUT, {u32=2134024192, u64=140606478393344}}}, 128, -1) = 1
17035 select(0, NULL, NULL, NULL, {0, 100} <unfinished ...>
17033 write(6, "8000\r\n\".autotmp_0036\0\177\2\26type.str"..., 4096 <unfinished ...>
17032 select(0, NULL, NULL, NULL, {0, 20} <unfinished ...>
17031 epoll_wait(5,  <unfinished ...>
17033 <... write resumed> )             = 4096
17033 write(6, "\314\314\22\n\10\34\0\0\0\0\0\0l\10\f\0\0\36runtime.strhas"..., 28678) = 28678
17033 write(6, "\r\n", 2)               = 2
17033 read(7, "type.uintptr\0\0\0\340\5\20\2\0\0000go.string."..., 32768) = 32768
17033 write(6, "8000\r\n1\0\0\0P\20\2\0\0004go.string.hdr.\"s"..., 4096) = 4096
17032 <... select resumed> )            = 0 (Timeout)
17033 write(6, "\0\0\0\0\0\0\0\0\0\0\0\0\0\0\0\0\0\0\0\0\0\0\0\0\0\10\0\0\0\0\0\0"..., 28678) = 28678
17032 clock_gettime(CLOCK_MONOTONIC,  <unfinished ...>
17033 write(6, "\r\n", 2)               = 2
17032 <... clock_gettime resumed> {4903, 546357093}) = 0
17033 read(7,  <unfinished ...>
17035 <... select resumed> )            = 0 (Timeout)
17033 <... read resumed> "ecs.InterfacePriority\"\0\0\0p\20\2\0\0Fg"..., 32768) = 32768
17032 clock_gettime(CLOCK_REALTIME,  <unfinished ...>
17035 futex(0xc8200f6590, FUTEX_WAIT, 0, NULL <unfinished ...>
17033 futex(0xc8200f6590, FUTEX_WAKE, 1 <unfinished ...>
17035 <... futex resumed> )             = -1 EAGAIN (Resource temporarily unavailable)
17033 <... futex resumed> )             = 0
17032 <... clock_gettime resumed> {1465918769, 330400873}) = 0
17035 select(0, NULL, NULL, NULL, {0, 100} <unfinished ...>
17033 write(6, "8000\r\n\0\0\0\0\0\0\0\0\0\0\0\0\0\0\0\0\0\0\0\0\0\0\0\0\0\0"..., 4096) = 4096
17032 select(0, NULL, NULL, NULL, {0, 20} <unfinished ...>
17033 write(6, "\0\0\0\0\0\0\0\0\0\0\0\20\0\0\0\0\0\0\0\0\0\0\0\0\0\0\0\0\0\0\0\0"..., 28678) = 28678
17033 write(6, "\r\n", 2)               = 2
17033 read(7, "appings\"\0\0\0\240\2\20\2\0\0&type.[]\"\".IDMa"..., 32768) = 24642
17033 read(7, "", 8126)                 = 0
17033 close(7)                          = 0
17033 write(6, "8000\r\n.\"specs.Syscall\"\0\6 \0\0\34spec"..., 4096 <unfinished ...>
17032 <... select resumed> )            = 0 (Timeout)
17033 <... write resumed> )             = 4096
17033 write(6, "\0\6 \0\0 \0\0\0\0\0\0\0\0\f\0\0\0\0\0\0\0\2\0\20\2\0\0000go."..., 28678 <unfinished ...>
17032 clock_gettime(CLOCK_MONOTONIC,  <unfinished ...>
17033 <... write resumed> )             = 28678
17033 write(6, "\r\n", 2 <unfinished ...>
17032 <... clock_gettime resumed> {4903, 546597780}) = 0
17035 <... select resumed> )            = 0 (Timeout)
17033 <... write resumed> )             = 2
17032 clock_gettime(CLOCK_REALTIME,  <unfinished ...>
17035 futex(0xc8200f6590, FUTEX_WAIT, 0, NULL <unfinished ...>
17033 lstat("/home/hmeng/go/src/github.com/opencontainers/runc/Godeps/_workspace/pkg/linux_amd64/github.com/seccomp",  <unfinished ...>
17032 <... clock_gettime resumed> {1465918769, 330636396}) = 0
17033 <... lstat resumed> {st_mode=S_IFDIR|0775, st_size=32, ...}) = 0
17033 lstat("/home/hmeng/go/src/github.com/opencontainers/runc/Godeps/_workspace/pkg/linux_amd64/github.com/seccomp",  <unfinished ...>
17032 select(0, NULL, NULL, NULL, {0, 20} <unfinished ...>
17033 <... lstat resumed> {st_mode=S_IFDIR|0775, st_size=32, ...}) = 0
17033 lgetxattr("/home/hmeng/go/src/github.com/opencontainers/runc/Godeps/_workspace/pkg/linux_amd64/github.com/seccomp", "security.capability", 0xc82028e000, 128) = -1 ENODATA (No data available)
17033 openat(AT_FDCWD, "/home/hmeng/go/src/github.com/opencontainers/runc/Godeps/_workspace/pkg/linux_amd64/github.com/seccomp", O_RDONLY|O_CLOEXEC) = 7
17033 getdents64(7, /* 3 entries */, 4096) = 88
17033 getdents64(7,  <unfinished ...>
17032 <... select resumed> )            = 0 (Timeout)
17033 <... getdents64 resumed> /* 0 entries */, 4096) = 0
17033 close(7 <unfinished ...>
17032 clock_gettime(CLOCK_MONOTONIC,  <unfinished ...>
17033 <... close resumed> )             = 0
17033 lstat("/home/hmeng/go/src/github.com/opencontainers/runc/Godeps/_workspace/pkg/linux_amd64/github.com/seccomp/libseccomp-golang.a",  <unfinished ...>
17032 <... clock_gettime resumed> {4903, 546820346}) = 0
17033 <... lstat resumed> {st_mode=S_IFREG|0664, st_size=318378, ...}) = 0
17033 lstat("/home/hmeng/go/src/github.com/opencontainers/runc/Godeps/_workspace/pkg/linux_amd64/github.com/seccomp/libseccomp-golang.a", {st_mode=S_IFREG|0664, st_size=318378, ...}) = 0
17032 clock_gettime(CLOCK_REALTIME,  <unfinished ...>
17033 lgetxattr("/home/hmeng/go/src/github.com/opencontainers/runc/Godeps/_workspace/pkg/linux_amd64/github.com/seccomp/libseccomp-golang.a", "security.capability", 0xc82028e300, 128) = -1 ENODATA (No data available)
17032 <... clock_gettime resumed> {1465918769, 330879528}) = 0
17033 openat(AT_FDCWD, "/home/hmeng/go/src/github.com/opencontainers/runc/Godeps/_workspace/pkg/linux_amd64/github.com/seccomp/libseccomp-golang.a", O_RDONLY|O_CLOEXEC) = 7
17032 select(0, NULL, NULL, NULL, {0, 20} <unfinished ...>
17033 read(7, "!<arch>\n__.PKGDEF       0       "..., 32768) = 32768
17033 futex(0xc8200f6590, FUTEX_WAKE, 1) = 1
17035 <... futex resumed> )             = 0
17033 write(6, "8000\r\ng\302\267f\0\2\20\0\0\20\0\0\0\0\0\0\0\0\2\0\20\2\0\0$t"..., 4096 <unfinished ...>
17035 select(0, NULL, NULL, NULL, {0, 100} <unfinished ...>
17033 <... write resumed> )             = 4096
17032 <... select resumed> )            = 0 (Timeout)
17033 write(6, " }\n\ttype @\"\".ScmpSyscall int32\n\t"..., 28678) = 28678
17032 clock_gettime(CLOCK_MONOTONIC,  <unfinished ...>
17033 write(6, "\r\n", 2)               = 2
17032 <... clock_gettime resumed> {4903, 547060694}) = 0
17033 read(7, "cals\302\26741a13ac73c712c01973b8fe23f"..., 32768) = 32768
17032 clock_gettime(CLOCK_REALTIME,  <unfinished ...>
17033 write(6, "8000\r\n\32\0\0\\\"\"._cgo_68447050d42b_C"..., 4096) = 4096
17032 <... clock_gettime resumed> {1465918769, 331102822}) = 0
17033 write(6, "_Ctype_int\0\36\"\".autotmp_0054\0/\2>t"..., 28678) = 28678
17032 select(0, NULL, NULL, NULL, {0, 20} <unfinished ...>
17033 write(6, "\r\n", 2)               = 2
17033 read(7,  <unfinished ...>
17035 <... select resumed> )            = 0 (Timeout)
17033 <... read resumed> "\204\316\1\0\0H\203D$\20\f\307\4$\10\0\0\0H\215\5\0\0\0\0H\211D$\10\350\0"..., 32768) = 32768
17035 futex(0xc8200f6590, FUTEX_WAIT, 0, NULL <unfinished ...>
17033 futex(0xc8200f6590, FUTEX_WAKE, 1 <unfinished ...>
17035 <... futex resumed> )             = -1 EAGAIN (Resource temporarily unavailable)
17033 <... futex resumed> )             = 0
17035 select(0, NULL, NULL, NULL, {0, 100} <unfinished ...>
17033 write(6, "8000\r\ntive\0\0\0\246\1\10\f\0\0000runtime.more"..., 4096 <unfinished ...>
17032 <... select resumed> )            = 0 (Timeout)
17033 <... write resumed> )             = 4096
17033 write(6, "efbf81f119942fa4e24a\0Tgclocals\302\267"..., 28678 <unfinished ...>
17032 clock_gettime(CLOCK_MONOTONIC,  <unfinished ...>
17033 <... write resumed> )             = 28678
17033 write(6, "\r\n", 2 <unfinished ...>
17032 <... clock_gettime resumed> {4903, 547280528}) = 0
17033 <... write resumed> )             = 2
17033 read(7,  <unfinished ...>
17032 clock_gettime(CLOCK_REALTIME,  <unfinished ...>
17033 <... read resumed> "\1\1\300\1\245\1\277\1\1\300\1\367\1\277\1\1\300\1\31\277\1\1\300\1W\277\1\1\300\1\30\277"..., 32768) = 32768
17033 write(6, "8000\r\n$type.syscall.Errno\0\36\"\".au"..., 4096 <unfinished ...>
17032 <... clock_gettime resumed> {1465918769, 331314790}) = 0
17033 <... write resumed> )             = 4096
17033 write(6, "pe.syscall.Errno\0\0\0\200\7\10\32\0\0\24type.e"..., 28678 <unfinished ...>
17032 select(0, NULL, NULL, NULL, {0, 20} <unfinished ...>
17033 <... write resumed> )             = 28678
17033 write(6, "\r\n", 2)               = 2
17035 <... select resumed> )            = 0 (Timeout)
17033 read(7,  <unfinished ...>
17035 futex(0xc8200f6590, FUTEX_WAIT, 0, NULL <unfinished ...>
17033 <... read resumed> "ve\"\0\6 \0\0 \0\0\0\0\0\0\0\0\6\0\0\0\0\0\0\0\2\0\20\2\0\0$"..., 32768) = 32768
17033 futex(0xc8200f6590, FUTEX_WAKE, 1) = 1
17035 <... futex resumed> )             = 0
17033 write(6, "8000\r\no.string.hdr.\"ppc64\"\0\6 \0\0 "..., 4096 <unfinished ...>
17032 <... select resumed> )            = 0 (Timeout)
17035 select(0, NULL, NULL, NULL, {0, 100} <unfinished ...>
17033 <... write resumed> )             = 4096
17033 write(6, "o.string.hdr.\"Invalid comparison"..., 28678 <unfinished ...>
17032 clock_gettime(CLOCK_MONOTONIC,  <unfinished ...>
17033 <... write resumed> )             = 28678
17033 write(6, "\r\n", 2 <unfinished ...>
17032 <... clock_gettime resumed> {4903, 547514027}) = 0
17033 <... write resumed> )             = 2
17033 read(7,  <unfinished ...>
17032 clock_gettime(CLOCK_REALTIME,  <unfinished ...>
17033 <... read resumed> "bits.01\0\0\0P\20\2\0\0Hgo.string.hdr.\"*"..., 32768) = 32768
17033 write(6, "8000\r\ntive\0\0\0\376\20,\"\".actionFromNat"..., 4096 <unfinished ...>
17032 <... clock_gettime resumed> {1465918769, 331551913}) = 0
17033 <... write resumed> )             = 4096
17033 write(6, "int8\0\2\220\1\0\0\220\1\10\0\0\0\0\0\0\0\10\0\0\0\0\0\0\0\3611\243/"..., 28678 <unfinished ...>
17032 select(0, NULL, NULL, NULL, {0, 20} <unfinished ...>
17033 <... write resumed> )             = -1 EAGAIN (Resource temporarily unavailable)
17033 read(7, "bits.01\0\0\0P\20\2\0\0\206\1go.string.hdr.\""..., 32768) = 32768
17035 <... select resumed> )            = 0 (Timeout)
17033 futex(0xc82002ea10, FUTEX_WAIT, 0, NULL <unfinished ...>
17032 <... select resumed> )            = 0 (Timeout)
17035 futex(0xc8200f6590, FUTEX_WAIT, 0, NULL <unfinished ...>
17032 clock_gettime(CLOCK_MONOTONIC, {4903, 547669588}) = 0
17032 futex(0x21ee760, FUTEX_WAIT, 0, {60, 0} <unfinished ...>
17031 <... epoll_wait resumed> {{EPOLLOUT, {u32=2134024192, u64=140606478393344}}}, 128, -1) = 1
17031 clock_gettime(CLOCK_MONOTONIC, {4903, 549138583}) = 0
17031 futex(0xc8200f6590, FUTEX_WAKE, 1) = 1
17035 <... futex resumed> )             = 0
17031 futex(0x21ee760, FUTEX_WAKE, 1 <unfinished ...>
17035 epoll_wait(5,  <unfinished ...>
17032 <... futex resumed> )             = 0
17031 <... futex resumed> )             = 1
17035 <... epoll_wait resumed> {}, 128, 0) = 0
17032 clock_gettime(CLOCK_MONOTONIC,  <unfinished ...>
17031 write(6, "int8\0\2\220\1\0\0\220\1\10\0\0\0\0\0\0\0\10\0\0\0\0\0\0\0\3611\243/"..., 28678 <unfinished ...>
17035 epoll_wait(5,  <unfinished ...>
17032 <... clock_gettime resumed> {4903, 549212628}) = 0
17031 <... write resumed> )             = 28678
17032 clock_gettime(CLOCK_REALTIME,  <unfinished ...>
17031 write(6, "\r\n", 2 <unfinished ...>
17032 <... clock_gettime resumed> {1465918769, 333244205}) = 0
17031 <... write resumed> )             = 2
17032 select(0, NULL, NULL, NULL, {0, 20} <unfinished ...>
17031 futex(0xc82002ea10, FUTEX_WAKE, 1 <unfinished ...>
17033 <... futex resumed> )             = 0
17031 <... futex resumed> )             = 1
17033 select(0, NULL, NULL, NULL, {0, 100} <unfinished ...>
17031 write(6, "8000\r\n\20\2\0\0002type.func() \"\"._Ctype"..., 4096) = 4096
17031 write(6, "p.ScmpAction) seccomp._Ctype_uin"..., 28678) = 28678
17031 write(6, "\r\n", 2)               = 2
17032 <... select resumed> )            = 0 (Timeout)
17031 read(7,  <unfinished ...>
17032 clock_gettime(CLOCK_MONOTONIC,  <unfinished ...>
17031 <... read resumed> "nc(*seccomp.ScmpFilter) error\"\0\6"..., 32768) = 32768
17032 <... clock_gettime resumed> {4903, 549400783}) = 0
17031 write(6, "8000\r\n\0\0\0\0\0\0\0\0\0\0\0\0\0\0\0\0\0\0\0\0\0\0\0\0\0\0"..., 4096 <unfinished ...>
17032 clock_gettime(CLOCK_REALTIME,  <unfinished ...>
17031 <... write resumed> )             = 4096
17032 <... clock_gettime resumed> {1465918769, 333427587}) = 0
17031 write(6, "r) error\0\0\0\300\1\20\2\220\2\0^type.func(*\"\""..., 28678 <unfinished ...>
17032 select(0, NULL, NULL, NULL, {0, 20} <unfinished ...>
17031 <... write resumed> )             = 28678
17031 write(6, "\r\n", 2 <unfinished ...>
17033 <... select resumed> )            = 0 (Timeout)
17033 read(7,  <unfinished ...>
17031 <... write resumed> )             = 2
17033 <... read resumed> "ScmpAction, bool, \"\"._Ctype_scmp"..., 32768) = 32768
17031 futex(0x21ef2b0, FUTEX_WAIT, 0, NULL <unfinished ...>
17033 futex(0x21ef2b0, FUTEX_WAKE, 1 <unfinished ...>
17031 <... futex resumed> )             = -1 EAGAIN (Resource temporarily unavailable)
17033 <... futex resumed> )             = 0
17032 <... select resumed> )            = 0 (Timeout)
17031 select(0, NULL, NULL, NULL, {0, 100} <unfinished ...>
17033 write(6, "8000\r\n\202\0\10\0103\0\0\0\0\0\0\0\0\0\0\0\0\0\0\0\0\0\0\0\0\0"..., 4096 <unfinished ...>
17032 clock_gettime(CLOCK_MONOTONIC,  <unfinished ...>
17033 <... write resumed> )             = 4096
17033 write(6, ".\"func(seccomp.scmpFilterAttr, s"..., 28678 <unfinished ...>
17032 <... clock_gettime resumed> {4903, 549586243}) = 0
17033 <... write resumed> )             = 28678
17033 write(6, "\r\n", 2 <unfinished ...>
17032 clock_gettime(CLOCK_REALTIME,  <unfinished ...>
17033 <... write resumed> )             = 2
17032 <... clock_gettime resumed> {1465918769, 333622560}) = 0
17033 read(7, "\0\0\0\0\0\0\0\1\0Sk\0\0\0\0\0\0\0o\0\0\0\0\0\0\0\4\0\363\1U\237"..., 32768) = 23466
17032 select(0, NULL, NULL, NULL, {0, 20} <unfinished ...>
17033 read(7, "", 9302)                 = 0
17033 close(7)                          = 0
17033 lstat("/home/hmeng/go/src/github.com/opencontainers/runc/Godeps/_workspace/pkg/linux_amd64/github.com/syndtr",  <unfinished ...>
17031 <... select resumed> )            = 0 (Timeout)
17033 <... lstat resumed> {st_mode=S_IFDIR|0775, st_size=25, ...}) = 0
17031 futex(0x21ef2b0, FUTEX_WAIT, 0, NULL <unfinished ...>
17033 lstat("/home/hmeng/go/src/github.com/opencontainers/runc/Godeps/_workspace/pkg/linux_amd64/github.com/syndtr",  <unfinished ...>
17032 <... select resumed> )            = 0 (Timeout)
17033 <... lstat resumed> {st_mode=S_IFDIR|0775, st_size=25, ...}) = 0
17033 lgetxattr("/home/hmeng/go/src/github.com/opencontainers/runc/Godeps/_workspace/pkg/linux_amd64/github.com/syndtr", "security.capability" <unfinished ...>
17032 clock_gettime(CLOCK_MONOTONIC,  <unfinished ...>
17033 <... lgetxattr resumed> , 0xc82028e400, 128) = -1 ENODATA (No data available)
17033 openat(AT_FDCWD, "/home/hmeng/go/src/github.com/opencontainers/runc/Godeps/_workspace/pkg/linux_amd64/github.com/syndtr", O_RDONLY|O_CLOEXEC <unfinished ...>
17032 <... clock_gettime resumed> {4903, 549830272}) = 0
17033 <... openat resumed> )            = 7
17033 getdents64(7,  <unfinished ...>
17032 clock_gettime(CLOCK_REALTIME,  <unfinished ...>
17033 <... getdents64 resumed> /* 3 entries */, 4096) = 80
17033 getdents64(7,  <unfinished ...>
17032 <... clock_gettime resumed> {1465918769, 333914927}) = 0
17033 <... getdents64 resumed> /* 0 entries */, 4096) = 0
17033 close(7 <unfinished ...>
17032 select(0, NULL, NULL, NULL, {0, 20} <unfinished ...>
17033 <... close resumed> )             = 0
17033 lstat("/home/hmeng/go/src/github.com/opencontainers/runc/Godeps/_workspace/pkg/linux_amd64/github.com/syndtr/gocapability", {st_mode=S_IFDIR|0775, st_size=25, ...}) = 0
17033 lstat("/home/hmeng/go/src/github.com/opencontainers/runc/Godeps/_workspace/pkg/linux_amd64/github.com/syndtr/gocapability",  <unfinished ...>
17032 <... select resumed> )            = 0 (Timeout)
17033 <... lstat resumed> {st_mode=S_IFDIR|0775, st_size=25, ...}) = 0
17033 lgetxattr("/home/hmeng/go/src/github.com/opencontainers/runc/Godeps/_workspace/pkg/linux_amd64/github.com/syndtr/gocapability", "security.capability" <unfinished ...>
17032 clock_gettime(CLOCK_MONOTONIC,  <unfinished ...>
17033 <... lgetxattr resumed> , 0xc82028e700, 128) = -1 ENODATA (No data available)
17033 openat(AT_FDCWD, "/home/hmeng/go/src/github.com/opencontainers/runc/Godeps/_workspace/pkg/linux_amd64/github.com/syndtr/gocapability", O_RDONLY|O_CLOEXEC <unfinished ...>
17032 <... clock_gettime resumed> {4903, 550055400}) = 0
17033 <... openat resumed> )            = 7
17033 getdents64(7,  <unfinished ...>
17032 clock_gettime(CLOCK_REALTIME,  <unfinished ...>
17033 <... getdents64 resumed> /* 3 entries */, 4096) = 80
17033 getdents64(7,  <unfinished ...>
17032 <... clock_gettime resumed> {1465918769, 334099688}) = 0
17033 <... getdents64 resumed> /* 0 entries */, 4096) = 0
17033 close(7 <unfinished ...>
17032 select(0, NULL, NULL, NULL, {0, 20} <unfinished ...>
17033 <... close resumed> )             = 0
17033 lstat("/home/hmeng/go/src/github.com/opencontainers/runc/Godeps/_workspace/pkg/linux_amd64/github.com/syndtr/gocapability/capability.a", {st_mode=S_IFREG|0664, st_size=171442, ...}) = 0
17033 lstat("/home/hmeng/go/src/github.com/opencontainers/runc/Godeps/_workspace/pkg/linux_amd64/github.com/syndtr/gocapability/capability.a", {st_mode=S_IFREG|0664, st_size=171442, ...}) = 0
17033 lgetxattr("/home/hmeng/go/src/github.com/opencontainers/runc/Godeps/_workspace/pkg/linux_amd64/github.com/syndtr/gocapability/capability.a", "security.capability", 0xc82028ea80, 128) = -1 ENODATA (No data available)
17035 <... epoll_wait resumed> {{EPOLLOUT, {u32=2134024192, u64=140606478393344}}}, 128, -1) = 1
17033 openat(AT_FDCWD, "/home/hmeng/go/src/github.com/opencontainers/runc/Godeps/_workspace/pkg/linux_amd64/github.com/syndtr/gocapability/capability.a", O_RDONLY|O_CLOEXEC <unfinished ...>
17035 epoll_wait(5,  <unfinished ...>
17033 <... openat resumed> )            = 7
17032 <... select resumed> )            = 0 (Timeout)
17035 <... epoll_wait resumed> {{EPOLLOUT, {u32=2134024192, u64=140606478393344}}}, 128, -1) = 1
17033 read(7,  <unfinished ...>
17032 clock_gettime(CLOCK_MONOTONIC,  <unfinished ...>
17035 epoll_wait(5,  <unfinished ...>
17033 <... read resumed> "!<arch>\n__.PKGDEF       0       "..., 32768) = 32768
17032 <... clock_gettime resumed> {4903, 550281799}) = 0
17033 futex(0x21ef2b0, FUTEX_WAKE, 1)   = 1
17032 clock_gettime(CLOCK_REALTIME,  <unfinished ...>
17031 <... futex resumed> )             = 0
17033 write(6, "8000\r\n42b_Cfunc_seccomp_syscall_"..., 4096 <unfinished ...>
17032 <... clock_gettime resumed> {1465918769, 334320341}) = 0
17031 select(0, NULL, NULL, NULL, {0, 100} <unfinished ...>
17033 <... write resumed> )             = 4096
17032 select(0, NULL, NULL, NULL, {0, 20} <unfinished ...>
17033 write(6, "\0\t\0s\0v\0\34p\0\"\237\0\0\0\0\0\0\0\0\0\0\0\0\0\0\0\0A\1\0\0"..., 28678) = 28678
17033 write(6, "\r\n", 2)               = 2
17033 read(7, "octxt\0\0\0@\300\1\0\0\f\36\"\".autotmp_0138\0?"..., 32768) = 32768
17033 ioctl(0, TIOCGWINSZ, {ws_row=35, ws_col=112, ws_xpixel=0, ws_ypixel=0}) = 0
17033 ioctl(0, TIOCGWINSZ <unfinished ...>
17032 <... select resumed> )            = 0 (Timeout)
17033 <... ioctl resumed> , {ws_row=35, ws_col=112, ws_xpixel=0, ws_ypixel=0}) = 0
17033 write(1, "Sending build context to Docker "..., 48 <unfinished ...>
17032 clock_gettime(CLOCK_MONOTONIC,  <unfinished ...>
17035 <... epoll_wait resumed> {{EPOLLOUT, {u32=2134024192, u64=140606478393344}}}, 128, -1) = 1
17033 <... write resumed> )             = 48
17031 <... select resumed> )            = 0 (Timeout)
17032 <... clock_gettime resumed> {4903, 550551499}) = 0
17035 epoll_wait(5,  <unfinished ...>
17033 write(6, "8000\r\n\370\0\17\205\346\1\0\0H\215\\$UH\307\3\0\0\0\0H\307C\3\0\0"..., 4096 <unfinished ...>
17032 clock_gettime(CLOCK_REALTIME,  <unfinished ...>
17031 read(7,  <unfinished ...>
17035 <... epoll_wait resumed> {{EPOLLOUT, {u32=2134024192, u64=140606478393344}}}, 128, -1) = 1
17033 <... write resumed> )             = 4096
17032 <... clock_gettime resumed> {1465918769, 334594408}) = 0
17031 <... read resumed> "H\203\304 \303\211\4%\0\0\0\0\353\313\211\4%\0\0\0\0\353\236\350\0\0\0\0\351q\377\377"..., 32768) = 32768
17035 epoll_wait(5,  <unfinished ...>
17033 write(6, "ctxt\0\0\0P\200\2\0\0\32\36\"\".autotmp_0028\0\0\2"..., 28678 <unfinished ...>
17032 select(0, NULL, NULL, NULL, {0, 20} <unfinished ...>
17031 futex(0x21ef2b0, FUTEX_WAIT, 0, NULL <unfinished ...>
17033 <... write resumed> )             = 28678
17033 write(6, "\r\n", 2)               = 2
17033 futex(0x21ef2b0, FUTEX_WAKE, 1)   = 1
17031 <... futex resumed> )             = 0
17033 write(6, "8000\r\n\301D\t\333\211]\0L\211\323H\203\343\2H\203\373\0tRH\203\376\0\17\204"..., 4096 <unfinished ...>
17031 select(0, NULL, NULL, NULL, {0, 100} <unfinished ...>
17033 <... write resumed> )             = 4096
17033 write(6, "\211\4$H\211L$8H\211L$\10H\307D$\20\4\0\0\0\350\0\0\0\0H\213L$\30"..., 28678 <unfinished ...>
17032 <... select resumed> )            = 0 (Timeout)
17033 <... write resumed> )             = 28678
17033 write(6, "\r\n", 2 <unfinished ...>
17032 clock_gettime(CLOCK_MONOTONIC,  <unfinished ...>
17033 <... write resumed> )             = 2
17033 read(7,  <unfinished ...>
17032 <... clock_gettime resumed> {4903, 550778975}) = 0
17033 <... read resumed> "0\20\2\200\3\0 runtime.algarray\0\0\0@\20\2\0\0\""..., 32768) = 32768
17033 write(6, "8000\r\n\244\1\0\4Tgclocals\302\26751af2415261"..., 4096 <unfinished ...>
17032 clock_gettime(CLOCK_REALTIME,  <unfinished ...>
17033 <... write resumed> )             = 4096
17033 write(6, "e89533b360c694a573\0\2\30\0\0\30\1\0\0\0\5\0\0\0"..., 28678 <unfinished ...>
17032 <... clock_gettime resumed> {1465918769, 334823708}) = 0
17033 <... write resumed> )             = 28678
17033 write(6, "\r\n", 2 <unfinished ...>
17032 select(0, NULL, NULL, NULL, {0, 20} <unfinished ...>
17033 <... write resumed> )             = 2
17031 <... select resumed> )            = 0 (Timeout)
17033 read(7,  <unfinished ...>
17031 futex(0x21ef2b0, FUTEX_WAIT, 0, NULL <unfinished ...>
17033 <... read resumed> "\0 \0\0\0\0\0\0\0\0\0\0\0\0\0\0\0\0\4\0\20\2\0\0000type..h"..., 32768) = 32768
17033 futex(0x21ef2b0, FUTEX_WAKE, 1)   = 1
17031 <... futex resumed> )             = 0
17033 write(6, "8000\r\n\0\0@type.func(\"\".CapType, ."..., 4096 <unfinished ...>
17031 select(0, NULL, NULL, NULL, {0, 100} <unfinished ...>
17033 <... write resumed> )             = 4096
17032 <... select resumed> )            = 0 (Timeout)
17033 write(6, "\0\0\0\0\0\0\0\0\0\0\0\0\0\0\0\0\0\0\0\0\0\0\n0\20\2\240\1\0 ru"..., 28678) = 28678
17032 clock_gettime(CLOCK_MONOTONIC,  <unfinished ...>
17033 write(6, "\r\n", 2)               = 2
17032 <... clock_gettime resumed> {4903, 551035380}) = 0
17033 read(7, "File) string\0\0\0\240\10\20\2\0\0*\"\".(*capsF"..., 32768) = 7602
17033 read(7,  <unfinished ...>
17032 clock_gettime(CLOCK_REALTIME,  <unfinished ...>
17033 <... read resumed> "", 25166)     = 0
17033 close(7 <unfinished ...>
17032 <... clock_gettime resumed> {1465918769, 335099124}) = 0
17031 <... select resumed> )            = 0 (Timeout)
17033 <... close resumed> )             = 0
17032 select(0, NULL, NULL, NULL, {0, 20} <unfinished ...>
17031 futex(0x21ef2b0, FUTEX_WAIT, 0, NULL <unfinished ...>
17033 futex(0x21ef2b0, FUTEX_WAKE, 1 <unfinished ...>
17031 <... futex resumed> )             = -1 EAGAIN (Resource temporarily unavailable)
17033 <... futex resumed> )             = 0
17031 select(0, NULL, NULL, NULL, {0, 100} <unfinished ...>
17033 write(6, "8000\r\nty.CapType, ...capability."..., 4096) = 4096
17032 <... select resumed> )            = 0 (Timeout)
17033 write(6, "]uint32)\"\0\6P\0\0Ffunc(capability.C"..., 28678) = 28678
17032 clock_gettime(CLOCK_MONOTONIC,  <unfinished ...>
17033 write(6, "\r\n", 2)               = 2
17032 <... clock_gettime resumed> {4903, 551322105}) = 0
17033 lstat("/home/hmeng/go/src/github.com/opencontainers/runc/Godeps/_workspace/pkg/linux_amd64/github.com/urfave", {st_mode=S_IFDIR|0775, st_size=18, ...}) = 0
17032 clock_gettime(CLOCK_REALTIME,  <unfinished ...>
17033 lstat("/home/hmeng/go/src/github.com/opencontainers/runc/Godeps/_workspace/pkg/linux_amd64/github.com/urfave",  <unfinished ...>
17031 <... select resumed> )            = 0 (Timeout)
17032 <... clock_gettime resumed> {1465918769, 335416270}) = 0
17033 <... lstat resumed> {st_mode=S_IFDIR|0775, st_size=18, ...}) = 0
17031 futex(0x21ef2b0, FUTEX_WAIT, 0, NULL <unfinished ...>
17032 select(0, NULL, NULL, NULL, {0, 20} <unfinished ...>
17033 lgetxattr("/home/hmeng/go/src/github.com/opencontainers/runc/Godeps/_workspace/pkg/linux_amd64/github.com/urfave", "security.capability", 0xc82028eb80, 128) = -1 ENODATA (No data available)
17033 openat(AT_FDCWD, "/home/hmeng/go/src/github.com/opencontainers/runc/Godeps/_workspace/pkg/linux_amd64/github.com/urfave", O_RDONLY|O_CLOEXEC) = 7
17033 getdents64(7,  <unfinished ...>
17032 <... select resumed> )            = 0 (Timeout)
17033 <... getdents64 resumed> /* 3 entries */, 4096) = 80
17032 clock_gettime(CLOCK_MONOTONIC,  <unfinished ...>
17033 getdents64(7,  <unfinished ...>
17032 <... clock_gettime resumed> {4903, 551617937}) = 0
17033 <... getdents64 resumed> /* 0 entries */, 4096) = 0
17033 close(7 <unfinished ...>
17032 clock_gettime(CLOCK_REALTIME,  <unfinished ...>
17033 <... close resumed> )             = 0
17033 lstat("/home/hmeng/go/src/github.com/opencontainers/runc/Godeps/_workspace/pkg/linux_amd64/github.com/urfave/cli.a",  <unfinished ...>
17032 <... clock_gettime resumed> {1465918769, 335657731}) = 0
17033 <... lstat resumed> {st_mode=S_IFREG|0664, st_size=694020, ...}) = 0
17033 lstat("/home/hmeng/go/src/github.com/opencontainers/runc/Godeps/_workspace/pkg/linux_amd64/github.com/urfave/cli.a",  <unfinished ...>
17032 select(0, NULL, NULL, NULL, {0, 20} <unfinished ...>
17033 <... lstat resumed> {st_mode=S_IFREG|0664, st_size=694020, ...}) = 0
17033 lgetxattr("/home/hmeng/go/src/github.com/opencontainers/runc/Godeps/_workspace/pkg/linux_amd64/github.com/urfave/cli.a", "security.capability", 0xc82028ec00, 128) = -1 ENODATA (No data available)
17033 openat(AT_FDCWD, "/home/hmeng/go/src/github.com/opencontainers/runc/Godeps/_workspace/pkg/linux_amd64/github.com/urfave/cli.a", O_RDONLY|O_CLOEXEC) = 7
17032 <... select resumed> )            = 0 (Timeout)
17033 read(7,  <unfinished ...>
17032 clock_gettime(CLOCK_MONOTONIC,  <unfinished ...>
17033 <... read resumed> "!<arch>\n__.PKGDEF       0       "..., 32768) = 32768
17033 futex(0x21ef2b0, FUTEX_WAKE, 1 <unfinished ...>
17032 <... clock_gettime resumed> {4903, 551896049}) = 0
17033 <... futex resumed> )             = 1
17031 <... futex resumed> )             = 0
17033 write(6, "8000\r\n\6 \0\0 \0\0\0\0\0\0\0\0\2\0\0\0\0\0\0\0\2\0\20\2\0"..., 4096 <unfinished ...>
17032 clock_gettime(CLOCK_REALTIME,  <unfinished ...>
17031 select(0, NULL, NULL, NULL, {0, 100} <unfinished ...>
17033 <... write resumed> )             = 4096
17032 <... clock_gettime resumed> {1465918769, 335980817}) = 0
17033 write(6, "\timport template \"text/template\""..., 28678) = 28678
17032 select(0, NULL, NULL, NULL, {0, 20} <unfinished ...>
17033 write(6, "\r\n", 2)               = 2
17033 read(7, "\"time\".UTC *@\"time\".Location\n\tty"..., 32768) = 32768
17033 write(6, "8000\r\nnc (@\"os\".f\302\2672 *@\"os\".File"..., 4096 <unfinished ...>
17031 <... select resumed> )            = 0 (Timeout)
17033 <... write resumed> )             = 4096
17032 <... select resumed> )            = 0 (Timeout)
17031 read(7,  <unfinished ...>
17033 write(6, "\0H\203\354P1\333H\211\\$X\211\\$`H\211\\$hH\2135\0\0\0\0H\203=\0"..., 28678 <unfinished ...>
17032 clock_gettime(CLOCK_MONOTONIC,  <unfinished ...>
17031 <... read resumed> "writeBarrier\0\0\0\354\5\10\f\0\0.runtime.wr"..., 32768) = 32768
17033 <... write resumed> )             = 28678
17032 <... clock_gettime resumed> {4903, 552233530}) = 0
17031 futex(0x21ef2b0, FUTEX_WAIT, 0, NULL <unfinished ...>
17033 write(6, "\r\n", 2 <unfinished ...>
17032 clock_gettime(CLOCK_REALTIME,  <unfinished ...>
17033 <... write resumed> )             = 2
17033 futex(0x21ef2b0, FUTEX_WAKE, 1 <unfinished ...>
17032 <... clock_gettime resumed> {1465918769, 336268085}) = 0
17033 <... futex resumed> )             = 1
17031 <... futex resumed> )             = 0
17033 write(6, "8000\r\n\16\"\".args\0\217\17\2\30type.\"\".Args\0"..., 4096 <unfinished ...>
17032 select(0, NULL, NULL, NULL, {0, 20} <unfinished ...>
17031 select(0, NULL, NULL, NULL, {0, 100} <unfinished ...>
17033 <... write resumed> )             = 4096
17033 write(6, "\204\0069\0026\2e\20\t\r\n\16\f\2/\21\33\30/\5\16\21\2\22R\21\7\1\7\1\24\0"..., 28678) = 28678
17033 write(6, "\r\n", 2)               = 2
17033 read(7, "tring\0\0\0\264\10\10\f\0\0,runtime.typedslic"..., 32768) = 32768
17033 write(6, "8000\r\n\"\".autotmp_0279\0\0\2\20type.in"..., 4096) = 4096
17032 <... select resumed> )            = 0 (Timeout)
17033 write(6, "ocals\302\26777278e15cdb1d5a34332d1952"..., 28678) = 28678
17032 clock_gettime(CLOCK_MONOTONIC,  <unfinished ...>
17033 write(6, "\r\n", 2)               = 2
17032 <... clock_gettime resumed> {4903, 552452932}) = 0
17033 read(7, "\".a\0\0\4\30type.\"\".Args\0\6\2p\0\6\2p\0\30\356\3\33"..., 32768) = 32768
17032 clock_gettime(CLOCK_REALTIME,  <unfinished ...>
17033 write(6, "8000\r\n\"\".autotmp_0427\0\277\1\2\32type.*"..., 4096 <unfinished ...>
17031 <... select resumed> )            = 0 (Timeout)
17032 <... clock_gettime resumed> {1465918769, 336502380}) = 0
17033 <... write resumed> )             = 4096
17031 read(7,  <unfinished ...>
17032 select(0, NULL, NULL, NULL, {0, 20} <unfinished ...>
17033 write(6, "\2p\0\6\2p\0\20\376\3\21\2J\1\25\0\2\n\0M\2#\0\4Tgclocal"..., 28678 <unfinished ...>
17031 <... read resumed> "SliceFlag; set *flag.FlagSet }\0\36"..., 32768) = 32768
17033 <... write resumed> )             = 28678
17031 futex(0x21ef2b0, FUTEX_WAIT, 0, NULL <unfinished ...>
17033 write(6, "\r\n", 2)               = 2
17033 futex(0x21ef2b0, FUTEX_WAKE, 1)   = 1
17031 <... futex resumed> )             = 0
17033 write(6, "8000\r\nome/hmeng/go/src/github.co"..., 4096 <unfinished ...>
17031 select(0, NULL, NULL, NULL, {0, 100} <unfinished ...>
17033 <... write resumed> )             = 4096
17032 <... select resumed> )            = 0 (Timeout)
17033 write(6, "\1\2\235\1\2\245\2\6\26\5)\2Q\2(\7@\0\4Tgclocals\302\26706"..., 28678) = 28678
17032 clock_gettime(CLOCK_MONOTONIC,  <unfinished ...>
17033 write(6, "\r\n", 2)               = 2
17032 <... clock_gettime resumed> {4903, 552685255}) = 0
17033 read(7, "\0\0\0H\213\\$\30H\211\234$\330\0\0\0H\213\\$ H\211\234$\340\0\0\0001\333H"..., 32768) = 32768
17032 clock_gettime(CLOCK_REALTIME,  <unfinished ...>
17033 write(6, "8000\r\n$hH\211L$\30H\211D$pH\211D$ \350\0\0\0\0H\213\\$"..., 4096) = 4096
17032 <... clock_gettime resumed> {1465918769, 336727144}) = 0
17033 write(6, "\1\0\0H\215\234$\310\1\0\0H\203\373\0\17\204\360\4\0\0H\307\204$\200\1\0\0\2\0\0"..., 28678) = -1 EAGAIN (Resource temporarily unavailable)
17032 select(0, NULL, NULL, NULL, {0, 20} <unfinished ...>
17033 read(7, "b.com/urfave/cli/help.go\2\376\0024\"\".c"..., 32768) = 32768
17033 futex(0xc82002ea10, FUTEX_WAIT, 0, NULL <unfinished ...>
17031 <... select resumed> )            = 0 (Timeout)
17031 futex(0x21ef2b0, FUTEX_WAIT, 0, NULL <unfinished ...>
17032 <... select resumed> )            = 0 (Timeout)
17032 clock_gettime(CLOCK_MONOTONIC, {4903, 552901049}) = 0
17032 futex(0x21ee760, FUTEX_WAIT, 0, {60, 0} <unfinished ...>
17035 <... epoll_wait resumed> {{EPOLLOUT, {u32=2134024192, u64=140606478393344}}}, 128, -1) = 1
17035 clock_gettime(CLOCK_MONOTONIC, {4903, 554122464}) = 0
17035 futex(0x21ef2b0, FUTEX_WAKE, 1)   = 1
17031 <... futex resumed> )             = 0
17035 futex(0x21ee760, FUTEX_WAKE, 1 <unfinished ...>
17031 epoll_wait(5,  <unfinished ...>
17035 <... futex resumed> )             = 1
17032 <... futex resumed> )             = 0
17031 <... epoll_wait resumed> {{EPOLLOUT, {u32=2134024192, u64=140606478393344}}}, 128, 0) = 1
17035 write(6, "\1\0\0H\215\234$\310\1\0\0H\203\373\0\17\204\360\4\0\0H\307\204$\200\1\0\0\2\0\0"..., 28678 <unfinished ...>
17032 clock_gettime(CLOCK_MONOTONIC,  <unfinished ...>
17031 epoll_wait(5,  <unfinished ...>
17035 <... write resumed> )             = 28678
17032 <... clock_gettime resumed> {4903, 554219343}) = 0
17035 write(6, "\r\n", 2 <unfinished ...>
17032 clock_gettime(CLOCK_REALTIME,  <unfinished ...>
17035 <... write resumed> )             = 2
17032 <... clock_gettime resumed> {1465918769, 338243203}) = 0
17035 futex(0xc82002ea10, FUTEX_WAKE, 1 <unfinished ...>
17032 select(0, NULL, NULL, NULL, {0, 20} <unfinished ...>
17035 <... futex resumed> )             = 1
17033 <... futex resumed> )             = 0
17033 select(0, NULL, NULL, NULL, {0, 100} <unfinished ...>
17035 write(6, "8000\r\ned17e3e044825775b2f6f9ba9b"..., 4096) = 4096
17035 write(6, "a7b370d7578\0Tgclocals\302\26733cdecccc"..., 28678) = 28678
17035 write(6, "\r\n", 2 <unfinished ...>
17032 <... select resumed> )            = 0 (Timeout)
17035 <... write resumed> )             = 2
17032 clock_gettime(CLOCK_MONOTONIC,  <unfinished ...>
17035 read(7,  <unfinished ...>
17032 <... clock_gettime resumed> {4903, 554388786}) = 0
17035 <... read resumed> "o.string.\"cli\"\0\0\0\352\1\10\32\0\0&go.strin"..., 32768) = 32768
17032 clock_gettime(CLOCK_REALTIME,  <unfinished ...>
17035 write(6, "8000\r\n\0\0\340\2\0\0\340\2dH\213\f%\0\0\0\0H;a\20\17\206\217\0\0"..., 4096 <unfinished ...>
17032 <... clock_gettime resumed> {1465918769, 338422265}) = 0
17035 <... write resumed> )             = 4096
17032 select(0, NULL, NULL, NULL, {0, 20} <unfinished ...>
17035 write(6, "\234$\330\1\0\0H\211\234$\340\1\0\0H\211\234$\350\1\0\0H\213\234$\320\1\0\0001\355"..., 28678 <unfinished ...>
17033 <... select resumed> )            = 0 (Timeout)
17035 <... write resumed> )             = 28678
17033 read(7,  <unfinished ...>
17035 write(6, "\r\n", 2 <unfinished ...>
17033 <... read resumed> "ime.panicwrap\0\0\0\232\2\10\f\220\r\0 runtime."..., 32768) = 32768
17035 <... write resumed> )             = 2
17033 futex(0xc82002ea10, FUTEX_WAIT, 0, NULL <unfinished ...>
17035 futex(0xc82002ea10, FUTEX_WAKE, 1 <unfinished ...>
17032 <... select resumed> )            = 0 (Timeout)
17035 <... futex resumed> )             = 1
17033 <... futex resumed> )             = 0
17033 select(0, NULL, NULL, NULL, {0, 100} <unfinished ...>
17035 write(6, "8000\r\n H9;u\3H\211#1\333H\211\\$0H\211\\$8H\213\\$("..., 4096 <unfinished ...>
17032 clock_gettime(CLOCK_MONOTONIC,  <unfinished ...>
17035 <... write resumed> )             = 4096
17032 <... clock_gettime resumed> {4903, 554584850}) = 0
17035 write(6, "|$0\350\0\0\0\0H\2451\333H\213L$0H\213D$8H\211\214$\210\0\0\0H\211"..., 28678 <unfinished ...>
17032 clock_gettime(CLOCK_REALTIME,  <unfinished ...>
17035 <... write resumed> )             = 28678
17032 <... clock_gettime resumed> {1465918769, 338603214}) = 0
17035 write(6, "\r\n", 2 <unfinished ...>
17032 select(0, NULL, NULL, NULL, {0, 20} <unfinished ...>
17035 <... write resumed> )             = 2
17035 read(7, "\314\314\314\314\n\n\10\34\0\0\0\0\0\0~\10\f\0\0\36runtime.memh"..., 32768) = 32768
17035 write(6, "8000\r\ngo/src/github.com/opencont"..., 4096) = 4096
17035 write(6, " F uintptr; f \"\".DurationFlag; s"..., 28678 <unfinished ...>
17032 <... select resumed> )            = 0 (Timeout)
17035 <... write resumed> )             = 28678
17033 <... select resumed> )            = 0 (Timeout)
17035 write(6, "\r\n", 2 <unfinished ...>
17033 read(7,  <unfinished ...>
17032 clock_gettime(CLOCK_MONOTONIC,  <unfinished ...>
17035 <... write resumed> )             = 2
17033 <... read resumed> "cb\0\2\20\0\0\20\1\0\0\0\0\0\0\0\0\376\20Tgclocals\302\2672f"..., 32768) = 32768
17032 <... clock_gettime resumed> {4903, 554770767}) = 0
17035 futex(0xc8200f6590, FUTEX_WAIT, 0, NULL <unfinished ...>
17033 futex(0xc8200f6590, FUTEX_WAKE, 1 <unfinished ...>
17032 clock_gettime(CLOCK_REALTIME,  <unfinished ...>
17035 <... futex resumed> )             = -1 EAGAIN (Resource temporarily unavailable)
17033 <... futex resumed> )             = 0
17032 <... clock_gettime resumed> {1465918769, 338799816}) = 0
17035 select(0, NULL, NULL, NULL, {0, 100} <unfinished ...>
17033 write(6, "8000\r\n\267cb395d89503762333b1bfb09b"..., 4096 <unfinished ...>
17032 select(0, NULL, NULL, NULL, {0, 20} <unfinished ...>
17033 <... write resumed> )             = 4096
17033 write(6, "\0\20\2\0\0\32go.string.\"$\"\0\0\0\376\20\32go.stri"..., 28678) = 28678
17033 write(6, "\r\n", 2)               = 2
17033 read(7, "nds\0\0\376\20Hgo.string.hdr.\"func() []"..., 32768) = 32768
17033 ioctl(0, TIOCGWINSZ, {ws_row=35, ws_col=112, ws_xpixel=0, ws_ypixel=0}) = 0
17032 <... select resumed> )            = 0 (Timeout)
17033 ioctl(0, TIOCGWINSZ, {ws_row=35, ws_col=112, ws_xpixel=0, ws_ypixel=0}) = 0
17032 clock_gettime(CLOCK_MONOTONIC,  <unfinished ...>
17033 write(1, "Sending build context to Docker "..., 48 <unfinished ...>
17035 <... select resumed> )            = 0 (Timeout)
17033 <... write resumed> )             = 48
17032 <... clock_gettime resumed> {4903, 554998802}) = 0
17035 select(0, NULL, NULL, NULL, {0, 100} <unfinished ...>
17033 write(6, "8000\r\n\"*cli.App\"\0\0\0\376\20(go.string."..., 4096 <unfinished ...>
17032 clock_gettime(CLOCK_REALTIME,  <unfinished ...>
17033 <... write resumed> )             = 4096
17033 write(6, "\0\0\0\300\1\20\2\360\1\0000type.func() []\"\".Comm"..., 28678 <unfinished ...>
17032 <... clock_gettime resumed> {1465918769, 339102974}) = 0
17033 <... write resumed> )             = 28678
17033 write(6, "\r\n", 2 <unfinished ...>
17032 select(0, NULL, NULL, NULL, {0, 20} <unfinished ...>
17033 <... write resumed> )             = 2
17033 read(7, "li.App, []string) error\"\0\6 \0\0 \0\0"..., 32768) = 32768
17033 write(6, "8000\r\n\2\0\0Pgo.string.hdr.\"func(*c"..., 4096) = 4096
17033 write(6, ".App, []string) error\0\0\0\220\1\20\2\360\1\0D"..., 28678) = -1 EAGAIN (Resource temporarily unavailable)
17033 read(7, "ol\0\2\20\0\0\20\0\0\0\0\0\0\0\0\2\0\20\2\0\0 type.func"..., 32768) = 32768
17035 <... select resumed> )            = 0 (Timeout)
17032 <... select resumed> )            = 0 (Timeout)
17033 futex(0xc82002ea10, FUTEX_WAIT, 0, NULL <unfinished ...>
17032 clock_gettime(CLOCK_MONOTONIC,  <unfinished ...>
17035 futex(0xc8200f6590, FUTEX_WAIT, 0, NULL <unfinished ...>
17032 <... clock_gettime resumed> {4903, 555278416}) = 0
17032 clock_gettime(CLOCK_REALTIME, {1465918769, 339295998}) = 0
17032 select(0, NULL, NULL, NULL, {0, 20}) = 0 (Timeout)
17032 clock_gettime(CLOCK_MONOTONIC, {4903, 555452312}) = 0
17032 futex(0x21ee760, FUTEX_WAIT, 0, {60, 0} <unfinished ...>
17031 <... epoll_wait resumed> {{EPOLLOUT, {u32=2134024192, u64=140606478393344}}}, 128, -1) = 1
17031 clock_gettime(CLOCK_MONOTONIC, {4903, 556314915}) = 0
17031 futex(0xc8200f6590, FUTEX_WAKE, 1) = 1
17035 <... futex resumed> )             = 0
17031 futex(0x21ee760, FUTEX_WAKE, 1 <unfinished ...>
17035 epoll_wait(5,  <unfinished ...>
17032 <... futex resumed> )             = 0
17031 <... futex resumed> )             = 1
17035 <... epoll_wait resumed> {}, 128, 0) = 0
17032 clock_gettime(CLOCK_MONOTONIC,  <unfinished ...>
17031 write(6, ".App, []string) error\0\0\0\220\1\20\2\360\1\0D"..., 28678 <unfinished ...>
17035 epoll_wait(5,  <unfinished ...>
17032 <... clock_gettime resumed> {4903, 556379287}) = 0
17031 <... write resumed> )             = 28678
17032 clock_gettime(CLOCK_REALTIME,  <unfinished ...>
17031 write(6, "\r\n", 2 <unfinished ...>
17032 <... clock_gettime resumed> {1465918769, 340406636}) = 0
17031 <... write resumed> )             = 2
17032 select(0, NULL, NULL, NULL, {0, 20} <unfinished ...>
17031 futex(0xc82002ea10, FUTEX_WAKE, 1 <unfinished ...>
17033 <... futex resumed> )             = 0
17031 <... futex resumed> )             = 1
17033 select(0, NULL, NULL, NULL, {0, 100} <unfinished ...>
17031 write(6, "8000\r\nc(*cli.Args, int) string\tf"..., 4096) = 4096
17031 write(6, "func(int, int) error\0\0\0\220\1\20\2\360\1\0002t"..., 28678) = 28678
17031 write(6, "\r\n", 2)               = 2
17032 <... select resumed> )            = 0 (Timeout)
17031 read(7,  <unfinished ...>
17032 clock_gettime(CLOCK_MONOTONIC,  <unfinished ...>
17031 <... read resumed> "text, string) bool\0\0\0\240\10\20\2\0\0002\"\".("..., 32768) = 32768
17032 <... clock_gettime resumed> {4903, 556558260}) = 0
17031 write(6, "8000\r\nfunc() *\"\".Context\0\0\0\300\1\20\2\360"..., 4096 <unfinished ...>
17032 clock_gettime(CLOCK_REALTIME,  <unfinished ...>
17031 <... write resumed> )             = 4096
17032 <... clock_gettime resumed> {1465918769, 340584272}) = 0
17031 write(6, "ng.hdr.\"GlobalFloat64\"\0\0\0\240\n\20\2\0\0002"..., 28678 <unfinished ...>
17032 select(0, NULL, NULL, NULL, {0, 20} <unfinished ...>
17031 <... write resumed> )             = 28678
17031 write(6, "\r\n", 2 <unfinished ...>
17033 <... select resumed> )            = 0 (Timeout)
17031 <... write resumed> )             = 2
17033 read(7,  <unfinished ...>
17031 futex(0x21ef2b0, FUTEX_WAIT, 0, NULL <unfinished ...>
17033 <... read resumed> "\0\0\0\0\0\0\0\0\0\0\0\0\0\0\0\0\0\0\0\0\0\0\0\0\0\0\0\350\0\0\0\0"..., 32768) = 32768
17033 futex(0x21ef2b0, FUTEX_WAKE, 1)   = 1
17031 <... futex resumed> )             = 0
17032 <... select resumed> )            = 0 (Timeout)
17033 write(6, "8000\r\n.string.hdr.\"B\"\0\0\0\360\2\20\2\0\0\24t"..., 4096 <unfinished ...>
17031 select(0, NULL, NULL, NULL, {0, 100} <unfinished ...>
17032 clock_gettime(CLOCK_MONOTONIC,  <unfinished ...>
17033 <... write resumed> )             = 4096
17033 write(6, "App\0\0\0\200\1\20\2\260\1\0\26type.\"\".App\0\0\0\260\1\20\2"..., 28678 <unfinished ...>
17032 <... clock_gettime resumed> {4903, 556748943}) = 0
17033 <... write resumed> )             = 28678
17033 write(6, "\r\n", 2 <unfinished ...>
17032 clock_gettime(CLOCK_REALTIME,  <unfinished ...>
17033 <... write resumed> )             = 2
17033 read(7,  <unfinished ...>
17032 <... clock_gettime resumed> {1465918769, 340786598}) = 0
17033 <... read resumed> "\1\0\0\0\0\0\0\0\0\0\0\0\0\0\0\0\0\0\0\0\0\0\0\0\0200\20\2\200\3\0 "..., 32768) = 32768
17033 write(6, "8000\r\n\0\0\0\0\0\0\0\0\0\0\0\0\0\0\0\0\0\0\0\0\0\0\0\0\0\0"..., 4096 <unfinished ...>
17032 select(0, NULL, NULL, NULL, {0, 20} <unfinished ...>
17033 <... write resumed> )             = 4096
17033 write(6, "\0 \0\0\0\0\0\0\0\0\37\0\0\0\0\0\0\0\2\0\20\2\0\0Vgo.stri"..., 28678) = 28678
17033 write(6, "\r\n", 2 <unfinished ...>
17031 <... select resumed> )            = 0 (Timeout)
17033 <... write resumed> )             = 2
17031 read(7,  <unfinished ...>
17033 futex(0xc82002ea10, FUTEX_WAIT, 0, NULL <unfinished ...>
17031 <... read resumed> "iceFlag).String\0\0\0\376\20\"runtime.gcb"..., 32768) = 32768
17032 <... select resumed> )            = 0 (Timeout)
17031 futex(0xc82002ea10, FUTEX_WAKE, 1 <unfinished ...>
17033 <... futex resumed> )             = 0
17032 clock_gettime(CLOCK_MONOTONIC,  <unfinished ...>
17031 <... futex resumed> )             = 1
17033 select(0, NULL, NULL, NULL, {0, 100} <unfinished ...>
17032 <... clock_gettime resumed> {4903, 556973661}) = 0
17031 write(6, "8000\r\n.string.hdr.\"*cli.StringSl"..., 4096 <unfinished ...>
17032 clock_gettime(CLOCK_REALTIME,  <unfinished ...>
17031 <... write resumed> )             = 4096
17032 <... clock_gettime resumed> {1465918769, 341015674}) = 0
17031 write(6, "\0\220\2\10\0\0\0\0\0\0\0\10\0\0\0\0\0\0\0\250)\271\357\0\10\0103\0\0\0\0\0"..., 28678 <unfinished ...>
17032 select(0, NULL, NULL, NULL, {0, 20} <unfinished ...>
17031 <... write resumed> )             = 28678
17031 write(6, "\r\n", 2)               = 2
17031 read(7, "\0\0\0\240\2\20\2\0\0,\"\".(*StringFlag).Apply"..., 32768) = 32768
17031 write(6, "8000\r\nt; val bool }\0\0\0\200\1\20\2\0\0\214\1ty"..., 4096) = 4096
17031 write(6, "ng.\"cli.StringFlag\"\0\0\0\376\0204go.stri"..., 28678 <unfinished ...>
17032 <... select resumed> )            = 0 (Timeout)
17031 <... write resumed> )             = 28678
17033 <... select resumed> )            = 0 (Timeout)
17032 clock_gettime(CLOCK_MONOTONIC,  <unfinished ...>
17031 write(6, "\r\n", 2 <unfinished ...>
17033 select(0, NULL, NULL, NULL, {0, 100} <unfinished ...>
17032 <... clock_gettime resumed> {4903, 557168434}) = 0
17031 <... write resumed> )             = 2
17032 clock_gettime(CLOCK_REALTIME,  <unfinished ...>
17031 read(7,  <unfinished ...>
17032 <... clock_gettime resumed> {1465918769, 341194107}) = 0
17031 <... read resumed> "\0\0\0\0\0\0\0\0\0\0\0\0\0\0\0\0\0\0\0\0\0\0\0\0\0\0\0\0\0\0\0\0"..., 32768) = 32768
17032 select(0, NULL, NULL, NULL, {0, 20} <unfinished ...>
17031 write(6, "8000\r\ng) string\0\2\220\2\0\0\220\2\10\0\0\0\0\0\0\0\10"..., 4096) = 4096
17031 write(6, "at64Flag\"\0\0\0p\20\2\0\0(type.*\"\".Float"..., 28678) = 28678
17031 write(6, "\r\n", 2)               = 2
17031 read(7, "lag\302\267f\0\2\20\0\0\20\0\0\0\0\0\0\0\0\2\0\20\2\0\0002type."..., 32768) = 5892
17031 read(7, "", 26876)                = 0
17032 <... select resumed> )            = 0 (Timeout)
17031 close(7 <unfinished ...>
17033 <... select resumed> )            = 0 (Timeout)
17032 clock_gettime(CLOCK_MONOTONIC,  <unfinished ...>
17031 <... close resumed> )             = 0
17033 futex(0xc82002ea10, FUTEX_WAIT, 0, NULL <unfinished ...>
17032 <... clock_gettime resumed> {4903, 557352501}) = 0
17031 lstat("/home/hmeng/go/src/github.com/opencontainers/runc/Godeps/_workspace/pkg/linux_amd64/github.com/vishvananda",  <unfinished ...>
17032 clock_gettime(CLOCK_REALTIME,  <unfinished ...>
17031 <... lstat resumed> {st_mode=S_IFDIR|0775, st_size=36, ...}) = 0
17032 <... clock_gettime resumed> {1465918769, 341390474}) = 0
17031 lstat("/home/hmeng/go/src/github.com/opencontainers/runc/Godeps/_workspace/pkg/linux_amd64/github.com/vishvananda",  <unfinished ...>
17032 select(0, NULL, NULL, NULL, {0, 20} <unfinished ...>
17031 <... lstat resumed> {st_mode=S_IFDIR|0775, st_size=36, ...}) = 0
17031 lgetxattr("/home/hmeng/go/src/github.com/opencontainers/runc/Godeps/_workspace/pkg/linux_amd64/github.com/vishvananda", "security.capability", 0xc8201eb480, 128) = -1 ENODATA (No data available)
17031 openat(AT_FDCWD, "/home/hmeng/go/src/github.com/opencontainers/runc/Godeps/_workspace/pkg/linux_amd64/github.com/vishvananda", O_RDONLY|O_CLOEXEC) = 7
17031 getdents64(7,  <unfinished ...>
17032 <... select resumed> )            = 0 (Timeout)
17031 <... getdents64 resumed> /* 4 entries */, 4096) = 112
17032 clock_gettime(CLOCK_MONOTONIC,  <unfinished ...>
17031 getdents64(7,  <unfinished ...>
17032 <... clock_gettime resumed> {4903, 557550211}) = 0
17031 <... getdents64 resumed> /* 0 entries */, 4096) = 0
17032 clock_gettime(CLOCK_REALTIME,  <unfinished ...>
17031 close(7 <unfinished ...>
17032 <... clock_gettime resumed> {1465918769, 341566173}) = 0
17031 <... close resumed> )             = 0
17032 select(0, NULL, NULL, NULL, {0, 20} <unfinished ...>
17031 lstat("/home/hmeng/go/src/github.com/opencontainers/runc/Godeps/_workspace/pkg/linux_amd64/github.com/vishvananda/netlink", {st_mode=S_IFDIR|0775, st_size=17, ...}) = 0
17031 lstat("/home/hmeng/go/src/github.com/opencontainers/runc/Godeps/_workspace/pkg/linux_amd64/github.com/vishvananda/netlink", {st_mode=S_IFDIR|0775, st_size=17, ...}) = 0
17031 lgetxattr("/home/hmeng/go/src/github.com/opencontainers/runc/Godeps/_workspace/pkg/linux_amd64/github.com/vishvananda/netlink", "security.capability", 0xc8201eb780, 128) = -1 ENODATA (No data available)
17031 openat(AT_FDCWD, "/home/hmeng/go/src/github.com/opencontainers/runc/Godeps/_workspace/pkg/linux_amd64/github.com/vishvananda/netlink", O_RDONLY|O_CLOEXEC) = 7
17032 <... select resumed> )            = 0 (Timeout)
17031 getdents64(7,  <unfinished ...>
17032 clock_gettime(CLOCK_MONOTONIC,  <unfinished ...>
17031 <... getdents64 resumed> /* 3 entries */, 4096) = 72
17032 <... clock_gettime resumed> {4903, 557714388}) = 0
17031 getdents64(7,  <unfinished ...>
17032 clock_gettime(CLOCK_REALTIME,  <unfinished ...>
17031 <... getdents64 resumed> /* 0 entries */, 4096) = 0
17032 <... clock_gettime resumed> {1465918769, 341732324}) = 0
17031 close(7 <unfinished ...>
17032 select(0, NULL, NULL, NULL, {0, 20} <unfinished ...>
17031 <... close resumed> )             = 0
17031 lstat("/home/hmeng/go/src/github.com/opencontainers/runc/Godeps/_workspace/pkg/linux_amd64/github.com/vishvananda/netlink/nl.a", {st_mode=S_IFREG|0664, st_size=306534, ...}) = 0
17031 lstat("/home/hmeng/go/src/github.com/opencontainers/runc/Godeps/_workspace/pkg/linux_amd64/github.com/vishvananda/netlink/nl.a", {st_mode=S_IFREG|0664, st_size=306534, ...}) = 0
17031 lgetxattr("/home/hmeng/go/src/github.com/opencontainers/runc/Godeps/_workspace/pkg/linux_amd64/github.com/vishvananda/netlink/nl.a", "security.capability", 0xc8201ebb00, 128) = -1 ENODATA (No data available)
17031 openat(AT_FDCWD, "/home/hmeng/go/src/github.com/opencontainers/runc/Godeps/_workspace/pkg/linux_amd64/github.com/vishvananda/netlink/nl.a", O_RDONLY|O_CLOEXEC <unfinished ...>
17032 <... select resumed> )            = 0 (Timeout)
17031 <... openat resumed> )            = 7
17032 clock_gettime(CLOCK_MONOTONIC,  <unfinished ...>
17031 read(7,  <unfinished ...>
17032 <... clock_gettime resumed> {4903, 557874003}) = 0
17031 <... read resumed> "!<arch>\n__.PKGDEF       0       "..., 32768) = 32768
17032 clock_gettime(CLOCK_REALTIME,  <unfinished ...>
17031 futex(0xc82002ea10, FUTEX_WAKE, 1 <unfinished ...>
17033 <... futex resumed> )             = 0
17032 <... clock_gettime resumed> {1465918769, 341896111}) = 0
17031 <... futex resumed> )             = 1
17033 select(0, NULL, NULL, NULL, {0, 100} <unfinished ...>
17032 select(0, NULL, NULL, NULL, {0, 20} <unfinished ...>
17031 write(6, "8000\r\n.string.hdr.\"text/template"..., 4096) = 4096
17031 write(6, "gSet; f \"\".GenericFlag }\0\0\0\376\20\212\1t"..., 28678) = 28678
17031 write(6, "\r\n", 2)               = 2
17032 <... select resumed> )            = 0 (Timeout)
17031 read(7,  <unfinished ...>
17032 clock_gettime(CLOCK_MONOTONIC,  <unfinished ...>
17031 <... read resumed> "/binary\".v\302\2672) }\n\tfunc (? @\"enco"..., 32768) = 32768
17032 <... clock_gettime resumed> {4903, 558040305}) = 0
17031 write(6, "8000\r\n@\"\".b\302\2672 []byte \"esc:0x12\""..., 4096 <unfinished ...>
17032 clock_gettime(CLOCK_REALTIME,  <unfinished ...>
17031 <... write resumed> )             = 4096
17032 <... clock_gettime resumed> {1465918769, 342067309}) = 0
17031 write(6, "e\".Pointer(&@\"\".b\302\2672[int(0x0):in"..., 28678 <unfinished ...>
17033 <... select resumed> )            = 0 (Timeout)
17032 select(0, NULL, NULL, NULL, {0, 20} <unfinished ...>
17031 <... write resumed> )             = 28678
17033 select(0, NULL, NULL, NULL, {0, 100} <unfinished ...>
17031 write(6, "\r\n", 2)               = 2
17031 read(7, "\203\304x\303H\215\35\0\0\0\0H\211\34$\350\0\0\0\0H\213L$\10\17W\300\17\21\1\17"..., 32768) = 32768
17031 write(6, "8000\r\n[]uint8\0\22\"\".length\0\337\3\2\20typ"..., 4096) = 4096
17031 write(6, "$ \2\0\0\220\350\0\0\0\0H\201\304\340\1\0\0\303H\211l$hH\211l$\20\307\4$"..., 28678 <unfinished ...>
17032 <... select resumed> )            = 0 (Timeout)
17031 <... write resumed> )             = 28678
17032 clock_gettime(CLOCK_MONOTONIC,  <unfinished ...>
17031 write(6, "\r\n", 2 <unfinished ...>
17032 <... clock_gettime resumed> {4903, 558226799}) = 0
17031 <... write resumed> )             = 2
17032 clock_gettime(CLOCK_REALTIME,  <unfinished ...>
17031 read(7,  <unfinished ...>
17032 <... clock_gettime resumed> {1465918769, 342247018}) = 0
17031 <... read resumed> "\"\".autotmp_0256\0\357\1\2\26type.net.IP\0"..., 32768) = 32768
17033 <... select resumed> )            = 0 (Timeout)
17032 select(0, NULL, NULL, NULL, {0, 20} <unfinished ...>
17031 write(6, "8000\r\n\0\0\0\2\352\1/home/hmeng/go/src/g"..., 4096 <unfinished ...>
17033 read(7,  <unfinished ...>
17031 <... write resumed> )             = 4096
17033 <... read resumed> "\353H\213\3H\213S\10H9\310uVH\211D$8H\211\4$H\211T$@H\211T$\10"..., 32768) = 32768
17031 write(6, "1fdbee7f5874cb\0\0\0\2\352\1/home/hmeng/"..., 28678 <unfinished ...>
17033 futex(0xc82002ea10, FUTEX_WAIT, 0, NULL <unfinished ...>
17031 <... write resumed> )             = 28678
17031 write(6, "\r\n", 2)               = 2
17032 <... select resumed> )            = 0 (Timeout)
17031 futex(0xc82002ea10, FUTEX_WAKE, 1 <unfinished ...>
17033 <... futex resumed> )             = 0
17032 clock_gettime(CLOCK_MONOTONIC,  <unfinished ...>
17031 <... futex resumed> )             = 1
17033 select(0, NULL, NULL, NULL, {0, 100} <unfinished ...>
17032 <... clock_gettime resumed> {4903, 558415101}) = 0
17031 write(6, "8000\r\n\211t$`H\2114$H\211T$HH\211T$\10H\211D$\20\350\0\0"..., 4096 <unfinished ...>
17032 clock_gettime(CLOCK_REALTIME,  <unfinished ...>
17031 <... write resumed> )             = 4096
17032 <... clock_gettime resumed> {1465918769, 342443465}) = 0
17031 write(6, "\203\376\0\17\204R\2\0\0H\307\307\4\0\0\0H\307\305\4\0\0\0H\211\224$\220\0\0\0H"..., 28678 <unfinished ...>
17032 select(0, NULL, NULL, NULL, {0, 20} <unfinished ...>
17031 <... write resumed> )             = -1 EAGAIN (Resource temporarily unavailable)
17031 read(7, "t8\0\0\0\376\20\206\1go.typelink.func(*nl.If"..., 32768) = 32768
17031 futex(0x21ef2b0, FUTEX_WAIT, 0, NULL <unfinished ...>
17032 <... select resumed> )            = 0 (Timeout)
17032 clock_gettime(CLOCK_MONOTONIC,  <unfinished ...>
17033 <... select resumed> )            = 0 (Timeout)
17033 futex(0xc82002ea10, FUTEX_WAIT, 0, NULL <unfinished ...>
17032 <... clock_gettime resumed> {4903, 558592917}) = 0
17032 clock_gettime(CLOCK_REALTIME, {1465918769, 342611570}) = 0
17032 select(0, NULL, NULL, NULL, {0, 20}) = 0 (Timeout)
17032 clock_gettime(CLOCK_MONOTONIC, {4903, 558765718}) = 0
17032 futex(0x21ee760, FUTEX_WAIT, 0, {60, 0} <unfinished ...>
17035 <... epoll_wait resumed> {{EPOLLOUT, {u32=2134024192, u64=140606478393344}}}, 128, -1) = 1
17035 clock_gettime(CLOCK_MONOTONIC, {4903, 559889798}) = 0
17035 futex(0xc82002ea10, FUTEX_WAKE, 1) = 1
17033 <... futex resumed> )             = 0
17035 futex(0x21ee760, FUTEX_WAKE, 1 <unfinished ...>
17033 epoll_wait(5,  <unfinished ...>
17035 <... futex resumed> )             = 1
17033 <... epoll_wait resumed> {{EPOLLOUT, {u32=2134024192, u64=140606478393344}}}, 128, 0) = 1
17032 <... futex resumed> )             = 0
17035 write(6, "\203\376\0\17\204R\2\0\0H\307\307\4\0\0\0H\307\305\4\0\0\0H\211\224$\220\0\0\0H"..., 28678 <unfinished ...>
17033 epoll_wait(5,  <unfinished ...>
17032 clock_gettime(CLOCK_MONOTONIC,  <unfinished ...>
17035 <... write resumed> )             = 28678
17032 <... clock_gettime resumed> {4903, 559985564}) = 0
17035 write(6, "\r\n", 2 <unfinished ...>
17032 clock_gettime(CLOCK_REALTIME,  <unfinished ...>
17035 <... write resumed> )             = 2
17032 <... clock_gettime resumed> {1465918769, 344053635}) = 0
17035 futex(0x21ef2b0, FUTEX_WAKE, 1 <unfinished ...>
17032 select(0, NULL, NULL, NULL, {0, 20} <unfinished ...>
17035 <... futex resumed> )             = 1
17035 write(6, "8000\r\n\2\20\0\0\20\0\0\0\0\0\0\0\0\2\0\20\2\0\0.\"\".Des"..., 4096) = 4096
17035 write(6, "goAuth).Serialize\0\0\0\376\0204\"\".(*Xfrm"..., 28678) = 28678
17035 write(6, "\r\n", 2)               = 2
17035 read(7,  <unfinished ...>
17032 <... select resumed> )            = 0 (Timeout)
17035 <... read resumed> "\0\0\0\0\0\0\0\0\0\0\0\0\0\0\0\0\0\0\0\0\0\0\0\0\0\0\0\0\0\0\0\0"..., 32768) = 32768
17032 clock_gettime(CLOCK_MONOTONIC,  <unfinished ...>
17035 write(6, "8000\r\nc(*\"\".NetlinkSocket) ([]sy"..., 4096 <unfinished ...>
17032 <... clock_gettime resumed> {4903, 560233171}) = 0
17035 <... write resumed> )             = 4096
17032 clock_gettime(CLOCK_REALTIME,  <unfinished ...>
17035 write(6, "all.NetlinkMessage, error)\0\0\0\220\1\20"..., 28678 <unfinished ...>
17032 <... clock_gettime resumed> {1465918769, 344250331}) = 0
17035 <... write resumed> )             = 28678
17032 select(0, NULL, NULL, NULL, {0, 20} <unfinished ...>
17035 write(6, "\r\n", 2)               = 2
17035 read(7, "2Sel) int\"\0\0\0p\20\2\0\0Hgo.weak.type."..., 32768) = 32768
17035 write(6, "8000\r\n\"nl.TcTbfQopt\"\0\0\0\376\0200go.str"..., 4096) = 4096
17035 write(6, ".\"Mask\"\0\6 \0\0 \0\0\0\0\0\0\0\0\4\0\0\0\0\0\0\0\2\0\20"..., 28678) = 28678
17032 <... select resumed> )            = 0 (Timeout)
17035 write(6, "\r\n", 2 <unfinished ...>
17032 clock_gettime(CLOCK_MONOTONIC,  <unfinished ...>
17035 <... write resumed> )             = 2
17032 <... clock_gettime resumed> {4903, 560395950}) = 0
17035 read(7,  <unfinished ...>
17032 clock_gettime(CLOCK_REALTIME,  <unfinished ...>
17035 <... read resumed> "[]uint8\"\0\0\0\376\20Hgo.string.\"func(*n"..., 32768) = 32768
17032 <... clock_gettime resumed> {1465918769, 344416570}) = 0
17035 ioctl(0, TIOCGWINSZ <unfinished ...>
17032 select(0, NULL, NULL, NULL, {0, 20} <unfinished ...>
17035 <... ioctl resumed> , {ws_row=35, ws_col=112, ws_xpixel=0, ws_ypixel=0}) = 0
17035 ioctl(0, TIOCGWINSZ, {ws_row=35, ws_col=112, ws_xpixel=0, ws_ypixel=0}) = 0
17035 write(1, "Sending build context to Docker "..., 48) = 48
17035 write(6, "8000\r\n\0\20\2\0\0Bgo.string.\"SoftAddEx"..., 4096) = 4096
17035 write(6, "\0\0\0\0\0\0\0\0\0\0\0\0\0\0\0\0\0\0\0\0\0\0\0\0\0\0\0\0\0\0\0\0"..., 28678) = 28678
17032 <... select resumed> )            = 0 (Timeout)
17035 write(6, "\r\n", 2 <unfinished ...>
17032 clock_gettime(CLOCK_MONOTONIC,  <unfinished ...>
17031 <... futex resumed> )             = 0
17035 <... write resumed> )             = 2
17032 <... clock_gettime resumed> {4903, 560574064}) = 0
17035 read(7,  <unfinished ...>
17032 clock_gettime(CLOCK_REALTIME,  <unfinished ...>
17031 futex(0x21ef2b0, FUTEX_WAIT, 0, NULL <unfinished ...>
17035 <... read resumed> "ype.int\0\0\0\376\20rgo.typelink.func(*n"..., 32768) = 11622
17032 <... clock_gettime resumed> {1465918769, 344601334}) = 0
17035 read(7,  <unfinished ...>
17032 select(0, NULL, NULL, NULL, {0, 20} <unfinished ...>
17035 <... read resumed> "", 21146)     = 0
17035 close(7)                          = 0
17035 lstat("/home/hmeng/go/src/github.com/opencontainers/runc/Godeps/_workspace/pkg/linux_amd64/github.com/vishvananda/netlink.a", {st_mode=S_IFREG|0664, st_size=781034, ...}) = 0
17035 lstat("/home/hmeng/go/src/github.com/opencontainers/runc/Godeps/_workspace/pkg/linux_amd64/github.com/vishvananda/netlink.a", {st_mode=S_IFREG|0664, st_size=781034, ...}) = 0
17032 <... select resumed> )            = 0 (Timeout)
17035 lgetxattr("/home/hmeng/go/src/github.com/opencontainers/runc/Godeps/_workspace/pkg/linux_amd64/github.com/vishvananda/netlink.a", "security.capability" <unfinished ...>
17032 clock_gettime(CLOCK_MONOTONIC,  <unfinished ...>
17035 <... lgetxattr resumed> , 0xc82028ef00, 128) = -1 ENODATA (No data available)
17032 <... clock_gettime resumed> {4903, 560752105}) = 0
17035 openat(AT_FDCWD, "/home/hmeng/go/src/github.com/opencontainers/runc/Godeps/_workspace/pkg/linux_amd64/github.com/vishvananda/netlink.a", O_RDONLY|O_CLOEXEC <unfinished ...>
17032 clock_gettime(CLOCK_REALTIME,  <unfinished ...>
17035 <... openat resumed> )            = 7
17032 <... clock_gettime resumed> {1465918769, 344783016}) = 0
17035 read(7,  <unfinished ...>
17032 select(0, NULL, NULL, NULL, {0, 20} <unfinished ...>
17035 <... read resumed> "!<arch>\n__.PKGDEF       0       "..., 32768) = 32768
17035 futex(0x21ef2b0, FUTEX_WAKE, 1)   = 1
17035 write(6, "8000\r\n\0\0\0\0\0\0\0\0\0\0\0\0\0\0\0\0\0\0\0\0\0\0\0\0\0\0"..., 4096) = 4096
17031 <... futex resumed> )             = 0
17035 write(6, "\0\0\0\5\0\0\0\0\0\0\0\2\0\20\2\0\0\"go.string.\"Sta"..., 28678 <unfinished ...>
17032 <... select resumed> )            = 0 (Timeout)
17035 <... write resumed> )             = 28678
17032 clock_gettime(CLOCK_MONOTONIC,  <unfinished ...>
17031 select(0, NULL, NULL, NULL, {0, 100} <unfinished ...>
17035 write(6, "\r\n", 2 <unfinished ...>
17032 <... clock_gettime resumed> {4903, 560935174}) = 0
17035 <... write resumed> )             = 2
17032 clock_gettime(CLOCK_REALTIME,  <unfinished ...>
17035 read(7,  <unfinished ...>
17032 <... clock_gettime resumed> {1465918769, 344962513}) = 0
17035 <... read resumed> "ta\0Pgithub.com/vishvananda/netli"..., 32768) = 32768
17032 select(0, NULL, NULL, NULL, {0, 20} <unfinished ...>
17035 write(6, "8000\r\n) (? error)\n\tfunc @\"\".Link"..., 4096) = 4096
17035 write(6, "iscAttrs }\n\tfunc (@\"\".qdisc\302\2672 *"..., 28678) = 28678
17035 write(6, "\r\n", 2)               = 2
17035 read(7, "\10\f\0\0\"runtime.growslice\0\0\0\302o\10\32\1\0("..., 32768) = 32768
17035 write(6, "8000\r\n\0\0H\211C\10H\215\35\0\0\0\0H\211\34$H\215\234$\330\0\0\0H"..., 4096 <unfinished ...>
17032 <... select resumed> )            = 0 (Timeout)
17031 <... select resumed> )            = 0 (Timeout)
17035 <... write resumed> )             = 4096
17032 clock_gettime(CLOCK_MONOTONIC,  <unfinished ...>
17035 write(6, "\215\35\0\0\0\0H\211\\$\10H\215\35\0\0\0\0H\211\\$\20\350\0\0\0\0H\213D$"..., 28678 <unfinished ...>
17032 <... clock_gettime resumed> {4903, 561136923}) = 0
17031 read(7,  <unfinished ...>
17035 <... write resumed> )             = -1 EAGAIN (Resource temporarily unavailable)
17032 clock_gettime(CLOCK_REALTIME,  <unfinished ...>
17035 futex(0xc8200f6590, FUTEX_WAIT, 0, NULL <unfinished ...>
17032 <... clock_gettime resumed> {1465918769, 345161393}) = 0
17031 <... read resumed> "\211\3\353\366\314\314\314\314\314\314\314\314\314\314\314\0 \0\0\0\4\f\"\".~r0\0\20\4$"..., 32768) = 32768
17032 select(0, NULL, NULL, NULL, {0, 20} <unfinished ...>
17031 futex(0x21ef2b0, FUTEX_WAIT, 0, NULL <unfinished ...>
17032 <... select resumed> )            = 0 (Timeout)
17032 clock_gettime(CLOCK_MONOTONIC, {4903, 561288265}) = 0
17032 futex(0x21ee760, FUTEX_WAIT, 0, {60, 0} <unfinished ...>
17033 <... epoll_wait resumed> {{EPOLLOUT, {u32=2134024192, u64=140606478393344}}}, 128, -1) = 1
17033 clock_gettime(CLOCK_MONOTONIC, {4903, 562294180}) = 0
17033 futex(0x21ef2b0, FUTEX_WAKE, 1)   = 1
17031 <... futex resumed> )             = 0
17033 futex(0x21ee760, FUTEX_WAKE, 1 <unfinished ...>
17031 epoll_wait(5,  <unfinished ...>
17033 <... futex resumed> )             = 1
17032 <... futex resumed> )             = 0
17031 <... epoll_wait resumed> {}, 128, 0) = 0
17033 write(6, "\215\35\0\0\0\0H\211\\$\10H\215\35\0\0\0\0H\211\\$\20\350\0\0\0\0H\213D$"..., 28678 <unfinished ...>
17032 clock_gettime(CLOCK_MONOTONIC,  <unfinished ...>
17031 epoll_wait(5,  <unfinished ...>
17033 <... write resumed> )             = 28678
17032 <... clock_gettime resumed> {4903, 562384205}) = 0
17033 write(6, "\r\n", 2)               = 2
17032 clock_gettime(CLOCK_REALTIME,  <unfinished ...>
17033 futex(0xc8200f6590, FUTEX_WAKE, 1) = 1
17032 <... clock_gettime resumed> {1465918769, 346420271}) = 0
17035 <... futex resumed> )             = 0
17033 write(6, "8000\r\n\r\2\26type.uint16\0\20\"\".table\0\257"..., 4096 <unfinished ...>
17035 select(0, NULL, NULL, NULL, {0, 100} <unfinished ...>
17033 <... write resumed> )             = 4096
17032 select(0, NULL, NULL, NULL, {0, 20} <unfinished ...>
17033 write(6, "$\30H\307D$ \0\0\0\0\350\0\0\0\0H\213\\$(H\211\35\0\0\0\0H\213\\$"..., 28678) = 28678
17033 write(6, "\r\n", 2)               = 2
17033 read(7, "\307\4$\23\0\0\0H\307D$\10\4\0\0\0\350\0\0\0\0H\213\\$\20H\211\\$pH"..., 32768) = 32768
17033 write(6, "8000\r\ntr\0\0\0\240\23\10\f\0\0.runtime.writeb"..., 4096) = 4096
17033 write(6, "byte\0\0\0\364\6\10\32\0\0Ztype.github.com/vi"..., 28678 <unfinished ...>
17032 <... select resumed> )            = 0 (Timeout)
17033 <... write resumed> )             = 28678
17033 write(6, "\r\n", 2 <unfinished ...>
17032 clock_gettime(CLOCK_MONOTONIC,  <unfinished ...>
17033 <... write resumed> )             = 2
17033 read(7,  <unfinished ...>
17032 <... clock_gettime resumed> {4903, 562612760}) = 0
17035 <... select resumed> )            = 0 (Timeout)
17033 <... read resumed> ".newobject\0\0\0\302\232\1\10\32\1\0(runtime.wri"..., 32768) = 32768
17032 clock_gettime(CLOCK_REALTIME,  <unfinished ...>
17035 futex(0xc8200f6590, FUTEX_WAIT, 0, NULL <unfinished ...>
17033 futex(0xc8200f6590, FUTEX_WAKE, 1 <unfinished ...>
17032 <... clock_gettime resumed> {1465918769, 346647784}) = 0
17035 <... futex resumed> )             = -1 EAGAIN (Resource temporarily unavailable)
17033 <... futex resumed> )             = 0
17032 select(0, NULL, NULL, NULL, {0, 20} <unfinished ...>
17035 futex(0xc8200f6590, FUTEX_WAIT, 0, NULL <unfinished ...>
17033 futex(0xc8200f6590, FUTEX_WAKE, 1 <unfinished ...>
17035 <... futex resumed> )             = -1 EAGAIN (Resource temporarily unavailable)
17033 <... futex resumed> )             = 0
17035 select(0, NULL, NULL, NULL, {0, 100} <unfinished ...>
17033 write(6, "8000\r\n\0\0H\213\204$8\5\0\0H\213\234$\330\2\0\0H\211\234$8\2\0\0"..., 4096) = 4096
17033 write(6, "\213\234$\330\2\0\0H\211\234$\260\2\0\0H\307\204$\260\0\0\0\16\0\0\0H\211\224$8"..., 28678) = 28678
17033 write(6, "\r\n", 2)               = 2
17032 <... select resumed> )            = 0 (Timeout)
17033 read(7, "\317!\2\\type.*github.com/vishvananda"..., 32768) = 32768
17032 clock_gettime(CLOCK_MONOTONIC,  <unfinished ...>
17033 write(6, "8000\r\nvishvananda/netlink/nl.RtA"..., 4096) = 4096
17032 <... clock_gettime resumed> {4903, 562826978}) = 0
17033 write(6, "ta\0\0\0\352\274\2\10\f\0\0\"runtime.growslice\0\0"..., 28678) = 28678
17032 clock_gettime(CLOCK_REALTIME,  <unfinished ...>
17035 <... select resumed> )            = 0 (Timeout)
17033 write(6, "\r\n", 2 <unfinished ...>
17032 <... clock_gettime resumed> {1465918769, 346885824}) = 0
17035 read(7,  <unfinished ...>
17033 <... write resumed> )             = 2
17033 futex(0xc82002ea10, FUTEX_WAIT, 0, NULL <unfinished ...>
17035 <... read resumed> "r.github.com/vishvananda/netlink"..., 32768) = 32768
17032 select(0, NULL, NULL, NULL, {0, 20} <unfinished ...>
17035 futex(0xc82002ea10, FUTEX_WAKE, 1) = 1
17035 write(6, "8000\r\n\0\0H\211k\10H\213\234$`\3\0\0H\213\234$\240\7\0\0001\355H9"..., 4096 <unfinished ...>
17033 <... futex resumed> )             = 0
17035 <... write resumed> )             = 4096
17032 <... select resumed> )            = 0 (Timeout)
17035 write(6, "\213\254$\360\5\0\0H\211k\20H\213\254$\370\5\0\0H\211k\30H\213\254$\350\5\0\0\200"..., 28678 <unfinished ...>
17032 clock_gettime(CLOCK_MONOTONIC,  <unfinished ...>
17035 <... write resumed> )             = 28678
17033 select(0, NULL, NULL, NULL, {0, 100} <unfinished ...>
17032 <... clock_gettime resumed> {4903, 563067288}) = 0
17035 write(6, "\r\n", 2 <unfinished ...>
17032 clock_gettime(CLOCK_REALTIME,  <unfinished ...>
17035 <... write resumed> )             = 2
17032 <... clock_gettime resumed> {1465918769, 347091817}) = 0
17035 read(7,  <unfinished ...>
17032 select(0, NULL, NULL, NULL, {0, 20} <unfinished ...>
17035 <... read resumed> "7c4251a1f889673c\0\0\0\2\350\1/home/hmen"..., 32768) = 32768
17035 write(6, "8000\r\nnl.NetlinkRequestData\0\0\0\262\214"..., 4096) = 4096
17035 write(6, "stData\0\36\"\".autotmp_0887\0\0\2ztype."..., 28678) = -1 EAGAIN (Resource temporarily unavailable)
17035 read(7, "\350\0\0\0\0H\213D$\10H\213l$@@\210(L\213\204$\220\0\0\0I\213(\211\355\211"..., 32768) = 32768
17035 futex(0xc8200f6590, FUTEX_WAIT, 0, NULL <unfinished ...>
17032 <... select resumed> )            = 0 (Timeout)
17032 clock_gettime(CLOCK_MONOTONIC,  <unfinished ...>
17033 <... select resumed> )            = 0 (Timeout)
17032 <... clock_gettime resumed> {4903, 563249587}) = 0
17033 futex(0xc82002ea10, FUTEX_WAIT, 0, NULL <unfinished ...>
17032 clock_gettime(CLOCK_REALTIME, {1465918769, 347270822}) = 0
17032 select(0, NULL, NULL, NULL, {0, 20}) = 0 (Timeout)
17032 clock_gettime(CLOCK_MONOTONIC, {4903, 563408409}) = 0
17032 futex(0x21ee760, FUTEX_WAIT, 0, {60, 0} <unfinished ...>
17031 <... epoll_wait resumed> {{EPOLLOUT, {u32=2134024192, u64=140606478393344}}}, 128, -1) = 1
17031 clock_gettime(CLOCK_MONOTONIC, {4903, 565474376}) = 0
17031 futex(0xc82002ea10, FUTEX_WAKE, 1 <unfinished ...>
17033 <... futex resumed> )             = 0
17031 <... futex resumed> )             = 1
17033 epoll_wait(5,  <unfinished ...>
17031 futex(0x21ee760, FUTEX_WAKE, 1 <unfinished ...>
17033 <... epoll_wait resumed> {}, 128, 0) = 0
17031 <... futex resumed> )             = 1
17033 sched_yield( <unfinished ...>
17032 <... futex resumed> )             = 0
17031 write(6, "stData\0\36\"\".autotmp_0887\0\0\2ztype."..., 28678 <unfinished ...>
17033 <... sched_yield resumed> )       = 0
17032 clock_gettime(CLOCK_MONOTONIC,  <unfinished ...>
17031 <... write resumed> )             = 28678
17033 futex(0x21ee6a0, FUTEX_WAKE, 1 <unfinished ...>
17032 <... clock_gettime resumed> {4903, 565747502}) = 0
17031 write(6, "\r\n", 2 <unfinished ...>
17033 <... futex resumed> )             = 0
17031 <... write resumed> )             = 2
17032 clock_gettime(CLOCK_REALTIME,  <unfinished ...>
17033 epoll_wait(5,  <unfinished ...>
17031 futex(0xc8200f6590, FUTEX_WAKE, 1 <unfinished ...>
17033 <... epoll_wait resumed> {{EPOLLOUT, {u32=2134024192, u64=140606478393344}}}, 128, -1) = 1
17032 <... clock_gettime resumed> {1465918769, 349955060}) = 0
17031 <... futex resumed> )             = 1
17035 <... futex resumed> )             = 0
17033 epoll_wait(5,  <unfinished ...>
17032 select(0, NULL, NULL, NULL, {0, 20} <unfinished ...>
17031 write(6, "8000\r\n1071\0\0\2btype.*github.com/v"..., 4096 <unfinished ...>
17035 select(0, NULL, NULL, NULL, {0, 100} <unfinished ...>
17031 <... write resumed> )             = 4096
17031 write(6, "$\30H\213\35\0\0\0\0H\211\34$H\213\35\0\0\0\0H\213[H\377\323\213\\$ H\211"..., 28678) = 28678
17032 <... select resumed> )            = 0 (Timeout)
17031 write(6, "\r\n", 2 <unfinished ...>
17032 clock_gettime(CLOCK_MONOTONIC,  <unfinished ...>
17031 <... write resumed> )             = 2
17032 <... clock_gettime resumed> {4903, 566277370}) = 0
17031 read(7,  <unfinished ...>
17035 <... select resumed> )            = 0 (Timeout)
17032 clock_gettime(CLOCK_REALTIME,  <unfinished ...>
17031 <... read resumed> "hub.com/vishvananda/netlink/nl.N"..., 32768) = 32768
17035 futex(0xc8200f6590, FUTEX_WAIT, 0, NULL <unfinished ...>
17032 <... clock_gettime resumed> {1465918769, 350365948}) = 0
17031 futex(0xc8200f6590, FUTEX_WAKE, 1 <unfinished ...>
17035 <... futex resumed> )             = -1 EAGAIN (Resource temporarily unavailable)
17032 select(0, NULL, NULL, NULL, {0, 20} <unfinished ...>
17031 <... futex resumed> )             = 0
17035 select(0, NULL, NULL, NULL, {0, 100} <unfinished ...>
17033 <... epoll_wait resumed> {{EPOLLOUT, {u32=2134024192, u64=140606478393344}}}, 128, -1) = 1
17031 write(6, "8000\r\nrs/runc/Godeps/_workspace/"..., 4096 <unfinished ...>
17033 epoll_wait(5,  <unfinished ...>
17031 <... write resumed> )             = 4096
17033 <... epoll_wait resumed> {{EPOLLOUT, {u32=2134024192, u64=140606478393344}}}, 128, -1) = 1
17031 write(6, "anicindex\0\0\0\324\37\10\f\0\0$runtime.panic"..., 28678 <unfinished ...>
17033 epoll_wait(5,  <unfinished ...>
17031 <... write resumed> )             = 28678
17032 <... select resumed> )            = 0 (Timeout)
17031 write(6, "\r\n", 2 <unfinished ...>
17032 clock_gettime(CLOCK_MONOTONIC,  <unfinished ...>
17031 <... write resumed> )             = 2
17032 <... clock_gettime resumed> {4903, 566535061}) = 0
17031 read(7,  <unfinished ...>
17032 clock_gettime(CLOCK_REALTIME,  <unfinished ...>
17031 <... read resumed> "\0\0\0\0u\tH\211S\20\351\260\362\377\377L\215C\20L\211\4$H\211T$\10\350\0\0\0"..., 32768) = 32768
17032 <... clock_gettime resumed> {1465918769, 350555778}) = 0
17031 write(6, "8000\r\n\355\20H\1\353H\215-\0\0\0\0H\211+H\307C\10\5\0\0\0H\211T"..., 4096 <unfinished ...>
17032 select(0, NULL, NULL, NULL, {0, 20} <unfinished ...>
17031 <... write resumed> )             = 4096
17031 write(6, "\32\2\0\0\17\266\\$E\210\234$\33\2\0\0\17\266\\$F\210\234$\34\2\0\0\17\266\\$"..., 28678 <unfinished ...>
17035 <... select resumed> )            = 0 (Timeout)
17031 <... write resumed> )             = 28678
17035 select(0, NULL, NULL, NULL, {0, 100} <unfinished ...>
17031 write(6, "\r\n", 2)               = 2
17031 read(7, "oute\0\0\4\34type.*\"\".Route\0\20\2\27`\206\1_\23\0"..., 32768) = 32768
17032 <... select resumed> )            = 0 (Timeout)
17031 write(6, "8000\r\n\0t21\333H\211\234$p\3\0\0H\211\234$x\3\0\0H\211\234$\200"..., 4096 <unfinished ...>
17032 clock_gettime(CLOCK_MONOTONIC,  <unfinished ...>
17031 <... write resumed> )             = 4096
17032 <... clock_gettime resumed> {4903, 566707730}) = 0
17031 write(6, "\0\0\0\0H\213D$\30\351\35\357\377\377\350\0\0\0\0\351\354\355\377\377\314\314\314\314\314\314\314\314"..., 28678 <unfinished ...>
17032 clock_gettime(CLOCK_REALTIME,  <unfinished ...>
17031 <... write resumed> )             = 28678
17032 <... clock_gettime resumed> {1465918769, 350728695}) = 0
17031 write(6, "\r\n", 2 <unfinished ...>
17032 select(0, NULL, NULL, NULL, {0, 20} <unfinished ...>
17031 <... write resumed> )             = 2
17031 read(7, "\0\0\234\n\10\32\0\0xtype.[0]github.com/vish"..., 32768) = 32768
17031 write(6, "8000\r\n IP family\"\0\0\0\352\27\10\f\0\0\24fmt.E"..., 4096 <unfinished ...>
17032 <... select resumed> )            = 0 (Timeout)
17035 <... select resumed> )            = 0 (Timeout)
17032 clock_gettime(CLOCK_MONOTONIC,  <unfinished ...>
17031 <... write resumed> )             = 4096
17035 read(7,  <unfinished ...>
17032 <... clock_gettime resumed> {4903, 566828451}) = 0
17031 write(6, ".panicindex\0\0\0\260P\10\f\0\0$runtime.pan"..., 28678 <unfinished ...>
17035 <... read resumed> "\0\0\0H\213\234$\260\0\0\0H\211\34$H\203<$\0\17\204\361\26\0\0H\203\4$PH"..., 32768) = 32768
17032 clock_gettime(CLOCK_REALTIME,  <unfinished ...>
17031 <... write resumed> )             = 28678
17035 futex(0xc8200f6590, FUTEX_WAIT, 0, NULL <unfinished ...>
17032 <... clock_gettime resumed> {1465918769, 350873186}) = 0
17031 write(6, "\r\n", 2 <unfinished ...>
17032 select(0, NULL, NULL, NULL, {0, 20} <unfinished ...>
17031 <... write resumed> )             = 2
17031 futex(0xc8200f6590, FUTEX_WAKE, 1 <unfinished ...>
17035 <... futex resumed> )             = 0
17031 <... futex resumed> )             = 1
17035 select(0, NULL, NULL, NULL, {0, 100} <unfinished ...>
17031 write(6, "8000\r\npe.string\0\10\"\".m\0\0\4\30type.\"\""..., 4096) = 4096
17031 write(6, "\0\17\205 \2\0\0H\211C H\213\234$\220\0\0\0H\213\254$\370\0\0\0H\211k\20H"..., 28678) = 28678
17031 write(6, "\r\n", 2 <unfinished ...>
17032 <... select resumed> )            = 0 (Timeout)
17031 <... write resumed> )             = 2
17032 clock_gettime(CLOCK_MONOTONIC,  <unfinished ...>
17031 read(7,  <unfinished ...>
17032 <... clock_gettime resumed> {4903, 567029852}) = 0
17031 <... read resumed> "\0\0H\213D$`\351\27\354\377\377\211\3\353\253H\215\35\0\0\0\0H\211\34$H\215\35\0\0"..., 32768) = 32768
17032 clock_gettime(CLOCK_REALTIME,  <unfinished ...>
17031 write(6, "8000\r\nom/vishvananda/netlink/nl."..., 4096 <unfinished ...>
17032 <... clock_gettime resumed> {1465918769, 351056302}) = 0
17031 <... write resumed> )             = 4096
17032 select(0, NULL, NULL, NULL, {0, 20} <unfinished ...>
17031 write(6, "iveEndian\0\0\0\312_\10\f\0\0.runtime.write"..., 28678) = 28678
17035 <... select resumed> )            = 0 (Timeout)
17031 write(6, "\r\n", 2)               = 2
17035 read(7,  <unfinished ...>
17031 futex(0x21ef2b0, FUTEX_WAIT, 0, NULL <unfinished ...>
17035 <... read resumed> "scAttrs\"\0\0\0\342\1\10\32\0\0$go.string.\"Str"..., 32768) = 32768
17035 futex(0x21ef2b0, FUTEX_WAKE, 1 <unfinished ...>
17032 <... select resumed> )            = 0 (Timeout)
17035 <... futex resumed> )             = 1
17032 clock_gettime(CLOCK_MONOTONIC,  <unfinished ...>
17031 <... futex resumed> )             = 0
17031 futex(0x21ef2b0, FUTEX_WAIT, 0, NULL <unfinished ...>
17035 futex(0x21ef2b0, FUTEX_WAKE, 1 <unfinished ...>
17032 <... clock_gettime resumed> {4903, 567225613}) = 0
17035 <... futex resumed> )             = 0
17031 <... futex resumed> )             = -1 EAGAIN (Resource temporarily unavailable)
17032 clock_gettime(CLOCK_REALTIME,  <unfinished ...>
17035 ioctl(0, TIOCGWINSZ <unfinished ...>
17031 select(0, NULL, NULL, NULL, {0, 100} <unfinished ...>
17032 <... clock_gettime resumed> {1465918769, 351251418}) = 0
17035 <... ioctl resumed> , {ws_row=35, ws_col=112, ws_xpixel=0, ws_ypixel=0}) = 0
17032 select(0, NULL, NULL, NULL, {0, 20} <unfinished ...>
17035 ioctl(0, TIOCGWINSZ, {ws_row=35, ws_col=112, ws_xpixel=0, ws_ypixel=0}) = 0
17035 write(1, "Sending build context to Docker "..., 48) = 48
17032 <... select resumed> )            = 0 (Timeout)
17035 write(6, "8000\r\nink/nl.b\302\2672\0\257\t\2\30type.[]uin"..., 4096 <unfinished ...>
17032 clock_gettime(CLOCK_MONOTONIC,  <unfinished ...>
17035 <... write resumed> )             = 4096
17032 <... clock_gettime resumed> {4903, 567425437}) = 0
17031 <... select resumed> )            = 0 (Timeout)
17035 write(6, "gclocals\302\2671347047f6245a35b91e9a4"..., 28678 <unfinished ...>
17032 clock_gettime(CLOCK_REALTIME,  <unfinished ...>
17031 read(7,  <unfinished ...>
17035 <... write resumed> )             = 28678
17032 <... clock_gettime resumed> {1465918769, 351463177}) = 0
17031 <... read resumed> "\0\0\0\0\0\0\0\0\0\0\0\0\0\0\0\0\0\0\0\0\0@\0\0\0\0\2\300\0\0\0\0"..., 32768) = 32768
17035 write(6, "\r\n", 2 <unfinished ...>
17032 select(0, NULL, NULL, NULL, {0, 20} <unfinished ...>
17031 futex(0x21ef2b0, FUTEX_WAIT, 0, NULL <unfinished ...>
17035 <... write resumed> )             = 2
17035 futex(0x21ef2b0, FUTEX_WAKE, 1)   = 1
17031 <... futex resumed> )             = 0
17035 write(6, "8000\r\n\200\1\0\0104\200\1\0\2\n\0S\2-\0\4Tgclocals\302"..., 4096 <unfinished ...>
17031 select(0, NULL, NULL, NULL, {0, 100} <unfinished ...>
17035 <... write resumed> )             = 4096
17032 <... select resumed> )            = 0 (Timeout)
17035 write(6, "locals\302\26733cdeccccebe80329f1fdbee"..., 28678 <unfinished ...>
17032 clock_gettime(CLOCK_MONOTONIC,  <unfinished ...>
17035 <... write resumed> )             = -1 EAGAIN (Resource temporarily unavailable)
17032 <... clock_gettime resumed> {4903, 567614405}) = 0
17035 read(7,  <unfinished ...>
17032 clock_gettime(CLOCK_REALTIME,  <unfinished ...>
17035 <... read resumed> "\"\".LinkSetNsPid\302\267f\0\2\20\0\0\20\0\0\0\0\0\0\0\0"..., 32768) = 32768
17032 <... clock_gettime resumed> {1465918769, 351639025}) = 0
17035 futex(0xc8200f6590, FUTEX_WAIT, 0, NULL <unfinished ...>
17032 select(0, NULL, NULL, NULL, {0, 20} <unfinished ...>
17031 <... select resumed> )            = 0 (Timeout)
17031 futex(0x21ef2b0, FUTEX_WAIT, 0, NULL <unfinished ...>
17032 <... select resumed> )            = 0 (Timeout)
17032 clock_gettime(CLOCK_MONOTONIC, {4903, 567780252}) = 0
17032 futex(0x21ee760, FUTEX_WAIT, 0, {60, 0} <unfinished ...>
17033 <... epoll_wait resumed> {{EPOLLOUT, {u32=2134024192, u64=140606478393344}}}, 128, -1) = 1
17033 clock_gettime(CLOCK_MONOTONIC, {4903, 568638226}) = 0
17033 futex(0x21ef2b0, FUTEX_WAKE, 1)   = 1
17031 <... futex resumed> )             = 0
17033 futex(0x21ee760, FUTEX_WAKE, 1 <unfinished ...>
17031 epoll_wait(5,  <unfinished ...>
17033 <... futex resumed> )             = 1
17032 <... futex resumed> )             = 0
17031 <... epoll_wait resumed> {}, 128, 0) = 0
17033 write(6, "locals\302\26733cdeccccebe80329f1fdbee"..., 28678 <unfinished ...>
17032 clock_gettime(CLOCK_MONOTONIC,  <unfinished ...>
17031 epoll_wait(5,  <unfinished ...>
17033 <... write resumed> )             = 28678
17032 <... clock_gettime resumed> {4903, 568720194}) = 0
17033 write(6, "\r\n", 2)               = 2
17032 clock_gettime(CLOCK_REALTIME,  <unfinished ...>
17033 futex(0xc8200f6590, FUTEX_WAKE, 1) = 1
17035 <... futex resumed> )             = 0
17032 <... clock_gettime resumed> {1465918769, 352754632}) = 0
17035 select(0, NULL, NULL, NULL, {0, 100} <unfinished ...>
17033 write(6, "8000\r\n\3\0\0\0\3\0\0\0\3\0\0\0\0\376\20Tgclocals\302\267"..., 4096 <unfinished ...>
17032 select(0, NULL, NULL, NULL, {0, 20} <unfinished ...>
17033 <... write resumed> )             = 4096
17033 write(6, "cebe80329f1fdbee7f5874cb\0\2\20\0\0\20\1\0"..., 28678) = 28678
17033 write(6, "\r\n", 2)               = 2
17033 read(7, "type.func(*\"\".FilterAttrs) strin"..., 32768) = 32768
17032 <... select resumed> )            = 0 (Timeout)
17033 write(6, "8000\r\n\0\0\0\0\0\0\0\0\0\0\0\0\0\0\0200\20\2\200\3\0 runt"..., 4096) = 4096
17032 clock_gettime(CLOCK_MONOTONIC,  <unfinished ...>
17033 write(6, "af7\0\2\30\0\0\30\1\0\0\0\7\0\0\0\v\0\0\0\0\376\20,go.stri"..., 28678) = 28678
17032 <... clock_gettime resumed> {4903, 568935363}) = 0
17035 <... select resumed> )            = 0 (Timeout)
17033 write(6, "\r\n", 2 <unfinished ...>
17032 clock_gettime(CLOCK_REALTIME,  <unfinished ...>
17035 read(7,  <unfinished ...>
17033 <... write resumed> )             = 2
17032 <... clock_gettime resumed> {1465918769, 352977512}) = 0
17035 <... read resumed> ".**\"\".Bridge\0\0\0\200\1\20\2\0\0\34type.\"\".Br"..., 32768) = 32768
17033 futex(0xc82002ea10, FUTEX_WAIT, 0, NULL <unfinished ...>
17032 select(0, NULL, NULL, NULL, {0, 20} <unfinished ...>
17035 futex(0xc82002ea10, FUTEX_WAKE, 1) = 1
17033 <... futex resumed> )             = 0
17033 futex(0xc82002ea10, FUTEX_WAIT, 0, NULL <unfinished ...>
17035 futex(0xc82002ea10, FUTEX_WAKE, 1 <unfinished ...>
17033 <... futex resumed> )             = -1 EAGAIN (Resource temporarily unavailable)
17035 <... futex resumed> )             = 0
17033 select(0, NULL, NULL, NULL, {0, 100} <unfinished ...>
17035 write(6, "8000\r\nlink.U32) string\tfunc(*\"\"."..., 4096 <unfinished ...>
17032 <... select resumed> )            = 0 (Timeout)
17035 <... write resumed> )             = 4096
17032 clock_gettime(CLOCK_MONOTONIC,  <unfinished ...>
17035 write(6, "\0\0\0\0\0\0\0\0\0\0\0\0\0\0\0\0\0\0\0\0\0\0\0\0\0\0\0\0\0\0\0\0"..., 28678 <unfinished ...>
17032 <... clock_gettime resumed> {4903, 569134708}) = 0
17035 <... write resumed> )             = 28678
17032 clock_gettime(CLOCK_REALTIME,  <unfinished ...>
17035 write(6, "\r\n", 2 <unfinished ...>
17032 <... clock_gettime resumed> {1465918769, 353153910}) = 0
17035 <... write resumed> )             = 2
17032 select(0, NULL, NULL, NULL, {0, 20} <unfinished ...>
17035 read(7, "\0\0\0\0\0\0\0\0\0\0\0\0\0\0\0\0\0\0\0\0\0\0\0\0\0\0\0\0\0\0\0\0"..., 32768) = 32768
17035 write(6, "8000\r\nAttrs\0\2\220\2\0\0\220\2\10\0\0\0\0\0\0\0\10\0\0\0\0"..., 4096) = 4096
17035 write(6, ".string.\"Veth\"\0\0\0\376\20 go.string.\"V"..., 28678 <unfinished ...>
17033 <... select resumed> )            = 0 (Timeout)
17035 <... write resumed> )             = 28678
17033 read(7,  <unfinished ...>
17032 <... select resumed> )            = 0 (Timeout)
17035 write(6, "\r\n", 2 <unfinished ...>
17033 <... read resumed> ".func(*\"\".Prio) string\0\0\0\200\3\20\2\0\0\""..., 32768) = 32768
17032 clock_gettime(CLOCK_MONOTONIC,  <unfinished ...>
17035 <... write resumed> )             = 2
17033 futex(0xc82002ea10, FUTEX_WAIT, 0, NULL <unfinished ...>
17032 <... clock_gettime resumed> {4903, 569313243}) = 0
17035 futex(0xc82002ea10, FUTEX_WAKE, 1 <unfinished ...>
17032 clock_gettime(CLOCK_REALTIME,  <unfinished ...>
17035 <... futex resumed> )             = 1
17033 <... futex resumed> )             = 0
17032 <... clock_gettime resumed> {1465918769, 353331280}) = 0
17035 write(6, "8000\r\nstring.hdr.\"Index\"\0\0\0\240\2\20\2\0"..., 4096 <unfinished ...>
17033 select(0, NULL, NULL, NULL, {0, 100} <unfinished ...>
17035 <... write resumed> )             = 4096
17032 select(0, NULL, NULL, NULL, {0, 20} <unfinished ...>
17035 write(6, "ring.\"[]netlink.Neigh\"\0\0\0\376\0206go.s"..., 28678) = 28678
17035 write(6, "\r\n", 2)               = 2
17035 read(7,  <unfinished ...>
17033 <... select resumed> )            = 0 (Timeout)
17032 <... select resumed> )            = 0 (Timeout)
17035 <... read resumed> "\0$type.func() string\0\0\0\220\2\20\2\0\0004ty"..., 32768) = 27370
17033 futex(0xc82002ea10, FUTEX_WAIT, 0, NULL <unfinished ...>
17035 read(7,  <unfinished ...>
17032 clock_gettime(CLOCK_MONOTONIC,  <unfinished ...>
17035 <... read resumed> "", 5398)      = 0
17032 <... clock_gettime resumed> {4903, 569962526}) = 0
17035 close(7 <unfinished ...>
17032 clock_gettime(CLOCK_REALTIME,  <unfinished ...>
17035 <... close resumed> )             = 0
17032 <... clock_gettime resumed> {1465918769, 354032526}) = 0
17035 futex(0xc82002ea10, FUTEX_WAKE, 1 <unfinished ...>
17032 select(0, NULL, NULL, NULL, {0, 20} <unfinished ...>
17035 <... futex resumed> )             = 1
17033 <... futex resumed> )             = 0
17033 select(0, NULL, NULL, NULL, {0, 100} <unfinished ...>
17035 write(6, "8000\r\n8type.func(\"\".Ingress) str"..., 4096) = 4096
17035 write(6, "\0\2 \0\0 \0\0\0\0\0\0\0\0\0\0\0\0\0\0\0\0\4\0\20\2\0\0<typ"..., 28678) = 28678
17032 <... select resumed> )            = 0 (Timeout)
17035 write(6, "\r\n", 2 <unfinished ...>
17032 clock_gettime(CLOCK_MONOTONIC,  <unfinished ...>
17035 <... write resumed> )             = 2
17032 <... clock_gettime resumed> {4903, 570199254}) = 0
17035 lstat("/home/hmeng/go/src/github.com/opencontainers/runc/Godeps/_workspace/src",  <unfinished ...>
17032 clock_gettime(CLOCK_REALTIME,  <unfinished ...>
17035 <... lstat resumed> {st_mode=S_IFDIR|0775, st_size=23, ...}) = 0
17032 <... clock_gettime resumed> {1465918769, 354238313}) = 0
17035 lstat("/home/hmeng/go/src/github.com/opencontainers/runc/Godeps/_workspace/src",  <unfinished ...>
17033 <... select resumed> )            = 0 (Timeout)
17032 select(0, NULL, NULL, NULL, {0, 20} <unfinished ...>
17035 <... lstat resumed> {st_mode=S_IFDIR|0775, st_size=23, ...}) = 0
17033 futex(0xc82002ea10, FUTEX_WAIT, 0, NULL <unfinished ...>
17035 lgetxattr("/home/hmeng/go/src/github.com/opencontainers/runc/Godeps/_workspace/src", "security.capability", 0xc82028f000, 128) = -1 ENODATA (No data available)
17035 openat(AT_FDCWD, "/home/hmeng/go/src/github.com/opencontainers/runc/Godeps/_workspace/src", O_RDONLY|O_CLOEXEC <unfinished ...>
17032 <... select resumed> )            = 0 (Timeout)
17035 <... openat resumed> )            = 7
17032 clock_gettime(CLOCK_MONOTONIC,  <unfinished ...>
17035 getdents64(7,  <unfinished ...>
17032 <... clock_gettime resumed> {4903, 570401498}) = 0
17035 <... getdents64 resumed> /* 3 entries */, 4096) = 80
17032 clock_gettime(CLOCK_REALTIME,  <unfinished ...>
17035 getdents64(7,  <unfinished ...>
17032 <... clock_gettime resumed> {1465918769, 354426401}) = 0
17035 <... getdents64 resumed> /* 0 entries */, 4096) = 0
17032 select(0, NULL, NULL, NULL, {0, 20} <unfinished ...>
17035 close(7)                          = 0
17035 lstat("/home/hmeng/go/src/github.com/opencontainers/runc/Godeps/_workspace/src/github.com", {st_mode=S_IFDIR|0775, st_size=4096, ...}) = 0
17035 lstat("/home/hmeng/go/src/github.com/opencontainers/runc/Godeps/_workspace/src/github.com", {st_mode=S_IFDIR|0775, st_size=4096, ...}) = 0
17032 <... select resumed> )            = 0 (Timeout)
17035 lgetxattr("/home/hmeng/go/src/github.com/opencontainers/runc/Godeps/_workspace/src/github.com", "security.capability" <unfinished ...>
17032 clock_gettime(CLOCK_MONOTONIC,  <unfinished ...>
17035 <... lgetxattr resumed> , 0xc82028f080, 128) = -1 ENODATA (No data available)
17032 <... clock_gettime resumed> {4903, 571130493}) = 0
17035 openat(AT_FDCWD, "/home/hmeng/go/src/github.com/opencontainers/runc/Godeps/_workspace/src/github.com", O_RDONLY|O_CLOEXEC <unfinished ...>
17032 clock_gettime(CLOCK_REALTIME,  <unfinished ...>
17035 <... openat resumed> )            = 7
17032 <... clock_gettime resumed> {1465918769, 355173448}) = 0
17035 getdents64(7,  <unfinished ...>
17032 select(0, NULL, NULL, NULL, {0, 20} <unfinished ...>
17035 <... getdents64 resumed> /* 13 entries */, 4096) = 408
17035 getdents64(7, /* 0 entries */, 4096) = 0
17035 close(7)                          = 0
17035 lstat("/home/hmeng/go/src/github.com/opencontainers/runc/Godeps/_workspace/src/github.com/Sirupsen", {st_mode=S_IFDIR|0775, st_size=19, ...}) = 0
17035 lstat("/home/hmeng/go/src/github.com/opencontainers/runc/Godeps/_workspace/src/github.com/Sirupsen",  <unfinished ...>
17032 <... select resumed> )            = 0 (Timeout)
17035 <... lstat resumed> {st_mode=S_IFDIR|0775, st_size=19, ...}) = 0
17032 clock_gettime(CLOCK_MONOTONIC,  <unfinished ...>
17035 lgetxattr("/home/hmeng/go/src/github.com/opencontainers/runc/Godeps/_workspace/src/github.com/Sirupsen", "security.capability" <unfinished ...>
17032 <... clock_gettime resumed> {4903, 571336021}) = 0
17035 <... lgetxattr resumed> , 0xc82028f100, 128) = -1 ENODATA (No data available)
17032 clock_gettime(CLOCK_REALTIME,  <unfinished ...>
17035 openat(AT_FDCWD, "/home/hmeng/go/src/github.com/opencontainers/runc/Godeps/_workspace/src/github.com/Sirupsen", O_RDONLY|O_CLOEXEC <unfinished ...>
17032 <... clock_gettime resumed> {1465918769, 355364947}) = 0
17035 <... openat resumed> )            = 7
17032 select(0, NULL, NULL, NULL, {0, 20} <unfinished ...>
17035 getdents64(7, /* 3 entries */, 4096) = 80
17035 getdents64(7, /* 0 entries */, 4096) = 0
17035 close(7)                          = 0
17035 lstat("/home/hmeng/go/src/github.com/opencontainers/runc/Godeps/_workspace/src/github.com/Sirupsen/logrus", {st_mode=S_IFDIR|0775, st_size=4096, ...}) = 0
17035 lstat("/home/hmeng/go/src/github.com/opencontainers/runc/Godeps/_workspace/src/github.com/Sirupsen/logrus", {st_mode=S_IFDIR|0775, st_size=4096, ...}) = 0
17032 <... select resumed> )            = 0 (Timeout)
17035 lgetxattr("/home/hmeng/go/src/github.com/opencontainers/runc/Godeps/_workspace/src/github.com/Sirupsen/logrus", "security.capability" <unfinished ...>
17032 clock_gettime(CLOCK_MONOTONIC,  <unfinished ...>
17035 <... lgetxattr resumed> , 0xc82028f180, 128) = -1 ENODATA (No data available)
17032 <... clock_gettime resumed> {4903, 571526492}) = 0
17035 openat(AT_FDCWD, "/home/hmeng/go/src/github.com/opencontainers/runc/Godeps/_workspace/src/github.com/Sirupsen/logrus", O_RDONLY|O_CLOEXEC <unfinished ...>
17032 clock_gettime(CLOCK_REALTIME,  <unfinished ...>
17035 <... openat resumed> )            = 7
17032 <... clock_gettime resumed> {1465918769, 355556861}) = 0
17035 getdents64(7,  <unfinished ...>
17032 select(0, NULL, NULL, NULL, {0, 20} <unfinished ...>
17035 <... getdents64 resumed> /* 25 entries */, 4096) = 856
17035 getdents64(7, /* 0 entries */, 4096) = 0
17035 close(7)                          = 0
17035 lstat("/home/hmeng/go/src/github.com/opencontainers/runc/Godeps/_workspace/src/github.com/Sirupsen/logrus/.gitignore", {st_mode=S_IFREG|0664, st_size=7, ...}) = 0
17035 lstat("/home/hmeng/go/src/github.com/opencontainers/runc/Godeps/_workspace/src/github.com/Sirupsen/logrus/.gitignore", {st_mode=S_IFREG|0664, st_size=7, ...}) = 0
17032 <... select resumed> )            = 0 (Timeout)
17035 lgetxattr("/home/hmeng/go/src/github.com/opencontainers/runc/Godeps/_workspace/src/github.com/Sirupsen/logrus/.gitignore", "security.capability" <unfinished ...>
17032 clock_gettime(CLOCK_MONOTONIC,  <unfinished ...>
17035 <... lgetxattr resumed> , 0xc82028f200, 128) = -1 ENODATA (No data available)
17032 <... clock_gettime resumed> {4903, 571712050}) = 0
17035 openat(AT_FDCWD, "/home/hmeng/go/src/github.com/opencontainers/runc/Godeps/_workspace/src/github.com/Sirupsen/logrus/.gitignore", O_RDONLY|O_CLOEXEC <unfinished ...>
17032 clock_gettime(CLOCK_REALTIME,  <unfinished ...>
17035 <... openat resumed> )            = 7
17032 <... clock_gettime resumed> {1465918769, 355739625}) = 0
17035 read(7,  <unfinished ...>
17032 select(0, NULL, NULL, NULL, {0, 20} <unfinished ...>
17035 <... read resumed> "logrus\n", 32768) = 7
17035 read(7, "", 32761)                = 0
17035 close(7)                          = 0
17035 lstat("/home/hmeng/go/src/github.com/opencontainers/runc/Godeps/_workspace/src/github.com/Sirupsen/logrus/.travis.yml", {st_mode=S_IFREG|0664, st_size=78, ...}) = 0
17035 lstat("/home/hmeng/go/src/github.com/opencontainers/runc/Godeps/_workspace/src/github.com/Sirupsen/logrus/.travis.yml", {st_mode=S_IFREG|0664, st_size=78, ...}) = 0
17032 <... select resumed> )            = 0 (Timeout)
17035 lgetxattr("/home/hmeng/go/src/github.com/opencontainers/runc/Godeps/_workspace/src/github.com/Sirupsen/logrus/.travis.yml", "security.capability" <unfinished ...>
17032 clock_gettime(CLOCK_MONOTONIC,  <unfinished ...>
17035 <... lgetxattr resumed> , 0xc82028f280, 128) = -1 ENODATA (No data available)
17032 <... clock_gettime resumed> {4903, 571907540}) = 0
17035 openat(AT_FDCWD, "/home/hmeng/go/src/github.com/opencontainers/runc/Godeps/_workspace/src/github.com/Sirupsen/logrus/.travis.yml", O_RDONLY|O_CLOEXEC <unfinished ...>
17032 clock_gettime(CLOCK_REALTIME,  <unfinished ...>
17035 <... openat resumed> )            = 7
17032 <... clock_gettime resumed> {1465918769, 355935018}) = 0
17035 read(7,  <unfinished ...>
17032 select(0, NULL, NULL, NULL, {0, 20} <unfinished ...>
17035 <... read resumed> "language: go\ngo:\n  - 1.2\n  - 1.3"..., 32768) = 78
17035 read(7, "", 32690)                = 0
17035 close(7)                          = 0
17032 <... select resumed> )            = 0 (Timeout)
17035 lstat("/home/hmeng/go/src/github.com/opencontainers/runc/Godeps/_workspace/src/github.com/Sirupsen/logrus/CHANGELOG.md",  <unfinished ...>
17032 clock_gettime(CLOCK_MONOTONIC,  <unfinished ...>
17035 <... lstat resumed> {st_mode=S_IFREG|0664, st_size=137, ...}) = 0
17032 <... clock_gettime resumed> {4903, 572047744}) = 0
17035 lstat("/home/hmeng/go/src/github.com/opencontainers/runc/Godeps/_workspace/src/github.com/Sirupsen/logrus/CHANGELOG.md",  <unfinished ...>
17032 clock_gettime(CLOCK_REALTIME,  <unfinished ...>
17035 <... lstat resumed> {st_mode=S_IFREG|0664, st_size=137, ...}) = 0
17032 <... clock_gettime resumed> {1465918769, 356070272}) = 0
17035 lgetxattr("/home/hmeng/go/src/github.com/opencontainers/runc/Godeps/_workspace/src/github.com/Sirupsen/logrus/CHANGELOG.md", "security.capability" <unfinished ...>
17032 select(0, NULL, NULL, NULL, {0, 20} <unfinished ...>
17035 <... lgetxattr resumed> , 0xc82028f300, 128) = -1 ENODATA (No data available)
17035 openat(AT_FDCWD, "/home/hmeng/go/src/github.com/opencontainers/runc/Godeps/_workspace/src/github.com/Sirupsen/logrus/CHANGELOG.md", O_RDONLY|O_CLOEXEC) = 7
17035 read(7, "# 0.7.3\n\nformatter/\\*: allow con"..., 32768) = 137
17035 read(7, "", 32631)                = 0
17035 close(7)                          = 0
17035 lstat("/home/hmeng/go/src/github.com/opencontainers/runc/Godeps/_workspace/src/github.com/Sirupsen/logrus/LICENSE",  <unfinished ...>
17032 <... select resumed> )            = 0 (Timeout)
17035 <... lstat resumed> {st_mode=S_IFREG|0664, st_size=1082, ...}) = 0
17032 clock_gettime(CLOCK_MONOTONIC,  <unfinished ...>
17035 lstat("/home/hmeng/go/src/github.com/opencontainers/runc/Godeps/_workspace/src/github.com/Sirupsen/logrus/LICENSE",  <unfinished ...>
17032 <... clock_gettime resumed> {4903, 572230121}) = 0
17035 <... lstat resumed> {st_mode=S_IFREG|0664, st_size=1082, ...}) = 0
17032 clock_gettime(CLOCK_REALTIME,  <unfinished ...>
17035 lgetxattr("/home/hmeng/go/src/github.com/opencontainers/runc/Godeps/_workspace/src/github.com/Sirupsen/logrus/LICENSE", "security.capability" <unfinished ...>
17032 <... clock_gettime resumed> {1465918769, 356248763}) = 0
17035 <... lgetxattr resumed> , 0xc82028f380, 128) = -1 ENODATA (No data available)
17032 select(0, NULL, NULL, NULL, {0, 20} <unfinished ...>
17035 openat(AT_FDCWD, "/home/hmeng/go/src/github.com/opencontainers/runc/Godeps/_workspace/src/github.com/Sirupsen/logrus/LICENSE", O_RDONLY|O_CLOEXEC) = 7
17035 read(7, "The MIT License (MIT)\n\nCopyright"..., 32768) = 1082
17035 read(7, "", 31686)                = 0
17035 close(7)                          = 0
17035 lstat("/home/hmeng/go/src/github.com/opencontainers/runc/Godeps/_workspace/src/github.com/Sirupsen/logrus/README.md", {st_mode=S_IFREG|0664, st_size=12293, ...}) = 0
17035 lstat("/home/hmeng/go/src/github.com/opencontainers/runc/Godeps/_workspace/src/github.com/Sirupsen/logrus/README.md",  <unfinished ...>
17032 <... select resumed> )            = 0 (Timeout)
17035 <... lstat resumed> {st_mode=S_IFREG|0664, st_size=12293, ...}) = 0
17032 clock_gettime(CLOCK_MONOTONIC,  <unfinished ...>
17035 lgetxattr("/home/hmeng/go/src/github.com/opencontainers/runc/Godeps/_workspace/src/github.com/Sirupsen/logrus/README.md", "security.capability" <unfinished ...>
17032 <... clock_gettime resumed> {4903, 572411029}) = 0
17035 <... lgetxattr resumed> , 0xc82028f400, 128) = -1 ENODATA (No data available)
17032 clock_gettime(CLOCK_REALTIME,  <unfinished ...>
17035 openat(AT_FDCWD, "/home/hmeng/go/src/github.com/opencontainers/runc/Godeps/_workspace/src/github.com/Sirupsen/logrus/README.md", O_RDONLY|O_CLOEXEC <unfinished ...>
17032 <... clock_gettime resumed> {1465918769, 356440454}) = 0
17035 <... openat resumed> )            = 7
17032 select(0, NULL, NULL, NULL, {0, 20} <unfinished ...>
17035 read(7, "# Logrus <img src=\"http://i.imgu"..., 32768) = 12293
17035 read(7, "", 20475)                = 0
17035 close(7)                          = 0
17035 futex(0xc82002ea10, FUTEX_WAKE, 1) = 1
17033 <... futex resumed> )             = 0
17035 write(6, "8000\r\npe.[]\"\".XfrmPolicy\0\0\0\376\20Dgo"..., 4096 <unfinished ...>
17033 select(0, NULL, NULL, NULL, {0, 100} <unfinished ...>
17032 <... select resumed> )            = 0 (Timeout)
17035 <... write resumed> )             = 4096
17032 clock_gettime(CLOCK_MONOTONIC,  <unfinished ...>
17035 write(6, "\0\0\0\0\0\0\0\0\0\0\0\0\0\0\0\0\0\0\0\0\0\0\0\0\0\0\0\0\0\0\0\0"..., 28678 <unfinished ...>
17032 <... clock_gettime resumed> {4903, 572633874}) = 0
17035 <... write resumed> )             = 28678
17032 clock_gettime(CLOCK_REALTIME,  <unfinished ...>
17035 write(6, "\r\n", 2 <unfinished ...>
17032 <... clock_gettime resumed> {1465918769, 356657447}) = 0
17035 <... write resumed> )             = 2
17032 select(0, NULL, NULL, NULL, {0, 20} <unfinished ...>
17035 lstat("/home/hmeng/go/src/github.com/opencontainers/runc/Godeps/_workspace/src/github.com/Sirupsen/logrus/entry.go", {st_mode=S_IFREG|0664, st_size=6144, ...}) = 0
17035 lstat("/home/hmeng/go/src/github.com/opencontainers/runc/Godeps/_workspace/src/github.com/Sirupsen/logrus/entry.go", {st_mode=S_IFREG|0664, st_size=6144, ...}) = 0
17035 lgetxattr("/home/hmeng/go/src/github.com/opencontainers/runc/Godeps/_workspace/src/github.com/Sirupsen/logrus/entry.go", "security.capability", 0xc82028f480, 128) = -1 ENODATA (No data available)
17035 openat(AT_FDCWD, "/home/hmeng/go/src/github.com/opencontainers/runc/Godeps/_workspace/src/github.com/Sirupsen/logrus/entry.go", O_RDONLY|O_CLOEXEC <unfinished ...>
17033 <... select resumed> )            = 0 (Timeout)
17032 <... select resumed> )            = 0 (Timeout)
17035 <... openat resumed> )            = 7
17033 futex(0xc82002ea10, FUTEX_WAIT, 0, NULL <unfinished ...>
17032 clock_gettime(CLOCK_MONOTONIC,  <unfinished ...>
17035 read(7,  <unfinished ...>
17032 <... clock_gettime resumed> {4903, 572821278}) = 0
17035 <... read resumed> "package logrus\n\nimport (\n\t\"bytes"..., 32768) = 6144
17032 clock_gettime(CLOCK_REALTIME,  <unfinished ...>
17035 read(7,  <unfinished ...>
17032 <... clock_gettime resumed> {1465918769, 356843025}) = 0
17035 <... read resumed> "", 26624)     = 0
17032 select(0, NULL, NULL, NULL, {0, 20} <unfinished ...>
17035 close(7)                          = 0
17035 lstat("/home/hmeng/go/src/github.com/opencontainers/runc/Godeps/_workspace/src/github.com/Sirupsen/logrus/examples", {st_mode=S_IFDIR|0775, st_size=29, ...}) = 0
17035 lstat("/home/hmeng/go/src/github.com/opencontainers/runc/Godeps/_workspace/src/github.com/Sirupsen/logrus/examples", {st_mode=S_IFDIR|0775, st_size=29, ...}) = 0
17035 lgetxattr("/home/hmeng/go/src/github.com/opencontainers/runc/Godeps/_workspace/src/github.com/Sirupsen/logrus/examples", "security.capability", 0xc82028f500, 128) = -1 ENODATA (No data available)
17035 openat(AT_FDCWD, "/home/hmeng/go/src/github.com/opencontainers/runc/Godeps/_workspace/src/github.com/Sirupsen/logrus/examples", O_RDONLY|O_CLOEXEC <unfinished ...>
17032 <... select resumed> )            = 0 (Timeout)
17035 <... openat resumed> )            = 7
17032 clock_gettime(CLOCK_MONOTONIC,  <unfinished ...>
17035 getdents64(7,  <unfinished ...>
17032 <... clock_gettime resumed> {4903, 572994551}) = 0
17035 <... getdents64 resumed> /* 4 entries */, 4096) = 104
17032 clock_gettime(CLOCK_REALTIME,  <unfinished ...>
17035 getdents64(7,  <unfinished ...>
17032 <... clock_gettime resumed> {1465918769, 357026977}) = 0
17035 <... getdents64 resumed> /* 0 entries */, 4096) = 0
17032 select(0, NULL, NULL, NULL, {0, 20} <unfinished ...>
17035 close(7)                          = 0
17035 lstat("/home/hmeng/go/src/github.com/opencontainers/runc/Godeps/_workspace/src/github.com/Sirupsen/logrus/examples/basic", {st_mode=S_IFDIR|0775, st_size=21, ...}) = 0
17035 lstat("/home/hmeng/go/src/github.com/opencontainers/runc/Godeps/_workspace/src/github.com/Sirupsen/logrus/examples/basic", {st_mode=S_IFDIR|0775, st_size=21, ...}) = 0
17035 lgetxattr("/home/hmeng/go/src/github.com/opencontainers/runc/Godeps/_workspace/src/github.com/Sirupsen/logrus/examples/basic", "security.capability", 0xc82028f800, 128) = -1 ENODATA (No data available)
17032 <... select resumed> )            = 0 (Timeout)
17035 openat(AT_FDCWD, "/home/hmeng/go/src/github.com/opencontainers/runc/Godeps/_workspace/src/github.com/Sirupsen/logrus/examples/basic", O_RDONLY|O_CLOEXEC <unfinished ...>
17032 clock_gettime(CLOCK_MONOTONIC,  <unfinished ...>
17035 <... openat resumed> )            = 7
17032 <... clock_gettime resumed> {4903, 573172884}) = 0
17035 getdents64(7,  <unfinished ...>
17032 clock_gettime(CLOCK_REALTIME,  <unfinished ...>
17035 <... getdents64 resumed> /* 3 entries */, 4096) = 80
17032 <... clock_gettime resumed> {1465918769, 357190956}) = 0
17035 getdents64(7,  <unfinished ...>
17032 select(0, NULL, NULL, NULL, {0, 20} <unfinished ...>
17035 <... getdents64 resumed> /* 0 entries */, 4096) = 0
17035 close(7)                          = 0
17035 lstat("/home/hmeng/go/src/github.com/opencontainers/runc/Godeps/_workspace/src/github.com/Sirupsen/logrus/examples/basic/basic.go", {st_mode=S_IFREG|0664, st_size=961, ...}) = 0
17035 lstat("/home/hmeng/go/src/github.com/opencontainers/runc/Godeps/_workspace/src/github.com/Sirupsen/logrus/examples/basic/basic.go", {st_mode=S_IFREG|0664, st_size=961, ...}) = 0
17035 lgetxattr("/home/hmeng/go/src/github.com/opencontainers/runc/Godeps/_workspace/src/github.com/Sirupsen/logrus/examples/basic/basic.go", "security.capability", 0xc82028fc00, 128) = -1 ENODATA (No data available)
17032 <... select resumed> )            = 0 (Timeout)
17035 openat(AT_FDCWD, "/home/hmeng/go/src/github.com/opencontainers/runc/Godeps/_workspace/src/github.com/Sirupsen/logrus/examples/basic/basic.go", O_RDONLY|O_CLOEXEC <unfinished ...>
17032 clock_gettime(CLOCK_MONOTONIC,  <unfinished ...>
17035 <... openat resumed> )            = 7
17032 <... clock_gettime resumed> {4903, 573340476}) = 0
17035 read(7,  <unfinished ...>
17032 clock_gettime(CLOCK_REALTIME,  <unfinished ...>
17035 <... read resumed> "package main\n\nimport (\n\t\"github."..., 32768) = 961
17032 <... clock_gettime resumed> {1465918769, 357356713}) = 0
17035 read(7,  <unfinished ...>
17032 select(0, NULL, NULL, NULL, {0, 20} <unfinished ...>
17035 <... read resumed> "", 31807)     = 0
17035 close(7)                          = 0
17035 lstat("/home/hmeng/go/src/github.com/opencontainers/runc/Godeps/_workspace/src/github.com/Sirupsen/logrus/examples/hook", {st_mode=S_IFDIR|0775, st_size=20, ...}) = 0
17035 lstat("/home/hmeng/go/src/github.com/opencontainers/runc/Godeps/_workspace/src/github.com/Sirupsen/logrus/examples/hook", {st_mode=S_IFDIR|0775, st_size=20, ...}) = 0
17035 lgetxattr("/home/hmeng/go/src/github.com/opencontainers/runc/Godeps/_workspace/src/github.com/Sirupsen/logrus/examples/hook", "security.capability", 0xc82028fe80, 128) = -1 ENODATA (No data available)
17032 <... select resumed> )            = 0 (Timeout)
17035 openat(AT_FDCWD, "/home/hmeng/go/src/github.com/opencontainers/runc/Godeps/_workspace/src/github.com/Sirupsen/logrus/examples/hook", O_RDONLY|O_CLOEXEC <unfinished ...>
17032 clock_gettime(CLOCK_MONOTONIC,  <unfinished ...>
17035 <... openat resumed> )            = 7
17032 <... clock_gettime resumed> {4903, 573502769}) = 0
17035 getdents64(7,  <unfinished ...>
17032 clock_gettime(CLOCK_REALTIME,  <unfinished ...>
17035 <... getdents64 resumed> /* 3 entries */, 4096) = 80
17032 <... clock_gettime resumed> {1465918769, 357518480}) = 0
17035 getdents64(7,  <unfinished ...>
17032 select(0, NULL, NULL, NULL, {0, 20} <unfinished ...>
17035 <... getdents64 resumed> /* 0 entries */, 4096) = 0
17035 close(7)                          = 0
17035 lstat("/home/hmeng/go/src/github.com/opencontainers/runc/Godeps/_workspace/src/github.com/Sirupsen/logrus/examples/hook/hook.go", {st_mode=S_IFREG|0664, st_size=630, ...}) = 0
17035 lstat("/home/hmeng/go/src/github.com/opencontainers/runc/Godeps/_workspace/src/github.com/Sirupsen/logrus/examples/hook/hook.go", {st_mode=S_IFREG|0664, st_size=630, ...}) = 0
17035 lgetxattr("/home/hmeng/go/src/github.com/opencontainers/runc/Godeps/_workspace/src/github.com/Sirupsen/logrus/examples/hook/hook.go", "security.capability", 0xc82041a280, 128) = -1 ENODATA (No data available)
17032 <... select resumed> )            = 0 (Timeout)
17035 openat(AT_FDCWD, "/home/hmeng/go/src/github.com/opencontainers/runc/Godeps/_workspace/src/github.com/Sirupsen/logrus/examples/hook/hook.go", O_RDONLY|O_CLOEXEC <unfinished ...>
17032 clock_gettime(CLOCK_MONOTONIC,  <unfinished ...>
17035 <... openat resumed> )            = 7
17032 <... clock_gettime resumed> {4903, 573671276}) = 0
17035 read(7,  <unfinished ...>
17032 clock_gettime(CLOCK_REALTIME,  <unfinished ...>
17035 <... read resumed> "package main\n\nimport (\n\t\"github."..., 32768) = 630
17032 <... clock_gettime resumed> {1465918769, 357687686}) = 0
17035 read(7,  <unfinished ...>
17032 select(0, NULL, NULL, NULL, {0, 20} <unfinished ...>
17035 <... read resumed> "", 32138)     = 0
17035 close(7)                          = 0
17035 lstat("/home/hmeng/go/src/github.com/opencontainers/runc/Godeps/_workspace/src/github.com/Sirupsen/logrus/exported.go", {st_mode=S_IFREG|0664, st_size=4677, ...}) = 0
17035 lstat("/home/hmeng/go/src/github.com/opencontainers/runc/Godeps/_workspace/src/github.com/Sirupsen/logrus/exported.go", {st_mode=S_IFREG|0664, st_size=4677, ...}) = 0
17035 lgetxattr("/home/hmeng/go/src/github.com/opencontainers/runc/Godeps/_workspace/src/github.com/Sirupsen/logrus/exported.go", "security.capability", 0xc82041a380, 128) = -1 ENODATA (No data available)
17032 <... select resumed> )            = 0 (Timeout)
17035 openat(AT_FDCWD, "/home/hmeng/go/src/github.com/opencontainers/runc/Godeps/_workspace/src/github.com/Sirupsen/logrus/exported.go", O_RDONLY|O_CLOEXEC <unfinished ...>
17032 clock_gettime(CLOCK_MONOTONIC,  <unfinished ...>
17035 <... openat resumed> )            = 7
17032 <... clock_gettime resumed> {4903, 573833091}) = 0
17035 read(7,  <unfinished ...>
17032 clock_gettime(CLOCK_REALTIME,  <unfinished ...>
17035 <... read resumed> "package logrus\n\nimport (\n\t\"io\"\n)"..., 32768) = 4677
17032 <... clock_gettime resumed> {1465918769, 357854343}) = 0
17035 read(7,  <unfinished ...>
17032 select(0, NULL, NULL, NULL, {0, 20} <unfinished ...>
17035 <... read resumed> "", 28091)     = 0
17035 close(7)                          = 0
17035 lstat("/home/hmeng/go/src/github.com/opencontainers/runc/Godeps/_workspace/src/github.com/Sirupsen/logrus/formatter.go", {st_mode=S_IFREG|0664, st_size=1399, ...}) = 0
17035 lstat("/home/hmeng/go/src/github.com/opencontainers/runc/Godeps/_workspace/src/github.com/Sirupsen/logrus/formatter.go", {st_mode=S_IFREG|0664, st_size=1399, ...}) = 0
17035 lgetxattr("/home/hmeng/go/src/github.com/opencontainers/runc/Godeps/_workspace/src/github.com/Sirupsen/logrus/formatter.go", "security.capability", 0xc82041a400, 128) = -1 ENODATA (No data available)
17032 <... select resumed> )            = 0 (Timeout)
17035 openat(AT_FDCWD, "/home/hmeng/go/src/github.com/opencontainers/runc/Godeps/_workspace/src/github.com/Sirupsen/logrus/formatter.go", O_RDONLY|O_CLOEXEC <unfinished ...>
17032 clock_gettime(CLOCK_MONOTONIC,  <unfinished ...>
17035 <... openat resumed> )            = 7
17032 <... clock_gettime resumed> {4903, 573999953}) = 0
17035 read(7,  <unfinished ...>
17032 clock_gettime(CLOCK_REALTIME,  <unfinished ...>
17035 <... read resumed> "package logrus\n\nimport \"time\"\n\nc"..., 32768) = 1399
17032 <... clock_gettime resumed> {1465918769, 358025211}) = 0
17035 read(7,  <unfinished ...>
17032 select(0, NULL, NULL, NULL, {0, 20} <unfinished ...>
17035 <... read resumed> "", 31369)     = 0
17035 close(7)                          = 0
17035 lstat("/home/hmeng/go/src/github.com/opencontainers/runc/Godeps/_workspace/src/github.com/Sirupsen/logrus/formatters", {st_mode=S_IFDIR|0775, st_size=21, ...}) = 0
17035 lstat("/home/hmeng/go/src/github.com/opencontainers/runc/Godeps/_workspace/src/github.com/Sirupsen/logrus/formatters", {st_mode=S_IFDIR|0775, st_size=21, ...}) = 0
17035 lgetxattr("/home/hmeng/go/src/github.com/opencontainers/runc/Godeps/_workspace/src/github.com/Sirupsen/logrus/formatters", "security.capability", 0xc82041a480, 128) = -1 ENODATA (No data available)
17032 <... select resumed> )            = 0 (Timeout)
17035 openat(AT_FDCWD, "/home/hmeng/go/src/github.com/opencontainers/runc/Godeps/_workspace/src/github.com/Sirupsen/logrus/formatters", O_RDONLY|O_CLOEXEC <unfinished ...>
17032 clock_gettime(CLOCK_MONOTONIC,  <unfinished ...>
17035 <... openat resumed> )            = 7
17032 <... clock_gettime resumed> {4903, 574176218}) = 0
17035 getdents64(7,  <unfinished ...>
17032 clock_gettime(CLOCK_REALTIME,  <unfinished ...>
17035 <... getdents64 resumed> /* 3 entries */, 4096) = 80
17032 <... clock_gettime resumed> {1465918769, 358194224}) = 0
17035 getdents64(7,  <unfinished ...>
17032 select(0, NULL, NULL, NULL, {0, 20} <unfinished ...>
17035 <... getdents64 resumed> /* 0 entries */, 4096) = 0
17035 close(7)                          = 0
17035 lstat("/home/hmeng/go/src/github.com/opencontainers/runc/Godeps/_workspace/src/github.com/Sirupsen/logrus/formatters/logstash", {st_mode=S_IFDIR|0775, st_size=24, ...}) = 0
17035 lstat("/home/hmeng/go/src/github.com/opencontainers/runc/Godeps/_workspace/src/github.com/Sirupsen/logrus/formatters/logstash", {st_mode=S_IFDIR|0775, st_size=24, ...}) = 0
17035 lgetxattr("/home/hmeng/go/src/github.com/opencontainers/runc/Godeps/_workspace/src/github.com/Sirupsen/logrus/formatters/logstash", "security.capability", 0xc82041a780, 128) = -1 ENODATA (No data available)
17032 <... select resumed> )            = 0 (Timeout)
17035 openat(AT_FDCWD, "/home/hmeng/go/src/github.com/opencontainers/runc/Godeps/_workspace/src/github.com/Sirupsen/logrus/formatters/logstash", O_RDONLY|O_CLOEXEC <unfinished ...>
17032 clock_gettime(CLOCK_MONOTONIC,  <unfinished ...>
17035 <... openat resumed> )            = 7
17032 <... clock_gettime resumed> {4903, 574340955}) = 0
17035 getdents64(7,  <unfinished ...>
17032 clock_gettime(CLOCK_REALTIME,  <unfinished ...>
17035 <... getdents64 resumed> /* 3 entries */, 4096) = 80
17032 <... clock_gettime resumed> {1465918769, 358356566}) = 0
17035 getdents64(7,  <unfinished ...>
17032 select(0, NULL, NULL, NULL, {0, 20} <unfinished ...>
17035 <... getdents64 resumed> /* 0 entries */, 4096) = 0
17035 close(7)                          = 0
17035 lstat("/home/hmeng/go/src/github.com/opencontainers/runc/Godeps/_workspace/src/github.com/Sirupsen/logrus/formatters/logstash/logstash.go", {st_mode=S_IFREG|0664, st_size=1205, ...}) = 0
17035 lstat("/home/hmeng/go/src/github.com/opencontainers/runc/Godeps/_workspace/src/github.com/Sirupsen/logrus/formatters/logstash/logstash.go", {st_mode=S_IFREG|0664, st_size=1205, ...}) = 0
17035 lgetxattr("/home/hmeng/go/src/github.com/opencontainers/runc/Godeps/_workspace/src/github.com/Sirupsen/logrus/formatters/logstash/logstash.go", "security.capability", 0xc82041a900, 128) = -1 ENODATA (No data available)
17032 <... select resumed> )            = 0 (Timeout)
17035 openat(AT_FDCWD, "/home/hmeng/go/src/github.com/opencontainers/runc/Godeps/_workspace/src/github.com/Sirupsen/logrus/formatters/logstash/logstash.go", O_RDONLY|O_CLOEXEC <unfinished ...>
17032 clock_gettime(CLOCK_MONOTONIC,  <unfinished ...>
17035 <... openat resumed> )            = 7
17032 <... clock_gettime resumed> {4903, 574502398}) = 0
17035 read(7,  <unfinished ...>
17032 clock_gettime(CLOCK_REALTIME,  <unfinished ...>
17035 <... read resumed> "package logstash\n\nimport (\n\t\"enc"..., 32768) = 1205
17032 <... clock_gettime resumed> {1465918769, 358518410}) = 0
17035 read(7,  <unfinished ...>
17032 select(0, NULL, NULL, NULL, {0, 20} <unfinished ...>
17035 <... read resumed> "", 31563)     = 0
17035 close(7)                          = 0
17035 lstat("/home/hmeng/go/src/github.com/opencontainers/runc/Godeps/_workspace/src/github.com/Sirupsen/logrus/hooks", {st_mode=S_IFDIR|0775, st_size=78, ...}) = 0
17035 lstat("/home/hmeng/go/src/github.com/opencontainers/runc/Godeps/_workspace/src/github.com/Sirupsen/logrus/hooks", {st_mode=S_IFDIR|0775, st_size=78, ...}) = 0
17035 lgetxattr("/home/hmeng/go/src/github.com/opencontainers/runc/Godeps/_workspace/src/github.com/Sirupsen/logrus/hooks", "security.capability", 0xc82041a980, 128) = -1 ENODATA (No data available)
17032 <... select resumed> )            = 0 (Timeout)
17035 openat(AT_FDCWD, "/home/hmeng/go/src/github.com/opencontainers/runc/Godeps/_workspace/src/github.com/Sirupsen/logrus/hooks", O_RDONLY|O_CLOEXEC <unfinished ...>
17032 clock_gettime(CLOCK_MONOTONIC,  <unfinished ...>
17035 <... openat resumed> )            = 7
17032 <... clock_gettime resumed> {4903, 574673158}) = 0
17035 getdents64(7,  <unfinished ...>
17032 clock_gettime(CLOCK_REALTIME,  <unfinished ...>
17035 <... getdents64 resumed> /* 7 entries */, 4096) = 208
17032 <... clock_gettime resumed> {1465918769, 358692181}) = 0
17035 getdents64(7,  <unfinished ...>
17032 select(0, NULL, NULL, NULL, {0, 20} <unfinished ...>
17035 <... getdents64 resumed> /* 0 entries */, 4096) = 0
17035 close(7)                          = 0
17035 lstat("/home/hmeng/go/src/github.com/opencontainers/runc/Godeps/_workspace/src/github.com/Sirupsen/logrus/hooks/airbrake", {st_mode=S_IFDIR|0775, st_size=24, ...}) = 0
17035 lstat("/home/hmeng/go/src/github.com/opencontainers/runc/Godeps/_workspace/src/github.com/Sirupsen/logrus/hooks/airbrake", {st_mode=S_IFDIR|0775, st_size=24, ...}) = 0
17035 lgetxattr("/home/hmeng/go/src/github.com/opencontainers/runc/Godeps/_workspace/src/github.com/Sirupsen/logrus/hooks/airbrake", "security.capability", 0xc82041ac80, 128) = -1 ENODATA (No data available)
17032 <... select resumed> )            = 0 (Timeout)
17035 openat(AT_FDCWD, "/home/hmeng/go/src/github.com/opencontainers/runc/Godeps/_workspace/src/github.com/Sirupsen/logrus/hooks/airbrake", O_RDONLY|O_CLOEXEC <unfinished ...>
17032 clock_gettime(CLOCK_MONOTONIC,  <unfinished ...>
17035 <... openat resumed> )            = 7
17032 <... clock_gettime resumed> {4903, 574843275}) = 0
17035 getdents64(7,  <unfinished ...>
17032 clock_gettime(CLOCK_REALTIME,  <unfinished ...>
17035 <... getdents64 resumed> /* 3 entries */, 4096) = 80
17032 <... clock_gettime resumed> {1465918769, 358864032}) = 0
17035 getdents64(7,  <unfinished ...>
17032 select(0, NULL, NULL, NULL, {0, 20} <unfinished ...>
17035 <... getdents64 resumed> /* 0 entries */, 4096) = 0
17035 close(7)                          = 0
17035 lstat("/home/hmeng/go/src/github.com/opencontainers/runc/Godeps/_workspace/src/github.com/Sirupsen/logrus/hooks/airbrake/airbrake.go", {st_mode=S_IFREG|0664, st_size=1059, ...}) = 0
17035 lstat("/home/hmeng/go/src/github.com/opencontainers/runc/Godeps/_workspace/src/github.com/Sirupsen/logrus/hooks/airbrake/airbrake.go", {st_mode=S_IFREG|0664, st_size=1059, ...}) = 0
17035 lgetxattr("/home/hmeng/go/src/github.com/opencontainers/runc/Godeps/_workspace/src/github.com/Sirupsen/logrus/hooks/airbrake/airbrake.go", "security.capability", 0xc82041b080, 128) = -1 ENODATA (No data available)
17032 <... select resumed> )            = 0 (Timeout)
17035 openat(AT_FDCWD, "/home/hmeng/go/src/github.com/opencontainers/runc/Godeps/_workspace/src/github.com/Sirupsen/logrus/hooks/airbrake/airbrake.go", O_RDONLY|O_CLOEXEC <unfinished ...>
17032 clock_gettime(CLOCK_MONOTONIC,  <unfinished ...>
17035 <... openat resumed> )            = 7
17032 <... clock_gettime resumed> {4903, 575024685}) = 0
17035 read(7,  <unfinished ...>
17032 clock_gettime(CLOCK_REALTIME,  <unfinished ...>
17035 <... read resumed> "package airbrake\n\nimport (\n\t\"err"..., 32768) = 1059
17032 <... clock_gettime resumed> {1465918769, 359044029}) = 0
17035 read(7,  <unfinished ...>
17032 select(0, NULL, NULL, NULL, {0, 20} <unfinished ...>
17035 <... read resumed> "", 31709)     = 0
17035 close(7)                          = 0
17035 lstat("/home/hmeng/go/src/github.com/opencontainers/runc/Godeps/_workspace/src/github.com/Sirupsen/logrus/hooks/bugsnag", {st_mode=S_IFDIR|0775, st_size=23, ...}) = 0
17035 lstat("/home/hmeng/go/src/github.com/opencontainers/runc/Godeps/_workspace/src/github.com/Sirupsen/logrus/hooks/bugsnag", {st_mode=S_IFDIR|0775, st_size=23, ...}) = 0
17035 lgetxattr("/home/hmeng/go/src/github.com/opencontainers/runc/Godeps/_workspace/src/github.com/Sirupsen/logrus/hooks/bugsnag", "security.capability", 0xc82041b300, 128) = -1 ENODATA (No data available)
17032 <... select resumed> )            = 0 (Timeout)
17035 openat(AT_FDCWD, "/home/hmeng/go/src/github.com/opencontainers/runc/Godeps/_workspace/src/github.com/Sirupsen/logrus/hooks/bugsnag", O_RDONLY|O_CLOEXEC <unfinished ...>
17032 clock_gettime(CLOCK_MONOTONIC,  <unfinished ...>
17035 <... openat resumed> )            = 7
17032 <... clock_gettime resumed> {4903, 575199287}) = 0
17035 getdents64(7,  <unfinished ...>
17032 clock_gettime(CLOCK_REALTIME,  <unfinished ...>
17035 <... getdents64 resumed> /* 3 entries */, 4096) = 80
17032 <... clock_gettime resumed> {1465918769, 359217006}) = 0
17035 getdents64(7,  <unfinished ...>
17032 select(0, NULL, NULL, NULL, {0, 20} <unfinished ...>
17035 <... getdents64 resumed> /* 0 entries */, 4096) = 0
17035 close(7)                          = 0
17035 lstat("/home/hmeng/go/src/github.com/opencontainers/runc/Godeps/_workspace/src/github.com/Sirupsen/logrus/hooks/bugsnag/bugsnag.go", {st_mode=S_IFREG|0664, st_size=1990, ...}) = 0
17035 lstat("/home/hmeng/go/src/github.com/opencontainers/runc/Godeps/_workspace/src/github.com/Sirupsen/logrus/hooks/bugsnag/bugsnag.go", {st_mode=S_IFREG|0664, st_size=1990, ...}) = 0
17035 lgetxattr("/home/hmeng/go/src/github.com/opencontainers/runc/Godeps/_workspace/src/github.com/Sirupsen/logrus/hooks/bugsnag/bugsnag.go", "security.capability", 0xc82041b700, 128) = -1 ENODATA (No data available)
17032 <... select resumed> )            = 0 (Timeout)
17035 openat(AT_FDCWD, "/home/hmeng/go/src/github.com/opencontainers/runc/Godeps/_workspace/src/github.com/Sirupsen/logrus/hooks/bugsnag/bugsnag.go", O_RDONLY|O_CLOEXEC <unfinished ...>
17032 clock_gettime(CLOCK_MONOTONIC,  <unfinished ...>
17035 <... openat resumed> )            = 7
17032 <... clock_gettime resumed> {4903, 575363064}) = 0
17035 read(7,  <unfinished ...>
17032 clock_gettime(CLOCK_REALTIME,  <unfinished ...>
17035 <... read resumed> "package logrus_bugsnag\n\nimport ("..., 32768) = 1990
17032 <... clock_gettime resumed> {1465918769, 359380437}) = 0
17035 read(7,  <unfinished ...>
17032 select(0, NULL, NULL, NULL, {0, 20} <unfinished ...>
17035 <... read resumed> "", 30778)     = 0
17035 close(7)                          = 0
17035 futex(0xc82002ea10, FUTEX_WAKE, 1) = 1
17033 <... futex resumed> )             = 0
17035 write(6, "8000\r\nscription |\n| ----- | ----"..., 4096 <unfinished ...>
17033 select(0, NULL, NULL, NULL, {0, 100} <unfinished ...>
17035 <... write resumed> )             = 4096
17032 <... select resumed> )            = 0 (Timeout)
17035 write(6, " define your formatter by implem"..., 28678 <unfinished ...>
17032 clock_gettime(CLOCK_MONOTONIC,  <unfinished ...>
17035 <... write resumed> )             = 28678
17032 <... clock_gettime resumed> {4903, 575529216}) = 0
17035 write(6, "\r\n", 2 <unfinished ...>
17032 clock_gettime(CLOCK_REALTIME,  <unfinished ...>
17035 <... write resumed> )             = 2
17032 <... clock_gettime resumed> {1465918769, 359547476}) = 0
17035 lstat("/home/hmeng/go/src/github.com/opencontainers/runc/Godeps/_workspace/src/github.com/Sirupsen/logrus/hooks/papertrail",  <unfinished ...>
17032 select(0, NULL, NULL, NULL, {0, 20} <unfinished ...>
17035 <... lstat resumed> {st_mode=S_IFDIR|0775, st_size=42, ...}) = 0
17035 lstat("/home/hmeng/go/src/github.com/opencontainers/runc/Godeps/_workspace/src/github.com/Sirupsen/logrus/hooks/papertrail", {st_mode=S_IFDIR|0775, st_size=42, ...}) = 0
17035 lgetxattr("/home/hmeng/go/src/github.com/opencontainers/runc/Godeps/_workspace/src/github.com/Sirupsen/logrus/hooks/papertrail", "security.capability", 0xc82041ba80, 128) = -1 ENODATA (No data available)
17035 openat(AT_FDCWD, "/home/hmeng/go/src/github.com/opencontainers/runc/Godeps/_workspace/src/github.com/Sirupsen/logrus/hooks/papertrail", O_RDONLY|O_CLOEXEC <unfinished ...>
17033 <... select resumed> )            = 0 (Timeout)
17032 <... select resumed> )            = 0 (Timeout)
17035 <... openat resumed> )            = 7
17033 futex(0xc82002ea10, FUTEX_WAIT, 0, NULL <unfinished ...>
17032 clock_gettime(CLOCK_MONOTONIC,  <unfinished ...>
17035 getdents64(7,  <unfinished ...>
17032 <... clock_gettime resumed> {4903, 575701577}) = 0
17035 <... getdents64 resumed> /* 4 entries */, 4096) = 120
17032 clock_gettime(CLOCK_REALTIME,  <unfinished ...>
17035 getdents64(7,  <unfinished ...>
17032 <... clock_gettime resumed> {1465918769, 359718526}) = 0
17035 <... getdents64 resumed> /* 0 entries */, 4096) = 0
17032 select(0, NULL, NULL, NULL, {0, 20} <unfinished ...>
17035 close(7)                          = 0
17035 lstat("/home/hmeng/go/src/github.com/opencontainers/runc/Godeps/_workspace/src/github.com/Sirupsen/logrus/hooks/papertrail/README.md", {st_mode=S_IFREG|0664, st_size=1534, ...}) = 0
17035 lstat("/home/hmeng/go/src/github.com/opencontainers/runc/Godeps/_workspace/src/github.com/Sirupsen/logrus/hooks/papertrail/README.md", {st_mode=S_IFREG|0664, st_size=1534, ...}) = 0
17035 lgetxattr("/home/hmeng/go/src/github.com/opencontainers/runc/Godeps/_workspace/src/github.com/Sirupsen/logrus/hooks/papertrail/README.md", "security.capability", 0xc82041be80, 128) = -1 ENODATA (No data available)
17035 openat(AT_FDCWD, "/home/hmeng/go/src/github.com/opencontainers/runc/Godeps/_workspace/src/github.com/Sirupsen/logrus/hooks/papertrail/README.md", O_RDONLY|O_CLOEXEC <unfinished ...>
17032 <... select resumed> )            = 0 (Timeout)
17035 <... openat resumed> )            = 7
17032 clock_gettime(CLOCK_MONOTONIC,  <unfinished ...>
17035 read(7,  <unfinished ...>
17032 <... clock_gettime resumed> {4903, 575871243}) = 0
17035 <... read resumed> "# Papertrail Hook for Logrus <im"..., 32768) = 1534
17032 clock_gettime(CLOCK_REALTIME,  <unfinished ...>
17035 read(7,  <unfinished ...>
17032 <... clock_gettime resumed> {1465918769, 359886094}) = 0
17035 <... read resumed> "", 31234)     = 0
17032 select(0, NULL, NULL, NULL, {0, 20} <unfinished ...>
17035 close(7)                          = 0
17035 lstat("/home/hmeng/go/src/github.com/opencontainers/runc/Godeps/_workspace/src/github.com/Sirupsen/logrus/hooks/papertrail/papertrail.go", {st_mode=S_IFREG|0664, st_size=1329, ...}) = 0
17035 lstat("/home/hmeng/go/src/github.com/opencontainers/runc/Godeps/_workspace/src/github.com/Sirupsen/logrus/hooks/papertrail/papertrail.go", {st_mode=S_IFREG|0664, st_size=1329, ...}) = 0
17035 lgetxattr("/home/hmeng/go/src/github.com/opencontainers/runc/Godeps/_workspace/src/github.com/Sirupsen/logrus/hooks/papertrail/papertrail.go", "security.capability", 0xc8202aa000, 128) = -1 ENODATA (No data available)
17032 <... select resumed> )            = 0 (Timeout)
17035 openat(AT_FDCWD, "/home/hmeng/go/src/github.com/opencontainers/runc/Godeps/_workspace/src/github.com/Sirupsen/logrus/hooks/papertrail/papertrail.go", O_RDONLY|O_CLOEXEC <unfinished ...>
17032 clock_gettime(CLOCK_MONOTONIC,  <unfinished ...>
17035 <... openat resumed> )            = 7
17032 <... clock_gettime resumed> {4903, 576039465}) = 0
17035 read(7,  <unfinished ...>
17032 clock_gettime(CLOCK_REALTIME,  <unfinished ...>
17035 <... read resumed> "package logrus_papertrail\n\nimpor"..., 32768) = 1329
17032 <... clock_gettime resumed> {1465918769, 360055650}) = 0
17035 read(7,  <unfinished ...>
17032 select(0, NULL, NULL, NULL, {0, 20} <unfinished ...>
17035 <... read resumed> "", 31439)     = 0
17035 close(7)                          = 0
17035 lstat("/home/hmeng/go/src/github.com/opencontainers/runc/Godeps/_workspace/src/github.com/Sirupsen/logrus/hooks/sentry", {st_mode=S_IFDIR|0775, st_size=38, ...}) = 0
17035 lstat("/home/hmeng/go/src/github.com/opencontainers/runc/Godeps/_workspace/src/github.com/Sirupsen/logrus/hooks/sentry", {st_mode=S_IFDIR|0775, st_size=38, ...}) = 0
17035 lgetxattr("/home/hmeng/go/src/github.com/opencontainers/runc/Godeps/_workspace/src/github.com/Sirupsen/logrus/hooks/sentry", "security.capability", 0xc8202aa080, 128) = -1 ENODATA (No data available)
17032 <... select resumed> )            = 0 (Timeout)
17035 openat(AT_FDCWD, "/home/hmeng/go/src/github.com/opencontainers/runc/Godeps/_workspace/src/github.com/Sirupsen/logrus/hooks/sentry", O_RDONLY|O_CLOEXEC <unfinished ...>
17032 clock_gettime(CLOCK_MONOTONIC,  <unfinished ...>
17035 <... openat resumed> )            = 7
17032 <... clock_gettime resumed> {4903, 576210244}) = 0
17035 getdents64(7,  <unfinished ...>
17032 clock_gettime(CLOCK_REALTIME,  <unfinished ...>
17035 <... getdents64 resumed> /* 4 entries */, 4096) = 112
17032 <... clock_gettime resumed> {1465918769, 360227857}) = 0
17035 getdents64(7,  <unfinished ...>
17032 select(0, NULL, NULL, NULL, {0, 20} <unfinished ...>
17035 <... getdents64 resumed> /* 0 entries */, 4096) = 0
17035 close(7)                          = 0
17035 lstat("/home/hmeng/go/src/github.com/opencontainers/runc/Godeps/_workspace/src/github.com/Sirupsen/logrus/hooks/sentry/README.md", {st_mode=S_IFREG|0664, st_size=1816, ...}) = 0
17035 lstat("/home/hmeng/go/src/github.com/opencontainers/runc/Godeps/_workspace/src/github.com/Sirupsen/logrus/hooks/sentry/README.md", {st_mode=S_IFREG|0664, st_size=1816, ...}) = 0
17035 lgetxattr("/home/hmeng/go/src/github.com/opencontainers/runc/Godeps/_workspace/src/github.com/Sirupsen/logrus/hooks/sentry/README.md", "security.capability" <unfinished ...>
17031 <... epoll_wait resumed> {{EPOLLOUT, {u32=2134024192, u64=140606478393344}}}, 128, -1) = 1
17035 <... lgetxattr resumed> , 0xc8202aa400, 128) = -1 ENODATA (No data available)
17032 <... select resumed> )            = 0 (Timeout)
17031 epoll_wait(5,  <unfinished ...>
17035 openat(AT_FDCWD, "/home/hmeng/go/src/github.com/opencontainers/runc/Godeps/_workspace/src/github.com/Sirupsen/logrus/hooks/sentry/README.md", O_RDONLY|O_CLOEXEC <unfinished ...>
17032 clock_gettime(CLOCK_MONOTONIC,  <unfinished ...>
17035 <... openat resumed> )            = 7
17032 <... clock_gettime resumed> {4903, 576394972}) = 0
17035 read(7,  <unfinished ...>
17032 clock_gettime(CLOCK_REALTIME,  <unfinished ...>
17035 <... read resumed> "# Sentry Hook for Logrus <img sr"..., 32768) = 1816
17032 <... clock_gettime resumed> {1465918769, 360410843}) = 0
17035 read(7,  <unfinished ...>
17032 select(0, NULL, NULL, NULL, {0, 20} <unfinished ...>
17035 <... read resumed> "", 30952)     = 0
17035 close(7)                          = 0
17035 lstat("/home/hmeng/go/src/github.com/opencontainers/runc/Godeps/_workspace/src/github.com/Sirupsen/logrus/hooks/sentry/sentry.go", {st_mode=S_IFREG|0664, st_size=2427, ...}) = 0
17035 lstat("/home/hmeng/go/src/github.com/opencontainers/runc/Godeps/_workspace/src/github.com/Sirupsen/logrus/hooks/sentry/sentry.go", {st_mode=S_IFREG|0664, st_size=2427, ...}) = 0
17035 lgetxattr("/home/hmeng/go/src/github.com/opencontainers/runc/Godeps/_workspace/src/github.com/Sirupsen/logrus/hooks/sentry/sentry.go", "security.capability", 0xc8202aa800, 128) = -1 ENODATA (No data available)
17032 <... select resumed> )            = 0 (Timeout)
17035 openat(AT_FDCWD, "/home/hmeng/go/src/github.com/opencontainers/runc/Godeps/_workspace/src/github.com/Sirupsen/logrus/hooks/sentry/sentry.go", O_RDONLY|O_CLOEXEC <unfinished ...>
17032 clock_gettime(CLOCK_MONOTONIC,  <unfinished ...>
17035 <... openat resumed> )            = 7
17032 <... clock_gettime resumed> {4903, 576586137}) = 0
17035 read(7,  <unfinished ...>
17032 clock_gettime(CLOCK_REALTIME,  <unfinished ...>
17035 <... read resumed> "package logrus_sentry\n\nimport (\n"..., 32768) = 2427
17032 <... clock_gettime resumed> {1465918769, 360614279}) = 0
17035 read(7,  <unfinished ...>
17032 select(0, NULL, NULL, NULL, {0, 20} <unfinished ...>
17035 <... read resumed> "", 30341)     = 0
17035 close(7)                          = 0
17035 lstat("/home/hmeng/go/src/github.com/opencontainers/runc/Godeps/_workspace/src/github.com/Sirupsen/logrus/hooks/syslog", {st_mode=S_IFDIR|0775, st_size=38, ...}) = 0
17035 lstat("/home/hmeng/go/src/github.com/opencontainers/runc/Godeps/_workspace/src/github.com/Sirupsen/logrus/hooks/syslog", {st_mode=S_IFDIR|0775, st_size=38, ...}) = 0
17032 <... select resumed> )            = 0 (Timeout)
17035 lgetxattr("/home/hmeng/go/src/github.com/opencontainers/runc/Godeps/_workspace/src/github.com/Sirupsen/logrus/hooks/syslog", "security.capability" <unfinished ...>
17032 clock_gettime(CLOCK_MONOTONIC,  <unfinished ...>
17035 <... lgetxattr resumed> , 0xc8202aa900, 128) = -1 ENODATA (No data available)
17032 <... clock_gettime resumed> {4903, 576770867}) = 0
17035 openat(AT_FDCWD, "/home/hmeng/go/src/github.com/opencontainers/runc/Godeps/_workspace/src/github.com/Sirupsen/logrus/hooks/syslog", O_RDONLY|O_CLOEXEC <unfinished ...>
17032 clock_gettime(CLOCK_REALTIME,  <unfinished ...>
17035 <... openat resumed> )            = 7
17032 <... clock_gettime resumed> {1465918769, 360809755}) = 0
17035 getdents64(7,  <unfinished ...>
17032 select(0, NULL, NULL, NULL, {0, 20} <unfinished ...>
17035 <... getdents64 resumed> /* 4 entries */, 4096) = 112
17035 getdents64(7, /* 0 entries */, 4096) = 0
17035 close(7)                          = 0
17035 lstat("/home/hmeng/go/src/github.com/opencontainers/runc/Godeps/_workspace/src/github.com/Sirupsen/logrus/hooks/syslog/README.md", {st_mode=S_IFREG|0664, st_size=455, ...}) = 0
17032 <... select resumed> )            = 0 (Timeout)
17035 lstat("/home/hmeng/go/src/github.com/opencontainers/runc/Godeps/_workspace/src/github.com/Sirupsen/logrus/hooks/syslog/README.md",  <unfinished ...>
17032 clock_gettime(CLOCK_MONOTONIC,  <unfinished ...>
17035 <... lstat resumed> {st_mode=S_IFREG|0664, st_size=455, ...}) = 0
17032 <... clock_gettime resumed> {4903, 576996160}) = 0
17035 lgetxattr("/home/hmeng/go/src/github.com/opencontainers/runc/Godeps/_workspace/src/github.com/Sirupsen/logrus/hooks/syslog/README.md", "security.capability" <unfinished ...>
17032 clock_gettime(CLOCK_REALTIME,  <unfinished ...>
17035 <... lgetxattr resumed> , 0xc8202aac80, 128) = -1 ENODATA (No data available)
17032 <... clock_gettime resumed> {1465918769, 361034113}) = 0
17035 openat(AT_FDCWD, "/home/hmeng/go/src/github.com/opencontainers/runc/Godeps/_workspace/src/github.com/Sirupsen/logrus/hooks/syslog/README.md", O_RDONLY|O_CLOEXEC <unfinished ...>
17032 select(0, NULL, NULL, NULL, {0, 20} <unfinished ...>
17035 <... openat resumed> )            = 7
17035 read(7, "# Syslog Hooks for Logrus <img s"..., 32768) = 455
17035 read(7, "", 32313)                = 0
17035 close(7)                          = 0
17035 lstat("/home/hmeng/go/src/github.com/opencontainers/runc/Godeps/_workspace/src/github.com/Sirupsen/logrus/hooks/syslog/syslog.go", {st_mode=S_IFREG|0664, st_size=1410, ...}) = 0
17035 lstat("/home/hmeng/go/src/github.com/opencontainers/runc/Godeps/_workspace/src/github.com/Sirupsen/logrus/hooks/syslog/syslog.go",  <unfinished ...>
17032 <... select resumed> )            = 0 (Timeout)
17035 <... lstat resumed> {st_mode=S_IFREG|0664, st_size=1410, ...}) = 0
17032 clock_gettime(CLOCK_MONOTONIC,  <unfinished ...>
17035 lgetxattr("/home/hmeng/go/src/github.com/opencontainers/runc/Godeps/_workspace/src/github.com/Sirupsen/logrus/hooks/syslog/syslog.go", "security.capability" <unfinished ...>
17032 <... clock_gettime resumed> {4903, 577194082}) = 0
17035 <... lgetxattr resumed> , 0xc8202ab080, 128) = -1 ENODATA (No data available)
17032 clock_gettime(CLOCK_REALTIME,  <unfinished ...>
17035 openat(AT_FDCWD, "/home/hmeng/go/src/github.com/opencontainers/runc/Godeps/_workspace/src/github.com/Sirupsen/logrus/hooks/syslog/syslog.go", O_RDONLY|O_CLOEXEC <unfinished ...>
17032 <... clock_gettime resumed> {1465918769, 361220273}) = 0
17035 <... openat resumed> )            = 7
17032 select(0, NULL, NULL, NULL, {0, 20} <unfinished ...>
17035 read(7, "package logrus_syslog\n\nimport (\n"..., 32768) = 1410
17035 read(7, "", 31358)                = 0
17035 close(7)                          = 0
17035 lstat("/home/hmeng/go/src/github.com/opencontainers/runc/Godeps/_workspace/src/github.com/Sirupsen/logrus/hooks.go", {st_mode=S_IFREG|0664, st_size=1101, ...}) = 0
17035 lstat("/home/hmeng/go/src/github.com/opencontainers/runc/Godeps/_workspace/src/github.com/Sirupsen/logrus/hooks.go", {st_mode=S_IFREG|0664, st_size=1101, ...}) = 0
17032 <... select resumed> )            = 0 (Timeout)
17035 lgetxattr("/home/hmeng/go/src/github.com/opencontainers/runc/Godeps/_workspace/src/github.com/Sirupsen/logrus/hooks.go", "security.capability" <unfinished ...>
17032 clock_gettime(CLOCK_MONOTONIC,  <unfinished ...>
17035 <... lgetxattr resumed> , 0xc8202ab180, 128) = -1 ENODATA (No data available)
17032 <... clock_gettime resumed> {4903, 577379011}) = 0
17035 openat(AT_FDCWD, "/home/hmeng/go/src/github.com/opencontainers/runc/Godeps/_workspace/src/github.com/Sirupsen/logrus/hooks.go", O_RDONLY|O_CLOEXEC <unfinished ...>
17032 clock_gettime(CLOCK_REALTIME,  <unfinished ...>
17035 <... openat resumed> )            = 7
17032 <... clock_gettime resumed> {1465918769, 361406383}) = 0
17035 read(7,  <unfinished ...>
17032 select(0, NULL, NULL, NULL, {0, 20} <unfinished ...>
17035 <... read resumed> "package logrus\n\n// A hook to be "..., 32768) = 1101
17035 read(7, "", 31667)                = 0
17035 close(7)                          = 0
17035 lstat("/home/hmeng/go/src/github.com/opencontainers/runc/Godeps/_workspace/src/github.com/Sirupsen/logrus/json_formatter.go", {st_mode=S_IFREG|0664, st_size=908, ...}) = 0
17035 lstat("/home/hmeng/go/src/github.com/opencontainers/runc/Godeps/_workspace/src/github.com/Sirupsen/logrus/json_formatter.go", {st_mode=S_IFREG|0664, st_size=908, ...}) = 0
17035 lgetxattr("/home/hmeng/go/src/github.com/opencontainers/runc/Godeps/_workspace/src/github.com/Sirupsen/logrus/json_formatter.go", "security.capability" <unfinished ...>
17032 <... select resumed> )            = 0 (Timeout)
17035 <... lgetxattr resumed> , 0xc8202ab480, 128) = -1 ENODATA (No data available)
17032 clock_gettime(CLOCK_MONOTONIC,  <unfinished ...>
17035 openat(AT_FDCWD, "/home/hmeng/go/src/github.com/opencontainers/runc/Godeps/_workspace/src/github.com/Sirupsen/logrus/json_formatter.go", O_RDONLY|O_CLOEXEC <unfinished ...>
17032 <... clock_gettime resumed> {4903, 577561228}) = 0
17035 <... openat resumed> )            = 7
17032 clock_gettime(CLOCK_REALTIME,  <unfinished ...>
17035 read(7,  <unfinished ...>
17032 <... clock_gettime resumed> {1465918769, 361585708}) = 0
17035 <... read resumed> "package logrus\n\nimport (\n\t\"encod"..., 32768) = 908
17032 select(0, NULL, NULL, NULL, {0, 20} <unfinished ...>
17035 read(7, "", 31860)                = 0
17035 close(7)                          = 0
17035 lstat("/home/hmeng/go/src/github.com/opencontainers/runc/Godeps/_workspace/src/github.com/Sirupsen/logrus/logger.go", {st_mode=S_IFREG|0664, st_size=5406, ...}) = 0
17035 lstat("/home/hmeng/go/src/github.com/opencontainers/runc/Godeps/_workspace/src/github.com/Sirupsen/logrus/logger.go", {st_mode=S_IFREG|0664, st_size=5406, ...}) = 0
17035 lgetxattr("/home/hmeng/go/src/github.com/opencontainers/runc/Godeps/_workspace/src/github.com/Sirupsen/logrus/logger.go", "security.capability" <unfinished ...>
17032 <... select resumed> )            = 0 (Timeout)
17035 <... lgetxattr resumed> , 0xc8202ab580, 128) = -1 ENODATA (No data available)
17032 clock_gettime(CLOCK_MONOTONIC,  <unfinished ...>
17035 openat(AT_FDCWD, "/home/hmeng/go/src/github.com/opencontainers/runc/Godeps/_workspace/src/github.com/Sirupsen/logrus/logger.go", O_RDONLY|O_CLOEXEC <unfinished ...>
17032 <... clock_gettime resumed> {4903, 577740437}) = 0
17035 <... openat resumed> )            = 7
17032 clock_gettime(CLOCK_REALTIME,  <unfinished ...>
17035 read(7,  <unfinished ...>
17032 <... clock_gettime resumed> {1465918769, 361761168}) = 0
17035 <... read resumed> "package logrus\n\nimport (\n\t\"io\"\n\t"..., 32768) = 5406
17032 select(0, NULL, NULL, NULL, {0, 20} <unfinished ...>
17035 read(7, "", 27362)                = 0
17035 close(7)                          = 0
17035 lstat("/home/hmeng/go/src/github.com/opencontainers/runc/Godeps/_workspace/src/github.com/Sirupsen/logrus/logrus.go", {st_mode=S_IFREG|0664, st_size=2407, ...}) = 0
17035 lstat("/home/hmeng/go/src/github.com/opencontainers/runc/Godeps/_workspace/src/github.com/Sirupsen/logrus/logrus.go", {st_mode=S_IFREG|0664, st_size=2407, ...}) = 0
17032 <... select resumed> )            = 0 (Timeout)
17035 lgetxattr("/home/hmeng/go/src/github.com/opencontainers/runc/Godeps/_workspace/src/github.com/Sirupsen/logrus/logrus.go", "security.capability" <unfinished ...>
17032 clock_gettime(CLOCK_MONOTONIC,  <unfinished ...>
17035 <... lgetxattr resumed> , 0xc8202ab600, 128) = -1 ENODATA (No data available)
17032 <... clock_gettime resumed> {4903, 577907103}) = 0
17035 openat(AT_FDCWD, "/home/hmeng/go/src/github.com/opencontainers/runc/Godeps/_workspace/src/github.com/Sirupsen/logrus/logrus.go", O_RDONLY|O_CLOEXEC <unfinished ...>
17032 clock_gettime(CLOCK_REALTIME,  <unfinished ...>
17035 <... openat resumed> )            = 7
17032 <... clock_gettime resumed> {1465918769, 361932829}) = 0
17035 read(7,  <unfinished ...>
17032 select(0, NULL, NULL, NULL, {0, 20} <unfinished ...>
17035 <... read resumed> "package logrus\n\nimport (\n\t\"fmt\"\n"..., 32768) = 2407
17035 read(7, "", 30361)                = 0
17035 close(7)                          = 0
17035 lstat("/home/hmeng/go/src/github.com/opencontainers/runc/Godeps/_workspace/src/github.com/Sirupsen/logrus/terminal_darwin.go",  <unfinished ...>
17032 <... select resumed> )            = 0 (Timeout)
17035 <... lstat resumed> {st_mode=S_IFREG|0664, st_size=292, ...}) = 0
17032 clock_gettime(CLOCK_MONOTONIC,  <unfinished ...>
17035 lstat("/home/hmeng/go/src/github.com/opencontainers/runc/Godeps/_workspace/src/github.com/Sirupsen/logrus/terminal_darwin.go",  <unfinished ...>
17032 <... clock_gettime resumed> {4903, 578048066}) = 0
17035 <... lstat resumed> {st_mode=S_IFREG|0664, st_size=292, ...}) = 0
17032 clock_gettime(CLOCK_REALTIME,  <unfinished ...>
17035 lgetxattr("/home/hmeng/go/src/github.com/opencontainers/runc/Godeps/_workspace/src/github.com/Sirupsen/logrus/terminal_darwin.go", "security.capability" <unfinished ...>
17032 <... clock_gettime resumed> {1465918769, 362067374}) = 0
17035 <... lgetxattr resumed> , 0xc8202ab900, 128) = -1 ENODATA (No data available)
17032 select(0, NULL, NULL, NULL, {0, 20} <unfinished ...>
17035 openat(AT_FDCWD, "/home/hmeng/go/src/github.com/opencontainers/runc/Godeps/_workspace/src/github.com/Sirupsen/logrus/terminal_darwin.go", O_RDONLY|O_CLOEXEC) = 7
17035 read(7, "// Based on ssh/terminal:\n// Cop"..., 32768) = 292
17035 read(7, "", 32476)                = 0
17035 close(7)                          = 0
17035 lstat("/home/hmeng/go/src/github.com/opencontainers/runc/Godeps/_workspace/src/github.com/Sirupsen/logrus/terminal_freebsd.go", {st_mode=S_IFREG|0664, st_size=341, ...}) = 0
17032 <... select resumed> )            = 0 (Timeout)
17035 lstat("/home/hmeng/go/src/github.com/opencontainers/runc/Godeps/_workspace/src/github.com/Sirupsen/logrus/terminal_freebsd.go",  <unfinished ...>
17032 clock_gettime(CLOCK_MONOTONIC,  <unfinished ...>
17035 <... lstat resumed> {st_mode=S_IFREG|0664, st_size=341, ...}) = 0
17032 <... clock_gettime resumed> {4903, 578221916}) = 0
17035 lgetxattr("/home/hmeng/go/src/github.com/opencontainers/runc/Godeps/_workspace/src/github.com/Sirupsen/logrus/terminal_freebsd.go", "security.capability" <unfinished ...>
17032 clock_gettime(CLOCK_REALTIME,  <unfinished ...>
17035 <... lgetxattr resumed> , 0xc8202abc80, 128) = -1 ENODATA (No data available)
17032 <... clock_gettime resumed> {1465918769, 362241829}) = 0
17035 openat(AT_FDCWD, "/home/hmeng/go/src/github.com/opencontainers/runc/Godeps/_workspace/src/github.com/Sirupsen/logrus/terminal_freebsd.go", O_RDONLY|O_CLOEXEC <unfinished ...>
17032 select(0, NULL, NULL, NULL, {0, 20} <unfinished ...>
17035 <... openat resumed> )            = 7
17035 read(7, "/*\n  Go 1.2 doesn't include Term"..., 32768) = 341
17035 read(7, "", 32427)                = 0
17035 close(7)                          = 0
17035 lstat("/home/hmeng/go/src/github.com/opencontainers/runc/Godeps/_workspace/src/github.com/Sirupsen/logrus/terminal_linux.go", {st_mode=S_IFREG|0664, st_size=290, ...}) = 0
17035 lstat("/home/hmeng/go/src/github.com/opencontainers/runc/Godeps/_workspace/src/github.com/Sirupsen/logrus/terminal_linux.go",  <unfinished ...>
17032 <... select resumed> )            = 0 (Timeout)
17035 <... lstat resumed> {st_mode=S_IFREG|0664, st_size=290, ...}) = 0
17032 clock_gettime(CLOCK_MONOTONIC,  <unfinished ...>
17035 lgetxattr("/home/hmeng/go/src/github.com/opencontainers/runc/Godeps/_workspace/src/github.com/Sirupsen/logrus/terminal_linux.go", "security.capability" <unfinished ...>
17032 <... clock_gettime resumed> {4903, 578404416}) = 0
17035 <... lgetxattr resumed> , 0xc8202b2000, 128) = -1 ENODATA (No data available)
17032 clock_gettime(CLOCK_REALTIME,  <unfinished ...>
17035 openat(AT_FDCWD, "/home/hmeng/go/src/github.com/opencontainers/runc/Godeps/_workspace/src/github.com/Sirupsen/logrus/terminal_linux.go", O_RDONLY|O_CLOEXEC <unfinished ...>
17032 <... clock_gettime resumed> {1465918769, 362430806}) = 0
17035 <... openat resumed> )            = 7
17032 select(0, NULL, NULL, NULL, {0, 20} <unfinished ...>
17035 read(7, "// Based on ssh/terminal:\n// Cop"..., 32768) = 290
17035 read(7, "", 32478)                = 0
17035 close(7)                          = 0
17035 lstat("/home/hmeng/go/src/github.com/opencontainers/runc/Godeps/_workspace/src/github.com/Sirupsen/logrus/terminal_notwindows.go", {st_mode=S_IFREG|0664, st_size=558, ...}) = 0
17035 lstat("/home/hmeng/go/src/github.com/opencontainers/runc/Godeps/_workspace/src/github.com/Sirupsen/logrus/terminal_notwindows.go", {st_mode=S_IFREG|0664, st_size=558, ...}) = 0
17032 <... select resumed> )            = 0 (Timeout)
17035 lgetxattr("/home/hmeng/go/src/github.com/opencontainers/runc/Godeps/_workspace/src/github.com/Sirupsen/logrus/terminal_notwindows.go", "security.capability" <unfinished ...>
17032 clock_gettime(CLOCK_MONOTONIC,  <unfinished ...>
17035 <... lgetxattr resumed> , 0xc8202b2380, 128) = -1 ENODATA (No data available)
17032 <... clock_gettime resumed> {4903, 578577418}) = 0
17035 openat(AT_FDCWD, "/home/hmeng/go/src/github.com/opencontainers/runc/Godeps/_workspace/src/github.com/Sirupsen/logrus/terminal_notwindows.go", O_RDONLY|O_CLOEXEC <unfinished ...>
17032 clock_gettime(CLOCK_REALTIME,  <unfinished ...>
17035 <... openat resumed> )            = 7
17032 <... clock_gettime resumed> {1465918769, 362602976}) = 0
17035 read(7,  <unfinished ...>
17032 select(0, NULL, NULL, NULL, {0, 20} <unfinished ...>
17035 <... read resumed> "// Based on ssh/terminal:\n// Cop"..., 32768) = 558
17035 read(7, "", 32210)                = 0
17035 close(7)                          = 0
17035 futex(0xc82002ea10, FUTEX_WAKE, 1) = 1
17033 <... futex resumed> )             = 0
17035 write(6, "8000\r\n `bugsnag.Notify()`\n// fai"..., 4096 <unfinished ...>
17033 select(0, NULL, NULL, NULL, {0, 100} <unfinished ...>
17032 <... select resumed> )            = 0 (Timeout)
17035 <... write resumed> )             = 4096
17032 clock_gettime(CLOCK_MONOTONIC,  <unfinished ...>
17035 write(6, "```\n\0\0Godeps/_workspace/src/gith"..., 28678 <unfinished ...>
17032 <... clock_gettime resumed> {4903, 578764040}) = 0
17035 <... write resumed> )             = 28678
17032 clock_gettime(CLOCK_REALTIME,  <unfinished ...>
17035 write(6, "\r\n", 2 <unfinished ...>
17032 <... clock_gettime resumed> {1465918769, 362790387}) = 0
17035 <... write resumed> )             = 2
17032 select(0, NULL, NULL, NULL, {0, 40} <unfinished ...>
17035 lstat("/home/hmeng/go/src/github.com/opencontainers/runc/Godeps/_workspace/src/github.com/Sirupsen/logrus/terminal_openbsd.go", {st_mode=S_IFREG|0664, st_size=106, ...}) = 0
17035 lstat("/home/hmeng/go/src/github.com/opencontainers/runc/Godeps/_workspace/src/github.com/Sirupsen/logrus/terminal_openbsd.go", {st_mode=S_IFREG|0664, st_size=106, ...}) = 0
17035 lgetxattr("/home/hmeng/go/src/github.com/opencontainers/runc/Godeps/_workspace/src/github.com/Sirupsen/logrus/terminal_openbsd.go", "security.capability", 0xc8202b2700, 128) = -1 ENODATA (No data available)
17035 openat(AT_FDCWD, "/home/hmeng/go/src/github.com/opencontainers/runc/Godeps/_workspace/src/github.com/Sirupsen/logrus/terminal_openbsd.go", O_RDONLY|O_CLOEXEC <unfinished ...>
17033 <... select resumed> )            = 0 (Timeout)
17032 <... select resumed> )            = 0 (Timeout)
17035 <... openat resumed> )            = 7
17033 futex(0xc82002ea10, FUTEX_WAIT, 0, NULL <unfinished ...>
17032 clock_gettime(CLOCK_MONOTONIC,  <unfinished ...>
17035 read(7,  <unfinished ...>
17032 <... clock_gettime resumed> {4903, 578953443}) = 0
17035 <... read resumed> "package logrus\n\nimport \"syscall\""..., 32768) = 106
17032 clock_gettime(CLOCK_REALTIME,  <unfinished ...>
17035 read(7,  <unfinished ...>
17032 <... clock_gettime resumed> {1465918769, 362968649}) = 0
17035 <... read resumed> "", 32662)     = 0
17032 select(0, NULL, NULL, NULL, {0, 80} <unfinished ...>
17035 close(7)                          = 0
17035 lstat("/home/hmeng/go/src/github.com/opencontainers/runc/Godeps/_workspace/src/github.com/Sirupsen/logrus/terminal_windows.go", {st_mode=S_IFREG|0664, st_size=635, ...}) = 0
17035 lstat("/home/hmeng/go/src/github.com/opencontainers/runc/Godeps/_workspace/src/github.com/Sirupsen/logrus/terminal_windows.go", {st_mode=S_IFREG|0664, st_size=635, ...}) = 0
17035 lgetxattr("/home/hmeng/go/src/github.com/opencontainers/runc/Godeps/_workspace/src/github.com/Sirupsen/logrus/terminal_windows.go", "security.capability", 0xc8202b2a80, 128) = -1 ENODATA (No data available)
17035 openat(AT_FDCWD, "/home/hmeng/go/src/github.com/opencontainers/runc/Godeps/_workspace/src/github.com/Sirupsen/logrus/terminal_windows.go", O_RDONLY|O_CLOEXEC) = 7
17035 read(7, "// Based on ssh/terminal:\n// Cop"..., 32768) = 635
17035 read(7, "", 32133)                = 0
17035 close(7)                          = 0
17032 <... select resumed> )            = 0 (Timeout)
17035 lstat("/home/hmeng/go/src/github.com/opencontainers/runc/Godeps/_workspace/src/github.com/Sirupsen/logrus/text_formatter.go",  <unfinished ...>
17032 clock_gettime(CLOCK_MONOTONIC,  <unfinished ...>
17035 <... lstat resumed> {st_mode=S_IFREG|0664, st_size=3341, ...}) = 0
17032 <... clock_gettime resumed> {4903, 579183357}) = 0
17035 lstat("/home/hmeng/go/src/github.com/opencontainers/runc/Godeps/_workspace/src/github.com/Sirupsen/logrus/text_formatter.go",  <unfinished ...>
17032 clock_gettime(CLOCK_REALTIME,  <unfinished ...>
17035 <... lstat resumed> {st_mode=S_IFREG|0664, st_size=3341, ...}) = 0
17032 <... clock_gettime resumed> {1465918769, 363204677}) = 0
17035 lgetxattr("/home/hmeng/go/src/github.com/opencontainers/runc/Godeps/_workspace/src/github.com/Sirupsen/logrus/text_formatter.go", "security.capability" <unfinished ...>
17032 select(0, NULL, NULL, NULL, {0, 160} <unfinished ...>
17035 <... lgetxattr resumed> , 0xc8202b2e00, 128) = -1 ENODATA (No data available)
17035 openat(AT_FDCWD, "/home/hmeng/go/src/github.com/opencontainers/runc/Godeps/_workspace/src/github.com/Sirupsen/logrus/text_formatter.go", O_RDONLY|O_CLOEXEC) = 7
17035 read(7, "package logrus\n\nimport (\n\t\"bytes"..., 32768) = 3341
17035 read(7, "", 29427)                = 0
17035 close(7)                          = 0
17035 lstat("/home/hmeng/go/src/github.com/opencontainers/runc/Godeps/_workspace/src/github.com/Sirupsen/logrus/writer.go", {st_mode=S_IFREG|0664, st_size=570, ...}) = 0
17035 lstat("/home/hmeng/go/src/github.com/opencontainers/runc/Godeps/_workspace/src/github.com/Sirupsen/logrus/writer.go", {st_mode=S_IFREG|0664, st_size=570, ...}) = 0
17035 lgetxattr("/home/hmeng/go/src/github.com/opencontainers/runc/Godeps/_workspace/src/github.com/Sirupsen/logrus/writer.go", "security.capability", 0xc8202b2f00, 128) = -1 ENODATA (No data available)
17035 openat(AT_FDCWD, "/home/hmeng/go/src/github.com/opencontainers/runc/Godeps/_workspace/src/github.com/Sirupsen/logrus/writer.go", O_RDONLY|O_CLOEXEC) = 7
17031 <... epoll_wait resumed> {{EPOLLOUT, {u32=2134024192, u64=140606478393344}}}, 128, -1) = 1
17035 read(7,  <unfinished ...>
17031 epoll_wait(5,  <unfinished ...>
17035 <... read resumed> "package logrus\n\nimport (\n\t\"bufio"..., 32768) = 570
17035 read(7, "", 32198)                = 0
17035 close(7)                          = 0
17035 lstat("/home/hmeng/go/src/github.com/opencontainers/runc/Godeps/_workspace/src/github.com/coreos",  <unfinished ...>
17032 <... select resumed> )            = 0 (Timeout)
17035 <... lstat resumed> {st_mode=S_IFDIR|0775, st_size=23, ...}) = 0
17032 clock_gettime(CLOCK_MONOTONIC,  <unfinished ...>
17035 lstat("/home/hmeng/go/src/github.com/opencontainers/runc/Godeps/_workspace/src/github.com/coreos",  <unfinished ...>
17032 <... clock_gettime resumed> {4903, 579498473}) = 0
17035 <... lstat resumed> {st_mode=S_IFDIR|0775, st_size=23, ...}) = 0
17032 clock_gettime(CLOCK_REALTIME,  <unfinished ...>
17035 lgetxattr("/home/hmeng/go/src/github.com/opencontainers/runc/Godeps/_workspace/src/github.com/coreos", "security.capability" <unfinished ...>
17032 <... clock_gettime resumed> {1465918769, 363517966}) = 0
17035 <... lgetxattr resumed> , 0xc8202b2f80, 128) = -1 ENODATA (No data available)
17032 select(0, NULL, NULL, NULL, {0, 320} <unfinished ...>
17035 openat(AT_FDCWD, "/home/hmeng/go/src/github.com/opencontainers/runc/Godeps/_workspace/src/github.com/coreos", O_RDONLY|O_CLOEXEC) = 7
17035 getdents64(7, /* 3 entries */, 4096) = 80
17035 getdents64(7, /* 0 entries */, 4096) = 0
17035 close(7)                          = 0
17035 lstat("/home/hmeng/go/src/github.com/opencontainers/runc/Godeps/_workspace/src/github.com/coreos/go-systemd", {st_mode=S_IFDIR|0775, st_size=59, ...}) = 0
17035 lstat("/home/hmeng/go/src/github.com/opencontainers/runc/Godeps/_workspace/src/github.com/coreos/go-systemd", {st_mode=S_IFDIR|0775, st_size=59, ...}) = 0
17035 lgetxattr("/home/hmeng/go/src/github.com/opencontainers/runc/Godeps/_workspace/src/github.com/coreos/go-systemd", "security.capability", 0xc8202b3000, 128) = -1 ENODATA (No data available)
17035 openat(AT_FDCWD, "/home/hmeng/go/src/github.com/opencontainers/runc/Godeps/_workspace/src/github.com/coreos/go-systemd", O_RDONLY|O_CLOEXEC) = 7
17035 getdents64(7, /* 6 entries */, 4096) = 160
17035 getdents64(7, /* 0 entries */, 4096) = 0
17035 close(7)                          = 0
17035 lstat("/home/hmeng/go/src/github.com/opencontainers/runc/Godeps/_workspace/src/github.com/coreos/go-systemd/LICENSE", {st_mode=S_IFREG|0664, st_size=10273, ...}) = 0
17035 lstat("/home/hmeng/go/src/github.com/opencontainers/runc/Godeps/_workspace/src/github.com/coreos/go-systemd/LICENSE", {st_mode=S_IFREG|0664, st_size=10273, ...}) = 0
17035 lgetxattr("/home/hmeng/go/src/github.com/opencontainers/runc/Godeps/_workspace/src/github.com/coreos/go-systemd/LICENSE", "security.capability", 0xc8202b3080, 128) = -1 ENODATA (No data available)
17035 openat(AT_FDCWD, "/home/hmeng/go/src/github.com/opencontainers/runc/Godeps/_workspace/src/github.com/coreos/go-systemd/LICENSE", O_RDONLY|O_CLOEXEC) = 7
17035 read(7, "Apache License\nVersion 2.0, Janu"..., 32768) = 10273
17035 read(7, "", 22495)                = 0
17035 close(7)                          = 0
17035 lstat("/home/hmeng/go/src/github.com/opencontainers/runc/Godeps/_workspace/src/github.com/coreos/go-systemd/activation", {st_mode=S_IFDIR|0775, st_size=61, ...}) = 0
17035 lstat("/home/hmeng/go/src/github.com/opencontainers/runc/Godeps/_workspace/src/github.com/coreos/go-systemd/activation", {st_mode=S_IFDIR|0775, st_size=61, ...}) = 0
17035 lgetxattr("/home/hmeng/go/src/github.com/opencontainers/runc/Godeps/_workspace/src/github.com/coreos/go-systemd/activation", "security.capability", 0xc8202b3100, 128) = -1 ENODATA (No data available)
17032 <... select resumed> )            = 0 (Timeout)
17035 openat(AT_FDCWD, "/home/hmeng/go/src/github.com/opencontainers/runc/Godeps/_workspace/src/github.com/coreos/go-systemd/activation", O_RDONLY|O_CLOEXEC <unfinished ...>
17032 clock_gettime(CLOCK_MONOTONIC,  <unfinished ...>
17035 <... openat resumed> )            = 7
17032 <... clock_gettime resumed> {4903, 579982035}) = 0
17035 getdents64(7,  <unfinished ...>
17032 clock_gettime(CLOCK_REALTIME,  <unfinished ...>
17035 <... getdents64 resumed> /* 5 entries */, 4096) = 152
17032 <... clock_gettime resumed> {1465918769, 364013070}) = 0
17035 getdents64(7,  <unfinished ...>
17032 select(0, NULL, NULL, NULL, {0, 640} <unfinished ...>
17035 <... getdents64 resumed> /* 0 entries */, 4096) = 0
17035 close(7)                          = 0
17035 lstat("/home/hmeng/go/src/github.com/opencontainers/runc/Godeps/_workspace/src/github.com/coreos/go-systemd/activation/files.go", {st_mode=S_IFREG|0664, st_size=1363, ...}) = 0
17035 lstat("/home/hmeng/go/src/github.com/opencontainers/runc/Godeps/_workspace/src/github.com/coreos/go-systemd/activation/files.go", {st_mode=S_IFREG|0664, st_size=1363, ...}) = 0
17035 lgetxattr("/home/hmeng/go/src/github.com/opencontainers/runc/Godeps/_workspace/src/github.com/coreos/go-systemd/activation/files.go", "security.capability", 0xc8202b3400, 128) = -1 ENODATA (No data available)
17035 openat(AT_FDCWD, "/home/hmeng/go/src/github.com/opencontainers/runc/Godeps/_workspace/src/github.com/coreos/go-systemd/activation/files.go", O_RDONLY|O_CLOEXEC) = 7
17035 read(7, "// Copyright 2015 CoreOS, Inc.\n/"..., 32768) = 1363
17035 read(7, "", 31405)                = 0
17035 close(7)                          = 0
17035 lstat("/home/hmeng/go/src/github.com/opencontainers/runc/Godeps/_workspace/src/github.com/coreos/go-systemd/activation/listeners.go", {st_mode=S_IFREG|0664, st_size=1966, ...}) = 0
17035 lstat("/home/hmeng/go/src/github.com/opencontainers/runc/Godeps/_workspace/src/github.com/coreos/go-systemd/activation/listeners.go", {st_mode=S_IFREG|0664, st_size=1966, ...}) = 0
17035 lgetxattr("/home/hmeng/go/src/github.com/opencontainers/runc/Godeps/_workspace/src/github.com/coreos/go-systemd/activation/listeners.go", "security.capability", 0xc8202b3780, 128) = -1 ENODATA (No data available)
17035 openat(AT_FDCWD, "/home/hmeng/go/src/github.com/opencontainers/runc/Godeps/_workspace/src/github.com/coreos/go-systemd/activation/listeners.go", O_RDONLY|O_CLOEXEC) = 7
17035 read(7, "// Copyright 2015 CoreOS, Inc.\n/"..., 32768) = 1966
17035 read(7, "", 30802)                = 0
17035 close(7)                          = 0
17035 lstat("/home/hmeng/go/src/github.com/opencontainers/runc/Godeps/_workspace/src/github.com/coreos/go-systemd/activation/packetconns.go", {st_mode=S_IFREG|0664, st_size=1279, ...}) = 0
17035 lstat("/home/hmeng/go/src/github.com/opencontainers/runc/Godeps/_workspace/src/github.com/coreos/go-systemd/activation/packetconns.go", {st_mode=S_IFREG|0664, st_size=1279, ...}) = 0
17035 lgetxattr("/home/hmeng/go/src/github.com/opencontainers/runc/Godeps/_workspace/src/github.com/coreos/go-systemd/activation/packetconns.go", "security.capability", 0xc8202b3b00, 128) = -1 ENODATA (No data available)
17035 openat(AT_FDCWD, "/home/hmeng/go/src/github.com/opencontainers/runc/Godeps/_workspace/src/github.com/coreos/go-systemd/activation/packetconns.go", O_RDONLY|O_CLOEXEC) = 7
17035 read(7, "// Copyright 2015 CoreOS, Inc.\n/"..., 32768) = 1279
17035 read(7, "", 31489)                = 0
17035 close(7)                          = 0
17035 lstat("/home/hmeng/go/src/github.com/opencontainers/runc/Godeps/_workspace/src/github.com/coreos/go-systemd/dbus", {st_mode=S_IFDIR|0775, st_size=4096, ...}) = 0
17035 lstat("/home/hmeng/go/src/github.com/opencontainers/runc/Godeps/_workspace/src/github.com/coreos/go-systemd/dbus", {st_mode=S_IFDIR|0775, st_size=4096, ...}) = 0
17035 lgetxattr("/home/hmeng/go/src/github.com/opencontainers/runc/Godeps/_workspace/src/github.com/coreos/go-systemd/dbus", "security.capability", 0xc8202b3c00, 128) = -1 ENODATA (No data available)
17035 openat(AT_FDCWD, "/home/hmeng/go/src/github.com/opencontainers/runc/Godeps/_workspace/src/github.com/coreos/go-systemd/dbus", O_RDONLY|O_CLOEXEC) = 7
17035 getdents64(7, /* 8 entries */, 4096) = 264
17035 getdents64(7, /* 0 entries */, 4096) = 0
17035 close(7)                          = 0
17035 lstat("/home/hmeng/go/src/github.com/opencontainers/runc/Godeps/_workspace/src/github.com/coreos/go-systemd/dbus/dbus.go", {st_mode=S_IFREG|0664, st_size=5065, ...}) = 0
17035 lstat("/home/hmeng/go/src/github.com/opencontainers/runc/Godeps/_workspace/src/github.com/coreos/go-systemd/dbus/dbus.go", {st_mode=S_IFREG|0664, st_size=5065, ...}) = 0
17035 lgetxattr("/home/hmeng/go/src/github.com/opencontainers/runc/Godeps/_workspace/src/github.com/coreos/go-systemd/dbus/dbus.go", "security.capability", 0xc8202b3f00, 128) = -1 ENODATA (No data available)
17035 openat(AT_FDCWD, "/home/hmeng/go/src/github.com/opencontainers/runc/Godeps/_workspace/src/github.com/coreos/go-systemd/dbus/dbus.go", O_RDONLY|O_CLOEXEC) = 7
17035 read(7, "// Copyright 2015 CoreOS, Inc.\n/"..., 32768) = 5065
17035 read(7, "", 27703)                = 0
17035 close(7)                          = 0
17035 futex(0xc82002ea10, FUTEX_WAKE, 1) = 1
17033 <... futex resumed> )             = 0
17035 write(6, "8000\r\ninter(&termios)), 0, 0, 0)"..., 4096 <unfinished ...>
17033 select(0, NULL, NULL, NULL, {0, 100} <unfinished ...>
17035 <... write resumed> )             = 4096
17035 write(6, "olors.\n\tDisableColors bool\n\n\t// "..., 28678) = 28678
17032 <... select resumed> )            = 0 (Timeout)
17035 write(6, "\r\n", 2 <unfinished ...>
17032 clock_gettime(CLOCK_MONOTONIC,  <unfinished ...>
17035 <... write resumed> )             = 2
17032 <... clock_gettime resumed> {4903, 580779549}) = 0
17035 lstat("/home/hmeng/go/src/github.com/opencontainers/runc/Godeps/_workspace/src/github.com/coreos/go-systemd/dbus/methods.go",  <unfinished ...>
17032 clock_gettime(CLOCK_REALTIME,  <unfinished ...>
17035 <... lstat resumed> {st_mode=S_IFREG|0664, st_size=16154, ...}) = 0
17032 <... clock_gettime resumed> {1465918769, 364804749}) = 0
17035 lstat("/home/hmeng/go/src/github.com/opencontainers/runc/Godeps/_workspace/src/github.com/coreos/go-systemd/dbus/methods.go",  <unfinished ...>
17032 select(0, NULL, NULL, NULL, {0, 1280} <unfinished ...>
17035 <... lstat resumed> {st_mode=S_IFREG|0664, st_size=16154, ...}) = 0
17035 lgetxattr("/home/hmeng/go/src/github.com/opencontainers/runc/Godeps/_workspace/src/github.com/coreos/go-systemd/dbus/methods.go", "security.capability", 0xc820312280, 128) = -1 ENODATA (No data available)
17033 <... select resumed> )            = 0 (Timeout)
17035 openat(AT_FDCWD, "/home/hmeng/go/src/github.com/opencontainers/runc/Godeps/_workspace/src/github.com/coreos/go-systemd/dbus/methods.go", O_RDONLY|O_CLOEXEC <unfinished ...>
17033 futex(0xc82002ea10, FUTEX_WAIT, 0, NULL <unfinished ...>
17035 <... openat resumed> )            = 7
17035 read(7, "// Copyright 2015 CoreOS, Inc.\n/"..., 32768) = 16154
17035 read(7, "", 16614)                = 0
17035 close(7)                          = 0
17035 lstat("/home/hmeng/go/src/github.com/opencontainers/runc/Godeps/_workspace/src/github.com/coreos/go-systemd/dbus/properties.go",  <unfinished ...>
17031 <... epoll_wait resumed> {{EPOLLOUT, {u32=2134024192, u64=140606478393344}}}, 128, -1) = 1
17035 <... lstat resumed> {st_mode=S_IFREG|0664, st_size=8093, ...}) = 0
17031 epoll_wait(5,  <unfinished ...>
17035 lstat("/home/hmeng/go/src/github.com/opencontainers/runc/Godeps/_workspace/src/github.com/coreos/go-systemd/dbus/properties.go", {st_mode=S_IFREG|0664, st_size=8093, ...}) = 0
17035 lgetxattr("/home/hmeng/go/src/github.com/opencontainers/runc/Godeps/_workspace/src/github.com/coreos/go-systemd/dbus/properties.go", "security.capability", 0xc820312600, 128) = -1 ENODATA (No data available)
17035 openat(AT_FDCWD, "/home/hmeng/go/src/github.com/opencontainers/runc/Godeps/_workspace/src/github.com/coreos/go-systemd/dbus/properties.go", O_RDONLY|O_CLOEXEC) = 7
17035 read(7, "// Copyright 2015 CoreOS, Inc.\n/"..., 32768) = 8093
17035 read(7, "", 24675)                = 0
17035 close(7)                          = 0
17035 lstat("/home/hmeng/go/src/github.com/opencontainers/runc/Godeps/_workspace/src/github.com/coreos/go-systemd/dbus/set.go", {st_mode=S_IFREG|0664, st_size=1089, ...}) = 0
17035 lstat("/home/hmeng/go/src/github.com/opencontainers/runc/Godeps/_workspace/src/github.com/coreos/go-systemd/dbus/set.go", {st_mode=S_IFREG|0664, st_size=1089, ...}) = 0
17035 lgetxattr("/home/hmeng/go/src/github.com/opencontainers/runc/Godeps/_workspace/src/github.com/coreos/go-systemd/dbus/set.go", "security.capability", 0xc820312880, 128) = -1 ENODATA (No data available)
17035 openat(AT_FDCWD, "/home/hmeng/go/src/github.com/opencontainers/runc/Godeps/_workspace/src/github.com/coreos/go-systemd/dbus/set.go", O_RDONLY|O_CLOEXEC) = 7
17035 read(7, "// Copyright 2015 CoreOS, Inc.\n/"..., 32768) = 1089
17035 read(7, "", 31679)                = 0
17035 close(7)                          = 0
17035 lstat("/home/hmeng/go/src/github.com/opencontainers/runc/Godeps/_workspace/src/github.com/coreos/go-systemd/dbus/subscription.go", {st_mode=S_IFREG|0664, st_size=7500, ...}) = 0
17035 lstat("/home/hmeng/go/src/github.com/opencontainers/runc/Godeps/_workspace/src/github.com/coreos/go-systemd/dbus/subscription.go", {st_mode=S_IFREG|0664, st_size=7500, ...}) = 0
17035 lgetxattr("/home/hmeng/go/src/github.com/opencontainers/runc/Godeps/_workspace/src/github.com/coreos/go-systemd/dbus/subscription.go", "security.capability", 0xc820312c00, 128) = -1 ENODATA (No data available)
17035 openat(AT_FDCWD, "/home/hmeng/go/src/github.com/opencontainers/runc/Godeps/_workspace/src/github.com/coreos/go-systemd/dbus/subscription.go", O_RDONLY|O_CLOEXEC) = 7
17035 read(7, "// Copyright 2015 CoreOS, Inc.\n/"..., 32768) = 7500
17035 read(7, "", 25268)                = 0
17035 close(7)                          = 0
17035 futex(0xc82002ea10, FUTEX_WAKE, 1) = 1
17033 <... futex resumed> )             = 0
17035 write(6, "8000\r\n\n\t\treturn nil, err\n\t}\n\n\tsi"..., 4096 <unfinished ...>
17033 select(0, NULL, NULL, NULL, {0, 100} <unfinished ...>
17035 <... write resumed> )             = 4096
17035 write(6, "nits that aren't dependencies of"..., 28678) = 28678
17035 write(6, "\r\n", 2)               = 2
17035 lstat("/home/hmeng/go/src/github.com/opencontainers/runc/Godeps/_workspace/src/github.com/coreos/go-systemd/dbus/subscription_set.go", {st_mode=S_IFREG|0664, st_size=1930, ...}) = 0
17035 lstat("/home/hmeng/go/src/github.com/opencontainers/runc/Godeps/_workspace/src/github.com/coreos/go-systemd/dbus/subscription_set.go", {st_mode=S_IFREG|0664, st_size=1930, ...}) = 0
17035 lgetxattr("/home/hmeng/go/src/github.com/opencontainers/runc/Godeps/_workspace/src/github.com/coreos/go-systemd/dbus/subscription_set.go", "security.capability", 0xc820312f80, 128) = -1 ENODATA (No data available)
17035 openat(AT_FDCWD, "/home/hmeng/go/src/github.com/opencontainers/runc/Godeps/_workspace/src/github.com/coreos/go-systemd/dbus/subscription_set.go", O_RDONLY|O_CLOEXEC) = 7
17035 read(7, "// Copyright 2015 CoreOS, Inc.\n/"..., 32768) = 1930
17035 read(7, "", 30838)                = 0
17035 close(7 <unfinished ...>
17033 <... select resumed> )            = 0 (Timeout)
17035 <... close resumed> )             = 0
17033 futex(0xc82002ea10, FUTEX_WAIT, 0, NULL <unfinished ...>
17035 lstat("/home/hmeng/go/src/github.com/opencontainers/runc/Godeps/_workspace/src/github.com/coreos/go-systemd/util", {st_mode=S_IFDIR|0775, st_size=20, ...}) = 0
17035 lstat("/home/hmeng/go/src/github.com/opencontainers/runc/Godeps/_workspace/src/github.com/coreos/go-systemd/util", {st_mode=S_IFDIR|0775, st_size=20, ...}) = 0
17035 lgetxattr("/home/hmeng/go/src/github.com/opencontainers/runc/Godeps/_workspace/src/github.com/coreos/go-systemd/util", "security.capability", 0xc820313080, 128) = -1 ENODATA (No data available)
17035 openat(AT_FDCWD, "/home/hmeng/go/src/github.com/opencontainers/runc/Godeps/_workspace/src/github.com/coreos/go-systemd/util", O_RDONLY|O_CLOEXEC) = 7
17035 getdents64(7, /* 3 entries */, 4096) = 80
17035 getdents64(7, /* 0 entries */, 4096) = 0
17035 close(7)                          = 0
17035 lstat("/home/hmeng/go/src/github.com/opencontainers/runc/Godeps/_workspace/src/github.com/coreos/go-systemd/util/util.go", {st_mode=S_IFREG|0664, st_size=1183, ...}) = 0
17035 lstat("/home/hmeng/go/src/github.com/opencontainers/runc/Godeps/_workspace/src/github.com/coreos/go-systemd/util/util.go", {st_mode=S_IFREG|0664, st_size=1183, ...}) = 0
17035 lgetxattr("/home/hmeng/go/src/github.com/opencontainers/runc/Godeps/_workspace/src/github.com/coreos/go-systemd/util/util.go", "security.capability", 0xc820313380, 128) = -1 ENODATA (No data available)
17035 openat(AT_FDCWD, "/home/hmeng/go/src/github.com/opencontainers/runc/Godeps/_workspace/src/github.com/coreos/go-systemd/util/util.go", O_RDONLY|O_CLOEXEC) = 7
17035 read(7, "// Copyright 2015 CoreOS, Inc.\n/"..., 32768) = 1183
17035 read(7, "", 31585)                = 0
17035 close(7)                          = 0
17035 lstat("/home/hmeng/go/src/github.com/opencontainers/runc/Godeps/_workspace/src/github.com/docker", {st_mode=S_IFDIR|0775, st_size=34, ...}) = 0
17035 lstat("/home/hmeng/go/src/github.com/opencontainers/runc/Godeps/_workspace/src/github.com/docker", {st_mode=S_IFDIR|0775, st_size=34, ...}) = 0
17035 lgetxattr("/home/hmeng/go/src/github.com/opencontainers/runc/Godeps/_workspace/src/github.com/docker", "security.capability", 0xc820313480, 128) = -1 ENODATA (No data available)
17035 openat(AT_FDCWD, "/home/hmeng/go/src/github.com/opencontainers/runc/Godeps/_workspace/src/github.com/docker", O_RDONLY|O_CLOEXEC) = 7
17035 getdents64(7, /* 4 entries */, 4096) = 112
17035 getdents64(7, /* 0 entries */, 4096) = 0
17035 close(7)                          = 0
17035 lstat("/home/hmeng/go/src/github.com/opencontainers/runc/Godeps/_workspace/src/github.com/docker/docker", {st_mode=S_IFDIR|0775, st_size=81, ...}) = 0
17035 lstat("/home/hmeng/go/src/github.com/opencontainers/runc/Godeps/_workspace/src/github.com/docker/docker", {st_mode=S_IFDIR|0775, st_size=81, ...}) = 0
17035 lgetxattr("/home/hmeng/go/src/github.com/opencontainers/runc/Godeps/_workspace/src/github.com/docker/docker", "security.capability", 0xc820313500, 128) = -1 ENODATA (No data available)
17035 openat(AT_FDCWD, "/home/hmeng/go/src/github.com/opencontainers/runc/Godeps/_workspace/src/github.com/docker/docker", O_RDONLY|O_CLOEXEC) = 7
17035 getdents64(7, /* 8 entries */, 4096) = 224
17035 getdents64(7, /* 0 entries */, 4096) = 0
17035 close(7)                          = 0
17035 lstat("/home/hmeng/go/src/github.com/opencontainers/runc/Godeps/_workspace/src/github.com/docker/docker/LICENSE", {st_mode=S_IFREG|0664, st_size=10765, ...}) = 0
17035 lstat("/home/hmeng/go/src/github.com/opencontainers/runc/Godeps/_workspace/src/github.com/docker/docker/LICENSE", {st_mode=S_IFREG|0664, st_size=10765, ...}) = 0
17035 lgetxattr("/home/hmeng/go/src/github.com/opencontainers/runc/Godeps/_workspace/src/github.com/docker/docker/LICENSE", "security.capability", 0xc820313580, 128) = -1 ENODATA (No data available)
17035 openat(AT_FDCWD, "/home/hmeng/go/src/github.com/opencontainers/runc/Godeps/_workspace/src/github.com/docker/docker/LICENSE", O_RDONLY|O_CLOEXEC) = 7
17035 read(7,  <unfinished ...>
17032 <... select resumed> )            = 0 (Timeout)
17035 <... read resumed> "\n                               "..., 32768) = 10765
17032 clock_gettime(CLOCK_MONOTONIC,  <unfinished ...>
17035 read(7,  <unfinished ...>
17032 <... clock_gettime resumed> {4903, 582219990}) = 0
17035 <... read resumed> "", 22003)     = 0
17032 clock_gettime(CLOCK_REALTIME,  <unfinished ...>
17035 close(7 <unfinished ...>
17032 <... clock_gettime resumed> {1465918769, 366233958}) = 0
17035 <... close resumed> )             = 0
17032 select(0, NULL, NULL, NULL, {0, 2560} <unfinished ...>
17035 lstat("/home/hmeng/go/src/github.com/opencontainers/runc/Godeps/_workspace/src/github.com/docker/docker/NOTICE", {st_mode=S_IFREG|0664, st_size=638, ...}) = 0
17035 lstat("/home/hmeng/go/src/github.com/opencontainers/runc/Godeps/_workspace/src/github.com/docker/docker/NOTICE", {st_mode=S_IFREG|0664, st_size=638, ...}) = 0
17035 lgetxattr("/home/hmeng/go/src/github.com/opencontainers/runc/Godeps/_workspace/src/github.com/docker/docker/NOTICE", "security.capability", 0xc820313600, 128) = -1 ENODATA (No data available)
17035 openat(AT_FDCWD, "/home/hmeng/go/src/github.com/opencontainers/runc/Godeps/_workspace/src/github.com/docker/docker/NOTICE", O_RDONLY|O_CLOEXEC) = 7
17035 read(7, "Docker\nCopyright 2012-2015 Docke"..., 32768) = 638
17035 read(7, "", 32130)                = 0
17035 close(7)                          = 0
17035 lstat("/home/hmeng/go/src/github.com/opencontainers/runc/Godeps/_workspace/src/github.com/docker/docker/contrib", {st_mode=S_IFDIR|0775, st_size=19, ...}) = 0
17035 lstat("/home/hmeng/go/src/github.com/opencontainers/runc/Godeps/_workspace/src/github.com/docker/docker/contrib", {st_mode=S_IFDIR|0775, st_size=19, ...}) = 0
17035 lgetxattr("/home/hmeng/go/src/github.com/opencontainers/runc/Godeps/_workspace/src/github.com/docker/docker/contrib", "security.capability", 0xc820313680, 128) = -1 ENODATA (No data available)
17035 openat(AT_FDCWD, "/home/hmeng/go/src/github.com/opencontainers/runc/Godeps/_workspace/src/github.com/docker/docker/contrib", O_RDONLY|O_CLOEXEC) = 7
17035 getdents64(7, /* 3 entries */, 4096) = 80
17035 getdents64(7, /* 0 entries */, 4096) = 0
17035 close(7)                          = 0
17035 lstat("/home/hmeng/go/src/github.com/opencontainers/runc/Godeps/_workspace/src/github.com/docker/docker/contrib/syntax", {st_mode=S_IFDIR|0775, st_size=16, ...}) = 0
17035 lstat("/home/hmeng/go/src/github.com/opencontainers/runc/Godeps/_workspace/src/github.com/docker/docker/contrib/syntax", {st_mode=S_IFDIR|0775, st_size=16, ...}) = 0
17035 lgetxattr("/home/hmeng/go/src/github.com/opencontainers/runc/Godeps/_workspace/src/github.com/docker/docker/contrib/syntax", "security.capability", 0xc820313700, 128) = -1 ENODATA (No data available)
17035 openat(AT_FDCWD, "/home/hmeng/go/src/github.com/opencontainers/runc/Godeps/_workspace/src/github.com/docker/docker/contrib/syntax", O_RDONLY|O_CLOEXEC) = 7
17035 getdents64(7, /* 3 entries */, 4096) = 72
17035 getdents64(7, /* 0 entries */, 4096) = 0
17035 close(7)                          = 0
17035 lstat("/home/hmeng/go/src/github.com/opencontainers/runc/Godeps/_workspace/src/github.com/docker/docker/contrib/syntax/vim", {st_mode=S_IFDIR|0775, st_size=20, ...}) = 0
17035 lstat("/home/hmeng/go/src/github.com/opencontainers/runc/Godeps/_workspace/src/github.com/docker/docker/contrib/syntax/vim", {st_mode=S_IFDIR|0775, st_size=20, ...}) = 0
17035 lgetxattr("/home/hmeng/go/src/github.com/opencontainers/runc/Godeps/_workspace/src/github.com/docker/docker/contrib/syntax/vim", "security.capability", 0xc820313a80, 128) = -1 ENODATA (No data available)
17035 openat(AT_FDCWD, "/home/hmeng/go/src/github.com/opencontainers/runc/Godeps/_workspace/src/github.com/docker/docker/contrib/syntax/vim", O_RDONLY|O_CLOEXEC) = 7
17035 getdents64(7, /* 3 entries */, 4096) = 80
17035 getdents64(7, /* 0 entries */, 4096) = 0
17035 close(7 <unfinished ...>
17031 <... epoll_wait resumed> {{EPOLLOUT, {u32=2134024192, u64=140606478393344}}}, 128, -1) = 1
17035 <... close resumed> )             = 0
17031 epoll_wait(5,  <unfinished ...>
17035 lstat("/home/hmeng/go/src/github.com/opencontainers/runc/Godeps/_workspace/src/github.com/docker/docker/contrib/syntax/vim/LICENSE",  <unfinished ...>
17031 <... epoll_wait resumed> {{EPOLLOUT, {u32=2134024192, u64=140606478393344}}}, 128, -1) = 1
17035 <... lstat resumed> {st_mode=S_IFREG|0664, st_size=1298, ...}) = 0
17031 epoll_wait(5,  <unfinished ...>
17035 lstat("/home/hmeng/go/src/github.com/opencontainers/runc/Godeps/_workspace/src/github.com/docker/docker/contrib/syntax/vim/LICENSE", {st_mode=S_IFREG|0664, st_size=1298, ...}) = 0
17035 lgetxattr("/home/hmeng/go/src/github.com/opencontainers/runc/Godeps/_workspace/src/github.com/docker/docker/contrib/syntax/vim/LICENSE", "security.capability", 0xc820313e00, 128) = -1 ENODATA (No data available)
17035 openat(AT_FDCWD, "/home/hmeng/go/src/github.com/opencontainers/runc/Godeps/_workspace/src/github.com/docker/docker/contrib/syntax/vim/LICENSE", O_RDONLY|O_CLOEXEC) = 7
17035 read(7, "Copyright (c) 2013 Honza Pokorny"..., 32768) = 1298
17035 read(7, "", 31470)                = 0
17035 close(7)                          = 0
17035 lstat("/home/hmeng/go/src/github.com/opencontainers/runc/Godeps/_workspace/src/github.com/docker/docker/docs", {st_mode=S_IFDIR|0775, st_size=20, ...}) = 0
17035 lstat("/home/hmeng/go/src/github.com/opencontainers/runc/Godeps/_workspace/src/github.com/docker/docker/docs", {st_mode=S_IFDIR|0775, st_size=20, ...}) = 0
17035 lgetxattr("/home/hmeng/go/src/github.com/opencontainers/runc/Godeps/_workspace/src/github.com/docker/docker/docs", "security.capability", 0xc820313f00, 128) = -1 ENODATA (No data available)
17035 openat(AT_FDCWD, "/home/hmeng/go/src/github.com/opencontainers/runc/Godeps/_workspace/src/github.com/docker/docker/docs", O_RDONLY|O_CLOEXEC) = 7
17035 getdents64(7, /* 3 entries */, 4096) = 80
17035 getdents64(7, /* 0 entries */, 4096) = 0
17035 close(7)                          = 0
17035 lstat("/home/hmeng/go/src/github.com/opencontainers/runc/Godeps/_workspace/src/github.com/docker/docker/docs/project", {st_mode=S_IFDIR|0775, st_size=19, ...}) = 0
17035 lstat("/home/hmeng/go/src/github.com/opencontainers/runc/Godeps/_workspace/src/github.com/docker/docker/docs/project", {st_mode=S_IFDIR|0775, st_size=19, ...}) = 0
17035 lgetxattr("/home/hmeng/go/src/github.com/opencontainers/runc/Godeps/_workspace/src/github.com/docker/docker/docs/project", "security.capability", 0xc820313f80, 128) = -1 ENODATA (No data available)
17035 openat(AT_FDCWD, "/home/hmeng/go/src/github.com/opencontainers/runc/Godeps/_workspace/src/github.com/docker/docker/docs/project", O_RDONLY|O_CLOEXEC) = 7
17035 getdents64(7, /* 3 entries */, 4096) = 80
17035 getdents64(7, /* 0 entries */, 4096) = 0
17035 close(7)                          = 0
17035 lstat("/home/hmeng/go/src/github.com/opencontainers/runc/Godeps/_workspace/src/github.com/docker/docker/docs/project/images", {st_mode=S_IFDIR|0775, st_size=27, ...}) = 0
17035 lstat("/home/hmeng/go/src/github.com/opencontainers/runc/Godeps/_workspace/src/github.com/docker/docker/docs/project/images", {st_mode=S_IFDIR|0775, st_size=27, ...}) = 0
17035 lgetxattr("/home/hmeng/go/src/github.com/opencontainers/runc/Godeps/_workspace/src/github.com/docker/docker/docs/project/images", "security.capability", 0xc82040c300, 128) = -1 ENODATA (No data available)
17035 openat(AT_FDCWD, "/home/hmeng/go/src/github.com/opencontainers/runc/Godeps/_workspace/src/github.com/docker/docker/docs/project/images", O_RDONLY|O_CLOEXEC) = 7
17035 getdents64(7, /* 3 entries */, 4096) = 88
17035 getdents64(7, /* 0 entries */, 4096) = 0
17035 close(7)                          = 0
17035 lstat("/home/hmeng/go/src/github.com/opencontainers/runc/Godeps/_workspace/src/github.com/docker/docker/docs/project/images/red_notice.png", {st_mode=S_IFREG|0664, st_size=45387, ...}) = 0
17035 lstat("/home/hmeng/go/src/github.com/opencontainers/runc/Godeps/_workspace/src/github.com/docker/docker/docs/project/images/red_notice.png", {st_mode=S_IFREG|0664, st_size=45387, ...}) = 0
17035 lgetxattr("/home/hmeng/go/src/github.com/opencontainers/runc/Godeps/_workspace/src/github.com/docker/docker/docs/project/images/red_notice.png", "security.capability", 0xc82040c400, 128) = -1 ENODATA (No data available)
17035 openat(AT_FDCWD, "/home/hmeng/go/src/github.com/opencontainers/runc/Godeps/_workspace/src/github.com/docker/docker/docs/project/images/red_notice.png", O_RDONLY|O_CLOEXEC) = 7
17035 read(7, "\211PNG\r\n\32\n\0\0\0\rIHDR\0\0\3\260\0\0\1f\10\2\0\0\0\333'\341"..., 32768) = 32768
17035 futex(0xc82002ea10, FUTEX_WAKE, 1) = 1
17033 <... futex resumed> )             = 0
17035 write(6, "8000\r\nr\n// size of the channels,"..., 4096 <unfinished ...>
17033 select(0, NULL, NULL, NULL, {0, 100} <unfinished ...>
17035 <... write resumed> )             = 4096
17035 write(6, "gnoreInterval\n\t}\n}\n\n// without t"..., 28678) = 28678
17035 write(6, "\r\n", 2)               = 2
17035 read(7, "\373\23\21!\336\344M\211G\3568\275\376P\247\271\346\344\n\250\2\241\342\373\237\355|\262\372\210\275}"..., 32768) = 12619
17035 read(7, "", 20149)                = 0
17035 close(7)                          = 0
17035 write(6, "8000\r\n\332\311\6\36\344q:\34)\367\6\26\274\263\v\363\346\243\335\267\333qyZ`~"..., 4096) = 4096
17035 write(6, "Q \216\207\6\304\7o\30s\177\275\376!l N\236y\352\355\33\312\322\325\322\350tV\213\1\210"..., 28678) = 28678
17035 write(6, "\r\n", 2)               = 2
17035 lstat("/home/hmeng/go/src/github.com/opencontainers/runc/Godeps/_workspace/src/github.com/docker/docker/pkg", {st_mode=S_IFDIR|0775, st_size=55, ...}) = 0
17033 <... select resumed> )            = 0 (Timeout)
17035 lstat("/home/hmeng/go/src/github.com/opencontainers/runc/Godeps/_workspace/src/github.com/docker/docker/pkg",  <unfinished ...>
17033 futex(0xc82002ea10, FUTEX_WAIT, 0, NULL <unfinished ...>
17035 <... lstat resumed> {st_mode=S_IFDIR|0775, st_size=55, ...}) = 0
17035 lgetxattr("/home/hmeng/go/src/github.com/opencontainers/runc/Godeps/_workspace/src/github.com/docker/docker/pkg", "security.capability", 0xc82040c480, 128) = -1 ENODATA (No data available)
17035 openat(AT_FDCWD, "/home/hmeng/go/src/github.com/opencontainers/runc/Godeps/_workspace/src/github.com/docker/docker/pkg", O_RDONLY|O_CLOEXEC) = 7
17035 getdents64(7, /* 6 entries */, 4096) = 168
17035 getdents64(7, /* 0 entries */, 4096) = 0
17035 close(7)                          = 0
17035 lstat("/home/hmeng/go/src/github.com/opencontainers/runc/Godeps/_workspace/src/github.com/docker/docker/pkg/mflag", {st_mode=S_IFDIR|0775, st_size=20, ...}) = 0
17035 lstat("/home/hmeng/go/src/github.com/opencontainers/runc/Godeps/_workspace/src/github.com/docker/docker/pkg/mflag", {st_mode=S_IFDIR|0775, st_size=20, ...}) = 0
17035 lgetxattr("/home/hmeng/go/src/github.com/opencontainers/runc/Godeps/_workspace/src/github.com/docker/docker/pkg/mflag", "security.capability", 0xc82040c500, 128) = -1 ENODATA (No data available)
17035 openat(AT_FDCWD, "/home/hmeng/go/src/github.com/opencontainers/runc/Godeps/_workspace/src/github.com/docker/docker/pkg/mflag", O_RDONLY|O_CLOEXEC) = 7
17035 getdents64(7, /* 3 entries */, 4096) = 80
17035 getdents64(7, /* 0 entries */, 4096) = 0
17035 close(7)                          = 0
17035 lstat("/home/hmeng/go/src/github.com/opencontainers/runc/Godeps/_workspace/src/github.com/docker/docker/pkg/mflag/LICENSE", {st_mode=S_IFREG|0664, st_size=1493, ...}) = 0
17035 lstat("/home/hmeng/go/src/github.com/opencontainers/runc/Godeps/_workspace/src/github.com/docker/docker/pkg/mflag/LICENSE", {st_mode=S_IFREG|0664, st_size=1493, ...}) = 0
17035 lgetxattr("/home/hmeng/go/src/github.com/opencontainers/runc/Godeps/_workspace/src/github.com/docker/docker/pkg/mflag/LICENSE", "security.capability", 0xc82040c880, 128) = -1 ENODATA (No data available)
17035 openat(AT_FDCWD, "/home/hmeng/go/src/github.com/opencontainers/runc/Godeps/_workspace/src/github.com/docker/docker/pkg/mflag/LICENSE", O_RDONLY|O_CLOEXEC) = 7
17035 read(7, "Copyright (c) 2014-2015 The Dock"..., 32768) = 1493
17035 read(7, "", 31275)                = 0
17035 close(7)                          = 0
17035 lstat("/home/hmeng/go/src/github.com/opencontainers/runc/Godeps/_workspace/src/github.com/docker/docker/pkg/mount", {st_mode=S_IFDIR|0775, st_size=4096, ...}) = 0
17035 lstat("/home/hmeng/go/src/github.com/opencontainers/runc/Godeps/_workspace/src/github.com/docker/docker/pkg/mount", {st_mode=S_IFDIR|0775, st_size=4096, ...}) = 0
17035 lgetxattr("/home/hmeng/go/src/github.com/opencontainers/runc/Godeps/_workspace/src/github.com/docker/docker/pkg/mount", "security.capability", 0xc82040c980, 128) = -1 ENODATA (No data available)
17035 openat(AT_FDCWD, "/home/hmeng/go/src/github.com/opencontainers/runc/Godeps/_workspace/src/github.com/docker/docker/pkg/mount", O_RDONLY|O_CLOEXEC) = 7
17035 getdents64(7, /* 15 entries */, 4096) = 568
17035 getdents64(7, /* 0 entries */, 4096) = 0
17035 close(7)                          = 0
17035 lstat("/home/hmeng/go/src/github.com/opencontainers/runc/Godeps/_workspace/src/github.com/docker/docker/pkg/mount/flags.go", {st_mode=S_IFREG|0664, st_size=1903, ...}) = 0
17035 lstat("/home/hmeng/go/src/github.com/opencontainers/runc/Godeps/_workspace/src/github.com/docker/docker/pkg/mount/flags.go", {st_mode=S_IFREG|0664, st_size=1903, ...}) = 0
17035 lgetxattr("/home/hmeng/go/src/github.com/opencontainers/runc/Godeps/_workspace/src/github.com/docker/docker/pkg/mount/flags.go", "security.capability", 0xc82040cd00, 128) = -1 ENODATA (No data available)
17035 openat(AT_FDCWD, "/home/hmeng/go/src/github.com/opencontainers/runc/Godeps/_workspace/src/github.com/docker/docker/pkg/mount/flags.go", O_RDONLY|O_CLOEXEC) = 7
17035 read(7, "package mount\n\nimport (\n\t\"string"..., 32768) = 1903
17035 read(7, "", 30865)                = 0
17035 close(7)                          = 0
17035 lstat("/home/hmeng/go/src/github.com/opencontainers/runc/Godeps/_workspace/src/github.com/docker/docker/pkg/mount/flags_freebsd.go", {st_mode=S_IFREG|0664, st_size=950, ...}) = 0
17035 lstat("/home/hmeng/go/src/github.com/opencontainers/runc/Godeps/_workspace/src/github.com/docker/docker/pkg/mount/flags_freebsd.go", {st_mode=S_IFREG|0664, st_size=950, ...}) = 0
17035 lgetxattr("/home/hmeng/go/src/github.com/opencontainers/runc/Godeps/_workspace/src/github.com/docker/docker/pkg/mount/flags_freebsd.go", "security.capability", 0xc82040d100, 128) = -1 ENODATA (No data available)
17035 openat(AT_FDCWD, "/home/hmeng/go/src/github.com/opencontainers/runc/Godeps/_workspace/src/github.com/docker/docker/pkg/mount/flags_freebsd.go", O_RDONLY|O_CLOEXEC) = 7
17035 read(7, "// +build freebsd,cgo\n\npackage m"..., 32768) = 950
17035 read(7, "", 31818)                = 0
17035 close(7)                          = 0
17035 lstat("/home/hmeng/go/src/github.com/opencontainers/runc/Godeps/_workspace/src/github.com/docker/docker/pkg/mount/flags_linux.go", {st_mode=S_IFREG|0664, st_size=2863, ...}) = 0
17035 lstat("/home/hmeng/go/src/github.com/opencontainers/runc/Godeps/_workspace/src/github.com/docker/docker/pkg/mount/flags_linux.go", {st_mode=S_IFREG|0664, st_size=2863, ...}) = 0
17035 lgetxattr("/home/hmeng/go/src/github.com/opencontainers/runc/Godeps/_workspace/src/github.com/docker/docker/pkg/mount/flags_linux.go", "security.capability", 0xc82040d500, 128) = -1 ENODATA (No data available)
17035 openat(AT_FDCWD, "/home/hmeng/go/src/github.com/opencontainers/runc/Godeps/_workspace/src/github.com/docker/docker/pkg/mount/flags_linux.go", O_RDONLY|O_CLOEXEC) = 7
17035 read(7, "package mount\n\nimport (\n\t\"syscal"..., 32768) = 2863
17035 read(7, "", 29905)                = 0
17035 close(7)                          = 0
17035 lstat("/home/hmeng/go/src/github.com/opencontainers/runc/Godeps/_workspace/src/github.com/docker/docker/pkg/mount/flags_unsupported.go", {st_mode=S_IFREG|0664, st_size=488, ...}) = 0
17035 lstat("/home/hmeng/go/src/github.com/opencontainers/runc/Godeps/_workspace/src/github.com/docker/docker/pkg/mount/flags_unsupported.go", {st_mode=S_IFREG|0664, st_size=488, ...}) = 0
17035 lgetxattr("/home/hmeng/go/src/github.com/opencontainers/runc/Godeps/_workspace/src/github.com/docker/docker/pkg/mount/flags_unsupported.go", "security.capability", 0xc82040d900, 128) = -1 ENODATA (No data available)
17035 openat(AT_FDCWD, "/home/hmeng/go/src/github.com/opencontainers/runc/Godeps/_workspace/src/github.com/docker/docker/pkg/mount/flags_unsupported.go", O_RDONLY|O_CLOEXEC) = 7
17035 read(7, "// +build !linux,!freebsd freebs"..., 32768) = 488
17035 read(7, "", 32280)                = 0
17035 close(7)                          = 0
17035 lstat("/home/hmeng/go/src/github.com/opencontainers/runc/Godeps/_workspace/src/github.com/docker/docker/pkg/mount/mount.go", {st_mode=S_IFREG|0664, st_size=2108, ...}) = 0
17035 lstat("/home/hmeng/go/src/github.com/opencontainers/runc/Godeps/_workspace/src/github.com/docker/docker/pkg/mount/mount.go", {st_mode=S_IFREG|0664, st_size=2108, ...}) = 0
17035 lgetxattr("/home/hmeng/go/src/github.com/opencontainers/runc/Godeps/_workspace/src/github.com/docker/docker/pkg/mount/mount.go", "security.capability", 0xc82040dd00, 128) = -1 ENODATA (No data available)
17035 openat(AT_FDCWD, "/home/hmeng/go/src/github.com/opencontainers/runc/Godeps/_workspace/src/github.com/docker/docker/pkg/mount/mount.go", O_RDONLY|O_CLOEXEC) = 7
17035 read(7, "package mount\n\nimport (\n\t\"time\"\n"..., 32768) = 2108
17035 read(7, "", 30660)                = 0
17035 close(7)                          = 0
17035 lstat("/home/hmeng/go/src/github.com/opencontainers/runc/Godeps/_workspace/src/github.com/docker/docker/pkg/mount/mounter_freebsd.go", {st_mode=S_IFREG|0664, st_size=1273, ...}) = 0
17035 lstat("/home/hmeng/go/src/github.com/opencontainers/runc/Godeps/_workspace/src/github.com/docker/docker/pkg/mount/mounter_freebsd.go", {st_mode=S_IFREG|0664, st_size=1273, ...}) = 0
17035 lgetxattr("/home/hmeng/go/src/github.com/opencontainers/runc/Godeps/_workspace/src/github.com/docker/docker/pkg/mount/mounter_freebsd.go", "security.capability", 0xc8203e6100, 128) = -1 ENODATA (No data available)
17035 openat(AT_FDCWD, "/home/hmeng/go/src/github.com/opencontainers/runc/Godeps/_workspace/src/github.com/docker/docker/pkg/mount/mounter_freebsd.go", O_RDONLY|O_CLOEXEC) = 7
17035 read(7, "package mount\n\n/*\n#include <errn"..., 32768) = 1273
17035 read(7, "", 31495)                = 0
17035 close(7)                          = 0
17035 lstat("/home/hmeng/go/src/github.com/opencontainers/runc/Godeps/_workspace/src/github.com/docker/docker/pkg/mount/mounter_linux.go", {st_mode=S_IFREG|0664, st_size=530, ...}) = 0
17035 lstat("/home/hmeng/go/src/github.com/opencontainers/runc/Godeps/_workspace/src/github.com/docker/docker/pkg/mount/mounter_linux.go",  <unfinished ...>
17032 <... select resumed> )            = 0 (Timeout)
17035 <... lstat resumed> {st_mode=S_IFREG|0664, st_size=530, ...}) = 0
17032 clock_gettime(CLOCK_MONOTONIC,  <unfinished ...>
17035 lgetxattr("/home/hmeng/go/src/github.com/opencontainers/runc/Godeps/_workspace/src/github.com/docker/docker/pkg/mount/mounter_linux.go", "security.capability" <unfinished ...>
17032 <... clock_gettime resumed> {4903, 584921582}) = 0
17035 <... lgetxattr resumed> , 0xc8203e6500, 128) = -1 ENODATA (No data available)
17032 clock_gettime(CLOCK_REALTIME,  <unfinished ...>
17035 openat(AT_FDCWD, "/home/hmeng/go/src/github.com/opencontainers/runc/Godeps/_workspace/src/github.com/docker/docker/pkg/mount/mounter_linux.go", O_RDONLY|O_CLOEXEC <unfinished ...>
17032 <... clock_gettime resumed> {1465918769, 368947672}) = 0
17035 <... openat resumed> )            = 7
17032 select(0, NULL, NULL, NULL, {0, 5120} <unfinished ...>
17035 read(7, "package mount\n\nimport (\n\t\"syscal"..., 32768) = 530
17035 read(7, "", 32238)                = 0
17035 close(7)                          = 0
17035 lstat("/home/hmeng/go/src/github.com/opencontainers/runc/Godeps/_workspace/src/github.com/docker/docker/pkg/mount/mounter_unsupported.go", {st_mode=S_IFREG|0664, st_size=234, ...}) = 0
17035 lstat("/home/hmeng/go/src/github.com/opencontainers/runc/Godeps/_workspace/src/github.com/docker/docker/pkg/mount/mounter_unsupported.go", {st_mode=S_IFREG|0664, st_size=234, ...}) = 0
17035 lgetxattr("/home/hmeng/go/src/github.com/opencontainers/runc/Godeps/_workspace/src/github.com/docker/docker/pkg/mount/mounter_unsupported.go", "security.capability", 0xc8203e6680, 128) = -1 ENODATA (No data available)
17035 openat(AT_FDCWD, "/home/hmeng/go/src/github.com/opencontainers/runc/Godeps/_workspace/src/github.com/docker/docker/pkg/mount/mounter_unsupported.go", O_RDONLY|O_CLOEXEC) = 7
17035 read(7, "// +build !linux,!freebsd freebs"..., 32768) = 234
17035 read(7, "", 32534)                = 0
17035 close(7)                          = 0
17035 lstat("/home/hmeng/go/src/github.com/opencontainers/runc/Godeps/_workspace/src/github.com/docker/docker/pkg/mount/mountinfo.go", {st_mode=S_IFREG|0664, st_size=1065, ...}) = 0
17035 lstat("/home/hmeng/go/src/github.com/opencontainers/runc/Godeps/_workspace/src/github.com/docker/docker/pkg/mount/mountinfo.go", {st_mode=S_IFREG|0664, st_size=1065, ...}) = 0
17035 lgetxattr("/home/hmeng/go/src/github.com/opencontainers/runc/Godeps/_workspace/src/github.com/docker/docker/pkg/mount/mountinfo.go", "security.capability", 0xc8203e6a00, 128) = -1 ENODATA (No data available)
17035 openat(AT_FDCWD, "/home/hmeng/go/src/github.com/opencontainers/runc/Godeps/_workspace/src/github.com/docker/docker/pkg/mount/mountinfo.go", O_RDONLY|O_CLOEXEC) = 7
17035 read(7, "package mount\n\n// Info reveals i"..., 32768) = 1065
17035 read(7, "", 31703)                = 0
17035 close(7)                          = 0
17035 lstat("/home/hmeng/go/src/github.com/opencontainers/runc/Godeps/_workspace/src/github.com/docker/docker/pkg/mount/mountinfo_freebsd.go", {st_mode=S_IFREG|0664, st_size=921, ...}) = 0
17035 lstat("/home/hmeng/go/src/github.com/opencontainers/runc/Godeps/_workspace/src/github.com/docker/docker/pkg/mount/mountinfo_freebsd.go", {st_mode=S_IFREG|0664, st_size=921, ...}) = 0
17035 lgetxattr("/home/hmeng/go/src/github.com/opencontainers/runc/Godeps/_workspace/src/github.com/docker/docker/pkg/mount/mountinfo_freebsd.go", "security.capability", 0xc8203e6e00, 128) = -1 ENODATA (No data available)
17035 openat(AT_FDCWD, "/home/hmeng/go/src/github.com/opencontainers/runc/Godeps/_workspace/src/github.com/docker/docker/pkg/mount/mountinfo_freebsd.go", O_RDONLY|O_CLOEXEC) = 7
17035 read(7, "package mount\n\n/*\n#include <sys/"..., 32768) = 921
17035 read(7, "", 31847)                = 0
17035 close(7)                          = 0
17035 futex(0xc82002ea10, FUTEX_WAKE, 1) = 1
17033 <... futex resumed> )             = 0
17035 write(6, "8000\r\n\357\357\376\207_\377\3727\177\357\17\377\350\273\203\251\345\207\17\357M\277\363\203\310\237"..., 4096 <unfinished ...>
17033 select(0, NULL, NULL, NULL, {0, 100} <unfinished ...>
17035 <... write resumed> )             = 4096
17035 write(6, "\353\226\374\206\220^\274\255\314\204Z\332\020289\22\346\307\251\205.\273\251\242\210F\342\213U\363\306"..., 28678) = 28678
17035 write(6, "\r\n", 2)               = 2
17035 lstat("/home/hmeng/go/src/github.com/opencontainers/runc/Godeps/_workspace/src/github.com/docker/docker/pkg/mount/mountinfo_linux.go", {st_mode=S_IFREG|0664, st_size=2652, ...}) = 0
17035 lstat("/home/hmeng/go/src/github.com/opencontainers/runc/Godeps/_workspace/src/github.com/docker/docker/pkg/mount/mountinfo_linux.go", {st_mode=S_IFREG|0664, st_size=2652, ...}) = 0
17035 lgetxattr("/home/hmeng/go/src/github.com/opencontainers/runc/Godeps/_workspace/src/github.com/docker/docker/pkg/mount/mountinfo_linux.go", "security.capability", 0xc8203e7200, 128) = -1 ENODATA (No data available)
17035 openat(AT_FDCWD, "/home/hmeng/go/src/github.com/opencontainers/runc/Godeps/_workspace/src/github.com/docker/docker/pkg/mount/mountinfo_linux.go", O_RDONLY|O_CLOEXEC) = 7
17035 read(7, "// +build linux\n\npackage mount\n\n"..., 32768) = 2652
17035 read(7, "", 30116)                = 0
17033 <... select resumed> )            = 0 (Timeout)
17035 close(7 <unfinished ...>
17033 futex(0xc82002ea10, FUTEX_WAIT, 0, NULL <unfinished ...>
17035 <... close resumed> )             = 0
17035 lstat("/home/hmeng/go/src/github.com/opencontainers/runc/Godeps/_workspace/src/github.com/docker/docker/pkg/mount/mountinfo_unsupported.go", {st_mode=S_IFREG|0664, st_size=236, ...}) = 0
17035 lstat("/home/hmeng/go/src/github.com/opencontainers/runc/Godeps/_workspace/src/github.com/docker/docker/pkg/mount/mountinfo_unsupported.go", {st_mode=S_IFREG|0664, st_size=236, ...}) = 0
17035 lgetxattr("/home/hmeng/go/src/github.com/opencontainers/runc/Godeps/_workspace/src/github.com/docker/docker/pkg/mount/mountinfo_unsupported.go", "security.capability", 0xc8203e7380, 128) = -1 ENODATA (No data available)
17035 openat(AT_FDCWD, "/home/hmeng/go/src/github.com/opencontainers/runc/Godeps/_workspace/src/github.com/docker/docker/pkg/mount/mountinfo_unsupported.go", O_RDONLY|O_CLOEXEC) = 7
17035 read(7, "// +build !linux,!freebsd freebs"..., 32768) = 236
17035 read(7, "", 32532)                = 0
17035 close(7)                          = 0
17035 lstat("/home/hmeng/go/src/github.com/opencontainers/runc/Godeps/_workspace/src/github.com/docker/docker/pkg/mount/sharedsubtree_linux.go", {st_mode=S_IFREG|0664, st_size=2331, ...}) = 0
17035 lstat("/home/hmeng/go/src/github.com/opencontainers/runc/Godeps/_workspace/src/github.com/docker/docker/pkg/mount/sharedsubtree_linux.go", {st_mode=S_IFREG|0664, st_size=2331, ...}) = 0
17035 lgetxattr("/home/hmeng/go/src/github.com/opencontainers/runc/Godeps/_workspace/src/github.com/docker/docker/pkg/mount/sharedsubtree_linux.go", "security.capability", 0xc8203e7480, 128) = -1 ENODATA (No data available)
17035 openat(AT_FDCWD, "/home/hmeng/go/src/github.com/opencontainers/runc/Godeps/_workspace/src/github.com/docker/docker/pkg/mount/sharedsubtree_linux.go", O_RDONLY|O_CLOEXEC) = 7
17035 read(7, "// +build linux\n\npackage mount\n\n"..., 32768) = 2331
17035 read(7, "", 30437)                = 0
17035 close(7)                          = 0
17035 lstat("/home/hmeng/go/src/github.com/opencontainers/runc/Godeps/_workspace/src/github.com/docker/docker/pkg/symlink", {st_mode=S_IFDIR|0775, st_size=73, ...}) = 0
17035 lstat("/home/hmeng/go/src/github.com/opencontainers/runc/Godeps/_workspace/src/github.com/docker/docker/pkg/symlink", {st_mode=S_IFDIR|0775, st_size=73, ...}) = 0
17035 lgetxattr("/home/hmeng/go/src/github.com/opencontainers/runc/Godeps/_workspace/src/github.com/docker/docker/pkg/symlink", "security.capability", 0xc8203e7500, 128) = -1 ENODATA (No data available)
17035 openat(AT_FDCWD, "/home/hmeng/go/src/github.com/opencontainers/runc/Godeps/_workspace/src/github.com/docker/docker/pkg/symlink", O_RDONLY|O_CLOEXEC) = 7
17035 getdents64(7, /* 6 entries */, 4096) = 184
17035 getdents64(7, /* 0 entries */, 4096) = 0
17035 close(7)                          = 0
17035 lstat("/home/hmeng/go/src/github.com/opencontainers/runc/Godeps/_workspace/src/github.com/docker/docker/pkg/symlink/LICENSE.APACHE", {st_mode=S_IFREG|0664, st_size=10763, ...}) = 0
17035 lstat("/home/hmeng/go/src/github.com/opencontainers/runc/Godeps/_workspace/src/github.com/docker/docker/pkg/symlink/LICENSE.APACHE", {st_mode=S_IFREG|0664, st_size=10763, ...}) = 0
17035 lgetxattr("/home/hmeng/go/src/github.com/opencontainers/runc/Godeps/_workspace/src/github.com/docker/docker/pkg/symlink/LICENSE.APACHE", "security.capability", 0xc8203e7880, 128) = -1 ENODATA (No data available)
17035 openat(AT_FDCWD, "/home/hmeng/go/src/github.com/opencontainers/runc/Godeps/_workspace/src/github.com/docker/docker/pkg/symlink/LICENSE.APACHE", O_RDONLY|O_CLOEXEC) = 7
17035 read(7, "\n                               "..., 32768) = 10763
17035 read(7, "", 22005)                = 0
17035 close(7)                          = 0
17035 lstat("/home/hmeng/go/src/github.com/opencontainers/runc/Godeps/_workspace/src/github.com/docker/docker/pkg/symlink/LICENSE.BSD", {st_mode=S_IFREG|0664, st_size=1493, ...}) = 0
17035 lstat("/home/hmeng/go/src/github.com/opencontainers/runc/Godeps/_workspace/src/github.com/docker/docker/pkg/symlink/LICENSE.BSD", {st_mode=S_IFREG|0664, st_size=1493, ...}) = 0
17035 lgetxattr("/home/hmeng/go/src/github.com/opencontainers/runc/Godeps/_workspace/src/github.com/docker/docker/pkg/symlink/LICENSE.BSD", "security.capability", 0xc8203e7c80, 128) = -1 ENODATA (No data available)
17035 openat(AT_FDCWD, "/home/hmeng/go/src/github.com/opencontainers/runc/Godeps/_workspace/src/github.com/docker/docker/pkg/symlink/LICENSE.BSD", O_RDONLY|O_CLOEXEC) = 7
17035 read(7, "Copyright (c) 2014-2015 The Dock"..., 32768) = 1493
17035 read(7, "", 31275)                = 0
17035 close(7)                          = 0
17035 lstat("/home/hmeng/go/src/github.com/opencontainers/runc/Godeps/_workspace/src/github.com/docker/docker/pkg/symlink/README.md", {st_mode=S_IFREG|0664, st_size=315, ...}) = 0
17035 lstat("/home/hmeng/go/src/github.com/opencontainers/runc/Godeps/_workspace/src/github.com/docker/docker/pkg/symlink/README.md", {st_mode=S_IFREG|0664, st_size=315, ...}) = 0
17035 lgetxattr("/home/hmeng/go/src/github.com/opencontainers/runc/Godeps/_workspace/src/github.com/docker/docker/pkg/symlink/README.md", "security.capability", 0xc8203ee080, 128) = -1 ENODATA (No data available)
17035 openat(AT_FDCWD, "/home/hmeng/go/src/github.com/opencontainers/runc/Godeps/_workspace/src/github.com/docker/docker/pkg/symlink/README.md", O_RDONLY|O_CLOEXEC) = 7
17035 read(7, "Package symlink implements EvalS"..., 32768) = 315
17035 read(7, "", 32453)                = 0
17035 close(7)                          = 0
17035 lstat("/home/hmeng/go/src/github.com/opencontainers/runc/Godeps/_workspace/src/github.com/docker/docker/pkg/symlink/fs.go", {st_mode=S_IFREG|0664, st_size=4360, ...}) = 0
17035 lstat("/home/hmeng/go/src/github.com/opencontainers/runc/Godeps/_workspace/src/github.com/docker/docker/pkg/symlink/fs.go", {st_mode=S_IFREG|0664, st_size=4360, ...}) = 0
17035 lgetxattr("/home/hmeng/go/src/github.com/opencontainers/runc/Godeps/_workspace/src/github.com/docker/docker/pkg/symlink/fs.go", "security.capability", 0xc8203ee480, 128) = -1 ENODATA (No data available)
17035 openat(AT_FDCWD, "/home/hmeng/go/src/github.com/opencontainers/runc/Godeps/_workspace/src/github.com/docker/docker/pkg/symlink/fs.go", O_RDONLY|O_CLOEXEC) = 7
17035 read(7, "// Copyright 2012 The Go Authors"..., 32768) = 4360
17035 read(7, "", 28408)                = 0
17035 close(7)                          = 0
17035 lstat("/home/hmeng/go/src/github.com/opencontainers/runc/Godeps/_workspace/src/github.com/docker/docker/pkg/term", {st_mode=S_IFDIR|0775, st_size=4096, ...}) = 0
17035 lstat("/home/hmeng/go/src/github.com/opencontainers/runc/Godeps/_workspace/src/github.com/docker/docker/pkg/term", {st_mode=S_IFDIR|0775, st_size=4096, ...}) = 0
17035 lgetxattr("/home/hmeng/go/src/github.com/opencontainers/runc/Godeps/_workspace/src/github.com/docker/docker/pkg/term", "security.capability", 0xc8203ee580, 128) = -1 ENODATA (No data available)
17035 openat(AT_FDCWD, "/home/hmeng/go/src/github.com/opencontainers/runc/Godeps/_workspace/src/github.com/docker/docker/pkg/term", O_RDONLY|O_CLOEXEC) = 7
17035 getdents64(7, /* 10 entries */, 4096) = 344
17035 getdents64(7, /* 0 entries */, 4096) = 0
17035 close(7)                          = 0
17035 lstat("/home/hmeng/go/src/github.com/opencontainers/runc/Godeps/_workspace/src/github.com/docker/docker/pkg/term/tc_linux_cgo.go", {st_mode=S_IFREG|0664, st_size=1043, ...}) = 0
17035 lstat("/home/hmeng/go/src/github.com/opencontainers/runc/Godeps/_workspace/src/github.com/docker/docker/pkg/term/tc_linux_cgo.go", {st_mode=S_IFREG|0664, st_size=1043, ...}) = 0
17035 lgetxattr("/home/hmeng/go/src/github.com/opencontainers/runc/Godeps/_workspace/src/github.com/docker/docker/pkg/term/tc_linux_cgo.go", "security.capability", 0xc8203ee900, 128) = -1 ENODATA (No data available)
17035 openat(AT_FDCWD, "/home/hmeng/go/src/github.com/opencontainers/runc/Godeps/_workspace/src/github.com/docker/docker/pkg/term/tc_linux_cgo.go", O_RDONLY|O_CLOEXEC) = 7
17035 read(7, "// +build linux,cgo\n\npackage ter"..., 32768) = 1043
17035 read(7, "", 31725)                = 0
17035 close(7)                          = 0
17035 lstat("/home/hmeng/go/src/github.com/opencontainers/runc/Godeps/_workspace/src/github.com/docker/docker/pkg/term/tc_other.go", {st_mode=S_IFREG|0664, st_size=415, ...}) = 0
17035 lstat("/home/hmeng/go/src/github.com/opencontainers/runc/Godeps/_workspace/src/github.com/docker/docker/pkg/term/tc_other.go", {st_mode=S_IFREG|0664, st_size=415, ...}) = 0
17035 lgetxattr("/home/hmeng/go/src/github.com/opencontainers/runc/Godeps/_workspace/src/github.com/docker/docker/pkg/term/tc_other.go", "security.capability", 0xc8203eed00, 128) = -1 ENODATA (No data available)
17035 openat(AT_FDCWD, "/home/hmeng/go/src/github.com/opencontainers/runc/Godeps/_workspace/src/github.com/docker/docker/pkg/term/tc_other.go", O_RDONLY|O_CLOEXEC) = 7
17035 read(7, "// +build !windows\n// +build !li"..., 32768) = 415
17035 read(7, "", 32353)                = 0
17035 close(7)                          = 0
17035 lstat("/home/hmeng/go/src/github.com/opencontainers/runc/Godeps/_workspace/src/github.com/docker/docker/pkg/term/term.go", {st_mode=S_IFREG|0664, st_size=2288, ...}) = 0
17035 lstat("/home/hmeng/go/src/github.com/opencontainers/runc/Godeps/_workspace/src/github.com/docker/docker/pkg/term/term.go", {st_mode=S_IFREG|0664, st_size=2288, ...}) = 0
17035 lgetxattr("/home/hmeng/go/src/github.com/opencontainers/runc/Godeps/_workspace/src/github.com/docker/docker/pkg/term/term.go", "security.capability", 0xc8203ef100, 128) = -1 ENODATA (No data available)
17035 openat(AT_FDCWD, "/home/hmeng/go/src/github.com/opencontainers/runc/Godeps/_workspace/src/github.com/docker/docker/pkg/term/term.go", O_RDONLY|O_CLOEXEC) = 7
17035 read(7, "// +build !windows\n\npackage term"..., 32768) = 2288
17035 read(7, "", 30480)                = 0
17035 close(7)                          = 0
17035 futex(0xc82002ea10, FUTEX_WAKE, 1) = 1
17033 <... futex resumed> )             = 0
17035 write(6, "8000\r\n.Pointer(&entries))\n\theade"..., 4096 <unfinished ...>
17033 select(0, NULL, NULL, NULL, {0, 100} <unfinished ...>
17035 <... write resumed> )             = 4096
17035 write(6, "\0\0\0\0\0\0Godeps/_workspace/src/gith"..., 28678) = 28678
17035 write(6, "\r\n", 2)               = 2
17035 lstat("/home/hmeng/go/src/github.com/opencontainers/runc/Godeps/_workspace/src/github.com/docker/docker/pkg/term/term_windows.go", {st_mode=S_IFREG|0664, st_size=4151, ...}) = 0
17035 lstat("/home/hmeng/go/src/github.com/opencontainers/runc/Godeps/_workspace/src/github.com/docker/docker/pkg/term/term_windows.go", {st_mode=S_IFREG|0664, st_size=4151, ...}) = 0
17035 lgetxattr("/home/hmeng/go/src/github.com/opencontainers/runc/Godeps/_workspace/src/github.com/docker/docker/pkg/term/term_windows.go", "security.capability", 0xc8203ef500, 128) = -1 ENODATA (No data available)
17035 openat(AT_FDCWD, "/home/hmeng/go/src/github.com/opencontainers/runc/Godeps/_workspace/src/github.com/docker/docker/pkg/term/term_windows.go", O_RDONLY|O_CLOEXEC) = 7
17035 read(7, "// +build windows\n\npackage term\n"..., 32768) = 4151
17035 read(7, "", 28617)                = 0
17033 <... select resumed> )            = 0 (Timeout)
17035 close(7 <unfinished ...>
17033 futex(0xc82002ea10, FUTEX_WAIT, 0, NULL <unfinished ...>
17035 <... close resumed> )             = 0
17035 lstat("/home/hmeng/go/src/github.com/opencontainers/runc/Godeps/_workspace/src/github.com/docker/docker/pkg/term/termios_darwin.go", {st_mode=S_IFREG|0664, st_size=1568, ...}) = 0
17035 lstat("/home/hmeng/go/src/github.com/opencontainers/runc/Godeps/_workspace/src/github.com/docker/docker/pkg/term/termios_darwin.go", {st_mode=S_IFREG|0664, st_size=1568, ...}) = 0
17035 lgetxattr("/home/hmeng/go/src/github.com/opencontainers/runc/Godeps/_workspace/src/github.com/docker/docker/pkg/term/termios_darwin.go", "security.capability", 0xc8203ef900, 128) = -1 ENODATA (No data available)
17035 openat(AT_FDCWD, "/home/hmeng/go/src/github.com/opencontainers/runc/Godeps/_workspace/src/github.com/docker/docker/pkg/term/termios_darwin.go", O_RDONLY|O_CLOEXEC) = 7
17035 read(7, "package term\n\nimport (\n\t\"syscall"..., 32768) = 1568
17035 read(7, "", 31200)                = 0
17035 close(7)                          = 0
17035 lstat("/home/hmeng/go/src/github.com/opencontainers/runc/Godeps/_workspace/src/github.com/docker/docker/pkg/term/termios_freebsd.go", {st_mode=S_IFREG|0664, st_size=1568, ...}) = 0
17035 lstat("/home/hmeng/go/src/github.com/opencontainers/runc/Godeps/_workspace/src/github.com/docker/docker/pkg/term/termios_freebsd.go", {st_mode=S_IFREG|0664, st_size=1568, ...}) = 0
17035 lgetxattr("/home/hmeng/go/src/github.com/opencontainers/runc/Godeps/_workspace/src/github.com/docker/docker/pkg/term/termios_freebsd.go", "security.capability", 0xc8203efd00, 128) = -1 ENODATA (No data available)
17035 openat(AT_FDCWD, "/home/hmeng/go/src/github.com/opencontainers/runc/Godeps/_workspace/src/github.com/docker/docker/pkg/term/termios_freebsd.go", O_RDONLY|O_CLOEXEC) = 7
17035 read(7, "package term\n\nimport (\n\t\"syscall"..., 32768) = 1568
17035 read(7, "", 31200)                = 0
17035 close(7)                          = 0
17035 lstat("/home/hmeng/go/src/github.com/opencontainers/runc/Godeps/_workspace/src/github.com/docker/docker/pkg/term/termios_linux.go", {st_mode=S_IFREG|0664, st_size=1199, ...}) = 0
17035 lstat("/home/hmeng/go/src/github.com/opencontainers/runc/Godeps/_workspace/src/github.com/docker/docker/pkg/term/termios_linux.go", {st_mode=S_IFREG|0664, st_size=1199, ...}) = 0
17035 lgetxattr("/home/hmeng/go/src/github.com/opencontainers/runc/Godeps/_workspace/src/github.com/docker/docker/pkg/term/termios_linux.go", "security.capability", 0xc820258100, 128) = -1 ENODATA (No data available)
17035 openat(AT_FDCWD, "/home/hmeng/go/src/github.com/opencontainers/runc/Godeps/_workspace/src/github.com/docker/docker/pkg/term/termios_linux.go", O_RDONLY|O_CLOEXEC) = 7
17035 read(7, "// +build !cgo\n\npackage term\n\nim"..., 32768) = 1199
17035 read(7, "", 31569)                = 0
17035 close(7)                          = 0
17035 lstat("/home/hmeng/go/src/github.com/opencontainers/runc/Godeps/_workspace/src/github.com/docker/docker/pkg/term/winconsole", {st_mode=S_IFDIR|0775, st_size=54, ...}) = 0
17035 lstat("/home/hmeng/go/src/github.com/opencontainers/runc/Godeps/_workspace/src/github.com/docker/docker/pkg/term/winconsole", {st_mode=S_IFDIR|0775, st_size=54, ...}) = 0
17035 lgetxattr("/home/hmeng/go/src/github.com/opencontainers/runc/Godeps/_workspace/src/github.com/docker/docker/pkg/term/winconsole", "security.capability", 0xc820258500, 128) = -1 ENODATA (No data available)
17035 openat(AT_FDCWD, "/home/hmeng/go/src/github.com/opencontainers/runc/Godeps/_workspace/src/github.com/docker/docker/pkg/term/winconsole", O_RDONLY|O_CLOEXEC) = 7
17035 getdents64(7, /* 4 entries */, 4096) = 128
17035 getdents64(7, /* 0 entries */, 4096) = 0
17035 close(7)                          = 0
17035 lstat("/home/hmeng/go/src/github.com/opencontainers/runc/Godeps/_workspace/src/github.com/docker/docker/pkg/term/winconsole/console_windows.go", {st_mode=S_IFREG|0664, st_size=34121, ...}) = 0
17035 lstat("/home/hmeng/go/src/github.com/opencontainers/runc/Godeps/_workspace/src/github.com/docker/docker/pkg/term/winconsole/console_windows.go", {st_mode=S_IFREG|0664, st_size=34121, ...}) = 0
17035 lgetxattr("/home/hmeng/go/src/github.com/opencontainers/runc/Godeps/_workspace/src/github.com/docker/docker/pkg/term/winconsole/console_windows.go", "security.capability", 0xc820258600, 128) = -1 ENODATA (No data available)
17035 openat(AT_FDCWD, "/home/hmeng/go/src/github.com/opencontainers/runc/Godeps/_workspace/src/github.com/docker/docker/pkg/term/winconsole/console_windows.go", O_RDONLY|O_CLOEXEC) = 7
17035 read(7, "// +build windows\n\npackage winco"..., 32768) = 32768
17035 futex(0xc82002ea10, FUTEX_WAKE, 1) = 1
17033 <... futex resumed> )             = 0
17035 ioctl(0, TIOCGWINSZ <unfinished ...>
17033 select(0, NULL, NULL, NULL, {0, 100} <unfinished ...>
17035 <... ioctl resumed> , {ws_row=35, ws_col=112, ws_xpixel=0, ws_ypixel=0}) = 0
17035 ioctl(0, TIOCGWINSZ, {ws_row=35, ws_col=112, ws_xpixel=0, ws_ypixel=0}) = 0
17035 write(1, "Sending build context to Docker "..., 48) = 48
17035 write(6, "8000\r\n// +build !windows\n\npackag"..., 4096) = 4096
17035 write(6, "e(fd uintptr) (*Winsize, error) "..., 28678) = 28678
17033 <... select resumed> )            = 0 (Timeout)
17035 write(6, "\r\n", 2 <unfinished ...>
17033 read(7,  <unfinished ...>
17035 <... write resumed> )             = 2
17033 <... read resumed> "g {\n\tvar buf bytes.Buffer\n\tfor i"..., 32768) = 1353
17035 futex(0xc8200f6590, FUTEX_WAIT, 0, NULL <unfinished ...>
17033 read(7, "", 31415)                = 0
17033 close(7)                          = 0
17033 lstat("/home/hmeng/go/src/github.com/opencontainers/runc/Godeps/_workspace/src/github.com/docker/docker/pkg/term/winconsole/term_emulator.go", {st_mode=S_IFREG|0664, st_size=6443, ...}) = 0
17033 lstat("/home/hmeng/go/src/github.com/opencontainers/runc/Godeps/_workspace/src/github.com/docker/docker/pkg/term/winconsole/term_emulator.go", {st_mode=S_IFREG|0664, st_size=6443, ...}) = 0
17033 lgetxattr("/home/hmeng/go/src/github.com/opencontainers/runc/Godeps/_workspace/src/github.com/docker/docker/pkg/term/winconsole/term_emulator.go", "security.capability", 0xc8201ebc00, 128) = -1 ENODATA (No data available)
17033 openat(AT_FDCWD, "/home/hmeng/go/src/github.com/opencontainers/runc/Godeps/_workspace/src/github.com/docker/docker/pkg/term/winconsole/term_emulator.go", O_RDONLY|O_CLOEXEC) = 7
17033 read(7, "package winconsole\n\nimport (\n\t\"f"..., 32768) = 6443
17033 read(7, "", 26325)                = 0
17033 close(7)                          = 0
17033 lstat("/home/hmeng/go/src/github.com/opencontainers/runc/Godeps/_workspace/src/github.com/docker/docker/vendor", {st_mode=S_IFDIR|0775, st_size=16, ...}) = 0
17033 lstat("/home/hmeng/go/src/github.com/opencontainers/runc/Godeps/_workspace/src/github.com/docker/docker/vendor", {st_mode=S_IFDIR|0775, st_size=16, ...}) = 0
17033 lgetxattr("/home/hmeng/go/src/github.com/opencontainers/runc/Godeps/_workspace/src/github.com/docker/docker/vendor", "security.capability", 0xc8201ebc80, 128) = -1 ENODATA (No data available)
17033 openat(AT_FDCWD, "/home/hmeng/go/src/github.com/opencontainers/runc/Godeps/_workspace/src/github.com/docker/docker/vendor", O_RDONLY|O_CLOEXEC) = 7
17033 getdents64(7, /* 3 entries */, 4096) = 72
17033 getdents64(7, /* 0 entries */, 4096) = 0
17033 close(7)                          = 0
17033 lstat("/home/hmeng/go/src/github.com/opencontainers/runc/Godeps/_workspace/src/github.com/docker/docker/vendor/src", {st_mode=S_IFDIR|0775, st_size=23, ...}) = 0
17033 lstat("/home/hmeng/go/src/github.com/opencontainers/runc/Godeps/_workspace/src/github.com/docker/docker/vendor/src", {st_mode=S_IFDIR|0775, st_size=23, ...}) = 0
17033 lgetxattr("/home/hmeng/go/src/github.com/opencontainers/runc/Godeps/_workspace/src/github.com/docker/docker/vendor/src", "security.capability", 0xc8201ebd00, 128) = -1 ENODATA (No data available)
17033 openat(AT_FDCWD, "/home/hmeng/go/src/github.com/opencontainers/runc/Godeps/_workspace/src/github.com/docker/docker/vendor/src", O_RDONLY|O_CLOEXEC) = 7
17033 getdents64(7, /* 3 entries */, 4096) = 80
17033 getdents64(7, /* 0 entries */, 4096) = 0
17033 close(7)                          = 0
17033 lstat("/home/hmeng/go/src/github.com/opencontainers/runc/Godeps/_workspace/src/github.com/docker/docker/vendor/src/github.com", {st_mode=S_IFDIR|0775, st_size=4096, ...}) = 0
17033 lstat("/home/hmeng/go/src/github.com/opencontainers/runc/Godeps/_workspace/src/github.com/docker/docker/vendor/src/github.com", {st_mode=S_IFDIR|0775, st_size=4096, ...}) = 0
17033 lgetxattr("/home/hmeng/go/src/github.com/opencontainers/runc/Godeps/_workspace/src/github.com/docker/docker/vendor/src/github.com", "security.capability", 0xc820264080, 128) = -1 ENODATA (No data available)
17033 openat(AT_FDCWD, "/home/hmeng/go/src/github.com/opencontainers/runc/Godeps/_workspace/src/github.com/docker/docker/vendor/src/github.com", O_RDONLY|O_CLOEXEC) = 7
17033 getdents64(7, /* 16 entries */, 4096) = 488
17033 getdents64(7, /* 0 entries */, 4096) = 0
17033 close(7)                          = 0
17033 lstat("/home/hmeng/go/src/github.com/opencontainers/runc/Godeps/_workspace/src/github.com/docker/docker/vendor/src/github.com/BurntSushi", {st_mode=S_IFDIR|0775, st_size=17, ...}) = 0
17033 lstat("/home/hmeng/go/src/github.com/opencontainers/runc/Godeps/_workspace/src/github.com/docker/docker/vendor/src/github.com/BurntSushi", {st_mode=S_IFDIR|0775, st_size=17, ...}) = 0
17033 lgetxattr("/home/hmeng/go/src/github.com/opencontainers/runc/Godeps/_workspace/src/github.com/docker/docker/vendor/src/github.com/BurntSushi", "security.capability", 0xc820264180, 128) = -1 ENODATA (No data available)
17033 openat(AT_FDCWD, "/home/hmeng/go/src/github.com/opencontainers/runc/Godeps/_workspace/src/github.com/docker/docker/vendor/src/github.com/BurntSushi", O_RDONLY|O_CLOEXEC) = 7
17033 getdents64(7, /* 3 entries */, 4096) = 72
17033 getdents64(7, /* 0 entries */, 4096) = 0
17033 close(7)                          = 0
17033 lstat("/home/hmeng/go/src/github.com/opencontainers/runc/Godeps/_workspace/src/github.com/docker/docker/vendor/src/github.com/BurntSushi/toml", {st_mode=S_IFDIR|0775, st_size=20, ...}) = 0
17033 lstat("/home/hmeng/go/src/github.com/opencontainers/runc/Godeps/_workspace/src/github.com/docker/docker/vendor/src/github.com/BurntSushi/toml", {st_mode=S_IFDIR|0775, st_size=20, ...}) = 0
17033 lgetxattr("/home/hmeng/go/src/github.com/opencontainers/runc/Godeps/_workspace/src/github.com/docker/docker/vendor/src/github.com/BurntSushi/toml", "security.capability", 0xc820264200, 128) = -1 ENODATA (No data available)
17033 openat(AT_FDCWD, "/home/hmeng/go/src/github.com/opencontainers/runc/Godeps/_workspace/src/github.com/docker/docker/vendor/src/github.com/BurntSushi/toml", O_RDONLY|O_CLOEXEC) = 7
17033 getdents64(7, /* 3 entries */, 4096) = 80
17033 getdents64(7, /* 0 entries */, 4096) = 0
17033 close(7)                          = 0
17033 lstat("/home/hmeng/go/src/github.com/opencontainers/runc/Godeps/_workspace/src/github.com/docker/docker/vendor/src/github.com/BurntSushi/toml/COPYING", {st_mode=S_IFREG|0664, st_size=484, ...}) = 0
17033 lstat("/home/hmeng/go/src/github.com/opencontainers/runc/Godeps/_workspace/src/github.com/docker/docker/vendor/src/github.com/BurntSushi/toml/COPYING", {st_mode=S_IFREG|0664, st_size=484, ...}) = 0
17033 lgetxattr("/home/hmeng/go/src/github.com/opencontainers/runc/Godeps/_workspace/src/github.com/docker/docker/vendor/src/github.com/BurntSushi/toml/COPYING", "security.capability", 0xc820264280, 128) = -1 ENODATA (No data available)
17033 openat(AT_FDCWD, "/home/hmeng/go/src/github.com/opencontainers/runc/Godeps/_workspace/src/github.com/docker/docker/vendor/src/github.com/BurntSushi/toml/COPYING", O_RDONLY|O_CLOEXEC) = 7
17033 read(7, "            DO WHAT THE FUCK YOU"..., 32768) = 484
17033 read(7, "", 32284)                = 0
17033 close(7)                          = 0
17033 lstat("/home/hmeng/go/src/github.com/opencontainers/runc/Godeps/_workspace/src/github.com/docker/docker/vendor/src/github.com/Sirupsen", {st_mode=S_IFDIR|0775, st_size=19, ...}) = 0
17033 lstat("/home/hmeng/go/src/github.com/opencontainers/runc/Godeps/_workspace/src/github.com/docker/docker/vendor/src/github.com/Sirupsen", {st_mode=S_IFDIR|0775, st_size=19, ...}) = 0
17033 lgetxattr("/home/hmeng/go/src/github.com/opencontainers/runc/Godeps/_workspace/src/github.com/docker/docker/vendor/src/github.com/Sirupsen", "security.capability", 0xc820264580, 128) = -1 ENODATA (No data available)
17033 openat(AT_FDCWD, "/home/hmeng/go/src/github.com/opencontainers/runc/Godeps/_workspace/src/github.com/docker/docker/vendor/src/github.com/Sirupsen", O_RDONLY|O_CLOEXEC) = 7
17033 getdents64(7, /* 3 entries */, 4096) = 80
17033 getdents64(7, /* 0 entries */, 4096) = 0
17033 close(7)                          = 0
17033 lstat("/home/hmeng/go/src/github.com/opencontainers/runc/Godeps/_workspace/src/github.com/docker/docker/vendor/src/github.com/Sirupsen/logrus", {st_mode=S_IFDIR|0775, st_size=20, ...}) = 0
17033 lstat("/home/hmeng/go/src/github.com/opencontainers/runc/Godeps/_workspace/src/github.com/docker/docker/vendor/src/github.com/Sirupsen/logrus", {st_mode=S_IFDIR|0775, st_size=20, ...}) = 0
17033 lgetxattr("/home/hmeng/go/src/github.com/opencontainers/runc/Godeps/_workspace/src/github.com/docker/docker/vendor/src/github.com/Sirupsen/logrus", "security.capability", 0xc820264680, 128) = -1 ENODATA (No data available)
17033 openat(AT_FDCWD, "/home/hmeng/go/src/github.com/opencontainers/runc/Godeps/_workspace/src/github.com/docker/docker/vendor/src/github.com/Sirupsen/logrus", O_RDONLY|O_CLOEXEC) = 7
17033 getdents64(7, /* 3 entries */, 4096) = 80
17033 getdents64(7, /* 0 entries */, 4096) = 0
17033 close(7)                          = 0
17033 lstat("/home/hmeng/go/src/github.com/opencontainers/runc/Godeps/_workspace/src/github.com/docker/docker/vendor/src/github.com/Sirupsen/logrus/LICENSE", {st_mode=S_IFREG|0664, st_size=1082, ...}) = 0
17033 lstat("/home/hmeng/go/src/github.com/opencontainers/runc/Godeps/_workspace/src/github.com/docker/docker/vendor/src/github.com/Sirupsen/logrus/LICENSE", {st_mode=S_IFREG|0664, st_size=1082, ...}) = 0
17033 lgetxattr("/home/hmeng/go/src/github.com/opencontainers/runc/Godeps/_workspace/src/github.com/docker/docker/vendor/src/github.com/Sirupsen/logrus/LICENSE", "security.capability", 0xc820264700, 128) = -1 ENODATA (No data available)
17033 openat(AT_FDCWD, "/home/hmeng/go/src/github.com/opencontainers/runc/Godeps/_workspace/src/github.com/docker/docker/vendor/src/github.com/Sirupsen/logrus/LICENSE", O_RDONLY|O_CLOEXEC) = 7
17033 read(7, "The MIT License (MIT)\n\nCopyright"..., 32768) = 1082
17033 read(7, "", 31686)                = 0
17033 close(7)                          = 0
17033 lstat("/home/hmeng/go/src/github.com/opencontainers/runc/Godeps/_workspace/src/github.com/docker/docker/vendor/src/github.com/armon", {st_mode=S_IFDIR|0775, st_size=23, ...}) = 0
17033 lstat("/home/hmeng/go/src/github.com/opencontainers/runc/Godeps/_workspace/src/github.com/docker/docker/vendor/src/github.com/armon", {st_mode=S_IFDIR|0775, st_size=23, ...}) = 0
17033 lgetxattr("/home/hmeng/go/src/github.com/opencontainers/runc/Godeps/_workspace/src/github.com/docker/docker/vendor/src/github.com/armon", "security.capability", 0xc820264a00, 128) = -1 ENODATA (No data available)
17033 openat(AT_FDCWD, "/home/hmeng/go/src/github.com/opencontainers/runc/Godeps/_workspace/src/github.com/docker/docker/vendor/src/github.com/armon", O_RDONLY|O_CLOEXEC) = 7
17033 getdents64(7, /* 3 entries */, 4096) = 80
17033 getdents64(7, /* 0 entries */, 4096) = 0
17033 close(7)                          = 0
17033 lstat("/home/hmeng/go/src/github.com/opencontainers/runc/Godeps/_workspace/src/github.com/docker/docker/vendor/src/github.com/armon/go-metrics", {st_mode=S_IFDIR|0775, st_size=20, ...}) = 0
17033 lstat("/home/hmeng/go/src/github.com/opencontainers/runc/Godeps/_workspace/src/github.com/docker/docker/vendor/src/github.com/armon/go-metrics", {st_mode=S_IFDIR|0775, st_size=20, ...}) = 0
17033 lgetxattr("/home/hmeng/go/src/github.com/opencontainers/runc/Godeps/_workspace/src/github.com/docker/docker/vendor/src/github.com/armon/go-metrics", "security.capability", 0xc820264b00, 128) = -1 ENODATA (No data available)
17033 openat(AT_FDCWD, "/home/hmeng/go/src/github.com/opencontainers/runc/Godeps/_workspace/src/github.com/docker/docker/vendor/src/github.com/armon/go-metrics", O_RDONLY|O_CLOEXEC) = 7
17033 getdents64(7, /* 3 entries */, 4096) = 80
17033 getdents64(7, /* 0 entries */, 4096) = 0
17033 close(7)                          = 0
17033 lstat("/home/hmeng/go/src/github.com/opencontainers/runc/Godeps/_workspace/src/github.com/docker/docker/vendor/src/github.com/armon/go-metrics/LICENSE", {st_mode=S_IFREG|0664, st_size=1079, ...}) = 0
17033 lstat("/home/hmeng/go/src/github.com/opencontainers/runc/Godeps/_workspace/src/github.com/docker/docker/vendor/src/github.com/armon/go-metrics/LICENSE", {st_mode=S_IFREG|0664, st_size=1079, ...}) = 0
17033 lgetxattr("/home/hmeng/go/src/github.com/opencontainers/runc/Godeps/_workspace/src/github.com/docker/docker/vendor/src/github.com/armon/go-metrics/LICENSE", "security.capability", 0xc820264b80, 128) = -1 ENODATA (No data available)
17033 openat(AT_FDCWD, "/home/hmeng/go/src/github.com/opencontainers/runc/Godeps/_workspace/src/github.com/docker/docker/vendor/src/github.com/armon/go-metrics/LICENSE", O_RDONLY|O_CLOEXEC) = 7
17033 read(7, "The MIT License (MIT)\n\nCopyright"..., 32768) = 1079
17033 read(7, "", 31689)                = 0
17033 close(7)                          = 0
17033 futex(0xc8200f6590, FUTEX_WAKE, 1 <unfinished ...>
17035 <... futex resumed> )             = 0
17033 <... futex resumed> )             = 1
17035 select(0, NULL, NULL, NULL, {0, 100} <unfinished ...>
17033 write(6, "8000\r\n & FOREGROUND_MASK_UNSET) "..., 4096) = 4096
17033 write(6, "erInfo.Window.Right) {\n\t\t\tcolumn"..., 28678) = 28678
17033 write(6, "\r\n", 2)               = 2
17033 lstat("/home/hmeng/go/src/github.com/opencontainers/runc/Godeps/_workspace/src/github.com/docker/docker/vendor/src/github.com/docker", {st_mode=S_IFDIR|0775, st_size=69, ...}) = 0
17033 lstat("/home/hmeng/go/src/github.com/opencontainers/runc/Godeps/_workspace/src/github.com/docker/docker/vendor/src/github.com/docker", {st_mode=S_IFDIR|0775, st_size=69, ...}) = 0
17033 lgetxattr("/home/hmeng/go/src/github.com/opencontainers/runc/Godeps/_workspace/src/github.com/docker/docker/vendor/src/github.com/docker", "security.capability", 0xc820264e80, 128) = -1 ENODATA (No data available)
17033 openat(AT_FDCWD, "/home/hmeng/go/src/github.com/opencontainers/runc/Godeps/_workspace/src/github.com/docker/docker/vendor/src/github.com/docker", O_RDONLY|O_CLOEXEC <unfinished ...>
17035 <... select resumed> )            = 0 (Timeout)
17033 <... openat resumed> )            = 7
17035 futex(0xc8200f6590, FUTEX_WAIT, 0, NULL <unfinished ...>
17033 getdents64(7, /* 6 entries */, 4096) = 176
17033 getdents64(7, /* 0 entries */, 4096) = 0
17033 close(7)                          = 0
17033 lstat("/home/hmeng/go/src/github.com/opencontainers/runc/Godeps/_workspace/src/github.com/docker/docker/vendor/src/github.com/docker/distribution", {st_mode=S_IFDIR|0775, st_size=20, ...}) = 0
17033 lstat("/home/hmeng/go/src/github.com/opencontainers/runc/Godeps/_workspace/src/github.com/docker/docker/vendor/src/github.com/docker/distribution", {st_mode=S_IFDIR|0775, st_size=20, ...}) = 0
17033 lgetxattr("/home/hmeng/go/src/github.com/opencontainers/runc/Godeps/_workspace/src/github.com/docker/docker/vendor/src/github.com/docker/distribution", "security.capability", 0xc820264f80, 128) = -1 ENODATA (No data available)
17033 openat(AT_FDCWD, "/home/hmeng/go/src/github.com/opencontainers/runc/Godeps/_workspace/src/github.com/docker/docker/vendor/src/github.com/docker/distribution", O_RDONLY|O_CLOEXEC) = 7
17032 <... select resumed> )            = 0 (Timeout)
17033 getdents64(7,  <unfinished ...>
17032 clock_gettime(CLOCK_MONOTONIC,  <unfinished ...>
17033 <... getdents64 resumed> /* 3 entries */, 4096) = 80
17032 <... clock_gettime resumed> {4903, 590197226}) = 0
17033 getdents64(7,  <unfinished ...>
17032 clock_gettime(CLOCK_REALTIME,  <unfinished ...>
17033 <... getdents64 resumed> /* 0 entries */, 4096) = 0
17032 <... clock_gettime resumed> {1465918769, 374214053}) = 0
17033 close(7 <unfinished ...>
17032 select(0, NULL, NULL, NULL, {0, 10000} <unfinished ...>
17033 <... close resumed> )             = 0
17033 lstat("/home/hmeng/go/src/github.com/opencontainers/runc/Godeps/_workspace/src/github.com/docker/docker/vendor/src/github.com/docker/distribution/LICENSE", {st_mode=S_IFREG|0664, st_size=11325, ...}) = 0
17033 lstat("/home/hmeng/go/src/github.com/opencontainers/runc/Godeps/_workspace/src/github.com/docker/docker/vendor/src/github.com/docker/distribution/LICENSE", {st_mode=S_IFREG|0664, st_size=11325, ...}) = 0
17033 lgetxattr("/home/hmeng/go/src/github.com/opencontainers/runc/Godeps/_workspace/src/github.com/docker/docker/vendor/src/github.com/docker/distribution/LICENSE", "security.capability", 0xc820265000, 128) = -1 ENODATA (No data available)
17033 openat(AT_FDCWD, "/home/hmeng/go/src/github.com/opencontainers/runc/Godeps/_workspace/src/github.com/docker/docker/vendor/src/github.com/docker/distribution/LICENSE", O_RDONLY|O_CLOEXEC) = 7
17033 read(7, "Apache License\n                 "..., 32768) = 11325
17033 read(7, "", 21443)                = 0
17033 close(7)                          = 0
17033 lstat("/home/hmeng/go/src/github.com/opencontainers/runc/Godeps/_workspace/src/github.com/docker/docker/vendor/src/github.com/docker/libkv", {st_mode=S_IFDIR|0775, st_size=20, ...}) = 0
17033 lstat("/home/hmeng/go/src/github.com/opencontainers/runc/Godeps/_workspace/src/github.com/docker/docker/vendor/src/github.com/docker/libkv", {st_mode=S_IFDIR|0775, st_size=20, ...}) = 0
17033 lgetxattr("/home/hmeng/go/src/github.com/opencontainers/runc/Godeps/_workspace/src/github.com/docker/docker/vendor/src/github.com/docker/libkv", "security.capability", 0xc820265080, 128) = -1 ENODATA (No data available)
17033 openat(AT_FDCWD, "/home/hmeng/go/src/github.com/opencontainers/runc/Godeps/_workspace/src/github.com/docker/docker/vendor/src/github.com/docker/libkv", O_RDONLY|O_CLOEXEC) = 7
17033 getdents64(7, /* 3 entries */, 4096) = 80
17033 getdents64(7, /* 0 entries */, 4096) = 0
17033 close(7)                          = 0
17033 lstat("/home/hmeng/go/src/github.com/opencontainers/runc/Godeps/_workspace/src/github.com/docker/docker/vendor/src/github.com/docker/libkv/LICENSE", {st_mode=S_IFREG|0664, st_size=10763, ...}) = 0
17033 lstat("/home/hmeng/go/src/github.com/opencontainers/runc/Godeps/_workspace/src/github.com/docker/docker/vendor/src/github.com/docker/libkv/LICENSE", {st_mode=S_IFREG|0664, st_size=10763, ...}) = 0
17033 lgetxattr("/home/hmeng/go/src/github.com/opencontainers/runc/Godeps/_workspace/src/github.com/docker/docker/vendor/src/github.com/docker/libkv/LICENSE", "security.capability", 0xc820265100, 128) = -1 ENODATA (No data available)
17033 openat(AT_FDCWD, "/home/hmeng/go/src/github.com/opencontainers/runc/Godeps/_workspace/src/github.com/docker/docker/vendor/src/github.com/docker/libkv/LICENSE", O_RDONLY|O_CLOEXEC) = 7
17033 read(7, "\n                               "..., 32768) = 10763
17033 read(7, "", 22005)                = 0
17033 close(7)                          = 0
17033 lstat("/home/hmeng/go/src/github.com/opencontainers/runc/Godeps/_workspace/src/github.com/docker/docker/vendor/src/github.com/docker/libnetwork", {st_mode=S_IFDIR|0775, st_size=20, ...}) = 0
17033 lstat("/home/hmeng/go/src/github.com/opencontainers/runc/Godeps/_workspace/src/github.com/docker/docker/vendor/src/github.com/docker/libnetwork", {st_mode=S_IFDIR|0775, st_size=20, ...}) = 0
17033 lgetxattr("/home/hmeng/go/src/github.com/opencontainers/runc/Godeps/_workspace/src/github.com/docker/docker/vendor/src/github.com/docker/libnetwork", "security.capability", 0xc820265180, 128) = -1 ENODATA (No data available)
17033 openat(AT_FDCWD, "/home/hmeng/go/src/github.com/opencontainers/runc/Godeps/_workspace/src/github.com/docker/docker/vendor/src/github.com/docker/libnetwork", O_RDONLY|O_CLOEXEC) = 7
17033 getdents64(7, /* 3 entries */, 4096) = 80
17033 getdents64(7, /* 0 entries */, 4096) = 0
17033 close(7)                          = 0
17033 lstat("/home/hmeng/go/src/github.com/opencontainers/runc/Godeps/_workspace/src/github.com/docker/docker/vendor/src/github.com/docker/libnetwork/LICENSE", {st_mode=S_IFREG|0664, st_size=11325, ...}) = 0
17033 lstat("/home/hmeng/go/src/github.com/opencontainers/runc/Godeps/_workspace/src/github.com/docker/docker/vendor/src/github.com/docker/libnetwork/LICENSE", {st_mode=S_IFREG|0664, st_size=11325, ...}) = 0
17033 lgetxattr("/home/hmeng/go/src/github.com/opencontainers/runc/Godeps/_workspace/src/github.com/docker/docker/vendor/src/github.com/docker/libnetwork/LICENSE", "security.capability", 0xc820265200, 128) = -1 ENODATA (No data available)
17033 openat(AT_FDCWD, "/home/hmeng/go/src/github.com/opencontainers/runc/Godeps/_workspace/src/github.com/docker/docker/vendor/src/github.com/docker/libnetwork/LICENSE", O_RDONLY|O_CLOEXEC) = 7
17033 read(7, "Apache License\n                 "..., 32768) = 11325
17033 read(7, "", 21443)                = 0
17033 close(7)                          = 0
17033 futex(0xc8200f6590, FUTEX_WAKE, 1 <unfinished ...>
17035 <... futex resumed> )             = 0
17033 <... futex resumed> )             = 1
17035 select(0, NULL, NULL, NULL, {0, 100} <unfinished ...>
17033 write(6, "8000\r\nThe MIT License (MIT)\n\nCop"..., 4096) = 4096
17033 write(6, "l mean an individual or Legal En"..., 28678) = 28678
17033 write(6, "\r\n", 2)               = 2
17033 lstat("/home/hmeng/go/src/github.com/opencontainers/runc/Godeps/_workspace/src/github.com/docker/docker/vendor/src/github.com/docker/libtrust", {st_mode=S_IFDIR|0775, st_size=20, ...}) = 0
17033 lstat("/home/hmeng/go/src/github.com/opencontainers/runc/Godeps/_workspace/src/github.com/docker/docker/vendor/src/github.com/docker/libtrust", {st_mode=S_IFDIR|0775, st_size=20, ...}) = 0
17033 lgetxattr("/home/hmeng/go/src/github.com/opencontainers/runc/Godeps/_workspace/src/github.com/docker/docker/vendor/src/github.com/docker/libtrust", "security.capability", 0xc820265280, 128) = -1 ENODATA (No data available)
17033 openat(AT_FDCWD, "/home/hmeng/go/src/github.com/opencontainers/runc/Godeps/_workspace/src/github.com/docker/docker/vendor/src/github.com/docker/libtrust", O_RDONLY|O_CLOEXEC <unfinished ...>
17035 <... select resumed> )            = 0 (Timeout)
17033 <... openat resumed> )            = 7
17035 futex(0xc8200f6590, FUTEX_WAIT, 0, NULL <unfinished ...>
17033 getdents64(7, /* 3 entries */, 4096) = 80
17033 getdents64(7, /* 0 entries */, 4096) = 0
17033 close(7)                          = 0
17033 lstat("/home/hmeng/go/src/github.com/opencontainers/runc/Godeps/_workspace/src/github.com/docker/docker/vendor/src/github.com/docker/libtrust/LICENSE", {st_mode=S_IFREG|0664, st_size=10758, ...}) = 0
17033 lstat("/home/hmeng/go/src/github.com/opencontainers/runc/Godeps/_workspace/src/github.com/docker/docker/vendor/src/github.com/docker/libtrust/LICENSE", {st_mode=S_IFREG|0664, st_size=10758, ...}) = 0
17033 lgetxattr("/home/hmeng/go/src/github.com/opencontainers/runc/Godeps/_workspace/src/github.com/docker/docker/vendor/src/github.com/docker/libtrust/LICENSE", "security.capability", 0xc820265300, 128) = -1 ENODATA (No data available)
17033 openat(AT_FDCWD, "/home/hmeng/go/src/github.com/opencontainers/runc/Godeps/_workspace/src/github.com/docker/docker/vendor/src/github.com/docker/libtrust/LICENSE", O_RDONLY|O_CLOEXEC) = 7
17033 read(7, "\n                               "..., 32768) = 10758
17033 read(7, "", 22010)                = 0
17033 close(7)                          = 0
17033 lstat("/home/hmeng/go/src/github.com/opencontainers/runc/Godeps/_workspace/src/github.com/docker/docker/vendor/src/github.com/go-check", {st_mode=S_IFDIR|0775, st_size=18, ...}) = 0
17033 lstat("/home/hmeng/go/src/github.com/opencontainers/runc/Godeps/_workspace/src/github.com/docker/docker/vendor/src/github.com/go-check", {st_mode=S_IFDIR|0775, st_size=18, ...}) = 0
17033 lgetxattr("/home/hmeng/go/src/github.com/opencontainers/runc/Godeps/_workspace/src/github.com/docker/docker/vendor/src/github.com/go-check", "security.capability", 0xc820265600, 128) = -1 ENODATA (No data available)
17033 openat(AT_FDCWD, "/home/hmeng/go/src/github.com/opencontainers/runc/Godeps/_workspace/src/github.com/docker/docker/vendor/src/github.com/go-check", O_RDONLY|O_CLOEXEC) = 7
17033 getdents64(7, /* 3 entries */, 4096) = 80
17033 getdents64(7, /* 0 entries */, 4096) = 0
17033 close(7)                          = 0
17033 lstat("/home/hmeng/go/src/github.com/opencontainers/runc/Godeps/_workspace/src/github.com/docker/docker/vendor/src/github.com/go-check/check", {st_mode=S_IFDIR|0775, st_size=20, ...}) = 0
17033 lstat("/home/hmeng/go/src/github.com/opencontainers/runc/Godeps/_workspace/src/github.com/docker/docker/vendor/src/github.com/go-check/check", {st_mode=S_IFDIR|0775, st_size=20, ...}) = 0
17033 lgetxattr("/home/hmeng/go/src/github.com/opencontainers/runc/Godeps/_workspace/src/github.com/docker/docker/vendor/src/github.com/go-check/check", "security.capability", 0xc820265700, 128) = -1 ENODATA (No data available)
17033 openat(AT_FDCWD, "/home/hmeng/go/src/github.com/opencontainers/runc/Godeps/_workspace/src/github.com/docker/docker/vendor/src/github.com/go-check/check", O_RDONLY|O_CLOEXEC) = 7
17033 getdents64(7, /* 3 entries */, 4096) = 80
17033 getdents64(7, /* 0 entries */, 4096) = 0
17033 close(7)                          = 0
17033 lstat("/home/hmeng/go/src/github.com/opencontainers/runc/Godeps/_workspace/src/github.com/docker/docker/vendor/src/github.com/go-check/check/LICENSE", {st_mode=S_IFREG|0664, st_size=1377, ...}) = 0
17033 lstat("/home/hmeng/go/src/github.com/opencontainers/runc/Godeps/_workspace/src/github.com/docker/docker/vendor/src/github.com/go-check/check/LICENSE", {st_mode=S_IFREG|0664, st_size=1377, ...}) = 0
17033 lgetxattr("/home/hmeng/go/src/github.com/opencontainers/runc/Godeps/_workspace/src/github.com/docker/docker/vendor/src/github.com/go-check/check/LICENSE", "security.capability", 0xc820265780, 128) = -1 ENODATA (No data available)
17033 openat(AT_FDCWD, "/home/hmeng/go/src/github.com/opencontainers/runc/Godeps/_workspace/src/github.com/docker/docker/vendor/src/github.com/go-check/check/LICENSE", O_RDONLY|O_CLOEXEC) = 7
17033 read(7, "Gocheck - A rich testing framewo"..., 32768) = 1377
17033 read(7, "", 31391)                = 0
17033 close(7)                          = 0
17033 lstat("/home/hmeng/go/src/github.com/opencontainers/runc/Godeps/_workspace/src/github.com/docker/docker/vendor/src/github.com/godbus", {st_mode=S_IFDIR|0775, st_size=17, ...}) = 0
17033 lstat("/home/hmeng/go/src/github.com/opencontainers/runc/Godeps/_workspace/src/github.com/docker/docker/vendor/src/github.com/godbus", {st_mode=S_IFDIR|0775, st_size=17, ...}) = 0
17033 lgetxattr("/home/hmeng/go/src/github.com/opencontainers/runc/Godeps/_workspace/src/github.com/docker/docker/vendor/src/github.com/godbus", "security.capability", 0xc820265a80, 128) = -1 ENODATA (No data available)
17033 openat(AT_FDCWD, "/home/hmeng/go/src/github.com/opencontainers/runc/Godeps/_workspace/src/github.com/docker/docker/vendor/src/github.com/godbus", O_RDONLY|O_CLOEXEC) = 7
17033 getdents64(7, /* 3 entries */, 4096) = 72
17033 getdents64(7, /* 0 entries */, 4096) = 0
17033 close(7)                          = 0
17033 lstat("/home/hmeng/go/src/github.com/opencontainers/runc/Godeps/_workspace/src/github.com/docker/docker/vendor/src/github.com/godbus/dbus", {st_mode=S_IFDIR|0775, st_size=20, ...}) = 0
17033 lstat("/home/hmeng/go/src/github.com/opencontainers/runc/Godeps/_workspace/src/github.com/docker/docker/vendor/src/github.com/godbus/dbus", {st_mode=S_IFDIR|0775, st_size=20, ...}) = 0
17033 lgetxattr("/home/hmeng/go/src/github.com/opencontainers/runc/Godeps/_workspace/src/github.com/docker/docker/vendor/src/github.com/godbus/dbus", "security.capability", 0xc820265b80, 128) = -1 ENODATA (No data available)
17033 openat(AT_FDCWD, "/home/hmeng/go/src/github.com/opencontainers/runc/Godeps/_workspace/src/github.com/docker/docker/vendor/src/github.com/godbus/dbus", O_RDONLY|O_CLOEXEC) = 7
17033 getdents64(7, /* 3 entries */, 4096) = 80
17033 getdents64(7, /* 0 entries */, 4096) = 0
17033 close(7)                          = 0
17033 lstat("/home/hmeng/go/src/github.com/opencontainers/runc/Godeps/_workspace/src/github.com/docker/docker/vendor/src/github.com/godbus/dbus/LICENSE", {st_mode=S_IFREG|0664, st_size=1320, ...}) = 0
17033 lstat("/home/hmeng/go/src/github.com/opencontainers/runc/Godeps/_workspace/src/github.com/docker/docker/vendor/src/github.com/godbus/dbus/LICENSE", {st_mode=S_IFREG|0664, st_size=1320, ...}) = 0
17033 lgetxattr("/home/hmeng/go/src/github.com/opencontainers/runc/Godeps/_workspace/src/github.com/docker/docker/vendor/src/github.com/godbus/dbus/LICENSE", "security.capability", 0xc820265c00, 128) = -1 ENODATA (No data available)
17033 openat(AT_FDCWD, "/home/hmeng/go/src/github.com/opencontainers/runc/Godeps/_workspace/src/github.com/docker/docker/vendor/src/github.com/godbus/dbus/LICENSE", O_RDONLY|O_CLOEXEC) = 7
17033 read(7, "Copyright (c) 2013, Georg Reinke"..., 32768) = 1320
17033 read(7, "", 31448)                = 0
17033 close(7)                          = 0
17033 lstat("/home/hmeng/go/src/github.com/opencontainers/runc/Godeps/_workspace/src/github.com/docker/docker/vendor/src/github.com/gorilla", {st_mode=S_IFDIR|0775, st_size=30, ...}) = 0
17033 lstat("/home/hmeng/go/src/github.com/opencontainers/runc/Godeps/_workspace/src/github.com/docker/docker/vendor/src/github.com/gorilla", {st_mode=S_IFDIR|0775, st_size=30, ...}) = 0
17033 lgetxattr("/home/hmeng/go/src/github.com/opencontainers/runc/Godeps/_workspace/src/github.com/docker/docker/vendor/src/github.com/gorilla", "security.capability", 0xc820265f00, 128) = -1 ENODATA (No data available)
17033 openat(AT_FDCWD, "/home/hmeng/go/src/github.com/opencontainers/runc/Godeps/_workspace/src/github.com/docker/docker/vendor/src/github.com/gorilla", O_RDONLY|O_CLOEXEC) = 7
17033 getdents64(7, /* 4 entries */, 4096) = 104
17033 getdents64(7, /* 0 entries */, 4096) = 0
17033 close(7)                          = 0
17033 lstat("/home/hmeng/go/src/github.com/opencontainers/runc/Godeps/_workspace/src/github.com/docker/docker/vendor/src/github.com/gorilla/context", {st_mode=S_IFDIR|0775, st_size=20, ...}) = 0
17033 lstat("/home/hmeng/go/src/github.com/opencontainers/runc/Godeps/_workspace/src/github.com/docker/docker/vendor/src/github.com/gorilla/context", {st_mode=S_IFDIR|0775, st_size=20, ...}) = 0
17033 lgetxattr("/home/hmeng/go/src/github.com/opencontainers/runc/Godeps/_workspace/src/github.com/docker/docker/vendor/src/github.com/gorilla/context", "security.capability", 0xc8204fe000, 128) = -1 ENODATA (No data available)
17033 openat(AT_FDCWD, "/home/hmeng/go/src/github.com/opencontainers/runc/Godeps/_workspace/src/github.com/docker/docker/vendor/src/github.com/gorilla/context", O_RDONLY|O_CLOEXEC <unfinished ...>
17031 <... epoll_wait resumed> {{EPOLLOUT, {u32=2134024192, u64=140606478393344}}}, 128, -1) = 1
17033 <... openat resumed> )            = 7
17031 epoll_wait(5,  <unfinished ...>
17033 getdents64(7, /* 3 entries */, 4096) = 80
17033 getdents64(7, /* 0 entries */, 4096) = 0
17033 close(7)                          = 0
17033 lstat("/home/hmeng/go/src/github.com/opencontainers/runc/Godeps/_workspace/src/github.com/docker/docker/vendor/src/github.com/gorilla/context/LICENSE", {st_mode=S_IFREG|0664, st_size=1476, ...}) = 0
17033 lstat("/home/hmeng/go/src/github.com/opencontainers/runc/Godeps/_workspace/src/github.com/docker/docker/vendor/src/github.com/gorilla/context/LICENSE", {st_mode=S_IFREG|0664, st_size=1476, ...}) = 0
17033 lgetxattr("/home/hmeng/go/src/github.com/opencontainers/runc/Godeps/_workspace/src/github.com/docker/docker/vendor/src/github.com/gorilla/context/LICENSE", "security.capability", 0xc8204fe080, 128) = -1 ENODATA (No data available)
17033 openat(AT_FDCWD, "/home/hmeng/go/src/github.com/opencontainers/runc/Godeps/_workspace/src/github.com/docker/docker/vendor/src/github.com/gorilla/context/LICENSE", O_RDONLY|O_CLOEXEC) = 7
17033 read(7, "Copyright (c) 2012 Rodrigo Morae"..., 32768) = 1476
17033 read(7, "", 31292)                = 0
17033 close(7)                          = 0
17033 lstat("/home/hmeng/go/src/github.com/opencontainers/runc/Godeps/_workspace/src/github.com/docker/docker/vendor/src/github.com/gorilla/mux", {st_mode=S_IFDIR|0775, st_size=20, ...}) = 0
17033 lstat("/home/hmeng/go/src/github.com/opencontainers/runc/Godeps/_workspace/src/github.com/docker/docker/vendor/src/github.com/gorilla/mux", {st_mode=S_IFDIR|0775, st_size=20, ...}) = 0
17033 lgetxattr("/home/hmeng/go/src/github.com/opencontainers/runc/Godeps/_workspace/src/github.com/docker/docker/vendor/src/github.com/gorilla/mux", "security.capability", 0xc8204fe100, 128) = -1 ENODATA (No data available)
17033 openat(AT_FDCWD, "/home/hmeng/go/src/github.com/opencontainers/runc/Godeps/_workspace/src/github.com/docker/docker/vendor/src/github.com/gorilla/mux", O_RDONLY|O_CLOEXEC) = 7
17033 getdents64(7, /* 3 entries */, 4096) = 80
17033 getdents64(7, /* 0 entries */, 4096) = 0
17033 close(7)                          = 0
17033 lstat("/home/hmeng/go/src/github.com/opencontainers/runc/Godeps/_workspace/src/github.com/docker/docker/vendor/src/github.com/gorilla/mux/LICENSE", {st_mode=S_IFREG|0664, st_size=1476, ...}) = 0
17033 lstat("/home/hmeng/go/src/github.com/opencontainers/runc/Godeps/_workspace/src/github.com/docker/docker/vendor/src/github.com/gorilla/mux/LICENSE", {st_mode=S_IFREG|0664, st_size=1476, ...}) = 0
17033 lgetxattr("/home/hmeng/go/src/github.com/opencontainers/runc/Godeps/_workspace/src/github.com/docker/docker/vendor/src/github.com/gorilla/mux/LICENSE", "security.capability", 0xc8204fe180, 128) = -1 ENODATA (No data available)
17033 openat(AT_FDCWD, "/home/hmeng/go/src/github.com/opencontainers/runc/Godeps/_workspace/src/github.com/docker/docker/vendor/src/github.com/gorilla/mux/LICENSE", O_RDONLY|O_CLOEXEC) = 7
17033 read(7, "Copyright (c) 2012 Rodrigo Morae"..., 32768) = 1476
17033 read(7, "", 31292)                = 0
17033 close(7)                          = 0
17033 lstat("/home/hmeng/go/src/github.com/opencontainers/runc/Godeps/_workspace/src/github.com/docker/docker/vendor/src/github.com/hashicorp", {st_mode=S_IFDIR|0775, st_size=23, ...}) = 0
17033 lstat("/home/hmeng/go/src/github.com/opencontainers/runc/Godeps/_workspace/src/github.com/docker/docker/vendor/src/github.com/hashicorp", {st_mode=S_IFDIR|0775, st_size=23, ...}) = 0
17033 lgetxattr("/home/hmeng/go/src/github.com/opencontainers/runc/Godeps/_workspace/src/github.com/docker/docker/vendor/src/github.com/hashicorp", "security.capability", 0xc8204fe300, 128) = -1 ENODATA (No data available)
17033 openat(AT_FDCWD, "/home/hmeng/go/src/github.com/opencontainers/runc/Godeps/_workspace/src/github.com/docker/docker/vendor/src/github.com/hashicorp", O_RDONLY|O_CLOEXEC) = 7
17033 getdents64(7, /* 3 entries */, 4096) = 80
17033 getdents64(7, /* 0 entries */, 4096) = 0
17033 close(7)                          = 0
17033 lstat("/home/hmeng/go/src/github.com/opencontainers/runc/Godeps/_workspace/src/github.com/docker/docker/vendor/src/github.com/hashicorp/memberlist", {st_mode=S_IFDIR|0775, st_size=20, ...}) = 0
17033 lstat("/home/hmeng/go/src/github.com/opencontainers/runc/Godeps/_workspace/src/github.com/docker/docker/vendor/src/github.com/hashicorp/memberlist", {st_mode=S_IFDIR|0775, st_size=20, ...}) = 0
17033 lgetxattr("/home/hmeng/go/src/github.com/opencontainers/runc/Godeps/_workspace/src/github.com/docker/docker/vendor/src/github.com/hashicorp/memberlist", "security.capability", 0xc8204fe380, 128) = -1 ENODATA (No data available)
17033 openat(AT_FDCWD, "/home/hmeng/go/src/github.com/opencontainers/runc/Godeps/_workspace/src/github.com/docker/docker/vendor/src/github.com/hashicorp/memberlist", O_RDONLY|O_CLOEXEC) = 7
17033 getdents64(7, /* 3 entries */, 4096) = 80
17033 getdents64(7, /* 0 entries */, 4096) = 0
17033 close(7)                          = 0
17033 lstat("/home/hmeng/go/src/github.com/opencontainers/runc/Godeps/_workspace/src/github.com/docker/docker/vendor/src/github.com/hashicorp/memberlist/LICENSE", {st_mode=S_IFREG|0664, st_size=15977, ...}) = 0
17033 lstat("/home/hmeng/go/src/github.com/opencontainers/runc/Godeps/_workspace/src/github.com/docker/docker/vendor/src/github.com/hashicorp/memberlist/LICENSE", {st_mode=S_IFREG|0664, st_size=15977, ...}) = 0
17033 lgetxattr("/home/hmeng/go/src/github.com/opencontainers/runc/Godeps/_workspace/src/github.com/docker/docker/vendor/src/github.com/hashicorp/memberlist/LICENSE", "security.capability", 0xc8204fe400, 128) = -1 ENODATA (No data available)
17033 openat(AT_FDCWD, "/home/hmeng/go/src/github.com/opencontainers/runc/Godeps/_workspace/src/github.com/docker/docker/vendor/src/github.com/hashicorp/memberlist/LICENSE", O_RDONLY|O_CLOEXEC) = 7
17033 read(7, "Mozilla Public License, version "..., 32768) = 15977
17033 read(7, "", 16791)                = 0
17033 close(7)                          = 0
17033 futex(0xc8200f6590, FUTEX_WAKE, 1 <unfinished ...>
17035 <... futex resumed> )             = 0
17033 <... futex resumed> )             = 1
17035 select(0, NULL, NULL, NULL, {0, 100} <unfinished ...>
17033 write(6, "8000\r\nm or counterclaim in a law"..., 4096) = 4096
17033 write(6, "eory,\n      whether in tort (inc"..., 28678) = 28678
17033 write(6, "\r\n", 2)               = 2
17033 lstat("/home/hmeng/go/src/github.com/opencontainers/runc/Godeps/_workspace/src/github.com/docker/docker/vendor/src/github.com/kr", {st_mode=S_IFDIR|0775, st_size=16, ...}) = 0
17033 lstat("/home/hmeng/go/src/github.com/opencontainers/runc/Godeps/_workspace/src/github.com/docker/docker/vendor/src/github.com/kr", {st_mode=S_IFDIR|0775, st_size=16, ...}) = 0
17033 lgetxattr("/home/hmeng/go/src/github.com/opencontainers/runc/Godeps/_workspace/src/github.com/docker/docker/vendor/src/github.com/kr", "security.capability" <unfinished ...>
17031 <... epoll_wait resumed> {{EPOLLOUT, {u32=2134024192, u64=140606478393344}}}, 128, -1) = 1
17033 <... lgetxattr resumed> , 0xc8204fe700, 128) = -1 ENODATA (No data available)
17031 epoll_wait(5,  <unfinished ...>
17035 <... select resumed> )            = 0 (Timeout)
17033 openat(AT_FDCWD, "/home/hmeng/go/src/github.com/opencontainers/runc/Godeps/_workspace/src/github.com/docker/docker/vendor/src/github.com/kr", O_RDONLY|O_CLOEXEC <unfinished ...>
17035 futex(0xc8200f6590, FUTEX_WAIT, 0, NULL <unfinished ...>
17033 <... openat resumed> )            = 7
17033 getdents64(7, /* 3 entries */, 4096) = 72
17033 getdents64(7, /* 0 entries */, 4096) = 0
17033 close(7)                          = 0
17033 lstat("/home/hmeng/go/src/github.com/opencontainers/runc/Godeps/_workspace/src/github.com/docker/docker/vendor/src/github.com/kr/pty", {st_mode=S_IFDIR|0775, st_size=20, ...}) = 0
17033 lstat("/home/hmeng/go/src/github.com/opencontainers/runc/Godeps/_workspace/src/github.com/docker/docker/vendor/src/github.com/kr/pty", {st_mode=S_IFDIR|0775, st_size=20, ...}) = 0
17033 lgetxattr("/home/hmeng/go/src/github.com/opencontainers/runc/Godeps/_workspace/src/github.com/docker/docker/vendor/src/github.com/kr/pty", "security.capability", 0xc8204fea80, 128) = -1 ENODATA (No data available)
17033 openat(AT_FDCWD, "/home/hmeng/go/src/github.com/opencontainers/runc/Godeps/_workspace/src/github.com/docker/docker/vendor/src/github.com/kr/pty", O_RDONLY|O_CLOEXEC) = 7
17033 getdents64(7, /* 3 entries */, 4096) = 80
17033 getdents64(7, /* 0 entries */, 4096) = 0
17033 close(7)                          = 0
17033 lstat("/home/hmeng/go/src/github.com/opencontainers/runc/Godeps/_workspace/src/github.com/docker/docker/vendor/src/github.com/kr/pty/License", {st_mode=S_IFREG|0664, st_size=1056, ...}) = 0
17033 lstat("/home/hmeng/go/src/github.com/opencontainers/runc/Godeps/_workspace/src/github.com/docker/docker/vendor/src/github.com/kr/pty/License", {st_mode=S_IFREG|0664, st_size=1056, ...}) = 0
17033 lgetxattr("/home/hmeng/go/src/github.com/opencontainers/runc/Godeps/_workspace/src/github.com/docker/docker/vendor/src/github.com/kr/pty/License", "security.capability", 0xc8204feb80, 128) = -1 ENODATA (No data available)
17033 openat(AT_FDCWD, "/home/hmeng/go/src/github.com/opencontainers/runc/Godeps/_workspace/src/github.com/docker/docker/vendor/src/github.com/kr/pty/License", O_RDONLY|O_CLOEXEC) = 7
17033 read(7, "Copyright (c) 2011 Keith Rarick\n"..., 32768) = 1056
17033 read(7, "", 31712)                = 0
17033 close(7)                          = 0
17033 lstat("/home/hmeng/go/src/github.com/opencontainers/runc/Godeps/_workspace/src/github.com/docker/docker/vendor/src/github.com/mattn", {st_mode=S_IFDIR|0775, st_size=23, ...}) = 0
17033 lstat("/home/hmeng/go/src/github.com/opencontainers/runc/Godeps/_workspace/src/github.com/docker/docker/vendor/src/github.com/mattn", {st_mode=S_IFDIR|0775, st_size=23, ...}) = 0
17033 lgetxattr("/home/hmeng/go/src/github.com/opencontainers/runc/Godeps/_workspace/src/github.com/docker/docker/vendor/src/github.com/mattn", "security.capability", 0xc8204fee80, 128) = -1 ENODATA (No data available)
17033 openat(AT_FDCWD, "/home/hmeng/go/src/github.com/opencontainers/runc/Godeps/_workspace/src/github.com/docker/docker/vendor/src/github.com/mattn", O_RDONLY|O_CLOEXEC) = 7
17033 getdents64(7, /* 3 entries */, 4096) = 80
17033 getdents64(7, /* 0 entries */, 4096) = 0
17033 close(7)                          = 0
17033 lstat("/home/hmeng/go/src/github.com/opencontainers/runc/Godeps/_workspace/src/github.com/docker/docker/vendor/src/github.com/mattn/go-sqlite3", {st_mode=S_IFDIR|0775, st_size=20, ...}) = 0
17033 lstat("/home/hmeng/go/src/github.com/opencontainers/runc/Godeps/_workspace/src/github.com/docker/docker/vendor/src/github.com/mattn/go-sqlite3", {st_mode=S_IFDIR|0775, st_size=20, ...}) = 0
17033 lgetxattr("/home/hmeng/go/src/github.com/opencontainers/runc/Godeps/_workspace/src/github.com/docker/docker/vendor/src/github.com/mattn/go-sqlite3", "security.capability", 0xc8204fef80, 128) = -1 ENODATA (No data available)
17033 openat(AT_FDCWD, "/home/hmeng/go/src/github.com/opencontainers/runc/Godeps/_workspace/src/github.com/docker/docker/vendor/src/github.com/mattn/go-sqlite3", O_RDONLY|O_CLOEXEC) = 7
17033 getdents64(7, /* 3 entries */, 4096) = 80
17033 getdents64(7, /* 0 entries */, 4096) = 0
17033 close(7)                          = 0
17033 lstat("/home/hmeng/go/src/github.com/opencontainers/runc/Godeps/_workspace/src/github.com/docker/docker/vendor/src/github.com/mattn/go-sqlite3/LICENSE", {st_mode=S_IFREG|0664, st_size=1085, ...}) = 0
17033 lstat("/home/hmeng/go/src/github.com/opencontainers/runc/Godeps/_workspace/src/github.com/docker/docker/vendor/src/github.com/mattn/go-sqlite3/LICENSE", {st_mode=S_IFREG|0664, st_size=1085, ...}) = 0
17033 lgetxattr("/home/hmeng/go/src/github.com/opencontainers/runc/Godeps/_workspace/src/github.com/docker/docker/vendor/src/github.com/mattn/go-sqlite3/LICENSE", "security.capability", 0xc8204ff000, 128) = -1 ENODATA (No data available)
17033 openat(AT_FDCWD, "/home/hmeng/go/src/github.com/opencontainers/runc/Godeps/_workspace/src/github.com/docker/docker/vendor/src/github.com/mattn/go-sqlite3/LICENSE", O_RDONLY|O_CLOEXEC) = 7
17033 read(7, "The MIT License (MIT)\n\nCopyright"..., 32768) = 1085
17033 read(7, "", 31683)                = 0
17033 close(7)                          = 0
17031 <... epoll_wait resumed> {{EPOLLOUT, {u32=2134024192, u64=140606478393344}}}, 128, -1) = 1
17033 lstat("/home/hmeng/go/src/github.com/opencontainers/runc/Godeps/_workspace/src/github.com/docker/docker/vendor/src/github.com/microsoft",  <unfinished ...>
17031 epoll_wait(5,  <unfinished ...>
17033 <... lstat resumed> {st_mode=S_IFDIR|0775, st_size=20, ...}) = 0
17031 <... epoll_wait resumed> {{EPOLLOUT, {u32=2134024192, u64=140606478393344}}}, 128, -1) = 1
17033 lstat("/home/hmeng/go/src/github.com/opencontainers/runc/Godeps/_workspace/src/github.com/docker/docker/vendor/src/github.com/microsoft",  <unfinished ...>
17031 epoll_wait(5,  <unfinished ...>
17033 <... lstat resumed> {st_mode=S_IFDIR|0775, st_size=20, ...}) = 0
17033 lgetxattr("/home/hmeng/go/src/github.com/opencontainers/runc/Godeps/_workspace/src/github.com/docker/docker/vendor/src/github.com/microsoft", "security.capability", 0xc8204ff180, 128) = -1 ENODATA (No data available)
17033 openat(AT_FDCWD, "/home/hmeng/go/src/github.com/opencontainers/runc/Godeps/_workspace/src/github.com/docker/docker/vendor/src/github.com/microsoft", O_RDONLY|O_CLOEXEC) = 7
17033 getdents64(7, /* 3 entries */, 4096) = 80
17033 getdents64(7, /* 0 entries */, 4096) = 0
17033 close(7)                          = 0
17033 lstat("/home/hmeng/go/src/github.com/opencontainers/runc/Godeps/_workspace/src/github.com/docker/docker/vendor/src/github.com/microsoft/hcsshim", {st_mode=S_IFDIR|0775, st_size=20, ...}) = 0
17033 lstat("/home/hmeng/go/src/github.com/opencontainers/runc/Godeps/_workspace/src/github.com/docker/docker/vendor/src/github.com/microsoft/hcsshim", {st_mode=S_IFDIR|0775, st_size=20, ...}) = 0
17033 lgetxattr("/home/hmeng/go/src/github.com/opencontainers/runc/Godeps/_workspace/src/github.com/docker/docker/vendor/src/github.com/microsoft/hcsshim", "security.capability", 0xc8204ff200, 128) = -1 ENODATA (No data available)
17033 openat(AT_FDCWD, "/home/hmeng/go/src/github.com/opencontainers/runc/Godeps/_workspace/src/github.com/docker/docker/vendor/src/github.com/microsoft/hcsshim", O_RDONLY|O_CLOEXEC) = 7
17033 getdents64(7, /* 3 entries */, 4096) = 80
17033 getdents64(7, /* 0 entries */, 4096) = 0
17033 close(7)                          = 0
17033 lstat("/home/hmeng/go/src/github.com/opencontainers/runc/Godeps/_workspace/src/github.com/docker/docker/vendor/src/github.com/microsoft/hcsshim/LICENSE", {st_mode=S_IFREG|0664, st_size=1077, ...}) = 0
17033 lstat("/home/hmeng/go/src/github.com/opencontainers/runc/Godeps/_workspace/src/github.com/docker/docker/vendor/src/github.com/microsoft/hcsshim/LICENSE", {st_mode=S_IFREG|0664, st_size=1077, ...}) = 0
17033 lgetxattr("/home/hmeng/go/src/github.com/opencontainers/runc/Godeps/_workspace/src/github.com/docker/docker/vendor/src/github.com/microsoft/hcsshim/LICENSE", "security.capability", 0xc8204ff280, 128) = -1 ENODATA (No data available)
17033 openat(AT_FDCWD, "/home/hmeng/go/src/github.com/opencontainers/runc/Godeps/_workspace/src/github.com/docker/docker/vendor/src/github.com/microsoft/hcsshim/LICENSE", O_RDONLY|O_CLOEXEC) = 7
17033 read(7, "The MIT License (MIT)\n\nCopyright"..., 32768) = 1077
17033 read(7, "", 31691)                = 0
17033 close(7)                          = 0
17033 lstat("/home/hmeng/go/src/github.com/opencontainers/runc/Godeps/_workspace/src/github.com/docker/docker/vendor/src/github.com/mistifyio", {st_mode=S_IFDIR|0775, st_size=19, ...}) = 0
17033 lstat("/home/hmeng/go/src/github.com/opencontainers/runc/Godeps/_workspace/src/github.com/docker/docker/vendor/src/github.com/mistifyio", {st_mode=S_IFDIR|0775, st_size=19, ...}) = 0
17033 lgetxattr("/home/hmeng/go/src/github.com/opencontainers/runc/Godeps/_workspace/src/github.com/docker/docker/vendor/src/github.com/mistifyio", "security.capability", 0xc8204ff400, 128) = -1 ENODATA (No data available)
17033 openat(AT_FDCWD, "/home/hmeng/go/src/github.com/opencontainers/runc/Godeps/_workspace/src/github.com/docker/docker/vendor/src/github.com/mistifyio", O_RDONLY|O_CLOEXEC) = 7
17033 getdents64(7, /* 3 entries */, 4096) = 80
17033 getdents64(7, /* 0 entries */, 4096) = 0
17033 close(7)                          = 0
17033 lstat("/home/hmeng/go/src/github.com/opencontainers/runc/Godeps/_workspace/src/github.com/docker/docker/vendor/src/github.com/mistifyio/go-zfs", {st_mode=S_IFDIR|0775, st_size=20, ...}) = 0
17033 lstat("/home/hmeng/go/src/github.com/opencontainers/runc/Godeps/_workspace/src/github.com/docker/docker/vendor/src/github.com/mistifyio/go-zfs", {st_mode=S_IFDIR|0775, st_size=20, ...}) = 0
17033 lgetxattr("/home/hmeng/go/src/github.com/opencontainers/runc/Godeps/_workspace/src/github.com/docker/docker/vendor/src/github.com/mistifyio/go-zfs", "security.capability", 0xc8204ff480, 128) = -1 ENODATA (No data available)
17033 openat(AT_FDCWD, "/home/hmeng/go/src/github.com/opencontainers/runc/Godeps/_workspace/src/github.com/docker/docker/vendor/src/github.com/mistifyio/go-zfs", O_RDONLY|O_CLOEXEC) = 7
17033 getdents64(7, /* 3 entries */, 4096) = 80
17033 getdents64(7, /* 0 entries */, 4096) = 0
17033 close(7)                          = 0
17033 lstat("/home/hmeng/go/src/github.com/opencontainers/runc/Godeps/_workspace/src/github.com/docker/docker/vendor/src/github.com/mistifyio/go-zfs/LICENSE", {st_mode=S_IFREG|0664, st_size=11333, ...}) = 0
17033 lstat("/home/hmeng/go/src/github.com/opencontainers/runc/Godeps/_workspace/src/github.com/docker/docker/vendor/src/github.com/mistifyio/go-zfs/LICENSE", {st_mode=S_IFREG|0664, st_size=11333, ...}) = 0
17033 lgetxattr("/home/hmeng/go/src/github.com/opencontainers/runc/Godeps/_workspace/src/github.com/docker/docker/vendor/src/github.com/mistifyio/go-zfs/LICENSE", "security.capability", 0xc8204ff500, 128) = -1 ENODATA (No data available)
17033 openat(AT_FDCWD, "/home/hmeng/go/src/github.com/opencontainers/runc/Godeps/_workspace/src/github.com/docker/docker/vendor/src/github.com/mistifyio/go-zfs/LICENSE", O_RDONLY|O_CLOEXEC) = 7
17033 read(7, "Apache License\n                 "..., 32768) = 11333
17033 read(7, "", 21435)                = 0
17033 close(7)                          = 0
17033 futex(0xc8200f6590, FUTEX_WAKE, 1 <unfinished ...>
17035 <... futex resumed> )             = 0
17033 <... futex resumed> )             = 1
17035 select(0, NULL, NULL, NULL, {0, 100} <unfinished ...>
17033 write(6, "8000\r\nMozilla Public License, ve"..., 4096) = 4096
17033 write(6, "    such Contribution.\n\n2.3. Lim"..., 28678) = 28678
17033 write(6, "\r\n", 2)               = 2
17033 lstat("/home/hmeng/go/src/github.com/opencontainers/runc/Godeps/_workspace/src/github.com/docker/docker/vendor/src/github.com/natefinch", {st_mode=S_IFDIR|0775, st_size=18, ...}) = 0
17033 lstat("/home/hmeng/go/src/github.com/opencontainers/runc/Godeps/_workspace/src/github.com/docker/docker/vendor/src/github.com/natefinch", {st_mode=S_IFDIR|0775, st_size=18, ...}) = 0
17033 lgetxattr("/home/hmeng/go/src/github.com/opencontainers/runc/Godeps/_workspace/src/github.com/docker/docker/vendor/src/github.com/natefinch", "security.capability", 0xc8204ff680, 128) = -1 ENODATA (No data available)
17033 openat(AT_FDCWD, "/home/hmeng/go/src/github.com/opencontainers/runc/Godeps/_workspace/src/github.com/docker/docker/vendor/src/github.com/natefinch", O_RDONLY|O_CLOEXEC) = 7
17033 getdents64(7,  <unfinished ...>
17035 <... select resumed> )            = 0 (Timeout)
17033 <... getdents64 resumed> /* 3 entries */, 4096) = 80
17035 futex(0xc8200f6590, FUTEX_WAIT, 0, NULL <unfinished ...>
17033 getdents64(7, /* 0 entries */, 4096) = 0
17033 close(7)                          = 0
17033 lstat("/home/hmeng/go/src/github.com/opencontainers/runc/Godeps/_workspace/src/github.com/docker/docker/vendor/src/github.com/natefinch/npipe", {st_mode=S_IFDIR|0775, st_size=24, ...}) = 0
17033 lstat("/home/hmeng/go/src/github.com/opencontainers/runc/Godeps/_workspace/src/github.com/docker/docker/vendor/src/github.com/natefinch/npipe", {st_mode=S_IFDIR|0775, st_size=24, ...}) = 0
17033 lgetxattr("/home/hmeng/go/src/github.com/opencontainers/runc/Godeps/_workspace/src/github.com/docker/docker/vendor/src/github.com/natefinch/npipe", "security.capability", 0xc8204ff700, 128) = -1 ENODATA (No data available)
17033 openat(AT_FDCWD, "/home/hmeng/go/src/github.com/opencontainers/runc/Godeps/_workspace/src/github.com/docker/docker/vendor/src/github.com/natefinch/npipe", O_RDONLY|O_CLOEXEC) = 7
17033 getdents64(7, /* 3 entries */, 4096) = 80
17033 getdents64(7, /* 0 entries */, 4096) = 0
17033 close(7)                          = 0
17033 lstat("/home/hmeng/go/src/github.com/opencontainers/runc/Godeps/_workspace/src/github.com/docker/docker/vendor/src/github.com/natefinch/npipe/LICENSE.txt", {st_mode=S_IFREG|0664, st_size=1078, ...}) = 0
17033 lstat("/home/hmeng/go/src/github.com/opencontainers/runc/Godeps/_workspace/src/github.com/docker/docker/vendor/src/github.com/natefinch/npipe/LICENSE.txt", {st_mode=S_IFREG|0664, st_size=1078, ...}) = 0
17033 lgetxattr("/home/hmeng/go/src/github.com/opencontainers/runc/Godeps/_workspace/src/github.com/docker/docker/vendor/src/github.com/natefinch/npipe/LICENSE.txt", "security.capability", 0xc8204ff780, 128) = -1 ENODATA (No data available)
17033 openat(AT_FDCWD, "/home/hmeng/go/src/github.com/opencontainers/runc/Godeps/_workspace/src/github.com/docker/docker/vendor/src/github.com/natefinch/npipe/LICENSE.txt", O_RDONLY|O_CLOEXEC) = 7
17033 read(7, "The MIT License (MIT)\nCopyright "..., 32768) = 1078
17033 read(7, "", 31690)                = 0
17033 close(7)                          = 0
17033 lstat("/home/hmeng/go/src/github.com/opencontainers/runc/Godeps/_workspace/src/github.com/docker/docker/vendor/src/github.com/vishvananda", {st_mode=S_IFDIR|0775, st_size=32, ...}) = 0
17033 lstat("/home/hmeng/go/src/github.com/opencontainers/runc/Godeps/_workspace/src/github.com/docker/docker/vendor/src/github.com/vishvananda", {st_mode=S_IFDIR|0775, st_size=32, ...}) = 0
17033 lgetxattr("/home/hmeng/go/src/github.com/opencontainers/runc/Godeps/_workspace/src/github.com/docker/docker/vendor/src/github.com/vishvananda", "security.capability", 0xc8204ff800, 128) = -1 ENODATA (No data available)
17033 openat(AT_FDCWD, "/home/hmeng/go/src/github.com/opencontainers/runc/Godeps/_workspace/src/github.com/docker/docker/vendor/src/github.com/vishvananda", O_RDONLY|O_CLOEXEC) = 7
17033 getdents64(7, /* 4 entries */, 4096) = 112
17033 getdents64(7, /* 0 entries */, 4096) = 0
17033 close(7)                          = 0
17033 lstat("/home/hmeng/go/src/github.com/opencontainers/runc/Godeps/_workspace/src/github.com/docker/docker/vendor/src/github.com/vishvananda/netlink", {st_mode=S_IFDIR|0775, st_size=20, ...}) = 0
17033 lstat("/home/hmeng/go/src/github.com/opencontainers/runc/Godeps/_workspace/src/github.com/docker/docker/vendor/src/github.com/vishvananda/netlink", {st_mode=S_IFDIR|0775, st_size=20, ...}) = 0
17033 lgetxattr("/home/hmeng/go/src/github.com/opencontainers/runc/Godeps/_workspace/src/github.com/docker/docker/vendor/src/github.com/vishvananda/netlink", "security.capability", 0xc8204ff880, 128) = -1 ENODATA (No data available)
17033 openat(AT_FDCWD, "/home/hmeng/go/src/github.com/opencontainers/runc/Godeps/_workspace/src/github.com/docker/docker/vendor/src/github.com/vishvananda/netlink", O_RDONLY|O_CLOEXEC) = 7
17031 <... epoll_wait resumed> {{EPOLLOUT, {u32=2134024192, u64=140606478393344}}}, 128, -1) = 1
17033 getdents64(7,  <unfinished ...>
17031 epoll_wait(5,  <unfinished ...>
17033 <... getdents64 resumed> /* 3 entries */, 4096) = 80
17031 <... epoll_wait resumed> {{EPOLLOUT, {u32=2134024192, u64=140606478393344}}}, 128, -1) = 1
17033 getdents64(7,  <unfinished ...>
17031 epoll_wait(5,  <unfinished ...>
17033 <... getdents64 resumed> /* 0 entries */, 4096) = 0
17033 close(7)                          = 0
17033 lstat("/home/hmeng/go/src/github.com/opencontainers/runc/Godeps/_workspace/src/github.com/docker/docker/vendor/src/github.com/vishvananda/netlink/LICENSE", {st_mode=S_IFREG|0664, st_size=10796, ...}) = 0
17033 lstat("/home/hmeng/go/src/github.com/opencontainers/runc/Godeps/_workspace/src/github.com/docker/docker/vendor/src/github.com/vishvananda/netlink/LICENSE", {st_mode=S_IFREG|0664, st_size=10796, ...}) = 0
17033 lgetxattr("/home/hmeng/go/src/github.com/opencontainers/runc/Godeps/_workspace/src/github.com/docker/docker/vendor/src/github.com/vishvananda/netlink/LICENSE", "security.capability", 0xc8204ff900, 128) = -1 ENODATA (No data available)
17033 openat(AT_FDCWD, "/home/hmeng/go/src/github.com/opencontainers/runc/Godeps/_workspace/src/github.com/docker/docker/vendor/src/github.com/vishvananda/netlink/LICENSE", O_RDONLY|O_CLOEXEC) = 7
17033 read(7, "\n                               "..., 32768) = 10796
17033 read(7, "", 21972)                = 0
17033 close(7)                          = 0
17033 lstat("/home/hmeng/go/src/github.com/opencontainers/runc/Godeps/_workspace/src/github.com/docker/docker/vendor/src/github.com/vishvananda/netns", {st_mode=S_IFDIR|0775, st_size=20, ...}) = 0
17033 lstat("/home/hmeng/go/src/github.com/opencontainers/runc/Godeps/_workspace/src/github.com/docker/docker/vendor/src/github.com/vishvananda/netns", {st_mode=S_IFDIR|0775, st_size=20, ...}) = 0
17033 lgetxattr("/home/hmeng/go/src/github.com/opencontainers/runc/Godeps/_workspace/src/github.com/docker/docker/vendor/src/github.com/vishvananda/netns", "security.capability", 0xc8204ff980, 128) = -1 ENODATA (No data available)
17033 openat(AT_FDCWD, "/home/hmeng/go/src/github.com/opencontainers/runc/Godeps/_workspace/src/github.com/docker/docker/vendor/src/github.com/vishvananda/netns", O_RDONLY|O_CLOEXEC) = 7
17033 getdents64(7, /* 3 entries */, 4096) = 80
17033 getdents64(7, /* 0 entries */, 4096) = 0
17033 close(7)                          = 0
17033 lstat("/home/hmeng/go/src/github.com/opencontainers/runc/Godeps/_workspace/src/github.com/docker/docker/vendor/src/github.com/vishvananda/netns/LICENSE", {st_mode=S_IFREG|0664, st_size=10796, ...}) = 0
17033 lstat("/home/hmeng/go/src/github.com/opencontainers/runc/Godeps/_workspace/src/github.com/docker/docker/vendor/src/github.com/vishvananda/netns/LICENSE", {st_mode=S_IFREG|0664, st_size=10796, ...}) = 0
17033 lgetxattr("/home/hmeng/go/src/github.com/opencontainers/runc/Godeps/_workspace/src/github.com/docker/docker/vendor/src/github.com/vishvananda/netns/LICENSE", "security.capability", 0xc8204ffa00, 128) = -1 ENODATA (No data available)
17033 openat(AT_FDCWD, "/home/hmeng/go/src/github.com/opencontainers/runc/Godeps/_workspace/src/github.com/docker/docker/vendor/src/github.com/vishvananda/netns/LICENSE", O_RDONLY|O_CLOEXEC) = 7
17033 read(7, "\n                               "..., 32768) = 10796
17033 read(7, "", 21972)                = 0
17033 close(7)                          = 0
17033 futex(0xc8200f6590, FUTEX_WAKE, 1 <unfinished ...>
17035 <... futex resumed> )             = 0
17033 <... futex resumed> )             = 1
17035 select(0, NULL, NULL, NULL, {0, 100} <unfinished ...>
17033 write(6, "8000\r\ne notices that do not pert"..., 4096) = 4096
17033 write(6, "ng such obligations, You may act"..., 28678) = 28678
17033 write(6, "\r\n", 2)               = 2
17033 lstat("/home/hmeng/go/src/github.com/opencontainers/runc/Godeps/_workspace/src/github.com/docker/go-units", {st_mode=S_IFDIR|0775, st_size=68, ...}) = 0
17033 lstat("/home/hmeng/go/src/github.com/opencontainers/runc/Godeps/_workspace/src/github.com/docker/go-units", {st_mode=S_IFDIR|0775, st_size=68, ...}) = 0
17033 lgetxattr("/home/hmeng/go/src/github.com/opencontainers/runc/Godeps/_workspace/src/github.com/docker/go-units", "security.capability", 0xc8204ffa80, 128) = -1 ENODATA (No data available)
17035 <... select resumed> )            = 0 (Timeout)
17033 openat(AT_FDCWD, "/home/hmeng/go/src/github.com/opencontainers/runc/Godeps/_workspace/src/github.com/docker/go-units", O_RDONLY|O_CLOEXEC <unfinished ...>
17035 futex(0xc8200f6590, FUTEX_WAIT, 0, NULL <unfinished ...>
17033 <... openat resumed> )            = 7
17033 getdents64(7, /* 6 entries */, 4096) = 176
17033 getdents64(7, /* 0 entries */, 4096) = 0
17033 close(7)                          = 0
17033 lstat("/home/hmeng/go/src/github.com/opencontainers/runc/Godeps/_workspace/src/github.com/docker/go-units/LICENSE", {st_mode=S_IFREG|0664, st_size=10760, ...}) = 0
17033 lstat("/home/hmeng/go/src/github.com/opencontainers/runc/Godeps/_workspace/src/github.com/docker/go-units/LICENSE", {st_mode=S_IFREG|0664, st_size=10760, ...}) = 0
17033 lgetxattr("/home/hmeng/go/src/github.com/opencontainers/runc/Godeps/_workspace/src/github.com/docker/go-units/LICENSE", "security.capability", 0xc8204ffb00, 128) = -1 ENODATA (No data available)
17033 openat(AT_FDCWD, "/home/hmeng/go/src/github.com/opencontainers/runc/Godeps/_workspace/src/github.com/docker/go-units/LICENSE", O_RDONLY|O_CLOEXEC) = 7
17033 read(7, "\n                               "..., 32768) = 10760
17033 read(7,  <unfinished ...>
17031 <... epoll_wait resumed> {{EPOLLOUT, {u32=2134024192, u64=140606478393344}}}, 128, -1) = 1
17033 <... read resumed> "", 22008)     = 0
17031 epoll_wait(5,  <unfinished ...>
17033 close(7 <unfinished ...>
17031 <... epoll_wait resumed> {{EPOLLOUT, {u32=2134024192, u64=140606478393344}}}, 128, -1) = 1
17033 <... close resumed> )             = 0
17031 epoll_wait(5,  <unfinished ...>
17033 lstat("/home/hmeng/go/src/github.com/opencontainers/runc/Godeps/_workspace/src/github.com/docker/go-units/README.md", {st_mode=S_IFREG|0664, st_size=345, ...}) = 0
17033 lstat("/home/hmeng/go/src/github.com/opencontainers/runc/Godeps/_workspace/src/github.com/docker/go-units/README.md", {st_mode=S_IFREG|0664, st_size=345, ...}) = 0
17033 lgetxattr("/home/hmeng/go/src/github.com/opencontainers/runc/Godeps/_workspace/src/github.com/docker/go-units/README.md", "security.capability", 0xc8204ffb80, 128) = -1 ENODATA (No data available)
17033 openat(AT_FDCWD, "/home/hmeng/go/src/github.com/opencontainers/runc/Godeps/_workspace/src/github.com/docker/go-units/README.md", O_RDONLY|O_CLOEXEC) = 7
17033 read(7, "# Introduction\n\ngo-units is a li"..., 32768) = 345
17033 read(7, "", 32423)                = 0
17033 close(7)                          = 0
17033 lstat("/home/hmeng/go/src/github.com/opencontainers/runc/Godeps/_workspace/src/github.com/docker/go-units/duration.go", {st_mode=S_IFREG|0664, st_size=1032, ...}) = 0
17033 lstat("/home/hmeng/go/src/github.com/opencontainers/runc/Godeps/_workspace/src/github.com/docker/go-units/duration.go", {st_mode=S_IFREG|0664, st_size=1032, ...}) = 0
17033 lgetxattr("/home/hmeng/go/src/github.com/opencontainers/runc/Godeps/_workspace/src/github.com/docker/go-units/duration.go", "security.capability", 0xc8204ffc00, 128) = -1 ENODATA (No data available)
17033 openat(AT_FDCWD, "/home/hmeng/go/src/github.com/opencontainers/runc/Godeps/_workspace/src/github.com/docker/go-units/duration.go", O_RDONLY|O_CLOEXEC) = 7
17033 read(7, "// Package units provides helper"..., 32768) = 1032
17033 read(7, "", 31736)                = 0
17033 close(7)                          = 0
17033 lstat("/home/hmeng/go/src/github.com/opencontainers/runc/Godeps/_workspace/src/github.com/docker/go-units/size.go", {st_mode=S_IFREG|0664, st_size=2482, ...}) = 0
17033 lstat("/home/hmeng/go/src/github.com/opencontainers/runc/Godeps/_workspace/src/github.com/docker/go-units/size.go", {st_mode=S_IFREG|0664, st_size=2482, ...}) = 0
17033 lgetxattr("/home/hmeng/go/src/github.com/opencontainers/runc/Godeps/_workspace/src/github.com/docker/go-units/size.go", "security.capability", 0xc8204ffc80, 128) = -1 ENODATA (No data available)
17033 openat(AT_FDCWD, "/home/hmeng/go/src/github.com/opencontainers/runc/Godeps/_workspace/src/github.com/docker/go-units/size.go", O_RDONLY|O_CLOEXEC) = 7
17033 read(7, "package units\n\nimport (\n\t\"fmt\"\n\t"..., 32768) = 2482
17033 read(7, "", 30286)                = 0
17033 close(7)                          = 0
17033 lstat("/home/hmeng/go/src/github.com/opencontainers/runc/Godeps/_workspace/src/github.com/godbus", {st_mode=S_IFDIR|0775, st_size=17, ...}) = 0
17033 lstat("/home/hmeng/go/src/github.com/opencontainers/runc/Godeps/_workspace/src/github.com/godbus", {st_mode=S_IFDIR|0775, st_size=17, ...}) = 0
17033 lgetxattr("/home/hmeng/go/src/github.com/opencontainers/runc/Godeps/_workspace/src/github.com/godbus", "security.capability", 0xc8204ffd00, 128) = -1 ENODATA (No data available)
17033 openat(AT_FDCWD, "/home/hmeng/go/src/github.com/opencontainers/runc/Godeps/_workspace/src/github.com/godbus", O_RDONLY|O_CLOEXEC) = 7
17033 getdents64(7, /* 3 entries */, 4096) = 72
17033 getdents64(7, /* 0 entries */, 4096) = 0
17033 close(7)                          = 0
17033 lstat("/home/hmeng/go/src/github.com/opencontainers/runc/Godeps/_workspace/src/github.com/godbus/dbus", {st_mode=S_IFDIR|0775, st_size=4096, ...}) = 0
17033 lstat("/home/hmeng/go/src/github.com/opencontainers/runc/Godeps/_workspace/src/github.com/godbus/dbus", {st_mode=S_IFDIR|0775, st_size=4096, ...}) = 0
17033 lgetxattr("/home/hmeng/go/src/github.com/opencontainers/runc/Godeps/_workspace/src/github.com/godbus/dbus", "security.capability", 0xc8204ffd80, 128) = -1 ENODATA (No data available)
17033 openat(AT_FDCWD, "/home/hmeng/go/src/github.com/opencontainers/runc/Godeps/_workspace/src/github.com/godbus/dbus", O_RDONLY|O_CLOEXEC) = 7
17033 getdents64(7, /* 34 entries */, 4096) = 1200
17033 getdents64(7, /* 0 entries */, 4096) = 0
17033 close(7)                          = 0
17033 lstat("/home/hmeng/go/src/github.com/opencontainers/runc/Godeps/_workspace/src/github.com/godbus/dbus/CONTRIBUTING.md", {st_mode=S_IFREG|0664, st_size=1484, ...}) = 0
17033 lstat("/home/hmeng/go/src/github.com/opencontainers/runc/Godeps/_workspace/src/github.com/godbus/dbus/CONTRIBUTING.md", {st_mode=S_IFREG|0664, st_size=1484, ...}) = 0
17033 lgetxattr("/home/hmeng/go/src/github.com/opencontainers/runc/Godeps/_workspace/src/github.com/godbus/dbus/CONTRIBUTING.md", "security.capability", 0xc8204ffe00, 128) = -1 ENODATA (No data available)
17033 openat(AT_FDCWD, "/home/hmeng/go/src/github.com/opencontainers/runc/Godeps/_workspace/src/github.com/godbus/dbus/CONTRIBUTING.md", O_RDONLY|O_CLOEXEC) = 7
17033 read(7, "# How to Contribute\n\n## Getting "..., 32768) = 1484
17033 read(7, "", 31284)                = 0
17033 close(7)                          = 0
17033 lstat("/home/hmeng/go/src/github.com/opencontainers/runc/Godeps/_workspace/src/github.com/godbus/dbus/LICENSE", {st_mode=S_IFREG|0664, st_size=1328, ...}) = 0
17033 lstat("/home/hmeng/go/src/github.com/opencontainers/runc/Godeps/_workspace/src/github.com/godbus/dbus/LICENSE", {st_mode=S_IFREG|0664, st_size=1328, ...}) = 0
17033 lgetxattr("/home/hmeng/go/src/github.com/opencontainers/runc/Godeps/_workspace/src/github.com/godbus/dbus/LICENSE", "security.capability", 0xc8204ffe80, 128) = -1 ENODATA (No data available)
17033 openat(AT_FDCWD, "/home/hmeng/go/src/github.com/opencontainers/runc/Godeps/_workspace/src/github.com/godbus/dbus/LICENSE", O_RDONLY|O_CLOEXEC) = 7
17033 read(7, "Copyright (c) 2013, Georg Reinke"..., 32768) = 1328
17033 read(7, "", 31440)                = 0
17033 close(7)                          = 0
17033 lstat("/home/hmeng/go/src/github.com/opencontainers/runc/Godeps/_workspace/src/github.com/godbus/dbus/MAINTAINERS", {st_mode=S_IFREG|0664, st_size=89, ...}) = 0
17033 lstat("/home/hmeng/go/src/github.com/opencontainers/runc/Godeps/_workspace/src/github.com/godbus/dbus/MAINTAINERS", {st_mode=S_IFREG|0664, st_size=89, ...}) = 0
17033 lgetxattr("/home/hmeng/go/src/github.com/opencontainers/runc/Godeps/_workspace/src/github.com/godbus/dbus/MAINTAINERS", "security.capability", 0xc8204fff00, 128) = -1 ENODATA (No data available)
17033 openat(AT_FDCWD, "/home/hmeng/go/src/github.com/opencontainers/runc/Godeps/_workspace/src/github.com/godbus/dbus/MAINTAINERS", O_RDONLY|O_CLOEXEC) = 7
17033 read(7, "Brandon Philips <brandon@ifup.or"..., 32768) = 89
17033 read(7, "", 32679)                = 0
17033 close(7)                          = 0
17033 lstat("/home/hmeng/go/src/github.com/opencontainers/runc/Godeps/_workspace/src/github.com/godbus/dbus/README.markdown", {st_mode=S_IFREG|0664, st_size=1251, ...}) = 0
17033 lstat("/home/hmeng/go/src/github.com/opencontainers/runc/Godeps/_workspace/src/github.com/godbus/dbus/README.markdown", {st_mode=S_IFREG|0664, st_size=1251, ...}) = 0
17033 lgetxattr("/home/hmeng/go/src/github.com/opencontainers/runc/Godeps/_workspace/src/github.com/godbus/dbus/README.markdown", "security.capability", 0xc8204fff80, 128) = -1 ENODATA (No data available)
17033 openat(AT_FDCWD, "/home/hmeng/go/src/github.com/opencontainers/runc/Godeps/_workspace/src/github.com/godbus/dbus/README.markdown", O_RDONLY|O_CLOEXEC) = 7
17033 read(7, "dbus\n----\n\ndbus is a simple libr"..., 32768) = 1251
17033 read(7, "", 31517)                = 0
17033 close(7)                          = 0
17033 lstat("/home/hmeng/go/src/github.com/opencontainers/runc/Godeps/_workspace/src/github.com/godbus/dbus/auth.go", {st_mode=S_IFREG|0664, st_size=6805, ...}) = 0
17033 lstat("/home/hmeng/go/src/github.com/opencontainers/runc/Godeps/_workspace/src/github.com/godbus/dbus/auth.go", {st_mode=S_IFREG|0664, st_size=6805, ...}) = 0
17033 lgetxattr("/home/hmeng/go/src/github.com/opencontainers/runc/Godeps/_workspace/src/github.com/godbus/dbus/auth.go", "security.capability", 0xc82023e000, 128) = -1 ENODATA (No data available)
17033 openat(AT_FDCWD, "/home/hmeng/go/src/github.com/opencontainers/runc/Godeps/_workspace/src/github.com/godbus/dbus/auth.go", O_RDONLY|O_CLOEXEC) = 7
17033 read(7, "package dbus\n\nimport (\n\t\"bufio\"\n"..., 32768) = 6805
17033 read(7, "", 25963)                = 0
17033 close(7)                          = 0
17033 futex(0xc8200f6590, FUTEX_WAKE, 1 <unfinished ...>
17035 <... futex resumed> )             = 0
17033 <... futex resumed> )             = 1
17035 select(0, NULL, NULL, NULL, {0, 100} <unfinished ...>
17033 write(6, "8000\r\nLicense. However, in accep"..., 4096) = 4096
17033 write(6, "on,\n      and conversions to oth"..., 28678) = 28678
17031 <... epoll_wait resumed> {{EPOLLOUT, {u32=2134024192, u64=140606478393344}}}, 128, -1) = 1
17035 <... select resumed> )            = 0 (Timeout)
17033 write(6, "\r\n", 2 <unfinished ...>
17031 epoll_wait(5,  <unfinished ...>
17035 select(0, NULL, NULL, NULL, {0, 100} <unfinished ...>
17033 <... write resumed> )             = 2
17031 <... epoll_wait resumed> {{EPOLLOUT, {u32=2134024192, u64=140606478393344}}}, 128, -1) = 1
17033 lstat("/home/hmeng/go/src/github.com/opencontainers/runc/Godeps/_workspace/src/github.com/godbus/dbus/auth_external.go",  <unfinished ...>
17031 epoll_wait(5,  <unfinished ...>
17033 <... lstat resumed> {st_mode=S_IFREG|0664, st_size=582, ...}) = 0
17031 <... epoll_wait resumed> {{EPOLLOUT, {u32=2134024192, u64=140606478393344}}}, 128, -1) = 1
17033 lstat("/home/hmeng/go/src/github.com/opencontainers/runc/Godeps/_workspace/src/github.com/godbus/dbus/auth_external.go",  <unfinished ...>
17031 epoll_wait(5,  <unfinished ...>
17033 <... lstat resumed> {st_mode=S_IFREG|0664, st_size=582, ...}) = 0
17033 lgetxattr("/home/hmeng/go/src/github.com/opencontainers/runc/Godeps/_workspace/src/github.com/godbus/dbus/auth_external.go", "security.capability", 0xc82023e080, 128) = -1 ENODATA (No data available)
17033 openat(AT_FDCWD, "/home/hmeng/go/src/github.com/opencontainers/runc/Godeps/_workspace/src/github.com/godbus/dbus/auth_external.go", O_RDONLY|O_CLOEXEC) = 7
17035 <... select resumed> )            = 0 (Timeout)
17035 futex(0xc8200f6590, FUTEX_WAIT, 0, NULL <unfinished ...>
17033 read(7, "package dbus\n\nimport (\n\t\"encodin"..., 32768) = 582
17033 read(7, "", 32186)                = 0
17033 close(7)                          = 0
17033 lstat("/home/hmeng/go/src/github.com/opencontainers/runc/Godeps/_workspace/src/github.com/godbus/dbus/auth_sha1.go", {st_mode=S_IFREG|0664, st_size=2444, ...}) = 0
17033 lstat("/home/hmeng/go/src/github.com/opencontainers/runc/Godeps/_workspace/src/github.com/godbus/dbus/auth_sha1.go", {st_mode=S_IFREG|0664, st_size=2444, ...}) = 0
17033 lgetxattr("/home/hmeng/go/src/github.com/opencontainers/runc/Godeps/_workspace/src/github.com/godbus/dbus/auth_sha1.go", "security.capability", 0xc82023e100, 128) = -1 ENODATA (No data available)
17033 openat(AT_FDCWD, "/home/hmeng/go/src/github.com/opencontainers/runc/Godeps/_workspace/src/github.com/godbus/dbus/auth_sha1.go", O_RDONLY|O_CLOEXEC) = 7
17033 read(7, "package dbus\n\nimport (\n\t\"bufio\"\n"..., 32768) = 2444
17033 read(7, "", 30324)                = 0
17033 close(7)                          = 0
17033 lstat("/home/hmeng/go/src/github.com/opencontainers/runc/Godeps/_workspace/src/github.com/godbus/dbus/call.go", {st_mode=S_IFREG|0664, st_size=867, ...}) = 0
17033 lstat("/home/hmeng/go/src/github.com/opencontainers/runc/Godeps/_workspace/src/github.com/godbus/dbus/call.go", {st_mode=S_IFREG|0664, st_size=867, ...}) = 0
17033 lgetxattr("/home/hmeng/go/src/github.com/opencontainers/runc/Godeps/_workspace/src/github.com/godbus/dbus/call.go", "security.capability", 0xc82023e180, 128) = -1 ENODATA (No data available)
17033 openat(AT_FDCWD, "/home/hmeng/go/src/github.com/opencontainers/runc/Godeps/_workspace/src/github.com/godbus/dbus/call.go", O_RDONLY|O_CLOEXEC) = 7
17033 read(7, "package dbus\n\nimport (\n\t\"errors\""..., 32768) = 867
17033 read(7, "", 31901)                = 0
17033 close(7)                          = 0
17033 lstat("/home/hmeng/go/src/github.com/opencontainers/runc/Godeps/_workspace/src/github.com/godbus/dbus/conn.go", {st_mode=S_IFREG|0664, st_size=16685, ...}) = 0
17033 lstat("/home/hmeng/go/src/github.com/opencontainers/runc/Godeps/_workspace/src/github.com/godbus/dbus/conn.go", {st_mode=S_IFREG|0664, st_size=16685, ...}) = 0
17033 lgetxattr("/home/hmeng/go/src/github.com/opencontainers/runc/Godeps/_workspace/src/github.com/godbus/dbus/conn.go", "security.capability", 0xc82023e200, 128) = -1 ENODATA (No data available)
17033 openat(AT_FDCWD, "/home/hmeng/go/src/github.com/opencontainers/runc/Godeps/_workspace/src/github.com/godbus/dbus/conn.go", O_RDONLY|O_CLOEXEC) = 7
17033 read(7, "package dbus\n\nimport (\n\t\"errors\""..., 32768) = 16685
17033 read(7, "", 16083)                = 0
17033 close(7)                          = 0
17033 lstat("/home/hmeng/go/src/github.com/opencontainers/runc/Godeps/_workspace/src/github.com/godbus/dbus/conn_darwin.go", {st_mode=S_IFREG|0664, st_size=391, ...}) = 0
17033 lstat("/home/hmeng/go/src/github.com/opencontainers/runc/Godeps/_workspace/src/github.com/godbus/dbus/conn_darwin.go", {st_mode=S_IFREG|0664, st_size=391, ...}) = 0
17033 lgetxattr("/home/hmeng/go/src/github.com/opencontainers/runc/Godeps/_workspace/src/github.com/godbus/dbus/conn_darwin.go", "security.capability", 0xc82023e280, 128) = -1 ENODATA (No data available)
17033 openat(AT_FDCWD, "/home/hmeng/go/src/github.com/opencontainers/runc/Godeps/_workspace/src/github.com/godbus/dbus/conn_darwin.go", O_RDONLY|O_CLOEXEC) = 7
17033 read(7, "package dbus\n\nimport (\n\t\"errors\""..., 32768) = 391
17033 read(7, "", 32377)                = 0
17033 close(7)                          = 0
17033 lstat("/home/hmeng/go/src/github.com/opencontainers/runc/Godeps/_workspace/src/github.com/godbus/dbus/conn_other.go", {st_mode=S_IFREG|0664, st_size=428, ...}) = 0
17033 lstat("/home/hmeng/go/src/github.com/opencontainers/runc/Godeps/_workspace/src/github.com/godbus/dbus/conn_other.go", {st_mode=S_IFREG|0664, st_size=428, ...}) = 0
17033 lgetxattr("/home/hmeng/go/src/github.com/opencontainers/runc/Godeps/_workspace/src/github.com/godbus/dbus/conn_other.go", "security.capability", 0xc82023e300, 128) = -1 ENODATA (No data available)
17033 openat(AT_FDCWD, "/home/hmeng/go/src/github.com/opencontainers/runc/Godeps/_workspace/src/github.com/godbus/dbus/conn_other.go", O_RDONLY|O_CLOEXEC) = 7
17033 read(7, "// +build !darwin\n\npackage dbus\n"..., 32768) = 428
17033 read(7, "", 32340)                = 0
17033 close(7)                          = 0
17033 lstat("/home/hmeng/go/src/github.com/opencontainers/runc/Godeps/_workspace/src/github.com/godbus/dbus/dbus.go", {st_mode=S_IFREG|0664, st_size=6349, ...}) = 0
17033 lstat("/home/hmeng/go/src/github.com/opencontainers/runc/Godeps/_workspace/src/github.com/godbus/dbus/dbus.go", {st_mode=S_IFREG|0664, st_size=6349, ...}) = 0
17033 lgetxattr("/home/hmeng/go/src/github.com/opencontainers/runc/Godeps/_workspace/src/github.com/godbus/dbus/dbus.go", "security.capability", 0xc82023e380, 128) = -1 ENODATA (No data available)
17033 openat(AT_FDCWD, "/home/hmeng/go/src/github.com/opencontainers/runc/Godeps/_workspace/src/github.com/godbus/dbus/dbus.go", O_RDONLY|O_CLOEXEC) = 7
17033 read(7, "package dbus\n\nimport (\n\t\"errors\""..., 32768) = 6349
17033 read(7, "", 26419)                = 0
17033 close(7)                          = 0
17033 futex(0xc8200f6590, FUTEX_WAKE, 1 <unfinished ...>
17035 <... futex resumed> )             = 0
17033 <... futex resumed> )             = 1
17035 select(0, NULL, NULL, NULL, {0, 100} <unfinished ...>
17033 write(6, "8000\r\nrr = authWriteLine(conn.tr"..., 4096) = 4096
17033 write(6, "ernal) HandleData(b []byte) ([]b"..., 28678) = 28678
17031 <... epoll_wait resumed> {{EPOLLOUT, {u32=2134024192, u64=140606478393344}}}, 128, -1) = 1
17033 write(6, "\r\n", 2 <unfinished ...>
17031 epoll_wait(5,  <unfinished ...>
17033 <... write resumed> )             = 2
17031 <... epoll_wait resumed> {{EPOLLOUT, {u32=2134024192, u64=140606478393344}}}, 128, -1) = 1
17033 lstat("/home/hmeng/go/src/github.com/opencontainers/runc/Godeps/_workspace/src/github.com/godbus/dbus/decoder.go",  <unfinished ...>
17031 epoll_wait(5,  <unfinished ...>
17033 <... lstat resumed> {st_mode=S_IFREG|0664, st_size=5109, ...}) = 0
17031 <... epoll_wait resumed> {{EPOLLOUT, {u32=2134024192, u64=140606478393344}}}, 128, -1) = 1
17033 lstat("/home/hmeng/go/src/github.com/opencontainers/runc/Godeps/_workspace/src/github.com/godbus/dbus/decoder.go",  <unfinished ...>
17031 epoll_wait(5,  <unfinished ...>
17033 <... lstat resumed> {st_mode=S_IFREG|0664, st_size=5109, ...}) = 0
17033 lgetxattr("/home/hmeng/go/src/github.com/opencontainers/runc/Godeps/_workspace/src/github.com/godbus/dbus/decoder.go", "security.capability" <unfinished ...>
17035 <... select resumed> )            = 0 (Timeout)
17033 <... lgetxattr resumed> , 0xc82023e400, 128) = -1 ENODATA (No data available)
17032 <... select resumed> )            = 0 (Timeout)
17035 futex(0xc8200f6590, FUTEX_WAIT, 0, NULL <unfinished ...>
17033 openat(AT_FDCWD, "/home/hmeng/go/src/github.com/opencontainers/runc/Godeps/_workspace/src/github.com/godbus/dbus/decoder.go", O_RDONLY|O_CLOEXEC <unfinished ...>
17032 clock_gettime(CLOCK_MONOTONIC,  <unfinished ...>
17033 <... openat resumed> )            = 7
17032 <... clock_gettime resumed> {4903, 600316869}) = 0
17033 read(7,  <unfinished ...>
17032 clock_gettime(CLOCK_REALTIME,  <unfinished ...>
17033 <... read resumed> "package dbus\n\nimport (\n\t\"encodin"..., 32768) = 5109
17032 <... clock_gettime resumed> {1465918769, 384335904}) = 0
17033 read(7,  <unfinished ...>
17032 select(0, NULL, NULL, NULL, {0, 10000} <unfinished ...>
17033 <... read resumed> "", 27659)     = 0
17033 close(7)                          = 0
17033 lstat("/home/hmeng/go/src/github.com/opencontainers/runc/Godeps/_workspace/src/github.com/godbus/dbus/doc.go", {st_mode=S_IFREG|0664, st_size=2315, ...}) = 0
17033 lstat("/home/hmeng/go/src/github.com/opencontainers/runc/Godeps/_workspace/src/github.com/godbus/dbus/doc.go", {st_mode=S_IFREG|0664, st_size=2315, ...}) = 0
17033 lgetxattr("/home/hmeng/go/src/github.com/opencontainers/runc/Godeps/_workspace/src/github.com/godbus/dbus/doc.go", "security.capability", 0xc82023e480, 128) = -1 ENODATA (No data available)
17033 openat(AT_FDCWD, "/home/hmeng/go/src/github.com/opencontainers/runc/Godeps/_workspace/src/github.com/godbus/dbus/doc.go", O_RDONLY|O_CLOEXEC) = 7
17033 read(7, "/*\nPackage dbus implements bindi"..., 32768) = 2315
17033 read(7, "", 30453)                = 0
17033 close(7)                          = 0
17033 lstat("/home/hmeng/go/src/github.com/opencontainers/runc/Godeps/_workspace/src/github.com/godbus/dbus/encoder.go", {st_mode=S_IFREG|0664, st_size=5428, ...}) = 0
17033 lstat("/home/hmeng/go/src/github.com/opencontainers/runc/Godeps/_workspace/src/github.com/godbus/dbus/encoder.go", {st_mode=S_IFREG|0664, st_size=5428, ...}) = 0
17033 lgetxattr("/home/hmeng/go/src/github.com/opencontainers/runc/Godeps/_workspace/src/github.com/godbus/dbus/encoder.go", "security.capability", 0xc82023e500, 128) = -1 ENODATA (No data available)
17033 openat(AT_FDCWD, "/home/hmeng/go/src/github.com/opencontainers/runc/Godeps/_workspace/src/github.com/godbus/dbus/encoder.go", O_RDONLY|O_CLOEXEC) = 7
17033 read(7, "package dbus\n\nimport (\n\t\"bytes\"\n"..., 32768) = 5428
17033 read(7, "", 27340)                = 0
17033 close(7)                          = 0
17033 lstat("/home/hmeng/go/src/github.com/opencontainers/runc/Godeps/_workspace/src/github.com/godbus/dbus/export.go", {st_mode=S_IFREG|0664, st_size=12388, ...}) = 0
17033 lstat("/home/hmeng/go/src/github.com/opencontainers/runc/Godeps/_workspace/src/github.com/godbus/dbus/export.go", {st_mode=S_IFREG|0664, st_size=12388, ...}) = 0
17033 lgetxattr("/home/hmeng/go/src/github.com/opencontainers/runc/Godeps/_workspace/src/github.com/godbus/dbus/export.go", "security.capability", 0xc82023e580, 128) = -1 ENODATA (No data available)
17033 openat(AT_FDCWD, "/home/hmeng/go/src/github.com/opencontainers/runc/Godeps/_workspace/src/github.com/godbus/dbus/export.go", O_RDONLY|O_CLOEXEC) = 7
17033 read(7, "package dbus\n\nimport (\n\t\"errors\""..., 32768) = 12388
17033 read(7, "", 20380)                = 0
17033 close(7)                          = 0
17033 lstat("/home/hmeng/go/src/github.com/opencontainers/runc/Godeps/_workspace/src/github.com/godbus/dbus/homedir.go", {st_mode=S_IFREG|0664, st_size=325, ...}) = 0
17033 lstat("/home/hmeng/go/src/github.com/opencontainers/runc/Godeps/_workspace/src/github.com/godbus/dbus/homedir.go", {st_mode=S_IFREG|0664, st_size=325, ...}) = 0
17033 lgetxattr("/home/hmeng/go/src/github.com/opencontainers/runc/Godeps/_workspace/src/github.com/godbus/dbus/homedir.go", "security.capability", 0xc82023e600, 128) = -1 ENODATA (No data available)
17033 openat(AT_FDCWD, "/home/hmeng/go/src/github.com/opencontainers/runc/Godeps/_workspace/src/github.com/godbus/dbus/homedir.go", O_RDONLY|O_CLOEXEC) = 7
17033 read(7, "package dbus\n\nimport (\n\t\"os\"\n\t\"s"..., 32768) = 325
17033 read(7, "", 32443)                = 0
17033 close(7)                          = 0
17033 lstat("/home/hmeng/go/src/github.com/opencontainers/runc/Godeps/_workspace/src/github.com/godbus/dbus/homedir_dynamic.go", {st_mode=S_IFREG|0664, st_size=171, ...}) = 0
17033 lstat("/home/hmeng/go/src/github.com/opencontainers/runc/Godeps/_workspace/src/github.com/godbus/dbus/homedir_dynamic.go", {st_mode=S_IFREG|0664, st_size=171, ...}) = 0
17033 lgetxattr("/home/hmeng/go/src/github.com/opencontainers/runc/Godeps/_workspace/src/github.com/godbus/dbus/homedir_dynamic.go", "security.capability", 0xc82023e900, 128) = -1 ENODATA (No data available)
17033 openat(AT_FDCWD, "/home/hmeng/go/src/github.com/opencontainers/runc/Godeps/_workspace/src/github.com/godbus/dbus/homedir_dynamic.go", O_RDONLY|O_CLOEXEC) = 7
17033 read(7, "// +build !static_build\n\npackage"..., 32768) = 171
17033 read(7, "", 32597)                = 0
17033 close(7)                          = 0
17033 futex(0xc8200f6590, FUTEX_WAKE, 1 <unfinished ...>
17035 <... futex resumed> )             = 0
17033 <... futex resumed> )             = 1
17035 select(0, NULL, NULL, NULL, {0, 100} <unfinished ...>
17033 write(6, "8000\r\nrn false\n\t\t}\n\t}\n}\n\n// An O"..., 4096) = 4096
17033 write(6, "%n != 0 {\n\t\tnewpos := (dec.pos +"..., 28678 <unfinished ...>
17035 <... select resumed> )            = 0 (Timeout)
17031 <... epoll_wait resumed> {{EPOLLOUT, {u32=2134024192, u64=140606478393344}}}, 128, -1) = 1
17035 select(0, NULL, NULL, NULL, {0, 100} <unfinished ...>
17033 <... write resumed> )             = 28678
17033 write(6, "\r\n", 2 <unfinished ...>
17031 epoll_wait(5,  <unfinished ...>
17033 <... write resumed> )             = 2
17033 lstat("/home/hmeng/go/src/github.com/opencontainers/runc/Godeps/_workspace/src/github.com/godbus/dbus/homedir_static.go", {st_mode=S_IFREG|0664, st_size=617, ...}) = 0
17033 lstat("/home/hmeng/go/src/github.com/opencontainers/runc/Godeps/_workspace/src/github.com/godbus/dbus/homedir_static.go", {st_mode=S_IFREG|0664, st_size=617, ...}) = 0
17033 lgetxattr("/home/hmeng/go/src/github.com/opencontainers/runc/Godeps/_workspace/src/github.com/godbus/dbus/homedir_static.go", "security.capability", 0xc82023eb80, 128) = -1 ENODATA (No data available)
17033 openat(AT_FDCWD, "/home/hmeng/go/src/github.com/opencontainers/runc/Godeps/_workspace/src/github.com/godbus/dbus/homedir_static.go", O_RDONLY|O_CLOEXEC) = 7
17033 read(7,  <unfinished ...>
17035 <... select resumed> )            = 0 (Timeout)
17033 <... read resumed> "// +build static_build\n\npackage "..., 32768) = 617
17035 futex(0xc8200f6590, FUTEX_WAIT, 0, NULL <unfinished ...>
17033 read(7, "", 32151)                = 0
17033 close(7)                          = 0
17033 lstat("/home/hmeng/go/src/github.com/opencontainers/runc/Godeps/_workspace/src/github.com/godbus/dbus/introspect", {st_mode=S_IFDIR|0775, st_size=64, ...}) = 0
17033 lstat("/home/hmeng/go/src/github.com/opencontainers/runc/Godeps/_workspace/src/github.com/godbus/dbus/introspect", {st_mode=S_IFDIR|0775, st_size=64, ...}) = 0
17033 lgetxattr("/home/hmeng/go/src/github.com/opencontainers/runc/Godeps/_workspace/src/github.com/godbus/dbus/introspect", "security.capability", 0xc82023ec80, 128) = -1 ENODATA (No data available)
17033 openat(AT_FDCWD, "/home/hmeng/go/src/github.com/opencontainers/runc/Godeps/_workspace/src/github.com/godbus/dbus/introspect", O_RDONLY|O_CLOEXEC) = 7
17033 getdents64(7, /* 5 entries */, 4096) = 160
17033 getdents64(7, /* 0 entries */, 4096) = 0
17033 close(7)                          = 0
17033 lstat("/home/hmeng/go/src/github.com/opencontainers/runc/Godeps/_workspace/src/github.com/godbus/dbus/introspect/call.go", {st_mode=S_IFREG|0664, st_size=581, ...}) = 0
17033 lstat("/home/hmeng/go/src/github.com/opencontainers/runc/Godeps/_workspace/src/github.com/godbus/dbus/introspect/call.go", {st_mode=S_IFREG|0664, st_size=581, ...}) = 0
17033 lgetxattr("/home/hmeng/go/src/github.com/opencontainers/runc/Godeps/_workspace/src/github.com/godbus/dbus/introspect/call.go", "security.capability", 0xc82023ef80, 128) = -1 ENODATA (No data available)
17033 openat(AT_FDCWD, "/home/hmeng/go/src/github.com/opencontainers/runc/Godeps/_workspace/src/github.com/godbus/dbus/introspect/call.go", O_RDONLY|O_CLOEXEC) = 7
17033 read(7, "package introspect\n\nimport (\n\t\"e"..., 32768) = 581
17033 read(7, "", 32187)                = 0
17033 close(7)                          = 0
17033 lstat("/home/hmeng/go/src/github.com/opencontainers/runc/Godeps/_workspace/src/github.com/godbus/dbus/introspect/introspect.go", {st_mode=S_IFREG|0664, st_size=2570, ...}) = 0
17033 lstat("/home/hmeng/go/src/github.com/opencontainers/runc/Godeps/_workspace/src/github.com/godbus/dbus/introspect/introspect.go", {st_mode=S_IFREG|0664, st_size=2570, ...}) = 0
17033 lgetxattr("/home/hmeng/go/src/github.com/opencontainers/runc/Godeps/_workspace/src/github.com/godbus/dbus/introspect/introspect.go", "security.capability", 0xc82023f300, 128) = -1 ENODATA (No data available)
17033 openat(AT_FDCWD, "/home/hmeng/go/src/github.com/opencontainers/runc/Godeps/_workspace/src/github.com/godbus/dbus/introspect/introspect.go", O_RDONLY|O_CLOEXEC) = 7
17033 read(7, "// Package introspect provides s"..., 32768) = 2570
17033 read(7, "", 30198)                = 0
17033 close(7)                          = 0
17033 lstat("/home/hmeng/go/src/github.com/opencontainers/runc/Godeps/_workspace/src/github.com/godbus/dbus/introspect/introspectable.go", {st_mode=S_IFREG|0664, st_size=2231, ...}) = 0
17033 lstat("/home/hmeng/go/src/github.com/opencontainers/runc/Godeps/_workspace/src/github.com/godbus/dbus/introspect/introspectable.go", {st_mode=S_IFREG|0664, st_size=2231, ...}) = 0
17033 lgetxattr("/home/hmeng/go/src/github.com/opencontainers/runc/Godeps/_workspace/src/github.com/godbus/dbus/introspect/introspectable.go", "security.capability", 0xc82023f680, 128) = -1 ENODATA (No data available)
17033 openat(AT_FDCWD, "/home/hmeng/go/src/github.com/opencontainers/runc/Godeps/_workspace/src/github.com/godbus/dbus/introspect/introspectable.go", O_RDONLY|O_CLOEXEC) = 7
17033 read(7, "package introspect\n\nimport (\n\t\"e"..., 32768) = 2231
17033 read(7, "", 30537)                = 0
17033 close(7)                          = 0
17033 lstat("/home/hmeng/go/src/github.com/opencontainers/runc/Godeps/_workspace/src/github.com/godbus/dbus/message.go", {st_mode=S_IFREG|0664, st_size=8526, ...}) = 0
17033 lstat("/home/hmeng/go/src/github.com/opencontainers/runc/Godeps/_workspace/src/github.com/godbus/dbus/message.go", {st_mode=S_IFREG|0664, st_size=8526, ...}) = 0
17033 lgetxattr("/home/hmeng/go/src/github.com/opencontainers/runc/Godeps/_workspace/src/github.com/godbus/dbus/message.go", "security.capability", 0xc82023f780, 128) = -1 ENODATA (No data available)
17033 openat(AT_FDCWD, "/home/hmeng/go/src/github.com/opencontainers/runc/Godeps/_workspace/src/github.com/godbus/dbus/message.go", O_RDONLY|O_CLOEXEC) = 7
17033 read(7, "package dbus\n\nimport (\n\t\"bytes\"\n"..., 32768) = 8526
17033 read(7, "", 24242)                = 0
17033 close(7)                          = 0
17033 lstat("/home/hmeng/go/src/github.com/opencontainers/runc/Godeps/_workspace/src/github.com/godbus/dbus/object.go", {st_mode=S_IFREG|0664, st_size=3528, ...}) = 0
17033 lstat("/home/hmeng/go/src/github.com/opencontainers/runc/Godeps/_workspace/src/github.com/godbus/dbus/object.go", {st_mode=S_IFREG|0664, st_size=3528, ...}) = 0
17033 lgetxattr("/home/hmeng/go/src/github.com/opencontainers/runc/Godeps/_workspace/src/github.com/godbus/dbus/object.go", "security.capability", 0xc82023f800, 128) = -1 ENODATA (No data available)
17033 openat(AT_FDCWD, "/home/hmeng/go/src/github.com/opencontainers/runc/Godeps/_workspace/src/github.com/godbus/dbus/object.go", O_RDONLY|O_CLOEXEC) = 7
17033 read(7, "package dbus\n\nimport (\n\t\"errors\""..., 32768) = 3528
17033 read(7, "", 29240)                = 0
17033 close(7)                          = 0
17033 lstat("/home/hmeng/go/src/github.com/opencontainers/runc/Godeps/_workspace/src/github.com/godbus/dbus/prop", {st_mode=S_IFDIR|0775, st_size=20, ...}) = 0
17033 lstat("/home/hmeng/go/src/github.com/opencontainers/runc/Godeps/_workspace/src/github.com/godbus/dbus/prop", {st_mode=S_IFDIR|0775, st_size=20, ...}) = 0
17033 lgetxattr("/home/hmeng/go/src/github.com/opencontainers/runc/Godeps/_workspace/src/github.com/godbus/dbus/prop", "security.capability", 0xc82023f880, 128) = -1 ENODATA (No data available)
17033 openat(AT_FDCWD, "/home/hmeng/go/src/github.com/opencontainers/runc/Godeps/_workspace/src/github.com/godbus/dbus/prop", O_RDONLY|O_CLOEXEC) = 7
17033 getdents64(7, /* 3 entries */, 4096) = 80
17033 getdents64(7, /* 0 entries */, 4096) = 0
17033 close(7)                          = 0
17033 lstat("/home/hmeng/go/src/github.com/opencontainers/runc/Godeps/_workspace/src/github.com/godbus/dbus/prop/prop.go", {st_mode=S_IFREG|0664, st_size=7694, ...}) = 0
17033 lstat("/home/hmeng/go/src/github.com/opencontainers/runc/Godeps/_workspace/src/github.com/godbus/dbus/prop/prop.go", {st_mode=S_IFREG|0664, st_size=7694, ...}) = 0
17033 lgetxattr("/home/hmeng/go/src/github.com/opencontainers/runc/Godeps/_workspace/src/github.com/godbus/dbus/prop/prop.go", "security.capability", 0xc82023f900, 128) = -1 ENODATA (No data available)
17033 openat(AT_FDCWD, "/home/hmeng/go/src/github.com/opencontainers/runc/Godeps/_workspace/src/github.com/godbus/dbus/prop/prop.go", O_RDONLY|O_CLOEXEC) = 7
17033 read(7, "// Package prop provides the Pro"..., 32768) = 7694
17033 read(7, "", 25074)                = 0
17033 close(7)                          = 0
17033 futex(0xc8200f6590, FUTEX_WAKE, 1 <unfinished ...>
17035 <... futex resumed> )             = 0
17033 <... futex resumed> )             = 1
17035 select(0, NULL, NULL, NULL, {0, 100} <unfinished ...>
17033 write(6, "8000\r\n// +build !static_build\n\np"..., 4096) = 4096
17033 write(6, "\0\0\0\0\0\0Godeps/_workspace/src/gith"..., 28678) = 28678
17033 write(6, "\r\n", 2)               = 2
17033 lstat("/home/hmeng/go/src/github.com/opencontainers/runc/Godeps/_workspace/src/github.com/godbus/dbus/sig.go", {st_mode=S_IFREG|0664, st_size=5921, ...}) = 0
17033 lstat("/home/hmeng/go/src/github.com/opencontainers/runc/Godeps/_workspace/src/github.com/godbus/dbus/sig.go", {st_mode=S_IFREG|0664, st_size=5921, ...}) = 0
17033 lgetxattr("/home/hmeng/go/src/github.com/opencontainers/runc/Godeps/_workspace/src/github.com/godbus/dbus/sig.go", "security.capability", 0xc82023f980, 128) = -1 ENODATA (No data available)
17035 <... select resumed> )            = 0 (Timeout)
17033 openat(AT_FDCWD, "/home/hmeng/go/src/github.com/opencontainers/runc/Godeps/_workspace/src/github.com/godbus/dbus/sig.go", O_RDONLY|O_CLOEXEC <unfinished ...>
17035 futex(0xc8200f6590, FUTEX_WAIT, 0, NULL <unfinished ...>
17033 <... openat resumed> )            = 7
17033 read(7, "package dbus\n\nimport (\n\t\"fmt\"\n\t\""..., 32768) = 5921
17033 read(7, "", 26847)                = 0
17033 close(7)                          = 0
17033 lstat("/home/hmeng/go/src/github.com/opencontainers/runc/Godeps/_workspace/src/github.com/godbus/dbus/transport_darwin.go", {st_mode=S_IFREG|0664, st_size=105, ...}) = 0
17033 lstat("/home/hmeng/go/src/github.com/opencontainers/runc/Godeps/_workspace/src/github.com/godbus/dbus/transport_darwin.go", {st_mode=S_IFREG|0664, st_size=105, ...}) = 0
17033 lgetxattr("/home/hmeng/go/src/github.com/opencontainers/runc/Godeps/_workspace/src/github.com/godbus/dbus/transport_darwin.go", "security.capability", 0xc82023fc80, 128) = -1 ENODATA (No data available)
17033 openat(AT_FDCWD, "/home/hmeng/go/src/github.com/opencontainers/runc/Godeps/_workspace/src/github.com/godbus/dbus/transport_darwin.go", O_RDONLY|O_CLOEXEC) = 7
17033 read(7, "package dbus\n\nfunc (t *unixTrans"..., 32768) = 105
17033 read(7, "", 32663)                = 0
17033 close(7)                          = 0
17033 lstat("/home/hmeng/go/src/github.com/opencontainers/runc/Godeps/_workspace/src/github.com/godbus/dbus/transport_generic.go", {st_mode=S_IFREG|0664, st_size=644, ...}) = 0
17033 lstat("/home/hmeng/go/src/github.com/opencontainers/runc/Godeps/_workspace/src/github.com/godbus/dbus/transport_generic.go", {st_mode=S_IFREG|0664, st_size=644, ...}) = 0
17033 lgetxattr("/home/hmeng/go/src/github.com/opencontainers/runc/Godeps/_workspace/src/github.com/godbus/dbus/transport_generic.go", "security.capability", 0xc82024a000, 128) = -1 ENODATA (No data available)
17033 openat(AT_FDCWD, "/home/hmeng/go/src/github.com/opencontainers/runc/Godeps/_workspace/src/github.com/godbus/dbus/transport_generic.go", O_RDONLY|O_CLOEXEC) = 7
17033 read(7, "package dbus\n\nimport (\n\t\"encodin"..., 32768) = 644
17033 read(7, "", 32124)                = 0
17033 close(7)                          = 0
17033 lstat("/home/hmeng/go/src/github.com/opencontainers/runc/Godeps/_workspace/src/github.com/godbus/dbus/transport_unix.go", {st_mode=S_IFREG|0664, st_size=4970, ...}) = 0
17033 lstat("/home/hmeng/go/src/github.com/opencontainers/runc/Godeps/_workspace/src/github.com/godbus/dbus/transport_unix.go", {st_mode=S_IFREG|0664, st_size=4970, ...}) = 0
17033 lgetxattr("/home/hmeng/go/src/github.com/opencontainers/runc/Godeps/_workspace/src/github.com/godbus/dbus/transport_unix.go", "security.capability", 0xc82024a280, 128) = -1 ENODATA (No data available)
17033 openat(AT_FDCWD, "/home/hmeng/go/src/github.com/opencontainers/runc/Godeps/_workspace/src/github.com/godbus/dbus/transport_unix.go", O_RDONLY|O_CLOEXEC) = 7
17033 read(7, "//+build !windows\n\npackage dbus\n"..., 32768) = 4970
17033 read(7, "", 27798)                = 0
17033 close(7)                          = 0
17033 lstat("/home/hmeng/go/src/github.com/opencontainers/runc/Godeps/_workspace/src/github.com/godbus/dbus/transport_unixcred_dragonfly.go", {st_mode=S_IFREG|0664, st_size=2814, ...}) = 0
17033 lstat("/home/hmeng/go/src/github.com/opencontainers/runc/Godeps/_workspace/src/github.com/godbus/dbus/transport_unixcred_dragonfly.go", {st_mode=S_IFREG|0664, st_size=2814, ...}) = 0
17033 lgetxattr("/home/hmeng/go/src/github.com/opencontainers/runc/Godeps/_workspace/src/github.com/godbus/dbus/transport_unixcred_dragonfly.go", "security.capability", 0xc82024a600, 128) = -1 ENODATA (No data available)
17033 openat(AT_FDCWD, "/home/hmeng/go/src/github.com/opencontainers/runc/Godeps/_workspace/src/github.com/godbus/dbus/transport_unixcred_dragonfly.go", O_RDONLY|O_CLOEXEC) = 7
17033 read(7, "// The UnixCredentials system ca"..., 32768) = 2814
17033 read(7, "", 29954)                = 0
17033 close(7)                          = 0
17033 lstat("/home/hmeng/go/src/github.com/opencontainers/runc/Godeps/_workspace/src/github.com/godbus/dbus/transport_unixcred_linux.go", {st_mode=S_IFREG|0664, st_size=637, ...}) = 0
17033 lstat("/home/hmeng/go/src/github.com/opencontainers/runc/Godeps/_workspace/src/github.com/godbus/dbus/transport_unixcred_linux.go", {st_mode=S_IFREG|0664, st_size=637, ...}) = 0
17033 lgetxattr("/home/hmeng/go/src/github.com/opencontainers/runc/Godeps/_workspace/src/github.com/godbus/dbus/transport_unixcred_linux.go", "security.capability", 0xc82024a980, 128) = -1 ENODATA (No data available)
17033 openat(AT_FDCWD, "/home/hmeng/go/src/github.com/opencontainers/runc/Godeps/_workspace/src/github.com/godbus/dbus/transport_unixcred_linux.go", O_RDONLY|O_CLOEXEC) = 7
17033 read(7, "// The UnixCredentials system ca"..., 32768) = 637
17033 read(7, "", 32131)                = 0
17033 close(7)                          = 0
17033 lstat("/home/hmeng/go/src/github.com/opencontainers/runc/Godeps/_workspace/src/github.com/godbus/dbus/variant.go", {st_mode=S_IFREG|0664, st_size=3299, ...}) = 0
17033 lstat("/home/hmeng/go/src/github.com/opencontainers/runc/Godeps/_workspace/src/github.com/godbus/dbus/variant.go", {st_mode=S_IFREG|0664, st_size=3299, ...}) = 0
17033 lgetxattr("/home/hmeng/go/src/github.com/opencontainers/runc/Godeps/_workspace/src/github.com/godbus/dbus/variant.go", "security.capability", 0xc82024aa80, 128) = -1 ENODATA (No data available)
17033 openat(AT_FDCWD, "/home/hmeng/go/src/github.com/opencontainers/runc/Godeps/_workspace/src/github.com/godbus/dbus/variant.go", O_RDONLY|O_CLOEXEC) = 7
17033 read(7, "package dbus\n\nimport (\n\t\"bytes\"\n"..., 32768) = 3299
17033 read(7, "", 29469)                = 0
17033 close(7)                          = 0
17033 lstat("/home/hmeng/go/src/github.com/opencontainers/runc/Godeps/_workspace/src/github.com/godbus/dbus/variant_lexer.go", {st_mode=S_IFREG|0664, st_size=4864, ...}) = 0
17033 lstat("/home/hmeng/go/src/github.com/opencontainers/runc/Godeps/_workspace/src/github.com/godbus/dbus/variant_lexer.go", {st_mode=S_IFREG|0664, st_size=4864, ...}) = 0
17033 lgetxattr("/home/hmeng/go/src/github.com/opencontainers/runc/Godeps/_workspace/src/github.com/godbus/dbus/variant_lexer.go", "security.capability", 0xc82024ab00, 128) = -1 ENODATA (No data available)
17033 openat(AT_FDCWD, "/home/hmeng/go/src/github.com/opencontainers/runc/Godeps/_workspace/src/github.com/godbus/dbus/variant_lexer.go", O_RDONLY|O_CLOEXEC) = 7
17033 read(7, "package dbus\n\nimport (\n\t\"fmt\"\n\t\""..., 32768) = 4864
17033 read(7, "", 27904)                = 0
17033 close(7)                          = 0
17033 lstat("/home/hmeng/go/src/github.com/opencontainers/runc/Godeps/_workspace/src/github.com/godbus/dbus/variant_parser.go", {st_mode=S_IFREG|0664, st_size=15692, ...}) = 0
17033 lstat("/home/hmeng/go/src/github.com/opencontainers/runc/Godeps/_workspace/src/github.com/godbus/dbus/variant_parser.go", {st_mode=S_IFREG|0664, st_size=15692, ...}) = 0
17033 lgetxattr("/home/hmeng/go/src/github.com/opencontainers/runc/Godeps/_workspace/src/github.com/godbus/dbus/variant_parser.go", "security.capability", 0xc82024ad00, 128) = -1 ENODATA (No data available)
17033 openat(AT_FDCWD, "/home/hmeng/go/src/github.com/opencontainers/runc/Godeps/_workspace/src/github.com/godbus/dbus/variant_parser.go", O_RDONLY|O_CLOEXEC) = 7
17033 read(7, "package dbus\n\nimport (\n\t\"bytes\"\n"..., 32768) = 15692
17033 read(7, "", 17076)                = 0
17033 close(7)                          = 0
17033 futex(0xc8200f6590, FUTEX_WAKE, 1 <unfinished ...>
17035 <... futex resumed> )             = 0
17033 <... futex resumed> )             = 1
17035 select(0, NULL, NULL, NULL, {0, 100} <unfinished ...>
17033 write(6, "8000\r\nut.Unlock()\n}\n\0\0\0\0\0\0\0\0\0\0\0\0"..., 4096) = 4096
17033 write(6, "urn s.str == \"\"\n}\n\n// Single ret"..., 28678) = 28678
17033 write(6, "\r\n", 2)               = 2
17033 lstat("/home/hmeng/go/src/github.com/opencontainers/runc/Godeps/_workspace/src/github.com/golang", {st_mode=S_IFDIR|0775, st_size=21, ...}) = 0
17033 lstat("/home/hmeng/go/src/github.com/opencontainers/runc/Godeps/_workspace/src/github.com/golang", {st_mode=S_IFDIR|0775, st_size=21, ...}) = 0
17033 lgetxattr("/home/hmeng/go/src/github.com/opencontainers/runc/Godeps/_workspace/src/github.com/golang", "security.capability", 0xc82024ae00, 128) = -1 ENODATA (No data available)
17033 openat(AT_FDCWD, "/home/hmeng/go/src/github.com/opencontainers/runc/Godeps/_workspace/src/github.com/golang", O_RDONLY|O_CLOEXEC) = 7
17033 getdents64(7, /* 3 entries */, 4096) = 80
17035 <... select resumed> )            = 0 (Timeout)
17035 futex(0xc8200f6590, FUTEX_WAIT, 0, NULL <unfinished ...>
17033 getdents64(7, /* 0 entries */, 4096) = 0
17033 close(7)                          = 0
17033 lstat("/home/hmeng/go/src/github.com/opencontainers/runc/Godeps/_workspace/src/github.com/golang/protobuf", {st_mode=S_IFDIR|0775, st_size=32, ...}) = 0
17033 lstat("/home/hmeng/go/src/github.com/opencontainers/runc/Godeps/_workspace/src/github.com/golang/protobuf", {st_mode=S_IFDIR|0775, st_size=32, ...}) = 0
17033 lgetxattr("/home/hmeng/go/src/github.com/opencontainers/runc/Godeps/_workspace/src/github.com/golang/protobuf", "security.capability", 0xc82024ae80, 128) = -1 ENODATA (No data available)
17033 openat(AT_FDCWD, "/home/hmeng/go/src/github.com/opencontainers/runc/Godeps/_workspace/src/github.com/golang/protobuf", O_RDONLY|O_CLOEXEC) = 7
17033 getdents64(7, /* 4 entries */, 4096) = 112
17033 getdents64(7, /* 0 entries */, 4096) = 0
17033 close(7)                          = 0
17033 lstat("/home/hmeng/go/src/github.com/opencontainers/runc/Godeps/_workspace/src/github.com/golang/protobuf/LICENSE", {st_mode=S_IFREG|0664, st_size=1583, ...}) = 0
17033 lstat("/home/hmeng/go/src/github.com/opencontainers/runc/Godeps/_workspace/src/github.com/golang/protobuf/LICENSE", {st_mode=S_IFREG|0664, st_size=1583, ...}) = 0
17033 lgetxattr("/home/hmeng/go/src/github.com/opencontainers/runc/Godeps/_workspace/src/github.com/golang/protobuf/LICENSE", "security.capability", 0xc82024af00, 128) = -1 ENODATA (No data available)
17033 openat(AT_FDCWD, "/home/hmeng/go/src/github.com/opencontainers/runc/Godeps/_workspace/src/github.com/golang/protobuf/LICENSE", O_RDONLY|O_CLOEXEC) = 7
17033 read(7, "Go support for Protocol Buffers "..., 32768) = 1583
17033 read(7, "", 31185)                = 0
17033 close(7)                          = 0
17033 lstat("/home/hmeng/go/src/github.com/opencontainers/runc/Godeps/_workspace/src/github.com/golang/protobuf/proto", {st_mode=S_IFDIR|0775, st_size=4096, ...}) = 0
17033 lstat("/home/hmeng/go/src/github.com/opencontainers/runc/Godeps/_workspace/src/github.com/golang/protobuf/proto", {st_mode=S_IFDIR|0775, st_size=4096, ...}) = 0
17033 lgetxattr("/home/hmeng/go/src/github.com/opencontainers/runc/Godeps/_workspace/src/github.com/golang/protobuf/proto", "security.capability", 0xc82024af80, 128) = -1 ENODATA (No data available)
17033 openat(AT_FDCWD, "/home/hmeng/go/src/github.com/opencontainers/runc/Godeps/_workspace/src/github.com/golang/protobuf/proto", O_RDONLY|O_CLOEXEC) = 7
17033 getdents64(7, /* 16 entries */, 4096) = 544
17033 getdents64(7, /* 0 entries */, 4096) = 0
17033 close(7)                          = 0
17033 lstat("/home/hmeng/go/src/github.com/opencontainers/runc/Godeps/_workspace/src/github.com/golang/protobuf/proto/Makefile", {st_mode=S_IFREG|0664, st_size=1783, ...}) = 0
17033 lstat("/home/hmeng/go/src/github.com/opencontainers/runc/Godeps/_workspace/src/github.com/golang/protobuf/proto/Makefile", {st_mode=S_IFREG|0664, st_size=1783, ...}) = 0
17033 lgetxattr("/home/hmeng/go/src/github.com/opencontainers/runc/Godeps/_workspace/src/github.com/golang/protobuf/proto/Makefile", "security.capability", 0xc82024b280, 128) = -1 ENODATA (No data available)
17033 openat(AT_FDCWD, "/home/hmeng/go/src/github.com/opencontainers/runc/Godeps/_workspace/src/github.com/golang/protobuf/proto/Makefile", O_RDONLY|O_CLOEXEC) = 7
17033 read(7, "# Go support for Protocol Buffer"..., 32768) = 1783
17033 read(7, "", 30985)                = 0
17033 close(7)                          = 0
17033 lstat("/home/hmeng/go/src/github.com/opencontainers/runc/Godeps/_workspace/src/github.com/golang/protobuf/proto/clone.go", {st_mode=S_IFREG|0664, st_size=5873, ...}) = 0
17033 lstat("/home/hmeng/go/src/github.com/opencontainers/runc/Godeps/_workspace/src/github.com/golang/protobuf/proto/clone.go", {st_mode=S_IFREG|0664, st_size=5873, ...}) = 0
17033 lgetxattr("/home/hmeng/go/src/github.com/opencontainers/runc/Godeps/_workspace/src/github.com/golang/protobuf/proto/clone.go", "security.capability", 0xc82024b600, 128) = -1 ENODATA (No data available)
17033 openat(AT_FDCWD, "/home/hmeng/go/src/github.com/opencontainers/runc/Godeps/_workspace/src/github.com/golang/protobuf/proto/clone.go", O_RDONLY|O_CLOEXEC) = 7
17033 read(7, "// Go support for Protocol Buffe"..., 32768) = 5873
17033 read(7, "", 26895)                = 0
17033 close(7)                          = 0
17033 lstat("/home/hmeng/go/src/github.com/opencontainers/runc/Godeps/_workspace/src/github.com/golang/protobuf/proto/decode.go", {st_mode=S_IFREG|0664, st_size=21531, ...}) = 0
17033 lstat("/home/hmeng/go/src/github.com/opencontainers/runc/Godeps/_workspace/src/github.com/golang/protobuf/proto/decode.go", {st_mode=S_IFREG|0664, st_size=21531, ...}) = 0
17033 lgetxattr("/home/hmeng/go/src/github.com/opencontainers/runc/Godeps/_workspace/src/github.com/golang/protobuf/proto/decode.go", "security.capability", 0xc82024b980, 128) = -1 ENODATA (No data available)
17033 openat(AT_FDCWD, "/home/hmeng/go/src/github.com/opencontainers/runc/Godeps/_workspace/src/github.com/golang/protobuf/proto/decode.go", O_RDONLY|O_CLOEXEC) = 7
17033 read(7, "// Go support for Protocol Buffe"..., 32768) = 21531
17033 read(7, "", 11237)                = 0
17033 close(7)                          = 0
17033 futex(0xc8200f6590, FUTEX_WAKE, 1 <unfinished ...>
17035 <... futex resumed> )             = 0
17033 <... futex resumed> )             = 1
17035 select(0, NULL, NULL, NULL, {0, 100} <unfinished ...>
17033 write(6, "8000\r\nrn r\n}\n\nfunc (s sigSet) Si"..., 4096) = 4096
17033 write(6, "n \"\", errors.New(\"invalid UTF-8\""..., 28678) = 28678
17033 write(6, "\r\n", 2)               = 2
17033 lstat("/home/hmeng/go/src/github.com/opencontainers/runc/Godeps/_workspace/src/github.com/golang/protobuf/proto/encode.go", {st_mode=S_IFREG|0664, st_size=32419, ...}) = 0
17033 lstat("/home/hmeng/go/src/github.com/opencontainers/runc/Godeps/_workspace/src/github.com/golang/protobuf/proto/encode.go", {st_mode=S_IFREG|0664, st_size=32419, ...}) = 0
17033 lgetxattr("/home/hmeng/go/src/github.com/opencontainers/runc/Godeps/_workspace/src/github.com/golang/protobuf/proto/encode.go", "security.capability", 0xc82024bd00, 128) = -1 ENODATA (No data available)
17033 openat(AT_FDCWD, "/home/hmeng/go/src/github.com/opencontainers/runc/Godeps/_workspace/src/github.com/golang/protobuf/proto/encode.go", O_RDONLY|O_CLOEXEC) = 7
17033 read(7, "// Go support for Protocol Buffe"..., 32768) = 32419
17035 <... select resumed> )            = 0 (Timeout)
17033 read(7,  <unfinished ...>
17035 futex(0xc8200f6590, FUTEX_WAIT, 0, NULL <unfinished ...>
17033 <... read resumed> "", 349)       = 0
17033 close(7)                          = 0
17033 futex(0xc8200f6590, FUTEX_WAKE, 1 <unfinished ...>
17035 <... futex resumed> )             = 0
17033 <... futex resumed> )             = 1
17035 select(0, NULL, NULL, NULL, {0, 100} <unfinished ...>
17033 write(6, "8000\r\ne Buffer.\n// This is the f"..., 4096) = 4096
17033 write(6, "turn err\n\t}\n\n\ttyp, base, err := "..., 28678) = 28678
17033 write(6, "\r\n", 2)               = 2
17033 lstat("/home/hmeng/go/src/github.com/opencontainers/runc/Godeps/_workspace/src/github.com/golang/protobuf/proto/equal.go", {st_mode=S_IFREG|0664, st_size=7100, ...}) = 0
17033 lstat("/home/hmeng/go/src/github.com/opencontainers/runc/Godeps/_workspace/src/github.com/golang/protobuf/proto/equal.go", {st_mode=S_IFREG|0664, st_size=7100, ...}) = 0
17033 lgetxattr("/home/hmeng/go/src/github.com/opencontainers/runc/Godeps/_workspace/src/github.com/golang/protobuf/proto/equal.go", "security.capability", 0xc820254080, 128) = -1 ENODATA (No data available)
17033 openat(AT_FDCWD, "/home/hmeng/go/src/github.com/opencontainers/runc/Godeps/_workspace/src/github.com/golang/protobuf/proto/equal.go", O_RDONLY|O_CLOEXEC) = 7
17033 read(7,  <unfinished ...>
17035 <... select resumed> )            = 0 (Timeout)
17033 <... read resumed> "// Go support for Protocol Buffe"..., 32768) = 7100
17035 futex(0xc8200f6590, FUTEX_WAIT, 0, NULL <unfinished ...>
17033 read(7, "", 25668)                = 0
17033 close(7)                          = 0
17033 lstat("/home/hmeng/go/src/github.com/opencontainers/runc/Godeps/_workspace/src/github.com/golang/protobuf/proto/extensions.go", {st_mode=S_IFREG|0664, st_size=11731, ...}) = 0
17033 lstat("/home/hmeng/go/src/github.com/opencontainers/runc/Godeps/_workspace/src/github.com/golang/protobuf/proto/extensions.go", {st_mode=S_IFREG|0664, st_size=11731, ...}) = 0
17033 lgetxattr("/home/hmeng/go/src/github.com/opencontainers/runc/Godeps/_workspace/src/github.com/golang/protobuf/proto/extensions.go", "security.capability", 0xc820254400, 128) = -1 ENODATA (No data available)
17033 openat(AT_FDCWD, "/home/hmeng/go/src/github.com/opencontainers/runc/Godeps/_workspace/src/github.com/golang/protobuf/proto/extensions.go", O_RDONLY|O_CLOEXEC) = 7
17033 read(7, "// Go support for Protocol Buffe"..., 32768) = 11731
17033 read(7, "", 21037)                = 0
17033 close(7)                          = 0
17033 futex(0xc8200f6590, FUTEX_WAKE, 1 <unfinished ...>
17035 <... futex resumed> )             = 0
17033 <... futex resumed> )             = 1
17035 select(0, NULL, NULL, NULL, {0, 100} <unfinished ...>
17033 write(6, "8000\r\neturn l * (len(p.tagcode) "..., 4096) = 4096
17033 write(6, "lice_packed_uint32(p *Properties"..., 28678) = 28678
17033 write(6, "\r\n", 2)               = 2
17033 lstat("/home/hmeng/go/src/github.com/opencontainers/runc/Godeps/_workspace/src/github.com/golang/protobuf/proto/lib.go", {st_mode=S_IFREG|0664, st_size=20555, ...}) = 0
17033 lstat("/home/hmeng/go/src/github.com/opencontainers/runc/Godeps/_workspace/src/github.com/golang/protobuf/proto/lib.go", {st_mode=S_IFREG|0664, st_size=20555, ...}) = 0
17033 lgetxattr("/home/hmeng/go/src/github.com/opencontainers/runc/Godeps/_workspace/src/github.com/golang/protobuf/proto/lib.go", "security.capability", 0xc820254500, 128) = -1 ENODATA (No data available)
17033 openat(AT_FDCWD, "/home/hmeng/go/src/github.com/opencontainers/runc/Godeps/_workspace/src/github.com/golang/protobuf/proto/lib.go", O_RDONLY|O_CLOEXEC) = 7
17033 read(7,  <unfinished ...>
17035 <... select resumed> )            = 0 (Timeout)
17033 <... read resumed> "// Go support for Protocol Buffe"..., 32768) = 20555
17035 futex(0xc8200f6590, FUTEX_WAIT, 0, NULL <unfinished ...>
17033 read(7, "", 12213)                = 0
17033 close(7)                          = 0
17033 lstat("/home/hmeng/go/src/github.com/opencontainers/runc/Godeps/_workspace/src/github.com/golang/protobuf/proto/message_set.go", {st_mode=S_IFREG|0664, st_size=8722, ...}) = 0
17033 lstat("/home/hmeng/go/src/github.com/opencontainers/runc/Godeps/_workspace/src/github.com/golang/protobuf/proto/message_set.go", {st_mode=S_IFREG|0664, st_size=8722, ...}) = 0
17033 lgetxattr("/home/hmeng/go/src/github.com/opencontainers/runc/Godeps/_workspace/src/github.com/golang/protobuf/proto/message_set.go", "security.capability", 0xc820254800, 128) = -1 ENODATA (No data available)
17033 openat(AT_FDCWD, "/home/hmeng/go/src/github.com/opencontainers/runc/Godeps/_workspace/src/github.com/golang/protobuf/proto/message_set.go", O_RDONLY|O_CLOEXEC) = 7
17033 read(7, "// Go support for Protocol Buffe"..., 32768) = 8722
17033 read(7, "", 24046)                = 0
17033 close(7)                          = 0
17033 futex(0xc8200f6590, FUTEX_WAKE, 1 <unfinished ...>
17035 <... futex resumed> )             = 0
17033 <... futex resumed> )             = 1
17035 select(0, NULL, NULL, NULL, {0, 100} <unfinished ...>
17033 write(6, "8000\r\nion(pb extendableProto, ex"..., 4096) = 4096
17033 write(6, "f _, ok := m[desc.Field]; ok {\n\t"..., 28678) = 28678
17033 write(6, "\r\n", 2)               = -1 EAGAIN (Resource temporarily unavailable)
17033 lstat("/home/hmeng/go/src/github.com/opencontainers/runc/Godeps/_workspace/src/github.com/golang/protobuf/proto/pointer_reflect.go", {st_mode=S_IFREG|0664, st_size=13674, ...}) = 0
17033 lstat("/home/hmeng/go/src/github.com/opencontainers/runc/Godeps/_workspace/src/github.com/golang/protobuf/proto/pointer_reflect.go", {st_mode=S_IFREG|0664, st_size=13674, ...}) = 0
17033 lgetxattr("/home/hmeng/go/src/github.com/opencontainers/runc/Godeps/_workspace/src/github.com/golang/protobuf/proto/pointer_reflect.go", "security.capability", 0xc820254b80, 128) = -1 ENODATA (No data available)
17033 openat(AT_FDCWD, "/home/hmeng/go/src/github.com/opencontainers/runc/Godeps/_workspace/src/github.com/golang/protobuf/proto/pointer_reflect.go", O_RDONLY|O_CLOEXEC) = 7
17033 read(7, "// Go support for Protocol Buffe"..., 32768) = 13674
17035 <... select resumed> )            = 0 (Timeout)
17033 read(7,  <unfinished ...>
17035 futex(0xc8200f6590, FUTEX_WAIT, 0, NULL <unfinished ...>
17033 <... read resumed> "", 19094)     = 0
17033 close(7)                          = 0
17033 lstat("/home/hmeng/go/src/github.com/opencontainers/runc/Godeps/_workspace/src/github.com/golang/protobuf/proto/pointer_unsafe.go", {st_mode=S_IFREG|0664, st_size=9331, ...}) = 0
17033 lstat("/home/hmeng/go/src/github.com/opencontainers/runc/Godeps/_workspace/src/github.com/golang/protobuf/proto/pointer_unsafe.go", {st_mode=S_IFREG|0664, st_size=9331, ...}) = 0
17033 lgetxattr("/home/hmeng/go/src/github.com/opencontainers/runc/Godeps/_workspace/src/github.com/golang/protobuf/proto/pointer_unsafe.go", "security.capability", 0xc820254f00, 128) = -1 ENODATA (No data available)
17033 openat(AT_FDCWD, "/home/hmeng/go/src/github.com/opencontainers/runc/Godeps/_workspace/src/github.com/golang/protobuf/proto/pointer_unsafe.go", O_RDONLY|O_CLOEXEC) = 7
17033 read(7, "// Go support for Protocol Buffe"..., 32768) = 9331
17033 read(7, "", 23437)                = 0
17033 close(7)                          = 0
17033 lstat("/home/hmeng/go/src/github.com/opencontainers/runc/Godeps/_workspace/src/github.com/golang/protobuf/proto/properties.go", {st_mode=S_IFREG|0664, st_size=21344, ...}) = 0
17033 lstat("/home/hmeng/go/src/github.com/opencontainers/runc/Godeps/_workspace/src/github.com/golang/protobuf/proto/properties.go", {st_mode=S_IFREG|0664, st_size=21344, ...}) = 0
17033 lgetxattr("/home/hmeng/go/src/github.com/opencontainers/runc/Godeps/_workspace/src/github.com/golang/protobuf/proto/properties.go", "security.capability", 0xc820255280, 128) = -1 ENODATA (No data available)
17033 openat(AT_FDCWD, "/home/hmeng/go/src/github.com/opencontainers/runc/Godeps/_workspace/src/github.com/golang/protobuf/proto/properties.go", O_RDONLY|O_CLOEXEC) = 7
17033 read(7, "// Go support for Protocol Buffe"..., 32768) = 21344
17033 read(7, "", 11424)                = 0
17033 close(7)                          = 0
17033 futex(0xc82002ea10, FUTEX_WAIT, 0, NULL <unfinished ...>
17032 <... select resumed> )            = 0 (Timeout)
17032 clock_gettime(CLOCK_MONOTONIC, {4903, 610479567}) = 0
17032 futex(0x21ee760, FUTEX_WAIT, 0, {60, 0} <unfinished ...>
17031 <... epoll_wait resumed> {{EPOLLOUT, {u32=2134024192, u64=140606478393344}}}, 128, -1) = 1
17031 clock_gettime(CLOCK_MONOTONIC, {4903, 612091311}) = 0
17031 futex(0xc82002ea10, FUTEX_WAKE, 1 <unfinished ...>
17033 <... futex resumed> )             = 0
17031 <... futex resumed> )             = 1
17033 epoll_wait(5,  <unfinished ...>
17031 futex(0x21ee760, FUTEX_WAKE, 1 <unfinished ...>
17033 <... epoll_wait resumed> {}, 128, 0) = 0
17032 <... futex resumed> )             = 0
17031 <... futex resumed> )             = 1
17033 sched_yield( <unfinished ...>
17032 sched_yield( <unfinished ...>
17031 write(6, "\r\n", 2 <unfinished ...>
17033 <... sched_yield resumed> )       = 0
17032 <... sched_yield resumed> )       = 0
17031 <... write resumed> )             = 2
17033 futex(0x21ee6a0, FUTEX_WAKE, 1 <unfinished ...>
17032 futex(0x21ee6a0, FUTEX_WAKE, 1 <unfinished ...>
17031 write(6, "8000\r\ne items.\n\t\tb := EncodeVari"..., 4096 <unfinished ...>
17033 <... futex resumed> )             = 0
17032 <... futex resumed> )             = 0
17031 <... write resumed> )             = 4096
17033 epoll_wait(5,  <unfinished ...>
17032 clock_gettime(CLOCK_MONOTONIC,  <unfinished ...>
17031 write(6, " reproduce the above\n// copyrigh"..., 28678 <unfinished ...>
17033 <... epoll_wait resumed> {{EPOLLOUT, {u32=2134024192, u64=140606478393344}}}, 128, 0) = 1
17032 <... clock_gettime resumed> {4903, 612284178}) = 0
17031 <... write resumed> )             = 28678
17033 select(0, NULL, NULL, NULL, {0, 100} <unfinished ...>
17032 clock_gettime(CLOCK_REALTIME,  <unfinished ...>
17031 write(6, "\r\n", 2 <unfinished ...>
17032 <... clock_gettime resumed> {1465918769, 396329398}) = 0
17031 <... write resumed> )             = 2
17032 select(0, NULL, NULL, NULL, {0, 20} <unfinished ...>
17031 lstat("/home/hmeng/go/src/github.com/opencontainers/runc/Godeps/_workspace/src/github.com/golang/protobuf/proto/proto3_proto", {st_mode=S_IFDIR|0775, st_size=40, ...}) = 0
17031 lstat("/home/hmeng/go/src/github.com/opencontainers/runc/Godeps/_workspace/src/github.com/golang/protobuf/proto/proto3_proto", {st_mode=S_IFDIR|0775, st_size=40, ...}) = 0
17031 lgetxattr("/home/hmeng/go/src/github.com/opencontainers/runc/Godeps/_workspace/src/github.com/golang/protobuf/proto/proto3_proto", "security.capability", 0xc820255600, 128) = -1 ENODATA (No data available)
17033 <... select resumed> )            = 0 (Timeout)
17032 <... select resumed> )            = 0 (Timeout)
17033 epoll_wait(5,  <unfinished ...>
17032 clock_gettime(CLOCK_MONOTONIC,  <unfinished ...>
17031 openat(AT_FDCWD, "/home/hmeng/go/src/github.com/opencontainers/runc/Godeps/_workspace/src/github.com/golang/protobuf/proto/proto3_proto", O_RDONLY|O_CLOEXEC <unfinished ...>
17033 <... epoll_wait resumed> {{EPOLLOUT, {u32=2134024192, u64=140606478393344}}}, 128, -1) = 1
17032 <... clock_gettime resumed> {4903, 612500252}) = 0
17031 <... openat resumed> )            = 7
17033 epoll_wait(5,  <unfinished ...>
17032 clock_gettime(CLOCK_REALTIME,  <unfinished ...>
17031 getdents64(7,  <unfinished ...>
17032 <... clock_gettime resumed> {1465918769, 396543327}) = 0
17031 <... getdents64 resumed> /* 4 entries */, 4096) = 112
17032 select(0, NULL, NULL, NULL, {0, 20} <unfinished ...>
17031 getdents64(7, /* 0 entries */, 4096) = 0
17031 close(7)                          = 0
17031 lstat("/home/hmeng/go/src/github.com/opencontainers/runc/Godeps/_workspace/src/github.com/golang/protobuf/proto/proto3_proto/Makefile", {st_mode=S_IFREG|0664, st_size=1863, ...}) = 0
17031 lstat("/home/hmeng/go/src/github.com/opencontainers/runc/Godeps/_workspace/src/github.com/golang/protobuf/proto/proto3_proto/Makefile", {st_mode=S_IFREG|0664, st_size=1863, ...}) = 0
17032 <... select resumed> )            = 0 (Timeout)
17031 lgetxattr("/home/hmeng/go/src/github.com/opencontainers/runc/Godeps/_workspace/src/github.com/golang/protobuf/proto/proto3_proto/Makefile", "security.capability" <unfinished ...>
17032 clock_gettime(CLOCK_MONOTONIC,  <unfinished ...>
17031 <... lgetxattr resumed> , 0xc820255a00, 128) = -1 ENODATA (No data available)
17032 <... clock_gettime resumed> {4903, 612683590}) = 0
17031 openat(AT_FDCWD, "/home/hmeng/go/src/github.com/opencontainers/runc/Godeps/_workspace/src/github.com/golang/protobuf/proto/proto3_proto/Makefile", O_RDONLY|O_CLOEXEC <unfinished ...>
17032 clock_gettime(CLOCK_REALTIME,  <unfinished ...>
17031 <... openat resumed> )            = 7
17032 <... clock_gettime resumed> {1465918769, 396714108}) = 0
17031 read(7,  <unfinished ...>
17032 select(0, NULL, NULL, NULL, {0, 20} <unfinished ...>
17031 <... read resumed> "# Go support for Protocol Buffer"..., 32768) = 1863
17031 read(7, "", 30905)                = 0
17031 close(7)                          = 0
17031 lstat("/home/hmeng/go/src/github.com/opencontainers/runc/Godeps/_workspace/src/github.com/golang/protobuf/proto/proto3_proto/proto3.proto", {st_mode=S_IFREG|0664, st_size=2071, ...}) = 0
17031 lstat("/home/hmeng/go/src/github.com/opencontainers/runc/Godeps/_workspace/src/github.com/golang/protobuf/proto/proto3_proto/proto3.proto",  <unfinished ...>
17032 <... select resumed> )            = 0 (Timeout)
17031 <... lstat resumed> {st_mode=S_IFREG|0664, st_size=2071, ...}) = 0
17032 clock_gettime(CLOCK_MONOTONIC,  <unfinished ...>
17031 lgetxattr("/home/hmeng/go/src/github.com/opencontainers/runc/Godeps/_workspace/src/github.com/golang/protobuf/proto/proto3_proto/proto3.proto", "security.capability" <unfinished ...>
17032 <... clock_gettime resumed> {4903, 612859521}) = 0
17031 <... lgetxattr resumed> , 0xc820255b80, 128) = -1 ENODATA (No data available)
17032 clock_gettime(CLOCK_REALTIME,  <unfinished ...>
17031 openat(AT_FDCWD, "/home/hmeng/go/src/github.com/opencontainers/runc/Godeps/_workspace/src/github.com/golang/protobuf/proto/proto3_proto/proto3.proto", O_RDONLY|O_CLOEXEC <unfinished ...>
17032 <... clock_gettime resumed> {1465918769, 396887539}) = 0
17031 <... openat resumed> )            = 7
17032 select(0, NULL, NULL, NULL, {0, 20} <unfinished ...>
17031 read(7, "// Go support for Protocol Buffe"..., 32768) = 2071
17031 read(7, "", 30697)                = 0
17031 close(7)                          = 0
17031 lstat("/home/hmeng/go/src/github.com/opencontainers/runc/Godeps/_workspace/src/github.com/golang/protobuf/proto/text.go", {st_mode=S_IFREG|0664, st_size=18838, ...}) = 0
17031 lstat("/home/hmeng/go/src/github.com/opencontainers/runc/Godeps/_workspace/src/github.com/golang/protobuf/proto/text.go",  <unfinished ...>
17032 <... select resumed> )            = 0 (Timeout)
17031 <... lstat resumed> {st_mode=S_IFREG|0664, st_size=18838, ...}) = 0
17032 clock_gettime(CLOCK_MONOTONIC,  <unfinished ...>
17031 lgetxattr("/home/hmeng/go/src/github.com/opencontainers/runc/Godeps/_workspace/src/github.com/golang/protobuf/proto/text.go", "security.capability" <unfinished ...>
17032 <... clock_gettime resumed> {4903, 613035785}) = 0
17031 <... lgetxattr resumed> , 0xc820255d80, 128) = -1 ENODATA (No data available)
17032 clock_gettime(CLOCK_REALTIME,  <unfinished ...>
17031 openat(AT_FDCWD, "/home/hmeng/go/src/github.com/opencontainers/runc/Godeps/_workspace/src/github.com/golang/protobuf/proto/text.go", O_RDONLY|O_CLOEXEC <unfinished ...>
17032 <... clock_gettime resumed> {1465918769, 397062728}) = 0
17031 <... openat resumed> )            = 7
17032 select(0, NULL, NULL, NULL, {0, 20} <unfinished ...>
17031 read(7, "// Go support for Protocol Buffe"..., 32768) = 18838
17031 read(7, "", 13930)                = 0
17031 close(7)                          = 0
17031 futex(0xc8200f6590, FUTEX_WAKE, 1 <unfinished ...>
17035 <... futex resumed> )             = 0
17031 <... futex resumed> )             = 1
17035 select(0, NULL, NULL, NULL, {0, 100} <unfinished ...>
17032 <... select resumed> )            = 0 (Timeout)
17031 write(6, "8000\r\nable proto\n}\n\n// Implement"..., 4096 <unfinished ...>
17032 clock_gettime(CLOCK_MONOTONIC,  <unfinished ...>
17031 <... write resumed> )             = 4096
17032 <... clock_gettime resumed> {4903, 613218705}) = 0
17031 write(6, " true\n\t\tcase strings.HasPrefix(f"..., 28678 <unfinished ...>
17032 clock_gettime(CLOCK_REALTIME,  <unfinished ...>
17031 <... write resumed> )             = 28678
17033 <... epoll_wait resumed> {{EPOLLOUT, {u32=2134024192, u64=140606478393344}}}, 128, -1) = 1
17032 <... clock_gettime resumed> {1465918769, 397247983}) = 0
17031 write(6, "\r\n", 2 <unfinished ...>
17033 epoll_wait(5,  <unfinished ...>
17032 select(0, NULL, NULL, NULL, {0, 20} <unfinished ...>
17031 <... write resumed> )             = 2
17033 <... epoll_wait resumed> {{EPOLLOUT, {u32=2134024192, u64=140606478393344}}}, 128, -1) = 1
17031 lstat("/home/hmeng/go/src/github.com/opencontainers/runc/Godeps/_workspace/src/github.com/golang/protobuf/proto/text_parser.go",  <unfinished ...>
17033 epoll_wait(5,  <unfinished ...>
17031 <... lstat resumed> {st_mode=S_IFREG|0664, st_size=18719, ...}) = 0
17035 <... select resumed> )            = 0 (Timeout)
17032 <... select resumed> )            = 0 (Timeout)
17031 lstat("/home/hmeng/go/src/github.com/opencontainers/runc/Godeps/_workspace/src/github.com/golang/protobuf/proto/text_parser.go",  <unfinished ...>
17035 futex(0xc8200f6590, FUTEX_WAIT, 0, NULL <unfinished ...>
17032 clock_gettime(CLOCK_MONOTONIC,  <unfinished ...>
17031 <... lstat resumed> {st_mode=S_IFREG|0664, st_size=18719, ...}) = 0
17032 <... clock_gettime resumed> {4903, 613404038}) = 0
17031 lgetxattr("/home/hmeng/go/src/github.com/opencontainers/runc/Godeps/_workspace/src/github.com/golang/protobuf/proto/text_parser.go", "security.capability" <unfinished ...>
17032 clock_gettime(CLOCK_REALTIME,  <unfinished ...>
17031 <... lgetxattr resumed> , 0xc820454100, 128) = -1 ENODATA (No data available)
17032 <... clock_gettime resumed> {1465918769, 397425999}) = 0
17031 openat(AT_FDCWD, "/home/hmeng/go/src/github.com/opencontainers/runc/Godeps/_workspace/src/github.com/golang/protobuf/proto/text_parser.go", O_RDONLY|O_CLOEXEC <unfinished ...>
17032 select(0, NULL, NULL, NULL, {0, 20} <unfinished ...>
17031 <... openat resumed> )            = 7
17031 read(7, "// Go support for Protocol Buffe"..., 32768) = 18719
17031 read(7, "", 14049)                = 0
17031 close(7)                          = 0
17031 lstat("/home/hmeng/go/src/github.com/opencontainers/runc/Godeps/_workspace/src/github.com/opencontainers", {st_mode=S_IFDIR|0775, st_size=36, ...}) = 0
17032 <... select resumed> )            = 0 (Timeout)
17031 lstat("/home/hmeng/go/src/github.com/opencontainers/runc/Godeps/_workspace/src/github.com/opencontainers",  <unfinished ...>
17033 <... epoll_wait resumed> {{EPOLLOUT, {u32=2134024192, u64=140606478393344}}}, 128, -1) = 1
17032 clock_gettime(CLOCK_MONOTONIC,  <unfinished ...>
17031 <... lstat resumed> {st_mode=S_IFDIR|0775, st_size=36, ...}) = 0
17033 epoll_wait(5,  <unfinished ...>
17032 <... clock_gettime resumed> {4903, 613593068}) = 0
17031 lgetxattr("/home/hmeng/go/src/github.com/opencontainers/runc/Godeps/_workspace/src/github.com/opencontainers", "security.capability" <unfinished ...>
17032 clock_gettime(CLOCK_REALTIME,  <unfinished ...>
17031 <... lgetxattr resumed> , 0xc820454200, 128) = -1 ENODATA (No data available)
17032 <... clock_gettime resumed> {1465918769, 397619441}) = 0
17031 openat(AT_FDCWD, "/home/hmeng/go/src/github.com/opencontainers/runc/Godeps/_workspace/src/github.com/opencontainers", O_RDONLY|O_CLOEXEC <unfinished ...>
17032 select(0, NULL, NULL, NULL, {0, 20} <unfinished ...>
17031 <... openat resumed> )            = 7
17031 getdents64(7, /* 4 entries */, 4096) = 104
17031 getdents64(7, /* 0 entries */, 4096) = 0
17031 close(7)                          = 0
17031 lstat("/home/hmeng/go/src/github.com/opencontainers/runc/Godeps/_workspace/src/github.com/opencontainers/runc", {st_mode=S_IFLNK|0777, st_size=49, ...}) = 0
17032 <... select resumed> )            = 0 (Timeout)
17031 lstat("/home/hmeng/go/src/github.com/opencontainers/runc/Godeps/_workspace/src/github.com/opencontainers/runc",  <unfinished ...>
17032 clock_gettime(CLOCK_MONOTONIC,  <unfinished ...>
17031 <... lstat resumed> {st_mode=S_IFLNK|0777, st_size=49, ...}) = 0
17032 <... clock_gettime resumed> {4903, 613766165}) = 0
17031 readlinkat(AT_FDCWD, "/home/hmeng/go/src/github.com/opencontainers/runc/Godeps/_workspace/src/github.com/opencontainers/runc",  <unfinished ...>
17032 clock_gettime(CLOCK_REALTIME,  <unfinished ...>
17031 <... readlinkat resumed> "/home/hmeng/go/src/github.com/op"..., 128) = 49
17032 <... clock_gettime resumed> {1465918769, 397786012}) = 0
17031 lgetxattr("/home/hmeng/go/src/github.com/opencontainers/runc/Godeps/_workspace/src/github.com/opencontainers/runc", "security.capability" <unfinished ...>
17032 select(0, NULL, NULL, NULL, {0, 20} <unfinished ...>
17031 <... lgetxattr resumed> , 0xc820454300, 128) = -1 ENODATA (No data available)
17031 lstat("/home/hmeng/go/src/github.com/opencontainers/runc/Godeps/_workspace/src/github.com/opencontainers/runtime-spec", {st_mode=S_IFDIR|0775, st_size=35, ...}) = 0
17031 lstat("/home/hmeng/go/src/github.com/opencontainers/runc/Godeps/_workspace/src/github.com/opencontainers/runtime-spec", {st_mode=S_IFDIR|0775, st_size=35, ...}) = 0
17031 lgetxattr("/home/hmeng/go/src/github.com/opencontainers/runc/Godeps/_workspace/src/github.com/opencontainers/runtime-spec", "security.capability" <unfinished ...>
17032 <... select resumed> )            = 0 (Timeout)
17031 <... lgetxattr resumed> , 0xc820454380, 128) = -1 ENODATA (No data available)
17032 clock_gettime(CLOCK_MONOTONIC,  <unfinished ...>
17031 openat(AT_FDCWD, "/home/hmeng/go/src/github.com/opencontainers/runc/Godeps/_workspace/src/github.com/opencontainers/runtime-spec", O_RDONLY|O_CLOEXEC <unfinished ...>
17032 <... clock_gettime resumed> {4903, 613937634}) = 0
17031 <... openat resumed> )            = 7
17032 clock_gettime(CLOCK_REALTIME,  <unfinished ...>
17031 getdents64(7,  <unfinished ...>
17032 <... clock_gettime resumed> {1465918769, 397961860}) = 0
17031 <... getdents64 resumed> /* 4 entries */, 4096) = 112
17032 select(0, NULL, NULL, NULL, {0, 20} <unfinished ...>
17031 getdents64(7, /* 0 entries */, 4096) = 0
17031 close(7)                          = 0
17031 lstat("/home/hmeng/go/src/github.com/opencontainers/runc/Godeps/_workspace/src/github.com/opencontainers/runtime-spec/LICENSE", {st_mode=S_IFREG|0664, st_size=10767, ...}) = 0
17031 lstat("/home/hmeng/go/src/github.com/opencontainers/runc/Godeps/_workspace/src/github.com/opencontainers/runtime-spec/LICENSE",  <unfinished ...>
17032 <... select resumed> )            = 0 (Timeout)
17031 <... lstat resumed> {st_mode=S_IFREG|0664, st_size=10767, ...}) = 0
17032 clock_gettime(CLOCK_MONOTONIC,  <unfinished ...>
17031 lgetxattr("/home/hmeng/go/src/github.com/opencontainers/runc/Godeps/_workspace/src/github.com/opencontainers/runtime-spec/LICENSE", "security.capability" <unfinished ...>
17032 <... clock_gettime resumed> {4903, 614097496}) = 0
17031 <... lgetxattr resumed> , 0xc820454680, 128) = -1 ENODATA (No data available)
17032 clock_gettime(CLOCK_REALTIME,  <unfinished ...>
17031 openat(AT_FDCWD, "/home/hmeng/go/src/github.com/opencontainers/runc/Godeps/_workspace/src/github.com/opencontainers/runtime-spec/LICENSE", O_RDONLY|O_CLOEXEC <unfinished ...>
17032 <... clock_gettime resumed> {1465918769, 398123740}) = 0
17031 <... openat resumed> )            = 7
17032 select(0, NULL, NULL, NULL, {0, 20} <unfinished ...>
17031 read(7, "\n                               "..., 32768) = 10767
17031 read(7, "", 22001)                = 0
17031 close(7)                          = 0
17031 futex(0xc8200f6590, FUTEX_WAKE, 1 <unfinished ...>
17035 <... futex resumed> )             = 0
17031 <... futex resumed> )             = 1
17035 select(0, NULL, NULL, NULL, {0, 100} <unfinished ...>
17032 <... select resumed> )            = 0 (Timeout)
17031 ioctl(0, TIOCGWINSZ <unfinished ...>
17032 clock_gettime(CLOCK_MONOTONIC,  <unfinished ...>
17031 <... ioctl resumed> , {ws_row=35, ws_col=112, ws_xpixel=0, ws_ypixel=0}) = 0
17032 <... clock_gettime resumed> {4903, 614276718}) = 0
17031 ioctl(0, TIOCGWINSZ <unfinished ...>
17032 clock_gettime(CLOCK_REALTIME,  <unfinished ...>
17031 <... ioctl resumed> , {ws_row=35, ws_col=112, ws_xpixel=0, ws_ypixel=0}) = 0
17032 <... clock_gettime resumed> {1465918769, 398297907}) = 0
17031 write(1, "Sending build context to Docker "..., 48 <unfinished ...>
17032 select(0, NULL, NULL, NULL, {0, 20} <unfinished ...>
17031 <... write resumed> )             = 48
17031 write(6, "8000\r\n}\n\n\treturn nil\n}\n\n// write"..., 4096) = 4096
17031 write(6, "e); err != nil {\n\t\t\t\treturn err\n"..., 28678) = 28678
17035 <... select resumed> )            = 0 (Timeout)
17032 <... select resumed> )            = 0 (Timeout)
17035 select(0, NULL, NULL, NULL, {0, 100} <unfinished ...>
17032 clock_gettime(CLOCK_MONOTONIC,  <unfinished ...>
17031 write(6, "\r\n", 2 <unfinished ...>
17033 <... epoll_wait resumed> {{EPOLLOUT, {u32=2134024192, u64=140606478393344}}}, 128, -1) = 1
17032 <... clock_gettime resumed> {4903, 614453397}) = 0
17031 <... write resumed> )             = 2
17033 epoll_wait(5,  <unfinished ...>
17032 clock_gettime(CLOCK_REALTIME,  <unfinished ...>
17031 lstat("/home/hmeng/go/src/github.com/opencontainers/runc/Godeps/_workspace/src/github.com/opencontainers/runtime-spec/specs-go",  <unfinished ...>
17033 <... epoll_wait resumed> {{EPOLLOUT, {u32=2134024192, u64=140606478393344}}}, 128, -1) = 1
17032 <... clock_gettime resumed> {1465918769, 398490942}) = 0
17031 <... lstat resumed> {st_mode=S_IFDIR|0775, st_size=54, ...}) = 0
17033 epoll_wait(5,  <unfinished ...>
17032 select(0, NULL, NULL, NULL, {0, 20} <unfinished ...>
17031 lstat("/home/hmeng/go/src/github.com/opencontainers/runc/Godeps/_workspace/src/github.com/opencontainers/runtime-spec/specs-go", {st_mode=S_IFDIR|0775, st_size=54, ...}) = 0
17031 lgetxattr("/home/hmeng/go/src/github.com/opencontainers/runc/Godeps/_workspace/src/github.com/opencontainers/runtime-spec/specs-go", "security.capability", 0xc820454a00, 128) = -1 ENODATA (No data available)
17035 <... select resumed> )            = 0 (Timeout)
17032 <... select resumed> )            = 0 (Timeout)
17031 openat(AT_FDCWD, "/home/hmeng/go/src/github.com/opencontainers/runc/Godeps/_workspace/src/github.com/opencontainers/runtime-spec/specs-go", O_RDONLY|O_CLOEXEC <unfinished ...>
17035 futex(0xc8200f6590, FUTEX_WAIT, 0, NULL <unfinished ...>
17032 clock_gettime(CLOCK_MONOTONIC,  <unfinished ...>
17031 <... openat resumed> )            = 7
17032 <... clock_gettime resumed> {4903, 614642676}) = 0
17031 getdents64(7,  <unfinished ...>
17032 clock_gettime(CLOCK_REALTIME,  <unfinished ...>
17031 <... getdents64 resumed> /* 5 entries */, 4096) = 144
17032 <... clock_gettime resumed> {1465918769, 398660129}) = 0
17031 getdents64(7,  <unfinished ...>
17032 select(0, NULL, NULL, NULL, {0, 20} <unfinished ...>
17031 <... getdents64 resumed> /* 0 entries */, 4096) = 0
17031 close(7)                          = 0
17031 lstat("/home/hmeng/go/src/github.com/opencontainers/runc/Godeps/_workspace/src/github.com/opencontainers/runtime-spec/specs-go/config.go", {st_mode=S_IFREG|0664, st_size=19305, ...}) = 0
17031 lstat("/home/hmeng/go/src/github.com/opencontainers/runc/Godeps/_workspace/src/github.com/opencontainers/runtime-spec/specs-go/config.go", {st_mode=S_IFREG|0664, st_size=19305, ...}) = 0
17031 lgetxattr("/home/hmeng/go/src/github.com/opencontainers/runc/Godeps/_workspace/src/github.com/opencontainers/runtime-spec/specs-go/config.go", "security.capability" <unfinished ...>
17032 <... select resumed> )            = 0 (Timeout)
17031 <... lgetxattr resumed> , 0xc820454b00, 128) = -1 ENODATA (No data available)
17032 clock_gettime(CLOCK_MONOTONIC,  <unfinished ...>
17031 openat(AT_FDCWD, "/home/hmeng/go/src/github.com/opencontainers/runc/Godeps/_workspace/src/github.com/opencontainers/runtime-spec/specs-go/config.go", O_RDONLY|O_CLOEXEC <unfinished ...>
17032 <... clock_gettime resumed> {4903, 614802525}) = 0
17031 <... openat resumed> )            = 7
17032 clock_gettime(CLOCK_REALTIME,  <unfinished ...>
17031 read(7,  <unfinished ...>
17032 <... clock_gettime resumed> {1465918769, 398823148}) = 0
17031 <... read resumed> "package specs\n\nimport \"os\"\n\n// S"..., 32768) = 19305
17032 select(0, NULL, NULL, NULL, {0, 20} <unfinished ...>
17031 read(7, "", 13463)                = 0
17031 close(7)                          = 0
17031 lstat("/home/hmeng/go/src/github.com/opencontainers/runc/Godeps/_workspace/src/github.com/opencontainers/runtime-spec/specs-go/state.go", {st_mode=S_IFREG|0664, st_size=641, ...}) = 0
17031 lstat("/home/hmeng/go/src/github.com/opencontainers/runc/Godeps/_workspace/src/github.com/opencontainers/runtime-spec/specs-go/state.go", {st_mode=S_IFREG|0664, st_size=641, ...}) = 0
17032 <... select resumed> )            = 0 (Timeout)
17031 lgetxattr("/home/hmeng/go/src/github.com/opencontainers/runc/Godeps/_workspace/src/github.com/opencontainers/runtime-spec/specs-go/state.go", "security.capability" <unfinished ...>
17032 clock_gettime(CLOCK_MONOTONIC,  <unfinished ...>
17031 <... lgetxattr resumed> , 0xc820454c80, 128) = -1 ENODATA (No data available)
17032 <... clock_gettime resumed> {4903, 614977994}) = 0
17031 openat(AT_FDCWD, "/home/hmeng/go/src/github.com/opencontainers/runc/Godeps/_workspace/src/github.com/opencontainers/runtime-spec/specs-go/state.go", O_RDONLY|O_CLOEXEC <unfinished ...>
17032 clock_gettime(CLOCK_REALTIME,  <unfinished ...>
17031 <... openat resumed> )            = 7
17032 <... clock_gettime resumed> {1465918769, 399021781}) = 0
17031 read(7,  <unfinished ...>
17032 select(0, NULL, NULL, NULL, {0, 20} <unfinished ...>
17031 <... read resumed> "package specs\n\n// State holds in"..., 32768) = 641
17031 read(7, "", 32127)                = 0
17031 close(7)                          = 0
17031 lstat("/home/hmeng/go/src/github.com/opencontainers/runc/Godeps/_workspace/src/github.com/opencontainers/runtime-spec/specs-go/version.go", {st_mode=S_IFREG|0664, st_size=536, ...}) = 0
17031 lstat("/home/hmeng/go/src/github.com/opencontainers/runc/Godeps/_workspace/src/github.com/opencontainers/runtime-spec/specs-go/version.go", {st_mode=S_IFREG|0664, st_size=536, ...}) = 0
17032 <... select resumed> )            = 0 (Timeout)
17031 lgetxattr("/home/hmeng/go/src/github.com/opencontainers/runc/Godeps/_workspace/src/github.com/opencontainers/runtime-spec/specs-go/version.go", "security.capability" <unfinished ...>
17032 clock_gettime(CLOCK_MONOTONIC,  <unfinished ...>
17031 <... lgetxattr resumed> , 0xc820454d00, 128) = -1 ENODATA (No data available)
17032 <... clock_gettime resumed> {4903, 615164649}) = 0
17031 openat(AT_FDCWD, "/home/hmeng/go/src/github.com/opencontainers/runc/Godeps/_workspace/src/github.com/opencontainers/runtime-spec/specs-go/version.go", O_RDONLY|O_CLOEXEC <unfinished ...>
17032 clock_gettime(CLOCK_REALTIME,  <unfinished ...>
17031 <... openat resumed> )            = 7
17032 <... clock_gettime resumed> {1465918769, 399191498}) = 0
17031 read(7,  <unfinished ...>
17032 select(0, NULL, NULL, NULL, {0, 20} <unfinished ...>
17031 <... read resumed> "package specs\n\nimport \"fmt\"\n\ncon"..., 32768) = 536
17031 read(7, "", 32232)                = 0
17031 close(7)                          = 0
17031 futex(0xc8200f6590, FUTEX_WAKE, 1 <unfinished ...>
17035 <... futex resumed> )             = 0
17031 <... futex resumed> )             = 1
17035 select(0, NULL, NULL, NULL, {0, 100} <unfinished ...>
17031 write(6, "8000\r\n   and conversions to othe"..., 4096 <unfinished ...>
17032 <... select resumed> )            = 0 (Timeout)
17031 <... write resumed> )             = 4096
17032 clock_gettime(CLOCK_MONOTONIC,  <unfinished ...>
17031 write(6, "rm of the Work,\n          exclud"..., 28678 <unfinished ...>
17033 <... epoll_wait resumed> {{EPOLLOUT, {u32=2134024192, u64=140606478393344}}}, 128, -1) = 1
17032 <... clock_gettime resumed> {4903, 615359480}) = 0
17031 <... write resumed> )             = 28678
17033 epoll_wait(5,  <unfinished ...>
17032 clock_gettime(CLOCK_REALTIME,  <unfinished ...>
17031 write(6, "\r\n", 2 <unfinished ...>
17033 <... epoll_wait resumed> {{EPOLLOUT, {u32=2134024192, u64=140606478393344}}}, 128, -1) = 1
17032 <... clock_gettime resumed> {1465918769, 399399663}) = 0
17031 <... write resumed> )             = 2
17033 epoll_wait(5,  <unfinished ...>
17032 select(0, NULL, NULL, NULL, {0, 20} <unfinished ...>
17031 lstat("/home/hmeng/go/src/github.com/opencontainers/runc/Godeps/_workspace/src/github.com/pquerna",  <unfinished ...>
17035 <... select resumed> )            = 0 (Timeout)
17033 <... epoll_wait resumed> {{EPOLLOUT, {u32=2134024192, u64=140606478393344}}}, 128, -1) = 1
17031 <... lstat resumed> {st_mode=S_IFDIR|0775, st_size=19, ...}) = 0
17035 futex(0xc8200f6590, FUTEX_WAIT, 0, NULL <unfinished ...>
17033 epoll_wait(5,  <unfinished ...>
17031 lstat("/home/hmeng/go/src/github.com/opencontainers/runc/Godeps/_workspace/src/github.com/pquerna", {st_mode=S_IFDIR|0775, st_size=19, ...}) = 0
17031 lgetxattr("/home/hmeng/go/src/github.com/opencontainers/runc/Godeps/_workspace/src/github.com/pquerna", "security.capability" <unfinished ...>
17032 <... select resumed> )            = 0 (Timeout)
17032 clock_gettime(CLOCK_MONOTONIC,  <unfinished ...>
17031 <... lgetxattr resumed> , 0xc820454d80, 128) = -1 ENODATA (No data available)
17032 <... clock_gettime resumed> {4903, 615555388}) = 0
17031 openat(AT_FDCWD, "/home/hmeng/go/src/github.com/opencontainers/runc/Godeps/_workspace/src/github.com/pquerna", O_RDONLY|O_CLOEXEC <unfinished ...>
17032 clock_gettime(CLOCK_REALTIME,  <unfinished ...>
17031 <... openat resumed> )            = 7
17032 <... clock_gettime resumed> {1465918769, 399586431}) = 0
17031 getdents64(7,  <unfinished ...>
17032 select(0, NULL, NULL, NULL, {0, 20} <unfinished ...>
17031 <... getdents64 resumed> /* 3 entries */, 4096) = 80
17031 getdents64(7, /* 0 entries */, 4096) = 0
17031 close(7)                          = 0
17031 lstat("/home/hmeng/go/src/github.com/opencontainers/runc/Godeps/_workspace/src/github.com/pquerna/ffjson", {st_mode=S_IFDIR|0775, st_size=45, ...}) = 0
17031 lstat("/home/hmeng/go/src/github.com/opencontainers/runc/Godeps/_workspace/src/github.com/pquerna/ffjson", {st_mode=S_IFDIR|0775, st_size=45, ...}) = 0
17032 <... select resumed> )            = 0 (Timeout)
17031 lgetxattr("/home/hmeng/go/src/github.com/opencontainers/runc/Godeps/_workspace/src/github.com/pquerna/ffjson", "security.capability" <unfinished ...>
17032 clock_gettime(CLOCK_MONOTONIC,  <unfinished ...>
17031 <... lgetxattr resumed> , 0xc820454e00, 128) = -1 ENODATA (No data available)
17032 <... clock_gettime resumed> {4903, 615731306}) = 0
17031 openat(AT_FDCWD, "/home/hmeng/go/src/github.com/opencontainers/runc/Godeps/_workspace/src/github.com/pquerna/ffjson", O_RDONLY|O_CLOEXEC <unfinished ...>
17032 clock_gettime(CLOCK_REALTIME,  <unfinished ...>
17031 <... openat resumed> )            = 7
17032 <... clock_gettime resumed> {1465918769, 399758171}) = 0
17031 getdents64(7,  <unfinished ...>
17032 select(0, NULL, NULL, NULL, {0, 20} <unfinished ...>
17031 <... getdents64 resumed> /* 5 entries */, 4096) = 144
17031 getdents64(7, /* 0 entries */, 4096) = 0
17031 close(7)                          = 0
17031 lstat("/home/hmeng/go/src/github.com/opencontainers/runc/Godeps/_workspace/src/github.com/pquerna/ffjson/LICENSE", {st_mode=S_IFREG|0664, st_size=11358, ...}) = 0
17031 lstat("/home/hmeng/go/src/github.com/opencontainers/runc/Godeps/_workspace/src/github.com/pquerna/ffjson/LICENSE",  <unfinished ...>
17032 <... select resumed> )            = 0 (Timeout)
17031 <... lstat resumed> {st_mode=S_IFREG|0664, st_size=11358, ...}) = 0
17032 clock_gettime(CLOCK_MONOTONIC,  <unfinished ...>
17031 lgetxattr("/home/hmeng/go/src/github.com/opencontainers/runc/Godeps/_workspace/src/github.com/pquerna/ffjson/LICENSE", "security.capability" <unfinished ...>
17032 <... clock_gettime resumed> {4903, 615896267}) = 0
17031 <... lgetxattr resumed> , 0xc820454e80, 128) = -1 ENODATA (No data available)
17032 clock_gettime(CLOCK_REALTIME,  <unfinished ...>
17031 openat(AT_FDCWD, "/home/hmeng/go/src/github.com/opencontainers/runc/Godeps/_workspace/src/github.com/pquerna/ffjson/LICENSE", O_RDONLY|O_CLOEXEC <unfinished ...>
17032 <... clock_gettime resumed> {1465918769, 399923102}) = 0
17031 <... openat resumed> )            = 7
17032 select(0, NULL, NULL, NULL, {0, 20} <unfinished ...>
17031 read(7, "\n                               "..., 32768) = 11358
17031 read(7, "", 21410)                = 0
17031 close(7)                          = 0
17032 <... select resumed> )            = 0 (Timeout)
17031 lstat("/home/hmeng/go/src/github.com/opencontainers/runc/Godeps/_workspace/src/github.com/pquerna/ffjson/NOTICE",  <unfinished ...>
17032 clock_gettime(CLOCK_MONOTONIC,  <unfinished ...>
17031 <... lstat resumed> {st_mode=S_IFREG|0664, st_size=215, ...}) = 0
17032 <... clock_gettime resumed> {4903, 616044254}) = 0
17031 lstat("/home/hmeng/go/src/github.com/opencontainers/runc/Godeps/_workspace/src/github.com/pquerna/ffjson/NOTICE",  <unfinished ...>
17032 clock_gettime(CLOCK_REALTIME,  <unfinished ...>
17031 <... lstat resumed> {st_mode=S_IFREG|0664, st_size=215, ...}) = 0
17032 <... clock_gettime resumed> {1465918769, 400066515}) = 0
17031 lgetxattr("/home/hmeng/go/src/github.com/opencontainers/runc/Godeps/_workspace/src/github.com/pquerna/ffjson/NOTICE", "security.capability" <unfinished ...>
17032 select(0, NULL, NULL, NULL, {0, 20} <unfinished ...>
17031 <... lgetxattr resumed> , 0xc820454f00, 128) = -1 ENODATA (No data available)
17031 openat(AT_FDCWD, "/home/hmeng/go/src/github.com/opencontainers/runc/Godeps/_workspace/src/github.com/pquerna/ffjson/NOTICE", O_RDONLY|O_CLOEXEC) = 7
17031 read(7, "ffjson\nCopyright (c) 2014, Paul "..., 32768) = 215
17031 read(7, "", 32553)                = 0
17031 close(7)                          = 0
17032 <... select resumed> )            = 0 (Timeout)
17031 lstat("/home/hmeng/go/src/github.com/opencontainers/runc/Godeps/_workspace/src/github.com/pquerna/ffjson/fflib",  <unfinished ...>
17032 clock_gettime(CLOCK_MONOTONIC,  <unfinished ...>
17031 <... lstat resumed> {st_mode=S_IFDIR|0775, st_size=15, ...}) = 0
17032 <... clock_gettime resumed> {4903, 616218270}) = 0
17031 lstat("/home/hmeng/go/src/github.com/opencontainers/runc/Godeps/_workspace/src/github.com/pquerna/ffjson/fflib",  <unfinished ...>
17032 clock_gettime(CLOCK_REALTIME,  <unfinished ...>
17031 <... lstat resumed> {st_mode=S_IFDIR|0775, st_size=15, ...}) = 0
17032 <... clock_gettime resumed> {1465918769, 400239354}) = 0
17031 lgetxattr("/home/hmeng/go/src/github.com/opencontainers/runc/Godeps/_workspace/src/github.com/pquerna/ffjson/fflib", "security.capability" <unfinished ...>
17032 select(0, NULL, NULL, NULL, {0, 20} <unfinished ...>
17031 <... lgetxattr resumed> , 0xc820454f80, 128) = -1 ENODATA (No data available)
17031 openat(AT_FDCWD, "/home/hmeng/go/src/github.com/opencontainers/runc/Godeps/_workspace/src/github.com/pquerna/ffjson/fflib", O_RDONLY|O_CLOEXEC) = 7
17031 getdents64(7, /* 3 entries */, 4096) = 72
17031 getdents64(7, /* 0 entries */, 4096) = 0
17031 close(7)                          = 0
17032 <... select resumed> )            = 0 (Timeout)
17031 lstat("/home/hmeng/go/src/github.com/opencontainers/runc/Godeps/_workspace/src/github.com/pquerna/ffjson/fflib/v1",  <unfinished ...>
17032 clock_gettime(CLOCK_MONOTONIC,  <unfinished ...>
17031 <... lstat resumed> {st_mode=S_IFDIR|0775, st_size=4096, ...}) = 0
17032 <... clock_gettime resumed> {4903, 616380134}) = 0
17031 lstat("/home/hmeng/go/src/github.com/opencontainers/runc/Godeps/_workspace/src/github.com/pquerna/ffjson/fflib/v1",  <unfinished ...>
17032 clock_gettime(CLOCK_REALTIME,  <unfinished ...>
17031 <... lstat resumed> {st_mode=S_IFDIR|0775, st_size=4096, ...}) = 0
17032 <... clock_gettime resumed> {1465918769, 400401077}) = 0
17031 lgetxattr("/home/hmeng/go/src/github.com/opencontainers/runc/Godeps/_workspace/src/github.com/pquerna/ffjson/fflib/v1", "security.capability" <unfinished ...>
17032 select(0, NULL, NULL, NULL, {0, 20} <unfinished ...>
17031 <... lgetxattr resumed> , 0xc820455000, 128) = -1 ENODATA (No data available)
17031 openat(AT_FDCWD, "/home/hmeng/go/src/github.com/opencontainers/runc/Godeps/_workspace/src/github.com/pquerna/ffjson/fflib/v1", O_RDONLY|O_CLOEXEC) = 7
17031 getdents64(7, /* 18 entries */, 4096) = 616
17031 getdents64(7, /* 0 entries */, 4096) = 0
17031 close(7 <unfinished ...>
17032 <... select resumed> )            = 0 (Timeout)
17031 <... close resumed> )             = 0
17032 clock_gettime(CLOCK_MONOTONIC,  <unfinished ...>
17031 lstat("/home/hmeng/go/src/github.com/opencontainers/runc/Godeps/_workspace/src/github.com/pquerna/ffjson/fflib/v1/buffer.go",  <unfinished ...>
17032 <... clock_gettime resumed> {4903, 616539308}) = 0
17031 <... lstat resumed> {st_mode=S_IFREG|0664, st_size=12056, ...}) = 0
17032 clock_gettime(CLOCK_REALTIME,  <unfinished ...>
17031 lstat("/home/hmeng/go/src/github.com/opencontainers/runc/Godeps/_workspace/src/github.com/pquerna/ffjson/fflib/v1/buffer.go",  <unfinished ...>
17032 <... clock_gettime resumed> {1465918769, 400561664}) = 0
17031 <... lstat resumed> {st_mode=S_IFREG|0664, st_size=12056, ...}) = 0
17032 select(0, NULL, NULL, NULL, {0, 20} <unfinished ...>
17031 lgetxattr("/home/hmeng/go/src/github.com/opencontainers/runc/Godeps/_workspace/src/github.com/pquerna/ffjson/fflib/v1/buffer.go", "security.capability", 0xc820455380, 128) = -1 ENODATA (No data available)
17031 openat(AT_FDCWD, "/home/hmeng/go/src/github.com/opencontainers/runc/Godeps/_workspace/src/github.com/pquerna/ffjson/fflib/v1/buffer.go", O_RDONLY|O_CLOEXEC) = 7
17031 read(7, "// Copyright 2009 The Go Authors"..., 32768) = 12056
17031 read(7, "", 20712)                = 0
17032 <... select resumed> )            = 0 (Timeout)
17031 close(7 <unfinished ...>
17032 clock_gettime(CLOCK_MONOTONIC,  <unfinished ...>
17031 <... close resumed> )             = 0
17032 <... clock_gettime resumed> {4903, 616699072}) = 0
17031 lstat("/home/hmeng/go/src/github.com/opencontainers/runc/Godeps/_workspace/src/github.com/pquerna/ffjson/fflib/v1/buffer_nopool.go",  <unfinished ...>
17032 clock_gettime(CLOCK_REALTIME,  <unfinished ...>
17031 <... lstat resumed> {st_mode=S_IFREG|0664, st_size=188, ...}) = 0
17032 <... clock_gettime resumed> {1465918769, 400719594}) = 0
17031 lstat("/home/hmeng/go/src/github.com/opencontainers/runc/Godeps/_workspace/src/github.com/pquerna/ffjson/fflib/v1/buffer_nopool.go",  <unfinished ...>
17032 select(0, NULL, NULL, NULL, {0, 20} <unfinished ...>
17031 <... lstat resumed> {st_mode=S_IFREG|0664, st_size=188, ...}) = 0
17031 lgetxattr("/home/hmeng/go/src/github.com/opencontainers/runc/Godeps/_workspace/src/github.com/pquerna/ffjson/fflib/v1/buffer_nopool.go", "security.capability", 0xc820455780, 128) = -1 ENODATA (No data available)
17031 openat(AT_FDCWD, "/home/hmeng/go/src/github.com/opencontainers/runc/Godeps/_workspace/src/github.com/pquerna/ffjson/fflib/v1/buffer_nopool.go", O_RDONLY|O_CLOEXEC) = 7
17031 read(7, "// +build !go1.3\n\npackage v1\n\n//"..., 32768) = 188
17031 read(7,  <unfinished ...>
17032 <... select resumed> )            = 0 (Timeout)
17031 <... read resumed> "", 32580)     = 0
17032 clock_gettime(CLOCK_MONOTONIC,  <unfinished ...>
17031 close(7 <unfinished ...>
17032 <... clock_gettime resumed> {4903, 616863572}) = 0
17031 <... close resumed> )             = 0
17032 clock_gettime(CLOCK_REALTIME,  <unfinished ...>
17031 lstat("/home/hmeng/go/src/github.com/opencontainers/runc/Godeps/_workspace/src/github.com/pquerna/ffjson/fflib/v1/buffer_pool.go",  <unfinished ...>
17032 <... clock_gettime resumed> {1465918769, 400879649}) = 0
17031 <... lstat resumed> {st_mode=S_IFREG|0664, st_size=2368, ...}) = 0
17032 select(0, NULL, NULL, NULL, {0, 20} <unfinished ...>
17031 lstat("/home/hmeng/go/src/github.com/opencontainers/runc/Godeps/_workspace/src/github.com/pquerna/ffjson/fflib/v1/buffer_pool.go", {st_mode=S_IFREG|0664, st_size=2368, ...}) = 0
17031 lgetxattr("/home/hmeng/go/src/github.com/opencontainers/runc/Godeps/_workspace/src/github.com/pquerna/ffjson/fflib/v1/buffer_pool.go", "security.capability", 0xc820455b80, 128) = -1 ENODATA (No data available)
17031 openat(AT_FDCWD, "/home/hmeng/go/src/github.com/opencontainers/runc/Godeps/_workspace/src/github.com/pquerna/ffjson/fflib/v1/buffer_pool.go", O_RDONLY|O_CLOEXEC) = 7
17031 read(7, "// Copyright 2009 The Go Authors"..., 32768) = 2368
17032 <... select resumed> )            = 0 (Timeout)
17031 read(7,  <unfinished ...>
17032 clock_gettime(CLOCK_MONOTONIC,  <unfinished ...>
17031 <... read resumed> "", 30400)     = 0
17032 <... clock_gettime resumed> {4903, 617027190}) = 0
17031 close(7 <unfinished ...>
17032 clock_gettime(CLOCK_REALTIME,  <unfinished ...>
17031 <... close resumed> )             = 0
17032 <... clock_gettime resumed> {1465918769, 401040791}) = 0
17031 lstat("/home/hmeng/go/src/github.com/opencontainers/runc/Godeps/_workspace/src/github.com/pquerna/ffjson/fflib/v1/bytenum.go",  <unfinished ...>
17032 select(0, NULL, NULL, NULL, {0, 20} <unfinished ...>
17031 <... lstat resumed> {st_mode=S_IFREG|0664, st_size=1989, ...}) = 0
17031 lstat("/home/hmeng/go/src/github.com/opencontainers/runc/Godeps/_workspace/src/github.com/pquerna/ffjson/fflib/v1/bytenum.go", {st_mode=S_IFREG|0664, st_size=1989, ...}) = 0
17031 lgetxattr("/home/hmeng/go/src/github.com/opencontainers/runc/Godeps/_workspace/src/github.com/pquerna/ffjson/fflib/v1/bytenum.go", "security.capability", 0xc820455f80, 128) = -1 ENODATA (No data available)
17031 futex(0xc8200f6590, FUTEX_WAKE, 1 <unfinished ...>
17035 <... futex resumed> )             = 0
17031 <... futex resumed> )             = 1
17035 select(0, NULL, NULL, NULL, {0, 100} <unfinished ...>
17032 <... select resumed> )            = 0 (Timeout)
17031 write(6, "8000\r\nrsionPatch, VersionDev)\n\0\0"..., 4096 <unfinished ...>
17032 clock_gettime(CLOCK_MONOTONIC,  <unfinished ...>
17031 <... write resumed> )             = 4096
17032 <... clock_gettime resumed> {4903, 617219874}) = 0
17031 write(6, "or other modifications\n      rep"..., 28678 <unfinished ...>
17032 clock_gettime(CLOCK_REALTIME,  <unfinished ...>
17031 <... write resumed> )             = 28678
17033 <... epoll_wait resumed> {{EPOLLOUT, {u32=2134024192, u64=140606478393344}}}, 128, -1) = 1
17032 <... clock_gettime resumed> {1465918769, 401241734}) = 0
17031 write(6, "\r\n", 2 <unfinished ...>
17033 epoll_wait(5,  <unfinished ...>
17032 select(0, NULL, NULL, NULL, {0, 20} <unfinished ...>
17031 <... write resumed> )             = 2
17033 <... epoll_wait resumed> {{EPOLLOUT, {u32=2134024192, u64=140606478393344}}}, 128, -1) = 1
17031 openat(AT_FDCWD, "/home/hmeng/go/src/github.com/opencontainers/runc/Godeps/_workspace/src/github.com/pquerna/ffjson/fflib/v1/bytenum.go", O_RDONLY|O_CLOEXEC <unfinished ...>
17033 epoll_wait(5,  <unfinished ...>
17031 <... openat resumed> )            = 7
17035 <... select resumed> )            = 0 (Timeout)
17032 <... select resumed> )            = 0 (Timeout)
17035 futex(0xc8200f6590, FUTEX_WAIT, 0, NULL <unfinished ...>
17032 clock_gettime(CLOCK_MONOTONIC,  <unfinished ...>
17031 read(7,  <unfinished ...>
17032 <... clock_gettime resumed> {4903, 617377761}) = 0
17031 <... read resumed> "/**\n *  Copyright 2014 Paul Quer"..., 32768) = 1989
17032 clock_gettime(CLOCK_REALTIME,  <unfinished ...>
17031 read(7,  <unfinished ...>
17032 <... clock_gettime resumed> {1465918769, 401393555}) = 0
17031 <... read resumed> "", 30779)     = 0
17032 select(0, NULL, NULL, NULL, {0, 20} <unfinished ...>
17031 close(7)                          = 0
17031 lstat("/home/hmeng/go/src/github.com/opencontainers/runc/Godeps/_workspace/src/github.com/pquerna/ffjson/fflib/v1/decimal.go", {st_mode=S_IFREG|0664, st_size=8059, ...}) = 0
17031 lstat("/home/hmeng/go/src/github.com/opencontainers/runc/Godeps/_workspace/src/github.com/pquerna/ffjson/fflib/v1/decimal.go", {st_mode=S_IFREG|0664, st_size=8059, ...}) = 0
17031 lgetxattr("/home/hmeng/go/src/github.com/opencontainers/runc/Godeps/_workspace/src/github.com/pquerna/ffjson/fflib/v1/decimal.go", "security.capability", 0xc820464380, 128) = -1 ENODATA (No data available)
17032 <... select resumed> )            = 0 (Timeout)
17031 openat(AT_FDCWD, "/home/hmeng/go/src/github.com/opencontainers/runc/Godeps/_workspace/src/github.com/pquerna/ffjson/fflib/v1/decimal.go", O_RDONLY|O_CLOEXEC <unfinished ...>
17032 clock_gettime(CLOCK_MONOTONIC,  <unfinished ...>
17031 <... openat resumed> )            = 7
17032 <... clock_gettime resumed> {4903, 617537738}) = 0
17031 read(7,  <unfinished ...>
17032 clock_gettime(CLOCK_REALTIME,  <unfinished ...>
17031 <... read resumed> "// Copyright 2009 The Go Authors"..., 32768) = 8059
17032 <... clock_gettime resumed> {1465918769, 401556643}) = 0
17031 read(7,  <unfinished ...>
17032 select(0, NULL, NULL, NULL, {0, 20} <unfinished ...>
17031 <... read resumed> "", 24709)     = 0
17031 close(7)                          = 0
17031 lstat("/home/hmeng/go/src/github.com/opencontainers/runc/Godeps/_workspace/src/github.com/pquerna/ffjson/fflib/v1/extfloat.go", {st_mode=S_IFREG|0664, st_size=20248, ...}) = 0
17031 lstat("/home/hmeng/go/src/github.com/opencontainers/runc/Godeps/_workspace/src/github.com/pquerna/ffjson/fflib/v1/extfloat.go", {st_mode=S_IFREG|0664, st_size=20248, ...}) = 0
17031 lgetxattr("/home/hmeng/go/src/github.com/opencontainers/runc/Godeps/_workspace/src/github.com/pquerna/ffjson/fflib/v1/extfloat.go", "security.capability" <unfinished ...>
17032 <... select resumed> )            = 0 (Timeout)
17031 <... lgetxattr resumed> , 0xc820464780, 128) = -1 ENODATA (No data available)
17032 clock_gettime(CLOCK_MONOTONIC,  <unfinished ...>
17031 openat(AT_FDCWD, "/home/hmeng/go/src/github.com/opencontainers/runc/Godeps/_workspace/src/github.com/pquerna/ffjson/fflib/v1/extfloat.go", O_RDONLY|O_CLOEXEC <unfinished ...>
17032 <... clock_gettime resumed> {4903, 617702151}) = 0
17031 <... openat resumed> )            = 7
17032 clock_gettime(CLOCK_REALTIME,  <unfinished ...>
17031 read(7,  <unfinished ...>
17032 <... clock_gettime resumed> {1465918769, 401723810}) = 0
17031 <... read resumed> "// Copyright 2011 The Go Authors"..., 32768) = 20248
17032 select(0, NULL, NULL, NULL, {0, 20} <unfinished ...>
17031 read(7, "", 12520)                = 0
17031 close(7)                          = 0
17031 lstat("/home/hmeng/go/src/github.com/opencontainers/runc/Godeps/_workspace/src/github.com/pquerna/ffjson/fflib/v1/fold.go", {st_mode=S_IFREG|0664, st_size=2866, ...}) = 0
17031 lstat("/home/hmeng/go/src/github.com/opencontainers/runc/Godeps/_workspace/src/github.com/pquerna/ffjson/fflib/v1/fold.go", {st_mode=S_IFREG|0664, st_size=2866, ...}) = 0
17032 <... select resumed> )            = 0 (Timeout)
17031 lgetxattr("/home/hmeng/go/src/github.com/opencontainers/runc/Godeps/_workspace/src/github.com/pquerna/ffjson/fflib/v1/fold.go", "security.capability" <unfinished ...>
17032 clock_gettime(CLOCK_MONOTONIC,  <unfinished ...>
17031 <... lgetxattr resumed> , 0xc820464b80, 128) = -1 ENODATA (No data available)
17032 <... clock_gettime resumed> {4903, 617879764}) = 0
17031 openat(AT_FDCWD, "/home/hmeng/go/src/github.com/opencontainers/runc/Godeps/_workspace/src/github.com/pquerna/ffjson/fflib/v1/fold.go", O_RDONLY|O_CLOEXEC <unfinished ...>
17032 clock_gettime(CLOCK_REALTIME,  <unfinished ...>
17031 <... openat resumed> )            = 7
17032 <... clock_gettime resumed> {1465918769, 401907597}) = 0
17031 read(7,  <unfinished ...>
17032 select(0, NULL, NULL, NULL, {0, 20} <unfinished ...>
17031 <... read resumed> "/**\n *  Copyright 2014 Paul Quer"..., 32768) = 2866
17031 read(7, "", 29902)                = 0
17031 close(7)                          = 0
17031 futex(0xc8200f6590, FUTEX_WAKE, 1 <unfinished ...>
17035 <... futex resumed> )             = 0
17031 <... futex resumed> )             = 1
17035 select(0, NULL, NULL, NULL, {0, 100} <unfinished ...>
17032 <... select resumed> )            = 0 (Timeout)
17031 write(6, "8000\r\nGodeps/_workspace/src/gith"..., 4096 <unfinished ...>
17032 clock_gettime(CLOCK_MONOTONIC,  <unfinished ...>
17031 <... write resumed> )             = 4096
17033 <... epoll_wait resumed> {{EPOLLOUT, {u32=2134024192, u64=140606478393344}}}, 128, -1) = 1
17032 <... clock_gettime resumed> {4903, 618056442}) = 0
17031 write(6, ".dp])\n\t\tw += copy(buf[w:], a.d[0"..., 28678 <unfinished ...>
17033 epoll_wait(5,  <unfinished ...>
17032 clock_gettime(CLOCK_REALTIME,  <unfinished ...>
17031 <... write resumed> )             = 28678
17033 <... epoll_wait resumed> {{EPOLLOUT, {u32=2134024192, u64=140606478393344}}}, 128, -1) = 1
17032 <... clock_gettime resumed> {1465918769, 402099033}) = 0
17031 write(6, "\r\n", 2 <unfinished ...>
17033 epoll_wait(5,  <unfinished ...>
17032 select(0, NULL, NULL, NULL, {0, 20} <unfinished ...>
17031 <... write resumed> )             = 2
17033 <... epoll_wait resumed> {{EPOLLOUT, {u32=2134024192, u64=140606478393344}}}, 128, -1) = 1
17031 lstat("/home/hmeng/go/src/github.com/opencontainers/runc/Godeps/_workspace/src/github.com/pquerna/ffjson/fflib/v1/ftoa.go",  <unfinished ...>
17035 <... select resumed> )            = 0 (Timeout)
17033 epoll_wait(5,  <unfinished ...>
17032 <... select resumed> )            = 0 (Timeout)
17031 <... lstat resumed> {st_mode=S_IFREG|0664, st_size=12003, ...}) = 0
17035 futex(0xc8200f6590, FUTEX_WAIT, 0, NULL <unfinished ...>
17032 clock_gettime(CLOCK_MONOTONIC,  <unfinished ...>
17031 lstat("/home/hmeng/go/src/github.com/opencontainers/runc/Godeps/_workspace/src/github.com/pquerna/ffjson/fflib/v1/ftoa.go",  <unfinished ...>
17032 <... clock_gettime resumed> {4903, 618231185}) = 0
17031 <... lstat resumed> {st_mode=S_IFREG|0664, st_size=12003, ...}) = 0
17032 clock_gettime(CLOCK_REALTIME,  <unfinished ...>
17031 lgetxattr("/home/hmeng/go/src/github.com/opencontainers/runc/Godeps/_workspace/src/github.com/pquerna/ffjson/fflib/v1/ftoa.go", "security.capability" <unfinished ...>
17032 <... clock_gettime resumed> {1465918769, 402254566}) = 0
17031 <... lgetxattr resumed> , 0xc820464f80, 128) = -1 ENODATA (No data available)
17032 select(0, NULL, NULL, NULL, {0, 20} <unfinished ...>
17031 openat(AT_FDCWD, "/home/hmeng/go/src/github.com/opencontainers/runc/Godeps/_workspace/src/github.com/pquerna/ffjson/fflib/v1/ftoa.go", O_RDONLY|O_CLOEXEC) = 7
17031 read(7, "package v1\n\n/**\n *  Copyright 20"..., 32768) = 12003
17031 read(7, "", 20765)                = 0
17031 close(7)                          = 0
17031 lstat("/home/hmeng/go/src/github.com/opencontainers/runc/Godeps/_workspace/src/github.com/pquerna/ffjson/fflib/v1/internal",  <unfinished ...>
17032 <... select resumed> )            = 0 (Timeout)
17031 <... lstat resumed> {st_mode=S_IFDIR|0775, st_size=66, ...}) = 0
17032 clock_gettime(CLOCK_MONOTONIC,  <unfinished ...>
17031 lstat("/home/hmeng/go/src/github.com/opencontainers/runc/Godeps/_workspace/src/github.com/pquerna/ffjson/fflib/v1/internal",  <unfinished ...>
17032 <... clock_gettime resumed> {4903, 618407421}) = 0
17031 <... lstat resumed> {st_mode=S_IFDIR|0775, st_size=66, ...}) = 0
17032 clock_gettime(CLOCK_REALTIME,  <unfinished ...>
17031 lgetxattr("/home/hmeng/go/src/github.com/opencontainers/runc/Godeps/_workspace/src/github.com/pquerna/ffjson/fflib/v1/internal", "security.capability" <unfinished ...>
17032 <... clock_gettime resumed> {1465918769, 402427179}) = 0
17031 <... lgetxattr resumed> , 0xc820465380, 128) = -1 ENODATA (No data available)
17032 select(0, NULL, NULL, NULL, {0, 20} <unfinished ...>
17031 openat(AT_FDCWD, "/home/hmeng/go/src/github.com/opencontainers/runc/Godeps/_workspace/src/github.com/pquerna/ffjson/fflib/v1/internal", O_RDONLY|O_CLOEXEC) = 7
17031 getdents64(7, /* 6 entries */, 4096) = 176
17031 getdents64(7, /* 0 entries */, 4096) = 0
17031 close(7)                          = 0
17031 lstat("/home/hmeng/go/src/github.com/opencontainers/runc/Godeps/_workspace/src/github.com/pquerna/ffjson/fflib/v1/internal/atof.go",  <unfinished ...>
17032 <... select resumed> )            = 0 (Timeout)
17031 <... lstat resumed> {st_mode=S_IFREG|0664, st_size=20147, ...}) = 0
17032 clock_gettime(CLOCK_MONOTONIC,  <unfinished ...>
17031 lstat("/home/hmeng/go/src/github.com/opencontainers/runc/Godeps/_workspace/src/github.com/pquerna/ffjson/fflib/v1/internal/atof.go",  <unfinished ...>
17032 <... clock_gettime resumed> {4903, 618578392}) = 0
17031 <... lstat resumed> {st_mode=S_IFREG|0664, st_size=20147, ...}) = 0
17032 clock_gettime(CLOCK_REALTIME,  <unfinished ...>
17031 lgetxattr("/home/hmeng/go/src/github.com/opencontainers/runc/Godeps/_workspace/src/github.com/pquerna/ffjson/fflib/v1/internal/atof.go", "security.capability" <unfinished ...>
17032 <... clock_gettime resumed> {1465918769, 402597933}) = 0
17031 <... lgetxattr resumed> , 0xc820465700, 128) = -1 ENODATA (No data available)
17032 select(0, NULL, NULL, NULL, {0, 20} <unfinished ...>
17031 openat(AT_FDCWD, "/home/hmeng/go/src/github.com/opencontainers/runc/Godeps/_workspace/src/github.com/pquerna/ffjson/fflib/v1/internal/atof.go", O_RDONLY|O_CLOEXEC) = 7
17031 read(7, "/**\n *  Copyright 2014 Paul Quer"..., 32768) = 20147
17031 read(7, "", 12621)                = 0
17031 close(7)                          = 0
17031 futex(0xc8200f6590, FUTEX_WAKE, 1 <unfinished ...>
17035 <... futex resumed> )             = 0
17032 <... select resumed> )            = 0 (Timeout)
17031 <... futex resumed> )             = 1
17035 select(0, NULL, NULL, NULL, {0, 100} <unfinished ...>
17032 clock_gettime(CLOCK_MONOTONIC,  <unfinished ...>
17031 write(6, "8000\r\n/**\n *  Copyright 2014 Pau"..., 4096 <unfinished ...>
17032 <... clock_gettime resumed> {4903, 618762539}) = 0
17031 <... write resumed> )             = 4096
17033 <... epoll_wait resumed> {{EPOLLOUT, {u32=2134024192, u64=140606478393344}}}, 128, -1) = 1
17032 clock_gettime(CLOCK_REALTIME,  <unfinished ...>
17031 write(6, " or implied.\n *  See the License"..., 28678 <unfinished ...>
17033 epoll_wait(5,  <unfinished ...>
17032 <... clock_gettime resumed> {1465918769, 402798064}) = 0
17031 <... write resumed> )             = 28678
17033 <... epoll_wait resumed> {{EPOLLOUT, {u32=2134024192, u64=140606478393344}}}, 128, -1) = 1
17032 select(0, NULL, NULL, NULL, {0, 20} <unfinished ...>
17031 write(6, "\r\n", 2 <unfinished ...>
17033 epoll_wait(5,  <unfinished ...>
17031 <... write resumed> )             = 2
17033 <... epoll_wait resumed> {{EPOLLOUT, {u32=2134024192, u64=140606478393344}}}, 128, -1) = 1
17031 lstat("/home/hmeng/go/src/github.com/opencontainers/runc/Godeps/_workspace/src/github.com/pquerna/ffjson/fflib/v1/internal/atoi.go",  <unfinished ...>
17035 <... select resumed> )            = 0 (Timeout)
17033 epoll_wait(5,  <unfinished ...>
17032 <... select resumed> )            = 0 (Timeout)
17031 <... lstat resumed> {st_mode=S_IFREG|0664, st_size=5107, ...}) = 0
17035 futex(0xc8200f6590, FUTEX_WAIT, 0, NULL <unfinished ...>
17032 clock_gettime(CLOCK_MONOTONIC,  <unfinished ...>
17031 lstat("/home/hmeng/go/src/github.com/opencontainers/runc/Godeps/_workspace/src/github.com/pquerna/ffjson/fflib/v1/internal/atoi.go",  <unfinished ...>
17032 <... clock_gettime resumed> {4903, 618955962}) = 0
17031 <... lstat resumed> {st_mode=S_IFREG|0664, st_size=5107, ...}) = 0
17032 clock_gettime(CLOCK_REALTIME,  <unfinished ...>
17031 lgetxattr("/home/hmeng/go/src/github.com/opencontainers/runc/Godeps/_workspace/src/github.com/pquerna/ffjson/fflib/v1/internal/atoi.go", "security.capability" <unfinished ...>
17032 <... clock_gettime resumed> {1465918769, 402975925}) = 0
17031 <... lgetxattr resumed> , 0xc820465a80, 128) = -1 ENODATA (No data available)
17032 select(0, NULL, NULL, NULL, {0, 20} <unfinished ...>
17031 openat(AT_FDCWD, "/home/hmeng/go/src/github.com/opencontainers/runc/Godeps/_workspace/src/github.com/pquerna/ffjson/fflib/v1/internal/atoi.go", O_RDONLY|O_CLOEXEC) = 7
17031 read(7, "/**\n *  Copyright 2014 Paul Quer"..., 32768) = 5107
17031 read(7, "", 27661)                = 0
17031 close(7)                          = 0
17031 lstat("/home/hmeng/go/src/github.com/opencontainers/runc/Godeps/_workspace/src/github.com/pquerna/ffjson/fflib/v1/internal/extfloat.go",  <unfinished ...>
17032 <... select resumed> )            = 0 (Timeout)
17031 <... lstat resumed> {st_mode=S_IFREG|0664, st_size=20254, ...}) = 0
17032 clock_gettime(CLOCK_MONOTONIC,  <unfinished ...>
17031 lstat("/home/hmeng/go/src/github.com/opencontainers/runc/Godeps/_workspace/src/github.com/pquerna/ffjson/fflib/v1/internal/extfloat.go",  <unfinished ...>
17032 <... clock_gettime resumed> {4903, 619135861}) = 0
17031 <... lstat resumed> {st_mode=S_IFREG|0664, st_size=20254, ...}) = 0
17032 clock_gettime(CLOCK_REALTIME,  <unfinished ...>
17031 lgetxattr("/home/hmeng/go/src/github.com/opencontainers/runc/Godeps/_workspace/src/github.com/pquerna/ffjson/fflib/v1/internal/extfloat.go", "security.capability" <unfinished ...>
17032 <... clock_gettime resumed> {1465918769, 403155531}) = 0
17031 <... lgetxattr resumed> , 0xc820465e00, 128) = -1 ENODATA (No data available)
17032 select(0, NULL, NULL, NULL, {0, 20} <unfinished ...>
17031 openat(AT_FDCWD, "/home/hmeng/go/src/github.com/opencontainers/runc/Godeps/_workspace/src/github.com/pquerna/ffjson/fflib/v1/internal/extfloat.go", O_RDONLY|O_CLOEXEC) = 7
17031 read(7, "// Copyright 2011 The Go Authors"..., 32768) = 20254
17031 read(7, "", 12514)                = 0
17031 close(7)                          = 0
17031 lstat("/home/hmeng/go/src/github.com/opencontainers/runc/Godeps/_workspace/src/github.com/pquerna/ffjson/fflib/v1/internal/ftoa.go",  <unfinished ...>
17032 <... select resumed> )            = 0 (Timeout)
17031 <... lstat resumed> {st_mode=S_IFREG|0664, st_size=11361, ...}) = 0
17032 clock_gettime(CLOCK_MONOTONIC,  <unfinished ...>
17031 lstat("/home/hmeng/go/src/github.com/opencontainers/runc/Godeps/_workspace/src/github.com/pquerna/ffjson/fflib/v1/internal/ftoa.go",  <unfinished ...>
17032 <... clock_gettime resumed> {4903, 619308199}) = 0
17031 <... lstat resumed> {st_mode=S_IFREG|0664, st_size=11361, ...}) = 0
17032 clock_gettime(CLOCK_REALTIME,  <unfinished ...>
17031 lgetxattr("/home/hmeng/go/src/github.com/opencontainers/runc/Godeps/_workspace/src/github.com/pquerna/ffjson/fflib/v1/internal/ftoa.go", "security.capability" <unfinished ...>
17032 <... clock_gettime resumed> {1465918769, 403331611}) = 0
17031 <... lgetxattr resumed> , 0xc82046a180, 128) = -1 ENODATA (No data available)
17032 select(0, NULL, NULL, NULL, {0, 20} <unfinished ...>
17031 openat(AT_FDCWD, "/home/hmeng/go/src/github.com/opencontainers/runc/Godeps/_workspace/src/github.com/pquerna/ffjson/fflib/v1/internal/ftoa.go", O_RDONLY|O_CLOEXEC) = 7
17031 read(7, "// Copyright 2009 The Go Authors"..., 32768) = 11361
17031 read(7, "", 21407)                = 0
17031 close(7)                          = 0
17031 futex(0xc8200f6590, FUTEX_WAKE, 1 <unfinished ...>
17032 <... select resumed> )            = 0 (Timeout)
17035 <... futex resumed> )             = 0
17032 clock_gettime(CLOCK_MONOTONIC,  <unfinished ...>
17031 <... futex resumed> )             = 1
17035 select(0, NULL, NULL, NULL, {0, 100} <unfinished ...>
17032 <... clock_gettime resumed> {4903, 619478477}) = 0
17031 write(6, "8000\r\nq 27 | sed 's/^/5^/' | bc "..., 4096 <unfinished ...>
17032 clock_gettime(CLOCK_REALTIME,  <unfinished ...>
17031 <... write resumed> )             = 4096
17032 <... clock_gettime resumed> {1465918769, 403524544}) = 0
17031 write(6, "r i int\n\tn := uint64(0)\n\tfor i ="..., 28678 <unfinished ...>
17033 <... epoll_wait resumed> {{EPOLLOUT, {u32=2134024192, u64=140606478393344}}}, 128, -1) = 1
17032 select(0, NULL, NULL, NULL, {0, 20} <unfinished ...>
17031 <... write resumed> )             = 28678
17033 epoll_wait(5,  <unfinished ...>
17031 write(6, "\r\n", 2 <unfinished ...>
17033 <... epoll_wait resumed> {{EPOLLOUT, {u32=2134024192, u64=140606478393344}}}, 128, -1) = 1
17031 <... write resumed> )             = 2
17033 epoll_wait(5,  <unfinished ...>
17031 lstat("/home/hmeng/go/src/github.com/opencontainers/runc/Godeps/_workspace/src/github.com/pquerna/ffjson/fflib/v1/iota.go",  <unfinished ...>
17033 <... epoll_wait resumed> {{EPOLLOUT, {u32=2134024192, u64=140606478393344}}}, 128, -1) = 1
17031 <... lstat resumed> {st_mode=S_IFREG|0664, st_size=3710, ...}) = 0
17035 <... select resumed> )            = 0 (Timeout)
17033 epoll_wait(5,  <unfinished ...>
17032 <... select resumed> )            = 0 (Timeout)
17031 lstat("/home/hmeng/go/src/github.com/opencontainers/runc/Godeps/_workspace/src/github.com/pquerna/ffjson/fflib/v1/iota.go",  <unfinished ...>
17035 futex(0xc8200f6590, FUTEX_WAIT, 0, NULL <unfinished ...>
17032 clock_gettime(CLOCK_MONOTONIC,  <unfinished ...>
17031 <... lstat resumed> {st_mode=S_IFREG|0664, st_size=3710, ...}) = 0
17032 <... clock_gettime resumed> {4903, 619700894}) = 0
17031 lgetxattr("/home/hmeng/go/src/github.com/opencontainers/runc/Godeps/_workspace/src/github.com/pquerna/ffjson/fflib/v1/iota.go", "security.capability" <unfinished ...>
17032 clock_gettime(CLOCK_REALTIME,  <unfinished ...>
17031 <... lgetxattr resumed> , 0xc82046a580, 128) = -1 ENODATA (No data available)
17032 <... clock_gettime resumed> {1465918769, 403722514}) = 0
17031 openat(AT_FDCWD, "/home/hmeng/go/src/github.com/opencontainers/runc/Godeps/_workspace/src/github.com/pquerna/ffjson/fflib/v1/iota.go", O_RDONLY|O_CLOEXEC <unfinished ...>
17032 select(0, NULL, NULL, NULL, {0, 20} <unfinished ...>
17031 <... openat resumed> )            = 7
17031 read(7, "/**\n *  Copyright 2014 Paul Quer"..., 32768) = 3710
17031 read(7, "", 29058)                = 0
17031 close(7)                          = 0
17031 lstat("/home/hmeng/go/src/github.com/opencontainers/runc/Godeps/_workspace/src/github.com/pquerna/ffjson/fflib/v1/jsonstring.go", {st_mode=S_IFREG|0664, st_size=10067, ...}) = 0
17032 <... select resumed> )            = 0 (Timeout)
17031 lstat("/home/hmeng/go/src/github.com/opencontainers/runc/Godeps/_workspace/src/github.com/pquerna/ffjson/fflib/v1/jsonstring.go",  <unfinished ...>
17032 clock_gettime(CLOCK_MONOTONIC,  <unfinished ...>
17031 <... lstat resumed> {st_mode=S_IFREG|0664, st_size=10067, ...}) = 0
17032 <... clock_gettime resumed> {4903, 619880012}) = 0
17031 lgetxattr("/home/hmeng/go/src/github.com/opencontainers/runc/Godeps/_workspace/src/github.com/pquerna/ffjson/fflib/v1/jsonstring.go", "security.capability" <unfinished ...>
17032 clock_gettime(CLOCK_REALTIME,  <unfinished ...>
17031 <... lgetxattr resumed> , 0xc82046a980, 128) = -1 ENODATA (No data available)
17032 <... clock_gettime resumed> {1465918769, 403901729}) = 0
17031 openat(AT_FDCWD, "/home/hmeng/go/src/github.com/opencontainers/runc/Godeps/_workspace/src/github.com/pquerna/ffjson/fflib/v1/jsonstring.go", O_RDONLY|O_CLOEXEC <unfinished ...>
17032 select(0, NULL, NULL, NULL, {0, 20} <unfinished ...>
17031 <... openat resumed> )            = 7
17031 read(7, "/**\n *  Copyright 2014 Paul Quer"..., 32768) = 10067
17031 read(7, "", 22701)                = 0
17031 close(7)                          = 0
17032 <... select resumed> )            = 0 (Timeout)
17031 lstat("/home/hmeng/go/src/github.com/opencontainers/runc/Godeps/_workspace/src/github.com/pquerna/ffjson/fflib/v1/lexer.go",  <unfinished ...>
17032 clock_gettime(CLOCK_MONOTONIC,  <unfinished ...>
17031 <... lstat resumed> {st_mode=S_IFREG|0664, st_size=22752, ...}) = 0
17032 <... clock_gettime resumed> {4903, 620040791}) = 0
17031 lstat("/home/hmeng/go/src/github.com/opencontainers/runc/Godeps/_workspace/src/github.com/pquerna/ffjson/fflib/v1/lexer.go",  <unfinished ...>
17032 clock_gettime(CLOCK_REALTIME,  <unfinished ...>
17031 <... lstat resumed> {st_mode=S_IFREG|0664, st_size=22752, ...}) = 0
17032 <... clock_gettime resumed> {1465918769, 404063453}) = 0
17031 lgetxattr("/home/hmeng/go/src/github.com/opencontainers/runc/Godeps/_workspace/src/github.com/pquerna/ffjson/fflib/v1/lexer.go", "security.capability" <unfinished ...>
17032 select(0, NULL, NULL, NULL, {0, 20} <unfinished ...>
17031 <... lgetxattr resumed> , 0xc82046ad80, 128) = -1 ENODATA (No data available)
17031 openat(AT_FDCWD, "/home/hmeng/go/src/github.com/opencontainers/runc/Godeps/_workspace/src/github.com/pquerna/ffjson/fflib/v1/lexer.go", O_RDONLY|O_CLOEXEC) = 7
17031 read(7, "/**\n *  Copyright 2014 Paul Quer"..., 32768) = 22752
17031 read(7, "", 10016)                = 0
17031 close(7 <unfinished ...>
17032 <... select resumed> )            = 0 (Timeout)
17031 <... close resumed> )             = 0
17032 clock_gettime(CLOCK_MONOTONIC,  <unfinished ...>
17031 futex(0xc8200f6590, FUTEX_WAKE, 1 <unfinished ...>
17035 <... futex resumed> )             = 0
17032 <... clock_gettime resumed> {4903, 620210080}) = 0
17031 <... futex resumed> )             = 1
17035 select(0, NULL, NULL, NULL, {0, 100} <unfinished ...>
17032 clock_gettime(CLOCK_REALTIME,  <unfinished ...>
17031 write(6, "8000\r\nrge exponents, 'f' otherwi"..., 4096 <unfinished ...>
17032 <... clock_gettime resumed> {1465918769, 404245607}) = 0
17031 <... write resumed> )             = 4096
17032 select(0, NULL, NULL, NULL, {0, 20} <unfinished ...>
17031 write(6, "\treturn fmtF(dst, neg, digs, pre"..., 28678 <unfinished ...>
17033 <... epoll_wait resumed> {{EPOLLOUT, {u32=2134024192, u64=140606478393344}}}, 128, -1) = 1
17031 <... write resumed> )             = 28678
17033 epoll_wait(5,  <unfinished ...>
17031 write(6, "\r\n", 2 <unfinished ...>
17033 <... epoll_wait resumed> {{EPOLLOUT, {u32=2134024192, u64=140606478393344}}}, 128, -1) = 1
17031 <... write resumed> )             = 2
17033 epoll_wait(5,  <unfinished ...>
17031 lstat("/home/hmeng/go/src/github.com/opencontainers/runc/Godeps/_workspace/src/github.com/pquerna/ffjson/fflib/v1/reader.go",  <unfinished ...>
17035 <... select resumed> )            = 0 (Timeout)
17033 <... epoll_wait resumed> {{EPOLLOUT, {u32=2134024192, u64=140606478393344}}}, 128, -1) = 1
17032 <... select resumed> )            = 0 (Timeout)
17031 <... lstat resumed> {st_mode=S_IFREG|0664, st_size=9160, ...}) = 0
17035 futex(0xc8200f6590, FUTEX_WAIT, 0, NULL <unfinished ...>
17033 epoll_wait(5,  <unfinished ...>
17032 clock_gettime(CLOCK_MONOTONIC,  <unfinished ...>
17031 lstat("/home/hmeng/go/src/github.com/opencontainers/runc/Godeps/_workspace/src/github.com/pquerna/ffjson/fflib/v1/reader.go",  <unfinished ...>
17032 <... clock_gettime resumed> {4903, 620438744}) = 0
17031 <... lstat resumed> {st_mode=S_IFREG|0664, st_size=9160, ...}) = 0
17032 clock_gettime(CLOCK_REALTIME,  <unfinished ...>
17031 lgetxattr("/home/hmeng/go/src/github.com/opencontainers/runc/Godeps/_workspace/src/github.com/pquerna/ffjson/fflib/v1/reader.go", "security.capability" <unfinished ...>
17032 <... clock_gettime resumed> {1465918769, 404461797}) = 0
17031 <... lgetxattr resumed> , 0xc82046b180, 128) = -1 ENODATA (No data available)
17032 select(0, NULL, NULL, NULL, {0, 20} <unfinished ...>
17031 openat(AT_FDCWD, "/home/hmeng/go/src/github.com/opencontainers/runc/Godeps/_workspace/src/github.com/pquerna/ffjson/fflib/v1/reader.go", O_RDONLY|O_CLOEXEC) = 7
17031 read(7, "/**\n *  Copyright 2014 Paul Quer"..., 32768) = 9160
17031 read(7, "", 23608)                = 0
17031 close(7)                          = 0
17031 lstat("/home/hmeng/go/src/github.com/opencontainers/runc/Godeps/_workspace/src/github.com/pquerna/ffjson/fflib/v1/reader_scan_amd64.go",  <unfinished ...>
17032 <... select resumed> )            = 0 (Timeout)
17031 <... lstat resumed> {st_mode=S_IFREG|0664, st_size=1065, ...}) = 0
17032 clock_gettime(CLOCK_MONOTONIC,  <unfinished ...>
17031 lstat("/home/hmeng/go/src/github.com/opencontainers/runc/Godeps/_workspace/src/github.com/pquerna/ffjson/fflib/v1/reader_scan_amd64.go",  <unfinished ...>
17032 <... clock_gettime resumed> {4903, 620612962}) = 0
17031 <... lstat resumed> {st_mode=S_IFREG|0664, st_size=1065, ...}) = 0
17032 clock_gettime(CLOCK_REALTIME,  <unfinished ...>
17031 lgetxattr("/home/hmeng/go/src/github.com/opencontainers/runc/Godeps/_workspace/src/github.com/pquerna/ffjson/fflib/v1/reader_scan_amd64.go", "security.capability" <unfinished ...>
17032 <... clock_gettime resumed> {1465918769, 404632819}) = 0
17031 <... lgetxattr resumed> , 0xc82046b580, 128) = -1 ENODATA (No data available)
17032 select(0, NULL, NULL, NULL, {0, 20} <unfinished ...>
17031 openat(AT_FDCWD, "/home/hmeng/go/src/github.com/opencontainers/runc/Godeps/_workspace/src/github.com/pquerna/ffjson/fflib/v1/reader_scan_amd64.go", O_RDONLY|O_CLOEXEC) = 7
17031 read(7, "// +build amd64\n// +build !appen"..., 32768) = 1065
17031 read(7, "", 31703)                = 0
17031 close(7)                          = 0
17031 lstat("/home/hmeng/go/src/github.com/opencontainers/runc/Godeps/_workspace/src/github.com/pquerna/ffjson/fflib/v1/reader_scan_amd64.s", {st_mode=S_IFREG|0664, st_size=525, ...}) = 0
17032 <... select resumed> )            = 0 (Timeout)
17032 clock_gettime(CLOCK_MONOTONIC,  <unfinished ...>
17031 lstat("/home/hmeng/go/src/github.com/opencontainers/runc/Godeps/_workspace/src/github.com/pquerna/ffjson/fflib/v1/reader_scan_amd64.s",  <unfinished ...>
17032 <... clock_gettime resumed> {4903, 620778146}) = 0
17031 <... lstat resumed> {st_mode=S_IFREG|0664, st_size=525, ...}) = 0
17032 clock_gettime(CLOCK_REALTIME,  <unfinished ...>
17031 lgetxattr("/home/hmeng/go/src/github.com/opencontainers/runc/Godeps/_workspace/src/github.com/pquerna/ffjson/fflib/v1/reader_scan_amd64.s", "security.capability" <unfinished ...>
17032 <... clock_gettime resumed> {1465918769, 404797332}) = 0
17031 <... lgetxattr resumed> , 0xc82046b980, 128) = -1 ENODATA (No data available)
17032 select(0, NULL, NULL, NULL, {0, 20} <unfinished ...>
17031 openat(AT_FDCWD, "/home/hmeng/go/src/github.com/opencontainers/runc/Godeps/_workspace/src/github.com/pquerna/ffjson/fflib/v1/reader_scan_amd64.s", O_RDONLY|O_CLOEXEC) = 7
17031 read(7, "// +build !appengine\n\n#define NO"..., 32768) = 525
17031 read(7, "", 32243)                = 0
17031 close(7)                          = 0
17031 lstat("/home/hmeng/go/src/github.com/opencontainers/runc/Godeps/_workspace/src/github.com/pquerna/ffjson/fflib/v1/reader_scan_generic.go",  <unfinished ...>
17032 <... select resumed> )            = 0 (Timeout)
17031 <... lstat resumed> {st_mode=S_IFREG|0664, st_size=844, ...}) = 0
17032 clock_gettime(CLOCK_MONOTONIC,  <unfinished ...>
17031 lstat("/home/hmeng/go/src/github.com/opencontainers/runc/Godeps/_workspace/src/github.com/pquerna/ffjson/fflib/v1/reader_scan_generic.go",  <unfinished ...>
17032 <... clock_gettime resumed> {4903, 620980401}) = 0
17031 <... lstat resumed> {st_mode=S_IFREG|0664, st_size=844, ...}) = 0
17032 clock_gettime(CLOCK_REALTIME,  <unfinished ...>
17031 lgetxattr("/home/hmeng/go/src/github.com/opencontainers/runc/Godeps/_workspace/src/github.com/pquerna/ffjson/fflib/v1/reader_scan_generic.go", "security.capability" <unfinished ...>
17032 <... clock_gettime resumed> {1465918769, 405030334}) = 0
17031 <... lgetxattr resumed> , 0xc82046bb00, 128) = -1 ENODATA (No data available)
17032 select(0, NULL, NULL, NULL, {0, 20} <unfinished ...>
17031 openat(AT_FDCWD, "/home/hmeng/go/src/github.com/opencontainers/runc/Godeps/_workspace/src/github.com/pquerna/ffjson/fflib/v1/reader_scan_generic.go", O_RDONLY|O_CLOEXEC) = 7
17031 read(7, "// +build !amd64 appengine\n\n/**\n"..., 32768) = 844
17031 read(7, "", 31924)                = 0
17032 <... select resumed> )            = 0 (Timeout)
17031 close(7 <unfinished ...>
17032 clock_gettime(CLOCK_MONOTONIC,  <unfinished ...>
17031 <... close resumed> )             = 0
17032 <... clock_gettime resumed> {4903, 621213886}) = 0
17031 lstat("/home/hmeng/go/src/github.com/opencontainers/runc/Godeps/_workspace/src/github.com/seccomp",  <unfinished ...>
17032 clock_gettime(CLOCK_REALTIME,  <unfinished ...>
17031 <... lstat resumed> {st_mode=S_IFDIR|0775, st_size=30, ...}) = 0
17032 <... clock_gettime resumed> {1465918769, 405252123}) = 0
17031 lstat("/home/hmeng/go/src/github.com/opencontainers/runc/Godeps/_workspace/src/github.com/seccomp",  <unfinished ...>
17032 select(0, NULL, NULL, NULL, {0, 40} <unfinished ...>
17031 <... lstat resumed> {st_mode=S_IFDIR|0775, st_size=30, ...}) = 0
17031 lgetxattr("/home/hmeng/go/src/github.com/opencontainers/runc/Godeps/_workspace/src/github.com/seccomp", "security.capability", 0xc82046bb80, 128) = -1 ENODATA (No data available)
17031 openat(AT_FDCWD, "/home/hmeng/go/src/github.com/opencontainers/runc/Godeps/_workspace/src/github.com/seccomp", O_RDONLY|O_CLOEXEC) = 7
17032 <... select resumed> )            = 0 (Timeout)
17031 getdents64(7,  <unfinished ...>
17032 clock_gettime(CLOCK_MONOTONIC,  <unfinished ...>
17031 <... getdents64 resumed> /* 3 entries */, 4096) = 88
17032 <... clock_gettime resumed> {4903, 621446133}) = 0
17031 getdents64(7,  <unfinished ...>
17032 clock_gettime(CLOCK_REALTIME,  <unfinished ...>
17031 <... getdents64 resumed> /* 0 entries */, 4096) = 0
17032 <... clock_gettime resumed> {1465918769, 405475181}) = 0
17031 close(7 <unfinished ...>
17032 select(0, NULL, NULL, NULL, {0, 80} <unfinished ...>
17031 <... close resumed> )             = 0
17031 lstat("/home/hmeng/go/src/github.com/opencontainers/runc/Godeps/_workspace/src/github.com/seccomp/libseccomp-golang", {st_mode=S_IFDIR|0775, st_size=76, ...}) = 0
17031 lstat("/home/hmeng/go/src/github.com/opencontainers/runc/Godeps/_workspace/src/github.com/seccomp/libseccomp-golang", {st_mode=S_IFDIR|0775, st_size=76, ...}) = 0
17031 lgetxattr("/home/hmeng/go/src/github.com/opencontainers/runc/Godeps/_workspace/src/github.com/seccomp/libseccomp-golang", "security.capability", 0xc82046bc00, 128) = -1 ENODATA (No data available)
17031 openat(AT_FDCWD, "/home/hmeng/go/src/github.com/opencontainers/runc/Godeps/_workspace/src/github.com/seccomp/libseccomp-golang", O_RDONLY|O_CLOEXEC <unfinished ...>
17032 <... select resumed> )            = 0 (Timeout)
17032 clock_gettime(CLOCK_MONOTONIC,  <unfinished ...>
17031 <... openat resumed> )            = 7
17032 <... clock_gettime resumed> {4903, 621701210}) = 0
17031 getdents64(7,  <unfinished ...>
17032 clock_gettime(CLOCK_REALTIME,  <unfinished ...>
17031 <... getdents64 resumed> /* 6 entries */, 4096) = 184
17032 <... clock_gettime resumed> {1465918769, 405738444}) = 0
17031 getdents64(7,  <unfinished ...>
17032 select(0, NULL, NULL, NULL, {0, 160} <unfinished ...>
17031 <... getdents64 resumed> /* 0 entries */, 4096) = 0
17031 close(7)                          = 0
17031 lstat("/home/hmeng/go/src/github.com/opencontainers/runc/Godeps/_workspace/src/github.com/seccomp/libseccomp-golang/LICENSE", {st_mode=S_IFREG|0664, st_size=1361, ...}) = 0
17031 lstat("/home/hmeng/go/src/github.com/opencontainers/runc/Godeps/_workspace/src/github.com/seccomp/libseccomp-golang/LICENSE", {st_mode=S_IFREG|0664, st_size=1361, ...}) = 0
17031 lgetxattr("/home/hmeng/go/src/github.com/opencontainers/runc/Godeps/_workspace/src/github.com/seccomp/libseccomp-golang/LICENSE", "security.capability", 0xc82046bf00, 128) = -1 ENODATA (No data available)
17031 futex(0xc8200f6590, FUTEX_WAKE, 1 <unfinished ...>
17035 <... futex resumed> )             = 0
17031 <... futex resumed> )             = 1
17035 select(0, NULL, NULL, NULL, {0, 100} <unfinished ...>
17032 <... select resumed> )            = 0 (Timeout)
17031 write(6, "8000\r\nor = err\n\t\t\treturn FFTok_e"..., 4096 <unfinished ...>
17032 clock_gettime(CLOCK_MONOTONIC,  <unfinished ...>
17031 <... write resumed> )             = 4096
17032 <... clock_gettime resumed> {4903, 622077825}) = 0
17031 write(6, "FFTok_right_bracket\n\t\t\t\tif captu"..., 28678 <unfinished ...>
17032 clock_gettime(CLOCK_REALTIME,  <unfinished ...>
17031 <... write resumed> )             = 28678
17033 <... epoll_wait resumed> {{EPOLLOUT, {u32=2134024192, u64=140606478393344}}}, 128, -1) = 1
17032 <... clock_gettime resumed> {1465918769, 406114220}) = 0
17031 write(6, "\r\n", 2 <unfinished ...>
17035 <... select resumed> )            = 0 (Timeout)
17033 epoll_wait(5,  <unfinished ...>
17032 select(0, NULL, NULL, NULL, {0, 320} <unfinished ...>
17031 <... write resumed> )             = 2
17035 select(0, NULL, NULL, NULL, {0, 100} <unfinished ...>
17033 <... epoll_wait resumed> {{EPOLLOUT, {u32=2134024192, u64=140606478393344}}}, 128, -1) = 1
17031 openat(AT_FDCWD, "/home/hmeng/go/src/github.com/opencontainers/runc/Godeps/_workspace/src/github.com/seccomp/libseccomp-golang/LICENSE", O_RDONLY|O_CLOEXEC <unfinished ...>
17033 epoll_wait(5,  <unfinished ...>
17031 <... openat resumed> )            = 7
17031 read(7, "Copyright (c) 2015 Matthew Heon "..., 32768) = 1361
17031 read(7, "", 31407)                = 0
17031 close(7)                          = 0
17031 lstat("/home/hmeng/go/src/github.com/opencontainers/runc/Godeps/_workspace/src/github.com/seccomp/libseccomp-golang/README", {st_mode=S_IFREG|0664, st_size=1102, ...}) = 0
17035 <... select resumed> )            = 0 (Timeout)
17031 lstat("/home/hmeng/go/src/github.com/opencontainers/runc/Godeps/_workspace/src/github.com/seccomp/libseccomp-golang/README",  <unfinished ...>
17035 futex(0xc8200f6590, FUTEX_WAIT, 0, NULL <unfinished ...>
17031 <... lstat resumed> {st_mode=S_IFREG|0664, st_size=1102, ...}) = 0
17031 lgetxattr("/home/hmeng/go/src/github.com/opencontainers/runc/Godeps/_workspace/src/github.com/seccomp/libseccomp-golang/README", "security.capability", 0xc8204c8280, 128) = -1 ENODATA (No data available)
17031 openat(AT_FDCWD, "/home/hmeng/go/src/github.com/opencontainers/runc/Godeps/_workspace/src/github.com/seccomp/libseccomp-golang/README", O_RDONLY|O_CLOEXEC) = 7
17031 read(7, "libseccomp-golang: Go Language B"..., 32768) = 1102
17031 read(7, "", 31666)                = 0
17031 close(7 <unfinished ...>
17032 <... select resumed> )            = 0 (Timeout)
17031 <... close resumed> )             = 0
17032 clock_gettime(CLOCK_MONOTONIC,  <unfinished ...>
17031 lstat("/home/hmeng/go/src/github.com/opencontainers/runc/Godeps/_workspace/src/github.com/seccomp/libseccomp-golang/seccomp.go",  <unfinished ...>
17032 <... clock_gettime resumed> {4903, 622645905}) = 0
17031 <... lstat resumed> {st_mode=S_IFREG|0664, st_size=27134, ...}) = 0
17032 clock_gettime(CLOCK_REALTIME,  <unfinished ...>
17031 lstat("/home/hmeng/go/src/github.com/opencontainers/runc/Godeps/_workspace/src/github.com/seccomp/libseccomp-golang/seccomp.go",  <unfinished ...>
17032 <... clock_gettime resumed> {1465918769, 406691246}) = 0
17031 <... lstat resumed> {st_mode=S_IFREG|0664, st_size=27134, ...}) = 0
17032 select(0, NULL, NULL, NULL, {0, 640} <unfinished ...>
17031 lgetxattr("/home/hmeng/go/src/github.com/opencontainers/runc/Godeps/_workspace/src/github.com/seccomp/libseccomp-golang/seccomp.go", "security.capability", 0xc8204c8600, 128) = -1 ENODATA (No data available)
17031 openat(AT_FDCWD, "/home/hmeng/go/src/github.com/opencontainers/runc/Godeps/_workspace/src/github.com/seccomp/libseccomp-golang/seccomp.go", O_RDONLY|O_CLOEXEC) = 7
17031 read(7, "// +build linux\n\n// Public API s"..., 32768) = 27134
17031 read(7, "", 5634)                 = 0
17031 close(7)                          = 0
17031 lstat("/home/hmeng/go/src/github.com/opencontainers/runc/Godeps/_workspace/src/github.com/seccomp/libseccomp-golang/seccomp_internal.go", {st_mode=S_IFREG|0664, st_size=13001, ...}) = 0
17031 lstat("/home/hmeng/go/src/github.com/opencontainers/runc/Godeps/_workspace/src/github.com/seccomp/libseccomp-golang/seccomp_internal.go", {st_mode=S_IFREG|0664, st_size=13001, ...}) = 0
17031 lgetxattr("/home/hmeng/go/src/github.com/opencontainers/runc/Godeps/_workspace/src/github.com/seccomp/libseccomp-golang/seccomp_internal.go", "security.capability", 0xc8204c8800, 128) = -1 ENODATA (No data available)
17031 openat(AT_FDCWD, "/home/hmeng/go/src/github.com/opencontainers/runc/Godeps/_workspace/src/github.com/seccomp/libseccomp-golang/seccomp_internal.go", O_RDONLY|O_CLOEXEC) = 7
17031 read(7, "// +build linux\n\n// Internal fun"..., 32768) = 13001
17031 read(7, "", 19767)                = 0
17031 close(7)                          = 0
17031 futex(0xc8200f6590, FUTEX_WAKE, 1 <unfinished ...>
17035 <... futex resumed> )             = 0
17031 <... futex resumed> )             = 1
17035 select(0, NULL, NULL, NULL, {0, 100} <unfinished ...>
17031 write(6, "8000\r\nGodeps/_workspace/src/gith"..., 4096) = 4096
17031 write(6, "\0\0\0\0\0\0Godeps/_workspace/src/gith"..., 28678 <unfinished ...>
17033 <... epoll_wait resumed> {{EPOLLOUT, {u32=2134024192, u64=140606478393344}}}, 128, -1) = 1
17031 <... write resumed> )             = 28678
17033 epoll_wait(5,  <unfinished ...>
17031 write(6, "\r\n", 2 <unfinished ...>
17033 <... epoll_wait resumed> {{EPOLLOUT, {u32=2134024192, u64=140606478393344}}}, 128, -1) = 1
17031 <... write resumed> )             = 2
17033 epoll_wait(5,  <unfinished ...>
17035 <... select resumed> )            = 0 (Timeout)
17031 lstat("/home/hmeng/go/src/github.com/opencontainers/runc/Godeps/_workspace/src/github.com/syndtr",  <unfinished ...>
17035 futex(0xc8200f6590, FUTEX_WAIT, 0, NULL <unfinished ...>
17033 <... epoll_wait resumed> {{EPOLLOUT, {u32=2134024192, u64=140606478393344}}}, 128, -1) = 1
17031 <... lstat resumed> {st_mode=S_IFDIR|0775, st_size=25, ...}) = 0
17033 epoll_wait(5,  <unfinished ...>
17031 lstat("/home/hmeng/go/src/github.com/opencontainers/runc/Godeps/_workspace/src/github.com/syndtr",  <unfinished ...>
17032 <... select resumed> )            = 0 (Timeout)
17031 <... lstat resumed> {st_mode=S_IFDIR|0775, st_size=25, ...}) = 0
17032 clock_gettime(CLOCK_MONOTONIC,  <unfinished ...>
17031 lgetxattr("/home/hmeng/go/src/github.com/opencontainers/runc/Godeps/_workspace/src/github.com/syndtr", "security.capability" <unfinished ...>
17032 <... clock_gettime resumed> {4903, 623508390}) = 0
17031 <... lgetxattr resumed> , 0xc8204c8880, 128) = -1 ENODATA (No data available)
17032 clock_gettime(CLOCK_REALTIME,  <unfinished ...>
17031 openat(AT_FDCWD, "/home/hmeng/go/src/github.com/opencontainers/runc/Godeps/_workspace/src/github.com/syndtr", O_RDONLY|O_CLOEXEC <unfinished ...>
17032 <... clock_gettime resumed> {1465918769, 407561813}) = 0
17031 <... openat resumed> )            = 7
17032 select(0, NULL, NULL, NULL, {0, 1280} <unfinished ...>
17031 getdents64(7, /* 3 entries */, 4096) = 80
17031 getdents64(7, /* 0 entries */, 4096) = 0
17031 close(7)                          = 0
17031 lstat("/home/hmeng/go/src/github.com/opencontainers/runc/Godeps/_workspace/src/github.com/syndtr/gocapability", {st_mode=S_IFDIR|0775, st_size=37, ...}) = 0
17031 lstat("/home/hmeng/go/src/github.com/opencontainers/runc/Godeps/_workspace/src/github.com/syndtr/gocapability", {st_mode=S_IFDIR|0775, st_size=37, ...}) = 0
17031 lgetxattr("/home/hmeng/go/src/github.com/opencontainers/runc/Godeps/_workspace/src/github.com/syndtr/gocapability", "security.capability", 0xc8204c8900, 128) = -1 ENODATA (No data available)
17031 openat(AT_FDCWD, "/home/hmeng/go/src/github.com/opencontainers/runc/Godeps/_workspace/src/github.com/syndtr/gocapability", O_RDONLY|O_CLOEXEC) = 7
17031 getdents64(7, /* 4 entries */, 4096) = 112
17031 getdents64(7, /* 0 entries */, 4096) = 0
17031 close(7)                          = 0
17031 lstat("/home/hmeng/go/src/github.com/opencontainers/runc/Godeps/_workspace/src/github.com/syndtr/gocapability/LICENSE", {st_mode=S_IFREG|0664, st_size=1318, ...}) = 0
17031 lstat("/home/hmeng/go/src/github.com/opencontainers/runc/Godeps/_workspace/src/github.com/syndtr/gocapability/LICENSE", {st_mode=S_IFREG|0664, st_size=1318, ...}) = 0
17031 lgetxattr("/home/hmeng/go/src/github.com/opencontainers/runc/Godeps/_workspace/src/github.com/syndtr/gocapability/LICENSE", "security.capability", 0xc8204c8980, 128) = -1 ENODATA (No data available)
17031 openat(AT_FDCWD, "/home/hmeng/go/src/github.com/opencontainers/runc/Godeps/_workspace/src/github.com/syndtr/gocapability/LICENSE", O_RDONLY|O_CLOEXEC) = 7
17031 read(7, "Copyright 2013 Suryandaru Triand"..., 32768) = 1318
17031 read(7, "", 31450)                = 0
17031 close(7)                          = 0
17031 lstat("/home/hmeng/go/src/github.com/opencontainers/runc/Godeps/_workspace/src/github.com/syndtr/gocapability/capability", {st_mode=S_IFDIR|0775, st_size=4096, ...}) = 0
17031 lstat("/home/hmeng/go/src/github.com/opencontainers/runc/Godeps/_workspace/src/github.com/syndtr/gocapability/capability", {st_mode=S_IFDIR|0775, st_size=4096, ...}) = 0
17031 lgetxattr("/home/hmeng/go/src/github.com/opencontainers/runc/Godeps/_workspace/src/github.com/syndtr/gocapability/capability", "security.capability", 0xc8204c8c80, 128) = -1 ENODATA (No data available)
17031 openat(AT_FDCWD, "/home/hmeng/go/src/github.com/opencontainers/runc/Godeps/_workspace/src/github.com/syndtr/gocapability/capability", O_RDONLY|O_CLOEXEC) = 7
17031 getdents64(7, /* 9 entries */, 4096) = 304
17031 getdents64(7, /* 0 entries */, 4096) = 0
17031 close(7)                          = 0
17031 lstat("/home/hmeng/go/src/github.com/opencontainers/runc/Godeps/_workspace/src/github.com/syndtr/gocapability/capability/capability.go", {st_mode=S_IFREG|0664, st_size=2513, ...}) = 0
17031 lstat("/home/hmeng/go/src/github.com/opencontainers/runc/Godeps/_workspace/src/github.com/syndtr/gocapability/capability/capability.go", {st_mode=S_IFREG|0664, st_size=2513, ...}) = 0
17031 lgetxattr("/home/hmeng/go/src/github.com/opencontainers/runc/Godeps/_workspace/src/github.com/syndtr/gocapability/capability/capability.go", "security.capability", 0xc8204c9000, 128) = -1 ENODATA (No data available)
17031 openat(AT_FDCWD, "/home/hmeng/go/src/github.com/opencontainers/runc/Godeps/_workspace/src/github.com/syndtr/gocapability/capability/capability.go", O_RDONLY|O_CLOEXEC) = 7
17031 read(7, "// Copyright (c) 2013, Suryandar"..., 32768) = 2513
17031 read(7, "", 30255)                = 0
17031 close(7)                          = 0
17031 lstat("/home/hmeng/go/src/github.com/opencontainers/runc/Godeps/_workspace/src/github.com/syndtr/gocapability/capability/capability_linux.go", {st_mode=S_IFREG|0664, st_size=11593, ...}) = 0
17031 lstat("/home/hmeng/go/src/github.com/opencontainers/runc/Godeps/_workspace/src/github.com/syndtr/gocapability/capability/capability_linux.go", {st_mode=S_IFREG|0664, st_size=11593, ...}) = 0
17031 lgetxattr("/home/hmeng/go/src/github.com/opencontainers/runc/Godeps/_workspace/src/github.com/syndtr/gocapability/capability/capability_linux.go", "security.capability", 0xc8204c9100, 128) = -1 ENODATA (No data available)
17031 openat(AT_FDCWD, "/home/hmeng/go/src/github.com/opencontainers/runc/Godeps/_workspace/src/github.com/syndtr/gocapability/capability/capability_linux.go", O_RDONLY|O_CLOEXEC) = 7
17031 read(7, "// Copyright (c) 2013, Suryandar"..., 32768) = 11593
17031 read(7, "", 21175)                = 0
17031 close(7)                          = 0
17031 lstat("/home/hmeng/go/src/github.com/opencontainers/runc/Godeps/_workspace/src/github.com/syndtr/gocapability/capability/capability_noop.go", {st_mode=S_IFREG|0664, st_size=432, ...}) = 0
17031 lstat("/home/hmeng/go/src/github.com/opencontainers/runc/Godeps/_workspace/src/github.com/syndtr/gocapability/capability/capability_noop.go", {st_mode=S_IFREG|0664, st_size=432, ...}) = 0
17031 lgetxattr("/home/hmeng/go/src/github.com/opencontainers/runc/Godeps/_workspace/src/github.com/syndtr/gocapability/capability/capability_noop.go", "security.capability", 0xc8204c9180, 128) = -1 ENODATA (No data available)
17031 openat(AT_FDCWD, "/home/hmeng/go/src/github.com/opencontainers/runc/Godeps/_workspace/src/github.com/syndtr/gocapability/capability/capability_noop.go", O_RDONLY|O_CLOEXEC) = 7
17031 read(7, "// Copyright (c) 2013, Suryandar"..., 32768) = 432
17031 read(7, "", 32336)                = 0
17031 close(7)                          = 0
17031 lstat("/home/hmeng/go/src/github.com/opencontainers/runc/Godeps/_workspace/src/github.com/syndtr/gocapability/capability/enum.go", {st_mode=S_IFREG|0664, st_size=8655, ...}) = 0
17031 lstat("/home/hmeng/go/src/github.com/opencontainers/runc/Godeps/_workspace/src/github.com/syndtr/gocapability/capability/enum.go", {st_mode=S_IFREG|0664, st_size=8655, ...}) = 0
17031 lgetxattr("/home/hmeng/go/src/github.com/opencontainers/runc/Godeps/_workspace/src/github.com/syndtr/gocapability/capability/enum.go", "security.capability", 0xc8204c9480, 128) = -1 ENODATA (No data available)
17031 futex(0xc8200f6590, FUTEX_WAKE, 1 <unfinished ...>
17035 <... futex resumed> )             = 0
17031 <... futex resumed> )             = 1
17035 select(0, NULL, NULL, NULL, {0, 100} <unfinished ...>
17031 write(6, "8000\r\nd version of Libseccomp is"..., 4096) = 4096
17031 write(6, "ive\n\tarchEnd   ScmpArch = ArchS3"..., 28678 <unfinished ...>
17033 <... epoll_wait resumed> {{EPOLLOUT, {u32=2134024192, u64=140606478393344}}}, 128, -1) = 1
17032 <... select resumed> )            = 0 (Timeout)
17031 <... write resumed> )             = 28678
17033 epoll_wait(5,  <unfinished ...>
17032 clock_gettime(CLOCK_MONOTONIC,  <unfinished ...>
17031 write(6, "\r\n", 2 <unfinished ...>
17032 <... clock_gettime resumed> {4903, 625034277}) = 0
17031 <... write resumed> )             = 2
17035 <... select resumed> )            = 0 (Timeout)
17033 <... epoll_wait resumed> {{EPOLLOUT, {u32=2134024192, u64=140606478393344}}}, 128, -1) = 1
17032 clock_gettime(CLOCK_REALTIME,  <unfinished ...>
17031 openat(AT_FDCWD, "/home/hmeng/go/src/github.com/opencontainers/runc/Godeps/_workspace/src/github.com/syndtr/gocapability/capability/enum.go", O_RDONLY|O_CLOEXEC <unfinished ...>
17035 futex(0xc8200f6590, FUTEX_WAIT, 0, NULL <unfinished ...>
17033 epoll_wait(5,  <unfinished ...>
17032 <... clock_gettime resumed> {1465918769, 409110500}) = 0
17031 <... openat resumed> )            = 7
17032 select(0, NULL, NULL, NULL, {0, 2560} <unfinished ...>
17031 read(7, "// Copyright (c) 2013, Suryandar"..., 32768) = 8655
17031 read(7, "", 24113)                = 0
17031 close(7)                          = 0
17031 lstat("/home/hmeng/go/src/github.com/opencontainers/runc/Godeps/_workspace/src/github.com/syndtr/gocapability/capability/enum_gen.go", {st_mode=S_IFREG|0664, st_size=2525, ...}) = 0
17031 lstat("/home/hmeng/go/src/github.com/opencontainers/runc/Godeps/_workspace/src/github.com/syndtr/gocapability/capability/enum_gen.go", {st_mode=S_IFREG|0664, st_size=2525, ...}) = 0
17031 lgetxattr("/home/hmeng/go/src/github.com/opencontainers/runc/Godeps/_workspace/src/github.com/syndtr/gocapability/capability/enum_gen.go", "security.capability", 0xc8204c9800, 128) = -1 ENODATA (No data available)
17031 openat(AT_FDCWD, "/home/hmeng/go/src/github.com/opencontainers/runc/Godeps/_workspace/src/github.com/syndtr/gocapability/capability/enum_gen.go", O_RDONLY|O_CLOEXEC) = 7
17031 read(7, "// generated file; DO NOT EDIT -"..., 32768) = 2525
17031 read(7, "", 30243)                = 0
17031 close(7)                          = 0
17031 lstat("/home/hmeng/go/src/github.com/opencontainers/runc/Godeps/_workspace/src/github.com/syndtr/gocapability/capability/enumgen", {st_mode=S_IFDIR|0775, st_size=19, ...}) = 0
17031 lstat("/home/hmeng/go/src/github.com/opencontainers/runc/Godeps/_workspace/src/github.com/syndtr/gocapability/capability/enumgen", {st_mode=S_IFDIR|0775, st_size=19, ...}) = 0
17031 lgetxattr("/home/hmeng/go/src/github.com/opencontainers/runc/Godeps/_workspace/src/github.com/syndtr/gocapability/capability/enumgen", "security.capability", 0xc8204c9b80, 128) = -1 ENODATA (No data available)
17031 openat(AT_FDCWD, "/home/hmeng/go/src/github.com/opencontainers/runc/Godeps/_workspace/src/github.com/syndtr/gocapability/capability/enumgen", O_RDONLY|O_CLOEXEC) = 7
17031 getdents64(7, /* 3 entries */, 4096) = 80
17031 getdents64(7, /* 0 entries */, 4096) = 0
17031 close(7)                          = 0
17031 lstat("/home/hmeng/go/src/github.com/opencontainers/runc/Godeps/_workspace/src/github.com/syndtr/gocapability/capability/enumgen/gen.go", {st_mode=S_IFREG|0664, st_size=2055, ...}) = 0
17031 lstat("/home/hmeng/go/src/github.com/opencontainers/runc/Godeps/_workspace/src/github.com/syndtr/gocapability/capability/enumgen/gen.go", {st_mode=S_IFREG|0664, st_size=2055, ...}) = 0
17031 lgetxattr("/home/hmeng/go/src/github.com/opencontainers/runc/Godeps/_workspace/src/github.com/syndtr/gocapability/capability/enumgen/gen.go", "security.capability", 0xc8204c9e00, 128) = -1 ENODATA (No data available)
17031 openat(AT_FDCWD, "/home/hmeng/go/src/github.com/opencontainers/runc/Godeps/_workspace/src/github.com/syndtr/gocapability/capability/enumgen/gen.go", O_RDONLY|O_CLOEXEC) = 7
17031 read(7, "package main\n\nimport (\n\t\"bytes\"\n"..., 32768) = 2055
17031 read(7, "", 30713)                = 0
17031 close(7)                          = 0
17031 lstat("/home/hmeng/go/src/github.com/opencontainers/runc/Godeps/_workspace/src/github.com/syndtr/gocapability/capability/syscall_linux.go", {st_mode=S_IFREG|0664, st_size=3195, ...}) = 0
17031 lstat("/home/hmeng/go/src/github.com/opencontainers/runc/Godeps/_workspace/src/github.com/syndtr/gocapability/capability/syscall_linux.go", {st_mode=S_IFREG|0664, st_size=3195, ...}) = 0
17031 lgetxattr("/home/hmeng/go/src/github.com/opencontainers/runc/Godeps/_workspace/src/github.com/syndtr/gocapability/capability/syscall_linux.go", "security.capability", 0xc8204c9e80, 128) = -1 ENODATA (No data available)
17031 openat(AT_FDCWD, "/home/hmeng/go/src/github.com/opencontainers/runc/Godeps/_workspace/src/github.com/syndtr/gocapability/capability/syscall_linux.go", O_RDONLY|O_CLOEXEC) = 7
17031 read(7, "// Copyright (c) 2013, Suryandar"..., 32768) = 3195
17031 read(7, "", 29573)                = 0
17031 close(7)                          = 0
17031 lstat("/home/hmeng/go/src/github.com/opencontainers/runc/Godeps/_workspace/src/github.com/urfave", {st_mode=S_IFDIR|0775, st_size=16, ...}) = 0
17031 lstat("/home/hmeng/go/src/github.com/opencontainers/runc/Godeps/_workspace/src/github.com/urfave", {st_mode=S_IFDIR|0775, st_size=16, ...}) = 0
17031 lgetxattr("/home/hmeng/go/src/github.com/opencontainers/runc/Godeps/_workspace/src/github.com/urfave", "security.capability", 0xc8204c9f00, 128) = -1 ENODATA (No data available)
17031 openat(AT_FDCWD, "/home/hmeng/go/src/github.com/opencontainers/runc/Godeps/_workspace/src/github.com/urfave", O_RDONLY|O_CLOEXEC) = 7
17031 getdents64(7, /* 3 entries */, 4096) = 72
17031 getdents64(7, /* 0 entries */, 4096) = 0
17031 close(7)                          = 0
17031 lstat("/home/hmeng/go/src/github.com/opencontainers/runc/Godeps/_workspace/src/github.com/urfave/cli", {st_mode=S_IFDIR|0775, st_size=4096, ...}) = 0
17031 lstat("/home/hmeng/go/src/github.com/opencontainers/runc/Godeps/_workspace/src/github.com/urfave/cli", {st_mode=S_IFDIR|0775, st_size=4096, ...}) = 0
17031 lgetxattr("/home/hmeng/go/src/github.com/opencontainers/runc/Godeps/_workspace/src/github.com/urfave/cli", "security.capability", 0xc8204c9f80, 128) = -1 ENODATA (No data available)
17031 openat(AT_FDCWD, "/home/hmeng/go/src/github.com/opencontainers/runc/Godeps/_workspace/src/github.com/urfave/cli", O_RDONLY|O_CLOEXEC) = 7
17031 getdents64(7, /* 18 entries */, 4096) = 560
17031 getdents64(7, /* 0 entries */, 4096) = 0
17031 close(7)                          = 0
17031 lstat("/home/hmeng/go/src/github.com/opencontainers/runc/Godeps/_workspace/src/github.com/urfave/cli/.gitignore", {st_mode=S_IFREG|0664, st_size=15, ...}) = 0
17031 lstat("/home/hmeng/go/src/github.com/opencontainers/runc/Godeps/_workspace/src/github.com/urfave/cli/.gitignore", {st_mode=S_IFREG|0664, st_size=15, ...}) = 0
17031 lgetxattr("/home/hmeng/go/src/github.com/opencontainers/runc/Godeps/_workspace/src/github.com/urfave/cli/.gitignore", "security.capability", 0xc8204e2000, 128) = -1 ENODATA (No data available)
17031 openat(AT_FDCWD, "/home/hmeng/go/src/github.com/opencontainers/runc/Godeps/_workspace/src/github.com/urfave/cli/.gitignore", O_RDONLY|O_CLOEXEC) = 7
17031 read(7, "*.coverprofile\n", 32768) = 15
17031 read(7, "", 32753)                = 0
17031 close(7)                          = 0
17031 lstat("/home/hmeng/go/src/github.com/opencontainers/runc/Godeps/_workspace/src/github.com/urfave/cli/.travis.yml", {st_mode=S_IFREG|0664, st_size=428, ...}) = 0
17031 lstat("/home/hmeng/go/src/github.com/opencontainers/runc/Godeps/_workspace/src/github.com/urfave/cli/.travis.yml", {st_mode=S_IFREG|0664, st_size=428, ...}) = 0
17031 lgetxattr("/home/hmeng/go/src/github.com/opencontainers/runc/Godeps/_workspace/src/github.com/urfave/cli/.travis.yml", "security.capability", 0xc8204e2080, 128) = -1 ENODATA (No data available)
17031 openat(AT_FDCWD, "/home/hmeng/go/src/github.com/opencontainers/runc/Godeps/_workspace/src/github.com/urfave/cli/.travis.yml", O_RDONLY|O_CLOEXEC) = 7
17031 read(7, "language: go\n\nsudo: false\n\ngo:\n-"..., 32768) = 428
17031 read(7, "", 32340)                = 0
17031 close(7)                          = 0
17031 lstat("/home/hmeng/go/src/github.com/opencontainers/runc/Godeps/_workspace/src/github.com/urfave/cli/CHANGELOG.md", {st_mode=S_IFREG|0664, st_size=10817, ...}) = 0
17031 lstat("/home/hmeng/go/src/github.com/opencontainers/runc/Godeps/_workspace/src/github.com/urfave/cli/CHANGELOG.md", {st_mode=S_IFREG|0664, st_size=10817, ...}) = 0
17031 lgetxattr("/home/hmeng/go/src/github.com/opencontainers/runc/Godeps/_workspace/src/github.com/urfave/cli/CHANGELOG.md", "security.capability", 0xc8204e2100, 128) = -1 ENODATA (No data available)
17031 openat(AT_FDCWD, "/home/hmeng/go/src/github.com/opencontainers/runc/Godeps/_workspace/src/github.com/urfave/cli/CHANGELOG.md", O_RDONLY|O_CLOEXEC) = 7
17031 read(7, "# Change Log\n\n**ATTN**: This pro"..., 32768) = 10817
17031 read(7, "", 21951)                = 0
17031 close(7)                          = 0
17031 futex(0xc8200f6590, FUTEX_WAKE, 1 <unfinished ...>
17035 <... futex resumed> )             = 0
17031 <... futex resumed> )             = 1
17035 select(0, NULL, NULL, NULL, {0, 100} <unfinished ...>
17031 write(6, "8000\r\nGodeps/_workspace/src/gith"..., 4096) = 4096
17031 write(6, "ET_RAW)\n\t// Allow setting TOS (t"..., 28678) = 28678
17033 <... epoll_wait resumed> {{EPOLLOUT, {u32=2134024192, u64=140606478393344}}}, 128, -1) = 1
17033 epoll_wait(5,  <unfinished ...>
17031 write(6, "\r\n", 2 <unfinished ...>
17033 <... epoll_wait resumed> {{EPOLLOUT, {u32=2134024192, u64=140606478393344}}}, 128, -1) = 1
17031 <... write resumed> )             = 2
17033 epoll_wait(5,  <unfinished ...>
17031 lstat("/home/hmeng/go/src/github.com/opencontainers/runc/Godeps/_workspace/src/github.com/urfave/cli/LICENSE",  <unfinished ...>
17035 <... select resumed> )            = 0 (Timeout)
17033 <... epoll_wait resumed> {{EPOLLOUT, {u32=2134024192, u64=140606478393344}}}, 128, -1) = 1
17031 <... lstat resumed> {st_mode=S_IFREG|0664, st_size=1090, ...}) = 0
17035 futex(0xc8200f6590, FUTEX_WAIT, 0, NULL <unfinished ...>
17033 epoll_wait(5,  <unfinished ...>
17031 lstat("/home/hmeng/go/src/github.com/opencontainers/runc/Godeps/_workspace/src/github.com/urfave/cli/LICENSE", {st_mode=S_IFREG|0664, st_size=1090, ...}) = 0
17031 lgetxattr("/home/hmeng/go/src/github.com/opencontainers/runc/Godeps/_workspace/src/github.com/urfave/cli/LICENSE", "security.capability", 0xc8204e2180, 128) = -1 ENODATA (No data available)
17031 openat(AT_FDCWD, "/home/hmeng/go/src/github.com/opencontainers/runc/Godeps/_workspace/src/github.com/urfave/cli/LICENSE", O_RDONLY|O_CLOEXEC) = 7
17031 read(7, "Copyright (C) 2013 Jeremy Saenz\n"..., 32768) = 1090
17031 read(7, "", 31678)                = 0
17031 close(7)                          = 0
17031 lstat("/home/hmeng/go/src/github.com/opencontainers/runc/Godeps/_workspace/src/github.com/urfave/cli/README.md", {st_mode=S_IFREG|0664, st_size=28458, ...}) = 0
17031 lstat("/home/hmeng/go/src/github.com/opencontainers/runc/Godeps/_workspace/src/github.com/urfave/cli/README.md", {st_mode=S_IFREG|0664, st_size=28458, ...}) = 0
17031 lgetxattr("/home/hmeng/go/src/github.com/opencontainers/runc/Godeps/_workspace/src/github.com/urfave/cli/README.md", "security.capability", 0xc8204e2200, 128) = -1 ENODATA (No data available)
17031 openat(AT_FDCWD, "/home/hmeng/go/src/github.com/opencontainers/runc/Godeps/_workspace/src/github.com/urfave/cli/README.md", O_RDONLY|O_CLOEXEC) = 7
17031 read(7, "[![Build Status](https://travis-"..., 32768) = 28458
17031 read(7, "", 4310)                 = 0
17031 close(7)                          = 0
17031 futex(0xc8200f6590, FUTEX_WAKE, 1 <unfinished ...>
17035 <... futex resumed> )             = 0
17031 <... futex resumed> )             = 1
17035 select(0, NULL, NULL, NULL, {0, 100} <unfinished ...>
17031 write(6, "8000\r\nd]: https://github.com/urf"..., 4096) = 4096
17033 <... epoll_wait resumed> {{EPOLLOUT, {u32=2134024192, u64=140606478393344}}}, 128, -1) = 1
17031 write(6, "\0\0\0\0\0\0Godeps/_workspace/src/gith"..., 28678 <unfinished ...>
17033 epoll_wait(5,  <unfinished ...>
17031 <... write resumed> )             = 28678
17033 <... epoll_wait resumed> {{EPOLLOUT, {u32=2134024192, u64=140606478393344}}}, 128, -1) = 1
17031 write(6, "\r\n", 2 <unfinished ...>
17033 epoll_wait(5,  <unfinished ...>
17031 <... write resumed> )             = 2
17033 <... epoll_wait resumed> {{EPOLLOUT, {u32=2134024192, u64=140606478393344}}}, 128, -1) = 1
17031 lstat("/home/hmeng/go/src/github.com/opencontainers/runc/Godeps/_workspace/src/github.com/urfave/cli/app.go",  <unfinished ...>
17035 <... select resumed> )            = 0 (Timeout)
17033 epoll_wait(5,  <unfinished ...>
17031 <... lstat resumed> {st_mode=S_IFREG|0664, st_size=12170, ...}) = 0
17035 futex(0xc8200f6590, FUTEX_WAIT, 0, NULL <unfinished ...>
17031 lstat("/home/hmeng/go/src/github.com/opencontainers/runc/Godeps/_workspace/src/github.com/urfave/cli/app.go", {st_mode=S_IFREG|0664, st_size=12170, ...}) = 0
17031 lgetxattr("/home/hmeng/go/src/github.com/opencontainers/runc/Godeps/_workspace/src/github.com/urfave/cli/app.go", "security.capability", 0xc8204e2280, 128) = -1 ENODATA (No data available)
17031 openat(AT_FDCWD, "/home/hmeng/go/src/github.com/opencontainers/runc/Godeps/_workspace/src/github.com/urfave/cli/app.go", O_RDONLY|O_CLOEXEC <unfinished ...>
17032 <... select resumed> )            = 0 (Timeout)
17031 <... openat resumed> )            = 7
17032 clock_gettime(CLOCK_MONOTONIC,  <unfinished ...>
17031 read(7,  <unfinished ...>
17032 <... clock_gettime resumed> {4903, 627858925}) = 0
17031 <... read resumed> "package cli\n\nimport (\n\t\"fmt\"\n\t\"i"..., 32768) = 12170
17032 clock_gettime(CLOCK_REALTIME,  <unfinished ...>
17031 read(7,  <unfinished ...>
17032 <... clock_gettime resumed> {1465918769, 411890164}) = 0
17031 <... read resumed> "", 20598)     = 0
17032 select(0, NULL, NULL, NULL, {0, 5120} <unfinished ...>
17031 close(7)                          = 0
17031 lstat("/home/hmeng/go/src/github.com/opencontainers/runc/Godeps/_workspace/src/github.com/urfave/cli/appveyor.yml", {st_mode=S_IFREG|0664, st_size=449, ...}) = 0
17031 lstat("/home/hmeng/go/src/github.com/opencontainers/runc/Godeps/_workspace/src/github.com/urfave/cli/appveyor.yml", {st_mode=S_IFREG|0664, st_size=449, ...}) = 0
17031 lgetxattr("/home/hmeng/go/src/github.com/opencontainers/runc/Godeps/_workspace/src/github.com/urfave/cli/appveyor.yml", "security.capability", 0xc8204e2300, 128) = -1 ENODATA (No data available)
17031 openat(AT_FDCWD, "/home/hmeng/go/src/github.com/opencontainers/runc/Godeps/_workspace/src/github.com/urfave/cli/appveyor.yml", O_RDONLY|O_CLOEXEC) = 7
17031 read(7, "version: \"{build}\"\n\nos: Windows "..., 32768) = 449
17031 read(7, "", 32319)                = 0
17031 close(7)                          = 0
17031 lstat("/home/hmeng/go/src/github.com/opencontainers/runc/Godeps/_workspace/src/github.com/urfave/cli/category.go", {st_mode=S_IFREG|0664, st_size=1089, ...}) = 0
17031 lstat("/home/hmeng/go/src/github.com/opencontainers/runc/Godeps/_workspace/src/github.com/urfave/cli/category.go", {st_mode=S_IFREG|0664, st_size=1089, ...}) = 0
17031 lgetxattr("/home/hmeng/go/src/github.com/opencontainers/runc/Godeps/_workspace/src/github.com/urfave/cli/category.go", "security.capability", 0xc8204e2380, 128) = -1 ENODATA (No data available)
17031 openat(AT_FDCWD, "/home/hmeng/go/src/github.com/opencontainers/runc/Godeps/_workspace/src/github.com/urfave/cli/category.go", O_RDONLY|O_CLOEXEC) = 7
17031 read(7, "package cli\n\n// CommandCategorie"..., 32768) = 1089
17031 read(7, "", 31679)                = 0
17031 close(7)                          = 0
17031 lstat("/home/hmeng/go/src/github.com/opencontainers/runc/Godeps/_workspace/src/github.com/urfave/cli/cli.go", {st_mode=S_IFREG|0664, st_size=613, ...}) = 0
17031 lstat("/home/hmeng/go/src/github.com/opencontainers/runc/Godeps/_workspace/src/github.com/urfave/cli/cli.go", {st_mode=S_IFREG|0664, st_size=613, ...}) = 0
17031 lgetxattr("/home/hmeng/go/src/github.com/opencontainers/runc/Godeps/_workspace/src/github.com/urfave/cli/cli.go", "security.capability", 0xc8204e2400, 128) = -1 ENODATA (No data available)
17031 openat(AT_FDCWD, "/home/hmeng/go/src/github.com/opencontainers/runc/Godeps/_workspace/src/github.com/urfave/cli/cli.go", O_RDONLY|O_CLOEXEC) = 7
17031 read(7, "// Package cli provides a minima"..., 32768) = 613
17031 read(7, "", 32155)                = 0
17031 close(7)                          = 0
17031 lstat("/home/hmeng/go/src/github.com/opencontainers/runc/Godeps/_workspace/src/github.com/urfave/cli/command.go", {st_mode=S_IFREG|0664, st_size=6679, ...}) = 0
17031 lstat("/home/hmeng/go/src/github.com/opencontainers/runc/Godeps/_workspace/src/github.com/urfave/cli/command.go", {st_mode=S_IFREG|0664, st_size=6679, ...}) = 0
17031 lgetxattr("/home/hmeng/go/src/github.com/opencontainers/runc/Godeps/_workspace/src/github.com/urfave/cli/command.go", "security.capability", 0xc8204e2480, 128) = -1 ENODATA (No data available)
17031 openat(AT_FDCWD, "/home/hmeng/go/src/github.com/opencontainers/runc/Godeps/_workspace/src/github.com/urfave/cli/command.go", O_RDONLY|O_CLOEXEC) = 7
17031 read(7, "package cli\n\nimport (\n\t\"fmt\"\n\t\"i"..., 32768) = 6679
17031 read(7, "", 26089)                = 0
17031 close(7)                          = 0
17031 lstat("/home/hmeng/go/src/github.com/opencontainers/runc/Godeps/_workspace/src/github.com/urfave/cli/context.go", {st_mode=S_IFREG|0664, st_size=10577, ...}) = 0
17031 lstat("/home/hmeng/go/src/github.com/opencontainers/runc/Godeps/_workspace/src/github.com/urfave/cli/context.go", {st_mode=S_IFREG|0664, st_size=10577, ...}) = 0
17031 lgetxattr("/home/hmeng/go/src/github.com/opencontainers/runc/Godeps/_workspace/src/github.com/urfave/cli/context.go", "security.capability", 0xc8204e2500, 128) = -1 ENODATA (No data available)
17031 openat(AT_FDCWD, "/home/hmeng/go/src/github.com/opencontainers/runc/Godeps/_workspace/src/github.com/urfave/cli/context.go", O_RDONLY|O_CLOEXEC) = 7
17031 read(7, "package cli\n\nimport (\n\t\"errors\"\n"..., 32768) = 10577
17031 read(7, "", 22191)                = 0
17031 close(7)                          = 0
17031 futex(0xc8200f6590, FUTEX_WAKE, 1 <unfinished ...>
17035 <... futex resumed> )             = 0
17031 <... futex resumed> )             = 1
17035 select(0, NULL, NULL, NULL, {0, 100} <unfinished ...>
17031 write(6, "8000\r\nge others pull requests. I"..., 4096) = 4096
17031 write(6, "r io.Writer\n\t// Other custom inf"..., 28678 <unfinished ...>
17033 <... epoll_wait resumed> {{EPOLLOUT, {u32=2134024192, u64=140606478393344}}}, 128, -1) = 1
17031 <... write resumed> )             = 28678
17033 epoll_wait(5,  <unfinished ...>
17031 write(6, "\r\n", 2 <unfinished ...>
17033 <... epoll_wait resumed> {{EPOLLOUT, {u32=2134024192, u64=140606478393344}}}, 128, -1) = 1
17031 <... write resumed> )             = 2
17033 epoll_wait(5,  <unfinished ...>
17031 lstat("/home/hmeng/go/src/github.com/opencontainers/runc/Godeps/_workspace/src/github.com/urfave/cli/errors.go",  <unfinished ...>
17035 <... select resumed> )            = 0 (Timeout)
17033 <... epoll_wait resumed> {{EPOLLOUT, {u32=2134024192, u64=140606478393344}}}, 128, -1) = 1
17031 <... lstat resumed> {st_mode=S_IFREG|0664, st_size=2144, ...}) = 0
17035 futex(0xc8200f6590, FUTEX_WAIT, 0, NULL <unfinished ...>
17033 epoll_wait(5,  <unfinished ...>
17031 lstat("/home/hmeng/go/src/github.com/opencontainers/runc/Godeps/_workspace/src/github.com/urfave/cli/errors.go", {st_mode=S_IFREG|0664, st_size=2144, ...}) = 0
17031 lgetxattr("/home/hmeng/go/src/github.com/opencontainers/runc/Godeps/_workspace/src/github.com/urfave/cli/errors.go", "security.capability", 0xc8204e2580, 128) = -1 ENODATA (No data available)
17031 openat(AT_FDCWD, "/home/hmeng/go/src/github.com/opencontainers/runc/Godeps/_workspace/src/github.com/urfave/cli/errors.go", O_RDONLY|O_CLOEXEC) = 7
17031 read(7, "package cli\n\nimport (\n\t\"fmt\"\n\t\"i"..., 32768) = 2144
17031 read(7, "", 30624)                = 0
17031 close(7)                          = 0
17031 lstat("/home/hmeng/go/src/github.com/opencontainers/runc/Godeps/_workspace/src/github.com/urfave/cli/flag.go", {st_mode=S_IFREG|0664, st_size=15419, ...}) = 0
17031 lstat("/home/hmeng/go/src/github.com/opencontainers/runc/Godeps/_workspace/src/github.com/urfave/cli/flag.go", {st_mode=S_IFREG|0664, st_size=15419, ...}) = 0
17031 lgetxattr("/home/hmeng/go/src/github.com/opencontainers/runc/Godeps/_workspace/src/github.com/urfave/cli/flag.go", "security.capability", 0xc8204e2600, 128) = -1 ENODATA (No data available)
17031 openat(AT_FDCWD, "/home/hmeng/go/src/github.com/opencontainers/runc/Godeps/_workspace/src/github.com/urfave/cli/flag.go", O_RDONLY|O_CLOEXEC) = 7
17031 read(7, "package cli\n\nimport (\n\t\"flag\"\n\t\""..., 32768) = 15419
17031 read(7, "", 17349)                = 0
17031 close(7)                          = 0
17031 lstat("/home/hmeng/go/src/github.com/opencontainers/runc/Godeps/_workspace/src/github.com/urfave/cli/funcs.go", {st_mode=S_IFREG|0664, st_size=1264, ...}) = 0
17031 lstat("/home/hmeng/go/src/github.com/opencontainers/runc/Godeps/_workspace/src/github.com/urfave/cli/funcs.go", {st_mode=S_IFREG|0664, st_size=1264, ...}) = 0
17031 lgetxattr("/home/hmeng/go/src/github.com/opencontainers/runc/Godeps/_workspace/src/github.com/urfave/cli/funcs.go", "security.capability", 0xc8204e2680, 128) = -1 ENODATA (No data available)
17031 openat(AT_FDCWD, "/home/hmeng/go/src/github.com/opencontainers/runc/Godeps/_workspace/src/github.com/urfave/cli/funcs.go", O_RDONLY|O_CLOEXEC) = 7
17031 read(7, "package cli\n\n// BashCompleteFunc"..., 32768) = 1264
17031 read(7, "", 31504)                = 0
17031 close(7)                          = 0
17031 lstat("/home/hmeng/go/src/github.com/opencontainers/runc/Godeps/_workspace/src/github.com/urfave/cli/help.go", {st_mode=S_IFREG|0664, st_size=6755, ...}) = 0
17031 lstat("/home/hmeng/go/src/github.com/opencontainers/runc/Godeps/_workspace/src/github.com/urfave/cli/help.go", {st_mode=S_IFREG|0664, st_size=6755, ...}) = 0
17031 lgetxattr("/home/hmeng/go/src/github.com/opencontainers/runc/Godeps/_workspace/src/github.com/urfave/cli/help.go", "security.capability", 0xc8204e2700, 128) = -1 ENODATA (No data available)
17031 openat(AT_FDCWD, "/home/hmeng/go/src/github.com/opencontainers/runc/Godeps/_workspace/src/github.com/urfave/cli/help.go", O_RDONLY|O_CLOEXEC) = 7
17031 read(7, "package cli\n\nimport (\n\t\"fmt\"\n\t\"i"..., 32768) = 6755
17031 read(7, "", 26013)                = 0
17031 close(7)                          = 0
17031 futex(0xc8200f6590, FUTEX_WAKE, 1 <unfinished ...>
17035 <... futex resumed> )             = 0
17031 <... futex resumed> )             = 1
17035 select(0, NULL, NULL, NULL, {0, 100} <unfinished ...>
17031 write(6, "8000\r\nthe context.\nfunc (c *Cont"..., 4096) = 4096
17031 write(6, "\0\0\0\0\0\0Godeps/_workspace/src/gith"..., 28678 <unfinished ...>
17033 <... epoll_wait resumed> {{EPOLLOUT, {u32=2134024192, u64=140606478393344}}}, 128, -1) = 1
17031 <... write resumed> )             = 28678
17033 epoll_wait(5,  <unfinished ...>
17031 write(6, "\r\n", 2 <unfinished ...>
17033 <... epoll_wait resumed> {{EPOLLOUT, {u32=2134024192, u64=140606478393344}}}, 128, -1) = 1
17031 <... write resumed> )             = 2
17033 epoll_wait(5,  <unfinished ...>
17031 lstat("/home/hmeng/go/src/github.com/opencontainers/runc/Godeps/_workspace/src/github.com/urfave/cli/runtests",  <unfinished ...>
17035 <... select resumed> )            = 0 (Timeout)
17035 futex(0xc8200f6590, FUTEX_WAIT, 0, NULL <unfinished ...>
17033 <... epoll_wait resumed> {{EPOLLOUT, {u32=2134024192, u64=140606478393344}}}, 128, -1) = 1
17031 <... lstat resumed> {st_mode=S_IFREG|0775, st_size=2293, ...}) = 0
17033 epoll_wait(5,  <unfinished ...>
17031 lstat("/home/hmeng/go/src/github.com/opencontainers/runc/Godeps/_workspace/src/github.com/urfave/cli/runtests", {st_mode=S_IFREG|0775, st_size=2293, ...}) = 0
17031 lgetxattr("/home/hmeng/go/src/github.com/opencontainers/runc/Godeps/_workspace/src/github.com/urfave/cli/runtests", "security.capability", 0xc8204e2780, 128) = -1 ENODATA (No data available)
17031 openat(AT_FDCWD, "/home/hmeng/go/src/github.com/opencontainers/runc/Godeps/_workspace/src/github.com/urfave/cli/runtests", O_RDONLY|O_CLOEXEC) = 7
17031 read(7, "#!/usr/bin/env python\nfrom __fut"..., 32768) = 2293
17031 read(7, "", 30475)                = 0
17031 close(7)                          = 0
17031 lstat("/home/hmeng/go/src/github.com/opencontainers/runc/Godeps/_workspace/src/github.com/vishvananda", {st_mode=S_IFDIR|0775, st_size=20, ...}) = 0
17031 lstat("/home/hmeng/go/src/github.com/opencontainers/runc/Godeps/_workspace/src/github.com/vishvananda", {st_mode=S_IFDIR|0775, st_size=20, ...}) = 0
17031 lgetxattr("/home/hmeng/go/src/github.com/opencontainers/runc/Godeps/_workspace/src/github.com/vishvananda", "security.capability", 0xc8204e2800, 128) = -1 ENODATA (No data available)
17031 openat(AT_FDCWD, "/home/hmeng/go/src/github.com/opencontainers/runc/Godeps/_workspace/src/github.com/vishvananda", O_RDONLY|O_CLOEXEC) = 7
17031 getdents64(7, /* 3 entries */, 4096) = 80
17031 getdents64(7, /* 0 entries */, 4096) = 0
17031 close(7)                          = 0
17031 lstat("/home/hmeng/go/src/github.com/opencontainers/runc/Godeps/_workspace/src/github.com/vishvananda/netlink", {st_mode=S_IFDIR|0775, st_size=4096, ...}) = 0
17031 lstat("/home/hmeng/go/src/github.com/opencontainers/runc/Godeps/_workspace/src/github.com/vishvananda/netlink", {st_mode=S_IFDIR|0775, st_size=4096, ...}) = 0
17031 lgetxattr("/home/hmeng/go/src/github.com/opencontainers/runc/Godeps/_workspace/src/github.com/vishvananda/netlink", "security.capability", 0xc8204e2880, 128) = -1 ENODATA (No data available)
17031 openat(AT_FDCWD, "/home/hmeng/go/src/github.com/opencontainers/runc/Godeps/_workspace/src/github.com/vishvananda/netlink", O_RDONLY|O_CLOEXEC) = 7
17031 getdents64(7, /* 28 entries */, 4096) = 976
17031 getdents64(7, /* 0 entries */, 4096) = 0
17031 close(7)                          = 0
17031 lstat("/home/hmeng/go/src/github.com/opencontainers/runc/Godeps/_workspace/src/github.com/vishvananda/netlink/.travis.yml", {st_mode=S_IFREG|0664, st_size=66, ...}) = 0
17031 lstat("/home/hmeng/go/src/github.com/opencontainers/runc/Godeps/_workspace/src/github.com/vishvananda/netlink/.travis.yml", {st_mode=S_IFREG|0664, st_size=66, ...}) = 0
17031 lgetxattr("/home/hmeng/go/src/github.com/opencontainers/runc/Godeps/_workspace/src/github.com/vishvananda/netlink/.travis.yml", "security.capability", 0xc8204e2b80, 128) = -1 ENODATA (No data available)
17031 openat(AT_FDCWD, "/home/hmeng/go/src/github.com/opencontainers/runc/Godeps/_workspace/src/github.com/vishvananda/netlink/.travis.yml", O_RDONLY|O_CLOEXEC) = 7
17031 read(7, "language: go\ninstall:\n      - go"..., 32768) = 66
17031 read(7, "", 32702)                = 0
17031 close(7)                          = 0
17031 lstat("/home/hmeng/go/src/github.com/opencontainers/runc/Godeps/_workspace/src/github.com/vishvananda/netlink/LICENSE", {st_mode=S_IFREG|0664, st_size=10796, ...}) = 0
17031 lstat("/home/hmeng/go/src/github.com/opencontainers/runc/Godeps/_workspace/src/github.com/vishvananda/netlink/LICENSE", {st_mode=S_IFREG|0664, st_size=10796, ...}) = 0
17031 lgetxattr("/home/hmeng/go/src/github.com/opencontainers/runc/Godeps/_workspace/src/github.com/vishvananda/netlink/LICENSE", "security.capability", 0xc8204e2c80, 128) = -1 ENODATA (No data available)
17031 openat(AT_FDCWD, "/home/hmeng/go/src/github.com/opencontainers/runc/Godeps/_workspace/src/github.com/vishvananda/netlink/LICENSE", O_RDONLY|O_CLOEXEC) = 7
17031 read(7, "\n                               "..., 32768) = 10796
17031 read(7, "", 21972)                = 0
17031 close(7)                          = 0
17031 lstat("/home/hmeng/go/src/github.com/opencontainers/runc/Godeps/_workspace/src/github.com/vishvananda/netlink/Makefile", {st_mode=S_IFREG|0664, st_size=687, ...}) = 0
17031 lstat("/home/hmeng/go/src/github.com/opencontainers/runc/Godeps/_workspace/src/github.com/vishvananda/netlink/Makefile", {st_mode=S_IFREG|0664, st_size=687, ...}) = 0
17031 lgetxattr("/home/hmeng/go/src/github.com/opencontainers/runc/Godeps/_workspace/src/github.com/vishvananda/netlink/Makefile", "security.capability", 0xc8204e2d00, 128) = -1 ENODATA (No data available)
17031 openat(AT_FDCWD, "/home/hmeng/go/src/github.com/opencontainers/runc/Godeps/_workspace/src/github.com/vishvananda/netlink/Makefile", O_RDONLY|O_CLOEXEC) = 7
17031 read(7, "DIRS := \\\n\t. \\\n\tnl\n\nDEPS = \\\n\tgi"..., 32768) = 687
17031 read(7, "", 32081)                = 0
17031 close(7)                          = 0
17031 lstat("/home/hmeng/go/src/github.com/opencontainers/runc/Godeps/_workspace/src/github.com/vishvananda/netlink/README.md", {st_mode=S_IFREG|0664, st_size=2959, ...}) = 0
17031 lstat("/home/hmeng/go/src/github.com/opencontainers/runc/Godeps/_workspace/src/github.com/vishvananda/netlink/README.md", {st_mode=S_IFREG|0664, st_size=2959, ...}) = 0
17031 lgetxattr("/home/hmeng/go/src/github.com/opencontainers/runc/Godeps/_workspace/src/github.com/vishvananda/netlink/README.md", "security.capability", 0xc8204e2f00, 128) = -1 ENODATA (No data available)
17031 openat(AT_FDCWD, "/home/hmeng/go/src/github.com/opencontainers/runc/Godeps/_workspace/src/github.com/vishvananda/netlink/README.md", O_RDONLY|O_CLOEXEC) = 7
17031 read(7, "# netlink - netlink library for "..., 32768) = 2959
17031 read(7, "", 29809)                = 0
17031 close(7)                          = 0
17031 lstat("/home/hmeng/go/src/github.com/opencontainers/runc/Godeps/_workspace/src/github.com/vishvananda/netlink/addr.go", {st_mode=S_IFREG|0664, st_size=963, ...}) = 0
17031 lstat("/home/hmeng/go/src/github.com/opencontainers/runc/Godeps/_workspace/src/github.com/vishvananda/netlink/addr.go", {st_mode=S_IFREG|0664, st_size=963, ...}) = 0
17031 lgetxattr("/home/hmeng/go/src/github.com/opencontainers/runc/Godeps/_workspace/src/github.com/vishvananda/netlink/addr.go", "security.capability", 0xc8204e3000, 128) = -1 ENODATA (No data available)
17031 openat(AT_FDCWD, "/home/hmeng/go/src/github.com/opencontainers/runc/Godeps/_workspace/src/github.com/vishvananda/netlink/addr.go", O_RDONLY|O_CLOEXEC) = 7
17031 read(7, "package netlink\n\nimport (\n\t\"fmt\""..., 32768) = 963
17031 read(7, "", 31805)                = 0
17031 close(7)                          = 0
17031 lstat("/home/hmeng/go/src/github.com/opencontainers/runc/Godeps/_workspace/src/github.com/vishvananda/netlink/addr_linux.go", {st_mode=S_IFREG|0664, st_size=3043, ...}) = 0
17031 lstat("/home/hmeng/go/src/github.com/opencontainers/runc/Godeps/_workspace/src/github.com/vishvananda/netlink/addr_linux.go", {st_mode=S_IFREG|0664, st_size=3043, ...}) = 0
17031 lgetxattr("/home/hmeng/go/src/github.com/opencontainers/runc/Godeps/_workspace/src/github.com/vishvananda/netlink/addr_linux.go", "security.capability", 0xc8204e3300, 128) = -1 ENODATA (No data available)
17031 openat(AT_FDCWD, "/home/hmeng/go/src/github.com/opencontainers/runc/Godeps/_workspace/src/github.com/vishvananda/netlink/addr_linux.go", O_RDONLY|O_CLOEXEC) = 7
17031 read(7, "package netlink\n\nimport (\n\t\"fmt\""..., 32768) = 3043
17031 read(7, "", 29725)                = 0
17031 close(7)                          = 0
17031 lstat("/home/hmeng/go/src/github.com/opencontainers/runc/Godeps/_workspace/src/github.com/vishvananda/netlink/filter.go", {st_mode=S_IFREG|0664, st_size=1255, ...}) = 0
17031 lstat("/home/hmeng/go/src/github.com/opencontainers/runc/Godeps/_workspace/src/github.com/vishvananda/netlink/filter.go", {st_mode=S_IFREG|0664, st_size=1255, ...}) = 0
17031 lgetxattr("/home/hmeng/go/src/github.com/opencontainers/runc/Godeps/_workspace/src/github.com/vishvananda/netlink/filter.go", "security.capability", 0xc8204e3580, 128) = -1 ENODATA (No data available)
17031 openat(AT_FDCWD, "/home/hmeng/go/src/github.com/opencontainers/runc/Godeps/_workspace/src/github.com/vishvananda/netlink/filter.go", O_RDONLY|O_CLOEXEC) = 7
17031 read(7, "package netlink\n\nimport (\n\t\"fmt\""..., 32768) = 1255
17031 read(7, "", 31513)                = 0
17031 close(7)                          = 0
17031 lstat("/home/hmeng/go/src/github.com/opencontainers/runc/Godeps/_workspace/src/github.com/vishvananda/netlink/filter_linux.go", {st_mode=S_IFREG|0664, st_size=5061, ...}) = 0
17031 lstat("/home/hmeng/go/src/github.com/opencontainers/runc/Godeps/_workspace/src/github.com/vishvananda/netlink/filter_linux.go", {st_mode=S_IFREG|0664, st_size=5061, ...}) = 0
17031 lgetxattr("/home/hmeng/go/src/github.com/opencontainers/runc/Godeps/_workspace/src/github.com/vishvananda/netlink/filter_linux.go", "security.capability", 0xc8204e3900, 128) = -1 ENODATA (No data available)
17031 openat(AT_FDCWD, "/home/hmeng/go/src/github.com/opencontainers/runc/Godeps/_workspace/src/github.com/vishvananda/netlink/filter_linux.go", O_RDONLY|O_CLOEXEC) = 7
17031 read(7, "package netlink\n\nimport (\n\t\"fmt\""..., 32768) = 5061
17031 read(7, "", 27707)                = 0
17031 close(7)                          = 0
17031 futex(0xc8200f6590, FUTEX_WAKE, 1 <unfinished ...>
17035 <... futex resumed> )             = 0
17031 <... futex resumed> )             = 1
17035 select(0, NULL, NULL, NULL, {0, 100} <unfinished ...>
17031 write(6, "8000\r\n& c.App.EnableBashCompleti"..., 4096) = 4096
17031 write(6, "\0\0\0\0\0\0Godeps/_workspace/src/gith"..., 28678) = 28678
17031 write(6, "\r\n", 2)               = 2
17031 lstat("/home/hmeng/go/src/github.com/opencontainers/runc/Godeps/_workspace/src/github.com/vishvananda/netlink/link.go",  <unfinished ...>
17035 <... select resumed> )            = 0 (Timeout)
17032 <... select resumed> )            = 0 (Timeout)
17031 <... lstat resumed> {st_mode=S_IFREG|0664, st_size=4102, ...}) = 0
17035 futex(0xc8200f6590, FUTEX_WAIT, 0, NULL <unfinished ...>
17032 clock_gettime(CLOCK_MONOTONIC,  <unfinished ...>
17031 lstat("/home/hmeng/go/src/github.com/opencontainers/runc/Godeps/_workspace/src/github.com/vishvananda/netlink/link.go",  <unfinished ...>
17032 <... clock_gettime resumed> {4903, 633180916}) = 0
17031 <... lstat resumed> {st_mode=S_IFREG|0664, st_size=4102, ...}) = 0
17032 clock_gettime(CLOCK_REALTIME,  <unfinished ...>
17031 lgetxattr("/home/hmeng/go/src/github.com/opencontainers/runc/Godeps/_workspace/src/github.com/vishvananda/netlink/link.go", "security.capability" <unfinished ...>
17032 <... clock_gettime resumed> {1465918769, 417221813}) = 0
17031 <... lgetxattr resumed> , 0xc8204e3a00, 128) = -1 ENODATA (No data available)
17032 select(0, NULL, NULL, NULL, {0, 10000} <unfinished ...>
17031 openat(AT_FDCWD, "/home/hmeng/go/src/github.com/opencontainers/runc/Godeps/_workspace/src/github.com/vishvananda/netlink/link.go", O_RDONLY|O_CLOEXEC) = 7
17031 read(7, "package netlink\n\nimport \"net\"\n\n/"..., 32768) = 4102
17031 read(7, "", 28666)                = 0
17031 close(7)                          = 0
17031 lstat("/home/hmeng/go/src/github.com/opencontainers/runc/Godeps/_workspace/src/github.com/vishvananda/netlink/link_linux.go", {st_mode=S_IFREG|0664, st_size=20171, ...}) = 0
17031 lstat("/home/hmeng/go/src/github.com/opencontainers/runc/Godeps/_workspace/src/github.com/vishvananda/netlink/link_linux.go", {st_mode=S_IFREG|0664, st_size=20171, ...}) = 0
17031 lgetxattr("/home/hmeng/go/src/github.com/opencontainers/runc/Godeps/_workspace/src/github.com/vishvananda/netlink/link_linux.go", "security.capability", 0xc8204e3d00, 128) = -1 ENODATA (No data available)
17031 openat(AT_FDCWD, "/home/hmeng/go/src/github.com/opencontainers/runc/Godeps/_workspace/src/github.com/vishvananda/netlink/link_linux.go", O_RDONLY|O_CLOEXEC) = 7
17031 read(7, "package netlink\n\nimport (\n\t\"byte"..., 32768) = 20171
17031 read(7, "", 12597)                = 0
17031 close(7)                          = 0
17031 lstat("/home/hmeng/go/src/github.com/opencontainers/runc/Godeps/_workspace/src/github.com/vishvananda/netlink/neigh.go", {st_mode=S_IFREG|0664, st_size=400, ...}) = 0
17031 lstat("/home/hmeng/go/src/github.com/opencontainers/runc/Godeps/_workspace/src/github.com/vishvananda/netlink/neigh.go", {st_mode=S_IFREG|0664, st_size=400, ...}) = 0
17031 lgetxattr("/home/hmeng/go/src/github.com/opencontainers/runc/Godeps/_workspace/src/github.com/vishvananda/netlink/neigh.go", "security.capability", 0xc8204e3e00, 128) = -1 ENODATA (No data available)
17031 openat(AT_FDCWD, "/home/hmeng/go/src/github.com/opencontainers/runc/Godeps/_workspace/src/github.com/vishvananda/netlink/neigh.go", O_RDONLY|O_CLOEXEC) = 7
17031 read(7, "package netlink\n\nimport (\n\t\"fmt\""..., 32768) = 400
17031 read(7, "", 32368)                = 0
17031 close(7)                          = 0
17031 lstat("/home/hmeng/go/src/github.com/opencontainers/runc/Godeps/_workspace/src/github.com/vishvananda/netlink/neigh_linux.go", {st_mode=S_IFREG|0664, st_size=3962, ...}) = 0
17031 lstat("/home/hmeng/go/src/github.com/opencontainers/runc/Godeps/_workspace/src/github.com/vishvananda/netlink/neigh_linux.go", {st_mode=S_IFREG|0664, st_size=3962, ...}) = 0
17031 lgetxattr("/home/hmeng/go/src/github.com/opencontainers/runc/Godeps/_workspace/src/github.com/vishvananda/netlink/neigh_linux.go", "security.capability", 0xc82048a100, 128) = -1 ENODATA (No data available)
17031 openat(AT_FDCWD, "/home/hmeng/go/src/github.com/opencontainers/runc/Godeps/_workspace/src/github.com/vishvananda/netlink/neigh_linux.go", O_RDONLY|O_CLOEXEC) = 7
17031 read(7, "package netlink\n\nimport (\n\t\"net\""..., 32768) = 3962
17031 read(7, "", 28806)                = 0
17031 close(7)                          = 0
17031 futex(0xc8200f6590, FUTEX_WAKE, 1 <unfinished ...>
17035 <... futex resumed> )             = 0
17031 <... futex resumed> )             = 1
17035 select(0, NULL, NULL, NULL, {0, 100} <unfinished ...>
17031 write(6, "8000\r\n []Filter\n\tfor _, m := ran"..., 4096) = 4096
17031 write(6, "c (device *Device) Attrs() *Link"..., 28678) = 28678
17031 write(6, "\r\n", 2)               = 2
17031 lstat("/home/hmeng/go/src/github.com/opencontainers/runc/Godeps/_workspace/src/github.com/vishvananda/netlink/netlink.go", {st_mode=S_IFREG|0664, st_size=1309, ...}) = 0
17031 lstat("/home/hmeng/go/src/github.com/opencontainers/runc/Godeps/_workspace/src/github.com/vishvananda/netlink/netlink.go", {st_mode=S_IFREG|0664, st_size=1309, ...}) = 0
17031 lgetxattr("/home/hmeng/go/src/github.com/opencontainers/runc/Godeps/_workspace/src/github.com/vishvananda/netlink/netlink.go", "security.capability" <unfinished ...>
17035 <... select resumed> )            = 0 (Timeout)
17035 futex(0xc8200f6590, FUTEX_WAIT, 0, NULL <unfinished ...>
17031 <... lgetxattr resumed> , 0xc82048a480, 128) = -1 ENODATA (No data available)
17033 <... epoll_wait resumed> {{EPOLLOUT, {u32=2134024192, u64=140606478393344}}}, 128, -1) = 1
17031 openat(AT_FDCWD, "/home/hmeng/go/src/github.com/opencontainers/runc/Godeps/_workspace/src/github.com/vishvananda/netlink/netlink.go", O_RDONLY|O_CLOEXEC <unfinished ...>
17033 epoll_wait(5,  <unfinished ...>
17031 <... openat resumed> )            = 7
17031 read(7, "// Package netlink provides a si"..., 32768) = 1309
17031 read(7, "", 31459)                = 0
17031 close(7)                          = 0
17031 lstat("/home/hmeng/go/src/github.com/opencontainers/runc/Godeps/_workspace/src/github.com/vishvananda/netlink/netlink_unspecified.go", {st_mode=S_IFREG|0664, st_size=2586, ...}) = 0
17031 lstat("/home/hmeng/go/src/github.com/opencontainers/runc/Godeps/_workspace/src/github.com/vishvananda/netlink/netlink_unspecified.go", {st_mode=S_IFREG|0664, st_size=2586, ...}) = 0
17031 lgetxattr("/home/hmeng/go/src/github.com/opencontainers/runc/Godeps/_workspace/src/github.com/vishvananda/netlink/netlink_unspecified.go", "security.capability", 0xc82048a800, 128) = -1 ENODATA (No data available)
17031 openat(AT_FDCWD, "/home/hmeng/go/src/github.com/opencontainers/runc/Godeps/_workspace/src/github.com/vishvananda/netlink/netlink_unspecified.go", O_RDONLY|O_CLOEXEC) = 7
17031 read(7, "// +build !linux\n\npackage netlin"..., 32768) = 2586
17031 read(7, "", 30182)                = 0
17031 close(7)                          = 0
17031 lstat("/home/hmeng/go/src/github.com/opencontainers/runc/Godeps/_workspace/src/github.com/vishvananda/netlink/nl", {st_mode=S_IFDIR|0775, st_size=4096, ...}) = 0
17031 lstat("/home/hmeng/go/src/github.com/opencontainers/runc/Godeps/_workspace/src/github.com/vishvananda/netlink/nl", {st_mode=S_IFDIR|0775, st_size=4096, ...}) = 0
17031 lgetxattr("/home/hmeng/go/src/github.com/opencontainers/runc/Godeps/_workspace/src/github.com/vishvananda/netlink/nl", "security.capability", 0xc82048a900, 128) = -1 ENODATA (No data available)
17031 openat(AT_FDCWD, "/home/hmeng/go/src/github.com/opencontainers/runc/Godeps/_workspace/src/github.com/vishvananda/netlink/nl", O_RDONLY|O_CLOEXEC) = 7
17031 getdents64(7, /* 10 entries */, 4096) = 352
17031 getdents64(7, /* 0 entries */, 4096) = 0
17031 close(7)                          = 0
17031 lstat("/home/hmeng/go/src/github.com/opencontainers/runc/Godeps/_workspace/src/github.com/vishvananda/netlink/nl/addr_linux.go", {st_mode=S_IFREG|0664, st_size=937, ...}) = 0
17031 lstat("/home/hmeng/go/src/github.com/opencontainers/runc/Godeps/_workspace/src/github.com/vishvananda/netlink/nl/addr_linux.go", {st_mode=S_IFREG|0664, st_size=937, ...}) = 0
17031 lgetxattr("/home/hmeng/go/src/github.com/opencontainers/runc/Godeps/_workspace/src/github.com/vishvananda/netlink/nl/addr_linux.go", "security.capability", 0xc82048ac00, 128) = -1 ENODATA (No data available)
17033 <... epoll_wait resumed> {{EPOLLOUT, {u32=2134024192, u64=140606478393344}}}, 128, -1) = 1
17031 openat(AT_FDCWD, "/home/hmeng/go/src/github.com/opencontainers/runc/Godeps/_workspace/src/github.com/vishvananda/netlink/nl/addr_linux.go", O_RDONLY|O_CLOEXEC <unfinished ...>
17033 epoll_wait(5,  <unfinished ...>
17031 <... openat resumed> )            = 7
17031 read(7, "package nl\n\nimport (\n\t\"syscall\"\n"..., 32768) = 937
17031 read(7, "", 31831)                = 0
17031 close(7)                          = 0
17031 lstat("/home/hmeng/go/src/github.com/opencontainers/runc/Godeps/_workspace/src/github.com/vishvananda/netlink/nl/link_linux.go", {st_mode=S_IFREG|0664, st_size=1749, ...}) = 0
17031 lstat("/home/hmeng/go/src/github.com/opencontainers/runc/Godeps/_workspace/src/github.com/vishvananda/netlink/nl/link_linux.go", {st_mode=S_IFREG|0664, st_size=1749, ...}) = 0
17031 lgetxattr("/home/hmeng/go/src/github.com/opencontainers/runc/Godeps/_workspace/src/github.com/vishvananda/netlink/nl/link_linux.go", "security.capability", 0xc82048af80, 128) = -1 ENODATA (No data available)
17031 openat(AT_FDCWD, "/home/hmeng/go/src/github.com/opencontainers/runc/Godeps/_workspace/src/github.com/vishvananda/netlink/nl/link_linux.go", O_RDONLY|O_CLOEXEC) = 7
17031 read(7, "package nl\n\nconst (\n\tDEFAULT_CHA"..., 32768) = 1749
17031 read(7, "", 31019)                = 0
17031 close(7)                          = 0
17031 lstat("/home/hmeng/go/src/github.com/opencontainers/runc/Godeps/_workspace/src/github.com/vishvananda/netlink/nl/nl_linux.go", {st_mode=S_IFREG|0664, st_size=9435, ...}) = 0
17031 lstat("/home/hmeng/go/src/github.com/opencontainers/runc/Godeps/_workspace/src/github.com/vishvananda/netlink/nl/nl_linux.go", {st_mode=S_IFREG|0664, st_size=9435, ...}) = 0
17031 lgetxattr("/home/hmeng/go/src/github.com/opencontainers/runc/Godeps/_workspace/src/github.com/vishvananda/netlink/nl/nl_linux.go", "security.capability", 0xc82048b300, 128) = -1 ENODATA (No data available)
17031 openat(AT_FDCWD, "/home/hmeng/go/src/github.com/opencontainers/runc/Godeps/_workspace/src/github.com/vishvananda/netlink/nl/nl_linux.go", O_RDONLY|O_CLOEXEC) = 7
17031 read(7, "// Package nl has low level prim"..., 32768) = 9435
17031 read(7, "", 23333)                = 0
17031 close(7)                          = 0
17031 lstat("/home/hmeng/go/src/github.com/opencontainers/runc/Godeps/_workspace/src/github.com/vishvananda/netlink/nl/route_linux.go", {st_mode=S_IFREG|0664, st_size=724, ...}) = 0
17031 lstat("/home/hmeng/go/src/github.com/opencontainers/runc/Godeps/_workspace/src/github.com/vishvananda/netlink/nl/route_linux.go", {st_mode=S_IFREG|0664, st_size=724, ...}) = 0
17031 lgetxattr("/home/hmeng/go/src/github.com/opencontainers/runc/Godeps/_workspace/src/github.com/vishvananda/netlink/nl/route_linux.go", "security.capability", 0xc82048b680, 128) = -1 ENODATA (No data available)
17031 openat(AT_FDCWD, "/home/hmeng/go/src/github.com/opencontainers/runc/Godeps/_workspace/src/github.com/vishvananda/netlink/nl/route_linux.go", O_RDONLY|O_CLOEXEC) = 7
17031 read(7, "package nl\n\nimport (\n\t\"syscall\"\n"..., 32768) = 724
17031 read(7, "", 32044)                = 0
17031 close(7)                          = 0
17031 lstat("/home/hmeng/go/src/github.com/opencontainers/runc/Godeps/_workspace/src/github.com/vishvananda/netlink/nl/tc_linux.go", {st_mode=S_IFREG|0664, st_size=6941, ...}) = 0
17031 lstat("/home/hmeng/go/src/github.com/opencontainers/runc/Godeps/_workspace/src/github.com/vishvananda/netlink/nl/tc_linux.go", {st_mode=S_IFREG|0664, st_size=6941, ...}) = 0
17031 lgetxattr("/home/hmeng/go/src/github.com/opencontainers/runc/Godeps/_workspace/src/github.com/vishvananda/netlink/nl/tc_linux.go", "security.capability", 0xc82048ba00, 128) = -1 ENODATA (No data available)
17031 openat(AT_FDCWD, "/home/hmeng/go/src/github.com/opencontainers/runc/Godeps/_workspace/src/github.com/vishvananda/netlink/nl/tc_linux.go", O_RDONLY|O_CLOEXEC) = 7
17031 read(7, "package nl\n\nimport (\n\t\"unsafe\"\n)"..., 32768) = 6941
17031 read(7, "", 25827)                = 0
17031 close(7)                          = 0
17031 lstat("/home/hmeng/go/src/github.com/opencontainers/runc/Godeps/_workspace/src/github.com/vishvananda/netlink/nl/xfrm_linux.go", {st_mode=S_IFREG|0664, st_size=6365, ...}) = 0
17031 lstat("/home/hmeng/go/src/github.com/opencontainers/runc/Godeps/_workspace/src/github.com/vishvananda/netlink/nl/xfrm_linux.go", {st_mode=S_IFREG|0664, st_size=6365, ...}) = 0
17031 lgetxattr("/home/hmeng/go/src/github.com/opencontainers/runc/Godeps/_workspace/src/github.com/vishvananda/netlink/nl/xfrm_linux.go", "security.capability", 0xc82048bd80, 128) = -1 ENODATA (No data available)
17031 openat(AT_FDCWD, "/home/hmeng/go/src/github.com/opencontainers/runc/Godeps/_workspace/src/github.com/vishvananda/netlink/nl/xfrm_linux.go", O_RDONLY|O_CLOEXEC) = 7
17031 read(7, "package nl\n\nimport (\n\t\"bytes\"\n\t\""..., 32768) = 6365
17031 read(7, "", 26403)                = 0
17031 close(7)                          = 0
17031 futex(0xc8200f6590, FUTEX_WAKE, 1 <unfinished ...>
17035 <... futex resumed> )             = 0
17031 <... futex resumed> )             = 1
17035 select(0, NULL, NULL, NULL, {0, 100} <unfinished ...>
17031 write(6, "8000\r\nAddr))\n\treq.AddData(hwData"..., 4096) = 4096
17031 write(6, "\0\0\0\0\0\0// +build !linux\n\npackage "..., 28678) = 28678
17031 write(6, "\r\n", 2)               = 2
17031 lstat("/home/hmeng/go/src/github.com/opencontainers/runc/Godeps/_workspace/src/github.com/vishvananda/netlink/nl/xfrm_policy_linux.go", {st_mode=S_IFREG|0664, st_size=2632, ...}) = 0
17035 <... select resumed> )            = 0 (Timeout)
17031 lstat("/home/hmeng/go/src/github.com/opencontainers/runc/Godeps/_workspace/src/github.com/vishvananda/netlink/nl/xfrm_policy_linux.go",  <unfinished ...>
17035 futex(0xc8200f6590, FUTEX_WAIT, 0, NULL <unfinished ...>
17031 <... lstat resumed> {st_mode=S_IFREG|0664, st_size=2632, ...}) = 0
17031 lgetxattr("/home/hmeng/go/src/github.com/opencontainers/runc/Godeps/_workspace/src/github.com/vishvananda/netlink/nl/xfrm_policy_linux.go", "security.capability", 0xc820492100, 128) = -1 ENODATA (No data available)
17031 openat(AT_FDCWD, "/home/hmeng/go/src/github.com/opencontainers/runc/Godeps/_workspace/src/github.com/vishvananda/netlink/nl/xfrm_policy_linux.go", O_RDONLY|O_CLOEXEC) = 7
17031 read(7, "package nl\n\nimport (\n\t\"unsafe\"\n)"..., 32768) = 2632
17031 read(7, "", 30136)                = 0
17031 close(7)                          = 0
17031 lstat("/home/hmeng/go/src/github.com/opencontainers/runc/Godeps/_workspace/src/github.com/vishvananda/netlink/nl/xfrm_state_linux.go", {st_mode=S_IFREG|0664, st_size=5100, ...}) = 0
17031 lstat("/home/hmeng/go/src/github.com/opencontainers/runc/Godeps/_workspace/src/github.com/vishvananda/netlink/nl/xfrm_state_linux.go", {st_mode=S_IFREG|0664, st_size=5100, ...}) = 0
17031 lgetxattr("/home/hmeng/go/src/github.com/opencontainers/runc/Godeps/_workspace/src/github.com/vishvananda/netlink/nl/xfrm_state_linux.go", "security.capability", 0xc820492480, 128) = -1 ENODATA (No data available)
17031 openat(AT_FDCWD, "/home/hmeng/go/src/github.com/opencontainers/runc/Godeps/_workspace/src/github.com/vishvananda/netlink/nl/xfrm_state_linux.go", O_RDONLY|O_CLOEXEC) = 7
17031 read(7, "package nl\n\nimport (\n\t\"unsafe\"\n)"..., 32768) = 5100
17031 read(7, "", 27668)                = 0
17031 close(7)                          = 0
17031 lstat("/home/hmeng/go/src/github.com/opencontainers/runc/Godeps/_workspace/src/github.com/vishvananda/netlink/protinfo.go", {st_mode=S_IFREG|0664, st_size=946, ...}) = 0
17031 lstat("/home/hmeng/go/src/github.com/opencontainers/runc/Godeps/_workspace/src/github.com/vishvananda/netlink/protinfo.go", {st_mode=S_IFREG|0664, st_size=946, ...}) = 0
17031 lgetxattr("/home/hmeng/go/src/github.com/opencontainers/runc/Godeps/_workspace/src/github.com/vishvananda/netlink/protinfo.go", "security.capability", 0xc820492800, 128) = -1 ENODATA (No data available)
17031 openat(AT_FDCWD, "/home/hmeng/go/src/github.com/opencontainers/runc/Godeps/_workspace/src/github.com/vishvananda/netlink/protinfo.go", O_RDONLY|O_CLOEXEC) = 7
17031 read(7, "package netlink\n\nimport (\n\t\"stri"..., 32768) = 946
17031 read(7, "", 31822)                = 0
17031 close(7)                          = 0
17031 lstat("/home/hmeng/go/src/github.com/opencontainers/runc/Godeps/_workspace/src/github.com/vishvananda/netlink/protinfo_linux.go", {st_mode=S_IFREG|0664, st_size=1481, ...}) = 0
17031 lstat("/home/hmeng/go/src/github.com/opencontainers/runc/Godeps/_workspace/src/github.com/vishvananda/netlink/protinfo_linux.go", {st_mode=S_IFREG|0664, st_size=1481, ...}) = 0
17031 lgetxattr("/home/hmeng/go/src/github.com/opencontainers/runc/Godeps/_workspace/src/github.com/vishvananda/netlink/protinfo_linux.go", "security.capability", 0xc820492b80, 128) = -1 ENODATA (No data available)
17031 openat(AT_FDCWD, "/home/hmeng/go/src/github.com/opencontainers/runc/Godeps/_workspace/src/github.com/vishvananda/netlink/protinfo_linux.go", O_RDONLY|O_CLOEXEC) = 7
17031 read(7, "package netlink\n\nimport (\n\t\"fmt\""..., 32768) = 1481
17031 read(7, "", 31287)                = 0
17031 close(7)                          = 0
17031 lstat("/home/hmeng/go/src/github.com/opencontainers/runc/Godeps/_workspace/src/github.com/vishvananda/netlink/qdisc.go", {st_mode=S_IFREG|0664, st_size=2819, ...}) = 0
17031 lstat("/home/hmeng/go/src/github.com/opencontainers/runc/Godeps/_workspace/src/github.com/vishvananda/netlink/qdisc.go", {st_mode=S_IFREG|0664, st_size=2819, ...}) = 0
17031 lgetxattr("/home/hmeng/go/src/github.com/opencontainers/runc/Godeps/_workspace/src/github.com/vishvananda/netlink/qdisc.go", "security.capability", 0xc820492c80, 128) = -1 ENODATA (No data available)
17031 openat(AT_FDCWD, "/home/hmeng/go/src/github.com/opencontainers/runc/Godeps/_workspace/src/github.com/vishvananda/netlink/qdisc.go", O_RDONLY|O_CLOEXEC) = 7
17031 read(7, "package netlink\n\nimport (\n\t\"fmt\""..., 32768) = 2819
17031 read(7, "", 29949)                = 0
17031 close(7)                          = 0
17031 lstat("/home/hmeng/go/src/github.com/opencontainers/runc/Godeps/_workspace/src/github.com/vishvananda/netlink/qdisc_linux.go", {st_mode=S_IFREG|0664, st_size=6186, ...}) = 0
17031 lstat("/home/hmeng/go/src/github.com/opencontainers/runc/Godeps/_workspace/src/github.com/vishvananda/netlink/qdisc_linux.go", {st_mode=S_IFREG|0664, st_size=6186, ...}) = 0
17031 lgetxattr("/home/hmeng/go/src/github.com/opencontainers/runc/Godeps/_workspace/src/github.com/vishvananda/netlink/qdisc_linux.go", "security.capability", 0xc820492f80, 128) = -1 ENODATA (No data available)
17031 openat(AT_FDCWD, "/home/hmeng/go/src/github.com/opencontainers/runc/Godeps/_workspace/src/github.com/vishvananda/netlink/qdisc_linux.go", O_RDONLY|O_CLOEXEC) = 7
17031 read(7, "package netlink\n\nimport (\n\t\"fmt\""..., 32768) = 6186
17031 read(7, "", 26582)                = 0
17031 close(7)                          = 0
17031 lstat("/home/hmeng/go/src/github.com/opencontainers/runc/Godeps/_workspace/src/github.com/vishvananda/netlink/route.go", {st_mode=S_IFREG|0664, st_size=847, ...}) = 0
17031 lstat("/home/hmeng/go/src/github.com/opencontainers/runc/Godeps/_workspace/src/github.com/vishvananda/netlink/route.go", {st_mode=S_IFREG|0664, st_size=847, ...}) = 0
17031 lgetxattr("/home/hmeng/go/src/github.com/opencontainers/runc/Godeps/_workspace/src/github.com/vishvananda/netlink/route.go", "security.capability", 0xc820493080, 128) = -1 ENODATA (No data available)
17031 openat(AT_FDCWD, "/home/hmeng/go/src/github.com/opencontainers/runc/Godeps/_workspace/src/github.com/vishvananda/netlink/route.go", O_RDONLY|O_CLOEXEC) = 7
17031 read(7, "package netlink\n\nimport (\n\t\"fmt\""..., 32768) = 847
17031 read(7, "", 31921)                = 0
17031 close(7)                          = 0
17031 lstat("/home/hmeng/go/src/github.com/opencontainers/runc/Godeps/_workspace/src/github.com/vishvananda/netlink/route_linux.go", {st_mode=S_IFREG|0664, st_size=5584, ...}) = 0
17031 lstat("/home/hmeng/go/src/github.com/opencontainers/runc/Godeps/_workspace/src/github.com/vishvananda/netlink/route_linux.go", {st_mode=S_IFREG|0664, st_size=5584, ...}) = 0
17031 lgetxattr("/home/hmeng/go/src/github.com/opencontainers/runc/Godeps/_workspace/src/github.com/vishvananda/netlink/route_linux.go", "security.capability", 0xc820493380, 128) = -1 ENODATA (No data available)
17031 openat(AT_FDCWD, "/home/hmeng/go/src/github.com/opencontainers/runc/Godeps/_workspace/src/github.com/vishvananda/netlink/route_linux.go", O_RDONLY|O_CLOEXEC) = 7
17031 read(7, "package netlink\n\nimport (\n\t\"fmt\""..., 32768) = 5584
17031 read(7, "", 27184)                = 0
17031 close(7)                          = 0
17031 futex(0xc8200f6590, FUTEX_WAKE, 1 <unfinished ...>
17035 <... futex resumed> )             = 0
17031 <... futex resumed> )             = 1
17035 select(0, NULL, NULL, NULL, {0, 100} <unfinished ...>
17031 ioctl(0, TIOCGWINSZ, {ws_row=35, ws_col=112, ws_xpixel=0, ws_ypixel=0}) = 0
17031 ioctl(0, TIOCGWINSZ, {ws_row=35, ws_col=112, ws_xpixel=0, ws_ypixel=0}) = 0
17031 write(1, "Sending build context to Docker "..., 48) = 48
17031 write(6, "8000\r\n1 /* struct xfrm_algo */\n\t"..., 4096) = 4096
17031 write(6, "unc DeserializeXfrmLifetimeCfg(b"..., 28678) = 28678
17035 <... select resumed> )            = 0 (Timeout)
17031 write(6, "\r\n", 2 <unfinished ...>
17035 select(0, NULL, NULL, NULL, {0, 100} <unfinished ...>
17031 <... write resumed> )             = 2
17031 lstat("/home/hmeng/go/src/github.com/opencontainers/runc/Godeps/_workspace/src/github.com/vishvananda/netlink/xfrm.go", {st_mode=S_IFREG|0664, st_size=1274, ...}) = 0
17031 lstat("/home/hmeng/go/src/github.com/opencontainers/runc/Godeps/_workspace/src/github.com/vishvananda/netlink/xfrm.go", {st_mode=S_IFREG|0664, st_size=1274, ...}) = 0
17031 lgetxattr("/home/hmeng/go/src/github.com/opencontainers/runc/Godeps/_workspace/src/github.com/vishvananda/netlink/xfrm.go", "security.capability", 0xc820493480, 128) = -1 ENODATA (No data available)
17031 openat(AT_FDCWD, "/home/hmeng/go/src/github.com/opencontainers/runc/Godeps/_workspace/src/github.com/vishvananda/netlink/xfrm.go", O_RDONLY|O_CLOEXEC) = 7
17031 read(7, "package netlink\n\nimport (\n\t\"fmt\""..., 32768) = 1274
17035 <... select resumed> )            = 0 (Timeout)
17031 read(7,  <unfinished ...>
17035 futex(0xc8200f6590, FUTEX_WAIT, 0, NULL <unfinished ...>
17031 <... read resumed> "", 31494)     = 0
17031 close(7)                          = 0
17031 lstat("/home/hmeng/go/src/github.com/opencontainers/runc/Godeps/_workspace/src/github.com/vishvananda/netlink/xfrm_policy.go", {st_mode=S_IFREG|0664, st_size=1158, ...}) = 0
17031 lstat("/home/hmeng/go/src/github.com/opencontainers/runc/Godeps/_workspace/src/github.com/vishvananda/netlink/xfrm_policy.go", {st_mode=S_IFREG|0664, st_size=1158, ...}) = 0
17031 lgetxattr("/home/hmeng/go/src/github.com/opencontainers/runc/Godeps/_workspace/src/github.com/vishvananda/netlink/xfrm_policy.go", "security.capability", 0xc820493780, 128) = -1 ENODATA (No data available)
17031 openat(AT_FDCWD, "/home/hmeng/go/src/github.com/opencontainers/runc/Godeps/_workspace/src/github.com/vishvananda/netlink/xfrm_policy.go", O_RDONLY|O_CLOEXEC) = 7
17031 read(7, "package netlink\n\nimport (\n\t\"fmt\""..., 32768) = 1158
17031 read(7, "", 31610)                = 0
17031 close(7)                          = 0
17031 lstat("/home/hmeng/go/src/github.com/opencontainers/runc/Godeps/_workspace/src/github.com/vishvananda/netlink/xfrm_policy_linux.go", {st_mode=S_IFREG|0664, st_size=3729, ...}) = 0
17031 lstat("/home/hmeng/go/src/github.com/opencontainers/runc/Godeps/_workspace/src/github.com/vishvananda/netlink/xfrm_policy_linux.go", {st_mode=S_IFREG|0664, st_size=3729, ...}) = 0
17031 lgetxattr("/home/hmeng/go/src/github.com/opencontainers/runc/Godeps/_workspace/src/github.com/vishvananda/netlink/xfrm_policy_linux.go", "security.capability", 0xc820493b00, 128) = -1 ENODATA (No data available)
17031 openat(AT_FDCWD, "/home/hmeng/go/src/github.com/opencontainers/runc/Godeps/_workspace/src/github.com/vishvananda/netlink/xfrm_policy_linux.go", O_RDONLY|O_CLOEXEC) = 7
17031 read(7, "package netlink\n\nimport (\n\t\"sysc"..., 32768) = 3729
17031 read(7, "", 29039)                = 0
17031 close(7)                          = 0
17031 lstat("/home/hmeng/go/src/github.com/opencontainers/runc/Godeps/_workspace/src/github.com/vishvananda/netlink/xfrm_state.go", {st_mode=S_IFREG|0664, st_size=1151, ...}) = 0
17031 lstat("/home/hmeng/go/src/github.com/opencontainers/runc/Godeps/_workspace/src/github.com/vishvananda/netlink/xfrm_state.go", {st_mode=S_IFREG|0664, st_size=1151, ...}) = 0
17031 lgetxattr("/home/hmeng/go/src/github.com/opencontainers/runc/Godeps/_workspace/src/github.com/vishvananda/netlink/xfrm_state.go", "security.capability", 0xc820493e80, 128) = -1 ENODATA (No data available)
17031 openat(AT_FDCWD, "/home/hmeng/go/src/github.com/opencontainers/runc/Godeps/_workspace/src/github.com/vishvananda/netlink/xfrm_state.go", O_RDONLY|O_CLOEXEC) = 7
17031 read(7, "package netlink\n\nimport (\n\t\"net\""..., 32768) = 1151
17031 read(7, "", 31617)                = 0
17031 close(7)                          = 0
17031 lstat("/home/hmeng/go/src/github.com/opencontainers/runc/Godeps/_workspace/src/github.com/vishvananda/netlink/xfrm_state_linux.go", {st_mode=S_IFREG|0664, st_size=5068, ...}) = 0
17031 lstat("/home/hmeng/go/src/github.com/opencontainers/runc/Godeps/_workspace/src/github.com/vishvananda/netlink/xfrm_state_linux.go", {st_mode=S_IFREG|0664, st_size=5068, ...}) = 0
17031 lgetxattr("/home/hmeng/go/src/github.com/opencontainers/runc/Godeps/_workspace/src/github.com/vishvananda/netlink/xfrm_state_linux.go", "security.capability", 0xc820496200, 128) = -1 ENODATA (No data available)
17031 openat(AT_FDCWD, "/home/hmeng/go/src/github.com/opencontainers/runc/Godeps/_workspace/src/github.com/vishvananda/netlink/xfrm_state_linux.go", O_RDONLY|O_CLOEXEC) = 7
17031 read(7, "package netlink\n\nimport (\n\t\"fmt\""..., 32768) = 5068
17031 read(7, "", 27700)                = 0
17031 close(7)                          = 0
17031 lstat("/home/hmeng/go/src/github.com/opencontainers/runc/LICENSE", {st_mode=S_IFREG|0664, st_size=10758, ...}) = 0
17031 lstat("/home/hmeng/go/src/github.com/opencontainers/runc/LICENSE", {st_mode=S_IFREG|0664, st_size=10758, ...}) = 0
17031 lgetxattr("/home/hmeng/go/src/github.com/opencontainers/runc/LICENSE", "security.capability", 0xc820496300, 128) = -1 ENODATA (No data available)
17031 openat(AT_FDCWD, "/home/hmeng/go/src/github.com/opencontainers/runc/LICENSE", O_RDONLY|O_CLOEXEC) = 7
17031 read(7, "\n                               "..., 32768) = 10758
17031 read(7, "", 22010)                = 0
17031 close(7)                          = 0
17031 lstat("/home/hmeng/go/src/github.com/opencontainers/runc/MAINTAINERS", {st_mode=S_IFREG|0664, st_size=419, ...}) = 0
17031 lstat("/home/hmeng/go/src/github.com/opencontainers/runc/MAINTAINERS", {st_mode=S_IFREG|0664, st_size=419, ...}) = 0
17031 lgetxattr("/home/hmeng/go/src/github.com/opencontainers/runc/MAINTAINERS", "security.capability", 0xc820496380, 128) = -1 ENODATA (No data available)
17031 openat(AT_FDCWD, "/home/hmeng/go/src/github.com/opencontainers/runc/MAINTAINERS", O_RDONLY|O_CLOEXEC) = 7
17031 read(7, "Michael Crosby <michael@docker.c"..., 32768) = 419
17031 read(7, "", 32349)                = 0
17031 close(7)                          = 0
17031 futex(0xc8200f6590, FUTEX_WAKE, 1 <unfinished ...>
17035 <... futex resumed> )             = 0
17031 <... futex resumed> )             = 1
17035 select(0, NULL, NULL, NULL, {0, 100} <unfinished ...>
17031 write(6, "8000\r\nily\")\n\t\t}\n\t\tfamily = srcFa"..., 4096) = 4096
17031 write(6, "\0\0\0\0\0\0Godeps/_workspace/src/gith"..., 28678) = 28678
17031 write(6, "\r\n", 2)               = 2
17031 lstat("/home/hmeng/go/src/github.com/opencontainers/runc/MAINTAINERS_GUIDE.md", {st_mode=S_IFREG|0664, st_size=5596, ...}) = 0
17031 lstat("/home/hmeng/go/src/github.com/opencontainers/runc/MAINTAINERS_GUIDE.md", {st_mode=S_IFREG|0664, st_size=5596, ...}) = 0
17031 lgetxattr("/home/hmeng/go/src/github.com/opencontainers/runc/MAINTAINERS_GUIDE.md", "security.capability", 0xc820496400, 128) = -1 ENODATA (No data available)
17035 <... select resumed> )            = 0 (Timeout)
17031 openat(AT_FDCWD, "/home/hmeng/go/src/github.com/opencontainers/runc/MAINTAINERS_GUIDE.md", O_RDONLY|O_CLOEXEC <unfinished ...>
17035 futex(0xc8200f6590, FUTEX_WAIT, 0, NULL <unfinished ...>
17031 <... openat resumed> )            = 7
17031 read(7, "## Introduction\n\nDear maintainer"..., 32768) = 5596
17031 read(7, "", 27172)                = 0
17031 close(7)                          = 0
17031 lstat("/home/hmeng/go/src/github.com/opencontainers/runc/Makefile", {st_mode=S_IFREG|0664, st_size=2555, ...}) = 0
17031 lstat("/home/hmeng/go/src/github.com/opencontainers/runc/Makefile", {st_mode=S_IFREG|0664, st_size=2555, ...}) = 0
17031 lgetxattr("/home/hmeng/go/src/github.com/opencontainers/runc/Makefile", "security.capability", 0xc820496480, 128) = -1 ENODATA (No data available)
17031 openat(AT_FDCWD, "/home/hmeng/go/src/github.com/opencontainers/runc/Makefile", O_RDONLY|O_CLOEXEC) = 7
17031 read(7, ".PHONY: dbuild man \\\n\t    localt"..., 32768) = 2555
17031 read(7, "", 30213)                = 0
17031 close(7)                          = 0
17031 lstat("/home/hmeng/go/src/github.com/opencontainers/runc/NOTICE", {st_mode=S_IFREG|0664, st_size=518, ...}) = 0
17031 lstat("/home/hmeng/go/src/github.com/opencontainers/runc/NOTICE", {st_mode=S_IFREG|0664, st_size=518, ...}) = 0
17031 lgetxattr("/home/hmeng/go/src/github.com/opencontainers/runc/NOTICE", "security.capability", 0xc820496500, 128) = -1 ENODATA (No data available)
17031 openat(AT_FDCWD, "/home/hmeng/go/src/github.com/opencontainers/runc/NOTICE", O_RDONLY|O_CLOEXEC) = 7
17031 read(7, "runc\n\nCopyright 2012-2015 Docker"..., 32768) = 518
17031 read(7, "", 32250)                = 0
17031 close(7)                          = 0
17031 lstat("/home/hmeng/go/src/github.com/opencontainers/runc/PRINCIPLES.md", {st_mode=S_IFREG|0664, st_size=1139, ...}) = 0
17031 lstat("/home/hmeng/go/src/github.com/opencontainers/runc/PRINCIPLES.md", {st_mode=S_IFREG|0664, st_size=1139, ...}) = 0
17031 lgetxattr("/home/hmeng/go/src/github.com/opencontainers/runc/PRINCIPLES.md", "security.capability", 0xc820496580, 128) = -1 ENODATA (No data available)
17031 openat(AT_FDCWD, "/home/hmeng/go/src/github.com/opencontainers/runc/PRINCIPLES.md", O_RDONLY|O_CLOEXEC) = 7
17031 read(7, "# runc principles\n\nIn the design"..., 32768) = 1139
17031 read(7, "", 31629)                = 0
17031 close(7)                          = 0
17031 lstat("/home/hmeng/go/src/github.com/opencontainers/runc/README.md", {st_mode=S_IFREG|0664, st_size=6286, ...}) = 0
17031 lstat("/home/hmeng/go/src/github.com/opencontainers/runc/README.md", {st_mode=S_IFREG|0664, st_size=6286, ...}) = 0
17031 lgetxattr("/home/hmeng/go/src/github.com/opencontainers/runc/README.md", "security.capability", 0xc820496600, 128) = -1 ENODATA (No data available)
17031 openat(AT_FDCWD, "/home/hmeng/go/src/github.com/opencontainers/runc/README.md", O_RDONLY|O_CLOEXEC) = 7
17031 read(7, "[![Build Status](https://jenkins"..., 32768) = 6286
17031 read(7, "", 26482)                = 0
17031 close(7)                          = 0
17031 lstat("/home/hmeng/go/src/github.com/opencontainers/runc/VERSION", {st_mode=S_IFREG|0664, st_size=10, ...}) = 0
17031 lstat("/home/hmeng/go/src/github.com/opencontainers/runc/VERSION", {st_mode=S_IFREG|0664, st_size=10, ...}) = 0
17031 lgetxattr("/home/hmeng/go/src/github.com/opencontainers/runc/VERSION", "security.capability", 0xc820496680, 128) = -1 ENODATA (No data available)
17031 openat(AT_FDCWD, "/home/hmeng/go/src/github.com/opencontainers/runc/VERSION", O_RDONLY|O_CLOEXEC) = 7
17031 read(7, "1.0.0-rc1\n", 32768)     = 10
17031 read(7, "", 32758)                = 0
17031 close(7)                          = 0
17031 lstat("/home/hmeng/go/src/github.com/opencontainers/runc/checkpoint.go", {st_mode=S_IFREG|0664, st_size=3644, ...}) = 0
17031 lstat("/home/hmeng/go/src/github.com/opencontainers/runc/checkpoint.go", {st_mode=S_IFREG|0664, st_size=3644, ...}) = 0
17031 lgetxattr("/home/hmeng/go/src/github.com/opencontainers/runc/checkpoint.go", "security.capability", 0xc820496700, 128) = -1 ENODATA (No data available)
17031 openat(AT_FDCWD, "/home/hmeng/go/src/github.com/opencontainers/runc/checkpoint.go", O_RDONLY|O_CLOEXEC) = 7
17031 read(7, "// +build linux\n\npackage main\n\ni"..., 32768) = 3644
17031 read(7, "", 29124)                = 0
17031 close(7)                          = 0
17031 lstat("/home/hmeng/go/src/github.com/opencontainers/runc/contrib", {st_mode=S_IFDIR|0775, st_size=24, ...}) = 0
17031 lstat("/home/hmeng/go/src/github.com/opencontainers/runc/contrib", {st_mode=S_IFDIR|0775, st_size=24, ...}) = 0
17031 lgetxattr("/home/hmeng/go/src/github.com/opencontainers/runc/contrib", "security.capability", 0xc820496780, 128) = -1 ENODATA (No data available)
17031 openat(AT_FDCWD, "/home/hmeng/go/src/github.com/opencontainers/runc/contrib", O_RDONLY|O_CLOEXEC) = 7
17031 getdents64(7, /* 3 entries */, 4096) = 80
17031 getdents64(7, /* 0 entries */, 4096) = 0
17031 close(7)                          = 0
17031 lstat("/home/hmeng/go/src/github.com/opencontainers/runc/contrib/completions", {st_mode=S_IFDIR|0775, st_size=17, ...}) = 0
17031 lstat("/home/hmeng/go/src/github.com/opencontainers/runc/contrib/completions", {st_mode=S_IFDIR|0775, st_size=17, ...}) = 0
17031 lgetxattr("/home/hmeng/go/src/github.com/opencontainers/runc/contrib/completions", "security.capability", 0xc820496800, 128) = -1 ENODATA (No data available)
17031 openat(AT_FDCWD, "/home/hmeng/go/src/github.com/opencontainers/runc/contrib/completions", O_RDONLY|O_CLOEXEC) = 7
17031 getdents64(7, /* 3 entries */, 4096) = 72
17031 getdents64(7, /* 0 entries */, 4096) = 0
17031 close(7)                          = 0
17031 lstat("/home/hmeng/go/src/github.com/opencontainers/runc/contrib/completions/bash", {st_mode=S_IFDIR|0775, st_size=17, ...}) = 0
17031 lstat("/home/hmeng/go/src/github.com/opencontainers/runc/contrib/completions/bash", {st_mode=S_IFDIR|0775, st_size=17, ...}) = 0
17031 lgetxattr("/home/hmeng/go/src/github.com/opencontainers/runc/contrib/completions/bash", "security.capability", 0xc820496880, 128) = -1 ENODATA (No data available)
17031 openat(AT_FDCWD, "/home/hmeng/go/src/github.com/opencontainers/runc/contrib/completions/bash", O_RDONLY|O_CLOEXEC) = 7
17031 getdents64(7, /* 3 entries */, 4096) = 72
17031 getdents64(7, /* 0 entries */, 4096) = 0
17031 close(7)                          = 0
17031 lstat("/home/hmeng/go/src/github.com/opencontainers/runc/contrib/completions/bash/runc", {st_mode=S_IFREG|0664, st_size=12936, ...}) = 0
17031 lstat("/home/hmeng/go/src/github.com/opencontainers/runc/contrib/completions/bash/runc", {st_mode=S_IFREG|0664, st_size=12936, ...}) = 0
17031 lgetxattr("/home/hmeng/go/src/github.com/opencontainers/runc/contrib/completions/bash/runc", "security.capability", 0xc820496900, 128) = -1 ENODATA (No data available)
17031 openat(AT_FDCWD, "/home/hmeng/go/src/github.com/opencontainers/runc/contrib/completions/bash/runc", O_RDONLY|O_CLOEXEC) = 7
17031 read(7, "#!/bin/bash\n#\n# bash completion "..., 32768) = 12936
17031 read(7, "", 19832)                = 0
17031 close(7)                          = 0
17031 futex(0xc8200f6590, FUTEX_WAKE, 1 <unfinished ...>
17035 <... futex resumed> )             = 0
17031 <... futex resumed> )             = 1
17035 select(0, NULL, NULL, NULL, {0, 100} <unfinished ...>
17031 write(6, "8000\r\nMichael Crosby <michael@do"..., 4096) = 4096
17031 write(6, "f a healthy project to represent"..., 28678) = 28678
17031 write(6, "\r\n", 2)               = 2
17031 lstat("/home/hmeng/go/src/github.com/opencontainers/runc/create.go", {st_mode=S_IFREG|0664, st_size=1956, ...}) = 0
17031 lstat("/home/hmeng/go/src/github.com/opencontainers/runc/create.go", {st_mode=S_IFREG|0664, st_size=1956, ...}) = 0
17031 lgetxattr("/home/hmeng/go/src/github.com/opencontainers/runc/create.go", "security.capability" <unfinished ...>
17035 <... select resumed> )            = 0 (Timeout)
17031 <... lgetxattr resumed> , 0xc820496980, 128) = -1 ENODATA (No data available)
17035 futex(0xc8200f6590, FUTEX_WAIT, 0, NULL <unfinished ...>
17031 openat(AT_FDCWD, "/home/hmeng/go/src/github.com/opencontainers/runc/create.go", O_RDONLY|O_CLOEXEC) = 7
17031 read(7, "package main\n\nimport (\n\t\"os\"\n\n\t\""..., 32768) = 1956
17031 read(7, "", 30812)                = 0
17031 close(7)                          = 0
17031 lstat("/home/hmeng/go/src/github.com/opencontainers/runc/delete.go", {st_mode=S_IFREG|0664, st_size=1812, ...}) = 0
17031 lstat("/home/hmeng/go/src/github.com/opencontainers/runc/delete.go", {st_mode=S_IFREG|0664, st_size=1812, ...}) = 0
17031 lgetxattr("/home/hmeng/go/src/github.com/opencontainers/runc/delete.go", "security.capability", 0xc820496a00, 128) = -1 ENODATA (No data available)
17031 openat(AT_FDCWD, "/home/hmeng/go/src/github.com/opencontainers/runc/delete.go", O_RDONLY|O_CLOEXEC) = 7
17031 read(7, "// +build !solaris\n\npackage main"..., 32768) = 1812
17031 read(7, "", 30956)                = 0
17031 close(7)                          = 0
17031 lstat("/home/hmeng/go/src/github.com/opencontainers/runc/events.go", {st_mode=S_IFREG|0664, st_size=7638, ...}) = 0
17031 lstat("/home/hmeng/go/src/github.com/opencontainers/runc/events.go", {st_mode=S_IFREG|0664, st_size=7638, ...}) = 0
17031 lgetxattr("/home/hmeng/go/src/github.com/opencontainers/runc/events.go", "security.capability", 0xc820496a80, 128) = -1 ENODATA (No data available)
17031 openat(AT_FDCWD, "/home/hmeng/go/src/github.com/opencontainers/runc/events.go", O_RDONLY|O_CLOEXEC) = 7
17031 read(7, "// +build linux\n\npackage main\n\ni"..., 32768) = 7638
17031 read(7, "", 25130)                = 0
17031 close(7)                          = 0
17031 lstat("/home/hmeng/go/src/github.com/opencontainers/runc/exec.go", {st_mode=S_IFREG|0664, st_size=4801, ...}) = 0
17031 lstat("/home/hmeng/go/src/github.com/opencontainers/runc/exec.go", {st_mode=S_IFREG|0664, st_size=4801, ...}) = 0
17031 lgetxattr("/home/hmeng/go/src/github.com/opencontainers/runc/exec.go", "security.capability", 0xc820496b00, 128) = -1 ENODATA (No data available)
17031 openat(AT_FDCWD, "/home/hmeng/go/src/github.com/opencontainers/runc/exec.go", O_RDONLY|O_CLOEXEC) = 7
17031 read(7, "// +build linux\n\npackage main\n\ni"..., 32768) = 4801
17031 read(7, "", 27967)                = 0
17031 close(7)                          = 0
17031 lstat("/home/hmeng/go/src/github.com/opencontainers/runc/kill.go", {st_mode=S_IFREG|0664, st_size=2309, ...}) = 0
17031 lstat("/home/hmeng/go/src/github.com/opencontainers/runc/kill.go", {st_mode=S_IFREG|0664, st_size=2309, ...}) = 0
17031 lgetxattr("/home/hmeng/go/src/github.com/opencontainers/runc/kill.go", "security.capability", 0xc820496b80, 128) = -1 ENODATA (No data available)
17031 openat(AT_FDCWD, "/home/hmeng/go/src/github.com/opencontainers/runc/kill.go", O_RDONLY|O_CLOEXEC) = 7
17031 read(7, "// +build linux\n\npackage main\n\ni"..., 32768) = 2309
17031 read(7, "", 30459)                = 0
17031 close(7)                          = 0
17031 lstat("/home/hmeng/go/src/github.com/opencontainers/runc/libcontainer", {st_mode=S_IFDIR|0775, st_size=4096, ...}) = 0
17031 lstat("/home/hmeng/go/src/github.com/opencontainers/runc/libcontainer", {st_mode=S_IFDIR|0775, st_size=4096, ...}) = 0
17031 lgetxattr("/home/hmeng/go/src/github.com/opencontainers/runc/libcontainer", "security.capability", 0xc820496c00, 128) = -1 ENODATA (No data available)
17031 openat(AT_FDCWD, "/home/hmeng/go/src/github.com/opencontainers/runc/libcontainer", O_RDONLY|O_CLOEXEC) = 7
17031 getdents64(7, /* 62 entries */, 4096) = 2272
17031 getdents64(7, /* 0 entries */, 4096) = 0
17031 close(7)                          = 0
17031 lstat("/home/hmeng/go/src/github.com/opencontainers/runc/libcontainer/README.md", {st_mode=S_IFREG|0664, st_size=6195, ...}) = 0
17031 lstat("/home/hmeng/go/src/github.com/opencontainers/runc/libcontainer/README.md", {st_mode=S_IFREG|0664, st_size=6195, ...}) = 0
17031 lgetxattr("/home/hmeng/go/src/github.com/opencontainers/runc/libcontainer/README.md", "security.capability", 0xc820496c80, 128) = -1 ENODATA (No data available)
17031 openat(AT_FDCWD, "/home/hmeng/go/src/github.com/opencontainers/runc/libcontainer/README.md", O_RDONLY|O_CLOEXEC) = 7
17031 read(7, "Libcontainer provides a native G"..., 32768) = 6195
17031 read(7, "", 26573)                = 0
17032 <... select resumed> )            = 0 (Timeout)
17031 close(7 <unfinished ...>
17032 clock_gettime(CLOCK_MONOTONIC,  <unfinished ...>
17031 <... close resumed> )             = 0
17032 <... clock_gettime resumed> {4903, 643390895}) = 0
17031 futex(0xc8200f6590, FUTEX_WAKE, 1 <unfinished ...>
17035 <... futex resumed> )             = 0
17032 clock_gettime(CLOCK_REALTIME,  <unfinished ...>
17031 <... futex resumed> )             = 1
17035 select(0, NULL, NULL, NULL, {0, 100} <unfinished ...>
17032 <... clock_gettime resumed> {1465918769, 427438139}) = 0
17031 write(6, "8000\r\nt may appear after the run"..., 4096 <unfinished ...>
17032 select(0, NULL, NULL, NULL, {0, 10000} <unfinished ...>
17031 <... write resumed> )             = 4096
17031 write(6, "hell-job\n\t   --file-locks\n\t\"\n\n\tl"..., 28678) = 28678
17031 write(6, "\r\n", 2)               = 2
17031 lstat("/home/hmeng/go/src/github.com/opencontainers/runc/libcontainer/SPEC.md", {st_mode=S_IFREG|0664, st_size=13324, ...}) = 0
17031 lstat("/home/hmeng/go/src/github.com/opencontainers/runc/libcontainer/SPEC.md",  <unfinished ...>
17035 <... select resumed> )            = 0 (Timeout)
17031 <... lstat resumed> {st_mode=S_IFREG|0664, st_size=13324, ...}) = 0
17035 futex(0xc8200f6590, FUTEX_WAIT, 0, NULL <unfinished ...>
17031 lgetxattr("/home/hmeng/go/src/github.com/opencontainers/runc/libcontainer/SPEC.md", "security.capability", 0xc820496d00, 128) = -1 ENODATA (No data available)
17031 openat(AT_FDCWD, "/home/hmeng/go/src/github.com/opencontainers/runc/libcontainer/SPEC.md", O_RDONLY|O_CLOEXEC) = 7
17031 read(7, "## Container Specification - v1\n"..., 32768) = 13324
17031 read(7, "", 19444)                = 0
17031 close(7)                          = 0
17031 lstat("/home/hmeng/go/src/github.com/opencontainers/runc/libcontainer/apparmor", {st_mode=S_IFDIR|0775, st_size=51, ...}) = 0
17031 lstat("/home/hmeng/go/src/github.com/opencontainers/runc/libcontainer/apparmor", {st_mode=S_IFDIR|0775, st_size=51, ...}) = 0
17031 lgetxattr("/home/hmeng/go/src/github.com/opencontainers/runc/libcontainer/apparmor", "security.capability", 0xc820496d80, 128) = -1 ENODATA (No data available)
17031 openat(AT_FDCWD, "/home/hmeng/go/src/github.com/opencontainers/runc/libcontainer/apparmor", O_RDONLY|O_CLOEXEC) = 7
17031 getdents64(7, /* 4 entries */, 4096) = 120
17031 getdents64(7, /* 0 entries */, 4096) = 0
17031 close(7)                          = 0
17031 lstat("/home/hmeng/go/src/github.com/opencontainers/runc/libcontainer/apparmor/apparmor.go", {st_mode=S_IFREG|0664, st_size=957, ...}) = 0
17031 lstat("/home/hmeng/go/src/github.com/opencontainers/runc/libcontainer/apparmor/apparmor.go", {st_mode=S_IFREG|0664, st_size=957, ...}) = 0
17031 lgetxattr("/home/hmeng/go/src/github.com/opencontainers/runc/libcontainer/apparmor/apparmor.go", "security.capability", 0xc820496e00, 128) = -1 ENODATA (No data available)
17031 openat(AT_FDCWD, "/home/hmeng/go/src/github.com/opencontainers/runc/libcontainer/apparmor/apparmor.go", O_RDONLY|O_CLOEXEC) = 7
17031 read(7, "// +build apparmor,linux\n\npackag"..., 32768) = 957
17031 read(7, "", 31811)                = 0
17031 close(7)                          = 0
17031 lstat("/home/hmeng/go/src/github.com/opencontainers/runc/libcontainer/apparmor/apparmor_disabled.go", {st_mode=S_IFREG|0664, st_size=309, ...}) = 0
17031 lstat("/home/hmeng/go/src/github.com/opencontainers/runc/libcontainer/apparmor/apparmor_disabled.go", {st_mode=S_IFREG|0664, st_size=309, ...}) = 0
17031 lgetxattr("/home/hmeng/go/src/github.com/opencontainers/runc/libcontainer/apparmor/apparmor_disabled.go", "security.capability", 0xc820496e80, 128) = -1 ENODATA (No data available)
17031 openat(AT_FDCWD, "/home/hmeng/go/src/github.com/opencontainers/runc/libcontainer/apparmor/apparmor_disabled.go", O_RDONLY|O_CLOEXEC) = 7
17031 read(7, "// +build !apparmor !linux\n\npack"..., 32768) = 309
17031 read(7, "", 32459)                = 0
17031 close(7)                          = 0
17031 lstat("/home/hmeng/go/src/github.com/opencontainers/runc/libcontainer/capabilities_linux.go", {st_mode=S_IFREG|0664, st_size=1588, ...}) = 0
17031 lstat("/home/hmeng/go/src/github.com/opencontainers/runc/libcontainer/capabilities_linux.go", {st_mode=S_IFREG|0664, st_size=1588, ...}) = 0
17031 lgetxattr("/home/hmeng/go/src/github.com/opencontainers/runc/libcontainer/capabilities_linux.go", "security.capability", 0xc820496f00, 128) = -1 ENODATA (No data available)
17031 openat(AT_FDCWD, "/home/hmeng/go/src/github.com/opencontainers/runc/libcontainer/capabilities_linux.go", O_RDONLY|O_CLOEXEC) = 7
17031 read(7, "// +build linux\n\npackage libcont"..., 32768) = 1588
17031 read(7, "", 31180)                = 0
17031 close(7)                          = 0
17031 lstat("/home/hmeng/go/src/github.com/opencontainers/runc/libcontainer/cgroups", {st_mode=S_IFDIR|0775, st_size=4096, ...}) = 0
17031 lstat("/home/hmeng/go/src/github.com/opencontainers/runc/libcontainer/cgroups", {st_mode=S_IFDIR|0775, st_size=4096, ...}) = 0
17031 lgetxattr("/home/hmeng/go/src/github.com/opencontainers/runc/libcontainer/cgroups", "security.capability", 0xc820496f80, 128) = -1 ENODATA (No data available)
17031 openat(AT_FDCWD, "/home/hmeng/go/src/github.com/opencontainers/runc/libcontainer/cgroups", O_RDONLY|O_CLOEXEC) = 7
17031 getdents64(7, /* 10 entries */, 4096) = 328
17031 getdents64(7, /* 0 entries */, 4096) = 0
17031 close(7)                          = 0
17031 lstat("/home/hmeng/go/src/github.com/opencontainers/runc/libcontainer/cgroups/cgroups.go", {st_mode=S_IFREG|0664, st_size=1450, ...}) = 0
17031 lstat("/home/hmeng/go/src/github.com/opencontainers/runc/libcontainer/cgroups/cgroups.go", {st_mode=S_IFREG|0664, st_size=1450, ...}) = 0
17031 lgetxattr("/home/hmeng/go/src/github.com/opencontainers/runc/libcontainer/cgroups/cgroups.go", "security.capability", 0xc820497000, 128) = -1 ENODATA (No data available)
17031 openat(AT_FDCWD, "/home/hmeng/go/src/github.com/opencontainers/runc/libcontainer/cgroups/cgroups.go", O_RDONLY|O_CLOEXEC) = 7
17031 read(7, "// +build linux\n\npackage cgroups"..., 32768) = 1450
17031 read(7, "", 31318)                = 0
17031 close(7)                          = 0
17031 lstat("/home/hmeng/go/src/github.com/opencontainers/runc/libcontainer/cgroups/cgroups_test.go", {st_mode=S_IFREG|0664, st_size=236, ...}) = 0
17031 lstat("/home/hmeng/go/src/github.com/opencontainers/runc/libcontainer/cgroups/cgroups_test.go", {st_mode=S_IFREG|0664, st_size=236, ...}) = 0
17031 lgetxattr("/home/hmeng/go/src/github.com/opencontainers/runc/libcontainer/cgroups/cgroups_test.go", "security.capability", 0xc820497080, 128) = -1 ENODATA (No data available)
17031 openat(AT_FDCWD, "/home/hmeng/go/src/github.com/opencontainers/runc/libcontainer/cgroups/cgroups_test.go", O_RDONLY|O_CLOEXEC) = 7
17031 read(7, "// +build linux\n\npackage cgroups"..., 32768) = 236
17031 read(7, "", 32532)                = 0
17031 close(7)                          = 0
17031 lstat("/home/hmeng/go/src/github.com/opencontainers/runc/libcontainer/cgroups/cgroups_unsupported.go", {st_mode=S_IFREG|0664, st_size=34, ...}) = 0
17031 lstat("/home/hmeng/go/src/github.com/opencontainers/runc/libcontainer/cgroups/cgroups_unsupported.go", {st_mode=S_IFREG|0664, st_size=34, ...}) = 0
17031 lgetxattr("/home/hmeng/go/src/github.com/opencontainers/runc/libcontainer/cgroups/cgroups_unsupported.go", "security.capability", 0xc820497100, 128) = -1 ENODATA (No data available)
17031 openat(AT_FDCWD, "/home/hmeng/go/src/github.com/opencontainers/runc/libcontainer/cgroups/cgroups_unsupported.go", O_RDONLY|O_CLOEXEC) = 7
17031 read(7, "// +build !linux\n\npackage cgroup"..., 32768) = 34
17031 read(7, "", 32734)                = 0
17031 close(7)                          = 0
17031 lstat("/home/hmeng/go/src/github.com/opencontainers/runc/libcontainer/cgroups/fs", {st_mode=S_IFDIR|0775, st_size=4096, ...}) = 0
17031 lstat("/home/hmeng/go/src/github.com/opencontainers/runc/libcontainer/cgroups/fs", {st_mode=S_IFDIR|0775, st_size=4096, ...}) = 0
17031 lgetxattr("/home/hmeng/go/src/github.com/opencontainers/runc/libcontainer/cgroups/fs", "security.capability", 0xc820497180, 128) = -1 ENODATA (No data available)
17031 openat(AT_FDCWD, "/home/hmeng/go/src/github.com/opencontainers/runc/libcontainer/cgroups/fs", O_RDONLY|O_CLOEXEC) = 7
17031 getdents64(7, /* 32 entries */, 4096) = 1112
17031 getdents64(7, /* 0 entries */, 4096) = 0
17031 close(7)                          = 0
17031 lstat("/home/hmeng/go/src/github.com/opencontainers/runc/libcontainer/cgroups/fs/apply_raw.go", {st_mode=S_IFREG|0664, st_size=9230, ...}) = 0
17031 lstat("/home/hmeng/go/src/github.com/opencontainers/runc/libcontainer/cgroups/fs/apply_raw.go", {st_mode=S_IFREG|0664, st_size=9230, ...}) = 0
17031 lgetxattr("/home/hmeng/go/src/github.com/opencontainers/runc/libcontainer/cgroups/fs/apply_raw.go", "security.capability", 0xc820497200, 128) = -1 ENODATA (No data available)
17031 openat(AT_FDCWD, "/home/hmeng/go/src/github.com/opencontainers/runc/libcontainer/cgroups/fs/apply_raw.go", O_RDONLY|O_CLOEXEC) = 7
17031 read(7, "// +build linux\n\npackage fs\n\nimp"..., 32768) = 9230
17031 read(7, "", 23538)                = 0
17031 close(7)                          = 0
17031 futex(0xc8200f6590, FUTEX_WAKE, 1 <unfinished ...>
17035 <... futex resumed> )             = 0
17031 <... futex resumed> )             = 1
17035 select(0, NULL, NULL, NULL, {0, 100} <unfinished ...>
17031 write(6, "8000\r\nlization(); err != nil {\n\t"..., 4096) = 4096
17031 write(6, " and\n// it's processes.\nstats, e"..., 28678) = 28678
17031 write(6, "\r\n", 2)               = 2
17031 lstat("/home/hmeng/go/src/github.com/opencontainers/runc/libcontainer/cgroups/fs/apply_raw_test.go", {st_mode=S_IFREG|0664, st_size=7699, ...}) = 0
17035 <... select resumed> )            = 0 (Timeout)
17031 lstat("/home/hmeng/go/src/github.com/opencontainers/runc/libcontainer/cgroups/fs/apply_raw_test.go",  <unfinished ...>
17035 futex(0xc8200f6590, FUTEX_WAIT, 0, NULL <unfinished ...>
17031 <... lstat resumed> {st_mode=S_IFREG|0664, st_size=7699, ...}) = 0
17031 lgetxattr("/home/hmeng/go/src/github.com/opencontainers/runc/libcontainer/cgroups/fs/apply_raw_test.go", "security.capability", 0xc820497280, 128) = -1 ENODATA (No data available)
17031 openat(AT_FDCWD, "/home/hmeng/go/src/github.com/opencontainers/runc/libcontainer/cgroups/fs/apply_raw_test.go", O_RDONLY|O_CLOEXEC) = 7
17031 read(7, "// +build linux\n\npackage fs\n\nimp"..., 32768) = 7699
17031 read(7, "", 25069)                = 0
17031 close(7)                          = 0
17031 lstat("/home/hmeng/go/src/github.com/opencontainers/runc/libcontainer/cgroups/fs/blkio.go", {st_mode=S_IFREG|0664, st_size=5943, ...}) = 0
17031 lstat("/home/hmeng/go/src/github.com/opencontainers/runc/libcontainer/cgroups/fs/blkio.go", {st_mode=S_IFREG|0664, st_size=5943, ...}) = 0
17031 lgetxattr("/home/hmeng/go/src/github.com/opencontainers/runc/libcontainer/cgroups/fs/blkio.go", "security.capability", 0xc820497300, 128) = -1 ENODATA (No data available)
17031 openat(AT_FDCWD, "/home/hmeng/go/src/github.com/opencontainers/runc/libcontainer/cgroups/fs/blkio.go", O_RDONLY|O_CLOEXEC) = 7
17031 read(7, "// +build linux\n\npackage fs\n\nimp"..., 32768) = 5943
17031 read(7, "", 26825)                = 0
17031 close(7)                          = 0
17031 lstat("/home/hmeng/go/src/github.com/opencontainers/runc/libcontainer/cgroups/fs/blkio_test.go", {st_mode=S_IFREG|0664, st_size=21964, ...}) = 0
17031 lstat("/home/hmeng/go/src/github.com/opencontainers/runc/libcontainer/cgroups/fs/blkio_test.go", {st_mode=S_IFREG|0664, st_size=21964, ...}) = 0
17031 lgetxattr("/home/hmeng/go/src/github.com/opencontainers/runc/libcontainer/cgroups/fs/blkio_test.go", "security.capability", 0xc820497380, 128) = -1 ENODATA (No data available)
17031 openat(AT_FDCWD, "/home/hmeng/go/src/github.com/opencontainers/runc/libcontainer/cgroups/fs/blkio_test.go", O_RDONLY|O_CLOEXEC) = 7
17031 read(7, "// +build linux\n\npackage fs\n\nimp"..., 32768) = 21964
17031 read(7, "", 10804)                = 0
17031 close(7)                          = 0
17031 futex(0xc8200f6590, FUTEX_WAKE, 1 <unfinished ...>
17035 <... futex resumed> )             = 0
17031 <... futex resumed> )             = 1
17035 select(0, NULL, NULL, NULL, {0, 100} <unfinished ...>
17031 write(6, "8000\r\nng]string\n}\n\n// The absolu"..., 4096) = 4096
17031 write(6, ", err\n\t}\n\n\treturn d.path(\"device"..., 28678) = 28678
17031 write(6, "\r\n", 2)               = 2
17031 lstat("/home/hmeng/go/src/github.com/opencontainers/runc/libcontainer/cgroups/fs/cpu.go", {st_mode=S_IFREG|0664, st_size=2154, ...}) = 0
17031 lstat("/home/hmeng/go/src/github.com/opencontainers/runc/libcontainer/cgroups/fs/cpu.go", {st_mode=S_IFREG|0664, st_size=2154, ...}) = 0
17035 <... select resumed> )            = 0 (Timeout)
17031 lgetxattr("/home/hmeng/go/src/github.com/opencontainers/runc/libcontainer/cgroups/fs/cpu.go", "security.capability" <unfinished ...>
17035 futex(0xc8200f6590, FUTEX_WAIT, 0, NULL <unfinished ...>
17031 <... lgetxattr resumed> , 0xc820497400, 128) = -1 ENODATA (No data available)
17031 openat(AT_FDCWD, "/home/hmeng/go/src/github.com/opencontainers/runc/libcontainer/cgroups/fs/cpu.go", O_RDONLY|O_CLOEXEC) = 7
17031 read(7, "// +build linux\n\npackage fs\n\nimp"..., 32768) = 2154
17031 read(7, "", 30614)                = 0
17031 close(7)                          = 0
17031 lstat("/home/hmeng/go/src/github.com/opencontainers/runc/libcontainer/cgroups/fs/cpu_test.go", {st_mode=S_IFREG|0664, st_size=4232, ...}) = 0
17031 lstat("/home/hmeng/go/src/github.com/opencontainers/runc/libcontainer/cgroups/fs/cpu_test.go", {st_mode=S_IFREG|0664, st_size=4232, ...}) = 0
17031 lgetxattr("/home/hmeng/go/src/github.com/opencontainers/runc/libcontainer/cgroups/fs/cpu_test.go", "security.capability", 0xc820497480, 128) = -1 ENODATA (No data available)
17031 openat(AT_FDCWD, "/home/hmeng/go/src/github.com/opencontainers/runc/libcontainer/cgroups/fs/cpu_test.go", O_RDONLY|O_CLOEXEC) = 7
17031 read(7, "// +build linux\n\npackage fs\n\nimp"..., 32768) = 4232
17031 read(7, "", 28536)                = 0
17031 close(7)                          = 0
17031 lstat("/home/hmeng/go/src/github.com/opencontainers/runc/libcontainer/cgroups/fs/cpuacct.go", {st_mode=S_IFREG|0664, st_size=3172, ...}) = 0
17031 lstat("/home/hmeng/go/src/github.com/opencontainers/runc/libcontainer/cgroups/fs/cpuacct.go", {st_mode=S_IFREG|0664, st_size=3172, ...}) = 0
17031 lgetxattr("/home/hmeng/go/src/github.com/opencontainers/runc/libcontainer/cgroups/fs/cpuacct.go", "security.capability", 0xc820497500, 128) = -1 ENODATA (No data available)
17031 openat(AT_FDCWD, "/home/hmeng/go/src/github.com/opencontainers/runc/libcontainer/cgroups/fs/cpuacct.go", O_RDONLY|O_CLOEXEC) = 7
17031 read(7, "// +build linux\n\npackage fs\n\nimp"..., 32768) = 3172
17031 read(7, "", 29596)                = 0
17031 close(7)                          = 0
17031 lstat("/home/hmeng/go/src/github.com/opencontainers/runc/libcontainer/cgroups/fs/cpuset.go", {st_mode=S_IFREG|0664, st_size=3499, ...}) = 0
17031 lstat("/home/hmeng/go/src/github.com/opencontainers/runc/libcontainer/cgroups/fs/cpuset.go", {st_mode=S_IFREG|0664, st_size=3499, ...}) = 0
17031 lgetxattr("/home/hmeng/go/src/github.com/opencontainers/runc/libcontainer/cgroups/fs/cpuset.go", "security.capability", 0xc820497580, 128) = -1 ENODATA (No data available)
17031 openat(AT_FDCWD, "/home/hmeng/go/src/github.com/opencontainers/runc/libcontainer/cgroups/fs/cpuset.go", O_RDONLY|O_CLOEXEC) = 7
17031 read(7, "// +build linux\n\npackage fs\n\nimp"..., 32768) = 3499
17031 read(7, "", 29269)                = 0
17031 close(7)                          = 0
17031 lstat("/home/hmeng/go/src/github.com/opencontainers/runc/libcontainer/cgroups/fs/cpuset_test.go", {st_mode=S_IFREG|0664, st_size=1359, ...}) = 0
17031 lstat("/home/hmeng/go/src/github.com/opencontainers/runc/libcontainer/cgroups/fs/cpuset_test.go", {st_mode=S_IFREG|0664, st_size=1359, ...}) = 0
17031 lgetxattr("/home/hmeng/go/src/github.com/opencontainers/runc/libcontainer/cgroups/fs/cpuset_test.go", "security.capability", 0xc820497600, 128) = -1 ENODATA (No data available)
17031 openat(AT_FDCWD, "/home/hmeng/go/src/github.com/opencontainers/runc/libcontainer/cgroups/fs/cpuset_test.go", O_RDONLY|O_CLOEXEC) = 7
17031 read(7, "// +build linux\n\npackage fs\n\nimp"..., 32768) = 1359
17031 read(7, "", 31409)                = 0
17031 close(7)                          = 0
17031 lstat("/home/hmeng/go/src/github.com/opencontainers/runc/libcontainer/cgroups/fs/devices.go", {st_mode=S_IFREG|0664, st_size=1673, ...}) = 0
17031 lstat("/home/hmeng/go/src/github.com/opencontainers/runc/libcontainer/cgroups/fs/devices.go", {st_mode=S_IFREG|0664, st_size=1673, ...}) = 0
17031 lgetxattr("/home/hmeng/go/src/github.com/opencontainers/runc/libcontainer/cgroups/fs/devices.go", "security.capability", 0xc820497680, 128) = -1 ENODATA (No data available)
17031 openat(AT_FDCWD, "/home/hmeng/go/src/github.com/opencontainers/runc/libcontainer/cgroups/fs/devices.go", O_RDONLY|O_CLOEXEC) = 7
17031 read(7, "// +build linux\n\npackage fs\n\nimp"..., 32768) = 1673
17031 read(7, "", 31095)                = 0
17031 close(7)                          = 0
17031 futex(0xc8200f6590, FUTEX_WAKE, 1 <unfinished ...>
17035 <... futex resumed> )             = 0
17031 <... futex resumed> )             = 1
17035 select(0, NULL, NULL, NULL, {0, 100} <unfinished ...>
17031 write(6, "8000\r\ntents,\n\t\t\"blkio.sectors_re"..., 4096) = 4096
17031 write(6, "s_recursive\": serviceBytesRecurs"..., 28678) = 28678
17031 write(6, "\r\n", 2)               = 2
17031 lstat("/home/hmeng/go/src/github.com/opencontainers/runc/libcontainer/cgroups/fs/devices_test.go", {st_mode=S_IFREG|0664, st_size=1885, ...}) = 0
17031 lstat("/home/hmeng/go/src/github.com/opencontainers/runc/libcontainer/cgroups/fs/devices_test.go", {st_mode=S_IFREG|0664, st_size=1885, ...}) = 0
17031 lgetxattr("/home/hmeng/go/src/github.com/opencontainers/runc/libcontainer/cgroups/fs/devices_test.go", "security.capability" <unfinished ...>
17035 <... select resumed> )            = 0 (Timeout)
17031 <... lgetxattr resumed> , 0xc820497700, 128) = -1 ENODATA (No data available)
17035 futex(0xc8200f6590, FUTEX_WAIT, 0, NULL <unfinished ...>
17031 openat(AT_FDCWD, "/home/hmeng/go/src/github.com/opencontainers/runc/libcontainer/cgroups/fs/devices_test.go", O_RDONLY|O_CLOEXEC) = 7
17031 read(7, "// +build linux\n\npackage fs\n\nimp"..., 32768) = 1885
17031 read(7, "", 30883)                = 0
17031 close(7)                          = 0
17031 lstat("/home/hmeng/go/src/github.com/opencontainers/runc/libcontainer/cgroups/fs/freezer.go", {st_mode=S_IFREG|0664, st_size=1248, ...}) = 0
17031 lstat("/home/hmeng/go/src/github.com/opencontainers/runc/libcontainer/cgroups/fs/freezer.go", {st_mode=S_IFREG|0664, st_size=1248, ...}) = 0
17031 lgetxattr("/home/hmeng/go/src/github.com/opencontainers/runc/libcontainer/cgroups/fs/freezer.go", "security.capability", 0xc820497780, 128) = -1 ENODATA (No data available)
17031 openat(AT_FDCWD, "/home/hmeng/go/src/github.com/opencontainers/runc/libcontainer/cgroups/fs/freezer.go", O_RDONLY|O_CLOEXEC) = 7
17031 read(7, "// +build linux\n\npackage fs\n\nimp"..., 32768) = 1248
17031 read(7, "", 31520)                = 0
17031 close(7)                          = 0
17031 lstat("/home/hmeng/go/src/github.com/opencontainers/runc/libcontainer/cgroups/fs/freezer_test.go", {st_mode=S_IFREG|0664, st_size=1150, ...}) = 0
17031 lstat("/home/hmeng/go/src/github.com/opencontainers/runc/libcontainer/cgroups/fs/freezer_test.go", {st_mode=S_IFREG|0664, st_size=1150, ...}) = 0
17031 lgetxattr("/home/hmeng/go/src/github.com/opencontainers/runc/libcontainer/cgroups/fs/freezer_test.go", "security.capability", 0xc820497800, 128) = -1 ENODATA (No data available)
17031 openat(AT_FDCWD, "/home/hmeng/go/src/github.com/opencontainers/runc/libcontainer/cgroups/fs/freezer_test.go", O_RDONLY|O_CLOEXEC) = 7
17031 read(7, "// +build linux\n\npackage fs\n\nimp"..., 32768) = 1150
17031 read(7, "", 31618)                = 0
17031 close(7)                          = 0
17031 lstat("/home/hmeng/go/src/github.com/opencontainers/runc/libcontainer/cgroups/fs/fs_unsupported.go", {st_mode=S_IFREG|0664, st_size=29, ...}) = 0
17031 lstat("/home/hmeng/go/src/github.com/opencontainers/runc/libcontainer/cgroups/fs/fs_unsupported.go", {st_mode=S_IFREG|0664, st_size=29, ...}) = 0
17031 lgetxattr("/home/hmeng/go/src/github.com/opencontainers/runc/libcontainer/cgroups/fs/fs_unsupported.go", "security.capability", 0xc820497880, 128) = -1 ENODATA (No data available)
17031 openat(AT_FDCWD, "/home/hmeng/go/src/github.com/opencontainers/runc/libcontainer/cgroups/fs/fs_unsupported.go", O_RDONLY|O_CLOEXEC) = 7
17031 read(7, "// +build !linux\n\npackage fs\n", 32768) = 29
17031 read(7, "", 32739)                = 0
17031 close(7)                          = 0
17031 lstat("/home/hmeng/go/src/github.com/opencontainers/runc/libcontainer/cgroups/fs/hugetlb.go", {st_mode=S_IFREG|0664, st_size=1795, ...}) = 0
17031 lstat("/home/hmeng/go/src/github.com/opencontainers/runc/libcontainer/cgroups/fs/hugetlb.go", {st_mode=S_IFREG|0664, st_size=1795, ...}) = 0
17031 lgetxattr("/home/hmeng/go/src/github.com/opencontainers/runc/libcontainer/cgroups/fs/hugetlb.go", "security.capability", 0xc820497900, 128) = -1 ENODATA (No data available)
17031 openat(AT_FDCWD, "/home/hmeng/go/src/github.com/opencontainers/runc/libcontainer/cgroups/fs/hugetlb.go", O_RDONLY|O_CLOEXEC) = 7
17031 read(7, "// +build linux\n\npackage fs\n\nimp"..., 32768) = 1795
17031 read(7, "", 30973)                = 0
17031 close(7)                          = 0
17031 lstat("/home/hmeng/go/src/github.com/opencontainers/runc/libcontainer/cgroups/fs/hugetlb_test.go", {st_mode=S_IFREG|0664, st_size=3907, ...}) = 0
17031 lstat("/home/hmeng/go/src/github.com/opencontainers/runc/libcontainer/cgroups/fs/hugetlb_test.go", {st_mode=S_IFREG|0664, st_size=3907, ...}) = 0
17031 lgetxattr("/home/hmeng/go/src/github.com/opencontainers/runc/libcontainer/cgroups/fs/hugetlb_test.go", "security.capability", 0xc820497980, 128) = -1 ENODATA (No data available)
17031 openat(AT_FDCWD, "/home/hmeng/go/src/github.com/opencontainers/runc/libcontainer/cgroups/fs/hugetlb_test.go", O_RDONLY|O_CLOEXEC) = 7
17031 read(7, "// +build linux\n\npackage fs\n\nimp"..., 32768) = 3907
17031 read(7, "", 28861)                = 0
17031 close(7)                          = 0
17031 lstat("/home/hmeng/go/src/github.com/opencontainers/runc/libcontainer/cgroups/fs/memory.go", {st_mode=S_IFREG|0664, st_size=8304, ...}) = 0
17031 lstat("/home/hmeng/go/src/github.com/opencontainers/runc/libcontainer/cgroups/fs/memory.go", {st_mode=S_IFREG|0664, st_size=8304, ...}) = 0
17031 lgetxattr("/home/hmeng/go/src/github.com/opencontainers/runc/libcontainer/cgroups/fs/memory.go", "security.capability", 0xc820497a00, 128) = -1 ENODATA (No data available)
17031 openat(AT_FDCWD, "/home/hmeng/go/src/github.com/opencontainers/runc/libcontainer/cgroups/fs/memory.go", O_RDONLY|O_CLOEXEC) = 7
17031 read(7, "// +build linux\n\npackage fs\n\nimp"..., 32768) = 8304
17031 read(7, "", 24464)                = 0
17031 close(7)                          = 0
17031 lstat("/home/hmeng/go/src/github.com/opencontainers/runc/libcontainer/cgroups/fs/memory_test.go", {st_mode=S_IFREG|0664, st_size=15297, ...}) = 0
17031 lstat("/home/hmeng/go/src/github.com/opencontainers/runc/libcontainer/cgroups/fs/memory_test.go", {st_mode=S_IFREG|0664, st_size=15297, ...}) = 0
17031 lgetxattr("/home/hmeng/go/src/github.com/opencontainers/runc/libcontainer/cgroups/fs/memory_test.go", "security.capability", 0xc820497a80, 128) = -1 ENODATA (No data available)
17031 openat(AT_FDCWD, "/home/hmeng/go/src/github.com/opencontainers/runc/libcontainer/cgroups/fs/memory_test.go", O_RDONLY|O_CLOEXEC) = 7
17031 read(7, "// +build linux\n\npackage fs\n\nimp"..., 32768) = 15297
17031 read(7, "", 17471)                = 0
17031 close(7)                          = 0
17031 futex(0xc8200f6590, FUTEX_WAKE, 1 <unfinished ...>
17035 <... futex resumed> )             = 0
17031 <... futex resumed> )             = 1
17035 select(0, NULL, NULL, NULL, {0, 100} <unfinished ...>
17031 write(6, "8000\r\n.\n\t\treturn err\n\t}\n\treturn "..., 4096) = 4096
17031 write(6, "\0\0\0\0\0\0libcontainer/cgroups/fs/fr"..., 28678) = 28678
17031 write(6, "\r\n", 2)               = 2
17031 lstat("/home/hmeng/go/src/github.com/opencontainers/runc/libcontainer/cgroups/fs/name.go", {st_mode=S_IFREG|0664, st_size=712, ...}) = 0
17031 lstat("/home/hmeng/go/src/github.com/opencontainers/runc/libcontainer/cgroups/fs/name.go", {st_mode=S_IFREG|0664, st_size=712, ...}) = 0
17031 lgetxattr("/home/hmeng/go/src/github.com/opencontainers/runc/libcontainer/cgroups/fs/name.go", "security.capability" <unfinished ...>
17035 <... select resumed> )            = 0 (Timeout)
17031 <... lgetxattr resumed> , 0xc820497b00, 128) = -1 ENODATA (No data available)
17035 futex(0xc8200f6590, FUTEX_WAIT, 0, NULL <unfinished ...>
17031 openat(AT_FDCWD, "/home/hmeng/go/src/github.com/opencontainers/runc/libcontainer/cgroups/fs/name.go", O_RDONLY|O_CLOEXEC) = 7
17031 read(7, "// +build linux\n\npackage fs\n\nimp"..., 32768) = 712
17031 read(7, "", 32056)                = 0
17031 close(7)                          = 0
17031 lstat("/home/hmeng/go/src/github.com/opencontainers/runc/libcontainer/cgroups/fs/net_cls.go", {st_mode=S_IFREG|0664, st_size=820, ...}) = 0
17031 lstat("/home/hmeng/go/src/github.com/opencontainers/runc/libcontainer/cgroups/fs/net_cls.go", {st_mode=S_IFREG|0664, st_size=820, ...}) = 0
17031 lgetxattr("/home/hmeng/go/src/github.com/opencontainers/runc/libcontainer/cgroups/fs/net_cls.go", "security.capability", 0xc820497b80, 128) = -1 ENODATA (No data available)
17031 openat(AT_FDCWD, "/home/hmeng/go/src/github.com/opencontainers/runc/libcontainer/cgroups/fs/net_cls.go", O_RDONLY|O_CLOEXEC) = 7
17031 read(7, "// +build linux\n\npackage fs\n\nimp"..., 32768) = 820
17031 read(7, "", 31948)                = 0
17031 close(7)                          = 0
17031 lstat("/home/hmeng/go/src/github.com/opencontainers/runc/libcontainer/cgroups/fs/net_cls_test.go", {st_mode=S_IFREG|0664, st_size=915, ...}) = 0
17031 lstat("/home/hmeng/go/src/github.com/opencontainers/runc/libcontainer/cgroups/fs/net_cls_test.go", {st_mode=S_IFREG|0664, st_size=915, ...}) = 0
17031 lgetxattr("/home/hmeng/go/src/github.com/opencontainers/runc/libcontainer/cgroups/fs/net_cls_test.go", "security.capability", 0xc820497c00, 128) = -1 ENODATA (No data available)
17031 openat(AT_FDCWD, "/home/hmeng/go/src/github.com/opencontainers/runc/libcontainer/cgroups/fs/net_cls_test.go", O_RDONLY|O_CLOEXEC) = 7
17031 read(7, "// +build linux\n\npackage fs\n\nimp"..., 32768) = 915
17031 read(7, "", 31853)                = 0
17031 close(7)                          = 0
17031 lstat("/home/hmeng/go/src/github.com/opencontainers/runc/libcontainer/cgroups/fs/net_prio.go", {st_mode=S_IFREG|0664, st_size=842, ...}) = 0
17031 lstat("/home/hmeng/go/src/github.com/opencontainers/runc/libcontainer/cgroups/fs/net_prio.go", {st_mode=S_IFREG|0664, st_size=842, ...}) = 0
17031 lgetxattr("/home/hmeng/go/src/github.com/opencontainers/runc/libcontainer/cgroups/fs/net_prio.go", "security.capability", 0xc820497c80, 128) = -1 ENODATA (No data available)
17031 openat(AT_FDCWD, "/home/hmeng/go/src/github.com/opencontainers/runc/libcontainer/cgroups/fs/net_prio.go", O_RDONLY|O_CLOEXEC) = 7
17031 read(7, "// +build linux\n\npackage fs\n\nimp"..., 32768) = 842
17031 read(7, "", 31926)                = 0
17031 close(7)                          = 0
17031 lstat("/home/hmeng/go/src/github.com/opencontainers/runc/libcontainer/cgroups/fs/net_prio_test.go", {st_mode=S_IFREG|0664, st_size=782, ...}) = 0
17031 lstat("/home/hmeng/go/src/github.com/opencontainers/runc/libcontainer/cgroups/fs/net_prio_test.go", {st_mode=S_IFREG|0664, st_size=782, ...}) = 0
17031 lgetxattr("/home/hmeng/go/src/github.com/opencontainers/runc/libcontainer/cgroups/fs/net_prio_test.go", "security.capability", 0xc820497d00, 128) = -1 ENODATA (No data available)
17031 openat(AT_FDCWD, "/home/hmeng/go/src/github.com/opencontainers/runc/libcontainer/cgroups/fs/net_prio_test.go", O_RDONLY|O_CLOEXEC) = 7
17031 read(7, "// +build linux\n\npackage fs\n\nimp"..., 32768) = 782
17031 read(7, "", 31986)                = 0
17031 close(7)                          = 0
17031 lstat("/home/hmeng/go/src/github.com/opencontainers/runc/libcontainer/cgroups/fs/perf_event.go", {st_mode=S_IFREG|0664, st_size=759, ...}) = 0
17031 lstat("/home/hmeng/go/src/github.com/opencontainers/runc/libcontainer/cgroups/fs/perf_event.go", {st_mode=S_IFREG|0664, st_size=759, ...}) = 0
17031 lgetxattr("/home/hmeng/go/src/github.com/opencontainers/runc/libcontainer/cgroups/fs/perf_event.go", "security.capability", 0xc820497d80, 128) = -1 ENODATA (No data available)
17031 openat(AT_FDCWD, "/home/hmeng/go/src/github.com/opencontainers/runc/libcontainer/cgroups/fs/perf_event.go", O_RDONLY|O_CLOEXEC) = 7
17031 read(7, "// +build linux\n\npackage fs\n\nimp"..., 32768) = 759
17031 read(7, "", 32009)                = 0
17031 close(7)                          = 0
17031 lstat("/home/hmeng/go/src/github.com/opencontainers/runc/libcontainer/cgroups/fs/pids.go", {st_mode=S_IFREG|0664, st_size=1619, ...}) = 0
17031 lstat("/home/hmeng/go/src/github.com/opencontainers/runc/libcontainer/cgroups/fs/pids.go", {st_mode=S_IFREG|0664, st_size=1619, ...}) = 0
17031 lgetxattr("/home/hmeng/go/src/github.com/opencontainers/runc/libcontainer/cgroups/fs/pids.go", "security.capability", 0xc820497e00, 128) = -1 ENODATA (No data available)
17031 openat(AT_FDCWD, "/home/hmeng/go/src/github.com/opencontainers/runc/libcontainer/cgroups/fs/pids.go", O_RDONLY|O_CLOEXEC) = 7
17031 read(7, "// +build linux\n\npackage fs\n\nimp"..., 32768) = 1619
17031 read(7, "", 31149)                = 0
17031 close(7)                          = 0
17031 lstat("/home/hmeng/go/src/github.com/opencontainers/runc/libcontainer/cgroups/fs/pids_test.go", {st_mode=S_IFREG|0664, st_size=2612, ...}) = 0
17031 lstat("/home/hmeng/go/src/github.com/opencontainers/runc/libcontainer/cgroups/fs/pids_test.go", {st_mode=S_IFREG|0664, st_size=2612, ...}) = 0
17031 lgetxattr("/home/hmeng/go/src/github.com/opencontainers/runc/libcontainer/cgroups/fs/pids_test.go", "security.capability", 0xc820497e80, 128) = -1 ENODATA (No data available)
17031 openat(AT_FDCWD, "/home/hmeng/go/src/github.com/opencontainers/runc/libcontainer/cgroups/fs/pids_test.go", O_RDONLY|O_CLOEXEC) = 7
17031 read(7, "// +build linux\n\npackage fs\n\nimp"..., 32768) = 2612
17031 read(7, "", 30156)                = 0
17031 close(7)                          = 0
17031 lstat("/home/hmeng/go/src/github.com/opencontainers/runc/libcontainer/cgroups/fs/stats_util_test.go", {st_mode=S_IFREG|0664, st_size=3821, ...}) = 0
17031 lstat("/home/hmeng/go/src/github.com/opencontainers/runc/libcontainer/cgroups/fs/stats_util_test.go", {st_mode=S_IFREG|0664, st_size=3821, ...}) = 0
17031 lgetxattr("/home/hmeng/go/src/github.com/opencontainers/runc/libcontainer/cgroups/fs/stats_util_test.go", "security.capability", 0xc820497f00, 128) = -1 ENODATA (No data available)
17031 openat(AT_FDCWD, "/home/hmeng/go/src/github.com/opencontainers/runc/libcontainer/cgroups/fs/stats_util_test.go", O_RDONLY|O_CLOEXEC) = 7
17031 read(7, "// +build linux\n\npackage fs\n\nimp"..., 32768) = 3821
17031 read(7, "", 28947)                = 0
17031 close(7)                          = 0
17031 lstat("/home/hmeng/go/src/github.com/opencontainers/runc/libcontainer/cgroups/fs/util_test.go", {st_mode=S_IFREG|0664, st_size=1486, ...}) = 0
17031 lstat("/home/hmeng/go/src/github.com/opencontainers/runc/libcontainer/cgroups/fs/util_test.go", {st_mode=S_IFREG|0664, st_size=1486, ...}) = 0
17031 lgetxattr("/home/hmeng/go/src/github.com/opencontainers/runc/libcontainer/cgroups/fs/util_test.go", "security.capability", 0xc820497f80, 128) = -1 ENODATA (No data available)
17031 openat(AT_FDCWD, "/home/hmeng/go/src/github.com/opencontainers/runc/libcontainer/cgroups/fs/util_test.go", O_RDONLY|O_CLOEXEC) = 7
17031 read(7, "// +build linux\n\n/*\nUtility for "..., 32768) = 1486
17031 read(7, "", 31282)                = 0
17031 close(7)                          = 0
17031 lstat("/home/hmeng/go/src/github.com/opencontainers/runc/libcontainer/cgroups/fs/utils.go", {st_mode=S_IFREG|0664, st_size=2098, ...}) = 0
17031 lstat("/home/hmeng/go/src/github.com/opencontainers/runc/libcontainer/cgroups/fs/utils.go", {st_mode=S_IFREG|0664, st_size=2098, ...}) = 0
17031 lgetxattr("/home/hmeng/go/src/github.com/opencontainers/runc/libcontainer/cgroups/fs/utils.go", "security.capability", 0xc8204ba000, 128) = -1 ENODATA (No data available)
17031 openat(AT_FDCWD, "/home/hmeng/go/src/github.com/opencontainers/runc/libcontainer/cgroups/fs/utils.go", O_RDONLY|O_CLOEXEC) = 7
17031 read(7, "// +build linux\n\npackage fs\n\nimp"..., 32768) = 2098
17031 read(7, "", 30670)                = 0
17031 close(7)                          = 0
17031 futex(0xc8200f6590, FUTEX_WAKE, 1 <unfinished ...>
17035 <... futex resumed> )             = 0
17031 <... futex resumed> )             = 1
17035 select(0, NULL, NULL, NULL, {0, 100} <unfinished ...>
17031 write(6, "8000\r\n:= NewCgroupTestUtil(\"memo"..., 4096) = 4096
17031 write(6, "ory.max_usage_in_bytes\": memoryM"..., 28678) = 28678
17031 write(6, "\r\n", 2)               = 2
17031 lstat("/home/hmeng/go/src/github.com/opencontainers/runc/libcontainer/cgroups/fs/utils_test.go", {st_mode=S_IFREG|0664, st_size=2083, ...}) = 0
17031 lstat("/home/hmeng/go/src/github.com/opencontainers/runc/libcontainer/cgroups/fs/utils_test.go", {st_mode=S_IFREG|0664, st_size=2083, ...}) = 0
17035 <... select resumed> )            = 0 (Timeout)
17031 lgetxattr("/home/hmeng/go/src/github.com/opencontainers/runc/libcontainer/cgroups/fs/utils_test.go", "security.capability" <unfinished ...>
17035 futex(0xc8200f6590, FUTEX_WAIT, 0, NULL <unfinished ...>
17031 <... lgetxattr resumed> , 0xc8204ba080, 128) = -1 ENODATA (No data available)
17031 openat(AT_FDCWD, "/home/hmeng/go/src/github.com/opencontainers/runc/libcontainer/cgroups/fs/utils_test.go", O_RDONLY|O_CLOEXEC) = 7
17031 read(7, "// +build linux\n\npackage fs\n\nimp"..., 32768) = 2083
17031 read(7, "", 30685)                = 0
17031 close(7)                          = 0
17031 lstat("/home/hmeng/go/src/github.com/opencontainers/runc/libcontainer/cgroups/stats.go", {st_mode=S_IFREG|0664, st_size=3777, ...}) = 0
17031 lstat("/home/hmeng/go/src/github.com/opencontainers/runc/libcontainer/cgroups/stats.go", {st_mode=S_IFREG|0664, st_size=3777, ...}) = 0
17031 lgetxattr("/home/hmeng/go/src/github.com/opencontainers/runc/libcontainer/cgroups/stats.go", "security.capability", 0xc8204ba100, 128) = -1 ENODATA (No data available)
17031 openat(AT_FDCWD, "/home/hmeng/go/src/github.com/opencontainers/runc/libcontainer/cgroups/stats.go", O_RDONLY|O_CLOEXEC) = 7
17031 read(7, "// +build linux\n\npackage cgroups"..., 32768) = 3777
17031 read(7, "", 28991)                = 0
17031 close(7)                          = 0
17031 lstat("/home/hmeng/go/src/github.com/opencontainers/runc/libcontainer/cgroups/systemd", {st_mode=S_IFDIR|0775, st_size=54, ...}) = 0
17031 lstat("/home/hmeng/go/src/github.com/opencontainers/runc/libcontainer/cgroups/systemd", {st_mode=S_IFDIR|0775, st_size=54, ...}) = 0
17031 lgetxattr("/home/hmeng/go/src/github.com/opencontainers/runc/libcontainer/cgroups/systemd", "security.capability", 0xc8204ba180, 128) = -1 ENODATA (No data available)
17031 openat(AT_FDCWD, "/home/hmeng/go/src/github.com/opencontainers/runc/libcontainer/cgroups/systemd", O_RDONLY|O_CLOEXEC) = 7
17031 getdents64(7, /* 4 entries */, 4096) = 128
17031 getdents64(7, /* 0 entries */, 4096) = 0
17031 close(7)                          = 0
17031 lstat("/home/hmeng/go/src/github.com/opencontainers/runc/libcontainer/cgroups/systemd/apply_nosystemd.go", {st_mode=S_IFREG|0664, st_size=1153, ...}) = 0
17031 lstat("/home/hmeng/go/src/github.com/opencontainers/runc/libcontainer/cgroups/systemd/apply_nosystemd.go", {st_mode=S_IFREG|0664, st_size=1153, ...}) = 0
17031 lgetxattr("/home/hmeng/go/src/github.com/opencontainers/runc/libcontainer/cgroups/systemd/apply_nosystemd.go", "security.capability", 0xc8204ba200, 128) = -1 ENODATA (No data available)
17031 openat(AT_FDCWD, "/home/hmeng/go/src/github.com/opencontainers/runc/libcontainer/cgroups/systemd/apply_nosystemd.go", O_RDONLY|O_CLOEXEC) = 7
17031 read(7, "// +build !linux\n\npackage system"..., 32768) = 1153
17031 read(7, "", 31615)                = 0
17031 close(7)                          = 0
17031 lstat("/home/hmeng/go/src/github.com/opencontainers/runc/libcontainer/cgroups/systemd/apply_systemd.go", {st_mode=S_IFREG|0664, st_size=12216, ...}) = 0
17031 lstat("/home/hmeng/go/src/github.com/opencontainers/runc/libcontainer/cgroups/systemd/apply_systemd.go", {st_mode=S_IFREG|0664, st_size=12216, ...}) = 0
17031 lgetxattr("/home/hmeng/go/src/github.com/opencontainers/runc/libcontainer/cgroups/systemd/apply_systemd.go", "security.capability", 0xc8204ba280, 128) = -1 ENODATA (No data available)
17031 openat(AT_FDCWD, "/home/hmeng/go/src/github.com/opencontainers/runc/libcontainer/cgroups/systemd/apply_systemd.go", O_RDONLY|O_CLOEXEC) = 7
17031 read(7, "// +build linux\n\npackage systemd"..., 32768) = 12216
17031 read(7, "", 20552)                = 0
17031 close(7)                          = 0
17031 lstat("/home/hmeng/go/src/github.com/opencontainers/runc/libcontainer/cgroups/utils.go", {st_mode=S_IFREG|0664, st_size=9631, ...}) = 0
17031 lstat("/home/hmeng/go/src/github.com/opencontainers/runc/libcontainer/cgroups/utils.go", {st_mode=S_IFREG|0664, st_size=9631, ...}) = 0
17031 lgetxattr("/home/hmeng/go/src/github.com/opencontainers/runc/libcontainer/cgroups/utils.go", "security.capability", 0xc8204ba300, 128) = -1 ENODATA (No data available)
17031 openat(AT_FDCWD, "/home/hmeng/go/src/github.com/opencontainers/runc/libcontainer/cgroups/utils.go", O_RDONLY|O_CLOEXEC) = 7
17031 read(7, "// +build linux\n\npackage cgroups"..., 32768) = 9631
17031 read(7, "", 23137)                = 0
17031 close(7)                          = 0
17031 futex(0xc8200f6590, FUTEX_WAKE, 1 <unfinished ...>
17035 <... futex resumed> )             = 0
17031 <... futex resumed> )             = 1
17035 select(0, NULL, NULL, NULL, {0, 100} <unfinished ...>
17031 write(6, "8000\r\nl.ReadFile(fileName)\n\tif e"..., 4096) = 4096
17031 write(6, "\0\0\0\0\0\0libcontainer/cgroups/stats"..., 28678) = 28678
17031 write(6, "\r\n", 2)               = 2
17031 lstat("/home/hmeng/go/src/github.com/opencontainers/runc/libcontainer/cgroups/utils_test.go", {st_mode=S_IFREG|0664, st_size=17561, ...}) = 0
17031 lstat("/home/hmeng/go/src/github.com/opencontainers/runc/libcontainer/cgroups/utils_test.go", {st_mode=S_IFREG|0664, st_size=17561, ...}) = 0
17035 <... select resumed> )            = 0 (Timeout)
17031 lgetxattr("/home/hmeng/go/src/github.com/opencontainers/runc/libcontainer/cgroups/utils_test.go", "security.capability" <unfinished ...>
17035 futex(0xc8200f6590, FUTEX_WAIT, 0, NULL <unfinished ...>
17031 <... lgetxattr resumed> , 0xc8204ba380, 128) = -1 ENODATA (No data available)
17031 openat(AT_FDCWD, "/home/hmeng/go/src/github.com/opencontainers/runc/libcontainer/cgroups/utils_test.go", O_RDONLY|O_CLOEXEC) = 7
17031 read(7, "// +build linux\n\npackage cgroups"..., 32768) = 17561
17031 read(7, "", 15207)                = 0
17031 close(7)                          = 0
17031 lstat("/home/hmeng/go/src/github.com/opencontainers/runc/libcontainer/compat_1.5_linux.go", {st_mode=S_IFREG|0664, st_size=219, ...}) = 0
17031 lstat("/home/hmeng/go/src/github.com/opencontainers/runc/libcontainer/compat_1.5_linux.go", {st_mode=S_IFREG|0664, st_size=219, ...}) = 0
17031 lgetxattr("/home/hmeng/go/src/github.com/opencontainers/runc/libcontainer/compat_1.5_linux.go", "security.capability", 0xc8204ba400, 128) = -1 ENODATA (No data available)
17031 openat(AT_FDCWD, "/home/hmeng/go/src/github.com/opencontainers/runc/libcontainer/compat_1.5_linux.go", O_RDONLY|O_CLOEXEC) = 7
17031 read(7, "// +build linux,!go1.5\n\npackage "..., 32768) = 219
17031 read(7, "", 32549)                = 0
17031 close(7)                          = 0
17031 lstat("/home/hmeng/go/src/github.com/opencontainers/runc/libcontainer/configs", {st_mode=S_IFDIR|0775, st_size=4096, ...}) = 0
17031 lstat("/home/hmeng/go/src/github.com/opencontainers/runc/libcontainer/configs",  <unfinished ...>
17032 <... select resumed> )            = 0 (Timeout)
17031 <... lstat resumed> {st_mode=S_IFDIR|0775, st_size=4096, ...}) = 0
17032 clock_gettime(CLOCK_MONOTONIC,  <unfinished ...>
17031 lgetxattr("/home/hmeng/go/src/github.com/opencontainers/runc/libcontainer/configs", "security.capability" <unfinished ...>
17032 <... clock_gettime resumed> {4903, 653646348}) = 0
17031 <... lgetxattr resumed> , 0xc8204ba480, 128) = -1 ENODATA (No data available)
17032 clock_gettime(CLOCK_REALTIME,  <unfinished ...>
17031 openat(AT_FDCWD, "/home/hmeng/go/src/github.com/opencontainers/runc/libcontainer/configs", O_RDONLY|O_CLOEXEC <unfinished ...>
17032 <... clock_gettime resumed> {1465918769, 437696360}) = 0
17031 <... openat resumed> )            = 7
17032 select(0, NULL, NULL, NULL, {0, 10000} <unfinished ...>
17031 getdents64(7, /* 23 entries */, 4096) = 904
17031 getdents64(7, /* 0 entries */, 4096) = 0
17031 close(7)                          = 0
17031 lstat("/home/hmeng/go/src/github.com/opencontainers/runc/libcontainer/configs/blkio_device.go", {st_mode=S_IFREG|0664, st_size=1947, ...}) = 0
17031 lstat("/home/hmeng/go/src/github.com/opencontainers/runc/libcontainer/configs/blkio_device.go", {st_mode=S_IFREG|0664, st_size=1947, ...}) = 0
17031 lgetxattr("/home/hmeng/go/src/github.com/opencontainers/runc/libcontainer/configs/blkio_device.go", "security.capability", 0xc8204ba500, 128) = -1 ENODATA (No data available)
17031 openat(AT_FDCWD, "/home/hmeng/go/src/github.com/opencontainers/runc/libcontainer/configs/blkio_device.go", O_RDONLY|O_CLOEXEC) = 7
17031 read(7, "package configs\n\nimport \"fmt\"\n\n/"..., 32768) = 1947
17031 read(7, "", 30821)                = 0
17031 close(7)                          = 0
17031 lstat("/home/hmeng/go/src/github.com/opencontainers/runc/libcontainer/configs/cgroup_unix.go", {st_mode=S_IFREG|0664, st_size=4072, ...}) = 0
17031 lstat("/home/hmeng/go/src/github.com/opencontainers/runc/libcontainer/configs/cgroup_unix.go", {st_mode=S_IFREG|0664, st_size=4072, ...}) = 0
17031 lgetxattr("/home/hmeng/go/src/github.com/opencontainers/runc/libcontainer/configs/cgroup_unix.go", "security.capability", 0xc8204ba580, 128) = -1 ENODATA (No data available)
17031 openat(AT_FDCWD, "/home/hmeng/go/src/github.com/opencontainers/runc/libcontainer/configs/cgroup_unix.go", O_RDONLY|O_CLOEXEC) = 7
17031 read(7, "// +build linux freebsd\n\npackage"..., 32768) = 4072
17031 read(7, "", 28696)                = 0
17031 close(7)                          = 0
17031 lstat("/home/hmeng/go/src/github.com/opencontainers/runc/libcontainer/configs/cgroup_unsupported.go", {st_mode=S_IFREG|0664, st_size=76, ...}) = 0
17031 lstat("/home/hmeng/go/src/github.com/opencontainers/runc/libcontainer/configs/cgroup_unsupported.go", {st_mode=S_IFREG|0664, st_size=76, ...}) = 0
17031 lgetxattr("/home/hmeng/go/src/github.com/opencontainers/runc/libcontainer/configs/cgroup_unsupported.go", "security.capability", 0xc8204ba600, 128) = -1 ENODATA (No data available)
17031 openat(AT_FDCWD, "/home/hmeng/go/src/github.com/opencontainers/runc/libcontainer/configs/cgroup_unsupported.go", O_RDONLY|O_CLOEXEC) = 7
17031 read(7, "// +build !windows,!linux,!freeb"..., 32768) = 76
17031 read(7, "", 32692)                = 0
17031 close(7)                          = 0
17031 lstat("/home/hmeng/go/src/github.com/opencontainers/runc/libcontainer/configs/cgroup_windows.go", {st_mode=S_IFREG|0664, st_size=158, ...}) = 0
17031 lstat("/home/hmeng/go/src/github.com/opencontainers/runc/libcontainer/configs/cgroup_windows.go", {st_mode=S_IFREG|0664, st_size=158, ...}) = 0
17031 lgetxattr("/home/hmeng/go/src/github.com/opencontainers/runc/libcontainer/configs/cgroup_windows.go", "security.capability", 0xc8204ba680, 128) = -1 ENODATA (No data available)
17031 openat(AT_FDCWD, "/home/hmeng/go/src/github.com/opencontainers/runc/libcontainer/configs/cgroup_windows.go", O_RDONLY|O_CLOEXEC) = 7
17031 read(7, "package configs\n\n// TODO Windows"..., 32768) = 158
17031 read(7, "", 32610)                = 0
17031 close(7)                          = 0
17031 lstat("/home/hmeng/go/src/github.com/opencontainers/runc/libcontainer/configs/config.go", {st_mode=S_IFREG|0664, st_size=10566, ...}) = 0
17031 lstat("/home/hmeng/go/src/github.com/opencontainers/runc/libcontainer/configs/config.go", {st_mode=S_IFREG|0664, st_size=10566, ...}) = 0
17031 lgetxattr("/home/hmeng/go/src/github.com/opencontainers/runc/libcontainer/configs/config.go", "security.capability", 0xc8204ba700, 128) = -1 ENODATA (No data available)
17031 openat(AT_FDCWD, "/home/hmeng/go/src/github.com/opencontainers/runc/libcontainer/configs/config.go", O_RDONLY|O_CLOEXEC) = 7
17031 read(7, "package configs\n\nimport (\n\t\"byte"..., 32768) = 10566
17031 read(7, "", 22202)                = 0
17031 close(7)                          = 0
17031 futex(0xc8200f6590, FUTEX_WAKE, 1 <unfinished ...>
17035 <... futex resumed> )             = 0
17031 <... futex resumed> )             = 1
17035 select(0, NULL, NULL, NULL, {0, 100} <unfinished ...>
17031 write(6, "8000\r\nys returns error, even on "..., 4096) = 4096
17031 write(6, "s/cgroup/perf_event rw,nosuid,no"..., 28678) = 28678
17031 write(6, "\r\n", 2)               = 2
17031 lstat("/home/hmeng/go/src/github.com/opencontainers/runc/libcontainer/configs/config_test.go", {st_mode=S_IFREG|0664, st_size=4313, ...}) = 0
17031 lstat("/home/hmeng/go/src/github.com/opencontainers/runc/libcontainer/configs/config_test.go",  <unfinished ...>
17035 <... select resumed> )            = 0 (Timeout)
17031 <... lstat resumed> {st_mode=S_IFREG|0664, st_size=4313, ...}) = 0
17035 futex(0xc8200f6590, FUTEX_WAIT, 0, NULL <unfinished ...>
17031 lgetxattr("/home/hmeng/go/src/github.com/opencontainers/runc/libcontainer/configs/config_test.go", "security.capability", 0xc8204ba780, 128) = -1 ENODATA (No data available)
17031 openat(AT_FDCWD, "/home/hmeng/go/src/github.com/opencontainers/runc/libcontainer/configs/config_test.go", O_RDONLY|O_CLOEXEC) = 7
17031 read(7, "package configs_test\n\nimport (\n\t"..., 32768) = 4313
17031 read(7, "", 28455)                = 0
17031 close(7)                          = 0
17031 lstat("/home/hmeng/go/src/github.com/opencontainers/runc/libcontainer/configs/config_unix.go", {st_mode=S_IFREG|0664, st_size=1530, ...}) = 0
17031 lstat("/home/hmeng/go/src/github.com/opencontainers/runc/libcontainer/configs/config_unix.go", {st_mode=S_IFREG|0664, st_size=1530, ...}) = 0
17031 lgetxattr("/home/hmeng/go/src/github.com/opencontainers/runc/libcontainer/configs/config_unix.go", "security.capability", 0xc8204ba800, 128) = -1 ENODATA (No data available)
17031 openat(AT_FDCWD, "/home/hmeng/go/src/github.com/opencontainers/runc/libcontainer/configs/config_unix.go", O_RDONLY|O_CLOEXEC) = 7
17031 read(7, "// +build freebsd linux\n\npackage"..., 32768) = 1530
17031 read(7, "", 31238)                = 0
17031 close(7)                          = 0
17031 lstat("/home/hmeng/go/src/github.com/opencontainers/runc/libcontainer/configs/config_unix_test.go", {st_mode=S_IFREG|0664, st_size=3003, ...}) = 0
17031 lstat("/home/hmeng/go/src/github.com/opencontainers/runc/libcontainer/configs/config_unix_test.go", {st_mode=S_IFREG|0664, st_size=3003, ...}) = 0
17031 lgetxattr("/home/hmeng/go/src/github.com/opencontainers/runc/libcontainer/configs/config_unix_test.go", "security.capability", 0xc8204ba880, 128) = -1 ENODATA (No data available)
17031 openat(AT_FDCWD, "/home/hmeng/go/src/github.com/opencontainers/runc/libcontainer/configs/config_unix_test.go", O_RDONLY|O_CLOEXEC) = 7
17031 read(7, "// +build linux freebsd\n\npackage"..., 32768) = 3003
17031 read(7, "", 29765)                = 0
17031 close(7)                          = 0
17031 lstat("/home/hmeng/go/src/github.com/opencontainers/runc/libcontainer/configs/config_windows_test.go", {st_mode=S_IFREG|0664, st_size=74, ...}) = 0
17031 lstat("/home/hmeng/go/src/github.com/opencontainers/runc/libcontainer/configs/config_windows_test.go", {st_mode=S_IFREG|0664, st_size=74, ...}) = 0
17031 lgetxattr("/home/hmeng/go/src/github.com/opencontainers/runc/libcontainer/configs/config_windows_test.go", "security.capability", 0xc8204ba900, 128) = -1 ENODATA (No data available)
17031 openat(AT_FDCWD, "/home/hmeng/go/src/github.com/opencontainers/runc/libcontainer/configs/config_windows_test.go", O_RDONLY|O_CLOEXEC) = 7
17031 read(7, "package configs\n\n// All current "..., 32768) = 74
17031 read(7, "", 32694)                = 0
17031 close(7)                          = 0
17031 lstat("/home/hmeng/go/src/github.com/opencontainers/runc/libcontainer/configs/device.go", {st_mode=S_IFREG|0664, st_size=1193, ...}) = 0
17031 lstat("/home/hmeng/go/src/github.com/opencontainers/runc/libcontainer/configs/device.go", {st_mode=S_IFREG|0664, st_size=1193, ...}) = 0
17031 lgetxattr("/home/hmeng/go/src/github.com/opencontainers/runc/libcontainer/configs/device.go", "security.capability", 0xc8204ba980, 128) = -1 ENODATA (No data available)
17031 openat(AT_FDCWD, "/home/hmeng/go/src/github.com/opencontainers/runc/libcontainer/configs/device.go", O_RDONLY|O_CLOEXEC) = 7
17031 read(7, "package configs\n\nimport (\n\t\"fmt\""..., 32768) = 1193
17031 read(7, "", 31575)                = 0
17031 close(7)                          = 0
17031 lstat("/home/hmeng/go/src/github.com/opencontainers/runc/libcontainer/configs/device_defaults.go", {st_mode=S_IFREG|0664, st_size=2386, ...}) = 0
17031 lstat("/home/hmeng/go/src/github.com/opencontainers/runc/libcontainer/configs/device_defaults.go", {st_mode=S_IFREG|0664, st_size=2386, ...}) = 0
17031 lgetxattr("/home/hmeng/go/src/github.com/opencontainers/runc/libcontainer/configs/device_defaults.go", "security.capability", 0xc8204baa00, 128) = -1 ENODATA (No data available)
17031 openat(AT_FDCWD, "/home/hmeng/go/src/github.com/opencontainers/runc/libcontainer/configs/device_defaults.go", O_RDONLY|O_CLOEXEC) = 7
17031 read(7, "// +build linux freebsd\n\npackage"..., 32768) = 2386
17031 read(7, "", 30382)                = 0
17031 close(7)                          = 0
17031 lstat("/home/hmeng/go/src/github.com/opencontainers/runc/libcontainer/configs/hugepage_limit.go", {st_mode=S_IFREG|0664, st_size=180, ...}) = 0
17031 lstat("/home/hmeng/go/src/github.com/opencontainers/runc/libcontainer/configs/hugepage_limit.go", {st_mode=S_IFREG|0664, st_size=180, ...}) = 0
17031 lgetxattr("/home/hmeng/go/src/github.com/opencontainers/runc/libcontainer/configs/hugepage_limit.go", "security.capability", 0xc8204baa80, 128) = -1 ENODATA (No data available)
17031 openat(AT_FDCWD, "/home/hmeng/go/src/github.com/opencontainers/runc/libcontainer/configs/hugepage_limit.go", O_RDONLY|O_CLOEXEC) = 7
17031 read(7, "package configs\n\ntype HugepageLi"..., 32768) = 180
17031 read(7, "", 32588)                = 0
17031 close(7)                          = 0
17031 lstat("/home/hmeng/go/src/github.com/opencontainers/runc/libcontainer/configs/interface_priority_map.go", {st_mode=S_IFREG|0664, st_size=236, ...}) = 0
17031 lstat("/home/hmeng/go/src/github.com/opencontainers/runc/libcontainer/configs/interface_priority_map.go", {st_mode=S_IFREG|0664, st_size=236, ...}) = 0
17031 lgetxattr("/home/hmeng/go/src/github.com/opencontainers/runc/libcontainer/configs/interface_priority_map.go", "security.capability", 0xc8204bab00, 128) = -1 ENODATA (No data available)
17031 openat(AT_FDCWD, "/home/hmeng/go/src/github.com/opencontainers/runc/libcontainer/configs/interface_priority_map.go", O_RDONLY|O_CLOEXEC) = 7
17031 read(7, "package configs\n\nimport (\n\t\"fmt\""..., 32768) = 236
17031 read(7, "", 32532)                = 0
17031 close(7)                          = 0
17031 lstat("/home/hmeng/go/src/github.com/opencontainers/runc/libcontainer/configs/mount.go", {st_mode=S_IFREG|0664, st_size=762, ...}) = 0
17031 lstat("/home/hmeng/go/src/github.com/opencontainers/runc/libcontainer/configs/mount.go", {st_mode=S_IFREG|0664, st_size=762, ...}) = 0
17031 lgetxattr("/home/hmeng/go/src/github.com/opencontainers/runc/libcontainer/configs/mount.go", "security.capability", 0xc8204bab80, 128) = -1 ENODATA (No data available)
17031 openat(AT_FDCWD, "/home/hmeng/go/src/github.com/opencontainers/runc/libcontainer/configs/mount.go", O_RDONLY|O_CLOEXEC) = 7
17031 read(7, "package configs\n\ntype Mount stru"..., 32768) = 762
17031 read(7, "", 32006)                = 0
17031 close(7)                          = 0
17031 lstat("/home/hmeng/go/src/github.com/opencontainers/runc/libcontainer/configs/namespaces.go", {st_mode=S_IFREG|0664, st_size=72, ...}) = 0
17031 lstat("/home/hmeng/go/src/github.com/opencontainers/runc/libcontainer/configs/namespaces.go", {st_mode=S_IFREG|0664, st_size=72, ...}) = 0
17031 lgetxattr("/home/hmeng/go/src/github.com/opencontainers/runc/libcontainer/configs/namespaces.go", "security.capability", 0xc8204bac00, 128) = -1 ENODATA (No data available)
17031 openat(AT_FDCWD, "/home/hmeng/go/src/github.com/opencontainers/runc/libcontainer/configs/namespaces.go", O_RDONLY|O_CLOEXEC) = 7
17031 read(7, "package configs\n\ntype NamespaceT"..., 32768) = 72
17031 read(7, "", 32696)                = 0
17031 close(7)                          = 0
17031 lstat("/home/hmeng/go/src/github.com/opencontainers/runc/libcontainer/configs/namespaces_syscall.go", {st_mode=S_IFREG|0664, st_size=692, ...}) = 0
17031 lstat("/home/hmeng/go/src/github.com/opencontainers/runc/libcontainer/configs/namespaces_syscall.go", {st_mode=S_IFREG|0664, st_size=692, ...}) = 0
17031 lgetxattr("/home/hmeng/go/src/github.com/opencontainers/runc/libcontainer/configs/namespaces_syscall.go", "security.capability", 0xc8204bac80, 128) = -1 ENODATA (No data available)
17031 openat(AT_FDCWD, "/home/hmeng/go/src/github.com/opencontainers/runc/libcontainer/configs/namespaces_syscall.go", O_RDONLY|O_CLOEXEC) = 7
17031 read(7, "// +build linux\n\npackage configs"..., 32768) = 692
17031 read(7, "", 32076)                = 0
17031 close(7)                          = 0
17031 lstat("/home/hmeng/go/src/github.com/opencontainers/runc/libcontainer/configs/namespaces_syscall_unsupported.go", {st_mode=S_IFREG|0664, st_size=392, ...}) = 0
17031 lstat("/home/hmeng/go/src/github.com/opencontainers/runc/libcontainer/configs/namespaces_syscall_unsupported.go", {st_mode=S_IFREG|0664, st_size=392, ...}) = 0
17031 lgetxattr("/home/hmeng/go/src/github.com/opencontainers/runc/libcontainer/configs/namespaces_syscall_unsupported.go", "security.capability", 0xc8204bad00, 128) = -1 ENODATA (No data available)
17031 openat(AT_FDCWD, "/home/hmeng/go/src/github.com/opencontainers/runc/libcontainer/configs/namespaces_syscall_unsupported.go", O_RDONLY|O_CLOEXEC) = 7
17031 read(7, "// +build !linux,!windows\n\npacka"..., 32768) = 392
17031 read(7, "", 32376)                = 0
17031 close(7)                          = 0
17031 futex(0xc8200f6590, FUTEX_WAKE, 1 <unfinished ...>
17035 <... futex resumed> )             = 0
17031 <... futex resumed> )             = 1
17035 select(0, NULL, NULL, NULL, {0, 100} <unfinished ...>
17031 write(6, "8000\r\n\n}\n\n// TODO Windows. Many "..., 4096) = 4096
17031 write(6, "n:\"additional_groups\"`\n\n\t// UidM"..., 28678) = 28678
17031 write(6, "\r\n", 2)               = 2
17031 lstat("/home/hmeng/go/src/github.com/opencontainers/runc/libcontainer/configs/namespaces_unix.go", {st_mode=S_IFREG|0664, st_size=2421, ...}) = 0
17031 lstat("/home/hmeng/go/src/github.com/opencontainers/runc/libcontainer/configs/namespaces_unix.go", {st_mode=S_IFREG|0664, st_size=2421, ...}) = 0
17035 <... select resumed> )            = 0 (Timeout)
17031 lgetxattr("/home/hmeng/go/src/github.com/opencontainers/runc/libcontainer/configs/namespaces_unix.go", "security.capability" <unfinished ...>
17035 futex(0xc8200f6590, FUTEX_WAIT, 0, NULL <unfinished ...>
17031 <... lgetxattr resumed> , 0xc8204bad80, 128) = -1 ENODATA (No data available)
17031 openat(AT_FDCWD, "/home/hmeng/go/src/github.com/opencontainers/runc/libcontainer/configs/namespaces_unix.go", O_RDONLY|O_CLOEXEC) = 7
17031 read(7, "// +build linux freebsd\n\npackage"..., 32768) = 2421
17031 read(7, "", 30347)                = 0
17031 close(7)                          = 0
17031 lstat("/home/hmeng/go/src/github.com/opencontainers/runc/libcontainer/configs/namespaces_unsupported.go", {st_mode=S_IFREG|0664, st_size=197, ...}) = 0
17031 lstat("/home/hmeng/go/src/github.com/opencontainers/runc/libcontainer/configs/namespaces_unsupported.go", {st_mode=S_IFREG|0664, st_size=197, ...}) = 0
17031 lgetxattr("/home/hmeng/go/src/github.com/opencontainers/runc/libcontainer/configs/namespaces_unsupported.go", "security.capability", 0xc8204bae00, 128) = -1 ENODATA (No data available)
17031 openat(AT_FDCWD, "/home/hmeng/go/src/github.com/opencontainers/runc/libcontainer/configs/namespaces_unsupported.go", O_RDONLY|O_CLOEXEC) = 7
17031 read(7, "// +build !linux,!freebsd\n\npacka"..., 32768) = 197
17031 read(7, "", 32571)                = 0
17031 close(7)                          = 0
17031 lstat("/home/hmeng/go/src/github.com/opencontainers/runc/libcontainer/configs/network.go", {st_mode=S_IFREG|0664, st_size=2892, ...}) = 0
17031 lstat("/home/hmeng/go/src/github.com/opencontainers/runc/libcontainer/configs/network.go", {st_mode=S_IFREG|0664, st_size=2892, ...}) = 0
17031 lgetxattr("/home/hmeng/go/src/github.com/opencontainers/runc/libcontainer/configs/network.go", "security.capability", 0xc8204bae80, 128) = -1 ENODATA (No data available)
17031 openat(AT_FDCWD, "/home/hmeng/go/src/github.com/opencontainers/runc/libcontainer/configs/network.go", O_RDONLY|O_CLOEXEC) = 7
17031 read(7, "package configs\n\n// Network defi"..., 32768) = 2892
17031 read(7, "", 29876)                = 0
17031 close(7)                          = 0
17031 lstat("/home/hmeng/go/src/github.com/opencontainers/runc/libcontainer/configs/validate", {st_mode=S_IFDIR|0775, st_size=49, ...}) = 0
17031 lstat("/home/hmeng/go/src/github.com/opencontainers/runc/libcontainer/configs/validate", {st_mode=S_IFDIR|0775, st_size=49, ...}) = 0
17031 lgetxattr("/home/hmeng/go/src/github.com/opencontainers/runc/libcontainer/configs/validate", "security.capability", 0xc8204baf00, 128) = -1 ENODATA (No data available)
17031 openat(AT_FDCWD, "/home/hmeng/go/src/github.com/opencontainers/runc/libcontainer/configs/validate", O_RDONLY|O_CLOEXEC) = 7
17031 getdents64(7, /* 4 entries */, 4096) = 120
17031 getdents64(7, /* 0 entries */, 4096) = 0
17031 close(7)                          = 0
17031 lstat("/home/hmeng/go/src/github.com/opencontainers/runc/libcontainer/configs/validate/validator.go", {st_mode=S_IFREG|0664, st_size=3866, ...}) = 0
17031 lstat("/home/hmeng/go/src/github.com/opencontainers/runc/libcontainer/configs/validate/validator.go", {st_mode=S_IFREG|0664, st_size=3866, ...}) = 0
17031 lgetxattr("/home/hmeng/go/src/github.com/opencontainers/runc/libcontainer/configs/validate/validator.go", "security.capability", 0xc8204baf80, 128) = -1 ENODATA (No data available)
17031 openat(AT_FDCWD, "/home/hmeng/go/src/github.com/opencontainers/runc/libcontainer/configs/validate/validator.go", O_RDONLY|O_CLOEXEC) = 7
17031 read(7, "package validate\n\nimport (\n\t\"fmt"..., 32768) = 3866
17031 read(7, "", 28902)                = 0
17031 close(7)                          = 0
17031 lstat("/home/hmeng/go/src/github.com/opencontainers/runc/libcontainer/configs/validate/validator_test.go", {st_mode=S_IFREG|0664, st_size=4268, ...}) = 0
17031 lstat("/home/hmeng/go/src/github.com/opencontainers/runc/libcontainer/configs/validate/validator_test.go", {st_mode=S_IFREG|0664, st_size=4268, ...}) = 0
17031 lgetxattr("/home/hmeng/go/src/github.com/opencontainers/runc/libcontainer/configs/validate/validator_test.go", "security.capability", 0xc8204bb000, 128) = -1 ENODATA (No data available)
17031 openat(AT_FDCWD, "/home/hmeng/go/src/github.com/opencontainers/runc/libcontainer/configs/validate/validator_test.go", O_RDONLY|O_CLOEXEC) = 7
17031 read(7, "package validate_test\n\nimport (\n"..., 32768) = 4268
17031 read(7, "", 28500)                = 0
17031 close(7)                          = 0
17031 lstat("/home/hmeng/go/src/github.com/opencontainers/runc/libcontainer/console.go", {st_mode=S_IFREG|0664, st_size=271, ...}) = 0
17031 lstat("/home/hmeng/go/src/github.com/opencontainers/runc/libcontainer/console.go", {st_mode=S_IFREG|0664, st_size=271, ...}) = 0
17031 lgetxattr("/home/hmeng/go/src/github.com/opencontainers/runc/libcontainer/console.go", "security.capability", 0xc8204bb080, 128) = -1 ENODATA (No data available)
17031 openat(AT_FDCWD, "/home/hmeng/go/src/github.com/opencontainers/runc/libcontainer/console.go", O_RDONLY|O_CLOEXEC) = 7
17031 read(7, "package libcontainer\n\nimport \"io"..., 32768) = 271
17031 read(7, "", 32497)                = 0
17031 close(7)                          = 0
17031 lstat("/home/hmeng/go/src/github.com/opencontainers/runc/libcontainer/console_freebsd.go", {st_mode=S_IFREG|0664, st_size=386, ...}) = 0
17031 lstat("/home/hmeng/go/src/github.com/opencontainers/runc/libcontainer/console_freebsd.go", {st_mode=S_IFREG|0664, st_size=386, ...}) = 0
17031 lgetxattr("/home/hmeng/go/src/github.com/opencontainers/runc/libcontainer/console_freebsd.go", "security.capability", 0xc8204bb100, 128) = -1 ENODATA (No data available)
17031 openat(AT_FDCWD, "/home/hmeng/go/src/github.com/opencontainers/runc/libcontainer/console_freebsd.go", O_RDONLY|O_CLOEXEC) = 7
17031 read(7, "// +build freebsd\n\npackage libco"..., 32768) = 386
17031 read(7, "", 32382)                = 0
17031 close(7)                          = 0
17031 lstat("/home/hmeng/go/src/github.com/opencontainers/runc/libcontainer/console_linux.go", {st_mode=S_IFREG|0664, st_size=3682, ...}) = 0
17031 lstat("/home/hmeng/go/src/github.com/opencontainers/runc/libcontainer/console_linux.go", {st_mode=S_IFREG|0664, st_size=3682, ...}) = 0
17031 lgetxattr("/home/hmeng/go/src/github.com/opencontainers/runc/libcontainer/console_linux.go", "security.capability", 0xc8204bb180, 128) = -1 ENODATA (No data available)
17031 openat(AT_FDCWD, "/home/hmeng/go/src/github.com/opencontainers/runc/libcontainer/console_linux.go", O_RDONLY|O_CLOEXEC) = 7
17031 read(7, "package libcontainer\n\nimport (\n\t"..., 32768) = 3682
17031 read(7, "", 29086)                = 0
17031 close(7)                          = 0
17031 lstat("/home/hmeng/go/src/github.com/opencontainers/runc/libcontainer/console_solaris.go", {st_mode=S_IFREG|0664, st_size=367, ...}) = 0
17031 lstat("/home/hmeng/go/src/github.com/opencontainers/runc/libcontainer/console_solaris.go", {st_mode=S_IFREG|0664, st_size=367, ...}) = 0
17031 lgetxattr("/home/hmeng/go/src/github.com/opencontainers/runc/libcontainer/console_solaris.go", "security.capability", 0xc8204bb200, 128) = -1 ENODATA (No data available)
17031 openat(AT_FDCWD, "/home/hmeng/go/src/github.com/opencontainers/runc/libcontainer/console_solaris.go", O_RDONLY|O_CLOEXEC) = 7
17031 read(7, "package libcontainer\n\nimport (\n\t"..., 32768) = 367
17031 read(7, "", 32401)                = 0
17031 close(7)                          = 0
17031 lstat("/home/hmeng/go/src/github.com/opencontainers/runc/libcontainer/console_windows.go", {st_mode=S_IFREG|0664, st_size=597, ...}) = 0
17031 lstat("/home/hmeng/go/src/github.com/opencontainers/runc/libcontainer/console_windows.go", {st_mode=S_IFREG|0664, st_size=597, ...}) = 0
17031 lgetxattr("/home/hmeng/go/src/github.com/opencontainers/runc/libcontainer/console_windows.go", "security.capability", 0xc8204bb280, 128) = -1 ENODATA (No data available)
17031 openat(AT_FDCWD, "/home/hmeng/go/src/github.com/opencontainers/runc/libcontainer/console_windows.go", O_RDONLY|O_CLOEXEC) = 7
17031 read(7, "package libcontainer\n\n// NewCons"..., 32768) = 597
17031 read(7, "", 32171)                = 0
17031 close(7)                          = 0
17031 lstat("/home/hmeng/go/src/github.com/opencontainers/runc/libcontainer/container.go", {st_mode=S_IFREG|0664, st_size=4765, ...}) = 0
17031 lstat("/home/hmeng/go/src/github.com/opencontainers/runc/libcontainer/container.go", {st_mode=S_IFREG|0664, st_size=4765, ...}) = 0
17031 lgetxattr("/home/hmeng/go/src/github.com/opencontainers/runc/libcontainer/container.go", "security.capability", 0xc8204bb300, 128) = -1 ENODATA (No data available)
17031 openat(AT_FDCWD, "/home/hmeng/go/src/github.com/opencontainers/runc/libcontainer/container.go", O_RDONLY|O_CLOEXEC) = 7
17031 read(7, "// Package libcontainer provides"..., 32768) = 4765
17031 read(7, "", 28003)                = 0
17031 close(7)                          = 0
17031 futex(0xc8200f6590, FUTEX_WAKE, 1 <unfinished ...>
17035 <... futex resumed> )             = 0
17031 <... futex resumed> )             = 1
17035 select(0, NULL, NULL, NULL, {0, 100} <unfinished ...>
17031 write(6, "8000\r\n// +build !linux,!windows\n"..., 4096) = 4096
17031 write(6, "\0\0\0\0\0\0// +build !linux,!freebsd\n"..., 28678) = 28678
17031 write(6, "\r\n", 2)               = 2
17031 lstat("/home/hmeng/go/src/github.com/opencontainers/runc/libcontainer/container_linux.go", {st_mode=S_IFREG|0664, st_size=35574, ...}) = 0
17031 lstat("/home/hmeng/go/src/github.com/opencontainers/runc/libcontainer/container_linux.go", {st_mode=S_IFREG|0664, st_size=35574, ...}) = 0
17031 lgetxattr("/home/hmeng/go/src/github.com/opencontainers/runc/libcontainer/container_linux.go", "security.capability" <unfinished ...>
17035 <... select resumed> )            = 0 (Timeout)
17031 <... lgetxattr resumed> , 0xc8204bb380, 128) = -1 ENODATA (No data available)
17035 futex(0xc8200f6590, FUTEX_WAIT, 0, NULL <unfinished ...>
17031 openat(AT_FDCWD, "/home/hmeng/go/src/github.com/opencontainers/runc/libcontainer/container_linux.go", O_RDONLY|O_CLOEXEC) = 7
17031 read(7, "// +build linux\n\npackage libcont"..., 32768) = 32768
17031 futex(0xc8200f6590, FUTEX_WAKE, 1 <unfinished ...>
17035 <... futex resumed> )             = 0
17031 <... futex resumed> )             = 1
17035 select(0, NULL, NULL, NULL, {0, 100} <unfinished ...>
17031 write(6, "8000\r\nnal) error\n\n\t// Exec signa"..., 4096) = 4096
17031 write(6, "\t// errors:\n\t// Systemerror - Sy"..., 28678) = 28678
17031 write(6, "\r\n", 2)               = 2
17031 read(7, "\tif !configs.IsNamespaceSupporte"..., 32768) = 2806
17031 read(7, "", 29962)                = 0
17031 close(7)                          = 0
17031 lstat("/home/hmeng/go/src/github.com/opencontainers/runc/libcontainer/container_linux_test.go", {st_mode=S_IFREG|0664, st_size=4778, ...}) = 0
17035 <... select resumed> )            = 0 (Timeout)
17031 lstat("/home/hmeng/go/src/github.com/opencontainers/runc/libcontainer/container_linux_test.go",  <unfinished ...>
17035 futex(0xc8200f6590, FUTEX_WAIT, 0, NULL <unfinished ...>
17031 <... lstat resumed> {st_mode=S_IFREG|0664, st_size=4778, ...}) = 0
17031 lgetxattr("/home/hmeng/go/src/github.com/opencontainers/runc/libcontainer/container_linux_test.go", "security.capability", 0xc8204bb400, 128) = -1 ENODATA (No data available)
17031 openat(AT_FDCWD, "/home/hmeng/go/src/github.com/opencontainers/runc/libcontainer/container_linux_test.go", O_RDONLY|O_CLOEXEC) = 7
17031 read(7, "// +build linux\n\npackage libcont"..., 32768) = 4778
17031 read(7, "", 27990)                = 0
17031 close(7)                          = 0
17031 lstat("/home/hmeng/go/src/github.com/opencontainers/runc/libcontainer/container_solaris.go", {st_mode=S_IFREG|0664, st_size=455, ...}) = 0
17031 lstat("/home/hmeng/go/src/github.com/opencontainers/runc/libcontainer/container_solaris.go", {st_mode=S_IFREG|0664, st_size=455, ...}) = 0
17031 lgetxattr("/home/hmeng/go/src/github.com/opencontainers/runc/libcontainer/container_solaris.go", "security.capability", 0xc8204bb480, 128) = -1 ENODATA (No data available)
17031 openat(AT_FDCWD, "/home/hmeng/go/src/github.com/opencontainers/runc/libcontainer/container_solaris.go", O_RDONLY|O_CLOEXEC) = 7
17031 read(7, "package libcontainer\n\n// State r"..., 32768) = 455
17031 read(7, "", 32313)                = 0
17031 close(7)                          = 0
17031 lstat("/home/hmeng/go/src/github.com/opencontainers/runc/libcontainer/container_windows.go", {st_mode=S_IFREG|0664, st_size=455, ...}) = 0
17031 lstat("/home/hmeng/go/src/github.com/opencontainers/runc/libcontainer/container_windows.go", {st_mode=S_IFREG|0664, st_size=455, ...}) = 0
17031 lgetxattr("/home/hmeng/go/src/github.com/opencontainers/runc/libcontainer/container_windows.go", "security.capability", 0xc8204bb500, 128) = -1 ENODATA (No data available)
17031 openat(AT_FDCWD, "/home/hmeng/go/src/github.com/opencontainers/runc/libcontainer/container_windows.go", O_RDONLY|O_CLOEXEC) = 7
17031 read(7, "package libcontainer\n\n// State r"..., 32768) = 455
17031 read(7, "", 32313)                = 0
17031 close(7)                          = 0
17031 lstat("/home/hmeng/go/src/github.com/opencontainers/runc/libcontainer/criu_opts_unix.go", {st_mode=S_IFREG|0664, st_size=1682, ...}) = 0
17031 lstat("/home/hmeng/go/src/github.com/opencontainers/runc/libcontainer/criu_opts_unix.go", {st_mode=S_IFREG|0664, st_size=1682, ...}) = 0
17031 lgetxattr("/home/hmeng/go/src/github.com/opencontainers/runc/libcontainer/criu_opts_unix.go", "security.capability", 0xc8204bb580, 128) = -1 ENODATA (No data available)
17031 openat(AT_FDCWD, "/home/hmeng/go/src/github.com/opencontainers/runc/libcontainer/criu_opts_unix.go", O_RDONLY|O_CLOEXEC) = 7
17031 read(7, "// +build linux freebsd\n\npackage"..., 32768) = 1682
17031 read(7, "", 31086)                = 0
17031 close(7)                          = 0
17031 lstat("/home/hmeng/go/src/github.com/opencontainers/runc/libcontainer/criu_opts_windows.go", {st_mode=S_IFREG|0664, st_size=163, ...}) = 0
17031 lstat("/home/hmeng/go/src/github.com/opencontainers/runc/libcontainer/criu_opts_windows.go", {st_mode=S_IFREG|0664, st_size=163, ...}) = 0
17031 lgetxattr("/home/hmeng/go/src/github.com/opencontainers/runc/libcontainer/criu_opts_windows.go", "security.capability", 0xc8204bb600, 128) = -1 ENODATA (No data available)
17031 openat(AT_FDCWD, "/home/hmeng/go/src/github.com/opencontainers/runc/libcontainer/criu_opts_windows.go", O_RDONLY|O_CLOEXEC) = 7
17031 read(7, "package libcontainer\n\n// TODO Wi"..., 32768) = 163
17031 read(7, "", 32605)                = 0
17031 close(7)                          = 0
17031 lstat("/home/hmeng/go/src/github.com/opencontainers/runc/libcontainer/criurpc", {st_mode=S_IFDIR|0775, st_size=61, ...}) = 0
17031 lstat("/home/hmeng/go/src/github.com/opencontainers/runc/libcontainer/criurpc", {st_mode=S_IFDIR|0775, st_size=61, ...}) = 0
17031 lgetxattr("/home/hmeng/go/src/github.com/opencontainers/runc/libcontainer/criurpc", "security.capability", 0xc8204bb680, 128) = -1 ENODATA (No data available)
17031 openat(AT_FDCWD, "/home/hmeng/go/src/github.com/opencontainers/runc/libcontainer/criurpc", O_RDONLY|O_CLOEXEC) = 7
17031 getdents64(7, /* 5 entries */, 4096) = 160
17031 getdents64(7, /* 0 entries */, 4096) = 0
17031 close(7)                          = 0
17031 lstat("/home/hmeng/go/src/github.com/opencontainers/runc/libcontainer/criurpc/Makefile", {st_mode=S_IFREG|0664, st_size=52, ...}) = 0
17031 lstat("/home/hmeng/go/src/github.com/opencontainers/runc/libcontainer/criurpc/Makefile", {st_mode=S_IFREG|0664, st_size=52, ...}) = 0
17031 lgetxattr("/home/hmeng/go/src/github.com/opencontainers/runc/libcontainer/criurpc/Makefile", "security.capability", 0xc8204bb700, 128) = -1 ENODATA (No data available)
17031 openat(AT_FDCWD, "/home/hmeng/go/src/github.com/opencontainers/runc/libcontainer/criurpc/Makefile", O_RDONLY|O_CLOEXEC) = 7
17031 read(7, "gen: criurpc.proto\n\tprotoc --go_"..., 32768) = 52
17031 read(7, "", 32716)                = 0
17031 close(7)                          = 0
17031 lstat("/home/hmeng/go/src/github.com/opencontainers/runc/libcontainer/criurpc/criurpc.pb.go", {st_mode=S_IFREG|0664, st_size=21685, ...}) = 0
17031 lstat("/home/hmeng/go/src/github.com/opencontainers/runc/libcontainer/criurpc/criurpc.pb.go", {st_mode=S_IFREG|0664, st_size=21685, ...}) = 0
17031 lgetxattr("/home/hmeng/go/src/github.com/opencontainers/runc/libcontainer/criurpc/criurpc.pb.go", "security.capability", 0xc8204bb780, 128) = -1 ENODATA (No data available)
17031 openat(AT_FDCWD, "/home/hmeng/go/src/github.com/opencontainers/runc/libcontainer/criurpc/criurpc.pb.go", O_RDONLY|O_CLOEXEC) = 7
17031 read(7, "// Code generated by protoc-gen-"..., 32768) = 21685
17031 read(7, "", 11083)                = 0
17031 close(7)                          = 0
17031 futex(0xc8200f6590, FUTEX_WAKE, 1 <unfinished ...>
17035 <... futex resumed> )             = 0
17031 <... futex resumed> )             = 1
17035 select(0, NULL, NULL, NULL, {0, 100} <unfinished ...>
17031 write(6, "8000\r\ng.Namespaces {\n\t\t\tstate.Na"..., 4096) = 4096
17031 write(6, "\0\0\0\0\0\0libcontainer/container_lin"..., 28678) = 28678
17031 write(6, "\r\n", 2)               = 2
17031 lstat("/home/hmeng/go/src/github.com/opencontainers/runc/libcontainer/criurpc/criurpc.proto", {st_mode=S_IFREG|0664, st_size=3828, ...}) = 0
17031 lstat("/home/hmeng/go/src/github.com/opencontainers/runc/libcontainer/criurpc/criurpc.proto", {st_mode=S_IFREG|0664, st_size=3828, ...}) = 0
17035 <... select resumed> )            = 0 (Timeout)
17031 lgetxattr("/home/hmeng/go/src/github.com/opencontainers/runc/libcontainer/criurpc/criurpc.proto", "security.capability" <unfinished ...>
17035 futex(0xc8200f6590, FUTEX_WAIT, 0, NULL <unfinished ...>
17031 <... lgetxattr resumed> , 0xc8204bb800, 128) = -1 ENODATA (No data available)
17031 openat(AT_FDCWD, "/home/hmeng/go/src/github.com/opencontainers/runc/libcontainer/criurpc/criurpc.proto", O_RDONLY|O_CLOEXEC) = 7
17031 read(7, "message criu_page_server_info {\n"..., 32768) = 3828
17031 read(7, "", 28940)                = 0
17031 close(7)                          = 0
17031 lstat("/home/hmeng/go/src/github.com/opencontainers/runc/libcontainer/devices", {st_mode=S_IFDIR|0775, st_size=95, ...}) = 0
17031 lstat("/home/hmeng/go/src/github.com/opencontainers/runc/libcontainer/devices", {st_mode=S_IFDIR|0775, st_size=95, ...}) = 0
17031 lgetxattr("/home/hmeng/go/src/github.com/opencontainers/runc/libcontainer/devices", "security.capability", 0xc8204bb880, 128) = -1 ENODATA (No data available)
17031 openat(AT_FDCWD, "/home/hmeng/go/src/github.com/opencontainers/runc/libcontainer/devices", O_RDONLY|O_CLOEXEC) = 7
17031 getdents64(7, /* 6 entries */, 4096) = 208
17031 getdents64(7, /* 0 entries */, 4096) = 0
17031 close(7)                          = 0
17031 lstat("/home/hmeng/go/src/github.com/opencontainers/runc/libcontainer/devices/devices_test.go", {st_mode=S_IFREG|0664, st_size=1348, ...}) = 0
17031 lstat("/home/hmeng/go/src/github.com/opencontainers/runc/libcontainer/devices/devices_test.go", {st_mode=S_IFREG|0664, st_size=1348, ...}) = 0
17031 lgetxattr("/home/hmeng/go/src/github.com/opencontainers/runc/libcontainer/devices/devices_test.go", "security.capability", 0xc8204bb900, 128) = -1 ENODATA (No data available)
17031 openat(AT_FDCWD, "/home/hmeng/go/src/github.com/opencontainers/runc/libcontainer/devices/devices_test.go", O_RDONLY|O_CLOEXEC) = 7
17031 read(7, "// +build linux freebsd\n\npackage"..., 32768) = 1348
17031 read(7, "", 31420)                = 0
17031 close(7)                          = 0
17031 lstat("/home/hmeng/go/src/github.com/opencontainers/runc/libcontainer/devices/devices_unix.go", {st_mode=S_IFREG|0664, st_size=2247, ...}) = 0
17031 lstat("/home/hmeng/go/src/github.com/opencontainers/runc/libcontainer/devices/devices_unix.go", {st_mode=S_IFREG|0664, st_size=2247, ...}) = 0
17031 lgetxattr("/home/hmeng/go/src/github.com/opencontainers/runc/libcontainer/devices/devices_unix.go", "security.capability", 0xc8204bb980, 128) = -1 ENODATA (No data available)
17031 openat(AT_FDCWD, "/home/hmeng/go/src/github.com/opencontainers/runc/libcontainer/devices/devices_unix.go", O_RDONLY|O_CLOEXEC) = 7
17031 read(7, "// +build linux freebsd\n\npackage"..., 32768) = 2247
17031 read(7, "", 30521)                = 0
17031 close(7)                          = 0
17031 lstat("/home/hmeng/go/src/github.com/opencontainers/runc/libcontainer/devices/devices_unsupported.go", {st_mode=S_IFREG|0664, st_size=35, ...}) = 0
17031 lstat("/home/hmeng/go/src/github.com/opencontainers/runc/libcontainer/devices/devices_unsupported.go", {st_mode=S_IFREG|0664, st_size=35, ...}) = 0
17031 lgetxattr("/home/hmeng/go/src/github.com/opencontainers/runc/libcontainer/devices/devices_unsupported.go", "security.capability", 0xc8204bba00, 128) = -1 ENODATA (No data available)
17031 openat(AT_FDCWD, "/home/hmeng/go/src/github.com/opencontainers/runc/libcontainer/devices/devices_unsupported.go", O_RDONLY|O_CLOEXEC) = 7
17031 read(7, "// +build windows\n\npackage devic"..., 32768) = 35
17031 read(7, "", 32733)                = 0
17031 close(7)                          = 0
17031 lstat("/home/hmeng/go/src/github.com/opencontainers/runc/libcontainer/devices/number.go", {st_mode=S_IFREG|0664, st_size=900, ...}) = 0
17031 lstat("/home/hmeng/go/src/github.com/opencontainers/runc/libcontainer/devices/number.go", {st_mode=S_IFREG|0664, st_size=900, ...}) = 0
17031 lgetxattr("/home/hmeng/go/src/github.com/opencontainers/runc/libcontainer/devices/number.go", "security.capability", 0xc8204bba80, 128) = -1 ENODATA (No data available)
17031 openat(AT_FDCWD, "/home/hmeng/go/src/github.com/opencontainers/runc/libcontainer/devices/number.go", O_RDONLY|O_CLOEXEC) = 7
17031 read(7, "// +build linux freebsd\n\npackage"..., 32768) = 900
17031 read(7, "", 31868)                = 0
17031 close(7)                          = 0
17031 lstat("/home/hmeng/go/src/github.com/opencontainers/runc/libcontainer/error.go", {st_mode=S_IFREG|0664, st_size=1380, ...}) = 0
17031 lstat("/home/hmeng/go/src/github.com/opencontainers/runc/libcontainer/error.go", {st_mode=S_IFREG|0664, st_size=1380, ...}) = 0
17031 lgetxattr("/home/hmeng/go/src/github.com/opencontainers/runc/libcontainer/error.go", "security.capability", 0xc8204bbb00, 128) = -1 ENODATA (No data available)
17031 openat(AT_FDCWD, "/home/hmeng/go/src/github.com/opencontainers/runc/libcontainer/error.go", O_RDONLY|O_CLOEXEC) = 7
17031 read(7, "package libcontainer\n\nimport \"io"..., 32768) = 1380
17031 read(7, "", 31388)                = 0
17031 close(7)                          = 0
17031 lstat("/home/hmeng/go/src/github.com/opencontainers/runc/libcontainer/error_test.go", {st_mode=S_IFREG|0664, st_size=536, ...}) = 0
17031 lstat("/home/hmeng/go/src/github.com/opencontainers/runc/libcontainer/error_test.go", {st_mode=S_IFREG|0664, st_size=536, ...}) = 0
17031 lgetxattr("/home/hmeng/go/src/github.com/opencontainers/runc/libcontainer/error_test.go", "security.capability", 0xc8204bbb80, 128) = -1 ENODATA (No data available)
17031 openat(AT_FDCWD, "/home/hmeng/go/src/github.com/opencontainers/runc/libcontainer/error_test.go", O_RDONLY|O_CLOEXEC) = 7
17031 read(7, "package libcontainer\n\nimport \"te"..., 32768) = 536
17031 read(7, "", 32232)                = 0
17031 close(7)                          = 0
17031 lstat("/home/hmeng/go/src/github.com/opencontainers/runc/libcontainer/factory.go", {st_mode=S_IFREG|0664, st_size=1465, ...}) = 0
17031 lstat("/home/hmeng/go/src/github.com/opencontainers/runc/libcontainer/factory.go", {st_mode=S_IFREG|0664, st_size=1465, ...}) = 0
17031 lgetxattr("/home/hmeng/go/src/github.com/opencontainers/runc/libcontainer/factory.go", "security.capability", 0xc8204bbc00, 128) = -1 ENODATA (No data available)
17031 openat(AT_FDCWD, "/home/hmeng/go/src/github.com/opencontainers/runc/libcontainer/factory.go", O_RDONLY|O_CLOEXEC) = 7
17031 read(7, "package libcontainer\n\nimport (\n\t"..., 32768) = 1465
17031 read(7, "", 31303)                = 0
17031 close(7)                          = 0
17031 lstat("/home/hmeng/go/src/github.com/opencontainers/runc/libcontainer/factory_linux.go", {st_mode=S_IFREG|0664, st_size=8403, ...}) = 0
17031 lstat("/home/hmeng/go/src/github.com/opencontainers/runc/libcontainer/factory_linux.go", {st_mode=S_IFREG|0664, st_size=8403, ...}) = 0
17031 lgetxattr("/home/hmeng/go/src/github.com/opencontainers/runc/libcontainer/factory_linux.go", "security.capability", 0xc8204bbc80, 128) = -1 ENODATA (No data available)
17031 openat(AT_FDCWD, "/home/hmeng/go/src/github.com/opencontainers/runc/libcontainer/factory_linux.go", O_RDONLY|O_CLOEXEC) = 7
17031 read(7, "// +build linux\n\npackage libcont"..., 32768) = 8403
17031 read(7, "", 24365)                = 0
17031 close(7)                          = 0
17031 futex(0xc8200f6590, FUTEX_WAKE, 1 <unfinished ...>
17035 <... futex resumed> )             = 0
17031 <... futex resumed> )             = 1
17035 select(0, NULL, NULL, NULL, {0, 100} <unfinished ...>
17031 write(6, "8000\r\nf m != nil && m.ManageCgro"..., 4096 <unfinished ...>
17032 <... select resumed> )            = 0 (Timeout)
17031 <... write resumed> )             = 4096
17032 clock_gettime(CLOCK_MONOTONIC,  <unfinished ...>
17031 write(6, "() bool {\n\tif m != nil && m.Keep"..., 28678 <unfinished ...>
17032 <... clock_gettime resumed> {4903, 663865299}) = 0
17031 <... write resumed> )             = 28678
17032 clock_gettime(CLOCK_REALTIME,  <unfinished ...>
17031 write(6, "\r\n", 2 <unfinished ...>
17032 <... clock_gettime resumed> {1465918769, 447899916}) = 0
17031 <... write resumed> )             = 2
17032 select(0, NULL, NULL, NULL, {0, 10000} <unfinished ...>
17031 lstat("/home/hmeng/go/src/github.com/opencontainers/runc/libcontainer/factory_linux_test.go",  <unfinished ...>
17035 <... select resumed> )            = 0 (Timeout)
17031 <... lstat resumed> {st_mode=S_IFREG|0664, st_size=5109, ...}) = 0
17035 futex(0xc8200f6590, FUTEX_WAIT, 0, NULL <unfinished ...>
17031 lstat("/home/hmeng/go/src/github.com/opencontainers/runc/libcontainer/factory_linux_test.go", {st_mode=S_IFREG|0664, st_size=5109, ...}) = 0
17031 lgetxattr("/home/hmeng/go/src/github.com/opencontainers/runc/libcontainer/factory_linux_test.go", "security.capability", 0xc8204bbd00, 128) = -1 ENODATA (No data available)
17031 openat(AT_FDCWD, "/home/hmeng/go/src/github.com/opencontainers/runc/libcontainer/factory_linux_test.go", O_RDONLY|O_CLOEXEC) = 7
17031 read(7, "// +build linux\n\npackage libcont"..., 32768) = 5109
17031 read(7, "", 27659)                = 0
17031 close(7)                          = 0
17031 lstat("/home/hmeng/go/src/github.com/opencontainers/runc/libcontainer/generic_error.go", {st_mode=S_IFREG|0664, st_size=2219, ...}) = 0
17031 lstat("/home/hmeng/go/src/github.com/opencontainers/runc/libcontainer/generic_error.go", {st_mode=S_IFREG|0664, st_size=2219, ...}) = 0
17031 lgetxattr("/home/hmeng/go/src/github.com/opencontainers/runc/libcontainer/generic_error.go", "security.capability", 0xc8204bbd80, 128) = -1 ENODATA (No data available)
17031 openat(AT_FDCWD, "/home/hmeng/go/src/github.com/opencontainers/runc/libcontainer/generic_error.go", O_RDONLY|O_CLOEXEC) = 7
17031 read(7, "package libcontainer\n\nimport (\n\t"..., 32768) = 2219
17031 read(7, "", 30549)                = 0
17031 close(7)                          = 0
17031 lstat("/home/hmeng/go/src/github.com/opencontainers/runc/libcontainer/generic_error_test.go", {st_mode=S_IFREG|0664, st_size=240, ...}) = 0
17031 lstat("/home/hmeng/go/src/github.com/opencontainers/runc/libcontainer/generic_error_test.go", {st_mode=S_IFREG|0664, st_size=240, ...}) = 0
17031 lgetxattr("/home/hmeng/go/src/github.com/opencontainers/runc/libcontainer/generic_error_test.go", "security.capability", 0xc8204bbe00, 128) = -1 ENODATA (No data available)
17031 openat(AT_FDCWD, "/home/hmeng/go/src/github.com/opencontainers/runc/libcontainer/generic_error_test.go", O_RDONLY|O_CLOEXEC) = 7
17031 read(7, "package libcontainer\n\nimport (\n\t"..., 32768) = 240
17031 read(7, "", 32528)                = 0
17031 close(7)                          = 0
17031 lstat("/home/hmeng/go/src/github.com/opencontainers/runc/libcontainer/init_linux.go", {st_mode=S_IFREG|0664, st_size=9917, ...}) = 0
17031 lstat("/home/hmeng/go/src/github.com/opencontainers/runc/libcontainer/init_linux.go", {st_mode=S_IFREG|0664, st_size=9917, ...}) = 0
17031 lgetxattr("/home/hmeng/go/src/github.com/opencontainers/runc/libcontainer/init_linux.go", "security.capability", 0xc8204bbe80, 128) = -1 ENODATA (No data available)
17031 openat(AT_FDCWD, "/home/hmeng/go/src/github.com/opencontainers/runc/libcontainer/init_linux.go", O_RDONLY|O_CLOEXEC) = 7
17031 read(7, "// +build linux\n\npackage libcont"..., 32768) = 9917
17031 read(7, "", 22851)                = 0
17031 close(7)                          = 0
17031 lstat("/home/hmeng/go/src/github.com/opencontainers/runc/libcontainer/integration", {st_mode=S_IFDIR|0775, st_size=4096, ...}) = 0
17031 lstat("/home/hmeng/go/src/github.com/opencontainers/runc/libcontainer/integration", {st_mode=S_IFDIR|0775, st_size=4096, ...}) = 0
17031 lgetxattr("/home/hmeng/go/src/github.com/opencontainers/runc/libcontainer/integration", "security.capability", 0xc8204bbf00, 128) = -1 ENODATA (No data available)
17031 openat(AT_FDCWD, "/home/hmeng/go/src/github.com/opencontainers/runc/libcontainer/integration", O_RDONLY|O_CLOEXEC) = 7
17031 getdents64(7, /* 10 entries */, 4096) = 344
17031 getdents64(7, /* 0 entries */, 4096) = 0
17031 close(7)                          = 0
17031 lstat("/home/hmeng/go/src/github.com/opencontainers/runc/libcontainer/integration/checkpoint_test.go", {st_mode=S_IFREG|0664, st_size=3560, ...}) = 0
17031 lstat("/home/hmeng/go/src/github.com/opencontainers/runc/libcontainer/integration/checkpoint_test.go", {st_mode=S_IFREG|0664, st_size=3560, ...}) = 0
17031 lgetxattr("/home/hmeng/go/src/github.com/opencontainers/runc/libcontainer/integration/checkpoint_test.go", "security.capability", 0xc8204bbf80, 128) = -1 ENODATA (No data available)
17031 openat(AT_FDCWD, "/home/hmeng/go/src/github.com/opencontainers/runc/libcontainer/integration/checkpoint_test.go", O_RDONLY|O_CLOEXEC) = 7
17031 read(7, "package integration\n\nimport (\n\t\""..., 32768) = 3560
17031 read(7, "", 29208)                = 0
17031 close(7)                          = 0
17031 lstat("/home/hmeng/go/src/github.com/opencontainers/runc/libcontainer/integration/doc.go", {st_mode=S_IFREG|0664, st_size=83, ...}) = 0
17031 lstat("/home/hmeng/go/src/github.com/opencontainers/runc/libcontainer/integration/doc.go", {st_mode=S_IFREG|0664, st_size=83, ...}) = 0
17031 lgetxattr("/home/hmeng/go/src/github.com/opencontainers/runc/libcontainer/integration/doc.go", "security.capability", 0xc82053e000, 128) = -1 ENODATA (No data available)
17031 openat(AT_FDCWD, "/home/hmeng/go/src/github.com/opencontainers/runc/libcontainer/integration/doc.go", O_RDONLY|O_CLOEXEC) = 7
17031 read(7, "// integration is used for integ"..., 32768) = 83
17031 read(7, "", 32685)                = 0
17031 close(7)                          = 0
17031 lstat("/home/hmeng/go/src/github.com/opencontainers/runc/libcontainer/integration/exec_test.go", {st_mode=S_IFREG|0664, st_size=40033, ...}) = 0
17031 lstat("/home/hmeng/go/src/github.com/opencontainers/runc/libcontainer/integration/exec_test.go", {st_mode=S_IFREG|0664, st_size=40033, ...}) = 0
17031 lgetxattr("/home/hmeng/go/src/github.com/opencontainers/runc/libcontainer/integration/exec_test.go", "security.capability", 0xc82053e080, 128) = -1 ENODATA (No data available)
17031 openat(AT_FDCWD, "/home/hmeng/go/src/github.com/opencontainers/runc/libcontainer/integration/exec_test.go", O_RDONLY|O_CLOEXEC) = 7
17031 read(7, "package integration\n\nimport (\n\t\""..., 32768) = 32768
17031 futex(0xc8200f6590, FUTEX_WAKE, 1 <unfinished ...>
17035 <... futex resumed> )             = 0
17031 <... futex resumed> )             = 1
17035 select(0, NULL, NULL, NULL, {0, 100} <unfinished ...>
17031 write(6, "8000\r\n for standard init.\n\t\t\tif "..., 4096) = 4096
17031 write(6, "ted %s\", m.Fstype, \"tmpfs\")\n\t\t\t}"..., 28678) = 28678
17031 write(6, "\r\n", 2)               = 2
17031 read(7, "\n\tdefer stdinW.Close()\n\tok(t, er"..., 32768) = 7265
17031 read(7, "", 25503)                = 0
17031 close(7)                          = 0
17035 <... select resumed> )            = 0 (Timeout)
17031 ioctl(0, TIOCGWINSZ <unfinished ...>
17035 select(0, NULL, NULL, NULL, {0, 100} <unfinished ...>
17031 <... ioctl resumed> , {ws_row=35, ws_col=112, ws_xpixel=0, ws_ypixel=0}) = 0
17031 ioctl(0, TIOCGWINSZ, {ws_row=35, ws_col=112, ws_xpixel=0, ws_ypixel=0}) = 0
17031 write(1, "Sending build context to Docker "..., 48) = 48
17031 write(6, "8000\r\nok(t, err)\n\tif limit := st"..., 4096) = 4096
17031 write(6, "ne := \"\"\n\tfor _, l := range line"..., 28678) = 28678
17035 <... select resumed> )            = 0 (Timeout)
17031 write(6, "\r\n", 2 <unfinished ...>
17035 lstat("/home/hmeng/go/src/github.com/opencontainers/runc/libcontainer/integration/execin_test.go",  <unfinished ...>
17031 <... write resumed> )             = 2
17035 <... lstat resumed> {st_mode=S_IFREG|0664, st_size=11044, ...}) = 0
17031 futex(0x21ef2b0, FUTEX_WAIT, 0, NULL <unfinished ...>
17035 lstat("/home/hmeng/go/src/github.com/opencontainers/runc/libcontainer/integration/execin_test.go", {st_mode=S_IFREG|0664, st_size=11044, ...}) = 0
17035 lgetxattr("/home/hmeng/go/src/github.com/opencontainers/runc/libcontainer/integration/execin_test.go", "security.capability", 0xc820258680, 128) = -1 ENODATA (No data available)
17035 openat(AT_FDCWD, "/home/hmeng/go/src/github.com/opencontainers/runc/libcontainer/integration/execin_test.go", O_RDONLY|O_CLOEXEC) = 7
17035 read(7, "package integration\n\nimport (\n\t\""..., 32768) = 11044
17035 read(7, "", 21724)                = 0
17035 close(7)                          = 0
17035 lstat("/home/hmeng/go/src/github.com/opencontainers/runc/libcontainer/integration/init_test.go", {st_mode=S_IFREG|0664, st_size=1274, ...}) = 0
17035 lstat("/home/hmeng/go/src/github.com/opencontainers/runc/libcontainer/integration/init_test.go", {st_mode=S_IFREG|0664, st_size=1274, ...}) = 0
17035 lgetxattr("/home/hmeng/go/src/github.com/opencontainers/runc/libcontainer/integration/init_test.go", "security.capability", 0xc820258700, 128) = -1 ENODATA (No data available)
17035 openat(AT_FDCWD, "/home/hmeng/go/src/github.com/opencontainers/runc/libcontainer/integration/init_test.go", O_RDONLY|O_CLOEXEC) = 7
17035 read(7, "package integration\n\nimport (\n\t\""..., 32768) = 1274
17035 read(7, "", 31494)                = 0
17035 close(7)                          = 0
17035 lstat("/home/hmeng/go/src/github.com/opencontainers/runc/libcontainer/integration/seccomp_test.go", {st_mode=S_IFREG|0664, st_size=4469, ...}) = 0
17035 lstat("/home/hmeng/go/src/github.com/opencontainers/runc/libcontainer/integration/seccomp_test.go", {st_mode=S_IFREG|0664, st_size=4469, ...}) = 0
17035 lgetxattr("/home/hmeng/go/src/github.com/opencontainers/runc/libcontainer/integration/seccomp_test.go", "security.capability", 0xc820258780, 128) = -1 ENODATA (No data available)
17035 openat(AT_FDCWD, "/home/hmeng/go/src/github.com/opencontainers/runc/libcontainer/integration/seccomp_test.go", O_RDONLY|O_CLOEXEC) = 7
17035 read(7, "// +build linux,cgo,seccomp\n\npac"..., 32768) = 4469
17035 read(7, "", 28299)                = 0
17035 close(7)                          = 0
17035 lstat("/home/hmeng/go/src/github.com/opencontainers/runc/libcontainer/integration/template_test.go", {st_mode=S_IFREG|0664, st_size=2890, ...}) = 0
17035 lstat("/home/hmeng/go/src/github.com/opencontainers/runc/libcontainer/integration/template_test.go", {st_mode=S_IFREG|0664, st_size=2890, ...}) = 0
17035 lgetxattr("/home/hmeng/go/src/github.com/opencontainers/runc/libcontainer/integration/template_test.go", "security.capability", 0xc820258800, 128) = -1 ENODATA (No data available)
17035 openat(AT_FDCWD, "/home/hmeng/go/src/github.com/opencontainers/runc/libcontainer/integration/template_test.go", O_RDONLY|O_CLOEXEC) = 7
17035 read(7, "package integration\n\nimport (\n\t\""..., 32768) = 2890
17035 read(7, "", 29878)                = 0
17035 close(7)                          = 0
17035 lstat("/home/hmeng/go/src/github.com/opencontainers/runc/libcontainer/integration/utils_test.go", {st_mode=S_IFREG|0664, st_size=3496, ...}) = 0
17035 lstat("/home/hmeng/go/src/github.com/opencontainers/runc/libcontainer/integration/utils_test.go", {st_mode=S_IFREG|0664, st_size=3496, ...}) = 0
17035 lgetxattr("/home/hmeng/go/src/github.com/opencontainers/runc/libcontainer/integration/utils_test.go", "security.capability", 0xc820258880, 128) = -1 ENODATA (No data available)
17035 openat(AT_FDCWD, "/home/hmeng/go/src/github.com/opencontainers/runc/libcontainer/integration/utils_test.go", O_RDONLY|O_CLOEXEC) = 7
17035 read(7, "package integration\n\nimport (\n\t\""..., 32768) = 3496
17035 read(7, "", 29272)                = 0
17035 close(7)                          = 0
17035 lstat("/home/hmeng/go/src/github.com/opencontainers/runc/libcontainer/keys", {st_mode=S_IFDIR|0775, st_size=22, ...}) = 0
17035 lstat("/home/hmeng/go/src/github.com/opencontainers/runc/libcontainer/keys", {st_mode=S_IFDIR|0775, st_size=22, ...}) = 0
17035 lgetxattr("/home/hmeng/go/src/github.com/opencontainers/runc/libcontainer/keys", "security.capability", 0xc820258900, 128) = -1 ENODATA (No data available)
17035 openat(AT_FDCWD, "/home/hmeng/go/src/github.com/opencontainers/runc/libcontainer/keys", O_RDONLY|O_CLOEXEC) = 7
17035 getdents64(7, /* 3 entries */, 4096) = 80
17035 getdents64(7, /* 0 entries */, 4096) = 0
17035 close(7)                          = 0
17035 lstat("/home/hmeng/go/src/github.com/opencontainers/runc/libcontainer/keys/keyctl.go", {st_mode=S_IFREG|0664, st_size=1606, ...}) = 0
17035 lstat("/home/hmeng/go/src/github.com/opencontainers/runc/libcontainer/keys/keyctl.go", {st_mode=S_IFREG|0664, st_size=1606, ...}) = 0
17035 lgetxattr("/home/hmeng/go/src/github.com/opencontainers/runc/libcontainer/keys/keyctl.go", "security.capability", 0xc820258980, 128) = -1 ENODATA (No data available)
17035 openat(AT_FDCWD, "/home/hmeng/go/src/github.com/opencontainers/runc/libcontainer/keys/keyctl.go", O_RDONLY|O_CLOEXEC) = 7
17035 read(7, "// +build linux\n\npackage keyctl\n"..., 32768) = 1606
17035 read(7, "", 31162)                = 0
17035 close(7)                          = 0
17035 lstat("/home/hmeng/go/src/github.com/opencontainers/runc/libcontainer/label", {st_mode=S_IFDIR|0775, st_size=72, ...}) = 0
17035 lstat("/home/hmeng/go/src/github.com/opencontainers/runc/libcontainer/label", {st_mode=S_IFDIR|0775, st_size=72, ...}) = 0
17035 lgetxattr("/home/hmeng/go/src/github.com/opencontainers/runc/libcontainer/label", "security.capability", 0xc820258a00, 128) = -1 ENODATA (No data available)
17035 futex(0x21ef2b0, FUTEX_WAKE, 1)   = 1
17031 <... futex resumed> )             = 0
17035 write(6, "8000\r\ncted running process, outp"..., 4096 <unfinished ...>
17031 select(0, NULL, NULL, NULL, {0, 100} <unfinished ...>
17035 <... write resumed> )             = 4096
17035 write(6, "\tstdinR, stdinW, err := os.Pipe("..., 28678) = 28678
17035 write(6, "\r\n", 2)               = 2
17035 openat(AT_FDCWD, "/home/hmeng/go/src/github.com/opencontainers/runc/libcontainer/label", O_RDONLY|O_CLOEXEC) = 7
17035 getdents64(7, /* 5 entries */, 4096) = 168
17035 getdents64(7, /* 0 entries */, 4096) = 0
17035 close(7)                          = 0
17031 <... select resumed> )            = 0 (Timeout)
17035 lstat("/home/hmeng/go/src/github.com/opencontainers/runc/libcontainer/label/label.go",  <unfinished ...>
17031 futex(0x21ef2b0, FUTEX_WAIT, 0, NULL <unfinished ...>
17035 <... lstat resumed> {st_mode=S_IFREG|0664, st_size=1687, ...}) = 0
17035 lstat("/home/hmeng/go/src/github.com/opencontainers/runc/libcontainer/label/label.go", {st_mode=S_IFREG|0664, st_size=1687, ...}) = 0
17035 lgetxattr("/home/hmeng/go/src/github.com/opencontainers/runc/libcontainer/label/label.go", "security.capability", 0xc820258a80, 128) = -1 ENODATA (No data available)
17035 openat(AT_FDCWD, "/home/hmeng/go/src/github.com/opencontainers/runc/libcontainer/label/label.go", O_RDONLY|O_CLOEXEC) = 7
17035 read(7, "// +build !selinux !linux\n\npacka"..., 32768) = 1687
17035 read(7, "", 31081)                = 0
17035 close(7)                          = 0
17035 lstat("/home/hmeng/go/src/github.com/opencontainers/runc/libcontainer/label/label_selinux.go", {st_mode=S_IFREG|0664, st_size=5898, ...}) = 0
17035 lstat("/home/hmeng/go/src/github.com/opencontainers/runc/libcontainer/label/label_selinux.go", {st_mode=S_IFREG|0664, st_size=5898, ...}) = 0
17035 lgetxattr("/home/hmeng/go/src/github.com/opencontainers/runc/libcontainer/label/label_selinux.go", "security.capability", 0xc820258b00, 128) = -1 ENODATA (No data available)
17035 openat(AT_FDCWD, "/home/hmeng/go/src/github.com/opencontainers/runc/libcontainer/label/label_selinux.go", O_RDONLY|O_CLOEXEC) = 7
17035 read(7, "// +build selinux,linux\n\npackage"..., 32768) = 5898
17035 read(7, "", 26870)                = 0
17035 close(7)                          = 0
17035 lstat("/home/hmeng/go/src/github.com/opencontainers/runc/libcontainer/label/label_selinux_test.go", {st_mode=S_IFREG|0664, st_size=3679, ...}) = 0
17035 lstat("/home/hmeng/go/src/github.com/opencontainers/runc/libcontainer/label/label_selinux_test.go", {st_mode=S_IFREG|0664, st_size=3679, ...}) = 0
17035 lgetxattr("/home/hmeng/go/src/github.com/opencontainers/runc/libcontainer/label/label_selinux_test.go", "security.capability", 0xc820258b80, 128) = -1 ENODATA (No data available)
17035 openat(AT_FDCWD, "/home/hmeng/go/src/github.com/opencontainers/runc/libcontainer/label/label_selinux_test.go", O_RDONLY|O_CLOEXEC) = 7
17035 read(7, "// +build selinux,linux\n\npackage"..., 32768) = 3679
17035 read(7, "", 29089)                = 0
17035 close(7)                          = 0
17035 lstat("/home/hmeng/go/src/github.com/opencontainers/runc/libcontainer/message_linux.go", {st_mode=S_IFREG|0664, st_size=2057, ...}) = 0
17035 lstat("/home/hmeng/go/src/github.com/opencontainers/runc/libcontainer/message_linux.go", {st_mode=S_IFREG|0664, st_size=2057, ...}) = 0
17035 lgetxattr("/home/hmeng/go/src/github.com/opencontainers/runc/libcontainer/message_linux.go", "security.capability", 0xc820258c00, 128) = -1 ENODATA (No data available)
17035 openat(AT_FDCWD, "/home/hmeng/go/src/github.com/opencontainers/runc/libcontainer/message_linux.go", O_RDONLY|O_CLOEXEC) = 7
17035 read(7, "// +build linux\n\npackage libcont"..., 32768) = 2057
17035 read(7, "", 30711)                = 0
17035 close(7)                          = 0
17035 lstat("/home/hmeng/go/src/github.com/opencontainers/runc/libcontainer/network_linux.go", {st_mode=S_IFREG|0664, st_size=6584, ...}) = 0
17035 lstat("/home/hmeng/go/src/github.com/opencontainers/runc/libcontainer/network_linux.go", {st_mode=S_IFREG|0664, st_size=6584, ...}) = 0
17035 lgetxattr("/home/hmeng/go/src/github.com/opencontainers/runc/libcontainer/network_linux.go", "security.capability", 0xc820258c80, 128) = -1 ENODATA (No data available)
17035 openat(AT_FDCWD, "/home/hmeng/go/src/github.com/opencontainers/runc/libcontainer/network_linux.go", O_RDONLY|O_CLOEXEC) = 7
17035 read(7, "// +build linux\n\npackage libcont"..., 32768) = 6584
17035 read(7, "", 26184)                = 0
17035 close(7)                          = 0
17035 lstat("/home/hmeng/go/src/github.com/opencontainers/runc/libcontainer/notify_linux.go", {st_mode=S_IFREG|0664, st_size=2148, ...}) = 0
17035 lstat("/home/hmeng/go/src/github.com/opencontainers/runc/libcontainer/notify_linux.go", {st_mode=S_IFREG|0664, st_size=2148, ...}) = 0
17035 lgetxattr("/home/hmeng/go/src/github.com/opencontainers/runc/libcontainer/notify_linux.go", "security.capability", 0xc820258d00, 128) = -1 ENODATA (No data available)
17035 openat(AT_FDCWD, "/home/hmeng/go/src/github.com/opencontainers/runc/libcontainer/notify_linux.go", O_RDONLY|O_CLOEXEC) = 7
17035 read(7, "// +build linux\n\npackage libcont"..., 32768) = 2148
17035 read(7, "", 30620)                = 0
17035 close(7)                          = 0
17035 lstat("/home/hmeng/go/src/github.com/opencontainers/runc/libcontainer/notify_linux_test.go", {st_mode=S_IFREG|0664, st_size=3109, ...}) = 0
17035 lstat("/home/hmeng/go/src/github.com/opencontainers/runc/libcontainer/notify_linux_test.go", {st_mode=S_IFREG|0664, st_size=3109, ...}) = 0
17035 lgetxattr("/home/hmeng/go/src/github.com/opencontainers/runc/libcontainer/notify_linux_test.go", "security.capability", 0xc820258d80, 128) = -1 ENODATA (No data available)
17035 openat(AT_FDCWD, "/home/hmeng/go/src/github.com/opencontainers/runc/libcontainer/notify_linux_test.go", O_RDONLY|O_CLOEXEC) = 7
17035 read(7, "// +build linux\n\npackage libcont"..., 32768) = 3109
17035 read(7, "", 29659)                = 0
17035 close(7)                          = 0
17035 lstat("/home/hmeng/go/src/github.com/opencontainers/runc/libcontainer/nsenter", {st_mode=S_IFDIR|0775, st_size=4096, ...}) = 0
17035 lstat("/home/hmeng/go/src/github.com/opencontainers/runc/libcontainer/nsenter", {st_mode=S_IFDIR|0775, st_size=4096, ...}) = 0
17035 lgetxattr("/home/hmeng/go/src/github.com/opencontainers/runc/libcontainer/nsenter", "security.capability", 0xc820258e00, 128) = -1 ENODATA (No data available)
17035 openat(AT_FDCWD, "/home/hmeng/go/src/github.com/opencontainers/runc/libcontainer/nsenter", O_RDONLY|O_CLOEXEC) = 7
17035 getdents64(7, /* 8 entries */, 4096) = 272
17035 getdents64(7, /* 0 entries */, 4096) = 0
17035 close(7)                          = 0
17035 lstat("/home/hmeng/go/src/github.com/opencontainers/runc/libcontainer/nsenter/README.md", {st_mode=S_IFREG|0664, st_size=1394, ...}) = 0
17035 lstat("/home/hmeng/go/src/github.com/opencontainers/runc/libcontainer/nsenter/README.md", {st_mode=S_IFREG|0664, st_size=1394, ...}) = 0
17035 lgetxattr("/home/hmeng/go/src/github.com/opencontainers/runc/libcontainer/nsenter/README.md", "security.capability", 0xc820258e80, 128) = -1 ENODATA (No data available)
17035 openat(AT_FDCWD, "/home/hmeng/go/src/github.com/opencontainers/runc/libcontainer/nsenter/README.md", O_RDONLY|O_CLOEXEC) = 7
17035 read(7, "## nsenter\n\nThe `nsenter` packag"..., 32768) = 1394
17035 read(7, "", 31374)                = 0
17035 close(7)                          = 0
17035 futex(0x21ef2b0, FUTEX_WAKE, 1)   = 1
17031 <... futex resumed> )             = 0
17035 write(6, "8000\r\nlibcontainer/label/\0\0\0\0\0\0\0"..., 4096 <unfinished ...>
17031 select(0, NULL, NULL, NULL, {0, 100} <unfinished ...>
17035 <... write resumed> )             = 4096
17035 write(6, " function to alter\n// the labels"..., 28678) = 28678
17035 write(6, "\r\n", 2)               = 2
17035 lstat("/home/hmeng/go/src/github.com/opencontainers/runc/libcontainer/nsenter/nsenter.go", {st_mode=S_IFREG|0664, st_size=159, ...}) = 0
17035 lstat("/home/hmeng/go/src/github.com/opencontainers/runc/libcontainer/nsenter/nsenter.go", {st_mode=S_IFREG|0664, st_size=159, ...}) = 0
17035 lgetxattr("/home/hmeng/go/src/github.com/opencontainers/runc/libcontainer/nsenter/nsenter.go", "security.capability", 0xc820258f00, 128) = -1 ENODATA (No data available)
17031 <... select resumed> )            = 0 (Timeout)
17035 openat(AT_FDCWD, "/home/hmeng/go/src/github.com/opencontainers/runc/libcontainer/nsenter/nsenter.go", O_RDONLY|O_CLOEXEC <unfinished ...>
17031 futex(0x21ef2b0, FUTEX_WAIT, 0, NULL <unfinished ...>
17035 <... openat resumed> )            = 7
17035 read(7, "// +build linux,!gccgo\n\npackage "..., 32768) = 159
17035 read(7, "", 32609)                = 0
17035 close(7)                          = 0
17035 lstat("/home/hmeng/go/src/github.com/opencontainers/runc/libcontainer/nsenter/nsenter_gccgo.go", {st_mode=S_IFREG|0664, st_size=502, ...}) = 0
17035 lstat("/home/hmeng/go/src/github.com/opencontainers/runc/libcontainer/nsenter/nsenter_gccgo.go", {st_mode=S_IFREG|0664, st_size=502, ...}) = 0
17035 lgetxattr("/home/hmeng/go/src/github.com/opencontainers/runc/libcontainer/nsenter/nsenter_gccgo.go", "security.capability", 0xc820258f80, 128) = -1 ENODATA (No data available)
17035 openat(AT_FDCWD, "/home/hmeng/go/src/github.com/opencontainers/runc/libcontainer/nsenter/nsenter_gccgo.go", O_RDONLY|O_CLOEXEC) = 7
17035 read(7, "// +build linux,gccgo\n\npackage n"..., 32768) = 502
17035 read(7, "", 32266)                = 0
17035 close(7)                          = 0
17035 lstat("/home/hmeng/go/src/github.com/opencontainers/runc/libcontainer/nsenter/nsenter_test.go", {st_mode=S_IFREG|0664, st_size=3050, ...}) = 0
17035 lstat("/home/hmeng/go/src/github.com/opencontainers/runc/libcontainer/nsenter/nsenter_test.go", {st_mode=S_IFREG|0664, st_size=3050, ...}) = 0
17035 lgetxattr("/home/hmeng/go/src/github.com/opencontainers/runc/libcontainer/nsenter/nsenter_test.go", "security.capability", 0xc820259000, 128) = -1 ENODATA (No data available)
17035 openat(AT_FDCWD, "/home/hmeng/go/src/github.com/opencontainers/runc/libcontainer/nsenter/nsenter_test.go", O_RDONLY|O_CLOEXEC) = 7
17035 read(7, "package nsenter\n\nimport (\n\t\"byte"..., 32768) = 3050
17035 read(7, "", 29718)                = 0
17035 close(7)                          = 0
17035 lstat("/home/hmeng/go/src/github.com/opencontainers/runc/libcontainer/nsenter/nsenter_unsupported.go", {st_mode=S_IFREG|0664, st_size=51, ...}) = 0
17035 lstat("/home/hmeng/go/src/github.com/opencontainers/runc/libcontainer/nsenter/nsenter_unsupported.go", {st_mode=S_IFREG|0664, st_size=51, ...}) = 0
17035 lgetxattr("/home/hmeng/go/src/github.com/opencontainers/runc/libcontainer/nsenter/nsenter_unsupported.go", "security.capability", 0xc820259080, 128) = -1 ENODATA (No data available)
17035 openat(AT_FDCWD, "/home/hmeng/go/src/github.com/opencontainers/runc/libcontainer/nsenter/nsenter_unsupported.go", O_RDONLY|O_CLOEXEC) = 7
17035 read(7, "// +build !linux !cgo\n\npackage n"..., 32768) = 51
17035 read(7, "", 32717)                = 0
17035 close(7)                          = 0
17035 lstat("/home/hmeng/go/src/github.com/opencontainers/runc/libcontainer/nsenter/nsexec.c", {st_mode=S_IFREG|0664, st_size=10978, ...}) = 0
17035 lstat("/home/hmeng/go/src/github.com/opencontainers/runc/libcontainer/nsenter/nsexec.c", {st_mode=S_IFREG|0664, st_size=10978, ...}) = 0
17035 lgetxattr("/home/hmeng/go/src/github.com/opencontainers/runc/libcontainer/nsenter/nsexec.c", "security.capability", 0xc820259100, 128) = -1 ENODATA (No data available)
17035 openat(AT_FDCWD, "/home/hmeng/go/src/github.com/opencontainers/runc/libcontainer/nsenter/nsexec.c", O_RDONLY|O_CLOEXEC) = 7
17035 read(7, "#define _GNU_SOURCE\n#include <en"..., 32768) = 10978
17035 read(7, "", 21790)                = 0
17035 close(7)                          = 0
17035 lstat("/home/hmeng/go/src/github.com/opencontainers/runc/libcontainer/process.go", {st_mode=S_IFREG|0664, st_size=3470, ...}) = 0
17035 lstat("/home/hmeng/go/src/github.com/opencontainers/runc/libcontainer/process.go", {st_mode=S_IFREG|0664, st_size=3470, ...}) = 0
17035 lgetxattr("/home/hmeng/go/src/github.com/opencontainers/runc/libcontainer/process.go", "security.capability", 0xc820259180, 128) = -1 ENODATA (No data available)
17035 openat(AT_FDCWD, "/home/hmeng/go/src/github.com/opencontainers/runc/libcontainer/process.go", O_RDONLY|O_CLOEXEC) = 7
17035 read(7, "package libcontainer\n\nimport (\n\t"..., 32768) = 3470
17035 read(7, "", 29298)                = 0
17035 close(7)                          = 0
17035 lstat("/home/hmeng/go/src/github.com/opencontainers/runc/libcontainer/process_linux.go", {st_mode=S_IFREG|0664, st_size=13671, ...}) = 0
17035 lstat("/home/hmeng/go/src/github.com/opencontainers/runc/libcontainer/process_linux.go", {st_mode=S_IFREG|0664, st_size=13671, ...}) = 0
17035 lgetxattr("/home/hmeng/go/src/github.com/opencontainers/runc/libcontainer/process_linux.go", "security.capability", 0xc820259200, 128) = -1 ENODATA (No data available)
17035 openat(AT_FDCWD, "/home/hmeng/go/src/github.com/opencontainers/runc/libcontainer/process_linux.go", O_RDONLY|O_CLOEXEC) = 7
17035 read(7, "// +build linux\n\npackage libcont"..., 32768) = 13671
17035 read(7, "", 19097)                = 0
17035 close(7)                          = 0
17035 futex(0x21ef2b0, FUTEX_WAKE, 1)   = 1
17031 <... futex resumed> )             = 0
17035 write(6, "8000\r\n## nsenter\n\nThe `nsenter` "..., 4096 <unfinished ...>
17031 select(0, NULL, NULL, NULL, {0, 100} <unfinished ...>
17035 <... write resumed> )             = 4096
17035 write(6, "\0\0\0\0\0\0package nsenter\n\nimport (\n"..., 28678) = 28678
17035 write(6, "\r\n", 2)               = 2
17035 lstat("/home/hmeng/go/src/github.com/opencontainers/runc/libcontainer/restored_process.go", {st_mode=S_IFREG|0664, st_size=2685, ...}) = 0
17035 lstat("/home/hmeng/go/src/github.com/opencontainers/runc/libcontainer/restored_process.go", {st_mode=S_IFREG|0664, st_size=2685, ...}) = 0
17035 lgetxattr("/home/hmeng/go/src/github.com/opencontainers/runc/libcontainer/restored_process.go", "security.capability", 0xc820259280, 128) = -1 ENODATA (No data available)
17035 openat(AT_FDCWD, "/home/hmeng/go/src/github.com/opencontainers/runc/libcontainer/restored_process.go", O_RDONLY|O_CLOEXEC <unfinished ...>
17031 <... select resumed> )            = 0 (Timeout)
17035 <... openat resumed> )            = 7
17031 futex(0x21ef2b0, FUTEX_WAIT, 0, NULL <unfinished ...>
17035 read(7, "// +build linux\n\npackage libcont"..., 32768) = 2685
17035 read(7, "", 30083)                = 0
17035 close(7)                          = 0
17035 lstat("/home/hmeng/go/src/github.com/opencontainers/runc/libcontainer/rootfs_linux.go", {st_mode=S_IFREG|0664, st_size=20725, ...}) = 0
17035 lstat("/home/hmeng/go/src/github.com/opencontainers/runc/libcontainer/rootfs_linux.go", {st_mode=S_IFREG|0664, st_size=20725, ...}) = 0
17035 lgetxattr("/home/hmeng/go/src/github.com/opencontainers/runc/libcontainer/rootfs_linux.go", "security.capability", 0xc820259300, 128) = -1 ENODATA (No data available)
17035 openat(AT_FDCWD, "/home/hmeng/go/src/github.com/opencontainers/runc/libcontainer/rootfs_linux.go", O_RDONLY|O_CLOEXEC) = 7
17035 read(7, "// +build linux\n\npackage libcont"..., 32768) = 20725
17035 read(7, "", 12043)                = 0
17035 close(7)                          = 0
17035 lstat("/home/hmeng/go/src/github.com/opencontainers/runc/libcontainer/rootfs_linux_test.go", {st_mode=S_IFREG|0664, st_size=2022, ...}) = 0
17035 lstat("/home/hmeng/go/src/github.com/opencontainers/runc/libcontainer/rootfs_linux_test.go", {st_mode=S_IFREG|0664, st_size=2022, ...}) = 0
17035 lgetxattr("/home/hmeng/go/src/github.com/opencontainers/runc/libcontainer/rootfs_linux_test.go", "security.capability", 0xc820259380, 128) = -1 ENODATA (No data available)
17035 openat(AT_FDCWD, "/home/hmeng/go/src/github.com/opencontainers/runc/libcontainer/rootfs_linux_test.go", O_RDONLY|O_CLOEXEC) = 7
17035 read(7, "// +build linux\n\npackage libcont"..., 32768) = 2022
17035 read(7, "", 30746)                = 0
17035 close(7)                          = 0
17035 futex(0x21ef2b0, FUTEX_WAKE, 1)   = 1
17031 <... futex resumed> )             = 0
17035 write(6, "8000\r\ne done here because we los"..., 4096 <unfinished ...>
17031 select(0, NULL, NULL, NULL, {0, 100} <unfinished ...>
17035 <... write resumed> )             = 4096
17035 write(6, "\n\treturn syscall.Kill(p.pid(), s"..., 28678) = -1 EAGAIN (Resource temporarily unavailable)
17035 lstat("/home/hmeng/go/src/github.com/opencontainers/runc/libcontainer/seccomp", {st_mode=S_IFDIR|0775, st_size=4096, ...}) = 0
17035 lstat("/home/hmeng/go/src/github.com/opencontainers/runc/libcontainer/seccomp", {st_mode=S_IFDIR|0775, st_size=4096, ...}) = 0
17035 lgetxattr("/home/hmeng/go/src/github.com/opencontainers/runc/libcontainer/seccomp", "security.capability", 0xc820259400, 128) = -1 ENODATA (No data available)
17031 <... select resumed> )            = 0 (Timeout)
17035 openat(AT_FDCWD, "/home/hmeng/go/src/github.com/opencontainers/runc/libcontainer/seccomp", O_RDONLY|O_CLOEXEC <unfinished ...>
17031 futex(0x21ef2b0, FUTEX_WAIT, 0, NULL <unfinished ...>
17035 <... openat resumed> )            = 7
17035 getdents64(7, /* 7 entries */, 4096) = 248
17035 getdents64(7, /* 0 entries */, 4096) = 0
17035 close(7)                          = 0
17035 lstat("/home/hmeng/go/src/github.com/opencontainers/runc/libcontainer/seccomp/config.go", {st_mode=S_IFREG|0664, st_size=2527, ...}) = 0
17035 lstat("/home/hmeng/go/src/github.com/opencontainers/runc/libcontainer/seccomp/config.go", {st_mode=S_IFREG|0664, st_size=2527, ...}) = 0
17035 lgetxattr("/home/hmeng/go/src/github.com/opencontainers/runc/libcontainer/seccomp/config.go", "security.capability", 0xc820259480, 128) = -1 ENODATA (No data available)
17035 openat(AT_FDCWD, "/home/hmeng/go/src/github.com/opencontainers/runc/libcontainer/seccomp/config.go", O_RDONLY|O_CLOEXEC) = 7
17035 read(7, "package seccomp\n\nimport (\n\t\"fmt\""..., 32768) = 2527
17035 read(7, "", 30241)                = 0
17035 close(7)                          = 0
17035 lstat("/home/hmeng/go/src/github.com/opencontainers/runc/libcontainer/seccomp/fixtures", {st_mode=S_IFDIR|0775, st_size=29, ...}) = 0
17035 lstat("/home/hmeng/go/src/github.com/opencontainers/runc/libcontainer/seccomp/fixtures", {st_mode=S_IFDIR|0775, st_size=29, ...}) = 0
17035 lgetxattr("/home/hmeng/go/src/github.com/opencontainers/runc/libcontainer/seccomp/fixtures", "security.capability", 0xc820259500, 128) = -1 ENODATA (No data available)
17035 openat(AT_FDCWD, "/home/hmeng/go/src/github.com/opencontainers/runc/libcontainer/seccomp/fixtures", O_RDONLY|O_CLOEXEC) = 7
17035 getdents64(7, /* 3 entries */, 4096) = 88
17035 getdents64(7, /* 0 entries */, 4096) = 0
17035 close(7)                          = 0
17035 lstat("/home/hmeng/go/src/github.com/opencontainers/runc/libcontainer/seccomp/fixtures/proc_self_status", {st_mode=S_IFREG|0664, st_size=1007, ...}) = 0
17035 lstat("/home/hmeng/go/src/github.com/opencontainers/runc/libcontainer/seccomp/fixtures/proc_self_status", {st_mode=S_IFREG|0664, st_size=1007, ...}) = 0
17035 lgetxattr("/home/hmeng/go/src/github.com/opencontainers/runc/libcontainer/seccomp/fixtures/proc_self_status", "security.capability", 0xc820259580, 128) = -1 ENODATA (No data available)
17035 openat(AT_FDCWD, "/home/hmeng/go/src/github.com/opencontainers/runc/libcontainer/seccomp/fixtures/proc_self_status", O_RDONLY|O_CLOEXEC) = 7
17035 read(7, "Name:   cat\nState:  R (running)\n"..., 32768) = 1007
17035 read(7, "", 31761)                = 0
17035 close(7)                          = 0
17035 lstat("/home/hmeng/go/src/github.com/opencontainers/runc/libcontainer/seccomp/seccomp_linux.go", {st_mode=S_IFREG|0664, st_size=5879, ...}) = 0
17035 lstat("/home/hmeng/go/src/github.com/opencontainers/runc/libcontainer/seccomp/seccomp_linux.go", {st_mode=S_IFREG|0664, st_size=5879, ...}) = 0
17035 lgetxattr("/home/hmeng/go/src/github.com/opencontainers/runc/libcontainer/seccomp/seccomp_linux.go", "security.capability", 0xc820259600, 128) = -1 ENODATA (No data available)
17035 openat(AT_FDCWD, "/home/hmeng/go/src/github.com/opencontainers/runc/libcontainer/seccomp/seccomp_linux.go", O_RDONLY|O_CLOEXEC) = 7
17035 read(7, "// +build linux,cgo,seccomp\n\npac"..., 32768) = 5879
17035 read(7, "", 26889)                = 0
17035 close(7)                          = 0
17035 lstat("/home/hmeng/go/src/github.com/opencontainers/runc/libcontainer/seccomp/seccomp_linux_test.go", {st_mode=S_IFREG|0664, st_size=300, ...}) = 0
17035 lstat("/home/hmeng/go/src/github.com/opencontainers/runc/libcontainer/seccomp/seccomp_linux_test.go", {st_mode=S_IFREG|0664, st_size=300, ...}) = 0
17035 lgetxattr("/home/hmeng/go/src/github.com/opencontainers/runc/libcontainer/seccomp/seccomp_linux_test.go", "security.capability", 0xc820259680, 128) = -1 ENODATA (No data available)
17035 openat(AT_FDCWD, "/home/hmeng/go/src/github.com/opencontainers/runc/libcontainer/seccomp/seccomp_linux_test.go", O_RDONLY|O_CLOEXEC) = 7
17035 read(7, "// +build linux,cgo,seccomp\n\npac"..., 32768) = 300
17035 read(7, "", 32468)                = 0
17035 close(7)                          = 0
17035 lstat("/home/hmeng/go/src/github.com/opencontainers/runc/libcontainer/seccomp/seccomp_unsupported.go", {st_mode=S_IFREG|0664, st_size=497, ...}) = 0
17035 lstat("/home/hmeng/go/src/github.com/opencontainers/runc/libcontainer/seccomp/seccomp_unsupported.go", {st_mode=S_IFREG|0664, st_size=497, ...}) = 0
17035 lgetxattr("/home/hmeng/go/src/github.com/opencontainers/runc/libcontainer/seccomp/seccomp_unsupported.go", "security.capability", 0xc820259700, 128) = -1 ENODATA (No data available)
17035 openat(AT_FDCWD, "/home/hmeng/go/src/github.com/opencontainers/runc/libcontainer/seccomp/seccomp_unsupported.go", O_RDONLY|O_CLOEXEC) = 7
17035 read(7, "// +build !linux !cgo !seccomp\n\n"..., 32768) = 497
17035 read(7, "", 32271)                = 0
17035 close(7)                          = 0
17035 lstat("/home/hmeng/go/src/github.com/opencontainers/runc/libcontainer/selinux", {st_mode=S_IFDIR|0775, st_size=45, ...}) = 0
17035 lstat("/home/hmeng/go/src/github.com/opencontainers/runc/libcontainer/selinux", {st_mode=S_IFDIR|0775, st_size=45, ...}) = 0
17035 lgetxattr("/home/hmeng/go/src/github.com/opencontainers/runc/libcontainer/selinux", "security.capability", 0xc820259780, 128) = -1 ENODATA (No data available)
17035 openat(AT_FDCWD, "/home/hmeng/go/src/github.com/opencontainers/runc/libcontainer/selinux", O_RDONLY|O_CLOEXEC) = 7
17035 getdents64(7, /* 4 entries */, 4096) = 120
17035 getdents64(7, /* 0 entries */, 4096) = 0
17035 close(7)                          = 0
17035 lstat("/home/hmeng/go/src/github.com/opencontainers/runc/libcontainer/selinux/selinux.go", {st_mode=S_IFREG|0664, st_size=10853, ...}) = 0
17035 lstat("/home/hmeng/go/src/github.com/opencontainers/runc/libcontainer/selinux/selinux.go", {st_mode=S_IFREG|0664, st_size=10853, ...}) = 0
17035 lgetxattr("/home/hmeng/go/src/github.com/opencontainers/runc/libcontainer/selinux/selinux.go", "security.capability", 0xc820259800, 128) = -1 ENODATA (No data available)
17035 openat(AT_FDCWD, "/home/hmeng/go/src/github.com/opencontainers/runc/libcontainer/selinux/selinux.go", O_RDONLY|O_CLOEXEC) = 7
17035 read(7, "// +build linux\n\npackage selinux"..., 32768) = 10853
17035 read(7, "", 21915)                = 0
17035 close(7)                          = 0
17035 lstat("/home/hmeng/go/src/github.com/opencontainers/runc/libcontainer/selinux/selinux_test.go", {st_mode=S_IFREG|0664, st_size=2004, ...}) = 0
17035 lstat("/home/hmeng/go/src/github.com/opencontainers/runc/libcontainer/selinux/selinux_test.go", {st_mode=S_IFREG|0664, st_size=2004, ...}) = 0
17035 lgetxattr("/home/hmeng/go/src/github.com/opencontainers/runc/libcontainer/selinux/selinux_test.go", "security.capability", 0xc820259880, 128) = -1 ENODATA (No data available)
17035 openat(AT_FDCWD, "/home/hmeng/go/src/github.com/opencontainers/runc/libcontainer/selinux/selinux_test.go", O_RDONLY|O_CLOEXEC) = 7
17035 read(7, "// +build linux,selinux\n\npackage"..., 32768) = 2004
17035 read(7, "", 30764)                = 0
17035 close(7)                          = 0
17035 lstat("/home/hmeng/go/src/github.com/opencontainers/runc/libcontainer/setgroups_linux.go", {st_mode=S_IFREG|0664, st_size=293, ...}) = 0
17032 <... select resumed> )            = 0 (Timeout)
17035 lstat("/home/hmeng/go/src/github.com/opencontainers/runc/libcontainer/setgroups_linux.go",  <unfinished ...>
17032 clock_gettime(CLOCK_MONOTONIC,  <unfinished ...>
17035 <... lstat resumed> {st_mode=S_IFREG|0664, st_size=293, ...}) = 0
17032 <... clock_gettime resumed> {4903, 674074666}) = 0
17035 lgetxattr("/home/hmeng/go/src/github.com/opencontainers/runc/libcontainer/setgroups_linux.go", "security.capability" <unfinished ...>
17032 clock_gettime(CLOCK_REALTIME,  <unfinished ...>
17035 <... lgetxattr resumed> , 0xc820259900, 128) = -1 ENODATA (No data available)
17032 <... clock_gettime resumed> {1465918769, 458117228}) = 0
17035 openat(AT_FDCWD, "/home/hmeng/go/src/github.com/opencontainers/runc/libcontainer/setgroups_linux.go", O_RDONLY|O_CLOEXEC <unfinished ...>
17032 select(0, NULL, NULL, NULL, {0, 10000} <unfinished ...>
17035 <... openat resumed> )            = 7
17035 read(7, "// +build linux,go1.5\n\npackage l"..., 32768) = 293
17035 read(7, "", 32475)                = 0
17035 close(7)                          = 0
17035 lstat("/home/hmeng/go/src/github.com/opencontainers/runc/libcontainer/setns_init_linux.go", {st_mode=S_IFREG|0664, st_size=1411, ...}) = 0
17035 lstat("/home/hmeng/go/src/github.com/opencontainers/runc/libcontainer/setns_init_linux.go", {st_mode=S_IFREG|0664, st_size=1411, ...}) = 0
17035 lgetxattr("/home/hmeng/go/src/github.com/opencontainers/runc/libcontainer/setns_init_linux.go", "security.capability", 0xc820259980, 128) = -1 ENODATA (No data available)
17035 openat(AT_FDCWD, "/home/hmeng/go/src/github.com/opencontainers/runc/libcontainer/setns_init_linux.go", O_RDONLY|O_CLOEXEC) = 7
17035 read(7, "// +build linux\n\npackage libcont"..., 32768) = 1411
17035 read(7, "", 31357)                = 0
17035 close(7)                          = 0
17035 lstat("/home/hmeng/go/src/github.com/opencontainers/runc/libcontainer/specconv", {st_mode=S_IFDIR|0775, st_size=51, ...}) = 0
17035 lstat("/home/hmeng/go/src/github.com/opencontainers/runc/libcontainer/specconv", {st_mode=S_IFDIR|0775, st_size=51, ...}) = 0
17035 lgetxattr("/home/hmeng/go/src/github.com/opencontainers/runc/libcontainer/specconv", "security.capability", 0xc820259a00, 128) = -1 ENODATA (No data available)
17035 futex(0xc8200f6590, FUTEX_WAIT, 0, NULL <unfinished ...>
17033 <... epoll_wait resumed> {{EPOLLOUT, {u32=2134024192, u64=140606478393344}}}, 128, -1) = 1
17033 clock_gettime(CLOCK_MONOTONIC, {4903, 678657948}) = 0
17033 futex(0xc8200f6590, FUTEX_WAKE, 1 <unfinished ...>
17035 <... futex resumed> )             = 0
17033 <... futex resumed> )             = 1
17035 epoll_wait(5,  <unfinished ...>
17033 write(6, "\n\treturn syscall.Kill(p.pid(), s"..., 28678 <unfinished ...>
17035 <... epoll_wait resumed> {}, 128, 0) = 0
17033 <... write resumed> )             = 28678
17035 epoll_wait(5,  <unfinished ...>
17033 write(6, "\r\n", 2)               = 2
17033 futex(0x21ef2b0, FUTEX_WAKE, 1)   = 1
17031 <... futex resumed> )             = 0
17033 write(6, "8000\r\n\t{\n\t\t\t\tDevice:      \"bind\""..., 4096 <unfinished ...>
17031 select(0, NULL, NULL, NULL, {0, 100} <unfinished ...>
17033 <... write resumed> )             = 4096
17033 write(6, "\0\0\0\0\0\0libcontainer/seccomp/fixtu"..., 28678) = 28678
17033 write(6, "\r\n", 2)               = 2
17033 openat(AT_FDCWD, "/home/hmeng/go/src/github.com/opencontainers/runc/libcontainer/specconv", O_RDONLY|O_CLOEXEC) = 7
17033 getdents64(7,  <unfinished ...>
17031 <... select resumed> )            = 0 (Timeout)
17033 <... getdents64 resumed> /* 4 entries */, 4096) = 128
17031 futex(0x21ef2b0, FUTEX_WAIT, 0, NULL <unfinished ...>
17033 getdents64(7, /* 0 entries */, 4096) = 0
17033 close(7)                          = 0
17033 lstat("/home/hmeng/go/src/github.com/opencontainers/runc/libcontainer/specconv/spec_linux.go", {st_mode=S_IFREG|0664, st_size=19372, ...}) = 0
17033 lstat("/home/hmeng/go/src/github.com/opencontainers/runc/libcontainer/specconv/spec_linux.go", {st_mode=S_IFREG|0664, st_size=19372, ...}) = 0
17033 lgetxattr("/home/hmeng/go/src/github.com/opencontainers/runc/libcontainer/specconv/spec_linux.go", "security.capability", 0xc820259a80, 128) = -1 ENODATA (No data available)
17033 openat(AT_FDCWD, "/home/hmeng/go/src/github.com/opencontainers/runc/libcontainer/specconv/spec_linux.go", O_RDONLY|O_CLOEXEC) = 7
17033 read(7, "// +build linux\n\n// Package spec"..., 32768) = 19372
17033 read(7, "", 13396)                = 0
17033 close(7)                          = 0
17033 lstat("/home/hmeng/go/src/github.com/opencontainers/runc/libcontainer/specconv/spec_linux_test.go", {st_mode=S_IFREG|0664, st_size=911, ...}) = 0
17033 lstat("/home/hmeng/go/src/github.com/opencontainers/runc/libcontainer/specconv/spec_linux_test.go", {st_mode=S_IFREG|0664, st_size=911, ...}) = 0
17033 lgetxattr("/home/hmeng/go/src/github.com/opencontainers/runc/libcontainer/specconv/spec_linux_test.go", "security.capability", 0xc820259b00, 128) = -1 ENODATA (No data available)
17033 openat(AT_FDCWD, "/home/hmeng/go/src/github.com/opencontainers/runc/libcontainer/specconv/spec_linux_test.go", O_RDONLY|O_CLOEXEC) = 7
17033 read(7, "// build +linux\n\npackage speccon"..., 32768) = 911
17033 read(7, "", 31857)                = 0
17033 close(7)                          = 0
17033 lstat("/home/hmeng/go/src/github.com/opencontainers/runc/libcontainer/stacktrace", {st_mode=S_IFDIR|0775, st_size=100, ...}) = 0
17033 lstat("/home/hmeng/go/src/github.com/opencontainers/runc/libcontainer/stacktrace", {st_mode=S_IFDIR|0775, st_size=100, ...}) = 0
17033 lgetxattr("/home/hmeng/go/src/github.com/opencontainers/runc/libcontainer/stacktrace", "security.capability", 0xc820259b80, 128) = -1 ENODATA (No data available)
17033 openat(AT_FDCWD, "/home/hmeng/go/src/github.com/opencontainers/runc/libcontainer/stacktrace", O_RDONLY|O_CLOEXEC) = 7
17033 getdents64(7, /* 7 entries */, 4096) = 232
17033 getdents64(7, /* 0 entries */, 4096) = 0
17033 close(7)                          = 0
17033 lstat("/home/hmeng/go/src/github.com/opencontainers/runc/libcontainer/stacktrace/capture.go", {st_mode=S_IFREG|0664, st_size=612, ...}) = 0
17033 lstat("/home/hmeng/go/src/github.com/opencontainers/runc/libcontainer/stacktrace/capture.go", {st_mode=S_IFREG|0664, st_size=612, ...}) = 0
17033 lgetxattr("/home/hmeng/go/src/github.com/opencontainers/runc/libcontainer/stacktrace/capture.go", "security.capability", 0xc820259c00, 128) = -1 ENODATA (No data available)
17033 openat(AT_FDCWD, "/home/hmeng/go/src/github.com/opencontainers/runc/libcontainer/stacktrace/capture.go", O_RDONLY|O_CLOEXEC) = 7
17033 read(7, "package stacktrace\n\nimport \"runt"..., 32768) = 612
17033 read(7, "", 32156)                = 0
17033 close(7)                          = 0
17033 lstat("/home/hmeng/go/src/github.com/opencontainers/runc/libcontainer/stacktrace/capture_test.go", {st_mode=S_IFREG|0664, st_size=789, ...}) = 0
17033 lstat("/home/hmeng/go/src/github.com/opencontainers/runc/libcontainer/stacktrace/capture_test.go", {st_mode=S_IFREG|0664, st_size=789, ...}) = 0
17033 lgetxattr("/home/hmeng/go/src/github.com/opencontainers/runc/libcontainer/stacktrace/capture_test.go", "security.capability", 0xc820259c80, 128) = -1 ENODATA (No data available)
17033 openat(AT_FDCWD, "/home/hmeng/go/src/github.com/opencontainers/runc/libcontainer/stacktrace/capture_test.go", O_RDONLY|O_CLOEXEC) = 7
17033 read(7, "package stacktrace\n\nimport (\n\t\"s"..., 32768) = 789
17033 read(7, "", 31979)                = 0
17033 close(7)                          = 0
17033 lstat("/home/hmeng/go/src/github.com/opencontainers/runc/libcontainer/stacktrace/frame.go", {st_mode=S_IFREG|0664, st_size=732, ...}) = 0
17033 lstat("/home/hmeng/go/src/github.com/opencontainers/runc/libcontainer/stacktrace/frame.go", {st_mode=S_IFREG|0664, st_size=732, ...}) = 0
17033 lgetxattr("/home/hmeng/go/src/github.com/opencontainers/runc/libcontainer/stacktrace/frame.go", "security.capability", 0xc820259d00, 128) = -1 ENODATA (No data available)
17033 openat(AT_FDCWD, "/home/hmeng/go/src/github.com/opencontainers/runc/libcontainer/stacktrace/frame.go", O_RDONLY|O_CLOEXEC) = 7
17033 read(7, "package stacktrace\n\nimport (\n\t\"p"..., 32768) = 732
17033 read(7, "", 32036)                = 0
17033 close(7)                          = 0
17033 lstat("/home/hmeng/go/src/github.com/opencontainers/runc/libcontainer/stacktrace/frame_test.go", {st_mode=S_IFREG|0664, st_size=563, ...}) = 0
17033 lstat("/home/hmeng/go/src/github.com/opencontainers/runc/libcontainer/stacktrace/frame_test.go", {st_mode=S_IFREG|0664, st_size=563, ...}) = 0
17033 lgetxattr("/home/hmeng/go/src/github.com/opencontainers/runc/libcontainer/stacktrace/frame_test.go", "security.capability", 0xc820259d80, 128) = -1 ENODATA (No data available)
17033 openat(AT_FDCWD, "/home/hmeng/go/src/github.com/opencontainers/runc/libcontainer/stacktrace/frame_test.go", O_RDONLY|O_CLOEXEC) = 7
17033 read(7, "package stacktrace\n\nimport \"test"..., 32768) = 563
17033 read(7, "", 32205)                = 0
17033 close(7)                          = 0
17033 lstat("/home/hmeng/go/src/github.com/opencontainers/runc/libcontainer/stacktrace/stacktrace.go", {st_mode=S_IFREG|0664, st_size=63, ...}) = 0
17033 lstat("/home/hmeng/go/src/github.com/opencontainers/runc/libcontainer/stacktrace/stacktrace.go", {st_mode=S_IFREG|0664, st_size=63, ...}) = 0
17033 lgetxattr("/home/hmeng/go/src/github.com/opencontainers/runc/libcontainer/stacktrace/stacktrace.go", "security.capability", 0xc820259e00, 128) = -1 ENODATA (No data available)
17033 openat(AT_FDCWD, "/home/hmeng/go/src/github.com/opencontainers/runc/libcontainer/stacktrace/stacktrace.go", O_RDONLY|O_CLOEXEC) = 7
17033 read(7, "package stacktrace\n\ntype Stacktr"..., 32768) = 63
17033 read(7, "", 32705)                = 0
17033 close(7)                          = 0
17033 lstat("/home/hmeng/go/src/github.com/opencontainers/runc/libcontainer/standard_init_linux.go",  <unfinished ...>
17035 <... epoll_wait resumed> {{EPOLLOUT, {u32=2134024192, u64=140606478393344}}}, 128, -1) = 1
17033 <... lstat resumed> {st_mode=S_IFREG|0664, st_size=5139, ...}) = 0
17035 epoll_wait(5,  <unfinished ...>
17033 lstat("/home/hmeng/go/src/github.com/opencontainers/runc/libcontainer/standard_init_linux.go", {st_mode=S_IFREG|0664, st_size=5139, ...}) = 0
17033 lgetxattr("/home/hmeng/go/src/github.com/opencontainers/runc/libcontainer/standard_init_linux.go", "security.capability", 0xc820259e80, 128) = -1 ENODATA (No data available)
17033 openat(AT_FDCWD, "/home/hmeng/go/src/github.com/opencontainers/runc/libcontainer/standard_init_linux.go", O_RDONLY|O_CLOEXEC) = 7
17033 read(7, "// +build linux\n\npackage libcont"..., 32768) = 5139
17033 read(7, "", 27629)                = 0
17033 close(7)                          = 0
17033 futex(0x21ef2b0, FUTEX_WAKE, 1)   = 1
17031 <... futex resumed> )             = 0
17033 write(6, "8000\r\nlibcontainer/specconv/\0\0\0\0"..., 4096 <unfinished ...>
17031 select(0, NULL, NULL, NULL, {0, 100} <unfinished ...>
17033 <... write resumed> )             = 4096
17033 write(6, "eates a new libcontainer configu"..., 28678) = 28678
17033 write(6, "\r\n", 2)               = 2
17033 lstat("/home/hmeng/go/src/github.com/opencontainers/runc/libcontainer/state_linux.go",  <unfinished ...>
17031 <... select resumed> )            = 0 (Timeout)
17033 <... lstat resumed> {st_mode=S_IFREG|0664, st_size=5358, ...}) = 0
17031 futex(0x21ef2b0, FUTEX_WAIT, 0, NULL <unfinished ...>
17033 lstat("/home/hmeng/go/src/github.com/opencontainers/runc/libcontainer/state_linux.go", {st_mode=S_IFREG|0664, st_size=5358, ...}) = 0
17033 lgetxattr("/home/hmeng/go/src/github.com/opencontainers/runc/libcontainer/state_linux.go", "security.capability", 0xc820259f00, 128) = -1 ENODATA (No data available)
17033 openat(AT_FDCWD, "/home/hmeng/go/src/github.com/opencontainers/runc/libcontainer/state_linux.go", O_RDONLY|O_CLOEXEC) = 7
17033 read(7, "// +build linux\n\npackage libcont"..., 32768) = 5358
17033 read(7, "", 27410)                = 0
17033 close(7)                          = 0
17033 lstat("/home/hmeng/go/src/github.com/opencontainers/runc/libcontainer/state_linux_test.go", {st_mode=S_IFREG|0664, st_size=1698, ...}) = 0
17033 lstat("/home/hmeng/go/src/github.com/opencontainers/runc/libcontainer/state_linux_test.go", {st_mode=S_IFREG|0664, st_size=1698, ...}) = 0
17033 lgetxattr("/home/hmeng/go/src/github.com/opencontainers/runc/libcontainer/state_linux_test.go", "security.capability", 0xc820259f80, 128) = -1 ENODATA (No data available)
17033 openat(AT_FDCWD, "/home/hmeng/go/src/github.com/opencontainers/runc/libcontainer/state_linux_test.go", O_RDONLY|O_CLOEXEC) = 7
17033 read(7, "// +build linux\n\npackage libcont"..., 32768) = 1698
17033 read(7, "", 31070)                = 0
17033 close(7)                          = 0
17033 lstat("/home/hmeng/go/src/github.com/opencontainers/runc/libcontainer/stats.go", {st_mode=S_IFREG|0664, st_size=260, ...}) = 0
17033 lstat("/home/hmeng/go/src/github.com/opencontainers/runc/libcontainer/stats.go", {st_mode=S_IFREG|0664, st_size=260, ...}) = 0
17033 lgetxattr("/home/hmeng/go/src/github.com/opencontainers/runc/libcontainer/stats.go", "security.capability", 0xc820562000, 128) = -1 ENODATA (No data available)
17033 openat(AT_FDCWD, "/home/hmeng/go/src/github.com/opencontainers/runc/libcontainer/stats.go", O_RDONLY|O_CLOEXEC) = 7
17033 read(7, "package libcontainer\n\ntype Netwo"..., 32768) = 260
17033 read(7, "", 32508)                = 0
17033 close(7)                          = 0
17033 lstat("/home/hmeng/go/src/github.com/opencontainers/runc/libcontainer/stats_freebsd.go", {st_mode=S_IFREG|0664, st_size=76, ...}) = 0
17033 lstat("/home/hmeng/go/src/github.com/opencontainers/runc/libcontainer/stats_freebsd.go", {st_mode=S_IFREG|0664, st_size=76, ...}) = 0
17033 lgetxattr("/home/hmeng/go/src/github.com/opencontainers/runc/libcontainer/stats_freebsd.go", "security.capability", 0xc820562080, 128) = -1 ENODATA (No data available)
17033 openat(AT_FDCWD, "/home/hmeng/go/src/github.com/opencontainers/runc/libcontainer/stats_freebsd.go", O_RDONLY|O_CLOEXEC) = 7
17033 read(7, "package libcontainer\n\ntype Stats"..., 32768) = 76
17033 read(7, "", 32692)                = 0
17033 close(7)                          = 0
17033 lstat("/home/hmeng/go/src/github.com/opencontainers/runc/libcontainer/stats_linux.go", {st_mode=S_IFREG|0664, st_size=167, ...}) = 0
17033 lstat("/home/hmeng/go/src/github.com/opencontainers/runc/libcontainer/stats_linux.go", {st_mode=S_IFREG|0664, st_size=167, ...}) = 0
17033 lgetxattr("/home/hmeng/go/src/github.com/opencontainers/runc/libcontainer/stats_linux.go", "security.capability", 0xc820562100, 128) = -1 ENODATA (No data available)
17033 openat(AT_FDCWD, "/home/hmeng/go/src/github.com/opencontainers/runc/libcontainer/stats_linux.go", O_RDONLY|O_CLOEXEC) = 7
17033 read(7, "package libcontainer\n\nimport \"gi"..., 32768) = 167
17033 read(7, "", 32601)                = 0
17033 close(7)                          = 0
17033 lstat("/home/hmeng/go/src/github.com/opencontainers/runc/libcontainer/stats_solaris.go",  <unfinished ...>
17035 <... epoll_wait resumed> {{EPOLLOUT, {u32=2134024192, u64=140606478393344}}}, 128, -1) = 1
17033 <... lstat resumed> {st_mode=S_IFREG|0664, st_size=95, ...}) = 0
17035 epoll_wait(5,  <unfinished ...>
17033 lstat("/home/hmeng/go/src/github.com/opencontainers/runc/libcontainer/stats_solaris.go", {st_mode=S_IFREG|0664, st_size=95, ...}) = 0
17033 lgetxattr("/home/hmeng/go/src/github.com/opencontainers/runc/libcontainer/stats_solaris.go", "security.capability", 0xc820562180, 128) = -1 ENODATA (No data available)
17033 openat(AT_FDCWD, "/home/hmeng/go/src/github.com/opencontainers/runc/libcontainer/stats_solaris.go", O_RDONLY|O_CLOEXEC) = 7
17033 read(7, "package libcontainer\n\n// Solaris"..., 32768) = 95
17033 read(7, "", 32673)                = 0
17033 close(7)                          = 0
17033 lstat("/home/hmeng/go/src/github.com/opencontainers/runc/libcontainer/stats_windows.go", {st_mode=S_IFREG|0664, st_size=76, ...}) = 0
17033 lstat("/home/hmeng/go/src/github.com/opencontainers/runc/libcontainer/stats_windows.go", {st_mode=S_IFREG|0664, st_size=76, ...}) = 0
17033 lgetxattr("/home/hmeng/go/src/github.com/opencontainers/runc/libcontainer/stats_windows.go", "security.capability", 0xc820562200, 128) = -1 ENODATA (No data available)
17033 openat(AT_FDCWD, "/home/hmeng/go/src/github.com/opencontainers/runc/libcontainer/stats_windows.go", O_RDONLY|O_CLOEXEC) = 7
17033 read(7, "package libcontainer\n\ntype Stats"..., 32768) = 76
17033 read(7, "", 32692)                = 0
17033 close(7)                          = 0
17033 lstat("/home/hmeng/go/src/github.com/opencontainers/runc/libcontainer/system", {st_mode=S_IFDIR|0775, st_size=4096, ...}) = 0
17033 lstat("/home/hmeng/go/src/github.com/opencontainers/runc/libcontainer/system", {st_mode=S_IFDIR|0775, st_size=4096, ...}) = 0
17033 lgetxattr("/home/hmeng/go/src/github.com/opencontainers/runc/libcontainer/system", "security.capability", 0xc820562280, 128) = -1 ENODATA (No data available)
17033 openat(AT_FDCWD, "/home/hmeng/go/src/github.com/opencontainers/runc/libcontainer/system", O_RDONLY|O_CLOEXEC) = 7
17033 getdents64(7, /* 12 entries */, 4096) = 424
17033 getdents64(7, /* 0 entries */, 4096) = 0
17033 close(7)                          = 0
17033 lstat("/home/hmeng/go/src/github.com/opencontainers/runc/libcontainer/system/linux.go", {st_mode=S_IFREG|0664, st_size=3543, ...}) = 0
17033 lstat("/home/hmeng/go/src/github.com/opencontainers/runc/libcontainer/system/linux.go", {st_mode=S_IFREG|0664, st_size=3543, ...}) = 0
17033 lgetxattr("/home/hmeng/go/src/github.com/opencontainers/runc/libcontainer/system/linux.go", "security.capability", 0xc820562300, 128) = -1 ENODATA (No data available)
17033 openat(AT_FDCWD, "/home/hmeng/go/src/github.com/opencontainers/runc/libcontainer/system/linux.go", O_RDONLY|O_CLOEXEC) = 7
17033 read(7, "// +build linux\n\npackage system\n"..., 32768) = 3543
17033 read(7, "", 29225)                = 0
17033 close(7)                          = 0
17033 lstat("/home/hmeng/go/src/github.com/opencontainers/runc/libcontainer/system/proc.go", {st_mode=S_IFREG|0664, st_size=786, ...}) = 0
17033 lstat("/home/hmeng/go/src/github.com/opencontainers/runc/libcontainer/system/proc.go", {st_mode=S_IFREG|0664, st_size=786, ...}) = 0
17033 lgetxattr("/home/hmeng/go/src/github.com/opencontainers/runc/libcontainer/system/proc.go", "security.capability", 0xc820562380, 128) = -1 ENODATA (No data available)
17033 openat(AT_FDCWD, "/home/hmeng/go/src/github.com/opencontainers/runc/libcontainer/system/proc.go", O_RDONLY|O_CLOEXEC <unfinished ...>
17032 <... select resumed> )            = 0 (Timeout)
17033 <... openat resumed> )            = 7
17032 clock_gettime(CLOCK_MONOTONIC,  <unfinished ...>
17033 read(7,  <unfinished ...>
17032 <... clock_gettime resumed> {4903, 684296284}) = 0
17035 <... epoll_wait resumed> {{EPOLLOUT, {u32=2134024192, u64=140606478393344}}}, 128, -1) = 1
17033 <... read resumed> "package system\n\nimport (\n\t\"io/io"..., 32768) = 786
17032 clock_gettime(CLOCK_REALTIME,  <unfinished ...>
17035 epoll_wait(5,  <unfinished ...>
17033 read(7,  <unfinished ...>
17032 <... clock_gettime resumed> {1465918769, 471046622}) = 0
17035 <... epoll_wait resumed> {{EPOLLOUT, {u32=2134024192, u64=140606478393344}}}, 128, -1) = 1
17033 <... read resumed> "", 31982)     = 0
17032 select(0, NULL, NULL, NULL, {0, 10000} <unfinished ...>
17035 epoll_wait(5,  <unfinished ...>
17033 close(7)                          = 0
17033 lstat("/home/hmeng/go/src/github.com/opencontainers/runc/libcontainer/system/setns_linux.go", {st_mode=S_IFREG|0664, st_size=1009, ...}) = 0
17033 lstat("/home/hmeng/go/src/github.com/opencontainers/runc/libcontainer/system/setns_linux.go", {st_mode=S_IFREG|0664, st_size=1009, ...}) = 0
17033 lgetxattr("/home/hmeng/go/src/github.com/opencontainers/runc/libcontainer/system/setns_linux.go", "security.capability", 0xc820562400, 128) = -1 ENODATA (No data available)
17033 openat(AT_FDCWD, "/home/hmeng/go/src/github.com/opencontainers/runc/libcontainer/system/setns_linux.go", O_RDONLY|O_CLOEXEC) = 7
17033 read(7, "package system\n\nimport (\n\t\"fmt\"\n"..., 32768) = 1009
17033 read(7, "", 31759)                = 0
17033 close(7)                          = 0
17033 lstat("/home/hmeng/go/src/github.com/opencontainers/runc/libcontainer/system/syscall_linux_386.go", {st_mode=S_IFREG|0664, st_size=487, ...}) = 0
17033 lstat("/home/hmeng/go/src/github.com/opencontainers/runc/libcontainer/system/syscall_linux_386.go", {st_mode=S_IFREG|0664, st_size=487, ...}) = 0
17033 lgetxattr("/home/hmeng/go/src/github.com/opencontainers/runc/libcontainer/system/syscall_linux_386.go", "security.capability", 0xc820562480, 128) = -1 ENODATA (No data available)
17033 openat(AT_FDCWD, "/home/hmeng/go/src/github.com/opencontainers/runc/libcontainer/system/syscall_linux_386.go", O_RDONLY|O_CLOEXEC) = 7
17033 read(7, "// +build linux,386\n\npackage sys"..., 32768) = 487
17033 read(7, "", 32281)                = 0
17033 close(7)                          = 0
17033 lstat("/home/hmeng/go/src/github.com/opencontainers/runc/libcontainer/system/syscall_linux_64.go", {st_mode=S_IFREG|0664, st_size=547, ...}) = 0
17033 lstat("/home/hmeng/go/src/github.com/opencontainers/runc/libcontainer/system/syscall_linux_64.go", {st_mode=S_IFREG|0664, st_size=547, ...}) = 0
17033 lgetxattr("/home/hmeng/go/src/github.com/opencontainers/runc/libcontainer/system/syscall_linux_64.go", "security.capability", 0xc820562500, 128) = -1 ENODATA (No data available)
17033 openat(AT_FDCWD, "/home/hmeng/go/src/github.com/opencontainers/runc/libcontainer/system/syscall_linux_64.go", O_RDONLY|O_CLOEXEC) = 7
17033 read(7, "// +build linux,arm64 linux,amd6"..., 32768) = 547
17033 read(7, "", 32221)                = 0
17033 close(7)                          = 0
17033 lstat("/home/hmeng/go/src/github.com/opencontainers/runc/libcontainer/system/syscall_linux_arm.go", {st_mode=S_IFREG|0664, st_size=489, ...}) = 0
17033 lstat("/home/hmeng/go/src/github.com/opencontainers/runc/libcontainer/system/syscall_linux_arm.go", {st_mode=S_IFREG|0664, st_size=489, ...}) = 0
17033 lgetxattr("/home/hmeng/go/src/github.com/opencontainers/runc/libcontainer/system/syscall_linux_arm.go", "security.capability", 0xc820562580, 128) = -1 ENODATA (No data available)
17033 openat(AT_FDCWD, "/home/hmeng/go/src/github.com/opencontainers/runc/libcontainer/system/syscall_linux_arm.go", O_RDONLY|O_CLOEXEC) = 7
17033 read(7, "// +build linux,arm\n\npackage sys"..., 32768) = 489
17033 read(7, "", 32279)                = 0
17033 close(7)                          = 0
17033 lstat("/home/hmeng/go/src/github.com/opencontainers/runc/libcontainer/system/sysconfig.go", {st_mode=S_IFREG|0664, st_size=477, ...}) = 0
17033 lstat("/home/hmeng/go/src/github.com/opencontainers/runc/libcontainer/system/sysconfig.go", {st_mode=S_IFREG|0664, st_size=477, ...}) = 0
17033 lgetxattr("/home/hmeng/go/src/github.com/opencontainers/runc/libcontainer/system/sysconfig.go", "security.capability", 0xc820562600, 128) = -1 ENODATA (No data available)
17033 openat(AT_FDCWD, "/home/hmeng/go/src/github.com/opencontainers/runc/libcontainer/system/sysconfig.go", O_RDONLY|O_CLOEXEC) = 7
17033 read(7, "// +build cgo,linux cgo,freebsd\n"..., 32768) = 477
17033 read(7, "", 32291)                = 0
17033 close(7)                          = 0
17033 lstat("/home/hmeng/go/src/github.com/opencontainers/runc/libcontainer/system/sysconfig_notcgo.go", {st_mode=S_IFREG|0664, st_size=469, ...}) = 0
17033 lstat("/home/hmeng/go/src/github.com/opencontainers/runc/libcontainer/system/sysconfig_notcgo.go", {st_mode=S_IFREG|0664, st_size=469, ...}) = 0
17033 lgetxattr("/home/hmeng/go/src/github.com/opencontainers/runc/libcontainer/system/sysconfig_notcgo.go", "security.capability", 0xc820562680, 128) = -1 ENODATA (No data available)
17033 openat(AT_FDCWD, "/home/hmeng/go/src/github.com/opencontainers/runc/libcontainer/system/sysconfig_notcgo.go", O_RDONLY|O_CLOEXEC) = 7
17033 read(7, "// +build !cgo windows\n\npackage "..., 32768) = 469
17033 read(7, "", 32299)                = 0
17033 close(7)                          = 0
17033 lstat("/home/hmeng/go/src/github.com/opencontainers/runc/libcontainer/system/unsupported.go", {st_mode=S_IFREG|0664, st_size=155, ...}) = 0
17033 lstat("/home/hmeng/go/src/github.com/opencontainers/runc/libcontainer/system/unsupported.go", {st_mode=S_IFREG|0664, st_size=155, ...}) = 0
17033 lgetxattr("/home/hmeng/go/src/github.com/opencontainers/runc/libcontainer/system/unsupported.go", "security.capability", 0xc820562700, 128) = -1 ENODATA (No data available)
17033 openat(AT_FDCWD, "/home/hmeng/go/src/github.com/opencontainers/runc/libcontainer/system/unsupported.go", O_RDONLY|O_CLOEXEC) = 7
17033 read(7, "// +build !linux\n\npackage system"..., 32768) = 155
17033 read(7, "", 32613)                = 0
17033 close(7)                          = 0
17033 lstat("/home/hmeng/go/src/github.com/opencontainers/runc/libcontainer/system/xattrs_linux.go", {st_mode=S_IFREG|0664, st_size=2861, ...}) = 0
17033 lstat("/home/hmeng/go/src/github.com/opencontainers/runc/libcontainer/system/xattrs_linux.go", {st_mode=S_IFREG|0664, st_size=2861, ...}) = 0
17033 lgetxattr("/home/hmeng/go/src/github.com/opencontainers/runc/libcontainer/system/xattrs_linux.go", "security.capability", 0xc820562780, 128) = -1 ENODATA (No data available)
17033 openat(AT_FDCWD, "/home/hmeng/go/src/github.com/opencontainers/runc/libcontainer/system/xattrs_linux.go", O_RDONLY|O_CLOEXEC) = 7
17033 read(7, "package system\n\nimport (\n\t\"sysca"..., 32768) = 2861
17033 read(7, "", 29907)                = 0
17033 close(7)                          = 0
17033 futex(0x21ef2b0, FUTEX_WAKE, 1)   = 1
17031 <... futex resumed> )             = 0
17033 write(6, "8000\r\n err\n\t}\n\n\tfor key, value :"..., 4096 <unfinished ...>
17031 select(0, NULL, NULL, NULL, {0, 100} <unfinished ...>
17033 <... write resumed> )             = 4096
17033 write(6, "ateTransitionError struct {\n\tFro"..., 28678 <unfinished ...>
17035 <... epoll_wait resumed> {{EPOLLOUT, {u32=2134024192, u64=140606478393344}}}, 128, -1) = 1
17033 <... write resumed> )             = 28678
17035 epoll_wait(5,  <unfinished ...>
17033 write(6, "\r\n", 2 <unfinished ...>
17035 <... epoll_wait resumed> {{EPOLLOUT, {u32=2134024192, u64=140606478393344}}}, 128, -1) = 1
17033 <... write resumed> )             = 2
17035 epoll_wait(5,  <unfinished ...>
17033 lstat("/home/hmeng/go/src/github.com/opencontainers/runc/libcontainer/user",  <unfinished ...>
17035 <... epoll_wait resumed> {{EPOLLOUT, {u32=2134024192, u64=140606478393344}}}, 128, -1) = 1
17033 <... lstat resumed> {st_mode=S_IFDIR|0775, st_size=4096, ...}) = 0
17031 <... select resumed> )            = 0 (Timeout)
17035 epoll_wait(5,  <unfinished ...>
17033 lstat("/home/hmeng/go/src/github.com/opencontainers/runc/libcontainer/user",  <unfinished ...>
17031 futex(0x21ef2b0, FUTEX_WAIT, 0, NULL <unfinished ...>
17033 <... lstat resumed> {st_mode=S_IFDIR|0775, st_size=4096, ...}) = 0
17033 lgetxattr("/home/hmeng/go/src/github.com/opencontainers/runc/libcontainer/user", "security.capability", 0xc820562800, 128) = -1 ENODATA (No data available)
17033 openat(AT_FDCWD, "/home/hmeng/go/src/github.com/opencontainers/runc/libcontainer/user", O_RDONLY|O_CLOEXEC) = 7
17033 getdents64(7, /* 8 entries */, 4096) = 264
17033 getdents64(7, /* 0 entries */, 4096) = 0
17033 close(7)                          = 0
17033 lstat("/home/hmeng/go/src/github.com/opencontainers/runc/libcontainer/user/MAINTAINERS", {st_mode=S_IFREG|0664, st_size=88, ...}) = 0
17033 lstat("/home/hmeng/go/src/github.com/opencontainers/runc/libcontainer/user/MAINTAINERS", {st_mode=S_IFREG|0664, st_size=88, ...}) = 0
17033 lgetxattr("/home/hmeng/go/src/github.com/opencontainers/runc/libcontainer/user/MAINTAINERS", "security.capability", 0xc820562880, 128) = -1 ENODATA (No data available)
17033 openat(AT_FDCWD, "/home/hmeng/go/src/github.com/opencontainers/runc/libcontainer/user/MAINTAINERS", O_RDONLY|O_CLOEXEC) = 7
17033 read(7, "Tianon Gravi <admwiggin@gmail.co"..., 32768) = 88
17033 read(7, "", 32680)                = 0
17033 close(7)                          = 0
17033 lstat("/home/hmeng/go/src/github.com/opencontainers/runc/libcontainer/user/lookup.go", {st_mode=S_IFREG|0664, st_size=3150, ...}) = 0
17033 lstat("/home/hmeng/go/src/github.com/opencontainers/runc/libcontainer/user/lookup.go", {st_mode=S_IFREG|0664, st_size=3150, ...}) = 0
17033 lgetxattr("/home/hmeng/go/src/github.com/opencontainers/runc/libcontainer/user/lookup.go", "security.capability", 0xc820562900, 128) = -1 ENODATA (No data available)
17033 openat(AT_FDCWD, "/home/hmeng/go/src/github.com/opencontainers/runc/libcontainer/user/lookup.go", O_RDONLY|O_CLOEXEC) = 7
17033 read(7, "package user\n\nimport (\n\t\"errors\""..., 32768) = 3150
17033 read(7, "", 29618)                = 0
17033 close(7)                          = 0
17033 lstat("/home/hmeng/go/src/github.com/opencontainers/runc/libcontainer/user/lookup_unix.go", {st_mode=S_IFREG|0664, st_size=529, ...}) = 0
17033 lstat("/home/hmeng/go/src/github.com/opencontainers/runc/libcontainer/user/lookup_unix.go", {st_mode=S_IFREG|0664, st_size=529, ...}) = 0
17033 lgetxattr("/home/hmeng/go/src/github.com/opencontainers/runc/libcontainer/user/lookup_unix.go", "security.capability", 0xc820562980, 128) = -1 ENODATA (No data available)
17033 openat(AT_FDCWD, "/home/hmeng/go/src/github.com/opencontainers/runc/libcontainer/user/lookup_unix.go", O_RDONLY|O_CLOEXEC) = 7
17033 read(7, "// +build darwin dragonfly freeb"..., 32768) = 529
17033 read(7, "", 32239)                = 0
17033 close(7)                          = 0
17033 lstat("/home/hmeng/go/src/github.com/opencontainers/runc/libcontainer/user/lookup_unsupported.go", {st_mode=S_IFREG|0664, st_size=380, ...}) = 0
17033 lstat("/home/hmeng/go/src/github.com/opencontainers/runc/libcontainer/user/lookup_unsupported.go", {st_mode=S_IFREG|0664, st_size=380, ...}) = 0
17033 lgetxattr("/home/hmeng/go/src/github.com/opencontainers/runc/libcontainer/user/lookup_unsupported.go", "security.capability", 0xc820562a00, 128) = -1 ENODATA (No data available)
17033 openat(AT_FDCWD, "/home/hmeng/go/src/github.com/opencontainers/runc/libcontainer/user/lookup_unsupported.go", O_RDONLY|O_CLOEXEC) = 7
17033 read(7, "// +build !darwin,!dragonfly,!fr"..., 32768) = 380
17033 read(7, "", 32388)                = 0
17033 close(7)                          = 0
17033 lstat("/home/hmeng/go/src/github.com/opencontainers/runc/libcontainer/user/user.go", {st_mode=S_IFREG|0664, st_size=10987, ...}) = 0
17033 lstat("/home/hmeng/go/src/github.com/opencontainers/runc/libcontainer/user/user.go", {st_mode=S_IFREG|0664, st_size=10987, ...}) = 0
17033 lgetxattr("/home/hmeng/go/src/github.com/opencontainers/runc/libcontainer/user/user.go", "security.capability", 0xc820562a80, 128) = -1 ENODATA (No data available)
17033 openat(AT_FDCWD, "/home/hmeng/go/src/github.com/opencontainers/runc/libcontainer/user/user.go", O_RDONLY|O_CLOEXEC) = 7
17033 read(7, "package user\n\nimport (\n\t\"bufio\"\n"..., 32768) = 10987
17033 read(7, "", 21781)                = 0
17033 close(7)                          = 0
17033 lstat("/home/hmeng/go/src/github.com/opencontainers/runc/libcontainer/user/user_test.go", {st_mode=S_IFREG|0664, st_size=10331, ...}) = 0
17033 lstat("/home/hmeng/go/src/github.com/opencontainers/runc/libcontainer/user/user_test.go", {st_mode=S_IFREG|0664, st_size=10331, ...}) = 0
17033 lgetxattr("/home/hmeng/go/src/github.com/opencontainers/runc/libcontainer/user/user_test.go", "security.capability", 0xc820562b00, 128) = -1 ENODATA (No data available)
17033 openat(AT_FDCWD, "/home/hmeng/go/src/github.com/opencontainers/runc/libcontainer/user/user_test.go", O_RDONLY|O_CLOEXEC) = 7
17033 read(7, "package user\n\nimport (\n\t\"io\"\n\t\"r"..., 32768) = 10331
17033 read(7, "", 22437)                = 0
17033 close(7)                          = 0
17033 futex(0x21ef2b0, FUTEX_WAKE, 1)   = 1
17031 <... futex resumed> )             = 0
17033 write(6, "8000\r\ng(attr)\n\tif err != nil {\n\t"..., 4096 <unfinished ...>
17031 select(0, NULL, NULL, NULL, {0, 100} <unfinished ...>
17035 <... epoll_wait resumed> {{EPOLLOUT, {u32=2134024192, u64=140606478393344}}}, 128, -1) = 1
17033 <... write resumed> )             = 4096
17035 epoll_wait(5,  <unfinished ...>
17033 write(6, "\0\0\0\0\0\0package user\n\nimport (\n\t\"e"..., 28678) = 28678
17035 <... epoll_wait resumed> {{EPOLLOUT, {u32=2134024192, u64=140606478393344}}}, 128, -1) = 1
17033 write(6, "\r\n", 2 <unfinished ...>
17035 epoll_wait(5,  <unfinished ...>
17033 <... write resumed> )             = 2
17035 <... epoll_wait resumed> {{EPOLLOUT, {u32=2134024192, u64=140606478393344}}}, 128, -1) = 1
17033 lstat("/home/hmeng/go/src/github.com/opencontainers/runc/libcontainer/utils",  <unfinished ...>
17035 epoll_wait(5,  <unfinished ...>
17033 <... lstat resumed> {st_mode=S_IFDIR|0775, st_size=61, ...}) = 0
17031 <... select resumed> )            = 0 (Timeout)
17033 lstat("/home/hmeng/go/src/github.com/opencontainers/runc/libcontainer/utils",  <unfinished ...>
17031 futex(0x21ef2b0, FUTEX_WAIT, 0, NULL <unfinished ...>
17033 <... lstat resumed> {st_mode=S_IFDIR|0775, st_size=61, ...}) = 0
17033 lgetxattr("/home/hmeng/go/src/github.com/opencontainers/runc/libcontainer/utils", "security.capability", 0xc820562b80, 128) = -1 ENODATA (No data available)
17033 openat(AT_FDCWD, "/home/hmeng/go/src/github.com/opencontainers/runc/libcontainer/utils", O_RDONLY|O_CLOEXEC) = 7
17033 getdents64(7, /* 5 entries */, 4096) = 160
17033 getdents64(7, /* 0 entries */, 4096) = 0
17033 close(7)                          = 0
17033 lstat("/home/hmeng/go/src/github.com/opencontainers/runc/libcontainer/utils/utils.go", {st_mode=S_IFREG|0664, st_size=3462, ...}) = 0
17033 lstat("/home/hmeng/go/src/github.com/opencontainers/runc/libcontainer/utils/utils.go", {st_mode=S_IFREG|0664, st_size=3462, ...}) = 0
17033 lgetxattr("/home/hmeng/go/src/github.com/opencontainers/runc/libcontainer/utils/utils.go", "security.capability", 0xc820562c00, 128) = -1 ENODATA (No data available)
17033 openat(AT_FDCWD, "/home/hmeng/go/src/github.com/opencontainers/runc/libcontainer/utils/utils.go", O_RDONLY|O_CLOEXEC) = 7
17033 read(7, "package utils\n\nimport (\n\t\"crypto"..., 32768) = 3462
17033 read(7, "", 29306)                = 0
17033 close(7)                          = 0
17033 lstat("/home/hmeng/go/src/github.com/opencontainers/runc/libcontainer/utils/utils_test.go", {st_mode=S_IFREG|0664, st_size=3327, ...}) = 0
17033 lstat("/home/hmeng/go/src/github.com/opencontainers/runc/libcontainer/utils/utils_test.go", {st_mode=S_IFREG|0664, st_size=3327, ...}) = 0
17033 lgetxattr("/home/hmeng/go/src/github.com/opencontainers/runc/libcontainer/utils/utils_test.go", "security.capability", 0xc820562c80, 128) = -1 ENODATA (No data available)
17033 openat(AT_FDCWD, "/home/hmeng/go/src/github.com/opencontainers/runc/libcontainer/utils/utils_test.go", O_RDONLY|O_CLOEXEC) = 7
17033 read(7, "package utils\n\nimport (\n\t\"bytes\""..., 32768) = 3327
17033 read(7, "", 29441)                = 0
17033 close(7)                          = 0
17033 lstat("/home/hmeng/go/src/github.com/opencontainers/runc/libcontainer/utils/utils_unix.go", {st_mode=S_IFREG|0664, st_size=728, ...}) = 0
17033 lstat("/home/hmeng/go/src/github.com/opencontainers/runc/libcontainer/utils/utils_unix.go", {st_mode=S_IFREG|0664, st_size=728, ...}) = 0
17033 lgetxattr("/home/hmeng/go/src/github.com/opencontainers/runc/libcontainer/utils/utils_unix.go", "security.capability", 0xc820562d00, 128) = -1 ENODATA (No data available)
17033 openat(AT_FDCWD, "/home/hmeng/go/src/github.com/opencontainers/runc/libcontainer/utils/utils_unix.go", O_RDONLY|O_CLOEXEC) = 7
17033 read(7, "// +build !windows\n\npackage util"..., 32768) = 728
17033 read(7, "", 32040)                = 0
17033 close(7)                          = 0
17033 lstat("/home/hmeng/go/src/github.com/opencontainers/runc/libcontainer/xattr", {st_mode=S_IFDIR|0775, st_size=90, ...}) = 0
17033 lstat("/home/hmeng/go/src/github.com/opencontainers/runc/libcontainer/xattr", {st_mode=S_IFDIR|0775, st_size=90, ...}) = 0
17033 lgetxattr("/home/hmeng/go/src/github.com/opencontainers/runc/libcontainer/xattr", "security.capability", 0xc820562d80, 128) = -1 ENODATA (No data available)
17033 openat(AT_FDCWD, "/home/hmeng/go/src/github.com/opencontainers/runc/libcontainer/xattr", O_RDONLY|O_CLOEXEC) = 7
17033 getdents64(7, /* 6 entries */, 4096) = 200
17033 getdents64(7, /* 0 entries */, 4096) = 0
17033 close(7)                          = 0
17033 lstat("/home/hmeng/go/src/github.com/opencontainers/runc/libcontainer/xattr/errors.go", {st_mode=S_IFREG|0664, st_size=168, ...}) = 0
17033 futex(0x21ef2b0, FUTEX_WAKE, 1)   = 1
17031 <... futex resumed> )             = 0
17033 clock_gettime(CLOCK_MONOTONIC,  <unfinished ...>
17031 lstat("/home/hmeng/go/src/github.com/opencontainers/runc/libcontainer/xattr/errors.go",  <unfinished ...>
17033 <... clock_gettime resumed> {4903, 691080200}) = 0
17031 <... lstat resumed> {st_mode=S_IFREG|0664, st_size=168, ...}) = 0
17033 epoll_wait(5,  <unfinished ...>
17031 futex(0x21ef2b0, FUTEX_WAIT, 0, NULL <unfinished ...>
17033 <... epoll_wait resumed> {}, 128, 0) = 0
17033 clock_gettime(CLOCK_MONOTONIC, {4903, 691168143}) = 0
17033 futex(0x21ef2b0, FUTEX_WAKE, 1)   = 1
17031 <... futex resumed> )             = 0
17033 clock_gettime(CLOCK_MONOTONIC,  <unfinished ...>
17031 lgetxattr("/home/hmeng/go/src/github.com/opencontainers/runc/libcontainer/xattr/errors.go", "security.capability" <unfinished ...>
17033 <... clock_gettime resumed> {4903, 691229295}) = 0
17031 <... lgetxattr resumed> , 0xc82053e100, 128) = -1 ENODATA (No data available)
17033 clock_gettime(CLOCK_MONOTONIC,  <unfinished ...>
17031 clock_gettime(CLOCK_MONOTONIC,  <unfinished ...>
17033 <... clock_gettime resumed> {4903, 691641902}) = 0
17031 <... clock_gettime resumed> {4903, 691645968}) = 0
17033 clock_gettime(CLOCK_MONOTONIC,  <unfinished ...>
17031 clock_gettime(CLOCK_MONOTONIC,  <unfinished ...>
17033 <... clock_gettime resumed> {4903, 691669512}) = 0
17031 <... clock_gettime resumed> {4903, 691673160}) = 0
17033 futex(0x21ee780, FUTEX_WAIT, 0, {0, 100000} <unfinished ...>
17031 futex(0x21ee780, FUTEX_WAKE, 1 <unfinished ...>
17033 <... futex resumed> )             = -1 EAGAIN (Resource temporarily unavailable)
17031 <... futex resumed> )             = 0
17033 sched_yield( <unfinished ...>
17031 openat(AT_FDCWD, "/home/hmeng/go/src/github.com/opencontainers/runc/libcontainer/xattr/errors.go", O_RDONLY|O_CLOEXEC <unfinished ...>
17033 <... sched_yield resumed> )       = 0
17033 futex(0x21ee6a0, FUTEX_WAKE, 1 <unfinished ...>
17031 <... openat resumed> )            = 7
17031 read(7, "package xattr\n\nimport (\n\t\"fmt\"\n\t"..., 32768) = 168
17031 read(7, "", 32600)                = 0
17031 close(7)                          = 0
17031 lstat("/home/hmeng/go/src/github.com/opencontainers/runc/libcontainer/xattr/xattr_linux.go", {st_mode=S_IFREG|0664, st_size=1008, ...}) = 0
17031 lstat("/home/hmeng/go/src/github.com/opencontainers/runc/libcontainer/xattr/xattr_linux.go", {st_mode=S_IFREG|0664, st_size=1008, ...}) = 0
17031 lgetxattr("/home/hmeng/go/src/github.com/opencontainers/runc/libcontainer/xattr/xattr_linux.go", "security.capability", 0xc82053e180, 128) = -1 ENODATA (No data available)
17033 <... futex resumed> )             = 0
17031 openat(AT_FDCWD, "/home/hmeng/go/src/github.com/opencontainers/runc/libcontainer/xattr/xattr_linux.go", O_RDONLY|O_CLOEXEC <unfinished ...>
17033 clock_gettime(CLOCK_MONOTONIC,  <unfinished ...>
17031 <... openat resumed> )            = 7
17033 <... clock_gettime resumed> {4903, 694839964}) = 0
17031 read(7,  <unfinished ...>
17033 clock_gettime(CLOCK_MONOTONIC,  <unfinished ...>
17031 <... read resumed> "// +build linux\n\npackage xattr\n\n"..., 32768) = 1008
17033 <... clock_gettime resumed> {4903, 694884291}) = 0
17031 read(7,  <unfinished ...>
17033 clock_gettime(CLOCK_MONOTONIC,  <unfinished ...>
17031 <... read resumed> "", 31760)     = 0
17033 <... clock_gettime resumed> {4903, 694917654}) = 0
17031 close(7 <unfinished ...>
17033 clock_gettime(CLOCK_MONOTONIC,  <unfinished ...>
17031 <... close resumed> )             = 0
17033 <... clock_gettime resumed> {4903, 694951388}) = 0
17031 lstat("/home/hmeng/go/src/github.com/opencontainers/runc/libcontainer/xattr/xattr_test.go", {st_mode=S_IFREG|0664, st_size=1511, ...}) = 0
17031 lstat("/home/hmeng/go/src/github.com/opencontainers/runc/libcontainer/xattr/xattr_test.go", {st_mode=S_IFREG|0664, st_size=1511, ...}) = 0
17031 lgetxattr("/home/hmeng/go/src/github.com/opencontainers/runc/libcontainer/xattr/xattr_test.go", "security.capability", 0xc82053e200, 128) = -1 ENODATA (No data available)
17031 openat(AT_FDCWD, "/home/hmeng/go/src/github.com/opencontainers/runc/libcontainer/xattr/xattr_test.go", O_RDONLY|O_CLOEXEC) = 7
17031 read(7, "// +build linux\n\npackage xattr_t"..., 32768) = 1511
17031 read(7, "", 31257)                = 0
17031 close(7)                          = 0
17031 lstat("/home/hmeng/go/src/github.com/opencontainers/runc/libcontainer/xattr/xattr_unsupported.go", {st_mode=S_IFREG|0664, st_size=294, ...}) = 0
17031 lstat("/home/hmeng/go/src/github.com/opencontainers/runc/libcontainer/xattr/xattr_unsupported.go", {st_mode=S_IFREG|0664, st_size=294, ...}) = 0
17031 lgetxattr("/home/hmeng/go/src/github.com/opencontainers/runc/libcontainer/xattr/xattr_unsupported.go", "security.capability", 0xc82053e280, 128) = -1 ENODATA (No data available)
17031 openat(AT_FDCWD, "/home/hmeng/go/src/github.com/opencontainers/runc/libcontainer/xattr/xattr_unsupported.go", O_RDONLY|O_CLOEXEC) = 7
17031 read(7, "// +build !linux\n\npackage xattr\n"..., 32768) = 294
17031 read(7, "", 32474)                = 0
17031 close(7)                          = 0
17031 lstat("/home/hmeng/go/src/github.com/opencontainers/runc/list.go", {st_mode=S_IFREG|0664, st_size=3158, ...}) = 0
17031 lstat("/home/hmeng/go/src/github.com/opencontainers/runc/list.go", {st_mode=S_IFREG|0664, st_size=3158, ...}) = 0
17031 lgetxattr("/home/hmeng/go/src/github.com/opencontainers/runc/list.go", "security.capability", 0xc82053e300, 128) = -1 ENODATA (No data available)
17031 openat(AT_FDCWD, "/home/hmeng/go/src/github.com/opencontainers/runc/list.go", O_RDONLY|O_CLOEXEC) = 7
17031 read(7, "// +build linux\n\npackage main\n\ni"..., 32768) = 3158
17031 read(7, "", 29610)                = 0
17031 close(7)                          = 0
17031 lstat("/home/hmeng/go/src/github.com/opencontainers/runc/main.go", {st_mode=S_IFREG|0664, st_size=3684, ...}) = 0
17031 lstat("/home/hmeng/go/src/github.com/opencontainers/runc/main.go", {st_mode=S_IFREG|0664, st_size=3684, ...}) = 0
17031 lgetxattr("/home/hmeng/go/src/github.com/opencontainers/runc/main.go", "security.capability", 0xc82053e380, 128) = -1 ENODATA (No data available)
17031 openat(AT_FDCWD, "/home/hmeng/go/src/github.com/opencontainers/runc/main.go", O_RDONLY|O_CLOEXEC) = 7
17031 read(7, "package main\n\nimport (\n\t\"fmt\"\n\t\""..., 32768) = 3684
17031 read(7, "", 29084)                = 0
17031 close(7)                          = 0
17031 lstat("/home/hmeng/go/src/github.com/opencontainers/runc/main_solaris.go", {st_mode=S_IFREG|0664, st_size=476, ...}) = 0
17031 lstat("/home/hmeng/go/src/github.com/opencontainers/runc/main_solaris.go", {st_mode=S_IFREG|0664, st_size=476, ...}) = 0
17031 lgetxattr("/home/hmeng/go/src/github.com/opencontainers/runc/main_solaris.go", "security.capability", 0xc82053e400, 128) = -1 ENODATA (No data available)
17031 openat(AT_FDCWD, "/home/hmeng/go/src/github.com/opencontainers/runc/main_solaris.go", O_RDONLY|O_CLOEXEC) = 7
17031 read(7, "// +build solaris\n\npackage main\n"..., 32768) = 476
17031 read(7, "", 32292)                = 0
17031 close(7)                          = 0
17031 lstat("/home/hmeng/go/src/github.com/opencontainers/runc/main_unix.go", {st_mode=S_IFREG|0664, st_size=804, ...}) = 0
17031 lstat("/home/hmeng/go/src/github.com/opencontainers/runc/main_unix.go", {st_mode=S_IFREG|0664, st_size=804, ...}) = 0
17031 lgetxattr("/home/hmeng/go/src/github.com/opencontainers/runc/main_unix.go", "security.capability", 0xc82053e480, 128) = -1 ENODATA (No data available)
17031 openat(AT_FDCWD, "/home/hmeng/go/src/github.com/opencontainers/runc/main_unix.go", O_RDONLY|O_CLOEXEC) = 7
17031 read(7, "// +build linux\n\npackage main\n\ni"..., 32768) = 804
17031 read(7, "", 31964)                = 0
17031 close(7)                          = 0
17031 lstat("/home/hmeng/go/src/github.com/opencontainers/runc/main_unsupported.go", {st_mode=S_IFREG|0664, st_size=236, ...}) = 0
17031 lstat("/home/hmeng/go/src/github.com/opencontainers/runc/main_unsupported.go", {st_mode=S_IFREG|0664, st_size=236, ...}) = 0
17031 lgetxattr("/home/hmeng/go/src/github.com/opencontainers/runc/main_unsupported.go", "security.capability", 0xc82053e500, 128) = -1 ENODATA (No data available)
17031 openat(AT_FDCWD, "/home/hmeng/go/src/github.com/opencontainers/runc/main_unsupported.go", O_RDONLY|O_CLOEXEC) = 7
17031 read(7, "// +build !linux,!solaris\n\npacka"..., 32768) = 236
17031 read(7, "", 32532)                = 0
17031 close(7)                          = 0
17031 lstat("/home/hmeng/go/src/github.com/opencontainers/runc/man", {st_mode=S_IFDIR|0775, st_size=4096, ...}) = 0
17031 lstat("/home/hmeng/go/src/github.com/opencontainers/runc/man", {st_mode=S_IFDIR|0775, st_size=4096, ...}) = 0
17031 lgetxattr("/home/hmeng/go/src/github.com/opencontainers/runc/man", "security.capability", 0xc82053e580, 128) = -1 ENODATA (No data available)
17031 openat(AT_FDCWD, "/home/hmeng/go/src/github.com/opencontainers/runc/man", O_RDONLY|O_CLOEXEC) = 7
17031 getdents64(7, /* 19 entries */, 4096) = 704
17031 getdents64(7, /* 0 entries */, 4096) = 0
17031 close(7)                          = 0
17031 lstat("/home/hmeng/go/src/github.com/opencontainers/runc/man/README.md", {st_mode=S_IFREG|0664, st_size=231, ...}) = 0
17031 lstat("/home/hmeng/go/src/github.com/opencontainers/runc/man/README.md", {st_mode=S_IFREG|0664, st_size=231, ...}) = 0
17031 lgetxattr("/home/hmeng/go/src/github.com/opencontainers/runc/man/README.md", "security.capability", 0xc82053e600, 128) = -1 ENODATA (No data available)
17031 openat(AT_FDCWD, "/home/hmeng/go/src/github.com/opencontainers/runc/man/README.md", O_RDONLY|O_CLOEXEC) = 7
17033 clock_gettime(CLOCK_MONOTONIC,  <unfinished ...>
17031 read(7,  <unfinished ...>
17033 <... clock_gettime resumed> {4903, 696664320}) = 0
17031 <... read resumed> "runc man pages\n================="..., 32768) = 231
17031 read(7, "", 32537)                = 0
17031 close(7)                          = 0
17031 lstat("/home/hmeng/go/src/github.com/opencontainers/runc/man/md2man-all.sh", {st_mode=S_IFREG|0775, st_size=435, ...}) = 0
17031 lstat("/home/hmeng/go/src/github.com/opencontainers/runc/man/md2man-all.sh", {st_mode=S_IFREG|0775, st_size=435, ...}) = 0
17031 lgetxattr("/home/hmeng/go/src/github.com/opencontainers/runc/man/md2man-all.sh", "security.capability", 0xc82053e680, 128) = -1 ENODATA (No data available)
17031 openat(AT_FDCWD, "/home/hmeng/go/src/github.com/opencontainers/runc/man/md2man-all.sh", O_RDONLY|O_CLOEXEC <unfinished ...>
17033 futex(0xc8200f6a10, FUTEX_WAKE, 1 <unfinished ...>
17031 <... openat resumed> )            = 7
17031 futex(0x21ef2b0, FUTEX_WAIT, 0, NULL <unfinished ...>
17036 <... futex resumed> )             = 0
17033 <... futex resumed> )             = 1
17036 futex(0x21ee780, FUTEX_WAKE, 1 <unfinished ...>
17033 sched_yield( <unfinished ...>
17036 <... futex resumed> )             = 0
17033 <... sched_yield resumed> )       = 0
17033 futex(0x21ee6a0, FUTEX_WAKE, 1 <unfinished ...>
17036 read(7,  <unfinished ...>
17033 <... futex resumed> )             = 0
17033 clock_gettime(CLOCK_MONOTONIC,  <unfinished ...>
17032 <... select resumed> )            = 0 (Timeout)
17036 <... read resumed> "#!/bin/bash\nset -e\n\n# get into t"..., 32768) = 435
17033 <... clock_gettime resumed> {4903, 697181873}) = 0
17036 read(7,  <unfinished ...>
17033 clock_gettime(CLOCK_MONOTONIC,  <unfinished ...>
17032 clock_gettime(CLOCK_MONOTONIC,  <unfinished ...>
17036 <... read resumed> "", 32333)     = 0
17033 <... clock_gettime resumed> {4903, 697226141}) = 0
17036 close(7 <unfinished ...>
17033 clock_gettime(CLOCK_MONOTONIC,  <unfinished ...>
17032 <... clock_gettime resumed> {4903, 697237391}) = 0
17036 <... close resumed> )             = 0
17033 <... clock_gettime resumed> {4903, 697271907}) = 0
17033 clock_gettime(CLOCK_MONOTONIC,  <unfinished ...>
17036 lstat("/home/hmeng/go/src/github.com/opencontainers/runc/man/runc-checkpoint.8.md",  <unfinished ...>
17032 clock_gettime(CLOCK_REALTIME,  <unfinished ...>
17033 <... clock_gettime resumed> {4903, 697307241}) = 0
17036 <... lstat resumed> {st_mode=S_IFREG|0664, st_size=981, ...}) = 0
17033 clock_gettime(CLOCK_MONOTONIC,  <unfinished ...>
17032 <... clock_gettime resumed> {1465918769, 481310758}) = 0
17036 futex(0xc8200f6a10, FUTEX_WAIT, 0, NULL <unfinished ...>
17033 <... clock_gettime resumed> {4903, 697346031}) = 0
17033 clock_gettime(CLOCK_MONOTONIC,  <unfinished ...>
17032 select(0, NULL, NULL, NULL, {0, 10000} <unfinished ...>
17033 <... clock_gettime resumed> {4903, 697378448}) = 0
17033 futex(0xc8200f6a10, FUTEX_WAKE, 1) = 1
17036 <... futex resumed> )             = 0
17033 sched_yield()                     = 0
17036 futex(0x21ee810, FUTEX_WAKE, 1 <unfinished ...>
17033 clock_gettime(CLOCK_MONOTONIC,  <unfinished ...>
17036 <... futex resumed> )             = 0
17033 <... clock_gettime resumed> {4903, 697651106}) = 0
17036 futex(0xc8200f6a10, FUTEX_WAIT, 0, NULL <unfinished ...>
17033 clock_gettime(CLOCK_MONOTONIC, {4903, 697683315}) = 0
17033 clock_gettime(CLOCK_MONOTONIC, {4903, 697707133}) = 0
17033 clock_gettime(CLOCK_REALTIME, {1465918769, 481714001}) = 0
17033 epoll_wait(5, {}, 128, 0)         = 0
17033 clock_gettime(CLOCK_MONOTONIC, {4903, 697756788}) = 0
17033 futex(0xc8200f6a10, FUTEX_WAKE, 1) = 1
17036 <... futex resumed> )             = 0
17033 lstat("/home/hmeng/go/src/github.com/opencontainers/runc/man/runc-checkpoint.8.md", {st_mode=S_IFREG|0664, st_size=981, ...}) = 0
17033 lgetxattr("/home/hmeng/go/src/github.com/opencontainers/runc/man/runc-checkpoint.8.md", "security.capability", 0xc820562000, 128) = -1 ENODATA (No data available)
17036 clock_gettime(CLOCK_MONOTONIC,  <unfinished ...>
17033 openat(AT_FDCWD, "/home/hmeng/go/src/github.com/opencontainers/runc/man/runc-checkpoint.8.md", O_RDONLY|O_CLOEXEC <unfinished ...>
17036 <... clock_gettime resumed> {4903, 697918317}) = 0
17033 <... openat resumed> )            = 7
17033 read(7,  <unfinished ...>
17036 clock_gettime(CLOCK_MONOTONIC,  <unfinished ...>
17033 <... read resumed> "# NAME\n   runc checkpoint - chec"..., 32768) = 981
17036 <... clock_gettime resumed> {4903, 697983458}) = 0
17033 read(7,  <unfinished ...>
17036 clock_gettime(CLOCK_MONOTONIC,  <unfinished ...>
17033 <... read resumed> "", 31787)     = 0
17036 <... clock_gettime resumed> {4903, 698032359}) = 0
17033 close(7)                          = 0
17036 clock_gettime(CLOCK_MONOTONIC,  <unfinished ...>
17033 write(6, "8000\r\n\tt.Errorf(\"Gids(%v), expec"..., 4096 <unfinished ...>
17036 <... clock_gettime resumed> {4903, 698101412}) = 0
17033 <... write resumed> )             = 4096
17036 clock_gettime(CLOCK_MONOTONIC,  <unfinished ...>
17033 write(6, "\n\n// SearchLabels searches a lis"..., 28678 <unfinished ...>
17036 <... clock_gettime resumed> {4903, 698143868}) = 0
17033 <... write resumed> )             = 28678
17036 clock_gettime(CLOCK_MONOTONIC,  <unfinished ...>
17033 write(6, "\r\n", 2 <unfinished ...>
17036 <... clock_gettime resumed> {4903, 698186419}) = 0
17033 <... write resumed> )             = 2
17033 lstat("/home/hmeng/go/src/github.com/opencontainers/runc/man/runc-delete.8.md", {st_mode=S_IFREG|0664, st_size=487, ...}) = 0
17033 lstat("/home/hmeng/go/src/github.com/opencontainers/runc/man/runc-delete.8.md",  <unfinished ...>
17036 clock_gettime(CLOCK_MONOTONIC,  <unfinished ...>
17033 <... lstat resumed> {st_mode=S_IFREG|0664, st_size=487, ...}) = 0
17036 <... clock_gettime resumed> {4903, 698281250}) = 0
17033 lgetxattr("/home/hmeng/go/src/github.com/opencontainers/runc/man/runc-delete.8.md", "security.capability" <unfinished ...>
17036 clock_gettime(CLOCK_MONOTONIC,  <unfinished ...>
17033 <... lgetxattr resumed> , 0xc820562080, 128) = -1 ENODATA (No data available)
17036 <... clock_gettime resumed> {4903, 698332657}) = 0
17033 openat(AT_FDCWD, "/home/hmeng/go/src/github.com/opencontainers/runc/man/runc-delete.8.md", O_RDONLY|O_CLOEXEC <unfinished ...>
17036 clock_gettime(CLOCK_MONOTONIC,  <unfinished ...>
17033 <... openat resumed> )            = 7
17036 <... clock_gettime resumed> {4903, 698385071}) = 0
17033 read(7, "# NAME\n   runc delete - delete a"..., 32768) = 487
17036 clock_gettime(CLOCK_MONOTONIC,  <unfinished ...>
17033 read(7,  <unfinished ...>
17036 <... clock_gettime resumed> {4903, 698428693}) = 0
17033 <... read resumed> "", 32281)     = 0
17033 close(7)                          = 0
17036 clock_gettime(CLOCK_MONOTONIC,  <unfinished ...>
17033 lstat("/home/hmeng/go/src/github.com/opencontainers/runc/man/runc-events.8.md",  <unfinished ...>
17036 <... clock_gettime resumed> {4903, 698487109}) = 0
17033 <... lstat resumed> {st_mode=S_IFREG|0664, st_size=532, ...}) = 0
17036 clock_gettime(CLOCK_MONOTONIC,  <unfinished ...>
17033 lstat("/home/hmeng/go/src/github.com/opencontainers/runc/man/runc-events.8.md",  <unfinished ...>
17036 <... clock_gettime resumed> {4903, 698535277}) = 0
17033 <... lstat resumed> {st_mode=S_IFREG|0664, st_size=532, ...}) = 0
17033 lgetxattr("/home/hmeng/go/src/github.com/opencontainers/runc/man/runc-events.8.md", "security.capability" <unfinished ...>
17036 clock_gettime(CLOCK_MONOTONIC,  <unfinished ...>
17033 <... lgetxattr resumed> , 0xc820562100, 128) = -1 ENODATA (No data available)
17036 <... clock_gettime resumed> {4903, 698589008}) = 0
17033 openat(AT_FDCWD, "/home/hmeng/go/src/github.com/opencontainers/runc/man/runc-events.8.md", O_RDONLY|O_CLOEXEC <unfinished ...>
17036 clock_gettime(CLOCK_MONOTONIC,  <unfinished ...>
17033 <... openat resumed> )            = 7
17036 <... clock_gettime resumed> {4903, 698639005}) = 0
17033 read(7, "# NAME\n   runc events - display "..., 32768) = 532
17036 clock_gettime(CLOCK_MONOTONIC,  <unfinished ...>
17033 read(7,  <unfinished ...>
17036 <... clock_gettime resumed> {4903, 698685397}) = 0
17033 <... read resumed> "", 32236)     = 0
17033 close(7 <unfinished ...>
17036 clock_gettime(CLOCK_MONOTONIC,  <unfinished ...>
17033 <... close resumed> )             = 0
17036 <... clock_gettime resumed> {4903, 698727773}) = 0
17033 lstat("/home/hmeng/go/src/github.com/opencontainers/runc/man/runc-exec.8.md",  <unfinished ...>
17036 clock_gettime(CLOCK_MONOTONIC,  <unfinished ...>
17033 <... lstat resumed> {st_mode=S_IFREG|0664, st_size=1461, ...}) = 0
17036 <... clock_gettime resumed> {4903, 698767506}) = 0
17033 lstat("/home/hmeng/go/src/github.com/opencontainers/runc/man/runc-exec.8.md", {st_mode=S_IFREG|0664, st_size=1461, ...}) = 0
17036 clock_gettime(CLOCK_MONOTONIC,  <unfinished ...>
17033 lgetxattr("/home/hmeng/go/src/github.com/opencontainers/runc/man/runc-exec.8.md", "security.capability" <unfinished ...>
17036 <... clock_gettime resumed> {4903, 698823118}) = 0
17033 <... lgetxattr resumed> , 0xc820562180, 128) = -1 ENODATA (No data available)
17036 clock_gettime(CLOCK_MONOTONIC,  <unfinished ...>
17033 openat(AT_FDCWD, "/home/hmeng/go/src/github.com/opencontainers/runc/man/runc-exec.8.md", O_RDONLY|O_CLOEXEC <unfinished ...>
17036 <... clock_gettime resumed> {4903, 698878176}) = 0
17033 <... openat resumed> )            = 7
17033 read(7, "# NAME\n   runc exec - execute ne"..., 32768) = 1461
17033 read(7,  <unfinished ...>
17036 clock_gettime(CLOCK_MONOTONIC,  <unfinished ...>
17033 <... read resumed> "", 31307)     = 0
17036 <... clock_gettime resumed> {4903, 698947207}) = 0
17033 close(7)                          = 0
17036 clock_gettime(CLOCK_MONOTONIC,  <unfinished ...>
17033 lstat("/home/hmeng/go/src/github.com/opencontainers/runc/man/runc-kill.8.md",  <unfinished ...>
17036 <... clock_gettime resumed> {4903, 698991082}) = 0
17035 <... epoll_wait resumed> {{EPOLLOUT, {u32=2134024192, u64=140606478393344}}}, 128, -1) = 1
17033 <... lstat resumed> {st_mode=S_IFREG|0664, st_size=467, ...}) = 0
17036 clock_gettime(CLOCK_MONOTONIC,  <unfinished ...>
17035 epoll_wait(5,  <unfinished ...>
17033 lstat("/home/hmeng/go/src/github.com/opencontainers/runc/man/runc-kill.8.md",  <unfinished ...>
17036 <... clock_gettime resumed> {4903, 700445699}) = 0
17033 <... lstat resumed> {st_mode=S_IFREG|0664, st_size=467, ...}) = 0
17036 clock_gettime(CLOCK_MONOTONIC,  <unfinished ...>
17033 lgetxattr("/home/hmeng/go/src/github.com/opencontainers/runc/man/runc-kill.8.md", "security.capability" <unfinished ...>
17036 <... clock_gettime resumed> {4903, 700492536}) = 0
17033 <... lgetxattr resumed> , 0xc820562200, 128) = -1 ENODATA (No data available)
17036 clock_gettime(CLOCK_MONOTONIC,  <unfinished ...>
17033 openat(AT_FDCWD, "/home/hmeng/go/src/github.com/opencontainers/runc/man/runc-kill.8.md", O_RDONLY|O_CLOEXEC <unfinished ...>
17036 <... clock_gettime resumed> {4903, 700546923}) = 0
17033 <... openat resumed> )            = 7
17036 clock_gettime(CLOCK_MONOTONIC,  <unfinished ...>
17033 read(7,  <unfinished ...>
17036 <... clock_gettime resumed> {4903, 700595547}) = 0
17033 <... read resumed> "# NAME\n   runc kill - kill sends"..., 32768) = 467
17033 read(7, "", 32301)                = 0
17036 clock_gettime(CLOCK_MONOTONIC,  <unfinished ...>
17033 close(7 <unfinished ...>
17036 <... clock_gettime resumed> {4903, 700647220}) = 0
17033 <... close resumed> )             = 0
17036 clock_gettime(CLOCK_MONOTONIC,  <unfinished ...>
17033 lstat("/home/hmeng/go/src/github.com/opencontainers/runc/man/runc-list.8.md",  <unfinished ...>
17036 <... clock_gettime resumed> {4903, 700688077}) = 0
17033 <... lstat resumed> {st_mode=S_IFREG|0664, st_size=283, ...}) = 0
17036 clock_gettime(CLOCK_MONOTONIC,  <unfinished ...>
17033 lstat("/home/hmeng/go/src/github.com/opencontainers/runc/man/runc-list.8.md",  <unfinished ...>
17036 <... clock_gettime resumed> {4903, 700731560}) = 0
17033 <... lstat resumed> {st_mode=S_IFREG|0664, st_size=283, ...}) = 0
17033 lgetxattr("/home/hmeng/go/src/github.com/opencontainers/runc/man/runc-list.8.md", "security.capability" <unfinished ...>
17036 clock_gettime(CLOCK_MONOTONIC,  <unfinished ...>
17033 <... lgetxattr resumed> , 0xc820562280, 128) = -1 ENODATA (No data available)
17036 <... clock_gettime resumed> {4903, 700786660}) = 0
17033 openat(AT_FDCWD, "/home/hmeng/go/src/github.com/opencontainers/runc/man/runc-list.8.md", O_RDONLY|O_CLOEXEC <unfinished ...>
17036 clock_gettime(CLOCK_MONOTONIC,  <unfinished ...>
17033 <... openat resumed> )            = 7
17036 <... clock_gettime resumed> {4903, 700842679}) = 0
17033 read(7,  <unfinished ...>
17036 clock_gettime(CLOCK_MONOTONIC,  <unfinished ...>
17033 <... read resumed> "# NAME\n   runc list - lists cont"..., 32768) = 283
17036 <... clock_gettime resumed> {4903, 700885607}) = 0
17033 read(7,  <unfinished ...>
17036 clock_gettime(CLOCK_MONOTONIC,  <unfinished ...>
17033 <... read resumed> "", 32485)     = 0
17036 <... clock_gettime resumed> {4903, 700919256}) = 0
17033 close(7)                          = 0
17036 clock_gettime(CLOCK_MONOTONIC,  <unfinished ...>
17033 lstat("/home/hmeng/go/src/github.com/opencontainers/runc/man/runc-pause.8.md",  <unfinished ...>
17036 <... clock_gettime resumed> {4903, 700966381}) = 0
17033 <... lstat resumed> {st_mode=S_IFREG|0664, st_size=367, ...}) = 0
17036 clock_gettime(CLOCK_MONOTONIC,  <unfinished ...>
17033 lstat("/home/hmeng/go/src/github.com/opencontainers/runc/man/runc-pause.8.md", {st_mode=S_IFREG|0664, st_size=367, ...}) = 0
17033 lgetxattr("/home/hmeng/go/src/github.com/opencontainers/runc/man/runc-pause.8.md", "security.capability", 0xc820562300, 128) = -1 ENODATA (No data available)
17033 openat(AT_FDCWD, "/home/hmeng/go/src/github.com/opencontainers/runc/man/runc-pause.8.md", O_RDONLY|O_CLOEXEC) = 7
17033 read(7, "# NAME\n   runc pause - pause sus"..., 32768) = 367
17033 read(7, "", 32401)                = 0
17033 close(7)                          = 0
17033 lstat("/home/hmeng/go/src/github.com/opencontainers/runc/man/runc-ps.8.md", {st_mode=S_IFREG|0664, st_size=348, ...}) = 0
17033 lstat("/home/hmeng/go/src/github.com/opencontainers/runc/man/runc-ps.8.md", {st_mode=S_IFREG|0664, st_size=348, ...}) = 0
17033 lgetxattr("/home/hmeng/go/src/github.com/opencontainers/runc/man/runc-ps.8.md", "security.capability", 0xc820562380, 128) = -1 ENODATA (No data available)
17033 openat(AT_FDCWD, "/home/hmeng/go/src/github.com/opencontainers/runc/man/runc-ps.8.md", O_RDONLY|O_CLOEXEC) = 7
17033 read(7, "# NAME\n   runc ps - ps displays "..., 32768) = 348
17033 read(7, "", 32420)                = 0
17033 close(7)                          = 0
17033 lstat("/home/hmeng/go/src/github.com/opencontainers/runc/man/runc-restore.8.md", {st_mode=S_IFREG|0664, st_size=1278, ...}) = 0
17033 lstat("/home/hmeng/go/src/github.com/opencontainers/runc/man/runc-restore.8.md", {st_mode=S_IFREG|0664, st_size=1278, ...}) = 0
17033 lgetxattr("/home/hmeng/go/src/github.com/opencontainers/runc/man/runc-restore.8.md", "security.capability", 0xc820562400, 128) = -1 ENODATA (No data available)
17033 openat(AT_FDCWD, "/home/hmeng/go/src/github.com/opencontainers/runc/man/runc-restore.8.md", O_RDONLY|O_CLOEXEC) = 7
17033 read(7, "# NAME\n   runc restore - restore"..., 32768) = 1278
17033 read(7, "", 31490)                = 0
17033 close(7)                          = 0
17033 lstat("/home/hmeng/go/src/github.com/opencontainers/runc/man/runc-resume.8.md", {st_mode=S_IFREG|0664, st_size=374, ...}) = 0
17033 lstat("/home/hmeng/go/src/github.com/opencontainers/runc/man/runc-resume.8.md", {st_mode=S_IFREG|0664, st_size=374, ...}) = 0
17033 lgetxattr("/home/hmeng/go/src/github.com/opencontainers/runc/man/runc-resume.8.md", "security.capability", 0xc820562480, 128) = -1 ENODATA (No data available)
17033 openat(AT_FDCWD, "/home/hmeng/go/src/github.com/opencontainers/runc/man/runc-resume.8.md", O_RDONLY|O_CLOEXEC) = 7
17033 read(7, "# NAME\n   runc resume - resumes "..., 32768) = 374
17033 read(7, "", 32394)                = 0
17033 close(7)                          = 0
17033 lstat("/home/hmeng/go/src/github.com/opencontainers/runc/man/runc-spec.8.md", {st_mode=S_IFREG|0664, st_size=2026, ...}) = 0
17033 lstat("/home/hmeng/go/src/github.com/opencontainers/runc/man/runc-spec.8.md", {st_mode=S_IFREG|0664, st_size=2026, ...}) = 0
17036 <... clock_gettime resumed> {4903, 701891099}) = 0
17033 lgetxattr("/home/hmeng/go/src/github.com/opencontainers/runc/man/runc-spec.8.md", "security.capability" <unfinished ...>
17036 clock_gettime(CLOCK_MONOTONIC,  <unfinished ...>
17033 <... lgetxattr resumed> , 0xc820562500, 128) = -1 ENODATA (No data available)
17036 <... clock_gettime resumed> {4903, 701943486}) = 0
17033 openat(AT_FDCWD, "/home/hmeng/go/src/github.com/opencontainers/runc/man/runc-spec.8.md", O_RDONLY|O_CLOEXEC) = 7
17036 clock_gettime(CLOCK_MONOTONIC,  <unfinished ...>
17033 read(7,  <unfinished ...>
17036 <... clock_gettime resumed> {4903, 702040733}) = 0
17033 <... read resumed> "# NAME\n   runc spec - create a n"..., 32768) = 2026
17036 clock_gettime(CLOCK_MONOTONIC,  <unfinished ...>
17033 read(7,  <unfinished ...>
17036 <... clock_gettime resumed> {4903, 702079422}) = 0
17033 <... read resumed> "", 30742)     = 0
17036 clock_gettime(CLOCK_MONOTONIC,  <unfinished ...>
17033 close(7 <unfinished ...>
17036 <... clock_gettime resumed> {4903, 702111106}) = 0
17033 <... close resumed> )             = 0
17033 lstat("/home/hmeng/go/src/github.com/opencontainers/runc/man/runc-start.8.md",  <unfinished ...>
17036 clock_gettime(CLOCK_MONOTONIC,  <unfinished ...>
17033 <... lstat resumed> {st_mode=S_IFREG|0664, st_size=1337, ...}) = 0
17036 <... clock_gettime resumed> {4903, 702164716}) = 0
17033 lstat("/home/hmeng/go/src/github.com/opencontainers/runc/man/runc-start.8.md",  <unfinished ...>
17036 clock_gettime(CLOCK_MONOTONIC,  <unfinished ...>
17033 <... lstat resumed> {st_mode=S_IFREG|0664, st_size=1337, ...}) = 0
17036 <... clock_gettime resumed> {4903, 702207464}) = 0
17033 lgetxattr("/home/hmeng/go/src/github.com/opencontainers/runc/man/runc-start.8.md", "security.capability" <unfinished ...>
17036 clock_gettime(CLOCK_MONOTONIC,  <unfinished ...>
17033 <... lgetxattr resumed> , 0xc820562580, 128) = -1 ENODATA (No data available)
17036 <... clock_gettime resumed> {4903, 702249259}) = 0
17033 openat(AT_FDCWD, "/home/hmeng/go/src/github.com/opencontainers/runc/man/runc-start.8.md", O_RDONLY|O_CLOEXEC <unfinished ...>
17036 clock_gettime(CLOCK_MONOTONIC,  <unfinished ...>
17033 <... openat resumed> )            = 7
17036 <... clock_gettime resumed> {4903, 702300723}) = 0
17033 read(7, "# NAME\n   runc start - create an"..., 32768) = 1337
17036 clock_gettime(CLOCK_MONOTONIC,  <unfinished ...>
17033 read(7,  <unfinished ...>
17036 <... clock_gettime resumed> {4903, 702349126}) = 0
17033 <... read resumed> "", 31431)     = 0
17036 clock_gettime(CLOCK_MONOTONIC,  <unfinished ...>
17033 close(7 <unfinished ...>
17036 <... clock_gettime resumed> {4903, 702380350}) = 0
17033 <... close resumed> )             = 0
17036 clock_gettime(CLOCK_MONOTONIC,  <unfinished ...>
17033 lstat("/home/hmeng/go/src/github.com/opencontainers/runc/man/runc-state.8.md",  <unfinished ...>
17036 <... clock_gettime resumed> {4903, 702416644}) = 0
17033 <... lstat resumed> {st_mode=S_IFREG|0664, st_size=271, ...}) = 0
17036 clock_gettime(CLOCK_MONOTONIC,  <unfinished ...>
17033 lstat("/home/hmeng/go/src/github.com/opencontainers/runc/man/runc-state.8.md",  <unfinished ...>
17036 <... clock_gettime resumed> {4903, 702465859}) = 0
17033 <... lstat resumed> {st_mode=S_IFREG|0664, st_size=271, ...}) = 0
17036 clock_gettime(CLOCK_MONOTONIC,  <unfinished ...>
17033 lgetxattr("/home/hmeng/go/src/github.com/opencontainers/runc/man/runc-state.8.md", "security.capability" <unfinished ...>
17036 <... clock_gettime resumed> {4903, 702505054}) = 0
17033 <... lgetxattr resumed> , 0xc820562600, 128) = -1 ENODATA (No data available)
17036 clock_gettime(CLOCK_MONOTONIC,  <unfinished ...>
17033 openat(AT_FDCWD, "/home/hmeng/go/src/github.com/opencontainers/runc/man/runc-state.8.md", O_RDONLY|O_CLOEXEC <unfinished ...>
17036 <... clock_gettime resumed> {4903, 702554486}) = 0
17033 <... openat resumed> )            = 7
17033 read(7,  <unfinished ...>
17036 clock_gettime(CLOCK_MONOTONIC,  <unfinished ...>
17033 <... read resumed> "# NAME\n   runc state - output th"..., 32768) = 271
17036 <... clock_gettime resumed> {4903, 702602533}) = 0
17033 read(7,  <unfinished ...>
17036 clock_gettime(CLOCK_MONOTONIC,  <unfinished ...>
17033 <... read resumed> "", 32497)     = 0
17036 <... clock_gettime resumed> {4903, 702635676}) = 0
17033 close(7)                          = 0
17036 clock_gettime(CLOCK_MONOTONIC,  <unfinished ...>
17033 lstat("/home/hmeng/go/src/github.com/opencontainers/runc/man/runc-update.8.md",  <unfinished ...>
17036 <... clock_gettime resumed> {4903, 702681786}) = 0
17033 <... lstat resumed> {st_mode=S_IFREG|0664, st_size=1660, ...}) = 0
17036 clock_gettime(CLOCK_MONOTONIC,  <unfinished ...>
17033 lstat("/home/hmeng/go/src/github.com/opencontainers/runc/man/runc-update.8.md",  <unfinished ...>
17036 <... clock_gettime resumed> {4903, 704247719}) = 0
17033 <... lstat resumed> {st_mode=S_IFREG|0664, st_size=1660, ...}) = 0
17036 clock_gettime(CLOCK_MONOTONIC,  <unfinished ...>
17033 lgetxattr("/home/hmeng/go/src/github.com/opencontainers/runc/man/runc-update.8.md", "security.capability" <unfinished ...>
17036 <... clock_gettime resumed> {4903, 704319916}) = 0
17033 <... lgetxattr resumed> , 0xc820562680, 128) = -1 ENODATA (No data available)
17036 clock_gettime(CLOCK_MONOTONIC,  <unfinished ...>
17033 openat(AT_FDCWD, "/home/hmeng/go/src/github.com/opencontainers/runc/man/runc-update.8.md", O_RDONLY|O_CLOEXEC <unfinished ...>
17036 <... clock_gettime resumed> {4903, 704390797}) = 0
17033 <... openat resumed> )            = 7
17036 clock_gettime(CLOCK_MONOTONIC,  <unfinished ...>
17033 read(7,  <unfinished ...>
17036 <... clock_gettime resumed> {4903, 704440983}) = 0
17033 <... read resumed> "# NAME\n   runc update - update c"..., 32768) = 1660
17033 read(7,  <unfinished ...>
17036 clock_gettime(CLOCK_MONOTONIC,  <unfinished ...>
17033 <... read resumed> "", 31108)     = 0
17036 <... clock_gettime resumed> {4903, 704486142}) = 0
17033 close(7)                          = 0
17036 clock_gettime(CLOCK_MONOTONIC,  <unfinished ...>
17033 lstat("/home/hmeng/go/src/github.com/opencontainers/runc/man/runc.8.md",  <unfinished ...>
17036 <... clock_gettime resumed> {4903, 704540307}) = 0
17033 <... lstat resumed> {st_mode=S_IFREG|0664, st_size=3046, ...}) = 0
17036 clock_gettime(CLOCK_MONOTONIC,  <unfinished ...>
17033 lstat("/home/hmeng/go/src/github.com/opencontainers/runc/man/runc.8.md",  <unfinished ...>
17036 <... clock_gettime resumed> {4903, 704589571}) = 0
17033 <... lstat resumed> {st_mode=S_IFREG|0664, st_size=3046, ...}) = 0
17036 clock_gettime(CLOCK_MONOTONIC,  <unfinished ...>
17033 lgetxattr("/home/hmeng/go/src/github.com/opencontainers/runc/man/runc.8.md", "security.capability" <unfinished ...>
17036 <... clock_gettime resumed> {4903, 704629383}) = 0
17033 <... lgetxattr resumed> , 0xc820562700, 128) = -1 ENODATA (No data available)
17036 clock_gettime(CLOCK_MONOTONIC,  <unfinished ...>
17033 openat(AT_FDCWD, "/home/hmeng/go/src/github.com/opencontainers/runc/man/runc.8.md", O_RDONLY|O_CLOEXEC <unfinished ...>
17036 <... clock_gettime resumed> {4903, 704694734}) = 0
17033 <... openat resumed> )            = 7
17036 clock_gettime(CLOCK_MONOTONIC,  <unfinished ...>
17033 read(7,  <unfinished ...>
17036 <... clock_gettime resumed> {4903, 704735842}) = 0
17033 <... read resumed> "# NAME\n   runc - Open Container "..., 32768) = 3046
17036 clock_gettime(CLOCK_MONOTONIC,  <unfinished ...>
17033 read(7,  <unfinished ...>
17036 <... clock_gettime resumed> {4903, 704770261}) = 0
17033 <... read resumed> "", 29722)     = 0
17033 close(7 <unfinished ...>
17036 clock_gettime(CLOCK_MONOTONIC,  <unfinished ...>
17033 <... close resumed> )             = 0
17036 <... clock_gettime resumed> {4903, 704811446}) = 0
17033 lstat("/home/hmeng/go/src/github.com/opencontainers/runc/out",  <unfinished ...>
17036 clock_gettime(CLOCK_MONOTONIC,  <unfinished ...>
17033 <... lstat resumed> {st_mode=S_IFREG|0664, st_size=3083, ...}) = 0
17036 <... clock_gettime resumed> {4903, 704866255}) = 0
17033 lstat("/home/hmeng/go/src/github.com/opencontainers/runc/out",  <unfinished ...>
17036 clock_gettime(CLOCK_MONOTONIC,  <unfinished ...>
17033 <... lstat resumed> {st_mode=S_IFREG|0664, st_size=3083, ...}) = 0
17036 <... clock_gettime resumed> {4903, 704907277}) = 0
17033 lgetxattr("/home/hmeng/go/src/github.com/opencontainers/runc/out", "security.capability" <unfinished ...>
17036 clock_gettime(CLOCK_MONOTONIC,  <unfinished ...>
17033 <... lgetxattr resumed> , 0xc820562780, 128) = -1 ENODATA (No data available)
17036 <... clock_gettime resumed> {4903, 704949408}) = 0
17033 openat(AT_FDCWD, "/home/hmeng/go/src/github.com/opencontainers/runc/out", O_RDONLY|O_CLOEXEC) = 7
17033 read(7,  <unfinished ...>
17036 clock_gettime(CLOCK_MONOTONIC,  <unfinished ...>
17033 <... read resumed> "go build -i -ldflags \"-X main.gi"..., 32768) = 3083
17036 <... clock_gettime resumed> {4903, 705033343}) = 0
17033 read(7,  <unfinished ...>
17036 clock_gettime(CLOCK_MONOTONIC,  <unfinished ...>
17033 <... read resumed> "", 29685)     = 0
17036 <... clock_gettime resumed> {4903, 705068426}) = 0
17033 close(7)                          = 0
17036 clock_gettime(CLOCK_MONOTONIC,  <unfinished ...>
17033 lstat("/home/hmeng/go/src/github.com/opencontainers/runc/out1",  <unfinished ...>
17036 <... clock_gettime resumed> {4903, 705116202}) = 0
17033 <... lstat resumed> {st_mode=S_IFREG|0664, st_size=27232, ...}) = 0
17033 lstat("/home/hmeng/go/src/github.com/opencontainers/runc/out1", {st_mode=S_IFREG|0664, st_size=27232, ...}) = 0
17036 clock_gettime(CLOCK_MONOTONIC,  <unfinished ...>
17033 lgetxattr("/home/hmeng/go/src/github.com/opencontainers/runc/out1", "security.capability" <unfinished ...>
17036 <... clock_gettime resumed> {4903, 705183576}) = 0
17033 <... lgetxattr resumed> , 0xc820562800, 128) = -1 ENODATA (No data available)
17036 clock_gettime(CLOCK_MONOTONIC,  <unfinished ...>
17033 openat(AT_FDCWD, "/home/hmeng/go/src/github.com/opencontainers/runc/out1", O_RDONLY|O_CLOEXEC <unfinished ...>
17036 <... clock_gettime resumed> {4903, 705234201}) = 0
17033 <... openat resumed> )            = 7
17036 clock_gettime(CLOCK_MONOTONIC,  <unfinished ...>
17033 read(7,  <unfinished ...>
17036 <... clock_gettime resumed> {4903, 705273749}) = 0
17033 <... read resumed> "make unittest integration\nmake[1"..., 32768) = 27232
17033 read(7,  <unfinished ...>
17036 clock_gettime(CLOCK_MONOTONIC,  <unfinished ...>
17033 <... read resumed> "", 5536)      = 0
17036 <... clock_gettime resumed> {4903, 705325354}) = 0
17033 close(7)                          = 0
17036 clock_gettime(CLOCK_MONOTONIC,  <unfinished ...>
17033 write(6, "8000\r\ninting\n   --tcp-establishe"..., 4096 <unfinished ...>
17036 <... clock_gettime resumed> {4903, 705390071}) = 0
17033 <... write resumed> )             = 4096
17033 write(6, "e              specify the pty s"..., 28678) = 28678
17033 write(6, "\r\n", 2 <unfinished ...>
17035 <... epoll_wait resumed> {{EPOLLOUT, {u32=2134024192, u64=140606478393344}}}, 128, -1) = 1
17033 <... write resumed> )             = 2
17033 lstat("/home/hmeng/go/src/github.com/opencontainers/runc/pause.go", {st_mode=S_IFREG|0664, st_size=1264, ...}) = 0
17033 lstat("/home/hmeng/go/src/github.com/opencontainers/runc/pause.go", {st_mode=S_IFREG|0664, st_size=1264, ...}) = 0
17033 lgetxattr("/home/hmeng/go/src/github.com/opencontainers/runc/pause.go", "security.capability", 0xc820562880, 128) = -1 ENODATA (No data available)
17033 openat(AT_FDCWD, "/home/hmeng/go/src/github.com/opencontainers/runc/pause.go", O_RDONLY|O_CLOEXEC) = 7
17033 read(7, "// +build linux\n\npackage main\n\ni"..., 32768) = 1264
17033 read(7, "", 31504)                = 0
17033 close(7)                          = 0
17033 lstat("/home/hmeng/go/src/github.com/opencontainers/runc/ps.go", {st_mode=S_IFREG|0664, st_size=1715, ...}) = 0
17033 lstat("/home/hmeng/go/src/github.com/opencontainers/runc/ps.go", {st_mode=S_IFREG|0664, st_size=1715, ...}) = 0
17033 lgetxattr("/home/hmeng/go/src/github.com/opencontainers/runc/ps.go", "security.capability", 0xc820562900, 128) = -1 ENODATA (No data available)
17033 openat(AT_FDCWD, "/home/hmeng/go/src/github.com/opencontainers/runc/ps.go", O_RDONLY|O_CLOEXEC) = 7
17033 read(7, "// +build linux\n\npackage main\n\ni"..., 32768) = 1715
17033 read(7, "", 31053)                = 0
17033 close(7)                          = 0
17033 lstat("/home/hmeng/go/src/github.com/opencontainers/runc/restore.go", {st_mode=S_IFREG|0664, st_size=5106, ...}) = 0
17033 lstat("/home/hmeng/go/src/github.com/opencontainers/runc/restore.go", {st_mode=S_IFREG|0664, st_size=5106, ...}) = 0
17033 lgetxattr("/home/hmeng/go/src/github.com/opencontainers/runc/restore.go", "security.capability", 0xc820562980, 128) = -1 ENODATA (No data available)
17033 openat(AT_FDCWD, "/home/hmeng/go/src/github.com/opencontainers/runc/restore.go", O_RDONLY|O_CLOEXEC) = 7
17036 clock_gettime(CLOCK_MONOTONIC,  <unfinished ...>
17035 epoll_wait(5,  <unfinished ...>
17033 read(7,  <unfinished ...>
17036 <... clock_gettime resumed> {4903, 706272027}) = 0
17035 <... epoll_wait resumed> {{EPOLLOUT, {u32=2134024192, u64=140606478393344}}}, 128, -1) = 1
17033 <... read resumed> "// +build linux\n\npackage main\n\ni"..., 32768) = 5106
17036 clock_gettime(CLOCK_MONOTONIC,  <unfinished ...>
17035 epoll_wait(5,  <unfinished ...>
17033 read(7,  <unfinished ...>
17036 <... clock_gettime resumed> {4903, 706322178}) = 0
17033 <... read resumed> "", 27662)     = 0
17036 clock_gettime(CLOCK_MONOTONIC,  <unfinished ...>
17033 close(7 <unfinished ...>
17036 <... clock_gettime resumed> {4903, 706358470}) = 0
17033 <... close resumed> )             = 0
17036 clock_gettime(CLOCK_MONOTONIC,  <unfinished ...>
17033 write(6, "8000\r\nTFLAGS -ti --privileged --"..., 4096 <unfinished ...>
17036 <... clock_gettime resumed> {4903, 706405358}) = 0
17033 <... write resumed> )             = 4096
17033 write(6, "=== RUN   TestBlkioStatsNoWaitTi"..., 28678) = 28678
17033 write(6, "\r\n", 2)               = 2
17033 lstat("/home/hmeng/go/src/github.com/opencontainers/runc/rlimit_linux.go", {st_mode=S_IFREG|0664, st_size=1651, ...}) = 0
17036 clock_gettime(CLOCK_MONOTONIC,  <unfinished ...>
17033 lstat("/home/hmeng/go/src/github.com/opencontainers/runc/rlimit_linux.go",  <unfinished ...>
17036 <... clock_gettime resumed> {4903, 706534961}) = 0
17033 <... lstat resumed> {st_mode=S_IFREG|0664, st_size=1651, ...}) = 0
17036 clock_gettime(CLOCK_MONOTONIC,  <unfinished ...>
17033 lgetxattr("/home/hmeng/go/src/github.com/opencontainers/runc/rlimit_linux.go", "security.capability" <unfinished ...>
17036 <... clock_gettime resumed> {4903, 706585567}) = 0
17033 <... lgetxattr resumed> , 0xc820562a00, 128) = -1 ENODATA (No data available)
17036 clock_gettime(CLOCK_MONOTONIC,  <unfinished ...>
17033 openat(AT_FDCWD, "/home/hmeng/go/src/github.com/opencontainers/runc/rlimit_linux.go", O_RDONLY|O_CLOEXEC <unfinished ...>
17036 <... clock_gettime resumed> {4903, 706646815}) = 0
17033 <... openat resumed> )            = 7
17036 clock_gettime(CLOCK_MONOTONIC,  <unfinished ...>
17033 read(7,  <unfinished ...>
17036 <... clock_gettime resumed> {4903, 706692778}) = 0
17033 <... read resumed> "package main\n\nimport \"fmt\"\n\ncons"..., 32768) = 1651
17033 read(7,  <unfinished ...>
17036 clock_gettime(CLOCK_MONOTONIC,  <unfinished ...>
17033 <... read resumed> "", 31117)     = 0
17036 <... clock_gettime resumed> {4903, 706735714}) = 0
17033 close(7 <unfinished ...>
17036 clock_gettime(CLOCK_MONOTONIC,  <unfinished ...>
17033 <... close resumed> )             = 0
17036 <... clock_gettime resumed> {4903, 706768843}) = 0
17033 lstat("/home/hmeng/go/src/github.com/opencontainers/runc/run.go",  <unfinished ...>
17036 clock_gettime(CLOCK_MONOTONIC,  <unfinished ...>
17033 <... lstat resumed> {st_mode=S_IFREG|0664, st_size=2224, ...}) = 0
17036 <... clock_gettime resumed> {4903, 706809844}) = 0
17033 lstat("/home/hmeng/go/src/github.com/opencontainers/runc/run.go",  <unfinished ...>
17036 clock_gettime(CLOCK_MONOTONIC,  <unfinished ...>
17033 <... lstat resumed> {st_mode=S_IFREG|0664, st_size=2224, ...}) = 0
17036 <... clock_gettime resumed> {4903, 706859641}) = 0
17033 lgetxattr("/home/hmeng/go/src/github.com/opencontainers/runc/run.go", "security.capability", 0xc820562a80, 128) = -1 ENODATA (No data available)
17036 clock_gettime(CLOCK_MONOTONIC,  <unfinished ...>
17033 openat(AT_FDCWD, "/home/hmeng/go/src/github.com/opencontainers/runc/run.go", O_RDONLY|O_CLOEXEC <unfinished ...>
17036 <... clock_gettime resumed> {4903, 706926868}) = 0
17033 <... openat resumed> )            = 7
17036 clock_gettime(CLOCK_MONOTONIC,  <unfinished ...>
17033 read(7,  <unfinished ...>
17036 <... clock_gettime resumed> {4903, 706967881}) = 0
17033 <... read resumed> "// +build linux\n\npackage main\n\ni"..., 32768) = 2224
17036 clock_gettime(CLOCK_MONOTONIC,  <unfinished ...>
17033 read(7,  <unfinished ...>
17036 <... clock_gettime resumed> {4903, 707009768}) = 0
17033 <... read resumed> "", 30544)     = 0
17036 clock_gettime(CLOCK_MONOTONIC,  <unfinished ...>
17033 close(7 <unfinished ...>
17036 <... clock_gettime resumed> {4903, 707058276}) = 0
17033 <... close resumed> )             = 0
17036 clock_gettime(CLOCK_MONOTONIC,  <unfinished ...>
17033 lstat("/home/hmeng/go/src/github.com/opencontainers/runc/runc",  <unfinished ...>
17036 <... clock_gettime resumed> {4903, 707094574}) = 0
17033 <... lstat resumed> {st_mode=S_IFREG|0755, st_size=9703050, ...}) = 0
17036 clock_gettime(CLOCK_MONOTONIC,  <unfinished ...>
17033 lstat("/home/hmeng/go/src/github.com/opencontainers/runc/runc", {st_mode=S_IFREG|0755, st_size=9703050, ...}) = 0
17036 <... clock_gettime resumed> {4903, 707153016}) = 0
17033 lgetxattr("/home/hmeng/go/src/github.com/opencontainers/runc/runc", "security.capability" <unfinished ...>
17036 clock_gettime(CLOCK_MONOTONIC,  <unfinished ...>
17033 <... lgetxattr resumed> , 0xc820562b00, 128) = -1 ENODATA (No data available)
17036 <... clock_gettime resumed> {4903, 707190772}) = 0
17033 openat(AT_FDCWD, "/home/hmeng/go/src/github.com/opencontainers/runc/runc", O_RDONLY|O_CLOEXEC <unfinished ...>
17036 clock_gettime(CLOCK_MONOTONIC,  <unfinished ...>
17033 <... openat resumed> )            = 7
17036 <... clock_gettime resumed> {4903, 707240883}) = 0
17033 read(7,  <unfinished ...>
17036 clock_gettime(CLOCK_MONOTONIC,  <unfinished ...>
17033 <... read resumed> "\177ELF\2\1\1\0\0\0\0\0\0\0\0\0\2\0>\0\1\0\0\0\2704@\0\0\0\0\0"..., 32768) = 32768
17036 <... clock_gettime resumed> {4903, 707285749}) = 0
17033 write(6, "8000\r\ner\"))\n\tif err := container"..., 4096 <unfinished ...>
17036 clock_gettime(CLOCK_MONOTONIC,  <unfinished ...>
17033 <... write resumed> )             = 4096
17036 <... clock_gettime resumed> {4903, 707337622}) = 0
17033 write(6, "\0\0\0\0\0\0// +build linux\n\npackage m"..., 28678 <unfinished ...>
17036 clock_gettime(CLOCK_MONOTONIC,  <unfinished ...>
17033 <... write resumed> )             = 28678
17036 <... clock_gettime resumed> {4903, 707377110}) = 0
17033 write(6, "\r\n", 2)               = 2
17036 clock_gettime(CLOCK_MONOTONIC,  <unfinished ...>
17033 read(7,  <unfinished ...>
17036 <... clock_gettime resumed> {4903, 707424759}) = 0
17033 <... read resumed> "\0\0H\211\204$\330\0\0\0H\201\304\260\0\0\0\303\211\2\351\2\377\377\377\350\242\354\6\0\351="..., 32768) = 32768
17036 clock_gettime(CLOCK_MONOTONIC,  <unfinished ...>
17033 write(6, "8000\r\nH\213|$P\17\266\\$ H\211\330<\0\17\204\351\1\0\0H\211\375I9"..., 4096 <unfinished ...>
17032 <... select resumed> )            = 0 (Timeout)
17036 <... clock_gettime resumed> {4903, 707482503}) = 0
17033 <... write resumed> )             = 4096
17033 write(6, "\0H\211\34$H\215\35\32\255;\0H\211\\$\10H\215\35N\354\205\0H\211\\$\20H\215\234"..., 28678 <unfinished ...>
17032 clock_gettime(CLOCK_MONOTONIC,  <unfinished ...>
17036 clock_gettime(CLOCK_MONOTONIC,  <unfinished ...>
17033 <... write resumed> )             = 28678
17036 <... clock_gettime resumed> {4903, 707546727}) = 0
17033 write(6, "\r\n", 2 <unfinished ...>
17032 <... clock_gettime resumed> {4903, 707540012}) = 0
17036 clock_gettime(CLOCK_MONOTONIC,  <unfinished ...>
17033 <... write resumed> )             = 2
17036 <... clock_gettime resumed> {4903, 707588945}) = 0
17033 read(7,  <unfinished ...>
17032 clock_gettime(CLOCK_REALTIME,  <unfinished ...>
17036 clock_gettime(CLOCK_MONOTONIC,  <unfinished ...>
17033 <... read resumed> "(H\213D$0H\211\214$\310\1\0\0H\211\204$\320\1\0\0H\201\304\270\1\0\0\303L\215"..., 32768) = 32768
17036 <... clock_gettime resumed> {4903, 707633502}) = 0
17033 write(6, "8000\r\nH\213\234$\220\2\0\0H\211\234$\220\5\0\0H\201\304h\5\0\0\303H\203"..., 4096 <unfinished ...>
17032 <... clock_gettime resumed> {1465918769, 491617219}) = 0
17036 clock_gettime(CLOCK_MONOTONIC,  <unfinished ...>
17033 <... write resumed> )             = 4096
17036 <... clock_gettime resumed> {4903, 707688995}) = 0
17033 write(6, "\213L$\20H\213T$\30H\211T$XH\211L$PH\203\371\0t\33H\211\214$\200\0\0"..., 28678 <unfinished ...>
17032 select(0, NULL, NULL, NULL, {0, 10000} <unfinished ...>
17036 clock_gettime(CLOCK_MONOTONIC,  <unfinished ...>
17033 <... write resumed> )             = 28678
17036 <... clock_gettime resumed> {4903, 707738771}) = 0
17033 write(6, "\r\n", 2 <unfinished ...>
17036 clock_gettime(CLOCK_MONOTONIC,  <unfinished ...>
17033 <... write resumed> )             = 2
17036 <... clock_gettime resumed> {4903, 707777254}) = 0
17033 read(7,  <unfinished ...>
17036 clock_gettime(CLOCK_MONOTONIC,  <unfinished ...>
17033 <... read resumed> "?\0H\211\34$H\215\35\23\241:\0H\211\\$\10H\215\35G\340\204\0H\211\\$\20H\215"..., 32768) = 32768
17036 <... clock_gettime resumed> {4903, 708192936}) = 0
17033 write(6, "8000\r\n\350[\275\23\0\350V\214\5\0\350\221\277\23\0\350\234\"\24\0\350\327x\24\0\350"..., 4096) = 4096
17033 write(6, "\337/\0\0H\211\35\263+\203\0H\215\r\264\313M\0H\215\35\255\3452\0H\211\\$HH\211"..., 28678) = 28678
17033 write(6, "\r\n", 2)               = 2
17033 read(7, "\211T$ \350\347\366\377\377L\213\234$\20\1\0\0L\213\224$\30\1\0\0H\213\214$\0\1\0"..., 32768) = 32768
17033 write(6, "8000\r\n\215\\$8H\211\\$\10H\307D$\20\0\0\0\0\350Y\301\0\0H\215\\"..., 4096) = 4096
17033 write(6, "\5\0\306D$'\0\220\350\251\213\2\0H\203\3040\303H\211\350H\203\300\20\353\267\220\350\225\213\2"..., 28678) = 28678
17033 write(6, "\r\n", 2)               = 2
17033 read(7, "\313H!\353H\203\373\0\17\205E\2\0\0H\213\254$\250\0\0\0H\203\375\0\17\204+\2\0\0"..., 32768) = 32768
17033 ioctl(0, TIOCGWINSZ, {ws_row=35, ws_col=112, ws_xpixel=0, ws_ypixel=0}) = 0
17033 ioctl(0, TIOCGWINSZ, {ws_row=35, ws_col=112, ws_xpixel=0, ws_ypixel=0}) = 0
17033 write(1, "Sending build context to Docker "..., 48) = 48
17033 write(6, "8000\r\nT$/A\200\372\4s\16L\211\323H\203\303\4I\211\332\210\\$/E1\333"..., 4096) = 4096
17033 write(6, "\203\370\0\17\204\223\3\0\0D\17\266\312I\203\371\10\17\203~\3\0\0N\215\4\10A\17\266(H"..., 28678) = 28678
17033 write(6, "\r\n", 2)               = 2
17033 read(7, "sPH\323\343H\211\351L\t\303I\211\330L\1\310H\203\370\10s/L\211\307H\211\315A\17\266"..., 32768) = 32768
17033 write(6, "8000\r\n$PH\211k\20H\211L$@H\211K\30H\215\254$\210\0\0\0H\211k"..., 4096) = 4096
17033 write(6, "\350a\226\1\0H\213D$8H\213\\$(H\301\350\5H\203\373\10u#H\213\\$\30H\377"..., 28678) = -1 EAGAIN (Resource temporarily unavailable)
17033 read(7, "\354\3\0\351h\377\377\377\314\314\314\314\314\314\314\314dH\213\f%\370\377\377\377H\215D$\370H;"..., 32768) = 32768
17033 futex(0xc82002ea10, FUTEX_WAIT, 0, NULL <unfinished ...>
17036 futex(0xc82002ea10, FUTEX_WAKE, 1) = 1
17033 <... futex resumed> )             = 0
17036 clock_gettime(CLOCK_MONOTONIC,  <unfinished ...>
17033 futex(0xc82002ea10, FUTEX_WAIT, 0, NULL <unfinished ...>
17036 <... clock_gettime resumed> {4903, 708949437}) = 0
17036 futex(0xc82002ea10, FUTEX_WAKE, 1) = 1
17033 <... futex resumed> )             = 0
17036 clock_gettime(CLOCK_MONOTONIC,  <unfinished ...>
17033 futex(0xc82002ea10, FUTEX_WAIT, 0, NULL <unfinished ...>
17036 <... clock_gettime resumed> {4903, 709026101}) = 0
17036 futex(0xc82002ea10, FUTEX_WAKE, 1) = 1
17033 <... futex resumed> )             = 0
17036 clock_gettime(CLOCK_MONOTONIC,  <unfinished ...>
17033 futex(0xc82002ea10, FUTEX_WAIT, 0, NULL <unfinished ...>
17036 <... clock_gettime resumed> {4903, 709094247}) = 0
17036 futex(0xc82002ea10, FUTEX_WAKE, 1) = 1
17033 <... futex resumed> )             = 0
17036 clock_gettime(CLOCK_MONOTONIC,  <unfinished ...>
17033 futex(0xc82002ea10, FUTEX_WAIT, 0, NULL <unfinished ...>
17036 <... clock_gettime resumed> {4903, 709155222}) = 0
17036 futex(0xc82002ea10, FUTEX_WAKE, 1) = 1
17033 <... futex resumed> )             = 0
17036 clock_gettime(CLOCK_MONOTONIC,  <unfinished ...>
17033 futex(0xc82002ea10, FUTEX_WAIT, 0, NULL <unfinished ...>
17036 <... clock_gettime resumed> {4903, 709213558}) = 0
17036 futex(0xc82002ea10, FUTEX_WAKE, 1) = 1
17033 <... futex resumed> )             = 0
17036 clock_gettime(CLOCK_MONOTONIC,  <unfinished ...>
17033 futex(0xc82002ea10, FUTEX_WAIT, 0, NULL <unfinished ...>
17036 <... clock_gettime resumed> {4903, 709273762}) = 0
17036 futex(0xc82002ea10, FUTEX_WAKE, 1) = 1
17033 <... futex resumed> )             = 0
17036 clock_gettime(CLOCK_MONOTONIC,  <unfinished ...>
17033 futex(0xc82002ea10, FUTEX_WAIT, 0, NULL <unfinished ...>
17036 <... clock_gettime resumed> {4903, 709341433}) = 0
17036 futex(0xc82002ea10, FUTEX_WAKE, 1) = 1
17033 <... futex resumed> )             = 0
17036 clock_gettime(CLOCK_MONOTONIC,  <unfinished ...>
17033 futex(0xc82002ea10, FUTEX_WAIT, 0, NULL <unfinished ...>
17036 <... clock_gettime resumed> {4903, 709402990}) = 0
17036 futex(0xc82002ea10, FUTEX_WAKE, 1) = 1
17033 <... futex resumed> )             = 0
17036 clock_gettime(CLOCK_MONOTONIC,  <unfinished ...>
17033 futex(0xc82002ea10, FUTEX_WAIT, 0, NULL <unfinished ...>
17036 <... clock_gettime resumed> {4903, 709462866}) = 0
17036 futex(0xc82002ea10, FUTEX_WAKE, 1) = 1
17033 <... futex resumed> )             = 0
17036 clock_gettime(CLOCK_MONOTONIC,  <unfinished ...>
17033 futex(0xc82002ea10, FUTEX_WAIT, 0, NULL <unfinished ...>
17036 <... clock_gettime resumed> {4903, 709521015}) = 0
17036 futex(0xc82002ea10, FUTEX_WAKE, 1) = 1
17033 <... futex resumed> )             = 0
17036 clock_gettime(CLOCK_MONOTONIC,  <unfinished ...>
17033 futex(0xc82002ea10, FUTEX_WAIT, 0, NULL <unfinished ...>
17036 <... clock_gettime resumed> {4903, 709577546}) = 0
17036 futex(0xc82002ea10, FUTEX_WAKE, 1) = 1
17033 <... futex resumed> )             = 0
17036 clock_gettime(CLOCK_MONOTONIC,  <unfinished ...>
17033 futex(0xc82002ea10, FUTEX_WAIT, 0, NULL <unfinished ...>
17036 <... clock_gettime resumed> {4903, 709638940}) = 0
17036 futex(0xc82002ea10, FUTEX_WAKE, 1) = 1
17033 <... futex resumed> )             = 0
17036 clock_gettime(CLOCK_MONOTONIC,  <unfinished ...>
17033 futex(0xc82002ea10, FUTEX_WAIT, 0, NULL <unfinished ...>
17036 <... clock_gettime resumed> {4903, 709696661}) = 0
17036 futex(0xc82002ea10, FUTEX_WAKE, 1) = 1
17033 <... futex resumed> )             = 0
17036 clock_gettime(CLOCK_MONOTONIC,  <unfinished ...>
17033 futex(0xc82002ea10, FUTEX_WAIT, 0, NULL <unfinished ...>
17036 <... clock_gettime resumed> {4903, 709753543}) = 0
17036 futex(0xc82002ea10, FUTEX_WAKE, 1) = 1
17033 <... futex resumed> )             = 0
17036 clock_gettime(CLOCK_MONOTONIC,  <unfinished ...>
17033 futex(0xc82002ea10, FUTEX_WAIT, 0, NULL <unfinished ...>
17036 <... clock_gettime resumed> {4903, 709828516}) = 0
17036 futex(0xc82002ea10, FUTEX_WAKE, 1) = 1
17033 <... futex resumed> )             = 0
17036 clock_gettime(CLOCK_MONOTONIC,  <unfinished ...>
17033 futex(0xc82002ea10, FUTEX_WAIT, 0, NULL <unfinished ...>
17036 <... clock_gettime resumed> {4903, 709892109}) = 0
17036 futex(0xc82002ea10, FUTEX_WAKE, 1) = 1
17033 <... futex resumed> )             = 0
17036 clock_gettime(CLOCK_MONOTONIC,  <unfinished ...>
17033 futex(0xc82002ea10, FUTEX_WAIT, 0, NULL <unfinished ...>
17036 <... clock_gettime resumed> {4903, 709947247}) = 0
17036 futex(0xc82002ea10, FUTEX_WAKE, 1) = 1
17033 <... futex resumed> )             = 0
17036 clock_gettime(CLOCK_MONOTONIC,  <unfinished ...>
17033 futex(0xc82002ea10, FUTEX_WAIT, 0, NULL <unfinished ...>
17036 <... clock_gettime resumed> {4903, 710022069}) = 0
17036 futex(0xc82002ea10, FUTEX_WAKE, 1) = 1
17033 <... futex resumed> )             = 0
17036 clock_gettime(CLOCK_MONOTONIC,  <unfinished ...>
17033 futex(0xc82002ea10, FUTEX_WAIT, 0, NULL <unfinished ...>
17036 <... clock_gettime resumed> {4903, 710081313}) = 0
17036 futex(0xc82002ea10, FUTEX_WAKE, 1) = 1
17033 <... futex resumed> )             = 0
17036 clock_gettime(CLOCK_MONOTONIC,  <unfinished ...>
17033 futex(0xc82002ea10, FUTEX_WAIT, 0, NULL <unfinished ...>
17036 <... clock_gettime resumed> {4903, 710144705}) = 0
17036 futex(0xc82002ea10, FUTEX_WAKE, 1) = 1
17033 <... futex resumed> )             = 0
17036 clock_gettime(CLOCK_MONOTONIC,  <unfinished ...>
17033 futex(0xc82002ea10, FUTEX_WAIT, 0, NULL <unfinished ...>
17036 <... clock_gettime resumed> {4903, 710199830}) = 0
17036 futex(0xc82002ea10, FUTEX_WAKE, 1) = 1
17033 <... futex resumed> )             = 0
17036 clock_gettime(CLOCK_MONOTONIC,  <unfinished ...>
17033 futex(0xc82002ea10, FUTEX_WAIT, 0, NULL <unfinished ...>
17036 <... clock_gettime resumed> {4903, 710255224}) = 0
17036 futex(0xc82002ea10, FUTEX_WAKE, 1) = 1
17033 <... futex resumed> )             = 0
17036 clock_gettime(CLOCK_MONOTONIC,  <unfinished ...>
17033 futex(0xc82002ea10, FUTEX_WAIT, 0, NULL <unfinished ...>
17036 <... clock_gettime resumed> {4903, 710318725}) = 0
17036 futex(0xc82002ea10, FUTEX_WAKE, 1) = 1
17033 <... futex resumed> )             = 0
17036 clock_gettime(CLOCK_MONOTONIC,  <unfinished ...>
17033 futex(0xc82002ea10, FUTEX_WAIT, 0, NULL <unfinished ...>
17036 <... clock_gettime resumed> {4903, 710383506}) = 0
17036 futex(0xc82002ea10, FUTEX_WAKE, 1) = 1
17033 <... futex resumed> )             = 0
17036 clock_gettime(CLOCK_MONOTONIC,  <unfinished ...>
17033 futex(0xc82002ea10, FUTEX_WAIT, 0, NULL <unfinished ...>
17036 <... clock_gettime resumed> {4903, 710448307}) = 0
17036 futex(0xc82002ea10, FUTEX_WAKE, 1) = 1
17033 <... futex resumed> )             = 0
17036 clock_gettime(CLOCK_MONOTONIC,  <unfinished ...>
17033 futex(0xc82002ea10, FUTEX_WAIT, 0, NULL <unfinished ...>
17036 <... clock_gettime resumed> {4903, 710505693}) = 0
17036 futex(0xc82002ea10, FUTEX_WAKE, 1) = 1
17033 <... futex resumed> )             = 0
17036 clock_gettime(CLOCK_MONOTONIC,  <unfinished ...>
17033 futex(0xc82002ea10, FUTEX_WAIT, 0, NULL <unfinished ...>
17036 <... clock_gettime resumed> {4903, 710565758}) = 0
17036 futex(0xc82002ea10, FUTEX_WAKE, 1) = 1
17033 <... futex resumed> )             = 0
17036 clock_gettime(CLOCK_MONOTONIC,  <unfinished ...>
17033 futex(0xc82002ea10, FUTEX_WAIT, 0, NULL <unfinished ...>
17036 <... clock_gettime resumed> {4903, 710626846}) = 0
17036 futex(0xc82002ea10, FUTEX_WAKE, 1) = 1
17033 <... futex resumed> )             = 0
17036 clock_gettime(CLOCK_MONOTONIC,  <unfinished ...>
17033 futex(0xc82002ea10, FUTEX_WAIT, 0, NULL <unfinished ...>
17036 <... clock_gettime resumed> {4903, 710696783}) = 0
17036 futex(0xc82002ea10, FUTEX_WAKE, 1) = 1
17033 <... futex resumed> )             = 0
17036 clock_gettime(CLOCK_MONOTONIC,  <unfinished ...>
17033 futex(0xc82002ea10, FUTEX_WAIT, 0, NULL <unfinished ...>
17036 <... clock_gettime resumed> {4903, 710757418}) = 0
17036 futex(0xc82002ea10, FUTEX_WAKE, 1) = 1
17033 <... futex resumed> )             = 0
17036 clock_gettime(CLOCK_MONOTONIC,  <unfinished ...>
17033 futex(0xc82002ea10, FUTEX_WAIT, 0, NULL <unfinished ...>
17036 <... clock_gettime resumed> {4903, 710824688}) = 0
17036 futex(0xc82002ea10, FUTEX_WAKE, 1) = 1
17033 <... futex resumed> )             = 0
17036 clock_gettime(CLOCK_MONOTONIC,  <unfinished ...>
17033 futex(0xc82002ea10, FUTEX_WAIT, 0, NULL <unfinished ...>
17036 <... clock_gettime resumed> {4903, 710893436}) = 0
17036 futex(0xc82002ea10, FUTEX_WAKE, 1) = 1
17033 <... futex resumed> )             = 0
17036 clock_gettime(CLOCK_MONOTONIC,  <unfinished ...>
17033 futex(0xc82002ea10, FUTEX_WAIT, 0, NULL <unfinished ...>
17036 <... clock_gettime resumed> {4903, 710952878}) = 0
17036 futex(0xc82002ea10, FUTEX_WAKE, 1) = 1
17033 <... futex resumed> )             = 0
17036 clock_gettime(CLOCK_MONOTONIC,  <unfinished ...>
17033 futex(0xc82002ea10, FUTEX_WAIT, 0, NULL <unfinished ...>
17036 <... clock_gettime resumed> {4903, 711022827}) = 0
17036 futex(0xc82002ea10, FUTEX_WAKE, 1) = 1
17033 <... futex resumed> )             = 0
17036 clock_gettime(CLOCK_MONOTONIC,  <unfinished ...>
17033 futex(0xc82002ea10, FUTEX_WAIT, 0, NULL <unfinished ...>
17036 <... clock_gettime resumed> {4903, 711081554}) = 0
17036 futex(0xc82002ea10, FUTEX_WAKE, 1) = 1
17033 <... futex resumed> )             = 0
17036 clock_gettime(CLOCK_MONOTONIC,  <unfinished ...>
17033 futex(0xc82002ea10, FUTEX_WAIT, 0, NULL <unfinished ...>
17036 <... clock_gettime resumed> {4903, 711150646}) = 0
17036 futex(0xc82002ea10, FUTEX_WAKE, 1) = 1
17033 <... futex resumed> )             = 0
17036 clock_gettime(CLOCK_MONOTONIC,  <unfinished ...>
17033 futex(0xc82002ea10, FUTEX_WAIT, 0, NULL <unfinished ...>
17036 <... clock_gettime resumed> {4903, 711211328}) = 0
17036 futex(0xc82002ea10, FUTEX_WAKE, 1) = 1
17033 <... futex resumed> )             = 0
17036 clock_gettime(CLOCK_MONOTONIC,  <unfinished ...>
17033 futex(0xc82002ea10, FUTEX_WAIT, 0, NULL <unfinished ...>
17036 <... clock_gettime resumed> {4903, 711273503}) = 0
17036 futex(0xc82002ea10, FUTEX_WAKE, 1) = 1
17033 <... futex resumed> )             = 0
17036 clock_gettime(CLOCK_MONOTONIC,  <unfinished ...>
17033 futex(0xc82002ea10, FUTEX_WAIT, 0, NULL <unfinished ...>
17036 <... clock_gettime resumed> {4903, 711339419}) = 0
17036 futex(0xc82002ea10, FUTEX_WAKE, 1) = 1
17033 <... futex resumed> )             = 0
17036 clock_gettime(CLOCK_MONOTONIC,  <unfinished ...>
17033 futex(0xc82002ea10, FUTEX_WAIT, 0, NULL <unfinished ...>
17036 <... clock_gettime resumed> {4903, 711394594}) = 0
17036 futex(0xc82002ea10, FUTEX_WAKE, 1) = 1
17033 <... futex resumed> )             = 0
17036 clock_gettime(CLOCK_MONOTONIC,  <unfinished ...>
17033 futex(0xc82002ea10, FUTEX_WAIT, 0, NULL <unfinished ...>
17036 <... clock_gettime resumed> {4903, 711448007}) = 0
17036 futex(0xc82002ea10, FUTEX_WAKE, 1) = 1
17033 <... futex resumed> )             = 0
17036 clock_gettime(CLOCK_MONOTONIC,  <unfinished ...>
17033 futex(0xc82002ea10, FUTEX_WAIT, 0, NULL <unfinished ...>
17036 <... clock_gettime resumed> {4903, 711500546}) = 0
17036 futex(0xc82002ea10, FUTEX_WAKE, 1) = 1
17033 <... futex resumed> )             = 0
17036 clock_gettime(CLOCK_MONOTONIC,  <unfinished ...>
17033 futex(0xc82002ea10, FUTEX_WAIT, 0, NULL <unfinished ...>
17036 <... clock_gettime resumed> {4903, 711558886}) = 0
17036 futex(0xc82002ea10, FUTEX_WAKE, 1) = 1
17033 <... futex resumed> )             = 0
17036 clock_gettime(CLOCK_MONOTONIC,  <unfinished ...>
17033 futex(0xc82002ea10, FUTEX_WAIT, 0, NULL <unfinished ...>
17036 <... clock_gettime resumed> {4903, 711620061}) = 0
17036 futex(0xc82002ea10, FUTEX_WAKE, 1) = 1
17033 <... futex resumed> )             = 0
17036 clock_gettime(CLOCK_MONOTONIC,  <unfinished ...>
17033 futex(0xc82002ea10, FUTEX_WAIT, 0, NULL <unfinished ...>
17036 <... clock_gettime resumed> {4903, 711680162}) = 0
17036 futex(0xc82002ea10, FUTEX_WAKE, 1) = 1
17033 <... futex resumed> )             = 0
17036 clock_gettime(CLOCK_MONOTONIC,  <unfinished ...>
17033 futex(0xc82002ea10, FUTEX_WAIT, 0, NULL <unfinished ...>
17036 <... clock_gettime resumed> {4903, 711755285}) = 0
17036 futex(0xc82002ea10, FUTEX_WAKE, 1) = 1
17033 <... futex resumed> )             = 0
17036 clock_gettime(CLOCK_MONOTONIC,  <unfinished ...>
17033 futex(0xc82002ea10, FUTEX_WAIT, 0, NULL <unfinished ...>
17036 <... clock_gettime resumed> {4903, 711825327}) = 0
17036 futex(0xc82002ea10, FUTEX_WAKE, 1) = 1
17033 <... futex resumed> )             = 0
17036 clock_gettime(CLOCK_MONOTONIC,  <unfinished ...>
17033 futex(0xc82002ea10, FUTEX_WAIT, 0, NULL <unfinished ...>
17036 <... clock_gettime resumed> {4903, 711893569}) = 0
17036 futex(0xc82002ea10, FUTEX_WAKE, 1) = 1
17033 <... futex resumed> )             = 0
17036 clock_gettime(CLOCK_MONOTONIC,  <unfinished ...>
17033 futex(0xc82002ea10, FUTEX_WAIT, 0, NULL <unfinished ...>
17036 <... clock_gettime resumed> {4903, 711956778}) = 0
17036 futex(0xc82002ea10, FUTEX_WAKE, 1) = 1
17033 <... futex resumed> )             = 0
17036 clock_gettime(CLOCK_MONOTONIC,  <unfinished ...>
17033 futex(0xc82002ea10, FUTEX_WAIT, 0, NULL <unfinished ...>
17036 <... clock_gettime resumed> {4903, 712049901}) = 0
17036 futex(0xc82002ea10, FUTEX_WAKE, 1) = 1
17033 <... futex resumed> )             = 0
17036 clock_gettime(CLOCK_MONOTONIC,  <unfinished ...>
17033 futex(0xc82002ea10, FUTEX_WAIT, 0, NULL <unfinished ...>
17036 <... clock_gettime resumed> {4903, 712112189}) = 0
17036 futex(0xc82002ea10, FUTEX_WAKE, 1) = 1
17033 <... futex resumed> )             = 0
17036 clock_gettime(CLOCK_MONOTONIC,  <unfinished ...>
17033 futex(0xc82002ea10, FUTEX_WAIT, 0, NULL <unfinished ...>
17036 <... clock_gettime resumed> {4903, 712177976}) = 0
17036 futex(0xc82002ea10, FUTEX_WAKE, 1) = 1
17033 <... futex resumed> )             = 0
17036 clock_gettime(CLOCK_MONOTONIC,  <unfinished ...>
17033 futex(0xc82002ea10, FUTEX_WAIT, 0, NULL <unfinished ...>
17036 <... clock_gettime resumed> {4903, 712233364}) = 0
17036 futex(0xc82002ea10, FUTEX_WAKE, 1) = 1
17033 <... futex resumed> )             = 0
17036 clock_gettime(CLOCK_MONOTONIC,  <unfinished ...>
17033 futex(0xc82002ea10, FUTEX_WAIT, 0, NULL <unfinished ...>
17036 <... clock_gettime resumed> {4903, 712288153}) = 0
17036 futex(0xc82002ea10, FUTEX_WAKE, 1) = 1
17033 <... futex resumed> )             = 0
17036 clock_gettime(CLOCK_MONOTONIC,  <unfinished ...>
17033 futex(0xc82002ea10, FUTEX_WAIT, 0, NULL <unfinished ...>
17036 <... clock_gettime resumed> {4903, 712341198}) = 0
17036 futex(0xc82002ea10, FUTEX_WAKE, 1) = 1
17033 <... futex resumed> )             = 0
17036 clock_gettime(CLOCK_MONOTONIC,  <unfinished ...>
17033 futex(0xc82002ea10, FUTEX_WAIT, 0, NULL <unfinished ...>
17036 <... clock_gettime resumed> {4903, 712395054}) = 0
17036 futex(0xc82002ea10, FUTEX_WAKE, 1) = 1
17033 <... futex resumed> )             = 0
17036 clock_gettime(CLOCK_MONOTONIC,  <unfinished ...>
17033 futex(0xc82002ea10, FUTEX_WAIT, 0, NULL <unfinished ...>
17036 <... clock_gettime resumed> {4903, 712448315}) = 0
17036 futex(0xc82002ea10, FUTEX_WAKE, 1) = 1
17033 <... futex resumed> )             = 0
17036 clock_gettime(CLOCK_MONOTONIC,  <unfinished ...>
17033 futex(0xc82002ea10, FUTEX_WAIT, 0, NULL <unfinished ...>
17036 <... clock_gettime resumed> {4903, 712509124}) = 0
17036 futex(0xc82002ea10, FUTEX_WAKE, 1) = 1
17033 <... futex resumed> )             = 0
17036 clock_gettime(CLOCK_MONOTONIC,  <unfinished ...>
17033 futex(0xc82002ea10, FUTEX_WAIT, 0, NULL <unfinished ...>
17036 <... clock_gettime resumed> {4903, 712568862}) = 0
17036 futex(0xc82002ea10, FUTEX_WAKE, 1) = 1
17033 <... futex resumed> )             = 0
17036 clock_gettime(CLOCK_MONOTONIC,  <unfinished ...>
17033 futex(0xc82002ea10, FUTEX_WAIT, 0, NULL <unfinished ...>
17036 <... clock_gettime resumed> {4903, 712632937}) = 0
17036 futex(0xc82002ea10, FUTEX_WAKE, 1) = 1
17033 <... futex resumed> )             = 0
17036 clock_gettime(CLOCK_MONOTONIC,  <unfinished ...>
17033 futex(0xc82002ea10, FUTEX_WAIT, 0, NULL <unfinished ...>
17036 <... clock_gettime resumed> {4903, 712694720}) = 0
17036 futex(0xc82002ea10, FUTEX_WAKE, 1) = 1
17033 <... futex resumed> )             = 0
17036 clock_gettime(CLOCK_MONOTONIC,  <unfinished ...>
17033 futex(0xc82002ea10, FUTEX_WAIT, 0, NULL <unfinished ...>
17036 <... clock_gettime resumed> {4903, 712760054}) = 0
17036 futex(0xc82002ea10, FUTEX_WAKE, 1) = 1
17033 <... futex resumed> )             = 0
17036 clock_gettime(CLOCK_MONOTONIC,  <unfinished ...>
17033 futex(0xc82002ea10, FUTEX_WAIT, 0, NULL <unfinished ...>
17036 <... clock_gettime resumed> {4903, 712824208}) = 0
17036 futex(0xc82002ea10, FUTEX_WAKE, 1) = 1
17033 <... futex resumed> )             = 0
17036 clock_gettime(CLOCK_MONOTONIC,  <unfinished ...>
17033 futex(0xc82002ea10, FUTEX_WAIT, 0, NULL <unfinished ...>
17036 <... clock_gettime resumed> {4903, 712889113}) = 0
17036 futex(0xc82002ea10, FUTEX_WAKE, 1) = 1
17033 <... futex resumed> )             = 0
17036 clock_gettime(CLOCK_MONOTONIC,  <unfinished ...>
17033 futex(0xc82002ea10, FUTEX_WAIT, 0, NULL <unfinished ...>
17036 <... clock_gettime resumed> {4903, 712944232}) = 0
17036 futex(0xc82002ea10, FUTEX_WAKE, 1) = 1
17033 <... futex resumed> )             = 0
17036 clock_gettime(CLOCK_MONOTONIC,  <unfinished ...>
17033 futex(0xc82002ea10, FUTEX_WAIT, 0, NULL <unfinished ...>
17036 <... clock_gettime resumed> {4903, 713026929}) = 0
17036 futex(0xc82002ea10, FUTEX_WAKE, 1) = 1
17033 <... futex resumed> )             = 0
17036 clock_gettime(CLOCK_MONOTONIC,  <unfinished ...>
17033 futex(0xc82002ea10, FUTEX_WAIT, 0, NULL <unfinished ...>
17036 <... clock_gettime resumed> {4903, 713085205}) = 0
17036 futex(0xc82002ea10, FUTEX_WAKE, 1) = 1
17033 <... futex resumed> )             = 0
17036 clock_gettime(CLOCK_MONOTONIC,  <unfinished ...>
17033 futex(0xc82002ea10, FUTEX_WAIT, 0, NULL <unfinished ...>
17036 <... clock_gettime resumed> {4903, 713197961}) = 0
17036 futex(0xc82002ea10, FUTEX_WAKE, 1) = 1
17033 <... futex resumed> )             = 0
17036 clock_gettime(CLOCK_MONOTONIC,  <unfinished ...>
17033 futex(0xc82002ea10, FUTEX_WAIT, 0, NULL <unfinished ...>
17036 <... clock_gettime resumed> {4903, 713306912}) = 0
17036 futex(0xc82002ea10, FUTEX_WAKE, 1) = 1
17033 <... futex resumed> )             = 0
17036 clock_gettime(CLOCK_MONOTONIC,  <unfinished ...>
17033 futex(0xc82002ea10, FUTEX_WAIT, 0, NULL <unfinished ...>
17036 <... clock_gettime resumed> {4903, 713366688}) = 0
17036 futex(0xc82002ea10, FUTEX_WAKE, 1) = 1
17033 <... futex resumed> )             = 0
17036 clock_gettime(CLOCK_MONOTONIC,  <unfinished ...>
17033 futex(0xc82002ea10, FUTEX_WAIT, 0, NULL <unfinished ...>
17036 <... clock_gettime resumed> {4903, 713421638}) = 0
17036 futex(0xc82002ea10, FUTEX_WAKE, 1) = 1
17033 <... futex resumed> )             = 0
17036 clock_gettime(CLOCK_MONOTONIC,  <unfinished ...>
17033 futex(0xc82002ea10, FUTEX_WAIT, 0, NULL <unfinished ...>
17036 <... clock_gettime resumed> {4903, 713479554}) = 0
17036 futex(0xc82002ea10, FUTEX_WAKE, 1) = 1
17033 <... futex resumed> )             = 0
17036 clock_gettime(CLOCK_MONOTONIC,  <unfinished ...>
17033 futex(0xc82002ea10, FUTEX_WAIT, 0, NULL <unfinished ...>
17036 <... clock_gettime resumed> {4903, 713541740}) = 0
17036 futex(0xc82002ea10, FUTEX_WAKE, 1) = 1
17033 <... futex resumed> )             = 0
17036 clock_gettime(CLOCK_MONOTONIC,  <unfinished ...>
17033 futex(0xc82002ea10, FUTEX_WAIT, 0, NULL <unfinished ...>
17036 <... clock_gettime resumed> {4903, 713604244}) = 0
17036 futex(0xc82002ea10, FUTEX_WAKE, 1) = 1
17033 <... futex resumed> )             = 0
17036 clock_gettime(CLOCK_MONOTONIC,  <unfinished ...>
17033 futex(0xc82002ea10, FUTEX_WAIT, 0, NULL <unfinished ...>
17036 <... clock_gettime resumed> {4903, 713667675}) = 0
17036 futex(0xc82002ea10, FUTEX_WAKE, 1) = 1
17033 <... futex resumed> )             = 0
17036 clock_gettime(CLOCK_MONOTONIC,  <unfinished ...>
17033 futex(0xc82002ea10, FUTEX_WAIT, 0, NULL <unfinished ...>
17036 <... clock_gettime resumed> {4903, 713728649}) = 0
17036 futex(0xc82002ea10, FUTEX_WAKE, 1) = 1
17033 <... futex resumed> )             = 0
17036 clock_gettime(CLOCK_MONOTONIC,  <unfinished ...>
17033 futex(0xc82002ea10, FUTEX_WAIT, 0, NULL <unfinished ...>
17036 <... clock_gettime resumed> {4903, 713797571}) = 0
17036 futex(0xc82002ea10, FUTEX_WAKE, 1) = 1
17033 <... futex resumed> )             = 0
17036 clock_gettime(CLOCK_MONOTONIC,  <unfinished ...>
17033 futex(0xc82002ea10, FUTEX_WAIT, 0, NULL <unfinished ...>
17036 <... clock_gettime resumed> {4903, 713880525}) = 0
17036 futex(0xc82002ea10, FUTEX_WAKE, 1) = 1
17033 <... futex resumed> )             = 0
17036 clock_gettime(CLOCK_MONOTONIC,  <unfinished ...>
17033 futex(0xc82002ea10, FUTEX_WAIT, 0, NULL <unfinished ...>
17036 <... clock_gettime resumed> {4903, 713951798}) = 0
17036 futex(0xc82002ea10, FUTEX_WAKE, 1) = 1
17033 <... futex resumed> )             = 0
17036 clock_gettime(CLOCK_MONOTONIC,  <unfinished ...>
17033 futex(0xc82002ea10, FUTEX_WAIT, 0, NULL <unfinished ...>
17036 <... clock_gettime resumed> {4903, 714052136}) = 0
17036 futex(0xc82002ea10, FUTEX_WAKE, 1) = 1
17033 <... futex resumed> )             = 0
17036 clock_gettime(CLOCK_MONOTONIC,  <unfinished ...>
17033 futex(0xc82002ea10, FUTEX_WAIT, 0, NULL <unfinished ...>
17036 <... clock_gettime resumed> {4903, 714115229}) = 0
17036 futex(0xc82002ea10, FUTEX_WAKE, 1) = 1
17033 <... futex resumed> )             = 0
17036 clock_gettime(CLOCK_MONOTONIC,  <unfinished ...>
17033 futex(0xc82002ea10, FUTEX_WAIT, 0, NULL <unfinished ...>
17036 <... clock_gettime resumed> {4903, 714177442}) = 0
17036 futex(0xc82002ea10, FUTEX_WAKE, 1) = 1
17033 <... futex resumed> )             = 0
17036 clock_gettime(CLOCK_MONOTONIC,  <unfinished ...>
17033 futex(0xc82002ea10, FUTEX_WAIT, 0, NULL <unfinished ...>
17036 <... clock_gettime resumed> {4903, 714241133}) = 0
17035 <... epoll_wait resumed> {{EPOLLOUT, {u32=2134024192, u64=140606478393344}}}, 128, -1) = 1
17036 futex(0xc82002ea10, FUTEX_WAKE, 1) = 1
17033 <... futex resumed> )             = 0
17036 clock_gettime(CLOCK_MONOTONIC,  <unfinished ...>
17035 clock_gettime(CLOCK_MONOTONIC,  <unfinished ...>
17033 futex(0xc82002ea10, FUTEX_WAIT, 0, NULL <unfinished ...>
17036 <... clock_gettime resumed> {4903, 714324353}) = 0
17035 <... clock_gettime resumed> {4903, 714336157}) = 0
17036 futex(0xc82002ea10, FUTEX_WAKE, 1) = 1
17035 futex(0xc8200f6590, FUTEX_WAIT, 0, NULL <unfinished ...>
17033 <... futex resumed> )             = 0
17036 clock_gettime(CLOCK_MONOTONIC,  <unfinished ...>
17033 write(6, "\350a\226\1\0H\213D$8H\213\\$(H\301\350\5H\203\373\10u#H\213\\$\30H\377"..., 28678 <unfinished ...>
17036 <... clock_gettime resumed> {4903, 714408731}) = 0
17033 <... write resumed> )             = 28678
17036 clock_gettime(CLOCK_MONOTONIC,  <unfinished ...>
17033 write(6, "\r\n", 2 <unfinished ...>
17036 <... clock_gettime resumed> {4903, 714501567}) = 0
17033 <... write resumed> )             = 2
17036 clock_gettime(CLOCK_MONOTONIC,  <unfinished ...>
17033 write(6, "8000\r\nl$`\213\35_\364\202\0\203\373\0u\31H\215\35\353\231G\0H\211\34$H"..., 4096 <unfinished ...>
17036 <... clock_gettime resumed> {4903, 714672366}) = 0
17033 <... write resumed> )             = 4096
17036 clock_gettime(CLOCK_MONOTONIC,  <unfinished ...>
17033 write(6, "5\201\0001\355H9\350t\24H\213H\0201\355H\211h\20H\211\3101\355H9\350u\3541\333"..., 28678 <unfinished ...>
17036 <... clock_gettime resumed> {4903, 714741451}) = 0
17033 <... write resumed> )             = 28678
17036 clock_gettime(CLOCK_MONOTONIC,  <unfinished ...>
17033 write(6, "\r\n", 2 <unfinished ...>
17036 <... clock_gettime resumed> {4903, 714814653}) = 0
17033 <... write resumed> )             = 2
17036 clock_gettime(CLOCK_MONOTONIC,  <unfinished ...>
17033 read(7,  <unfinished ...>
17036 <... clock_gettime resumed> {4903, 714926817}) = 0
17033 <... read resumed> "\274l\3\0\351\247\374\377\377\314\314\314\314\314\314\314H\213D$\0101\355H\211(1\355H\211h\10"..., 32768) = 32768
17036 clock_gettime(CLOCK_MONOTONIC,  <unfinished ...>
17033 write(6, "8000\r\n^\302\362\17\21BP\362H\17*\310f\17(\301\362H\17*\321\362\17^\302\362"..., 4096 <unfinished ...>
17036 <... clock_gettime resumed> {4903, 715061726}) = 0
17033 <... write resumed> )             = 4096
17036 clock_gettime(CLOCK_MONOTONIC,  <unfinished ...>
17033 write(6, "H\203\373\0u\22\350{\257\3\0H\213D$pH\213\f$H\211HHH\307@P\0\0\0\0"..., 28678 <unfinished ...>
17036 <... clock_gettime resumed> {4903, 715129913}) = 0
17033 <... write resumed> )             = 28678
17036 clock_gettime(CLOCK_MONOTONIC,  <unfinished ...>
17033 write(6, "\r\n", 2 <unfinished ...>
17036 <... clock_gettime resumed> {4903, 715221720}) = 0
17033 <... write resumed> )             = 2
17036 clock_gettime(CLOCK_MONOTONIC,  <unfinished ...>
17033 read(7,  <unfinished ...>
17036 <... clock_gettime resumed> {4903, 715319573}) = 0
17033 <... read resumed> "\f%\370\377\377\377H\213A0\213\250\330\0\0\0\377\305\211\250\330\0\0\0H\213i0H\211l$"..., 32768) = 32768
17036 clock_gettime(CLOCK_MONOTONIC,  <unfinished ...>
17033 write(6, "8000\r\n0H\213X0H\213[PH\211\vH\213X0H\213[PH\213l$@H"..., 4096 <unfinished ...>
17036 <... clock_gettime resumed> {4903, 715434688}) = 0
17033 <... write resumed> )             = 4096
17036 clock_gettime(CLOCK_MONOTONIC,  <unfinished ...>
17033 write(6, "\2225\200\0H\203\376\5\17\203\270\1\0\0H\215\34\363H\213+H\211l$pH\215\35u5\200"..., 28678 <unfinished ...>
17036 <... clock_gettime resumed> {4903, 715496987}) = 0
17033 <... write resumed> )             = 28678
17036 clock_gettime(CLOCK_MONOTONIC,  <unfinished ...>
17033 write(6, "\r\n", 2 <unfinished ...>
17036 <... clock_gettime resumed> {4903, 715562247}) = 0
17033 <... write resumed> )             = 2
17036 clock_gettime(CLOCK_MONOTONIC,  <unfinished ...>
17033 read(7,  <unfinished ...>
17036 <... clock_gettime resumed> {4903, 715620495}) = 0
17033 <... read resumed> "$\10\2\0\0\0\307D$\f\6\0\0\0\350\255\302\377\377H\213T$ H\213D$0H\213\210"..., 32768) = 32768
17036 clock_gettime(CLOCK_MONOTONIC,  <unfinished ...>
17033 write(6, "8000\r\nH\213\231\300\r\0\0H\203\373\0\17\224\300<\0\17\204\277\2\0\0\213\35<\305"..., 4096 <unfinished ...>
17036 <... clock_gettime resumed> {4903, 715694949}) = 0
17033 <... write resumed> )             = 4096
17036 clock_gettime(CLOCK_MONOTONIC,  <unfinished ...>
17033 write(6, "\0H\213\\$HH\211\34$\307D$\10\4\0\0\0\307D$\f\1\0\0\0\350\247\316\377\377\17"..., 28678 <unfinished ...>
17036 <... clock_gettime resumed> {4903, 715730260}) = 0
17033 <... write resumed> )             = 28678
17036 clock_gettime(CLOCK_MONOTONIC,  <unfinished ...>
17033 write(6, "\r\n", 2 <unfinished ...>
17036 <... clock_gettime resumed> {4903, 715777591}) = 0
17033 <... write resumed> )             = 2
17036 clock_gettime(CLOCK_MONOTONIC,  <unfinished ...>
17033 read(7,  <unfinished ...>
17036 <... clock_gettime resumed> {4903, 715818312}) = 0
17033 <... read resumed> "H\203\3540\306D$P\0\306D$P\0H\213\\$@1\355H9\353tUH\215\\$8H"..., 32768) = 32768
17036 clock_gettime(CLOCK_MONOTONIC,  <unfinished ...>
17033 write(6, "8000\r\nt$(H\213\\$0H\211\\$HH\213L$8H\215\35'?-\0H"..., 4096 <unfinished ...>
17036 <... clock_gettime resumed> {4903, 715920699}) = 0
17033 <... write resumed> )             = 4096
17036 clock_gettime(CLOCK_MONOTONIC,  <unfinished ...>
17033 write(6, "\374\377H\213\\$\20H\211\\$PH\213\\$\30H\211\\$XH\213\\$XH\203\373\0\17"..., 28678 <unfinished ...>
17036 <... clock_gettime resumed> {4903, 715962243}) = 0
17033 <... write resumed> )             = 28678
17036 clock_gettime(CLOCK_MONOTONIC,  <unfinished ...>
17033 write(6, "\r\n", 2 <unfinished ...>
17036 <... clock_gettime resumed> {4903, 716021668}) = 0
17033 <... write resumed> )             = 2
17036 clock_gettime(CLOCK_MONOTONIC,  <unfinished ...>
17033 read(7,  <unfinished ...>
17036 <... clock_gettime resumed> {4903, 716058042}) = 0
17033 <... read resumed> "\377H\213t$\30\353\327\211\6\353\243H\211\24$H\211D$\10\350\326\335\374\377H\213t$\30\353"..., 32768) = 32768
17036 clock_gettime(CLOCK_MONOTONIC,  <unfinished ...>
17033 write(6, "8000\r\n\17\267h8H\377\315f\211h8\213\35_t\200\0\203\373\0uTH\17\267X"..., 4096 <unfinished ...>
17036 <... clock_gettime resumed> {4903, 716098732}) = 0
17033 <... write resumed> )             = 4096
17036 clock_gettime(CLOCK_MONOTONIC,  <unfinished ...>
17033 write(6, "\17\204\6\2\0\0H\213s\10H\213{\20L\213K\30L\211\214$\210\0\0\0H\211t$xH"..., 28678 <unfinished ...>
17036 <... clock_gettime resumed> {4903, 716142022}) = 0
17033 <... write resumed> )             = 28678
17036 clock_gettime(CLOCK_MONOTONIC,  <unfinished ...>
17033 write(6, "\r\n", 2 <unfinished ...>
17036 <... clock_gettime resumed> {4903, 716176280}) = 0
17033 <... write resumed> )             = 2
17036 clock_gettime(CLOCK_MONOTONIC,  <unfinished ...>
17033 read(7,  <unfinished ...>
17036 <... clock_gettime resumed> {4903, 716204965}) = 0
17033 <... read resumed> "H\211\5\321\326~\0H\215\35r\326~\0H\211\34$\350\2317\374\377H\213\234$0\6\1\0H"..., 32768) = 32768
17036 clock_gettime(CLOCK_MONOTONIC,  <unfinished ...>
17033 write(6, "8000\r\n<~\0H\213\25~<~\0H\213\35\177<~\0H\211\\$8H9\320\17"..., 4096 <unfinished ...>
17036 <... clock_gettime resumed> {4903, 716246518}) = 0
17033 <... write resumed> )             = 4096
17036 clock_gettime(CLOCK_MONOTONIC,  <unfinished ...>
17033 write(6, "-\377\377\377\306D$\37\1\351\335\376\377\377\350\263\370\0\0\351\216\376\377\377\314\314\314\314\314\314\314\314"..., 28678 <unfinished ...>
17036 <... clock_gettime resumed> {4903, 716279485}) = 0
17033 <... write resumed> )             = 28678
17036 clock_gettime(CLOCK_MONOTONIC,  <unfinished ...>
17033 write(6, "\r\n", 2 <unfinished ...>
17036 <... clock_gettime resumed> {4903, 716318689}) = 0
17033 <... write resumed> )             = 2
17036 clock_gettime(CLOCK_MONOTONIC,  <unfinished ...>
17033 read(7,  <unfinished ...>
17036 <... clock_gettime resumed> {4903, 716350542}) = 0
17033 <... read resumed> "\0tGH\213\\$0H\211\\$\10H\203|$\10\0t,H\307D$\20\v\0\0\0\350\275"..., 32768) = 32768
17036 clock_gettime(CLOCK_MONOTONIC,  <unfinished ...>
17033 write(6, "8000\r\n\0\0\350Y\270\375\377\350\304\256\375\377H\215\35mRB\0H\211\34$H\307D"..., 4096 <unfinished ...>
17036 <... clock_gettime resumed> {4903, 716394127}) = 0
17033 <... write resumed> )             = 4096
17036 clock_gettime(CLOCK_MONOTONIC,  <unfinished ...>
17033 write(6, "\362\351\373\377\351]\377\377\377H\215-\356\245}\0H\211,$H\211\\$\10\350\330\351\373\377\351\316"..., 28678 <unfinished ...>
17036 <... clock_gettime resumed> {4903, 716424324}) = 0
17033 <... write resumed> )             = 28678
17036 clock_gettime(CLOCK_MONOTONIC,  <unfinished ...>
17033 write(6, "\r\n", 2 <unfinished ...>
17036 <... clock_gettime resumed> {4903, 716456247}) = 0
17033 <... write resumed> )             = 2
17036 epoll_wait(5,  <unfinished ...>
17033 read(7,  <unfinished ...>
17036 <... epoll_wait resumed> {}, 128, 0) = 0
17033 <... read resumed> "H\211\347\363\244H\213\224$\20\0\0\2\377\22H\213\274$\30\0\0\2\213\214$ \0\0\2\213\234"..., 32768) = 32768
17036 epoll_wait(5,  <unfinished ...>
17033 futex(0xc8200f6590, FUTEX_WAKE, 1) = 1
17035 <... futex resumed> )             = 0
17033 write(6, "8000\r\n\353\17\205\247\0\0\0H\213^\10H\213j\10H9\353\17\205\226\0\0\0H\203"..., 4096 <unfinished ...>
17035 select(0, NULL, NULL, NULL, {0, 100} <unfinished ...>
17033 <... write resumed> )             = 4096
17033 write(6, "\331\363\244H\213\224$\10\10\0\0H\213\274$\30\10\0\0\213\214$ \10\0\0\213\234$$\10\0"..., 28678) = 28678
17033 write(6, "\r\n", 2)               = 2
17033 read(7, "$\10H\211\\$0H\211\\$\20H\211L$8H\211L$\30\350E\253\377\377H\203\304@\303"..., 32768) = 32768
17033 write(6, "8000\r\n\\$\10L\211D$\20\350\303\271\377\377H\213\214$\200\0\0\0H\213\234$\220"..., 4096) = 4096
17033 write(6, "`H\203\373\0\17\204=\2\0\0H\2133L\213C\10H\213K\20H\211\264$(\1\0\0L\211"..., 28678) = 28678
17033 write(6, "\r\n", 2)               = 2
17035 <... select resumed> )            = 0 (Timeout)
17033 read(7,  <unfinished ...>
17035 futex(0xc8200f6590, FUTEX_WAIT, 0, NULL <unfinished ...>
17033 <... read resumed> "+1\333H\211\234$\310\2\0\0H\211\234$\320\2\0\0H\211<$H\213\234$0\7\0\0H"..., 32768) = 32768
17033 futex(0xc8200f6590, FUTEX_WAKE, 1) = 1
17035 <... futex resumed> )             = 0
17033 write(6, "8000\r\n\204$\214\0\0\0[1\333H\211\234$(\3\0\0H\211\234$0\3\0\0H"..., 4096) = 4096
17035 select(0, NULL, NULL, NULL, {0, 100} <unfinished ...>
17033 write(6, "$\20H\211\204$\340\6\0\0H\211D$\30\213\234$\330\7\0\0\211\\$ H\213\234$\340\7"..., 28678) = 28678
17033 write(6, "\r\n", 2)               = 2
17033 read(7, "$P\1\0\0H\211\4$H\211\214$H\1\0\0H\213\231\0\1\0\0\377\323H\213L$\10H"..., 32768) = 32768
17033 write(6, "8000\r\n8H\211\34$H\215\35,\f;\0H\211\\$\10H\307D$\20\2\0\0\0"..., 4096) = 4096
17033 write(6, "H\211\331\17\266\\$\t\200\373\0\17\205\243\0\0\0H\213\\$xH\213k\30H\203\375\0u:"..., 28678) = 28678
17033 write(6, "\r\n", 2)               = 2
17033 read(7, "n\20@8\353\17\205o\1\0\0H\215\\$@\17W\300\17\21\3\17\21C\10H\307\306\27\0\0"..., 32768) = 32768
17033 write(6, "8000\r\n\211\6\353\271H\203\372\0v\315H\307\305\1\0\0\0@\210\2561\3\0\0\353\275"..., 4096) = 4096
17033 write(6, "T$`H\213L$\10H\213l$(H\203\371@\17\203\267\0\0\0H\323\345H\211\356H\213B"..., 28678 <unfinished ...>
17035 <... select resumed> )            = 0 (Timeout)
17033 <... write resumed> )             = 28678
17033 write(6, "\r\n", 2 <unfinished ...>
17035 read(7,  <unfinished ...>
17033 <... write resumed> )             = 2
17035 <... read resumed> "\370\1uJH\203\370\0v=\17\266.H\211\3571\300H9\310}\34H9\310s$I\215\34\1"..., 32768) = 32768
17033 futex(0xc82002ea10, FUTEX_WAIT, 0, NULL <unfinished ...>
17035 futex(0xc82002ea10, FUTEX_WAKE, 1) = 1
17035 write(6, "8000\r\nH\213\\$\20H\211\35D\266z\0H\213\\$\30\200=(t|\0\0ud"..., 4096) = 4096
17033 <... futex resumed> )             = 0
17035 write(6, ";a\20\17\206\7\1\0\0H\203\354HH\213D$P1\333H\211\\$XH\211\\$`H\307"..., 28678) = 28678
17033 select(0, NULL, NULL, NULL, {0, 100} <unfinished ...>
17035 write(6, "\r\n", 2)               = 2
17035 read(7, "\0\0\0H\211\234$(\1\0\0H\213\234$\350\0\0\0H\211\234$0\1\0\0H\213\234$\360"..., 32768) = 32768
17035 write(6, "8000\r\nH\211\\$X\3506\334\377\377H\213\\$`H\211\234$P\1\0\0H\213\\"..., 4096) = 4096
17035 write(6, "\211\204$\340\1\0\0D\211\204$\270\1\0\0\211\274$\344\1\0\0\211\274$\274\1\0\0H\211\264"..., 28678) = -1 EAGAIN (Resource temporarily unavailable)
17035 read(7, "H\307D$ \0\0\0\0\350B\246\367\377H\213\\$(H\211\35f\232y\0H\213\\$0\200"..., 32768) = 32768
17035 futex(0xc8200f6590, FUTEX_WAIT, 0, NULL <unfinished ...>
17033 <... select resumed> )            = 0 (Timeout)
17033 futex(0xc82002ea10, FUTEX_WAIT, 0, NULL <unfinished ...>
17032 <... select resumed> )            = 0 (Timeout)
17032 clock_gettime(CLOCK_MONOTONIC, {4903, 717842646}) = 0
17032 futex(0x21ee760, FUTEX_WAIT, 0, {60, 0} <unfinished ...>
17036 <... epoll_wait resumed> {{EPOLLOUT, {u32=2134024192, u64=140606478393344}}}, 128, -1) = 1
17036 clock_gettime(CLOCK_MONOTONIC, {4903, 718633396}) = 0
17036 futex(0xc82002ea10, FUTEX_WAKE, 1) = 1
17033 <... futex resumed> )             = 0
17036 futex(0x21ee760, FUTEX_WAKE, 1 <unfinished ...>
17033 epoll_wait(5,  <unfinished ...>
17036 <... futex resumed> )             = 1
17033 <... epoll_wait resumed> {{EPOLLOUT, {u32=2134024192, u64=140606478393344}}}, 128, 0) = 1
17032 <... futex resumed> )             = 0
17036 write(6, "\211\204$\340\1\0\0D\211\204$\270\1\0\0\211\274$\344\1\0\0\211\274$\274\1\0\0H\211\264"..., 28678 <unfinished ...>
17033 epoll_wait(5,  <unfinished ...>
17036 <... write resumed> )             = 28678
17032 clock_gettime(CLOCK_MONOTONIC,  <unfinished ...>
17036 write(6, "\r\n", 2)               = 2
17032 <... clock_gettime resumed> {4903, 719083291}) = 0
17036 futex(0xc8200f6590, FUTEX_WAKE, 1) = 1
17035 <... futex resumed> )             = 0
17032 clock_gettime(CLOCK_REALTIME,  <unfinished ...>
17036 ioctl(0, TIOCGWINSZ <unfinished ...>
17035 select(0, NULL, NULL, NULL, {0, 100} <unfinished ...>
17033 <... epoll_wait resumed> {{EPOLLOUT, {u32=2134024192, u64=140606478393344}}}, 128, -1) = 1
17032 <... clock_gettime resumed> {1465918769, 503133154}) = 0
17036 <... ioctl resumed> , {ws_row=35, ws_col=112, ws_xpixel=0, ws_ypixel=0}) = 0
17033 epoll_wait(5,  <unfinished ...>
17032 select(0, NULL, NULL, NULL, {0, 20} <unfinished ...>
17036 ioctl(0, TIOCGWINSZ <unfinished ...>
17033 <... epoll_wait resumed> {{EPOLLOUT, {u32=2134024192, u64=140606478393344}}}, 128, -1) = 1
17036 <... ioctl resumed> , {ws_row=35, ws_col=112, ws_xpixel=0, ws_ypixel=0}) = 0
17033 epoll_wait(5,  <unfinished ...>
17036 write(1, "Sending build context to Docker "..., 48 <unfinished ...>
17032 <... select resumed> )            = 0 (Timeout)
17036 <... write resumed> )             = 48
17036 write(6, "8000\r\n\0\0\0H\203\3548H\213L$P1\3331\333H\211\\$hH\211\\$p"..., 4096 <unfinished ...>
17032 clock_gettime(CLOCK_MONOTONIC,  <unfinished ...>
17036 <... write resumed> )             = 4096
17035 <... select resumed> )            = 0 (Timeout)
17032 <... clock_gettime resumed> {4903, 719324369}) = 0
17036 write(6, "D$(\0\0\0\0H\307D$0\0\0\0\0\350a#\0\0H\213L$8H\213D$HH"..., 28678 <unfinished ...>
17035 read(7,  <unfinished ...>
17032 clock_gettime(CLOCK_REALTIME,  <unfinished ...>
17036 <... write resumed> )             = 28678
17035 <... read resumed> "H\211\34$\350\267\316\t\0H\213T$\10H\211\224$ \1\0\0H\213L$\20H\211\214$("..., 32768) = 32768
17032 <... clock_gettime resumed> {1465918769, 503369180}) = 0
17036 write(6, "\r\n", 2 <unfinished ...>
17035 futex(0xc8200f6590, FUTEX_WAIT, 0, NULL <unfinished ...>
17036 <... write resumed> )             = 2
17032 select(0, NULL, NULL, NULL, {0, 20} <unfinished ...>
17036 futex(0xc8200f6590, FUTEX_WAKE, 1 <unfinished ...>
17033 <... epoll_wait resumed> {{EPOLLOUT, {u32=2134024192, u64=140606478393344}}}, 128, -1) = 1
17036 <... futex resumed> )             = 1
17035 <... futex resumed> )             = 0
17033 epoll_wait(5,  <unfinished ...>
17036 write(6, "8000\r\n\213D$x\351\350\375\377\377\211\0\351\310\375\377\377H\211\4$H\211l$\10\350"..., 4096 <unfinished ...>
17035 select(0, NULL, NULL, NULL, {0, 100} <unfinished ...>
17033 <... epoll_wait resumed> {{EPOLLOUT, {u32=2134024192, u64=140606478393344}}}, 128, -1) = 1
17036 <... write resumed> )             = 4096
17033 epoll_wait(5,  <unfinished ...>
17036 write(6, "L$XH\203\371\0t\36H\211\214$\0\1\0\0H\211\224$\10\1\0\0\220\350\227\v\371\377H"..., 28678) = 28678
17032 <... select resumed> )            = 0 (Timeout)
17036 write(6, "\r\n", 2)               = 2
17032 clock_gettime(CLOCK_MONOTONIC,  <unfinished ...>
17036 read(7, "\0\0\351\241\347\377\377\211\3\353\231\211\3\351E\347\377\377\211\3\351(\347\377\377\211\3\351\361\346\377\377"..., 32768) = 32768
17032 <... clock_gettime resumed> {4903, 719565531}) = 0
17036 write(6, "8000\r\n\234$@\3\0\0H\215\35\263\220&\0H\211\34$H\213\234$\360\4\0\0H"..., 4096) = 4096
17032 clock_gettime(CLOCK_REALTIME,  <unfinished ...>
17036 write(6, "H9\350\17\204}\2\0\0H\213X01\355H9\353\17\204n\2\0\0H\213h0\213E\0\211"..., 28678) = 28678
17032 <... clock_gettime resumed> {1465918769, 503610718}) = 0
17036 write(6, "\r\n", 2 <unfinished ...>
17035 <... select resumed> )            = 0 (Timeout)
17032 select(0, NULL, NULL, NULL, {0, 20} <unfinished ...>
17036 <... write resumed> )             = 2
17035 read(7,  <unfinished ...>
17036 futex(0xc8200f6a10, FUTEX_WAIT, 0, NULL <unfinished ...>
17035 <... read resumed> "H\211\234$\200\0\0\0\213\\$\10\211\234$\210\0\0\0H\213\\$\20H\211\234$\220\0\0\0"..., 32768) = 32768
17035 futex(0xc8200f6a10, FUTEX_WAKE, 1 <unfinished ...>
17036 <... futex resumed> )             = 0
17035 <... futex resumed> )             = 1
17036 select(0, NULL, NULL, NULL, {0, 100} <unfinished ...>
17035 write(6, "8000\r\n\330\0\0\0H\211D$\10H\307D$\20\10\0\0\0\350\211\26\0\0H\213L"..., 4096 <unfinished ...>
17033 <... epoll_wait resumed> {{EPOLLOUT, {u32=2134024192, u64=140606478393344}}}, 128, -1) = 1
17035 <... write resumed> )             = 4096
17033 epoll_wait(5,  <unfinished ...>
17032 <... select resumed> )            = 0 (Timeout)
17035 write(6, "\377H\213\\$\30H\211\234$\30\1\0\0H\213\\$ H\211\234$ \1\0\0\220\350\225\v\370"..., 28678) = 28678
17032 clock_gettime(CLOCK_MONOTONIC,  <unfinished ...>
17035 write(6, "\r\n", 2)               = 2
17032 <... clock_gettime resumed> {4903, 719810640}) = 0
17035 read(7, "\213D$P\351\22\376\377\377\211\7\351\334\375\377\377H\215\35\25125\0H\211\34$H\215\35>|"..., 32768) = 32768
17032 clock_gettime(CLOCK_REALTIME,  <unfinished ...>
17035 write(6, "8000\r\nH\213\234$\230\0\0\0H\211\34$H\213\234$\240\0\0\0H\211\\$\10H"..., 4096) = 4096
17032 <... clock_gettime resumed> {1465918769, 503863928}) = 0
17035 write(6, "\10H\213l$H\200=9dy\0\0u\\H\211(H\211D$0H\213\5xey\0001\355"..., 28678 <unfinished ...>
17036 <... select resumed> )            = 0 (Timeout)
17035 <... write resumed> )             = 28678
17032 select(0, NULL, NULL, NULL, {0, 20} <unfinished ...>
17036 select(0, NULL, NULL, NULL, {0, 100} <unfinished ...>
17035 write(6, "\r\n", 2)               = 2
17035 read(7, "\211(H\213\254$\320\0\0\0H\211h\30H\213\254$\310\0\0\0\200=#\330x\0\0\17\205\207"..., 32768) = 32768
17035 write(6, "8000\r\n\7\0\0H\211\f$H\211\204$ \2\0\0H\211D$\10H\215-E\2426"..., 4096) = 4096
17035 write(6, "H\211\214$\200\2\0\0001\311H\211\204$x\2\0\0H\211D$@H\211\224$p\2\0\0H"..., 28678 <unfinished ...>
17032 <... select resumed> )            = 0 (Timeout)
17035 <... write resumed> )             = 28678
17035 write(6, "\r\n", 2 <unfinished ...>
17032 clock_gettime(CLOCK_MONOTONIC,  <unfinished ...>
17035 <... write resumed> )             = 2
17035 read(7,  <unfinished ...>
17032 <... clock_gettime resumed> {4903, 720053305}) = 0
17035 <... read resumed> "\\$ \200\373\0\17\204\351\2\0\0H\2114$H\211L$\10\350\246{\7\0H\213T$\20H"..., 32768) = 32768
17036 <... select resumed> )            = 0 (Timeout)
17035 write(6, "8000\r\n\34$H\213\234$\210\0\0\0H\211\\$\10H\203|$\10\0\17\204\256\0\0"..., 4096 <unfinished ...>
17032 clock_gettime(CLOCK_REALTIME,  <unfinished ...>
17036 read(7,  <unfinished ...>
17035 <... write resumed> )             = 4096
17032 <... clock_gettime resumed> {1465918769, 504113810}) = 0
17036 <... read resumed> "\377H\213\224$x\1\0\0H\213\204$8\1\0\0\351g\353\377\377\211\3\353\245\350\241\354\370\377\351"..., 32768) = 32768
17035 write(6, "0\0H9\353\17\205\250\0\0\0H\307\300\1\0\0\0<\0t\0211\333H\211\\$hH\211\\"..., 28678 <unfinished ...>
17036 futex(0xc8200f6a10, FUTEX_WAIT, 0, NULL <unfinished ...>
17035 <... write resumed> )             = 28678
17032 select(0, NULL, NULL, NULL, {0, 20} <unfinished ...>
17035 write(6, "\r\n", 2)               = 2
17035 futex(0xc8200f6a10, FUTEX_WAKE, 1 <unfinished ...>
17036 <... futex resumed> )             = 0
17035 <... futex resumed> )             = 1
17036 select(0, NULL, NULL, NULL, {0, 100} <unfinished ...>
17035 write(6, "8000\r\n\0\0H\211\254$\220\2\0\0H\211\274$8\2\0\0H\211\264$@\2\0\0"..., 4096) = 4096
17032 <... select resumed> )            = 0 (Timeout)
17035 write(6, "$x\3\0\0H\211\\$\20H\213\234$\200\3\0\0H\211\\$\30H\213\234$\210\3\0\0H"..., 28678) = 28678
17032 clock_gettime(CLOCK_MONOTONIC,  <unfinished ...>
17035 write(6, "\r\n", 2)               = 2
17032 <... clock_gettime resumed> {4903, 720285315}) = 0
17035 read(7, "\0H\211\34$H\211T$\10H\211D$\20H\211L$\30H\211l$ \350\222\333\366\377H\213"..., 32768) = 32768
17032 clock_gettime(CLOCK_REALTIME,  <unfinished ...>
17035 write(6, "8000\r\nH\213\\$\10H\211\315H9\321s\31H\301\345\4H\1\353H\213+H\211l"..., 4096) = 4096
17032 <... clock_gettime resumed> {1465918769, 504330523}) = 0
17035 write(6, "\204$\210\0\0\0H\213\5\211ew\0001\355H9\350t H\213\214$\210\0\0\0H\211\204$"..., 28678) = 28678
17032 select(0, NULL, NULL, NULL, {0, 20} <unfinished ...>
17036 <... select resumed> )            = 0 (Timeout)
17035 write(6, "\r\n", 2 <unfinished ...>
17036 read(7,  <unfinished ...>
17035 <... write resumed> )             = 2
17036 <... read resumed> "\370\377\377\211\3\351|\370\377\377H\215-_\27u\0H\211,$H\211\\$\10\350\321]\363\377\351"..., 32768) = 32768
17035 futex(0xc8200f6590, FUTEX_WAIT, 0, NULL <unfinished ...>
17036 futex(0xc8200f6590, FUTEX_WAKE, 1 <unfinished ...>
17035 <... futex resumed> )             = -1 EAGAIN (Resource temporarily unavailable)
17036 <... futex resumed> )             = 0
17035 select(0, NULL, NULL, NULL, {0, 100} <unfinished ...>
17036 write(6, "8000\r\n\211\\$\10H\213\\$hH\211\\$\20\350m\222\377\377H\213\\$\30H\211"..., 4096 <unfinished ...>
17032 <... select resumed> )            = 0 (Timeout)
17036 <... write resumed> )             = 4096
17036 write(6, "H\213K\10H\211O\10\350i\255\25\0H\203\304@\303\350\37\370\367\377\351*\377\377\377\314\314\314\314"..., 28678 <unfinished ...>
17032 clock_gettime(CLOCK_MONOTONIC,  <unfinished ...>
17036 <... write resumed> )             = 28678
17036 write(6, "\r\n", 2 <unfinished ...>
17032 <... clock_gettime resumed> {4903, 720525944}) = 0
17036 <... write resumed> )             = 2
17036 read(7,  <unfinished ...>
17032 clock_gettime(CLOCK_REALTIME,  <unfinished ...>
17036 <... read resumed> "$@H\211\\$\30H\307D$ \0\0\0\0\350;\246\362\377H\213L$8H\213D$(H"..., 32768) = 32768
17036 write(6, "8000\r\ndH\213\f%\370\377\377\377H;a\20vOH\203\354(1\333H\211\\$8"..., 4096 <unfinished ...>
17032 <... clock_gettime resumed> {1465918769, 504562530}) = 0
17036 <... write resumed> )             = 4096
17036 write(6, "\314\314\314\314\314\314dH\213\f%\370\377\377\377H\215D$\250H;A\20\17\206\343\1\0\0H\201"..., 28678 <unfinished ...>
17032 select(0, NULL, NULL, NULL, {0, 20} <unfinished ...>
17036 <... write resumed> )             = -1 EAGAIN (Resource temporarily unavailable)
17036 read(7,  <unfinished ...>
17035 <... select resumed> )            = 0 (Timeout)
17036 <... read resumed> "$H\1\0\0H\211\234$`\1\0\0H\213\234$P\1\0\0H\211\234$h\1\0\0H\213\234"..., 32768) = 32768
17035 futex(0xc8200f6590, FUTEX_WAIT, 0, NULL <unfinished ...>
17036 futex(0xc8200f6a10, FUTEX_WAIT, 0, NULL <unfinished ...>
17032 <... select resumed> )            = 0 (Timeout)
17032 clock_gettime(CLOCK_MONOTONIC, {4903, 720781212}) = 0
17032 futex(0x21ee760, FUTEX_WAIT, 0, {60, 0} <unfinished ...>
17033 <... epoll_wait resumed> {{EPOLLOUT, {u32=2134024192, u64=140606478393344}}}, 128, -1) = 1
17033 clock_gettime(CLOCK_MONOTONIC, {4903, 721726425}) = 0
17033 futex(0xc8200f6a10, FUTEX_WAKE, 1 <unfinished ...>
17036 <... futex resumed> )             = 0
17033 <... futex resumed> )             = 1
17036 epoll_wait(5,  <unfinished ...>
17033 futex(0x21ee760, FUTEX_WAKE, 1 <unfinished ...>
17036 <... epoll_wait resumed> {}, 128, 0) = 0
17033 <... futex resumed> )             = 1
17032 <... futex resumed> )             = 0
17036 sched_yield( <unfinished ...>
17033 write(6, "\314\314\314\314\314\314dH\213\f%\370\377\377\377H\215D$\250H;A\20\17\206\343\1\0\0H\201"..., 28678 <unfinished ...>
17036 <... sched_yield resumed> )       = 0
17033 <... write resumed> )             = 28678
17032 clock_gettime(CLOCK_MONOTONIC,  <unfinished ...>
17036 futex(0x21ee6a0, FUTEX_WAKE, 1 <unfinished ...>
17033 write(6, "\r\n", 2 <unfinished ...>
17032 <... clock_gettime resumed> {4903, 721840283}) = 0
17036 <... futex resumed> )             = 0
17033 <... write resumed> )             = 2
17036 epoll_wait(5,  <unfinished ...>
17033 futex(0xc8200f6590, FUTEX_WAKE, 1 <unfinished ...>
17032 clock_gettime(CLOCK_REALTIME,  <unfinished ...>
17036 <... epoll_wait resumed> {{EPOLLOUT, {u32=2134024192, u64=140606478393344}}}, 128, -1) = 1
17035 <... futex resumed> )             = 0
17033 <... futex resumed> )             = 1
17032 <... clock_gettime resumed> {1465918769, 505908175}) = 0
17036 epoll_wait(5,  <unfinished ...>
17035 select(0, NULL, NULL, NULL, {0, 100} <unfinished ...>
17033 write(6, "8000\r\ndH\213\f%\370\377\377\377H;a\20v\177H\203\354 H\213\\$(H\211"..., 4096 <unfinished ...>
17032 select(0, NULL, NULL, NULL, {0, 20} <unfinished ...>
17033 <... write resumed> )             = 4096
17033 write(6, "\0\0001\333H\211\234$\210\0\0\0H\211\234$\220\0\0\0H\203\370\0\17\216\265\0\0\0H\203"..., 28678) = 28678
17033 write(6, "\r\n", 2 <unfinished ...>
17032 <... select resumed> )            = 0 (Timeout)
17033 <... write resumed> )             = 2
17033 read(7,  <unfinished ...>
17032 clock_gettime(CLOCK_MONOTONIC,  <unfinished ...>
17033 <... read resumed> "H\1\353H\213\23L\213C\10H\211\224$\270\0\0\0H\211\224$(\1\0\0L\211\204$\300\0"..., 32768) = 32768
17033 write(6, "8000\r\n\1\0\0H\213\214$`\1\0\0H\213D$(\17\266\\$ \200\373\0tr"..., 4096 <unfinished ...>
17032 <... clock_gettime resumed> {4903, 722058959}) = 0
17033 <... write resumed> )             = 4096
17033 write(6, "\1\0\0H)\310H\203\370\0~[H\215\35\363\256 \0H\211\34$H\211\264$`\1\0\0H"..., 28678 <unfinished ...>
17032 clock_gettime(CLOCK_REALTIME,  <unfinished ...>
17035 <... select resumed> )            = 0 (Timeout)
17033 <... write resumed> )             = 28678
17032 <... clock_gettime resumed> {1465918769, 506122697}) = 0
17035 read(7,  <unfinished ...>
17033 write(6, "\r\n", 2 <unfinished ...>
17035 <... read resumed> "\375?I)\350L\211\303Hk\333<H\211\315H)\335H\211t$@L\211D$HH\211l$"..., 32768) = 32768
17033 <... write resumed> )             = 2
17032 select(0, NULL, NULL, NULL, {0, 20} <unfinished ...>
17035 futex(0xc8200f6590, FUTEX_WAIT, 0, NULL <unfinished ...>
17033 futex(0xc8200f6590, FUTEX_WAKE, 1 <unfinished ...>
17035 <... futex resumed> )             = -1 EAGAIN (Resource temporarily unavailable)
17033 <... futex resumed> )             = 0
17035 select(0, NULL, NULL, NULL, {0, 100} <unfinished ...>
17033 write(6, "8000\r\n\374p\361\377H\213D$\10H\211\204$\220\0\0\0H\213\254$\340\1\0\0H"..., 4096) = 4096
17033 write(6, "\211\34$\350\376`\361\377H\213D$\10H\211D$@H\213l$hH\211h\10H\213l$`"..., 28678) = 28678
17033 write(6, "\r\n", 2)               = 2
17032 <... select resumed> )            = 0 (Timeout)
17033 read(7, "\0\17\204\346\2\0\0H\213\20H\213h\10H\211L$HH\211\224$\310\0\0\0H\211\254$\320"..., 32768) = 32768
17032 clock_gettime(CLOCK_MONOTONIC,  <unfinished ...>
17033 write(6, "8000\r\n\211\\$(H\307D$0\2\0\0\0H\211\214$\0\2\0\0H\211L$8"..., 4096) = 4096
17032 <... clock_gettime resumed> {4903, 722329682}) = 0
17033 write(6, "\215\35\240I)\0H\211\34$\350\367\340\360\377H\213L$\10H\211\214$\270\0\0\0H\213\254$"..., 28678) = 28678
17032 clock_gettime(CLOCK_REALTIME,  <unfinished ...>
17033 write(6, "\r\n", 2)               = 2
17035 <... select resumed> )            = 0 (Timeout)
17032 <... clock_gettime resumed> {1465918769, 506368172}) = 0
17035 futex(0xc8200f6590, FUTEX_WAIT, 0, NULL <unfinished ...>
17033 read(7, "\0H\211\\$\20\350\365\251\5\0H\213\\$\30H\211\234$\200\2\0\0H\213\\$ H\211\234"..., 32768) = 32768
17032 select(0, NULL, NULL, NULL, {0, 20} <unfinished ...>
17033 futex(0xc8200f6590, FUTEX_WAKE, 1 <unfinished ...>
17035 <... futex resumed> )             = 0
17033 <... futex resumed> )             = 1
17035 select(0, NULL, NULL, NULL, {0, 100} <unfinished ...>
17033 write(6, "8000\r\n\2\0\0H\211\\$\10H\213\234$ \2\0\0H\211\\$\20\350\226\303\5\0"..., 4096) = 4096
17033 write(6, "$\20\350\177\327\377\377H\213\254$\260\3\0\0H\213\224$\270\3\0\0H\213\214$\300\3\0\0001"..., 28678) = 28678
17033 write(6, "\r\n", 2)               = 2
17032 <... select resumed> )            = 0 (Timeout)
17033 read(7, "H\213\234$\20\1\0\0H\211\34$H\211\214$\230\0\0\0H\211L$\10H\211\204$\240\0\0"..., 32768) = 32768
17032 clock_gettime(CLOCK_MONOTONIC,  <unfinished ...>
17033 write(6, "8000\r\n\213\231\200\0\0\0\377\323\17\266\\$\30\200\373\0t\21H\215\35\37V<\0H"..., 4096) = 4096
17032 <... clock_gettime resumed> {4903, 722572097}) = 0
17033 write(6, "\0H\211\\$\20\350\373\260\357\377H\213D$\30\351d\377\377\377L\215@\30L\211\4$H\211l"..., 28678) = 28678
17032 clock_gettime(CLOCK_REALTIME,  <unfinished ...>
17033 write(6, "\r\n", 2)               = 2
17032 <... clock_gettime resumed> {1465918769, 506609627}) = 0
17035 <... select resumed> )            = 0 (Timeout)
17035 futex(0xc8200f6590, FUTEX_WAIT, 0, NULL <unfinished ...>
17033 read(7,  <unfinished ...>
17032 select(0, NULL, NULL, NULL, {0, 20} <unfinished ...>
17033 <... read resumed> "\203\354(\17\266L$8H\213D$0\200\371eu;H\203\370\0t1H\215-i\271;\0\200"..., 32768) = 32768
17033 futex(0xc8200f6590, FUTEX_WAKE, 1 <unfinished ...>
17035 <... futex resumed> )             = 0
17033 <... futex resumed> )             = 1
17035 select(0, NULL, NULL, NULL, {0, 100} <unfinished ...>
17033 ioctl(0, TIOCGWINSZ, {ws_row=35, ws_col=112, ws_xpixel=0, ws_ypixel=0}) = 0
17033 ioctl(0, TIOCGWINSZ, {ws_row=35, ws_col=112, ws_xpixel=0, ws_ypixel=0}) = 0
17033 write(1, "Sending build context to Docker "..., 48 <unfinished ...>
17032 <... select resumed> )            = 0 (Timeout)
17033 <... write resumed> )             = 48
17033 write(6, "8000\r\n\4M\215\f\31H\211\204$\200\0\0\0H\211\224$\210\0\0\0H\211\214$\220"..., 4096 <unfinished ...>
17032 clock_gettime(CLOCK_MONOTONIC,  <unfinished ...>
17033 <... write resumed> )             = 4096
17033 write(6, "\211\4$\210L$\0101\333H\211\\$\20H\211\\$\30\350\356\20\0\0H\213\\$ H\211\\"..., 28678 <unfinished ...>
17032 <... clock_gettime resumed> {4903, 722850328}) = 0
17035 <... select resumed> )            = 0 (Timeout)
17033 <... write resumed> )             = 28678
17035 select(0, NULL, NULL, NULL, {0, 100} <unfinished ...>
17033 write(6, "\r\n", 2 <unfinished ...>
17032 clock_gettime(CLOCK_REALTIME,  <unfinished ...>
17033 <... write resumed> )             = 2
17033 read(7,  <unfinished ...>
17032 <... clock_gettime resumed> {1465918769, 506907755}) = 0
17033 <... read resumed> "\211\34$H\213\234$\200\0\0\0H\211\\$\10\350k\256\356\377H\213L$\20H\213D$\30H"..., 32768) = 32768
17033 write(6, "8000\r\nt\34H\203\4$(\3504\370\377\377H\213L$\20H\213D$ H\377\300\351"..., 4096 <unfinished ...>
17032 select(0, NULL, NULL, NULL, {0, 20} <unfinished ...>
17033 <... write resumed> )             = 4096
17033 write(6, "\322Y\356\377H\213\\$\30H\211\\$8H\203\304 \303\211\4%\0\0\0\0\353\313\211\4%\0"..., 28678) = 28678
17033 write(6, "\r\n", 2 <unfinished ...>
17032 <... select resumed> )            = 0 (Timeout)
17033 <... write resumed> )             = 2
17033 read(7,  <unfinished ...>
17032 clock_gettime(CLOCK_MONOTONIC,  <unfinished ...>
17035 <... select resumed> )            = 0 (Timeout)
17033 <... read resumed> "\0\0\0\0\353\313\211\4%\0\0\0\0\353\231\211\4%\0\0\0\0\351`\377\377\377\350\240\354\362\377"..., 32768) = 32768
17032 <... clock_gettime resumed> {4903, 723058131}) = 0
17035 futex(0xc8200f6590, FUTEX_WAIT, 0, NULL <unfinished ...>
17033 futex(0xc8200f6590, FUTEX_WAKE, 1 <unfinished ...>
17035 <... futex resumed> )             = -1 EAGAIN (Resource temporarily unavailable)
17033 <... futex resumed> )             = 0
17032 clock_gettime(CLOCK_REALTIME,  <unfinished ...>
17035 select(0, NULL, NULL, NULL, {0, 100} <unfinished ...>
17033 write(6, "8000\r\n\200=9\364q\0\0\17\205\334\0\0\0H\211C\10H\213\234$\20\1\0\0H"..., 4096 <unfinished ...>
17032 <... clock_gettime resumed> {1465918769, 507112723}) = 0
17033 <... write resumed> )             = 4096
17033 write(6, "H\213\234$\270\0\0\0H\211\\$(H\213\234$\300\0\0\0H\211\\$0\350\227p\363\377\351"..., 28678 <unfinished ...>
17032 select(0, NULL, NULL, NULL, {0, 20} <unfinished ...>
17033 <... write resumed> )             = 28678
17033 write(6, "\r\n", 2)               = 2
17033 read(7, "\25\363\227o\0H\203\370\0t_1\333H\211\\$XH\211\\$`H\211D$8H\211D$"..., 32768) = 32768
17033 write(6, "8000\r\n$0H\211,$H\211L$(H\213Y8\377\323H\213\\$\10H\211\\$"..., 4096) = 4096
17033 write(6, "\377\353\347\350Nw\357\377\17\v\350Gw\357\377\17\v\350@w\357\377\17\v\3509w\357\377\17\v\211"..., 28678) = -1 EAGAIN (Resource temporarily unavailable)
17033 read(7,  <unfinished ...>
17032 <... select resumed> )            = 0 (Timeout)
17035 <... select resumed> )            = 0 (Timeout)
17033 <... read resumed> "\0H\211\\$0\350E\237\360\377H\213L$8H\213D$@H\211L$xH\211\f$H\211"..., 32768) = 32768
17032 clock_gettime(CLOCK_MONOTONIC,  <unfinished ...>
17035 futex(0xc8200f6590, FUTEX_WAIT, 0, NULL <unfinished ...>
17033 futex(0xc82002ea10, FUTEX_WAIT, 0, NULL <unfinished ...>
17032 <... clock_gettime resumed> {4903, 723315521}) = 0
17032 clock_gettime(CLOCK_REALTIME, {1465918769, 507335634}) = 0
17032 select(0, NULL, NULL, NULL, {0, 20}) = 0 (Timeout)
17032 clock_gettime(CLOCK_MONOTONIC, {4903, 723522133}) = 0
17032 futex(0x21ee760, FUTEX_WAIT, 0, {60, 0} <unfinished ...>
17036 <... epoll_wait resumed> {{EPOLLOUT, {u32=2134024192, u64=140606478393344}}}, 128, -1) = 1
17036 clock_gettime(CLOCK_MONOTONIC, {4903, 724316598}) = 0
17036 futex(0xc82002ea10, FUTEX_WAKE, 1) = 1
17033 <... futex resumed> )             = 0
17036 futex(0x21ee760, FUTEX_WAKE, 1 <unfinished ...>
17033 epoll_wait(5,  <unfinished ...>
17036 <... futex resumed> )             = 1
17033 <... epoll_wait resumed> {}, 128, 0) = 0
17032 <... futex resumed> )             = 0
17036 write(6, "\377\353\347\350Nw\357\377\17\v\350Gw\357\377\17\v\350@w\357\377\17\v\3509w\357\377\17\v\211"..., 28678 <unfinished ...>
17033 epoll_wait(5,  <unfinished ...>
17036 <... write resumed> )             = 28678
17032 clock_gettime(CLOCK_MONOTONIC,  <unfinished ...>
17036 write(6, "\r\n", 2)               = 2
17032 <... clock_gettime resumed> {4903, 724426796}) = 0
17036 futex(0xc8200f6590, FUTEX_WAKE, 1) = 1
17035 <... futex resumed> )             = 0
17032 clock_gettime(CLOCK_REALTIME,  <unfinished ...>
17036 write(6, "8000\r\n\0\0uzH\211k\10H\213\\$XH\211\\$pH\213\5\367\371p\0001"..., 4096 <unfinished ...>
17035 select(0, NULL, NULL, NULL, {0, 100} <unfinished ...>
17032 <... clock_gettime resumed> {1465918769, 508472456}) = 0
17036 <... write resumed> )             = 4096
17036 write(6, "\356\377\17\v\350\275\367\356\377\17\vH\211\34$H\211l$\10\350\335i\355\377H\213\204$ \1\0"..., 28678 <unfinished ...>
17032 select(0, NULL, NULL, NULL, {0, 20} <unfinished ...>
17036 <... write resumed> )             = 28678
17036 write(6, "\r\n", 2)               = 2
17036 read(7, "\20H\211D$0H\211D$\30\350P\216\361\377\17\266\\$ \200\373\0t+H\213l$PH"..., 32768) = 32768
17036 write(6, "8000\r\n$\20H\215\35W\2519\0H\211\305H\211D$@Hk\355\30H\1\353H\211"..., 4096) = 4096
17036 write(6, "H\213\\$(H\211\34$H\203<$\0\17\204\242\0\0\0H\201\4$\200\0\0\0H\211D$"..., 28678) = 28678
17032 <... select resumed> )            = 0 (Timeout)
17036 write(6, "\r\n", 2)               = 2
17032 clock_gettime(CLOCK_MONOTONIC,  <unfinished ...>
17036 read(7,  <unfinished ...>
17035 <... select resumed> )            = 0 (Timeout)
17032 <... clock_gettime resumed> {4903, 724663724}) = 0
17036 <... read resumed> "H\213\234$\250\t\0\0H\203\373\0\17\204\256\3\0\0H\213\223`\1\0\0H\213\203h\1\0\0"..., 32768) = 32768
17035 futex(0xc8200f6590, FUTEX_WAIT, 0, NULL <unfinished ...>
17036 futex(0xc8200f6590, FUTEX_WAKE, 1 <unfinished ...>
17035 <... futex resumed> )             = -1 EAGAIN (Resource temporarily unavailable)
17032 clock_gettime(CLOCK_REALTIME,  <unfinished ...>
17036 <... futex resumed> )             = 0
17035 select(0, NULL, NULL, NULL, {0, 100} <unfinished ...>
17036 write(6, "8000\r\n\0\0\7\0\0\0001\333\210\234$\200\0\0\0H\211\234$\210\0\0\0001\333\210"..., 4096 <unfinished ...>
17032 <... clock_gettime resumed> {1465918769, 508712219}) = 0
17036 <... write resumed> )             = 4096
17036 write(6, "\377H\213D$\10H\203\370\0\17\204;\4\0\0001\3221\311H\211\204$H\1\0\0H\211\204$"..., 28678 <unfinished ...>
17032 select(0, NULL, NULL, NULL, {0, 20} <unfinished ...>
17036 <... write resumed> )             = 28678
17036 write(6, "\r\n", 2)               = 2
17036 read(7, "D$\20\0\0\0\0H\307D$\30\0\0\0\0\350\273T\353\377H\213\\$ H\211\234$\210\0"..., 32768) = 32768
17036 write(6, "8000\r\n\333H\211\234$\370\0\0\0H\211\234$\0\1\0\0H\213\35\300\252m\0H\211"..., 4096) = 4096
17032 <... select resumed> )            = 0 (Timeout)
17036 write(6, "\0\1H\213\35e\233m\0H\211\34$H\215\35r\17.\0H\211\\$\10H\307D$\20\n\0"..., 28678) = 28678
17035 <... select resumed> )            = 0 (Timeout)
17032 clock_gettime(CLOCK_MONOTONIC,  <unfinished ...>
17036 write(6, "\r\n", 2 <unfinished ...>
17035 select(0, NULL, NULL, NULL, {0, 100} <unfinished ...>
17032 <... clock_gettime resumed> {4903, 724916982}) = 0
17036 <... write resumed> )             = 2
17036 read(7,  <unfinished ...>
17032 clock_gettime(CLOCK_REALTIME,  <unfinished ...>
17036 <... read resumed> "\17\266\333H\203\373\25tTH\215\35\260b2\0H\211\\$@H\307D$H\34\0\0\0H\215"..., 32768) = 32768
17036 write(6, "8000\r\n\303H\215\35\370fl\0@\17\266\355H\215\34+\17\266+@\200\375\361u\5H"..., 4096 <unfinished ...>
17032 <... clock_gettime resumed> {1465918769, 508953214}) = 0
17036 <... write resumed> )             = 4096
17036 write(6, "\377H\215\274$\340\0\0\0\17W\300H\203\307\320\350v#\360\377\17\266Y\27H\203\343\37\17\266\333"..., 28678 <unfinished ...>
17032 select(0, NULL, NULL, NULL, {0, 20} <unfinished ...>
17036 <... write resumed> )             = 28678
17036 write(6, "\r\n", 2)               = 2
17036 read(7, "\0\0H\211L$`H\211L$\30H\211D$hH\211D$ H\215\35#Q3\0H\211\\"..., 32768) = 32768
17036 write(6, "8000\r\n\10H\215\234$\30\1\0\0H\211\\$\20\350\rv\352\377H\213\\$\30H\203"..., 4096 <unfinished ...>
17035 <... select resumed> )            = 0 (Timeout)
17036 <... write resumed> )             = 4096
17035 read(7,  <unfinished ...>
17036 write(6, "\17\204H\375\377\377H\203\373\24\17\205\r\4\0\0H\213\254$\310\0\0\0\213]\0H\213\254$\320"..., 28678 <unfinished ...>
17035 <... read resumed> "\213\\$\10H\211\\$0H\307D$(\26\0\0\0H\213\\$XH\211\34$H\213\\$P"..., 32768) = 32768
17032 <... select resumed> )            = 0 (Timeout)
17036 <... write resumed> )             = 28678
17035 futex(0xc8200f6590, FUTEX_WAIT, 0, NULL <unfinished ...>
17036 write(6, "\r\n", 2 <unfinished ...>
17032 clock_gettime(CLOCK_MONOTONIC,  <unfinished ...>
17036 <... write resumed> )             = 2
17036 futex(0xc8200f6590, FUTEX_WAKE, 1 <unfinished ...>
17032 <... clock_gettime resumed> {4903, 725189445}) = 0
17036 <... futex resumed> )             = 1
17035 <... futex resumed> )             = 0
17032 clock_gettime(CLOCK_REALTIME,  <unfinished ...>
17036 write(6, "8000\r\nH\307D$\20\0\0\0\0\350bA\352\377H\215\\$\30H\213\vH\211\f$"..., 4096 <unfinished ...>
17035 select(0, NULL, NULL, NULL, {0, 100} <unfinished ...>
17032 <... clock_gettime resumed> {1465918769, 509222653}) = 0
17036 <... write resumed> )             = 4096
17036 write(6, "\211O\20\350\36\337\377\377H\213D$XH\377\300H\213L$HH\377\301H\211L$HH\213l"..., 28678 <unfinished ...>
17032 select(0, NULL, NULL, NULL, {0, 20} <unfinished ...>
17036 <... write resumed> )             = 28678
17036 write(6, "\r\n", 2)               = 2
17036 read(7, "\\$\10H\203|$\10\0t\5\351\300\202\376\377\211\4%\0\0\0\0\353\362\314\314\314\314\314\314\314"..., 32768) = 32768
17036 write(6, "8000\r\n\213\16H\211\f$H\213N\10H\211L$\10H\213N\20H\211L$\20\350\243"..., 4096) = 4096
17036 write(6, "\5\351`w\376\377\211\4%\0\0\0\0\353\362\314\314\314\314\314\314\314H\307D$\20\0\0\0\0H"..., 28678) = -1 EAGAIN (Resource temporarily unavailable)
17032 <... select resumed> )            = 0 (Timeout)
17036 read(7, "\30H\213T$ H\211T$pH\211L$hH\203\371\0t\36H\211\214$\320\0\0\0H\211"..., 32768) = 32768
17032 clock_gettime(CLOCK_MONOTONIC,  <unfinished ...>
17036 futex(0xc8200f6a10, FUTEX_WAIT, 0, NULL <unfinished ...>
17035 <... select resumed> )            = 0 (Timeout)
17035 futex(0xc8200f6590, FUTEX_WAIT, 0, NULL <unfinished ...>
17032 <... clock_gettime resumed> {4903, 725409603}) = 0
17032 clock_gettime(CLOCK_REALTIME, {1465918769, 509434073}) = 0
17032 select(0, NULL, NULL, NULL, {0, 20}) = 0 (Timeout)
17032 clock_gettime(CLOCK_MONOTONIC, {4903, 725607159}) = 0
17032 futex(0x21ee760, FUTEX_WAIT, 0, {60, 0} <unfinished ...>
17033 <... epoll_wait resumed> {{EPOLLOUT, {u32=2134024192, u64=140606478393344}}}, 128, -1) = 1
17033 clock_gettime(CLOCK_MONOTONIC, {4903, 726406679}) = 0
17033 futex(0xc8200f6590, FUTEX_WAKE, 1 <unfinished ...>
17035 <... futex resumed> )             = 0
17033 <... futex resumed> )             = 1
17035 epoll_wait(5,  <unfinished ...>
17033 futex(0x21ee760, FUTEX_WAKE, 1 <unfinished ...>
17035 <... epoll_wait resumed> {}, 128, 0) = 0
17033 <... futex resumed> )             = 1
17035 sched_yield( <unfinished ...>
17033 write(6, "\5\351`w\376\377\211\4%\0\0\0\0\353\362\314\314\314\314\314\314\314H\307D$\20\0\0\0\0H"..., 28678 <unfinished ...>
17032 <... futex resumed> )             = 0
17035 <... sched_yield resumed> )       = 0
17033 <... write resumed> )             = 28678
17035 futex(0x21ee6a0, FUTEX_WAKE, 1 <unfinished ...>
17033 write(6, "\r\n", 2 <unfinished ...>
17032 clock_gettime(CLOCK_MONOTONIC,  <unfinished ...>
17035 <... futex resumed> )             = 0
17033 <... write resumed> )             = 2
17032 <... clock_gettime resumed> {4903, 726559994}) = 0
17035 epoll_wait(5,  <unfinished ...>
17033 futex(0xc8200f6a10, FUTEX_WAKE, 1 <unfinished ...>
17032 clock_gettime(CLOCK_REALTIME,  <unfinished ...>
17036 <... futex resumed> )             = 0
17033 <... futex resumed> )             = 1
17032 <... clock_gettime resumed> {1465918769, 510613715}) = 0
17036 select(0, NULL, NULL, NULL, {0, 100} <unfinished ...>
17035 <... epoll_wait resumed> {{EPOLLOUT, {u32=2134024192, u64=140606478393344}}}, 128, -1) = 1
17033 write(6, "8000\r\nH\213\35\201\245i\0H\211\\$(H\215\35\255'\31\0H\211\34$H\213\35"..., 4096 <unfinished ...>
17032 select(0, NULL, NULL, NULL, {0, 20} <unfinished ...>
17035 epoll_wait(5,  <unfinished ...>
17033 <... write resumed> )             = 4096
17033 write(6, "$\30\350\37\356\350\377H\215\35H\243.\0H\211\\$0H\307D$8\27\0\0\0H\213\35+"..., 28678) = 28678
17033 write(6, "\r\n", 2)               = 2
17033 read(7, "\303\350Jk\352\377\17\v\350Ck\352\377\17\v\350<k\352\377\17\v\3505k\352\377\17\v\350.k"..., 32768) = 32768
17036 <... select resumed> )            = 0 (Timeout)
17033 write(6, "8000\r\n\261\355\377\17\266\\$0\210\234$\210\0\0\0H\203\304P\303\350\247\207\352\377\17"..., 4096 <unfinished ...>
17032 <... select resumed> )            = 0 (Timeout)
17036 read(7,  <unfinished ...>
17033 <... write resumed> )             = 4096
17036 <... read resumed> "H9\313wxH\211\330H\213\234$\230\0\0\0H\211C\10H\211K\20H\213l$H\200=\34"..., 32768) = 32768
17033 write(6, ";a\20\17\206\7\1\0\0H\203\354HH\213D$P1\333H\211\\$XH\211\\$`H\307"..., 28678 <unfinished ...>
17032 clock_gettime(CLOCK_MONOTONIC,  <unfinished ...>
17036 futex(0xc8200f6a10, FUTEX_WAIT, 0, NULL <unfinished ...>
17033 <... write resumed> )             = 28678
17032 <... clock_gettime resumed> {4903, 726927104}) = 0
17033 write(6, "\r\n", 2)               = 2
17032 clock_gettime(CLOCK_REALTIME,  <unfinished ...>
17033 futex(0xc8200f6a10, FUTEX_WAKE, 1 <unfinished ...>
17036 <... futex resumed> )             = 0
17033 <... futex resumed> )             = 1
17032 <... clock_gettime resumed> {1465918769, 510961834}) = 0
17036 select(0, NULL, NULL, NULL, {0, 100} <unfinished ...>
17033 write(6, "8000\r\n\0\0H\211\\$\10H\211D$\20\350\2779\355\377H\213L$PH\213\\$"..., 4096) = 4096
17032 select(0, NULL, NULL, NULL, {0, 20} <unfinished ...>
17033 write(6, "\211\234$\260\0\0\0H\211\234$\270\0\0\0H\213\252\220\0\0\0H\213\204$\250\0\0\0H\1"..., 28678) = 28678
17033 write(6, "\r\n", 2)               = 2
17033 read(7, "\377\377\211\3\351\0\377\377\3771\3111\300\351\17\376\377\377\3509k\351\377\17\v\211\3\351\22\370\377\377"..., 32768) = 32768
17033 write(6, "8000\r\n\213T$8H\211\330H\377\303H\211\\$xH\211\224$\200\0\0\0H\211L"..., 4096) = 4096
17033 write(6, "H\211L$\10H\211\204$\260\0\0\0H\211D$\20\350Oq\0\0H\213\\$\30H\211\234$"..., 28678 <unfinished ...>
17032 <... select resumed> )            = 0 (Timeout)
17033 <... write resumed> )             = 28678
17033 write(6, "\r\n", 2 <unfinished ...>
17032 clock_gettime(CLOCK_MONOTONIC,  <unfinished ...>
17033 <... write resumed> )             = 2
17036 <... select resumed> )            = 0 (Timeout)
17033 read(7,  <unfinished ...>
17032 <... clock_gettime resumed> {4903, 727165180}) = 0
17036 futex(0xc8200f6a10, FUTEX_WAIT, 0, NULL <unfinished ...>
17033 <... read resumed> "\354]\347\377H\213\204$\320\1\0\0\353\241\211\0\353\206L\215\200\210\0\0\0L\211\4$H\211l"..., 32768) = 32768
17033 futex(0xc8200f6a10, FUTEX_WAKE, 1 <unfinished ...>
17032 clock_gettime(CLOCK_REALTIME,  <unfinished ...>
17036 <... futex resumed> )             = 0
17033 <... futex resumed> )             = 1
17036 select(0, NULL, NULL, NULL, {0, 100} <unfinished ...>
17033 write(6, "8000\r\n$H\200=7\364j\0\0u\10H\211\23\351W\377\377\377H\211\34$H\211T"..., 4096 <unfinished ...>
17032 <... clock_gettime resumed> {1465918769, 511224697}) = 0
17033 <... write resumed> )             = 4096
17033 write(6, "\10H\215\35\266H(\0H\211\\$\20H\307D$\30\1\0\0\0\350;\232\356\377H\213T$ "..., 28678 <unfinished ...>
17032 select(0, NULL, NULL, NULL, {0, 20} <unfinished ...>
17033 <... write resumed> )             = 28678
17033 write(6, "\r\n", 2)               = 2
17033 read(7, "\234\20g\0L\213\5\235\20g\0L\211\204$\200\1\0\0H\213=\226\20g\0H\211\274$\210\1"..., 32768) = 32768
17033 ioctl(0, TIOCGWINSZ, {ws_row=35, ws_col=112, ws_xpixel=0, ws_ypixel=0}) = 0
17033 ioctl(0, TIOCGWINSZ, {ws_row=35, ws_col=112, ws_xpixel=0, ws_ypixel=0}) = 0
17032 <... select resumed> )            = 0 (Timeout)
17033 write(1, "Sending build context to Docker "..., 48 <unfinished ...>
17036 <... select resumed> )            = 0 (Timeout)
17033 <... write resumed> )             = 48
17032 clock_gettime(CLOCK_MONOTONIC,  <unfinished ...>
17036 select(0, NULL, NULL, NULL, {0, 100} <unfinished ...>
17033 write(6, "8000\r\n\4\0\0H\211\34$H\213\234$\230\4\0\0H\211\\$\10H\213\234$\240\4"..., 4096) = 4096
17032 <... clock_gettime resumed> {4903, 727483827}) = 0
17033 write(6, "$H\4\0\0H\213\\$ H\211\234$P\4\0\0H\213\\$(H\211\234$X\4\0\0H"..., 28678) = 28678
17032 clock_gettime(CLOCK_REALTIME,  <unfinished ...>
17033 write(6, "\r\n", 2)               = 2
17032 <... clock_gettime resumed> {1465918769, 511532252}) = 0
17033 read(7, "@\20H9\301uVH\211t$HH\2114$H\211L$PH\211L$\10H\211T$8H"..., 32768) = 32768
17032 select(0, NULL, NULL, NULL, {0, 20} <unfinished ...>
17033 write(6, "8000\r\nH\213D$\0101\355H9\350t\25H\213\0301\355H9\353t\vH\213(\213"..., 4096) = 4096
17033 write(6, "t\nH\213h\10H\211l$\20\303H\307D$\20\0\0\0\0\303H\213D$\0101\355H9\350"..., 28678) = 28678
17033 write(6, "\r\n", 2 <unfinished ...>
17036 <... select resumed> )            = 0 (Timeout)
17033 <... write resumed> )             = 2
17036 read(7,  <unfinished ...>
17033 futex(0xc82002ea10, FUTEX_WAIT, 0, NULL <unfinished ...>
17036 <... read resumed> "H\211D$0H\211\4$\350\222\3\0\0H\213L$0\17\266\\$\10\200\373\7\17\205)\2\0"..., 32768) = 32768
17032 <... select resumed> )            = 0 (Timeout)
17036 futex(0xc82002ea10, FUTEX_WAKE, 1) = 1
17033 <... futex resumed> )             = 0
17032 clock_gettime(CLOCK_MONOTONIC,  <unfinished ...>
17036 write(6, "8000\r\n\213k\30H\211\254$(\1\0\0H\211\204$\360\0\0\0H\211\214$ \1\0"..., 4096 <unfinished ...>
17033 select(0, NULL, NULL, NULL, {0, 100} <unfinished ...>
17032 <... clock_gettime resumed> {4903, 727730558}) = 0
17036 <... write resumed> )             = 4096
17036 write(6, "\10H\211+\17\266\252\240\0\0\0@\210\254$\20\1\0\0H\201\304\350\0\0\0\303\3506w\347\377"..., 28678 <unfinished ...>
17032 clock_gettime(CLOCK_REALTIME,  <unfinished ...>
17036 <... write resumed> )             = 28678
17036 write(6, "\r\n", 2 <unfinished ...>
17032 <... clock_gettime resumed> {1465918769, 511775737}) = 0
17036 <... write resumed> )             = 2
17036 read(7,  <unfinished ...>
17032 select(0, NULL, NULL, NULL, {0, 20} <unfinished ...>
17036 <... read resumed> "\323H\211\224$0\1\0\0\213\356H\211\204$8\1\0\0H9\305\17\203^)\0\0H\301\345\6"..., 32768) = 32768
17036 write(6, "8000\r\n\17\266\\$\10\200\373\0\17\205u\1\0\0\213\\$$\203\373_\17\204h\1\0"..., 4096) = 4096
17036 write(6, "\213\234$\200\0\0\0H\211\\$ H\213\234$\210\0\0\0H\211\\$(H\213\234$\220\0\0"..., 28678) = 28678
17036 write(6, "\r\n", 2)               = 2
17036 read(7,  <unfinished ...>
17033 <... select resumed> )            = 0 (Timeout)
17032 <... select resumed> )            = 0 (Timeout)
17036 <... read resumed> "HH\213l$PH\211\253P\1\0\0H\213l$H\200='Xh\0\0u$H\211\253H\1"..., 32768) = 32768
17033 futex(0xc82002ea10, FUTEX_WAIT, 0, NULL <unfinished ...>
17032 clock_gettime(CLOCK_MONOTONIC,  <unfinished ...>
17036 futex(0xc82002ea10, FUTEX_WAKE, 1 <unfinished ...>
17033 <... futex resumed> )             = -1 EAGAIN (Resource temporarily unavailable)
17032 <... clock_gettime resumed> {4903, 727956157}) = 0
17036 <... futex resumed> )             = 0
17033 select(0, NULL, NULL, NULL, {0, 100} <unfinished ...>
17032 clock_gettime(CLOCK_REALTIME,  <unfinished ...>
17036 write(6, "8000\r\ndH\213\f%\370\377\377\377H;a\20\17\206'\4\0\0H\203\354HH\213\\"..., 4096) = 4096
17032 <... clock_gettime resumed> {1465918769, 511998334}) = 0
17036 write(6, "$\10\0\0\0H\215\5\212Q1\0H\211D$\10\350 z\346\377\203\370\0\17\205\270\0\0\0H"..., 28678) = -1 EAGAIN (Resource temporarily unavailable)
17032 select(0, NULL, NULL, NULL, {0, 20} <unfinished ...>
17036 read(7, "H\203\370\0t\34H\203\370\0u'1\311\200\371\0u\17H\211D$PH\211T$XH\203\304"..., 32768) = 32768
17036 futex(0xc8200f6a10, FUTEX_WAIT, 0, NULL <unfinished ...>
17033 <... select resumed> )            = 0 (Timeout)
17032 <... select resumed> )            = 0 (Timeout)
17033 futex(0xc82002ea10, FUTEX_WAIT, 0, NULL <unfinished ...>
17032 clock_gettime(CLOCK_MONOTONIC, {4903, 728183706}) = 0
17032 futex(0x21ee760, FUTEX_WAIT, 0, {60, 0} <unfinished ...>
17035 <... epoll_wait resumed> {{EPOLLOUT, {u32=2134024192, u64=140606478393344}}}, 128, -1) = 1
17035 clock_gettime(CLOCK_MONOTONIC, {4903, 729075618}) = 0
17035 futex(0xc82002ea10, FUTEX_WAKE, 1) = 1
17033 <... futex resumed> )             = 0
17035 futex(0x21ee760, FUTEX_WAKE, 1 <unfinished ...>
17033 epoll_wait(5,  <unfinished ...>
17035 <... futex resumed> )             = 1
17033 <... epoll_wait resumed> {}, 128, 0) = 0
17032 <... futex resumed> )             = 0
17035 write(6, "$\10\0\0\0H\215\5\212Q1\0H\211D$\10\350 z\346\377\203\370\0\17\205\270\0\0\0H"..., 28678 <unfinished ...>
17033 epoll_wait(5,  <unfinished ...>
17035 <... write resumed> )             = 28678
17032 clock_gettime(CLOCK_MONOTONIC,  <unfinished ...>
17035 write(6, "\r\n", 2)               = 2
17032 <... clock_gettime resumed> {4903, 729177657}) = 0
17035 futex(0xc8200f6a10, FUTEX_WAKE, 1 <unfinished ...>
17036 <... futex resumed> )             = 0
17035 <... futex resumed> )             = 1
17032 clock_gettime(CLOCK_REALTIME,  <unfinished ...>
17036 select(0, NULL, NULL, NULL, {0, 100} <unfinished ...>
17035 write(6, "8000\r\n\0H\211\234$\210\0\0\0H\213\\$xH\211\34$H\215\0357\202%\0H"..., 4096 <unfinished ...>
17032 <... clock_gettime resumed> {1465918769, 513225037}) = 0
17035 <... write resumed> )             = 4096
17035 write(6, "\201\304\0\1\0\0\303I\213hHH\203\375\0\17\204\314\4\0\0H\213}8H\211\274$\320\0\0"..., 28678 <unfinished ...>
17032 select(0, NULL, NULL, NULL, {0, 20} <unfinished ...>
17035 <... write resumed> )             = 28678
17035 write(6, "\r\n", 2)               = 2
17035 read(7, "l\350\377\353\313\314\314\314\314\314\314\314\314\314\314\314dH\213\f%\370\377\377\377H;a\20vqH"..., 32768) = 32768
17035 write(6, "8000\r\n\213\\$(H\211\34$H\203<$\0t^H\203\4$\20H\211D$0H"..., 4096) = 4096
17035 write(6, "$\20H\215\35}\2430\0H\211\305H\211D$8Hk\355\30H\1\353H\211\\$\30H\203D"..., 28678) = 28678
17032 <... select resumed> )            = 0 (Timeout)
17035 write(6, "\r\n", 2 <unfinished ...>
17036 <... select resumed> )            = 0 (Timeout)
17035 <... write resumed> )             = 2
17032 clock_gettime(CLOCK_MONOTONIC,  <unfinished ...>
17036 read(7,  <unfinished ...>
17035 futex(0xc8200f6590, FUTEX_WAIT, 0, NULL <unfinished ...>
17032 <... clock_gettime resumed> {4903, 729425392}) = 0
17036 <... read resumed> "\200\0\0\0H\213\233\320\0\0\0\377\323H\213\\$\10H\377\313H\211\\$\10H\213\234$\210\0"..., 32768) = 32768
17036 futex(0xc8200f6590, FUTEX_WAKE, 1 <unfinished ...>
17032 clock_gettime(CLOCK_REALTIME,  <unfinished ...>
17036 <... futex resumed> )             = 1
17035 <... futex resumed> )             = 0
17032 <... clock_gettime resumed> {1465918769, 513461067}) = 0
17036 write(6, "8000\r\n$\260\2\0\0\17\21\204$\300\2\0\0\17\21\204$\320\2\0\0\17\21\204$\310"..., 4096 <unfinished ...>
17035 select(0, NULL, NULL, NULL, {0, 100} <unfinished ...>
17032 select(0, NULL, NULL, NULL, {0, 20} <unfinished ...>
17036 <... write resumed> )             = 4096
17036 write(6, "\0H\211\\$\30H\213\234$p\2\0\0H\211\\$ H\213\234$x\2\0\0H\211\\$("..., 28678) = 28678
17036 write(6, "\r\n", 2)               = 2
17036 read(7, "\f$H\211l$8H\211l$\10\350\17\377\377\377\17\266\\$\20\200\373\0u\31H\213\\$0"..., 32768) = 32768
17036 write(6, "8000\r\n\301\342\377H\215\\$\30H\213\vH\211\f$H\213K\10H\211L$\10\350#"..., 4096) = 4096
17032 <... select resumed> )            = 0 (Timeout)
17036 write(6, "H\211\234$\260\0\0\0H\213\234$\220\0\0\0H\211\34$H\213\234$\210\0\0\0H\213\233\220"..., 28678) = 28678
17032 clock_gettime(CLOCK_MONOTONIC,  <unfinished ...>
17036 write(6, "\r\n", 2)               = 2
17032 <... clock_gettime resumed> {4903, 729644157}) = 0
17036 read(7,  <unfinished ...>
17035 <... select resumed> )            = 0 (Timeout)
17032 clock_gettime(CLOCK_REALTIME,  <unfinished ...>
17036 <... read resumed> "\211\234$\260\0\0\0H\211\234$\270\0\0\0H\213\\$XH\211\34$H\213\234$\210\0\0\0"..., 32768) = 32768
17035 futex(0xc8200f6590, FUTEX_WAIT, 0, NULL <unfinished ...>
17032 <... clock_gettime resumed> {1465918769, 513686526}) = 0
17036 futex(0xc8200f6590, FUTEX_WAKE, 1 <unfinished ...>
17035 <... futex resumed> )             = -1 EAGAIN (Resource temporarily unavailable)
17036 <... futex resumed> )             = 0
17035 select(0, NULL, NULL, NULL, {0, 100} <unfinished ...>
17032 select(0, NULL, NULL, NULL, {0, 20} <unfinished ...>
17036 write(6, "8000\r\n,\342\377H\213\\$ H\213\0331\355H9\353tVH\213\5'\373e\0001"..., 4096) = 4096
17036 write(6, "D$0H\211D$\10H\307D$\20\20\0\0\0\350\300\331\341\377H\213D$\30H\213\\$("..., 28678) = 28678
17036 write(6, "\r\n", 2)               = 2
17036 read(7, "H\215\35\301\276\"\0H\211\\$\30H\307D$ \1\0\0\0H\213\\$xH\211\\$(H"..., 32768) = 32768
17036 write(6, "8000\r\nH\213T$XH\213\32\377\323\17\266\\$0H\211\330<\0tfH\213L$"..., 4096 <unfinished ...>
17032 <... select resumed> )            = 0 (Timeout)
17036 <... write resumed> )             = 4096
17036 write(6, "\261\341\377H\215\\$\30H\213\vH\211\f$H\213K\10H\211L$\10\350)\216\343\377\17\v\211"..., 28678 <unfinished ...>
17032 clock_gettime(CLOCK_MONOTONIC,  <unfinished ...>
17036 <... write resumed> )             = 28678
17036 write(6, "\r\n", 2 <unfinished ...>
17035 <... select resumed> )            = 0 (Timeout)
17032 <... clock_gettime resumed> {4903, 729896130}) = 0
17036 <... write resumed> )             = 2
17035 select(0, NULL, NULL, NULL, {0, 100} <unfinished ...>
17036 read(7,  <unfinished ...>
17032 clock_gettime(CLOCK_REALTIME,  <unfinished ...>
17036 <... read resumed> "$XH\213\5?\335d\0001\355H9\350\17\204\337\0\0\0H\213\\$XH\211\234$\210\0\0"..., 32768) = 32768
17036 write(6, "8000\r\n\0H\213\234$\330\0\0\0H\211\234$\310\1\0\0001\333H\211\234$\320\1\0"..., 4096 <unfinished ...>
17032 <... clock_gettime resumed> {1465918769, 513952802}) = 0
17036 <... write resumed> )             = 4096
17036 write(6, "\1\0\0H\213\234$\370\0\0\0H\211\234$\220\1\0\0\220\350\235\v\343\377H\201\304`\1\0\0"..., 28678 <unfinished ...>
17032 select(0, NULL, NULL, NULL, {0, 20} <unfinished ...>
17036 <... write resumed> )             = 28678
17036 write(6, "\r\n", 2)               = 2
17036 read(7, "\203\354\30H\213\\$ H\213+H\211,$\350|\33\356\377H\203\304\30\303\350\242l\345\377\353\320"..., 32768) = 32768
17036 write(6, "8000\r\n@\20L\211D$\10H\211\\$\20H\215\35-\277\20\0H\211\34$\350\24\373"..., 4096) = 4096
17036 write(6, "\211\34$H\215\35\2748\27\0H\211\\$\10H\215\35Hid\0H\211\\$\20\350\346\260\340\377"..., 28678 <unfinished ...>
17035 <... select resumed> )            = 0 (Timeout)
17036 <... write resumed> )             = -1 EAGAIN (Resource temporarily unavailable)
17035 read(7,  <unfinished ...>
17032 <... select resumed> )            = 0 (Timeout)
17036 futex(0xc8200f6a10, FUTEX_WAIT, 0, NULL <unfinished ...>
17035 <... read resumed> "v\27\345\377H\213\254$H\1\0\0H\203\375\0\17\204}\3\0\0H\211D$pH\211D$\10"..., 32768) = 32768
17035 futex(0xc8200f6590, FUTEX_WAIT, 0, NULL <unfinished ...>
17032 clock_gettime(CLOCK_MONOTONIC, {4903, 730171510}) = 0
17032 clock_gettime(CLOCK_REALTIME, {1465918769, 514195344}) = 0
17032 select(0, NULL, NULL, NULL, {0, 20}) = 0 (Timeout)
17032 clock_gettime(CLOCK_MONOTONIC, {4903, 730366785}) = 0
17032 futex(0x21ee760, FUTEX_WAIT, 0, {60, 0} <unfinished ...>
17033 <... epoll_wait resumed> {{EPOLLOUT, {u32=2134024192, u64=140606478393344}}}, 128, -1) = 1
17033 clock_gettime(CLOCK_MONOTONIC, {4903, 731153656}) = 0
17033 futex(0xc8200f6590, FUTEX_WAKE, 1 <unfinished ...>
17035 <... futex resumed> )             = 0
17033 <... futex resumed> )             = 1
17035 epoll_wait(5,  <unfinished ...>
17033 futex(0x21ee760, FUTEX_WAKE, 1 <unfinished ...>
17035 <... epoll_wait resumed> {}, 128, 0) = 0
17033 <... futex resumed> )             = 1
17032 <... futex resumed> )             = 0
17035 sched_yield( <unfinished ...>
17033 write(6, "\211\34$H\215\35\2748\27\0H\211\\$\10H\215\35Hid\0H\211\\$\20\350\346\260\340\377"..., 28678 <unfinished ...>
17035 <... sched_yield resumed> )       = 0
17033 <... write resumed> )             = 28678
17032 clock_gettime(CLOCK_MONOTONIC,  <unfinished ...>
17035 futex(0x21ee6a0, FUTEX_WAKE, 1 <unfinished ...>
17033 write(6, "\r\n", 2 <unfinished ...>
17032 <... clock_gettime resumed> {4903, 731269290}) = 0
17035 <... futex resumed> )             = 0
17033 <... write resumed> )             = 2
17032 clock_gettime(CLOCK_REALTIME,  <unfinished ...>
17035 epoll_wait(5,  <unfinished ...>
17033 futex(0xc8200f6a10, FUTEX_WAKE, 1 <unfinished ...>
17032 <... clock_gettime resumed> {1465918769, 515304548}) = 0
17036 <... futex resumed> )             = 0
17033 <... futex resumed> )             = 1
17036 select(0, NULL, NULL, NULL, {0, 100} <unfinished ...>
17033 write(6, "8000\r\n\0\0\0H\213+H\203\375\0\17\204\33\1\0\0H\215]PH\213l$`H"..., 4096 <unfinished ...>
17032 select(0, NULL, NULL, NULL, {0, 20} <unfinished ...>
17035 <... epoll_wait resumed> {{EPOLLOUT, {u32=2134024192, u64=140606478393344}}}, 128, -1) = 1
17033 <... write resumed> )             = 4096
17035 epoll_wait(5,  <unfinished ...>
17033 write(6, "\213\254$\240\0\0\0H\211k@H\213\254$\250\0\0\0\200=,\344c\0\0uuH\211kH"..., 28678) = 28678
17033 write(6, "\r\n", 2)               = 2
17033 read(7, "$\200\0\0\0H\203\370\0\17\204\361\0\0\0H\307\204$\340\0\0\0\1\0\0\0H\307\204$\350"..., 32768) = 32768
17033 write(6, "8000\r\n\377\377\350\271\210\344\377\351\24\377\377\377\314\314\314\314dH\213\f%\370\377\377\377H"..., 4096 <unfinished ...>
17032 <... select resumed> )            = 0 (Timeout)
17033 <... write resumed> )             = 4096
17033 write(6, "\314\314\314\314\314\314dH\213\f%\370\377\377\377H;a\20\17\206\4\1\0\0H\203\354HH\213\\"..., 28678 <unfinished ...>
17032 clock_gettime(CLOCK_MONOTONIC,  <unfinished ...>
17033 <... write resumed> )             = 28678
17036 <... select resumed> )            = 0 (Timeout)
17033 write(6, "\r\n", 2 <unfinished ...>
17032 <... clock_gettime resumed> {4903, 731519399}) = 0
17036 read(7,  <unfinished ...>
17033 <... write resumed> )             = 2
17032 clock_gettime(CLOCK_REALTIME,  <unfinished ...>
17036 <... read resumed> "\203\370\0\17\204iM\0\0H\213\234$\0\3\0\0001\3221\311H\203\373\0\17\204LM\0\0H"..., 32768) = 32768
17033 futex(0xc82002ea10, FUTEX_WAIT, 0, NULL <unfinished ...>
17032 <... clock_gettime resumed> {1465918769, 515572687}) = 0
17036 futex(0xc82002ea10, FUTEX_WAKE, 1 <unfinished ...>
17033 <... futex resumed> )             = -1 EAGAIN (Resource temporarily unavailable)
17036 <... futex resumed> )             = 0
17033 select(0, NULL, NULL, NULL, {0, 100} <unfinished ...>
17032 select(0, NULL, NULL, NULL, {0, 20} <unfinished ...>
17036 write(6, "8000\r\n\0H\211k\30H\211\323H\211\305Hk\355\20H\1\353H\213\254$\230\0\0\0"..., 4096) = 4096
17036 write(6, "$Xf\211h\2H\215\35\331?\16\0H\211\34$\350\360`\337\377H\213D$\10H\203\370\0\17"..., 28678) = 28678
17036 write(6, "\r\n", 2)               = 2
17036 read(7, "\351<\377\377\377L\215C L\211\4$H\211T$\10\350\331\335\336\377H\213\224$\360\2\0\0H"..., 32768) = 32768
17036 write(6, "8000\r\n\377H\213L$\30H\213D$ H\211\214$\260\7\0\0H\211\204$\270\7\0"..., 4096 <unfinished ...>
17032 <... select resumed> )            = 0 (Timeout)
17036 <... write resumed> )             = 4096
17036 write(6, "\341\377H\213T$(H\213D$0H\213L$8H\213\234$\200\2\0\0H\203\373\0tQH"..., 28678 <unfinished ...>
17032 clock_gettime(CLOCK_MONOTONIC,  <unfinished ...>
17036 <... write resumed> )             = 28678
17036 write(6, "\r\n", 2 <unfinished ...>
17032 <... clock_gettime resumed> {4903, 731765396}) = 0
17036 <... write resumed> )             = 2
17033 <... select resumed> )            = 0 (Timeout)
17032 clock_gettime(CLOCK_REALTIME,  <unfinished ...>
17036 read(7,  <unfinished ...>
17033 futex(0xc82002ea10, FUTEX_WAIT, 0, NULL <unfinished ...>
17032 <... clock_gettime resumed> {1465918769, 515808442}) = 0
17036 <... read resumed> "\0\0\0\350h\310\335\377\17\vH\213t$`H\203\376\0t(H\211\347\350\333\32\343\377H\245\350"..., 32768) = 32768
17036 futex(0xc82002ea10, FUTEX_WAKE, 1 <unfinished ...>
17032 select(0, NULL, NULL, NULL, {0, 20} <unfinished ...>
17036 <... futex resumed> )             = 1
17033 <... futex resumed> )             = 0
17036 ioctl(0, TIOCGWINSZ <unfinished ...>
17033 select(0, NULL, NULL, NULL, {0, 100} <unfinished ...>
17036 <... ioctl resumed> , {ws_row=35, ws_col=112, ws_xpixel=0, ws_ypixel=0}) = 0
17036 ioctl(0, TIOCGWINSZ, {ws_row=35, ws_col=112, ws_xpixel=0, ws_ypixel=0}) = 0
17036 write(1, "Sending build context to Docker "..., 48) = 48
17032 <... select resumed> )            = 0 (Timeout)
17036 write(6, "8000\r\n\0\0H\211\234$\210\2\0\0H\203\370\2\17\205H\v\0\0H\203\372\0\17\204"..., 4096) = 4096
17032 clock_gettime(CLOCK_MONOTONIC,  <unfinished ...>
17036 write(6, "$\30H\213l$ H\213D$(H\211\264$\0\2\0\0H\211\254$\10\2\0\0H\211\204$"..., 28678) = 28678
17033 <... select resumed> )            = 0 (Timeout)
17032 <... clock_gettime resumed> {4903, 732045350}) = 0
17036 write(6, "\r\n", 2 <unfinished ...>
17033 read(7,  <unfinished ...>
17036 <... write resumed> )             = 2
17033 <... read resumed> "H\211\\$ \350\246\346\342\377H\213L$(H\213D$0H\211\214$\200\0\0\0H\211\204$"..., 32768) = 32768
17032 clock_gettime(CLOCK_REALTIME,  <unfinished ...>
17036 futex(0xc8200f6a10, FUTEX_WAIT, 0, NULL <unfinished ...>
17033 futex(0xc8200f6a10, FUTEX_WAKE, 1 <unfinished ...>
17032 <... clock_gettime resumed> {1465918769, 516118377}) = 0
17036 <... futex resumed> )             = -1 EAGAIN (Resource temporarily unavailable)
17033 <... futex resumed> )             = 0
17036 select(0, NULL, NULL, NULL, {0, 100} <unfinished ...>
17033 write(6, "8000\r\ndH\213\f%\370\377\377\377H;a\20vbH\213|$ H\213t$(H"..., 4096 <unfinished ...>
17032 select(0, NULL, NULL, NULL, {0, 20} <unfinished ...>
17033 <... write resumed> )             = 4096
17033 write(6, "H\211#H\213\\$81\355H9\353uEH\215\35\10\20\37\0H\211\34$H\307D$\10\4"..., 28678) = 28678
17033 write(6, "\r\n", 2)               = 2
17033 read(7, "\0H\213]\30H\203\343\20H\203\373\0\17\204\231\0\0\0H\213\224$@\1\0\0H\213\214$H"..., 32768) = 32768
17033 write(6, "8000\r\nH\213L$0H\203\370\0tgH\211T$HH\211\20H\211L$P\200="..., 4096) = 4096
17032 <... select resumed> )            = 0 (Timeout)
17033 write(6, "H\211T$\10H\211L$XH\211L$\20H\211t$`H\211t$\30\350\270u\334\377H\213"..., 28678) = 28678
17032 clock_gettime(CLOCK_MONOTONIC,  <unfinished ...>
17033 write(6, "\r\n", 2)               = 2
17032 <... clock_gettime resumed> {4903, 732307434}) = 0
17036 <... select resumed> )            = 0 (Timeout)
17033 read(7,  <unfinished ...>
17032 clock_gettime(CLOCK_REALTIME,  <unfinished ...>
17036 futex(0xc8200f6a10, FUTEX_WAIT, 0, NULL <unfinished ...>
17033 <... read resumed> "\350[\224\341\377H\213\\$\30H\203\373\377tGH\213\\$(H\203\373\0u5H\215\35\2566"..., 32768) = 32768
17032 <... clock_gettime resumed> {1465918769, 516348164}) = 0
17033 futex(0xc8200f6a10, FUTEX_WAKE, 1 <unfinished ...>
17036 <... futex resumed> )             = 0
17033 <... futex resumed> )             = 1
17032 select(0, NULL, NULL, NULL, {0, 20} <unfinished ...>
17036 select(0, NULL, NULL, NULL, {0, 100} <unfinished ...>
17033 write(6, "8000\r\nH\211\234$\200\1\0\0H\211\234$\210\1\0\0001\333H\211\234$\200\1\0\0"..., 4096) = 4096
17033 write(6, "9w\21H\211\303H\203\3530\210\\$\20\306D$\21\1\303<ar\31<fw\25H\211\303H"..., 28678) = 28678
17033 write(6, "\r\n", 2)               = 2
17033 read(7, "dH\213\f%\370\377\377\377H\215D$\230H;A\20\17\206\357\6\0\0H\201\354\350\0\0\0\17"..., 32768) = 32768
17032 <... select resumed> )            = 0 (Timeout)
17033 write(6, "8000\r\n\\$`H\211\\$hH\211\\$pH\211\\$xH\211\234$\200\0\0\0"..., 4096) = 4096
17032 clock_gettime(CLOCK_MONOTONIC,  <unfinished ...>
17033 write(6, "=@\344_\0\0\17\205\264\1\0\0H\211h\20H\213\234$\0\1\0\0H\211\301H\213C@H"..., 28678) = 28678
17032 <... clock_gettime resumed> {4903, 732534698}) = 0
17033 write(6, "\r\n", 2 <unfinished ...>
17036 <... select resumed> )            = 0 (Timeout)
17033 <... write resumed> )             = 2
17032 clock_gettime(CLOCK_REALTIME,  <unfinished ...>
17036 select(0, NULL, NULL, NULL, {0, 100} <unfinished ...>
17033 read(7,  <unfinished ...>
17032 <... clock_gettime resumed> {1465918769, 516584434}) = 0
17033 <... read resumed> "\30\350\32b\333\377\213L$(H\213\\$8\211\315\377\305\211kp\211L$@\220\350\220\177\335\377"..., 32768) = 32768
17033 write(6, "8000\r\n\303\350\272\210\340\377\351e\376\377\377\314\314\314\314\314dH\213\f%\370\377\377\377H"..., 4096 <unfinished ...>
17032 select(0, NULL, NULL, NULL, {0, 20} <unfinished ...>
17033 <... write resumed> )             = 4096
17033 write(6, "L$8H\203\371\0t\0371\333H\211\234$\240\0\0\0H\211\234$\250\0\0\0H\211\234$\260"..., 28678) = -1 EAGAIN (Resource temporarily unavailable)
17033 read(7, "f\211l$LH\215\35\264'\v\0H\211\34$H\215\\$LH\211\\$\10H\307D$\20\0"..., 32768) = 32768
17033 futex(0xc82002ea10, FUTEX_WAIT, 0, NULL <unfinished ...>
17032 <... select resumed> )            = 0 (Timeout)
17032 clock_gettime(CLOCK_MONOTONIC,  <unfinished ...>
17036 <... select resumed> )            = 0 (Timeout)
17036 futex(0xc8200f6a10, FUTEX_WAIT, 0, NULL <unfinished ...>
17032 <... clock_gettime resumed> {4903, 732764556}) = 0
17032 clock_gettime(CLOCK_REALTIME, {1465918769, 516783528}) = 0
17032 select(0, NULL, NULL, NULL, {0, 20}) = 0 (Timeout)
17032 clock_gettime(CLOCK_MONOTONIC, {4903, 732938403}) = 0
17032 futex(0x21ee760, FUTEX_WAIT, 0, {60, 0} <unfinished ...>
17035 <... epoll_wait resumed> {{EPOLLOUT, {u32=2134024192, u64=140606478393344}}}, 128, -1) = 1
17035 clock_gettime(CLOCK_MONOTONIC, {4903, 733740994}) = 0
17035 futex(0xc8200f6a10, FUTEX_WAKE, 1 <unfinished ...>
17036 <... futex resumed> )             = 0
17035 <... futex resumed> )             = 1
17036 epoll_wait(5,  <unfinished ...>
17035 futex(0x21ee760, FUTEX_WAKE, 1 <unfinished ...>
17036 <... epoll_wait resumed> {}, 128, 0) = 0
17035 <... futex resumed> )             = 1
17036 sched_yield( <unfinished ...>
17035 write(6, "L$8H\203\371\0t\0371\333H\211\234$\240\0\0\0H\211\234$\250\0\0\0H\211\234$\260"..., 28678 <unfinished ...>
17032 <... futex resumed> )             = 0
17036 <... sched_yield resumed> )       = 0
17035 <... write resumed> )             = 28678
17036 futex(0x21ee6a0, FUTEX_WAKE, 1 <unfinished ...>
17035 write(6, "\r\n", 2 <unfinished ...>
17032 clock_gettime(CLOCK_MONOTONIC,  <unfinished ...>
17036 <... futex resumed> )             = 0
17035 <... write resumed> )             = 2
17032 <... clock_gettime resumed> {4903, 733869116}) = 0
17036 epoll_wait(5,  <unfinished ...>
17035 futex(0xc82002ea10, FUTEX_WAKE, 1) = 1
17033 <... futex resumed> )             = 0
17032 clock_gettime(CLOCK_REALTIME,  <unfinished ...>
17035 write(6, "8000\r\n\211T$`H\211T$\30H\211D$hH\211D$ \350(W\357\377H\213"..., 4096 <unfinished ...>
17033 select(0, NULL, NULL, NULL, {0, 100} <unfinished ...>
17035 <... write resumed> )             = 4096
17032 <... clock_gettime resumed> {1465918769, 517917956}) = 0
17035 write(6, "\0\0H\211\f$H\211\204$\30\2\0\0H\211D$\10H\307D$\20\0\0\0\0\213\\$P"..., 28678) = 28678
17032 select(0, NULL, NULL, NULL, {0, 20} <unfinished ...>
17035 write(6, "\r\n", 2)               = 2
17035 read(7,  <unfinished ...>
17036 <... epoll_wait resumed> {{EPOLLOUT, {u32=2134024192, u64=140606478393344}}}, 128, -1) = 1
17035 <... read resumed> "L$\20\350(e\377\377H\213\\$\30H\211\234$\330\1\0\0H\213\\$ H\211\234$\340\1"..., 32768) = 32768
17033 <... select resumed> )            = 0 (Timeout)
17032 <... select resumed> )            = 0 (Timeout)
17036 epoll_wait(5,  <unfinished ...>
17035 write(6, "8000\r\n\34$H\213\\$hH\211\\$\10H\213\\$pH\211\\$\20H\213\\$"..., 4096 <unfinished ...>
17033 read(7,  <unfinished ...>
17035 <... write resumed> )             = 4096
17033 <... read resumed> "t\377\377\377H\213t$hH\203\376\0\17\204!\6\0\0H\215^\10H\213\vH\211\f$H\213"..., 32768) = 32768
17032 clock_gettime(CLOCK_MONOTONIC,  <unfinished ...>
17036 <... epoll_wait resumed> {{EPOLLOUT, {u32=2134024192, u64=140606478393344}}}, 128, -1) = 1
17035 write(6, "\314\314\314\314\314\3141\300\17\266D$\10<\2wJ<\1u\26H\215\35\212\327\34\0H\211\\$"..., 28678 <unfinished ...>
17033 futex(0xc82002ea10, FUTEX_WAIT, 0, NULL <unfinished ...>
17036 epoll_wait(5,  <unfinished ...>
17035 <... write resumed> )             = 28678
17032 <... clock_gettime resumed> {4903, 736837033}) = 0
17036 <... epoll_wait resumed> {{EPOLLOUT, {u32=2134024192, u64=140606478393344}}}, 128, -1) = 1
17035 write(6, "\r\n", 2 <unfinished ...>
17036 epoll_wait(5,  <unfinished ...>
17035 <... write resumed> )             = 2
17032 clock_gettime(CLOCK_REALTIME,  <unfinished ...>
17036 <... epoll_wait resumed> {{EPOLLOUT, {u32=2134024192, u64=140606478393344}}}, 128, -1) = 1
17035 futex(0xc82002ea10, FUTEX_WAKE, 1 <unfinished ...>
17036 epoll_wait(5,  <unfinished ...>
17035 <... futex resumed> )             = 1
17033 <... futex resumed> )             = 0
17032 <... clock_gettime resumed> {1465918769, 520916750}) = 0
17035 write(6, "8000\r\n\200\375au\362H\211\323H\203\371\1\17\206\355\1\0\0H\377\303\17\266\33\200\373"..., 4096 <unfinished ...>
17033 select(0, NULL, NULL, NULL, {0, 100} <unfinished ...>
17035 <... write resumed> )             = 4096
17032 select(0, NULL, NULL, NULL, {0, 20} <unfinished ...>
17036 <... epoll_wait resumed> {{EPOLLOUT, {u32=2134024192, u64=140606478393344}}}, 128, -1) = 1
17035 write(6, "\17W\300H\203\307\360\350w#\337\377H\211\204$\230\0\0\0H\213\254$x\2\0\0H\211h\10"..., 28678 <unfinished ...>
17036 epoll_wait(5,  <unfinished ...>
17035 <... write resumed> )             = 28678
17036 <... epoll_wait resumed> {{EPOLLOUT, {u32=2134024192, u64=140606478393344}}}, 128, -1) = 1
17035 write(6, "\r\n", 2 <unfinished ...>
17036 epoll_wait(5,  <unfinished ...>
17035 <... write resumed> )             = 2
17036 <... epoll_wait resumed> {{EPOLLOUT, {u32=2134024192, u64=140606478393344}}}, 128, -1) = 1
17035 read(7,  <unfinished ...>
17036 epoll_wait(5,  <unfinished ...>
17035 <... read resumed> "\5\351*\362\370\377\211\4%\0\0\0\0\353\362\3141\333H\211\\$(H\211\\$0H\213\\$"..., 32768) = 32768
17032 <... select resumed> )            = 0 (Timeout)
17035 write(6, "8000\r\n\203\354(H\213Y H\205\333t\rH\215|$0H9;u\3H\211#1"..., 4096) = 4096
17032 clock_gettime(CLOCK_MONOTONIC,  <unfinished ...>
17035 write(6, "\0\0\0\351i\377\377\377\350\271x\336\377\3514\377\377\377\314\314\314\314dH\213\f%\370\377\377\377H"..., 28678 <unfinished ...>
17033 <... select resumed> )            = 0 (Timeout)
17032 <... clock_gettime resumed> {4903, 737472865}) = 0
17035 <... write resumed> )             = 28678
17033 read(7,  <unfinished ...>
17032 clock_gettime(CLOCK_REALTIME,  <unfinished ...>
17035 write(6, "\r\n", 2 <unfinished ...>
17033 <... read resumed> "m\0H\301\345\30H\t\353H\211\315H\203\370\4vvH\203\305\4\17\266m\0H\301\345 H\t"..., 32768) = 32768
17032 <... clock_gettime resumed> {1465918769, 521513493}) = 0
17035 <... write resumed> )             = 2
17033 futex(0xc82002ea10, FUTEX_WAIT, 0, NULL <unfinished ...>
17032 select(0, NULL, NULL, NULL, {0, 20} <unfinished ...>
17035 futex(0xc82002ea10, FUTEX_WAKE, 1 <unfinished ...>
17033 <... futex resumed> )             = -1 EAGAIN (Resource temporarily unavailable)
17035 <... futex resumed> )             = 0
17033 select(0, NULL, NULL, NULL, {0, 100} <unfinished ...>
17035 write(6, "8000\r\n\1\0\0H\211\34$H\213\234$\370\1\0\0H\211\\$\10H\213\234$\0\2"..., 4096) = 4096
17035 write(6, "0H\215-\36\304\7\0H9\351\17\205\242\0\0\0H\307\303\1\0\0\0\200\373\0t\24H\307\204"..., 28678 <unfinished ...>
17036 <... epoll_wait resumed> {{EPOLLOUT, {u32=2134024192, u64=140606478393344}}}, 128, -1) = 1
17035 <... write resumed> )             = 28678
17036 epoll_wait(5,  <unfinished ...>
17035 write(6, "\r\n", 2 <unfinished ...>
17032 <... select resumed> )            = 0 (Timeout)
17036 <... epoll_wait resumed> {{EPOLLOUT, {u32=2134024192, u64=140606478393344}}}, 128, -1) = 1
17035 <... write resumed> )             = 2
17036 epoll_wait(5,  <unfinished ...>
17035 read(7,  <unfinished ...>
17032 clock_gettime(CLOCK_MONOTONIC,  <unfinished ...>
17035 <... read resumed> "\204$\10\2\0\0L9\305\17\203\202\3\0\0H\215\34\353\200=&X\\\0\0\17\205Y\3\0\0"..., 32768) = 32768
17035 write(6, "8000\r\n\26\27\0H\211\34$\350\364\360\330\377H\213T$xH\213D$\10\353\232H\211"..., 4096 <unfinished ...>
17032 <... clock_gettime resumed> {4903, 737708577}) = 0
17035 <... write resumed> )             = 4096
17035 write(6, "H\213H\10H\213P\20H\213h\30H\211\254$\320\1\0\0H\211\214$\300\1\0\0H\203\372\0"..., 28678 <unfinished ...>
17032 clock_gettime(CLOCK_REALTIME,  <unfinished ...>
17035 <... write resumed> )             = 28678
17033 <... select resumed> )            = 0 (Timeout)
17032 <... clock_gettime resumed> {1465918769, 521758555}) = 0
17035 write(6, "\r\n", 2 <unfinished ...>
17033 read(7,  <unfinished ...>
17032 select(0, NULL, NULL, NULL, {0, 20} <unfinished ...>
17035 <... write resumed> )             = 2
17033 <... read resumed> "\264$\210\0\0\0H\203\304@\303\350@\353\331\377\17\v\3509\353\331\377\17\v\350\242\354\334\377\351\r"..., 32768) = 32768
17036 <... epoll_wait resumed> {{EPOLLOUT, {u32=2134024192, u64=140606478393344}}}, 128, -1) = 1
17035 futex(0xc8200f6590, FUTEX_WAIT, 0, NULL <unfinished ...>
17033 futex(0xc8200f6590, FUTEX_WAKE, 1 <unfinished ...>
17032 <... select resumed> )            = 0 (Timeout)
17036 epoll_wait(5,  <unfinished ...>
17035 <... futex resumed> )             = -1 EAGAIN (Resource temporarily unavailable)
17033 <... futex resumed> )             = 0
17036 <... epoll_wait resumed> {{EPOLLOUT, {u32=2134024192, u64=140606478393344}}}, 128, -1) = 1
17035 select(0, NULL, NULL, NULL, {0, 100} <unfinished ...>
17033 write(6, "8000\r\n\211\214$\320\0\0\0H\211L$(\350\37\33\0\0H\213T$0H\213L$"..., 4096 <unfinished ...>
17032 clock_gettime(CLOCK_MONOTONIC,  <unfinished ...>
17036 epoll_wait(5,  <unfinished ...>
17033 <... write resumed> )             = 4096
17033 write(6, "$H\211l$\10\350\353i\330\377H\213\204$\230\0\0\0\351j\377\377\377\350\251\367\331\377\17\vH"..., 28678 <unfinished ...>
17032 <... clock_gettime resumed> {4903, 738206834}) = 0
17033 <... write resumed> )             = 28678
17033 write(6, "\r\n", 2 <unfinished ...>
17032 clock_gettime(CLOCK_REALTIME,  <unfinished ...>
17033 <... write resumed> )             = 2
17033 read(7,  <unfinished ...>
17032 <... clock_gettime resumed> {1465918769, 522246392}) = 0
17033 <... read resumed> "dH\213\f%\370\377\377\377H\215D$\260H;A\20\17\206\227\2\0\0H\201\354\320\0\0\0001"..., 32768) = 32768
17033 write(6, "8000\r\n\35\273\260\7\0H\211\34$H\213\35\200\254Y\0H\211\\$\10H\215\\$("..., 4096 <unfinished ...>
17032 select(0, NULL, NULL, NULL, {0, 20} <unfinished ...>
17033 <... write resumed> )             = 4096
17033 write(6, "\0\0H\213\23H\213C\10H9\301\17\205\275\0\0\0H\211t$XH\2114$H\211L$`"..., 28678) = 28678
17033 write(6, "\r\n", 2 <unfinished ...>
17035 <... select resumed> )            = 0 (Timeout)
17033 <... write resumed> )             = 2
17035 select(0, NULL, NULL, NULL, {0, 100} <unfinished ...>
17033 read(7,  <unfinished ...>
17036 <... epoll_wait resumed> {{EPOLLOUT, {u32=2134024192, u64=140606478393344}}}, 128, -1) = 1
17033 <... read resumed> "T\327\377H\213D$\10H\211D$\20H\203\370\0tEH\213l$ \200=!\330Z\0\0u"..., 32768) = 32768
17032 <... select resumed> )            = 0 (Timeout)
17036 epoll_wait(5,  <unfinished ...>
17033 write(6, "8000\r\nH\211\\$0\350\326~\327\377H\213\214$\30\1\0\0H\213\234$@\1\0\0"..., 4096 <unfinished ...>
17036 <... epoll_wait resumed> {{EPOLLOUT, {u32=2134024192, u64=140606478393344}}}, 128, -1) = 1
17033 <... write resumed> )             = 4096
17032 clock_gettime(CLOCK_MONOTONIC,  <unfinished ...>
17036 epoll_wait(5,  <unfinished ...>
17033 write(6, "\20H\213h\10H\211L$XH\211\224$\240\0\0\0H\211\254$\250\0\0\0H\213\\$hH"..., 28678 <unfinished ...>
17032 <... clock_gettime resumed> {4903, 738456916}) = 0
17033 <... write resumed> )             = 28678
17033 write(6, "\r\n", 2 <unfinished ...>
17032 clock_gettime(CLOCK_REALTIME,  <unfinished ...>
17033 <... write resumed> )             = 2
17033 read(7,  <unfinished ...>
17032 <... clock_gettime resumed> {1465918769, 522502117}) = 0
17035 <... select resumed> )            = 0 (Timeout)
17033 <... read resumed> "\211\34$\350x\346\377\377H\213\204$\370\0\0\0001\355H\211hP1\355H\211\250\300\0\0\0H"..., 32768) = 32768
17035 futex(0xc8200f6590, FUTEX_WAIT, 0, NULL <unfinished ...>
17033 futex(0xc8200f6590, FUTEX_WAKE, 1 <unfinished ...>
17032 select(0, NULL, NULL, NULL, {0, 20} <unfinished ...>
17036 <... epoll_wait resumed> {{EPOLLOUT, {u32=2134024192, u64=140606478393344}}}, 128, -1) = 1
17035 <... futex resumed> )             = -1 EAGAIN (Resource temporarily unavailable)
17033 <... futex resumed> )             = 0
17036 epoll_wait(5,  <unfinished ...>
17035 select(0, NULL, NULL, NULL, {0, 100} <unfinished ...>
17033 write(6, "8000\r\nH\213\234$\320\0\0\0H\211\\$XH\213\234$\330\0\0\0H\211\\$`"..., 4096 <unfinished ...>
17036 <... epoll_wait resumed> {{EPOLLOUT, {u32=2134024192, u64=140606478393344}}}, 128, -1) = 1
17033 <... write resumed> )             = 4096
17036 epoll_wait(5,  <unfinished ...>
17033 write(6, "h\2\0\0\200=;dZ\0\0\17\205\177\2\0\0H\211\217\210\0\0\0H\307\207\270\0\0\0\2"..., 28678 <unfinished ...>
17036 <... epoll_wait resumed> {{EPOLLOUT, {u32=2134024192, u64=140606478393344}}}, 128, -1) = 1
17033 <... write resumed> )             = 28678
17032 <... select resumed> )            = 0 (Timeout)
17036 epoll_wait(5,  <unfinished ...>
17033 write(6, "\r\n", 2 <unfinished ...>
17032 clock_gettime(CLOCK_MONOTONIC,  <unfinished ...>
17033 <... write resumed> )             = 2
17033 read(7,  <unfinished ...>
17032 <... clock_gettime resumed> {4903, 738957215}) = 0
17033 <... read resumed> "t$8H\211t$\20H\211L$@H\211L$\30\350I\16\333\377\17\266\\$ \200\373\0t"..., 32768) = 32768
17033 write(6, "8000\r\ndH\213\f%\370\377\377\377H;a\20\17\206\346\0\0\0H\203\354hH\213\\"..., 4096 <unfinished ...>
17032 clock_gettime(CLOCK_REALTIME,  <unfinished ...>
17035 <... select resumed> )            = 0 (Timeout)
17033 <... write resumed> )             = 4096
17032 <... clock_gettime resumed> {1465918769, 523015673}) = 0
17035 select(0, NULL, NULL, NULL, {0, 100} <unfinished ...>
17033 write(6, "\314\314\314\314\314\314dH\213\f%\370\377\377\377H\213Y H\205\333t\rH\215|$\10H9;"..., 28678) = 28678
17032 select(0, NULL, NULL, NULL, {0, 20} <unfinished ...>
17033 write(6, "\r\n", 2)               = 2
17033 read(7, "A\20\17\206A\4\0\0H\201\354\360\0\0\0001\333H\211\234$0\1\0\0H\211\234$8\1\0"..., 32768) = 32768
17033 ioctl(0, TIOCGWINSZ <unfinished ...>
17036 <... epoll_wait resumed> {{EPOLLOUT, {u32=2134024192, u64=140606478393344}}}, 128, -1) = 1
17036 epoll_wait(5,  <unfinished ...>
17033 <... ioctl resumed> , {ws_row=35, ws_col=112, ws_xpixel=0, ws_ypixel=0}) = 0
17033 ioctl(0, TIOCGWINSZ <unfinished ...>
17032 <... select resumed> )            = 0 (Timeout)
17033 <... ioctl resumed> , {ws_row=35, ws_col=112, ws_xpixel=0, ws_ypixel=0}) = 0
17033 write(1, "Sending build context to Docker "..., 48 <unfinished ...>
17032 clock_gettime(CLOCK_MONOTONIC,  <unfinished ...>
17036 <... epoll_wait resumed> {{EPOLLOUT, {u32=2134024192, u64=140606478393344}}}, 128, -1) = 1
17035 <... select resumed> )            = 0 (Timeout)
17033 <... write resumed> )             = 48
17032 <... clock_gettime resumed> {4903, 739470863}) = 0
17036 epoll_wait(5,  <unfinished ...>
17035 read(7,  <unfinished ...>
17033 write(6, "8000\r\n\325\377H\213\\$(H\211\\$xH\213\\$0H\211\234$\200\0\0\0\220"..., 4096 <unfinished ...>
17032 clock_gettime(CLOCK_REALTIME,  <unfinished ...>
17035 <... read resumed> "\0\203\372d\17\217\352\10\0\0\203\372X\17\205\304\6\0\0H\307\204$\200\0\0\0\20\0\0\0001"..., 32768) = 32768
17033 <... write resumed> )             = 4096
17032 <... clock_gettime resumed> {1465918769, 523523747}) = 0
17035 futex(0xc8200f6590, FUTEX_WAIT, 0, NULL <unfinished ...>
17033 write(6, "\0\0\0\0\350m\261\325\377H\213L$\30H\213D$ H\213\\$xH\211L$hH\211\v"..., 28678) = 28678
17032 select(0, NULL, NULL, NULL, {0, 20} <unfinished ...>
17033 write(6, "\r\n", 2)               = 2
17033 futex(0xc8200f6590, FUTEX_WAKE, 1 <unfinished ...>
17035 <... futex resumed> )             = 0
17033 <... futex resumed> )             = 1
17036 <... epoll_wait resumed> {{EPOLLOUT, {u32=2134024192, u64=140606478393344}}}, 128, -1) = 1
17035 select(0, NULL, NULL, NULL, {0, 100} <unfinished ...>
17033 write(6, "8000\r\nH\215Z\10H\215|$0H\213\vH\211\17H\213K\10H\211O\10H\213K"..., 4096 <unfinished ...>
17036 epoll_wait(5,  <unfinished ...>
17033 <... write resumed> )             = 4096
17036 <... epoll_wait resumed> {{EPOLLOUT, {u32=2134024192, u64=140606478393344}}}, 128, -1) = 1
17033 write(6, "\213\35\0\236U\0H\211\\$0H\213\35\374\235U\0H\211\\$8H\213\35\370\235U\0H\211"..., 28678 <unfinished ...>
17032 <... select resumed> )            = 0 (Timeout)
17036 epoll_wait(5,  <unfinished ...>
17033 <... write resumed> )             = 28678
17032 clock_gettime(CLOCK_MONOTONIC,  <unfinished ...>
17033 write(6, "\r\n", 2)               = 2
17032 <... clock_gettime resumed> {4903, 739716845}) = 0
17033 read(7, "H\211\224$\240\1\0\0H\211T$ H\211\204$\250\1\0\0H\211D$(H\213\234$\260\1"..., 32768) = 32768
17032 clock_gettime(CLOCK_REALTIME,  <unfinished ...>
17033 write(6, "8000\r\nH\213\254$\220\0\0\0L\213\204$\230\0\0\0H9\353\17\207\275\0\0\0L"..., 4096 <unfinished ...>
17036 <... epoll_wait resumed> {{EPOLLOUT, {u32=2134024192, u64=140606478393344}}}, 128, -1) = 1
17035 <... select resumed> )            = 0 (Timeout)
17033 <... write resumed> )             = 4096
17032 <... clock_gettime resumed> {1465918769, 523760081}) = 0
17036 epoll_wait(5,  <unfinished ...>
17035 read(7,  <unfinished ...>
17033 write(6, "\213D$pH\211l$HH\211,$H\211l$PH\211l$\10H\211l$XH\211l$"..., 28678 <unfinished ...>
17032 select(0, NULL, NULL, NULL, {0, 20} <unfinished ...>
17035 <... read resumed> "\200\0\0\0H\203\304H\303\350\262\354\330\377\351\375\376\377\377\314\314\314\314\314\314\314\314\314\314\314\314\314"..., 32768) = 32768
17033 <... write resumed> )             = 28678
17035 futex(0xc8200f6590, FUTEX_WAIT, 0, NULL <unfinished ...>
17033 write(6, "\r\n", 2)               = 2
17033 futex(0xc8200f6590, FUTEX_WAKE, 1 <unfinished ...>
17035 <... futex resumed> )             = 0
17033 <... futex resumed> )             = 1
17036 <... epoll_wait resumed> {{EPOLLOUT, {u32=2134024192, u64=140606478393344}}}, 128, -1) = 1
17035 select(0, NULL, NULL, NULL, {0, 100} <unfinished ...>
17033 write(6, "8000\r\n\0H\211\\$h\350\345E\377\377H\213T$pH\213L$xH\213\204$\200"..., 4096 <unfinished ...>
17036 epoll_wait(5,  <unfinished ...>
17033 <... write resumed> )             = 4096
17032 <... select resumed> )            = 0 (Timeout)
17033 write(6, "L$\10H\213N\20H\211L$\20H\213\\$pH\211\\$\30H\213\\$xH\211\\$ "..., 28678) = 28678
17032 clock_gettime(CLOCK_MONOTONIC,  <unfinished ...>
17033 write(6, "\r\n", 2)               = 2
17032 <... clock_gettime resumed> {4903, 740189739}) = 0
17033 read(7, "\313H1\323H\3\235H\1\0\0H\1\330H\211\205\310\1\0\0H\272`/\27Coc\245xI"..., 32768) = 32768
17032 clock_gettime(CLOCK_REALTIME,  <unfinished ...>
17033 write(6, "8000\r\n\34L\211\312L!\323H\301\312\"L\211\311L!\331H1\327H1\313L\211\312"..., 4096) = 4096
17032 <... clock_gettime resumed> {1465918769, 524232085}) = 0
17033 write(6, "\301I\1\305H\213\205H\1\0\0H\211\301H\301\310\23H\211\312H\301\311=H\301\352\6H\213\235"..., 28678) = 28678
17032 select(0, NULL, NULL, NULL, {0, 20} <unfinished ...>
17036 <... epoll_wait resumed> {{EPOLLOUT, {u32=2134024192, u64=140606478393344}}}, 128, -1) = 1
17035 <... select resumed> )            = 0 (Timeout)
17033 write(6, "\r\n", 2 <unfinished ...>
17036 epoll_wait(5,  <unfinished ...>
17035 read(7,  <unfinished ...>
17033 <... write resumed> )             = 2
17035 <... read resumed> "$H\211\204$\260\0\0\0H\211D$\10H\213\234$X\1\0\0H\211\\$\20H\213\234$`"..., 32768) = 32768
17033 futex(0xc82002ea10, FUTEX_WAIT, 0, NULL <unfinished ...>
17032 <... select resumed> )            = 0 (Timeout)
17035 futex(0xc82002ea10, FUTEX_WAKE, 1 <unfinished ...>
17033 <... futex resumed> )             = -1 EAGAIN (Resource temporarily unavailable)
17035 <... futex resumed> )             = 0
17033 select(0, NULL, NULL, NULL, {0, 100} <unfinished ...>
17032 clock_gettime(CLOCK_MONOTONIC,  <unfinished ...>
17036 <... epoll_wait resumed> {{EPOLLOUT, {u32=2134024192, u64=140606478393344}}}, 128, -1) = 1
17035 write(6, "8000\r\n\211\341\301\310\6D\211\342\301\311\v1\310D\211\341\301\312\31D!\3511\302D\211"..., 4096 <unfinished ...>
17036 epoll_wait(5,  <unfinished ...>
17035 <... write resumed> )             = 4096
17032 <... clock_gettime resumed> {4903, 740610519}) = 0
17036 <... epoll_wait resumed> {{EPOLLOUT, {u32=2134024192, u64=140606478393344}}}, 128, -1) = 1
17035 write(6, "\3E\0D\211E\0D\3M\4D\211M\4D\3U\10D\211U\10D\3]\fD\211]\fD"..., 28678 <unfinished ...>
17036 epoll_wait(5,  <unfinished ...>
17035 <... write resumed> )             = 28678
17032 clock_gettime(CLOCK_REALTIME,  <unfinished ...>
17035 write(6, "\r\n", 2 <unfinished ...>
17033 <... select resumed> )            = 0 (Timeout)
17035 <... write resumed> )             = 2
17033 select(0, NULL, NULL, NULL, {0, 100} <unfinished ...>
17032 <... clock_gettime resumed> {1465918769, 524809787}) = 0
17036 <... epoll_wait resumed> {{EPOLLOUT, {u32=2134024192, u64=140606478393344}}}, 128, -1) = 1
17035 read(7,  <unfinished ...>
17036 epoll_wait(5,  <unfinished ...>
17035 <... read resumed> "\3002\202\0\0\0\0\0\0\0\0\0\0\0\0\0\0\0\0\0\0\0\0\0\0\0\0\0\0\0\0\0"..., 32768) = 32768
17032 select(0, NULL, NULL, NULL, {0, 20} <unfinished ...>
17036 <... epoll_wait resumed> {{EPOLLOUT, {u32=2134024192, u64=140606478393344}}}, 128, -1) = 1
17035 write(6, "8000\r\n0\216G\0\0\0\0\0n\0\0\0\0\0\0\0000\216G\0\0\0\0\0p\0"..., 4096 <unfinished ...>
17036 epoll_wait(5,  <unfinished ...>
17035 <... write resumed> )             = 4096
17035 write(6, "\0\0\0\0\0\0\20\210G\0\0\0\0\0\304\2\0\0\0\0\0\0\20\210G\0\0\0\0\0H\0"..., 28678) = 28678
17035 write(6, "\r\n", 2)               = 2
17035 read(7, "\10\0\0\0\0\0\0\0\10\0\0\0\0\0\0\0\367\236\313\317\0\10\0106\20v\303\0\0\0\0\0"..., 32768) = 32768
17036 <... epoll_wait resumed> {{EPOLLOUT, {u32=2134024192, u64=140606478393344}}}, 128, -1) = 1
17035 write(6, "8000\r\nd'\217\0\0\0\0\0\320A\205\0\0\0\0\0\0\0\0\0\0\0\0\0\0\0"..., 4096 <unfinished ...>
17033 <... select resumed> )            = 0 (Timeout)
17032 <... select resumed> )            = 0 (Timeout)
17036 epoll_wait(5,  <unfinished ...>
17035 <... write resumed> )             = 4096
17033 read(7,  <unfinished ...>
17032 clock_gettime(CLOCK_MONOTONIC,  <unfinished ...>
17035 write(6, "\0\0\0\0\0\0\10\0\0\0\0\0\0\0\10\0\0\0\0\0\0\0\320\1774W\0\10\0106\20v"..., 28678 <unfinished ...>
17033 <... read resumed> "d'\217\0\0\0\0\0`M\205\0\0\0\0\0\0\0\0\0\0\0\0\0\0\0\0\0\0\0\0\0"..., 32768) = 32768
17032 <... clock_gettime resumed> {4903, 741179396}) = 0
17035 <... write resumed> )             = 28678
17033 futex(0xc82002ea10, FUTEX_WAIT, 0, NULL <unfinished ...>
17032 clock_gettime(CLOCK_REALTIME,  <unfinished ...>
17035 write(6, "\r\n", 2)               = 2
17032 <... clock_gettime resumed> {1465918769, 525217064}) = 0
17035 futex(0xc82002ea10, FUTEX_WAKE, 1 <unfinished ...>
17036 <... epoll_wait resumed> {{EPOLLOUT, {u32=2134024192, u64=140606478393344}}}, 128, -1) = 1
17035 <... futex resumed> )             = 1
17033 <... futex resumed> )             = 0
17032 select(0, NULL, NULL, NULL, {0, 20} <unfinished ...>
17036 epoll_wait(5,  <unfinished ...>
17035 write(6, "8000\r\n h~\0\0\0\0\0\0\0\0\0\0\0\0\0\0\0\0\0\0\0\0\0\0\0"..., 4096 <unfinished ...>
17033 select(0, NULL, NULL, NULL, {0, 100} <unfinished ...>
17036 <... epoll_wait resumed> {{EPOLLOUT, {u32=2134024192, u64=140606478393344}}}, 128, -1) = 1
17035 <... write resumed> )             = 4096
17036 epoll_wait(5,  <unfinished ...>
17035 write(6, "\303\0\0\0\0\0d'\217\0\0\0\0\0\300J\205\0\0\0\0\0\0\0\0\0\0\0\0\0\0\0"..., 28678 <unfinished ...>
17032 <... select resumed> )            = 0 (Timeout)
17035 <... write resumed> )             = 28678
17035 write(6, "\r\n", 2 <unfinished ...>
17032 clock_gettime(CLOCK_MONOTONIC,  <unfinished ...>
17036 <... epoll_wait resumed> {{EPOLLOUT, {u32=2134024192, u64=140606478393344}}}, 128, -1) = 1
17035 <... write resumed> )             = 2
17033 <... select resumed> )            = 0 (Timeout)
17036 epoll_wait(5,  <unfinished ...>
17035 read(7,  <unfinished ...>
17033 futex(0xc82002ea10, FUTEX_WAIT, 0, NULL <unfinished ...>
17032 <... clock_gettime resumed> {4903, 746095237}) = 0
17035 <... read resumed> "`\355~\0\0\0\0\0\0\0\0\0\0\0\0\0\0\0\0\0\0\0\0\0\0\0\0\0\0\0\0\0"..., 32768) = 32768
17035 futex(0xc82002ea10, FUTEX_WAKE, 1 <unfinished ...>
17032 clock_gettime(CLOCK_REALTIME,  <unfinished ...>
17035 <... futex resumed> )             = 1
17033 <... futex resumed> )             = 0
17032 <... clock_gettime resumed> {1465918769, 530184897}) = 0
17035 write(6, "8000\r\n\30\0\0\0\0\0\0\0\10\0\0\0\0\0\0\0\3056\301\261\0\10\10\27\320v"..., 4096 <unfinished ...>
17033 select(0, NULL, NULL, NULL, {0, 100} <unfinished ...>
17035 <... write resumed> )             = 4096
17032 select(0, NULL, NULL, NULL, {0, 20} <unfinished ...>
17035 write(6, "\0\0\0\0\0\0 L}\0\0\0\0\0\0\0\0\0\0\0\0\0\0\0\0\0\0\0\0\0\0\0"..., 28678) = 28678
17035 write(6, "\r\n", 2)               = 2
17035 read(7, " \0\0\0\0\0\0\0\0\0\0\0\0\0\0\0(\227J\236\0\1\1\221\240\336o\0\0\0\0\0"..., 32768) = 32768
17035 write(6, "8000\r\nd'\217\0\0\0\0\0p\321\205\0\0\0\0\0\0\0\0\0\0\0\0\0 \36"..., 4096) = 4096
17035 write(6, "\0\0\0\0\0\0\0\0\20\0\0\0\0\0\0\0\0\0\0\0\0\0\247\306yk\0\10\10\221\240\332"..., 28678) = 28678
17032 <... select resumed> )            = 0 (Timeout)
17035 write(6, "\r\n", 2)               = 2
17032 clock_gettime(CLOCK_MONOTONIC,  <unfinished ...>
17035 read(7, "@mr\0\0\0\0\0\300tr\0\0\0\0\0 j}\0\0\0\0\0\200\17\200\0\0\0\0\0"..., 32768) = 32768
17032 <... clock_gettime resumed> {4903, 746386506}) = 0
17035 write(6, "8000\r\np\256\205\0\0\0\0\0\360L\217\0\0\0\0\0(dr\0\0\0\0\0\0\0"..., 4096 <unfinished ...>
17033 <... select resumed> )            = 0 (Timeout)
17035 <... write resumed> )             = 4096
17033 read(7,  <unfinished ...>
17032 clock_gettime(CLOCK_REALTIME,  <unfinished ...>
17035 write(6, "p\0\0\0\0\0\200\237\205\0\0\0\0\0 N\217\0\0\0\0\0(tr\0\0\0\0\0\0\0"..., 28678 <unfinished ...>
17033 <... read resumed> "\0\0\0\0\0\0\0\0008\0s\0\0\0\0\0\1\0\0\0\0\0\0\0\1\0\0\0\0\0\0\0"..., 32768) = 32768
17035 <... write resumed> )             = 28678
17033 futex(0xc82002ea10, FUTEX_WAIT, 0, NULL <unfinished ...>
17032 <... clock_gettime resumed> {1465918769, 530452496}) = 0
17035 write(6, "\r\n", 2)               = 2
17032 select(0, NULL, NULL, NULL, {0, 20} <unfinished ...>
17035 futex(0xc82002ea10, FUTEX_WAKE, 1) = 1
17033 <... futex resumed> )             = 0
17035 write(6, "8000\r\n\0\0\0\0\0\0\0\0008\344r\0\0\0\0\0\0\0\0\0\0\0\0\0\0\0"..., 4096 <unfinished ...>
17033 select(0, NULL, NULL, NULL, {0, 100} <unfinished ...>
17035 <... write resumed> )             = 4096
17035 write(6, "\0\0\0\0\0\0\0\0\0\0\0\0\0\0008\364r\0\0\0\0\0\1\0\0\0\0\0\0\0\1\0"..., 28678) = 28678
17035 write(6, "\r\n", 2)               = 2
17035 read(7,  <unfinished ...>
17032 <... select resumed> )            = 0 (Timeout)
17035 <... read resumed> " \200s\0\0\0\0\0\1\0\0\0\0\0\0\0\1\0\0\0\0\0\0\0 \233~\0\0\0\0\0"..., 32768) = 32768
17035 write(6, "8000\r\n\300,y\0\0\0\0\0\0\0\0\0\0\0\0\0\0\0\0\0\0\0\0\0\0\0"..., 4096 <unfinished ...>
17032 clock_gettime(CLOCK_MONOTONIC,  <unfinished ...>
17035 <... write resumed> )             = 4096
17035 write(6, "\0\0\0\0\0\0\0\0\0\0\0\0\0\0008ts\0\0\0\0\0\1\0\0\0\0\0\0\0\1\0"..., 28678 <unfinished ...>
17032 <... clock_gettime resumed> {4903, 746652237}) = 0
17035 <... write resumed> )             = 28678
17035 write(6, "\r\n", 2 <unfinished ...>
17032 clock_gettime(CLOCK_REALTIME,  <unfinished ...>
17035 <... write resumed> )             = 2
17035 read(7,  <unfinished ...>
17032 <... clock_gettime resumed> {1465918769, 530685920}) = 0
17035 <... read resumed> "\0\0\0\0\0\0\0\0008\0t\0\0\0\0\0\1\0\0\0\0\0\0\0\1\0\0\0\0\0\0\0"..., 32768) = 32768
17033 <... select resumed> )            = 0 (Timeout)
17035 write(6, "8000\r\n \344s\0\0\0\0\0\1\0\0\0\0\0\0\0\1\0\0\0\0\0\0\0\240-"..., 4096 <unfinished ...>
17033 read(7,  <unfinished ...>
17032 select(0, NULL, NULL, NULL, {0, 20} <unfinished ...>
17035 <... write resumed> )             = 4096
17033 <... read resumed> "d'\217\0\0\0\0\0pz\206\0\0\0\0\0\0\0\0\0\0\0\0\0\0\0\0\0\0\0\0\0"..., 32768) = 32768
17035 write(6, "\303\0\0\0\0\0d'\217\0\0\0\0\0\0s\206\0\0\0\0\0\0\0\0\0\0\0\0\0\300S"..., 28678 <unfinished ...>
17033 futex(0xc82002ea10, FUTEX_WAIT, 0, NULL <unfinished ...>
17035 <... write resumed> )             = 28678
17035 write(6, "\r\n", 2)               = 2
17035 futex(0xc82002ea10, FUTEX_WAKE, 1) = 1
17033 <... futex resumed> )             = 0
17035 write(6, "8000\r\n\0\0\0\0\0\0\0\0008dt\0\0\0\0\0\1\0\0\0\0\0\0\0\1\0"..., 4096 <unfinished ...>
17033 select(0, NULL, NULL, NULL, {0, 100} <unfinished ...>
17032 <... select resumed> )            = 0 (Timeout)
17035 <... write resumed> )             = 4096
17035 write(6, "\0\0\0\0\0\0\10\0\0\0\0\0\0\0\10\0\0\0\0\0\0\0\342V\210\371\0\10\0103\200v"..., 28678 <unfinished ...>
17032 clock_gettime(CLOCK_MONOTONIC,  <unfinished ...>
17035 <... write resumed> )             = -1 EAGAIN (Resource temporarily unavailable)
17035 read(7,  <unfinished ...>
17032 <... clock_gettime resumed> {4903, 746920585}) = 0
17035 <... read resumed> "\10\0\0\0\0\0\0\0\10\0\0\0\0\0\0\0\314\220\23\233\0\10\0103\200v\303\0\0\0\0\0"..., 32768) = 32768
17035 futex(0xc8200f6590, FUTEX_WAIT, 0, NULL <unfinished ...>
17032 clock_gettime(CLOCK_REALTIME, {1465918769, 530962296}) = 0
17032 select(0, NULL, NULL, NULL, {0, 20} <unfinished ...>
17033 <... select resumed> )            = 0 (Timeout)
17033 futex(0xc82002ea10, FUTEX_WAIT, 0, NULL <unfinished ...>
17032 <... select resumed> )            = 0 (Timeout)
17032 clock_gettime(CLOCK_MONOTONIC, {4903, 747112961}) = 0
17032 futex(0x21ee760, FUTEX_WAIT, 0, {60, 0} <unfinished ...>
17036 <... epoll_wait resumed> {{EPOLLOUT, {u32=2134024192, u64=140606478393344}}}, 128, -1) = 1
17036 clock_gettime(CLOCK_MONOTONIC, {4903, 748713384}) = 0
17036 futex(0xc82002ea10, FUTEX_WAKE, 1) = 1
17033 <... futex resumed> )             = 0
17036 futex(0x21ee760, FUTEX_WAKE, 1 <unfinished ...>
17033 epoll_wait(5,  <unfinished ...>
17036 <... futex resumed> )             = 1
17033 <... epoll_wait resumed> {}, 128, 0) = 0
17036 write(6, "\0\0\0\0\0\0\10\0\0\0\0\0\0\0\10\0\0\0\0\0\0\0\342V\210\371\0\10\0103\200v"..., 28678 <unfinished ...>
17033 epoll_wait(5,  <unfinished ...>
17036 <... write resumed> )             = 28678
17036 write(6, "\r\n", 2)               = 2
17036 futex(0xc8200f6590, FUTEX_WAKE, 1) = 1
17035 <... futex resumed> )             = 0
17036 write(6, "8000\r\nd'\217\0\0\0\0\0`\234\206\0\0\0\0\0\0\0\0\0\0\0\0\0\0\0"..., 4096 <unfinished ...>
17035 select(0, NULL, NULL, NULL, {0, 100} <unfinished ...>
17036 <... write resumed> )             = 4096
17033 <... epoll_wait resumed> {{EPOLLOUT, {u32=2134024192, u64=140606478393344}}}, 128, -1) = 1
17036 write(6, "~\0\0\0\0\0\200\204z\0\0\0\0\0\0\0\0\0\0\0\0\0\0\0\0\0\0\0\0\0\0\0"..., 28678 <unfinished ...>
17033 epoll_wait(5,  <unfinished ...>
17036 <... write resumed> )             = 28678
17036 write(6, "\r\n", 2)               = 2
17036 read(7, "\300,y\0\0\0\0\0\0\0\0\0\0\0\0\0\0\0\0\0\0\0\0\0\0\0\0\0\0\0\0\0"..., 32768) = 32768
17036 ioctl(0, TIOCGWINSZ, {ws_row=35, ws_col=112, ws_xpixel=0, ws_ypixel=0}) = 0
17036 ioctl(0, TIOCGWINSZ <unfinished ...>
17035 <... select resumed> )            = 0 (Timeout)
17036 <... ioctl resumed> , {ws_row=35, ws_col=112, ws_xpixel=0, ws_ypixel=0}) = 0
17035 read(7,  <unfinished ...>
17036 write(1, "Sending build context to Docker "..., 48 <unfinished ...>
17035 <... read resumed> "(\0v\0\0\0\0\0\0\0\0\0\0\0\0\0\0\0\0\0\0\0\0\0@Vr\0\0\0\0\0"..., 32768) = 32768
17036 <... write resumed> )             = 48
17035 futex(0xc8200f6590, FUTEX_WAIT, 0, NULL <unfinished ...>
17036 write(6, "8000\r\n\10\0\0\0\0\0\0\0\10\0\0\0\0\0\0\0\325\376\326o\0\10\0103\200v"..., 4096 <unfinished ...>
17033 <... epoll_wait resumed> {{EPOLLOUT, {u32=2134024192, u64=140606478393344}}}, 128, -1) = 1
17036 <... write resumed> )             = 4096
17033 epoll_wait(5,  <unfinished ...>
17036 write(6, "\0\0\0\0\0\0(tu\0\0\0\0\0\0\0\0\0\0\0\0\0\0\0\0\0\0\0\0\0\300\306"..., 28678) = 28678
17036 write(6, "\r\n", 2)               = 2
17036 futex(0xc8200f6590, FUTEX_WAKE, 1) = 1
17035 <... futex resumed> )             = 0
17036 write(6, "8000\r\n\200\216z\0\0\0\0\0\0\0\0\0\0\0\0\0\0\0\0\0\0\0\0\0\0\0"..., 4096 <unfinished ...>
17035 select(0, NULL, NULL, NULL, {0, 100} <unfinished ...>
17036 <... write resumed> )             = 4096
17036 write(6, "\0\0\0\0\0\0\0\0\0\0\0\0\0\0008\364u\0\0\0\0\0\1\0\0\0\0\0\0\0\1\0"..., 28678) = 28678
17036 write(6, "\r\n", 2)               = 2
17036 read(7, "\0\0\0\0\0\0\0\0008\200v\0\0\0\0\0\1\0\0\0\0\0\0\0\1\0\0\0\0\0\0\0"..., 32768) = 32768
17036 write(6, "8000\r\n dv\0\0\0\0\0\1\0\0\0\0\0\0\0\1\0\0\0\0\0\0\0@v"..., 4096) = 4096
17036 write(6, "\303\0\0\0\0\0d'\217\0\0\0\0\0p\352\206\0\0\0\0\0\0\0\0\0\0\0\0\0\0\0"..., 28678) = 28678
17036 write(6, "\r\n", 2)               = 2
17036 read(7, "d'\217\0\0\0\0\0`\n\207\0\0\0\0\0\0\0\0\0\0\0\0\0\0\0\0\0\0\0\0\0"..., 32768) = 32768
17036 write(6, "8000\r\n\0\0\0\0\0\0\0\0008\344v\0\0\0\0\0\1\0\0\0\0\0\0\0\1\0"..., 4096) = 4096
17035 <... select resumed> )            = 0 (Timeout)
17036 write(6, "\0\0\0\0\0\0\10\0\0\0\0\0\0\0\10\0\0\0\0\0\0\0\371?\365a\0\10\0103\200v"..., 28678 <unfinished ...>
17035 read(7,  <unfinished ...>
17036 <... write resumed> )             = 28678
17035 <... read resumed> "\10\0\0\0\0\0\0\0\10\0\0\0\0\0\0\0\227\237\255U\0\10\0103\200v\303\0\0\0\0\0"..., 32768) = 32768
17036 write(6, "\r\n", 2 <unfinished ...>
17035 futex(0xc8200f6590, FUTEX_WAIT, 0, NULL <unfinished ...>
17036 <... write resumed> )             = 2
17036 futex(0xc8200f6590, FUTEX_WAKE, 1) = 1
17035 <... futex resumed> )             = 0
17036 write(6, "8000\r\nd'\217\0\0\0\0\0\340\225\206\0\0\0\0\0\0\0\0\0\0\0\0\0\0\0"..., 4096 <unfinished ...>
17035 select(0, NULL, NULL, NULL, {0, 100} <unfinished ...>
17036 <... write resumed> )             = 4096
17036 write(6, "\201\0\0\0\0\0@\272\201\0\0\0\0\0\300,y\0\0\0\0\0\0\0\0\0\0\0\0\0\0\0"..., 28678) = 28678
17036 write(6, "\r\n", 2)               = 2
17036 read(7, "@\213\203\0\0\0\0\0@\213\203\0\0\0\0\0\0\0\0\0\0\0\0\0\0\0\0\0\0\0\0\0"..., 32768) = 32768
17036 write(6, "8000\r\n\10\0\0\0\0\0\0\0\10\0\0\0\0\0\0\0+\340+^\0\10\0103\200v"..., 4096) = 4096
17036 write(6, "\0\0\0\0\0\0 \364w\0\0\0\0\0\2\0\0\0\0\0\0\0\2\0\0\0\0\0\0\0 \312"..., 28678) = 28678
17036 write(6, "\r\n", 2)               = 2
17036 read(7, "(\200x\0\0\0\0\0\1\0\0\0\0\0\0\0\1\0\0\0\0\0\0\0\0\243q\0\0\0\0\0"..., 32768) = 32768
17036 write(6, "8000\r\n@\243r\0\0\0\0\0\300yq\0\0\0\0\0\0\0\0\0\0\0\0\0\0\0"..., 4096 <unfinished ...>
17035 <... select resumed> )            = 0 (Timeout)
17036 <... write resumed> )             = 4096
17035 read(7,  <unfinished ...>
17036 write(6, "\0\0\0\0\0\0\0\0\0\0\0\0\0\0008tx\0\0\0\0\0\2\0\0\0\0\0\0\0\2\0"..., 28678 <unfinished ...>
17035 <... read resumed> "\0\0\0\0\0\0\0\0008\0y\0\0\0\0\0\2\0\0\0\0\0\0\0\2\0\0\0\0\0\0\0"..., 32768) = 32768
17036 <... write resumed> )             = 28678
17035 futex(0xc8200f6590, FUTEX_WAIT, 0, NULL <unfinished ...>
17036 write(6, "\r\n", 2)               = 2
17036 futex(0xc8200f6590, FUTEX_WAKE, 1) = 1
17035 <... futex resumed> )             = 0
17036 write(6, "8000\r\n(\344x\0\0\0\0\0\1\0\0\0\0\0\0\0\1\0\0\0\0\0\0\0@\213"..., 4096 <unfinished ...>
17035 select(0, NULL, NULL, NULL, {0, 100} <unfinished ...>
17036 <... write resumed> )             = 4096
17036 write(6, "\303\0\0\0\0\0d'\217\0\0\0\0\0\20\374\206\0\0\0\0\0\0\0\0\0\0\0\0\0\0\0"..., 28678) = 28678
17036 write(6, "\r\n", 2)               = 2
17036 read(7, "d'\217\0\0\0\0\0pv\206\0\0\0\0\0\0\0\0\0\0\0\0\0\0\0\0\0\0\0\0\0"..., 32768) = 32768
17036 write(6, "8000\r\n\0\0\0\0\0\0\0\0008dy\0\0\0\0\0\4\0\0\0\0\0\0\0\4\0"..., 4096) = 4096
17036 write(6, "\0\0\0\0\0\0\10\0\0\0\0\0\0\0\10\0\0\0\0\0\0\0my~\35\0\10\0103\200v"..., 28678) = -1 EAGAIN (Resource temporarily unavailable)
17036 read(7, "\10\0\0\0\0\0\0\0\10\0\0\0\0\0\0\0\241\225\266\377\0\10\0103\200v\303\0\0\0\0\0"..., 32768) = 32768
17036 futex(0xc8200f6a10, FUTEX_WAIT, 0, NULL <unfinished ...>
17035 <... select resumed> )            = 0 (Timeout)
17035 futex(0xc8200f6590, FUTEX_WAIT, 0, NULL <unfinished ...>
17032 <... futex resumed> )             = 0
17032 clock_gettime(CLOCK_MONOTONIC, {4903, 750041435}) = 0
17032 clock_gettime(CLOCK_REALTIME, {1465918769, 534047380}) = 0
17032 select(0, NULL, NULL, NULL, {0, 20}) = 0 (Timeout)
17032 clock_gettime(CLOCK_MONOTONIC, {4903, 750162043}) = 0
17032 futex(0x21ee760, FUTEX_WAIT, 0, {60, 0} <unfinished ...>
17033 <... epoll_wait resumed> {{EPOLLOUT, {u32=2134024192, u64=140606478393344}}}, 128, -1) = 1
17033 clock_gettime(CLOCK_MONOTONIC, {4903, 751072572}) = 0
17033 futex(0xc8200f6590, FUTEX_WAKE, 1 <unfinished ...>
17035 <... futex resumed> )             = 0
17033 <... futex resumed> )             = 1
17035 epoll_wait(5,  <unfinished ...>
17033 futex(0x21ee760, FUTEX_WAKE, 1 <unfinished ...>
17035 <... epoll_wait resumed> {}, 128, 0) = 0
17033 <... futex resumed> )             = 1
17032 <... futex resumed> )             = 0
17035 sched_yield( <unfinished ...>
17033 write(6, "\0\0\0\0\0\0\10\0\0\0\0\0\0\0\10\0\0\0\0\0\0\0my~\35\0\10\0103\200v"..., 28678 <unfinished ...>
17035 <... sched_yield resumed> )       = 0
17033 <... write resumed> )             = 28678
17032 clock_gettime(CLOCK_MONOTONIC,  <unfinished ...>
17035 futex(0x21ee6a0, FUTEX_WAKE, 1 <unfinished ...>
17033 write(6, "\r\n", 2 <unfinished ...>
17035 <... futex resumed> )             = 0
17033 <... write resumed> )             = 2
17032 <... clock_gettime resumed> {4903, 751184163}) = 0
17035 epoll_wait(5,  <unfinished ...>
17033 futex(0xc8200f6a10, FUTEX_WAKE, 1 <unfinished ...>
17036 <... futex resumed> )             = 0
17033 <... futex resumed> )             = 1
17032 clock_gettime(CLOCK_REALTIME,  <unfinished ...>
17036 select(0, NULL, NULL, NULL, {0, 100} <unfinished ...>
17033 write(6, "8000\r\nd'\217\0\0\0\0\0\340\275\206\0\0\0\0\0\0\0\0\0\0\0\0\0\0\0"..., 4096) = 4096
17032 <... clock_gettime resumed> {1465918769, 535247720}) = 0
17035 <... epoll_wait resumed> {{EPOLLOUT, {u32=2134024192, u64=140606478393344}}}, 128, -1) = 1
17033 write(6, "\201\0\0\0\0\0\300\nq\0\0\0\0\0\300\250r\0\0\0\0\0@Vr\0\0\0\0\0\0\0"..., 28678 <unfinished ...>
17035 epoll_wait(5,  <unfinished ...>
17033 <... write resumed> )             = 28678
17032 select(0, NULL, NULL, NULL, {0, 20} <unfinished ...>
17033 write(6, "\r\n", 2)               = 2
17033 read(7, "\30\200z\0\0\0\0\0\0\0\0\0\0\0\0\0\0\0\0\0\0\0\0\0\0\0\0\0\0\0\0\0"..., 32768) = 32768
17033 write(6, "8000\r\n\10\0\0\0\0\0\0\0\10\0\0\0\0\0\0\0v\223\f\365\0\10\0103\200v"..., 4096) = 4096
17033 write(6, "\205\0\0\0\0\0\0\0\0\0\0\0\0\0\0as\0\0\0\0\0P\227\205\0\0\0\0\0\0M"..., 28678) = 28678
17033 write(6, "\r\n", 2 <unfinished ...>
17036 <... select resumed> )            = 0 (Timeout)
17032 <... select resumed> )            = 0 (Timeout)
17036 read(7,  <unfinished ...>
17033 <... write resumed> )             = 2
17032 clock_gettime(CLOCK_MONOTONIC,  <unfinished ...>
17036 <... read resumed> "0\0{\0\0\0\0\0\2\0\0\0\0\0\0\0\2\0\0\0\0\0\0\0\200B\202\0\0\0\0\0"..., 32768) = 32768
17033 futex(0xc82002ea10, FUTEX_WAIT, 0, NULL <unfinished ...>
17032 <... clock_gettime resumed> {4903, 751467814}) = 0
17036 futex(0xc82002ea10, FUTEX_WAKE, 1 <unfinished ...>
17033 <... futex resumed> )             = -1 EAGAIN (Resource temporarily unavailable)
17032 clock_gettime(CLOCK_REALTIME,  <unfinished ...>
17036 <... futex resumed> )             = 0
17033 select(0, NULL, NULL, NULL, {0, 100} <unfinished ...>
17036 write(6, "8000\r\n@\243r\0\0\0\0\0@\243r\0\0\0\0\0 Wp\0\0\0\0\0\300,"..., 4096 <unfinished ...>
17032 <... clock_gettime resumed> {1465918769, 535500224}) = 0
17036 <... write resumed> )             = 4096
17036 write(6, "\0\0\0\0\0\0\0\0\0\0\0\0\0\0008\364z\0\0\0\0\0\5\0\0\0\0\0\0\0\5\0"..., 28678 <unfinished ...>
17032 select(0, NULL, NULL, NULL, {0, 20} <unfinished ...>
17036 <... write resumed> )             = 28678
17036 write(6, "\r\n", 2)               = 2
17036 read(7, " \200{\0\0\0\0\0\0\0\0\0\0\0\0\0\0\0\0\0\0\0\0\0\300n\202\0\0\0\0\0"..., 32768) = 32768
17036 write(6, "8000\r\nd'\217\0\0\0\0\0000\317\206\0\0\0\0\0\0\0\0\0\0\0\0\0\0\0"..., 4096) = 4096
17036 write(6, "\205\0\0\0\0\0\0\0\0\0\0\0\0\0@\243r\0\0\0\0\0\0\0\0\0\0\0\0\0\0\0"..., 28678) = 28678
17036 write(6, "\r\n", 2 <unfinished ...>
17032 <... select resumed> )            = 0 (Timeout)
17036 <... write resumed> )             = 2
17036 read(7,  <unfinished ...>
17033 <... select resumed> )            = 0 (Timeout)
17032 clock_gettime(CLOCK_MONOTONIC,  <unfinished ...>
17036 <... read resumed> "d'\217\0\0\0\0\0\320J\217\0\0\0\0\0\0\0\0\0\0\0\0\0\0\0\0\0\0\0\0\0"..., 32768) = 32768
17033 futex(0xc82002ea10, FUTEX_WAIT, 0, NULL <unfinished ...>
17032 <... clock_gettime resumed> {4903, 751712299}) = 0
17036 futex(0xc82002ea10, FUTEX_WAKE, 1 <unfinished ...>
17033 <... futex resumed> )             = -1 EAGAIN (Resource temporarily unavailable)
17032 clock_gettime(CLOCK_REALTIME,  <unfinished ...>
17036 <... futex resumed> )             = 0
17033 select(0, NULL, NULL, NULL, {0, 100} <unfinished ...>
17032 <... clock_gettime resumed> {1465918769, 535743248}) = 0
17036 write(6, "8000\r\n\0\243q\0\0\0\0\0\300,y\0\0\0\0\0\0\0\0\0\0\0\0\0\0\0"..., 4096) = 4096
17032 select(0, NULL, NULL, NULL, {0, 20} <unfinished ...>
17036 write(6, "\303\0\0\0\0\0f'\217\0\0\0\0\0 Y\207\0\0\0\0\0h\364{\0\0\0\0\0\340\234"..., 28678) = 28678
17036 write(6, "\r\n", 2)               = 2
17036 read(7, "\0\0\0\0\0\0\0\0\300\247r\0\0\0\0\0\0\0\0\0\0\0\0\0\0\0\0\0\0\0\0\0"..., 32768) = 32768
17036 write(6, "8000\r\n\2\0\0\0\0\0\0\0\2\0\0\0\0\0\0\0P\225\205\0\0\0\0\0\0\0"..., 4096 <unfinished ...>
17032 <... select resumed> )            = 0 (Timeout)
17036 <... write resumed> )             = 4096
17036 write(6, "\0\0\0\0\0\0\30\0\0\0\0\0\0\0\320\302\205\0\0\0\0\0`L\217\0\0\0\0\0000t"..., 28678 <unfinished ...>
17032 clock_gettime(CLOCK_MONOTONIC,  <unfinished ...>
17036 <... write resumed> )             = 28678
17033 <... select resumed> )            = 0 (Timeout)
17032 <... clock_gettime resumed> {4903, 751931089}) = 0
17036 write(6, "\r\n", 2 <unfinished ...>
17033 select(0, NULL, NULL, NULL, {0, 100} <unfinished ...>
17032 clock_gettime(CLOCK_REALTIME,  <unfinished ...>
17036 <... write resumed> )             = 2
17036 read(7,  <unfinished ...>
17032 <... clock_gettime resumed> {1465918769, 535962791}) = 0
17036 <... read resumed> "\10\0\0\0\0\0\0\0\220g\207\0\0\0\0\0\360N\217\0\0\0\0\0\3002\202\0\0\0\0\0"..., 32768) = 32768
17036 write(6, "8000\r\n \4\0\0\0\0\0\0p\263\207\0\0\0\0\0pO\217\0\0\0\0\0000\344"..., 4096 <unfinished ...>
17032 select(0, NULL, NULL, NULL, {0, 20} <unfinished ...>
17036 <... write resumed> )             = 4096
17036 write(6, "\0\0\0\0\0\0\30\0\0\0\0\0\0\0\20\0\0\0\0\0\0\0Q}\4(\0\10\10\31\240\335"..., 28678) = 28678
17036 write(6, "\r\n", 2)               = 2
17036 read(7, "\240\270p\0\0\0\0\0\0\0\0\0\0\0\0\0\310\0\0\0\0\0\0\0\0\0\0\0\0\0\0\0"..., 32768) = 32768
17036 write(6, "8000\r\n \256p\0\0\0\0\0\0\0\0\0\0\0\0\0\310\0\0\0\0\0\0\0\0\0"..., 4096) = 4096
17033 <... select resumed> )            = 0 (Timeout)
17032 <... select resumed> )            = 0 (Timeout)
17036 write(6, "\0\0\0\0\0\0 \264p\0\0\0\0\0\0\0\0\0\0\0\0\0\310\0\0\0\0\0\0\0\0\0"..., 28678 <unfinished ...>
17033 read(7,  <unfinished ...>
17032 clock_gettime(CLOCK_MONOTONIC,  <unfinished ...>
17036 <... write resumed> )             = 28678
17033 <... read resumed> "\300*v\0\0\0\0\0@\206w\0\0\0\0\0`\372M\0\0\0\0\0`\372M\0\0\0\0\0"..., 32768) = 32768
17032 <... clock_gettime resumed> {4903, 752172583}) = 0
17036 write(6, "\r\n", 2 <unfinished ...>
17033 futex(0xc82002ea10, FUTEX_WAIT, 0, NULL <unfinished ...>
17032 clock_gettime(CLOCK_REALTIME,  <unfinished ...>
17036 <... write resumed> )             = 2
17036 futex(0xc82002ea10, FUTEX_WAKE, 1 <unfinished ...>
17032 <... clock_gettime resumed> {1465918769, 536207262}) = 0
17036 <... futex resumed> )             = 1
17033 <... futex resumed> )             = 0
17032 select(0, NULL, NULL, NULL, {0, 20} <unfinished ...>
17036 ioctl(0, TIOCGWINSZ <unfinished ...>
17033 select(0, NULL, NULL, NULL, {0, 100} <unfinished ...>
17036 <... ioctl resumed> , {ws_row=35, ws_col=112, ws_xpixel=0, ws_ypixel=0}) = 0
17036 ioctl(0, TIOCGWINSZ, {ws_row=35, ws_col=112, ws_xpixel=0, ws_ypixel=0}) = 0
17036 write(1, "Sending build context to Docker "..., 48) = 48
17032 <... select resumed> )            = 0 (Timeout)
17036 write(6, "8000\r\n\30\344}\0\0\0\0\0\0\0\0\0\0\0\0\0\0\0\0\0\0\0\0\0\0\0"..., 4096) = 4096
17032 clock_gettime(CLOCK_MONOTONIC,  <unfinished ...>
17036 write(6, "\217\0\0\0\0\0\240\rw\0\0\0\0\0\300cy\0\0\0\0\0@^T\0\0\0\0\0@^"..., 28678) = 28678
17032 <... clock_gettime resumed> {4903, 752397131}) = 0
17036 write(6, "\r\n", 2)               = 2
17033 <... select resumed> )            = 0 (Timeout)
17032 clock_gettime(CLOCK_REALTIME,  <unfinished ...>
17036 read(7,  <unfinished ...>
17033 futex(0xc82002ea10, FUTEX_WAIT, 0, NULL <unfinished ...>
17032 <... clock_gettime resumed> {1465918769, 536449678}) = 0
17036 <... read resumed> "\30\200~\0\0\0\0\0\5\0\0\0\0\0\0\0\5\0\0\0\0\0\0\0\340\267\207\0\0\0\0\0"..., 32768) = 32768
17036 futex(0xc82002ea10, FUTEX_WAKE, 1 <unfinished ...>
17032 select(0, NULL, NULL, NULL, {0, 20} <unfinished ...>
17036 <... futex resumed> )             = 1
17033 <... futex resumed> )             = 0
17036 write(6, "8000\r\n@O\217\0\0\0\0\0\300\251r\0\0\0\0\0\0\0\0\0\0\0\0\0\0\0"..., 4096 <unfinished ...>
17033 select(0, NULL, NULL, NULL, {0, 100} <unfinished ...>
17036 <... write resumed> )             = 4096
17036 write(6, "\0\0\0\0\0\0\20\0\0\0\0\0\0\0\320\27\207\0\0\0\0\0pO\217\0\0\0\0\0@V"..., 28678) = -1 EAGAIN (Resource temporarily unavailable)
17036 read(7, "\0\0\0\0\0\0\0\0\20\0\0\0\0\0\0\0\200\366\205\0\0\0\0\0pO\217\0\0\0\0\0"..., 32768) = 32768
17036 futex(0xc8200f6a10, FUTEX_WAIT, 0, NULL <unfinished ...>
17032 <... select resumed> )            = 0 (Timeout)
17032 clock_gettime(CLOCK_MONOTONIC, {4903, 752609179}) = 0
17032 clock_gettime(CLOCK_REALTIME, {1465918769, 536612377}) = 0
17032 select(0, NULL, NULL, NULL, {0, 20} <unfinished ...>
17033 <... select resumed> )            = 0 (Timeout)
17033 futex(0xc82002ea10, FUTEX_WAIT, 0, NULL <unfinished ...>
17032 <... select resumed> )            = 0 (Timeout)
17032 clock_gettime(CLOCK_MONOTONIC, {4903, 752734195}) = 0
17032 futex(0x21ee760, FUTEX_WAIT, 0, {60, 0} <unfinished ...>
17035 <... epoll_wait resumed> {{EPOLLOUT, {u32=2134024192, u64=140606478393344}}}, 128, -1) = 1
17035 clock_gettime(CLOCK_MONOTONIC, {4903, 753724149}) = 0
17035 futex(0xc82002ea10, FUTEX_WAKE, 1) = 1
17033 <... futex resumed> )             = 0
17035 futex(0x21ee760, FUTEX_WAKE, 1 <unfinished ...>
17033 epoll_wait(5,  <unfinished ...>
17035 <... futex resumed> )             = 1
17033 <... epoll_wait resumed> {}, 128, 0) = 0
17032 <... futex resumed> )             = 0
17035 write(6, "\0\0\0\0\0\0\20\0\0\0\0\0\0\0\320\27\207\0\0\0\0\0pO\217\0\0\0\0\0@V"..., 28678 <unfinished ...>
17033 epoll_wait(5,  <unfinished ...>
17035 <... write resumed> )             = 28678
17032 clock_gettime(CLOCK_MONOTONIC,  <unfinished ...>
17035 write(6, "\r\n", 2)               = 2
17032 <... clock_gettime resumed> {4903, 753831767}) = 0
17035 futex(0xc8200f6a10, FUTEX_WAKE, 1 <unfinished ...>
17036 <... futex resumed> )             = 0
17035 <... futex resumed> )             = 1
17032 clock_gettime(CLOCK_REALTIME,  <unfinished ...>
17036 select(0, NULL, NULL, NULL, {0, 100} <unfinished ...>
17035 write(6, "8000\r\n\30\344~\0\0\0\0\0\5\0\0\0\0\0\0\0\5\0\0\0\0\0\0\0@\304"..., 4096) = 4096
17032 <... clock_gettime resumed> {1465918769, 537899570}) = 0
17035 write(6, "\0\0\0\0\0\0\320)\206\0\0\0\0\0\340N\217\0\0\0\0\0(\364~\0\0\0\0\0\0\0"..., 28678) = 28678
17032 select(0, NULL, NULL, NULL, {0, 20} <unfinished ...>
17035 write(6, "\r\n", 2)               = 2
17035 read(7, "\220\0\0\0\0\0\0\0\220\0\0\0\0\0\0\0\373MH\26\0\10\10\0310v\303\0\0\0\0\0"..., 32768) = 32768
17035 write(6, "8000\r\n\5\0\0\0\0\0\0\0\5\0\0\0\0\0\0\0\200o\205\0\0\0\0\0\0\0"..., 4096 <unfinished ...>
17032 <... select resumed> )            = 0 (Timeout)
17035 <... write resumed> )             = 4096
17035 write(6, "\0\0\0\0\0\0\300\\v\0\0\0\0\0\300\353x\0\0\0\0\0000\354d\0\0\0\0\0\0\344"..., 28678 <unfinished ...>
17032 clock_gettime(CLOCK_MONOTONIC,  <unfinished ...>
17036 <... select resumed> )            = 0 (Timeout)
17035 <... write resumed> )             = 28678
17036 read(7,  <unfinished ...>
17035 write(6, "\r\n", 2 <unfinished ...>
17032 <... clock_gettime resumed> {4903, 754087872}) = 0
17036 <... read resumed> "\0\0\0\0\0\0\0\0\t\0\0\0\0\0\0\0`\21\207\0\0\0\0\0\0\0\0\0\0\0\0\0"..., 32768) = 32768
17035 <... write resumed> )             = 2
17036 futex(0xc8200f6a10, FUTEX_WAIT, 0, NULL <unfinished ...>
17035 futex(0xc8200f6a10, FUTEX_WAKE, 1 <unfinished ...>
17032 clock_gettime(CLOCK_REALTIME,  <unfinished ...>
17036 <... futex resumed> )             = -1 EAGAIN (Resource temporarily unavailable)
17035 <... futex resumed> )             = 0
17036 select(0, NULL, NULL, NULL, {0, 100} <unfinished ...>
17035 write(6, "8000\r\n\200K\217\0\0\0\0\0\0\243q\0\0\0\0\0\0\0\0\0\0\0\0\0\0\0"..., 4096 <unfinished ...>
17032 <... clock_gettime resumed> {1465918769, 538155933}) = 0
17035 <... write resumed> )             = 4096
17035 write(6, "\303\0\0\0\0\0\203'\217\0\0\0\0\0\220?\207\0\0\0\0\0\0\0\0\0\0\0\0\0\0\0"..., 28678 <unfinished ...>
17032 select(0, NULL, NULL, NULL, {0, 20} <unfinished ...>
17035 <... write resumed> )             = 28678
17035 write(6, "\r\n", 2)               = 2
17035 read(7, "\300_[\0\0\0\0\0\300_[\0\0\0\0\0\200*\206\0\0\0\0\0\0M\217\0\0\0\0\0"..., 32768) = 32768
17035 write(6, "8000\r\n0\0\0\0\0\0\0\0000\0\0\0\0\0\0\0\324z/d\0\10\10\0310v"..., 4096 <unfinished ...>
17036 <... select resumed> )            = 0 (Timeout)
17035 <... write resumed> )             = 4096
17032 <... select resumed> )            = 0 (Timeout)
17036 read(7,  <unfinished ...>
17035 write(6, "r\0\0\0\0\0\0\0\0\0\0\0\0\0(\0\0\0\0\0\0\0000\\\207\0\0\0\0\0pO"..., 28678 <unfinished ...>
17036 <... read resumed> "@\243r\0\0\0\0\0\0\0\0\0\0\0\0\0(\0\0\0\0\0\0\0\300\v\207\0\0\0\0\0"..., 32768) = 32768
17035 <... write resumed> )             = 28678
17032 clock_gettime(CLOCK_MONOTONIC,  <unfinished ...>
17036 futex(0xc8200f6a10, FUTEX_WAIT, 0, NULL <unfinished ...>
17035 write(6, "\r\n", 2 <unfinished ...>
17032 <... clock_gettime resumed> {4903, 754454028}) = 0
17035 <... write resumed> )             = 2
17035 futex(0xc8200f6a10, FUTEX_WAKE, 1 <unfinished ...>
17032 clock_gettime(CLOCK_REALTIME,  <unfinished ...>
17036 <... futex resumed> )             = 0
17035 <... futex resumed> )             = 1
17036 select(0, NULL, NULL, NULL, {0, 100} <unfinished ...>
17035 write(6, "8000\r\n\300\324r\0\0\0\0\0\240\210t\0\0\0\0\0@\210n\0\0\0\0\0@\210"..., 4096 <unfinished ...>
17032 <... clock_gettime resumed> {1465918769, 538507573}) = 0
17035 <... write resumed> )             = 4096
17035 write(6, "\207\0\0\0\0\0\220L\217\0\0\0\0\0\300\25r\0\0\0\0\0\0\0\0\0\0\0\0\0R\0"..., 28678 <unfinished ...>
17032 select(0, NULL, NULL, NULL, {0, 20} <unfinished ...>
17035 <... write resumed> )             = 28678
17035 write(6, "\r\n", 2)               = 2
17035 read(7, "@\0\0\0\0\0\0\0p\37\206\0\0\0\0\0@O\217\0\0\0\0\0\200\331\202\0\0\0\0\0"..., 32768) = 32768
17035 write(6, "8000\r\n\20M\217\0\0\0\0\0 \10}\0\0\0\0\0\0\0\0\0\0\0\0\0\200\0"..., 4096) = 4096
17035 write(6, "\205\0\0\0\0\0\0\0\0\0\0\0\0\0\300\250r\0\0\0\0\0\0\0\0\0\0\0\0\0 \0"..., 28678) = 28678
17032 <... select resumed> )            = 0 (Timeout)
17035 write(6, "\r\n", 2)               = 2
17036 <... select resumed> )            = 0 (Timeout)
17032 clock_gettime(CLOCK_MONOTONIC,  <unfinished ...>
17036 futex(0xc8200f6a10, FUTEX_WAIT, 0, NULL <unfinished ...>
17035 read(7,  <unfinished ...>
17032 <... clock_gettime resumed> {4903, 754720446}) = 0
17035 <... read resumed> "\220\206b\0\0\0\0\0\220\206b\0\0\0\0\0\20m\205\0\0\0\0\0\0\0\0\0\0\0\0\0"..., 32768) = 32768
17035 futex(0xc8200f6a10, FUTEX_WAKE, 1 <unfinished ...>
17032 clock_gettime(CLOCK_REALTIME,  <unfinished ...>
17036 <... futex resumed> )             = 0
17035 <... futex resumed> )             = 1
17036 select(0, NULL, NULL, NULL, {0, 100} <unfinished ...>
17035 write(6, "8000\r\n\300\372x\0\0\0\0\0\300\22z\0\0\0\0\0\300\fk\0\0\0\0\0\300\f"..., 4096 <unfinished ...>
17032 <... clock_gettime resumed> {1465918769, 538761158}) = 0
17035 <... write resumed> )             = 4096
17035 write(6, "\0\0\0\0\0\0\300\335r\0\0\0\0\0\340qs\0\0\0\0\0p\247e\0\0\0\0\0p\247"..., 28678 <unfinished ...>
17032 select(0, NULL, NULL, NULL, {0, 20} <unfinished ...>
17035 <... write resumed> )             = 28678
17035 write(6, "\r\n", 2)               = 2
17035 read(7, "@\323r\0\0\0\0\0\3005u\0\0\0\0\0\220Bj\0\0\0\0\0\220Bj\0\0\0\0\0"..., 32768) = 32768
17035 write(6, "8000\r\n\0\274S\0\0\0\0\0\0\274S\0\0\0\0\0\340\207\205\0\0\0\0\0\0\0"..., 4096) = 4096
17035 write(6, "y\0\0\0\0\0\300\331N\0\0\0\0\0\300\331N\0\0\0\0\0\300\271\205\0\0\0\0\0\0\0"..., 28678 <unfinished ...>
17032 <... select resumed> )            = 0 (Timeout)
17035 <... write resumed> )             = -1 EAGAIN (Resource temporarily unavailable)
17035 read(7,  <unfinished ...>
17032 clock_gettime(CLOCK_MONOTONIC,  <unfinished ...>
17036 <... select resumed> )            = 0 (Timeout)
17035 <... read resumed> "\340\36e\0\0\0\0\0\340\36e\0\0\0\0\0\20\301\205\0\0\0\0\0\0\0\0\0\0\0\0\0"..., 32768) = 32768
17032 <... clock_gettime resumed> {4903, 754961608}) = 0
17036 futex(0xc8200f6a10, FUTEX_WAIT, 0, NULL <unfinished ...>
17035 futex(0xc8200f6590, FUTEX_WAIT, 0, NULL <unfinished ...>
17032 clock_gettime(CLOCK_REALTIME, {1465918769, 539001088}) = 0
17032 select(0, NULL, NULL, NULL, {0, 20}) = 0 (Timeout)
17032 clock_gettime(CLOCK_MONOTONIC, {4903, 755138639}) = 0
17032 futex(0x21ee760, FUTEX_WAIT, 0, {60, 0} <unfinished ...>
17033 <... epoll_wait resumed> {{EPOLLOUT, {u32=2134024192, u64=140606478393344}}}, 128, -1) = 1
17033 clock_gettime(CLOCK_MONOTONIC, {4903, 756076611}) = 0
17033 futex(0xc8200f6590, FUTEX_WAKE, 1 <unfinished ...>
17035 <... futex resumed> )             = 0
17033 <... futex resumed> )             = 1
17035 epoll_wait(5,  <unfinished ...>
17033 futex(0x21ee760, FUTEX_WAKE, 1 <unfinished ...>
17035 <... epoll_wait resumed> {}, 128, 0) = 0
17033 <... futex resumed> )             = 1
17032 <... futex resumed> )             = 0
17035 sched_yield( <unfinished ...>
17033 write(6, "y\0\0\0\0\0\300\331N\0\0\0\0\0\300\331N\0\0\0\0\0\300\271\205\0\0\0\0\0\0\0"..., 28678 <unfinished ...>
17035 <... sched_yield resumed> )       = 0
17033 <... write resumed> )             = 28678
17032 clock_gettime(CLOCK_MONOTONIC,  <unfinished ...>
17035 futex(0x21ee6a0, FUTEX_WAKE, 1 <unfinished ...>
17033 write(6, "\r\n", 2 <unfinished ...>
17032 <... clock_gettime resumed> {4903, 756187920}) = 0
17035 <... futex resumed> )             = 0
17033 <... write resumed> )             = 2
17032 clock_gettime(CLOCK_REALTIME,  <unfinished ...>
17035 epoll_wait(5,  <unfinished ...>
17033 futex(0xc8200f6a10, FUTEX_WAKE, 1 <unfinished ...>
17032 <... clock_gettime resumed> {1465918769, 540221541}) = 0
17036 <... futex resumed> )             = 0
17033 <... futex resumed> )             = 1
17036 select(0, NULL, NULL, NULL, {0, 100} <unfinished ...>
17033 write(6, "8000\r\n\340Uv\0\0\0\0\0\340\27x\0\0\0\0\0\320\34Y\0\0\0\0\0\320\34"..., 4096 <unfinished ...>
17032 select(0, NULL, NULL, NULL, {0, 20} <unfinished ...>
17035 <... epoll_wait resumed> {{EPOLLOUT, {u32=2134024192, u64=140606478393344}}}, 128, -1) = 1
17033 <... write resumed> )             = 4096
17035 epoll_wait(5,  <unfinished ...>
17033 write(6, "_\0\0\0\0\0\360\1\0\0\0\0\0\0\340\1\0\0\0\0\0\0\316U\225U\0\10\10\0310v"..., 28678) = 28678
17033 write(6, "\r\n", 2)               = 2
17033 read(7, "\300\323r\0\0\0\0\0\0\330t\0\0\0\0\0\0\272X\0\0\0\0\0\0\272X\0\0\0\0\0"..., 32768) = 32768
17033 write(6, "8000\r\n@\361r\0\0\0\0\0\0\210t\0\0\0\0\0\2606m\0\0\0\0\0\2606"..., 4096 <unfinished ...>
17032 <... select resumed> )            = 0 (Timeout)
17033 <... write resumed> )             = 4096
17033 write(6, "`\0\0\0\0\0\320{`\0\0\0\0\0\360\t\206\0\0\0\0\0\0P\217\0\0\0\0\0\340\265"..., 28678 <unfinished ...>
17032 clock_gettime(CLOCK_MONOTONIC,  <unfinished ...>
17036 <... select resumed> )            = 0 (Timeout)
17033 <... write resumed> )             = 28678
17032 <... clock_gettime resumed> {4903, 756444028}) = 0
17036 read(7,  <unfinished ...>
17033 write(6, "\r\n", 2 <unfinished ...>
17032 clock_gettime(CLOCK_REALTIME,  <unfinished ...>
17036 <... read resumed> "rflags \0rflags\0\0rg\0\0\0\0\0\0rip    \0"..., 32768) = 32768
17033 <... write resumed> )             = 2
17032 <... clock_gettime resumed> {1465918769, 540481319}) = 0
17036 futex(0xc8200f6a10, FUTEX_WAIT, 0, NULL <unfinished ...>
17033 futex(0xc8200f6a10, FUTEX_WAKE, 1 <unfinished ...>
17036 <... futex resumed> )             = -1 EAGAIN (Resource temporarily unavailable)
17033 <... futex resumed> )             = 0
17032 select(0, NULL, NULL, NULL, {0, 20} <unfinished ...>
17036 select(0, NULL, NULL, NULL, {0, 100} <unfinished ...>
17033 write(6, "8000\r\nc_cc\0\0\0\0c_cflag\0c_iflag\0c_"..., 4096) = 4096
17033 write(6, "w\0\0\0\0\0lr\0\0\0\0\0\0lsa\0\0\0\0\0lstat\0\0\0lt"..., 28678) = 28678
17033 write(6, "\r\n", 2)               = 2
17033 read(7, "[96]int8\0\0\0\0\0\0\0\0[9]string\0\0\0\0\0\0\0"..., 32768) = 32768
17033 write(6, "8000\r\nReaddirnames\0\0\0\0ReaderFrom"..., 4096 <unfinished ...>
17032 <... select resumed> )            = 0 (Timeout)
17033 <... write resumed> )             = 4096
17033 write(6, "\0\0\0\0\0\0ZONEINFO\0\0\0\0\0\0\0\0[%d]: <\n\0\0"..., 28678 <unfinished ...>
17032 clock_gettime(CLOCK_MONOTONIC,  <unfinished ...>
17033 <... write resumed> )             = 28678
17033 write(6, "\r\n", 2 <unfinished ...>
17032 <... clock_gettime resumed> {4903, 756680118}) = 0
17033 <... write resumed> )             = 2
17036 <... select resumed> )            = 0 (Timeout)
17033 read(7,  <unfinished ...>
17032 clock_gettime(CLOCK_REALTIME,  <unfinished ...>
17036 futex(0xc8200f6a10, FUTEX_WAIT, 0, NULL <unfinished ...>
17033 <... read resumed> "sys_resource\0\0\0\0sys_time\0\0\0\0\0\0\0\0"..., 32768) = 32768
17032 <... clock_gettime resumed> {1465918769, 540728999}) = 0
17033 futex(0xc8200f6a10, FUTEX_WAKE, 1 <unfinished ...>
17036 <... futex resumed> )             = 0
17033 <... futex resumed> )             = 1
17032 select(0, NULL, NULL, NULL, {0, 20} <unfinished ...>
17036 select(0, NULL, NULL, NULL, {0, 100} <unfinished ...>
17033 write(6, "8000\r\nrecovered\0\0\0\0\0\0\0recovery f"..., 4096) = 4096
17033 write(6, "\0\0\0\0\0\0signal 52\0\0\0\0\0\0\0signal 53\0"..., 28678) = 28678
17033 write(6, "\r\n", 2)               = 2
17033 read(7,  <unfinished ...>
17032 <... select resumed> )            = 0 (Timeout)
17033 <... read resumed> "\340\307\203\0\0\0\0\0\6\0\0\0\0\0\0\0\350\307\203\0\0\0\0\0\4\0\0\0\0\0\0\0"..., 32768) = 32768
17033 write(6, "8000\r\n\20\300\203\0\0\0\0\0\5\0\0\0\0\0\0\0\30\300\203\0\0\0\0\0\5\0"..., 4096 <unfinished ...>
17032 clock_gettime(CLOCK_MONOTONIC,  <unfinished ...>
17033 <... write resumed> )             = 4096
17032 <... clock_gettime resumed> {4903, 756930698}) = 0
17033 write(6, "\0\0\0\0\0\0\350\304\203\0\0\0\0\0\6\0\0\0\0\0\0\0\360\304\203\0\0\0\0\0\5\0"..., 28678 <unfinished ...>
17036 <... select resumed> )            = 0 (Timeout)
17033 <... write resumed> )             = 28678
17032 clock_gettime(CLOCK_REALTIME,  <unfinished ...>
17036 select(0, NULL, NULL, NULL, {0, 100} <unfinished ...>
17033 write(6, "\r\n", 2 <unfinished ...>
17032 <... clock_gettime resumed> {1465918769, 540974798}) = 0
17033 <... write resumed> )             = 2
17033 read(7,  <unfinished ...>
17032 select(0, NULL, NULL, NULL, {0, 20} <unfinished ...>
17033 <... read resumed> "\20\217\204\0\0\0\0\0\16\0\0\0\0\0\0\0 \217\204\0\0\0\0\0\v\0\0\0\0\0\0\0"..., 32768) = 32768
17033 write(6, "8000\r\n@\336\203\0\0\0\0\0\6\0\0\0\0\0\0\0000>\210\0\0\0\0\0\27\0"..., 4096) = 4096
17033 write(6, "\0\0\0\0\0\0\320\206\204\0\0\0\0\0\r\0\0\0\0\0\0\0pM\210\0\0\0\0\0\22\0"..., 28678) = 28678
17033 write(6, "\r\n", 2)               = 2
17033 read(7, "\300A\214\0\0\0\0\0003\0\0\0\0\0\0\0\300\241\214\0\0\0\0\0008\0\0\0\0\0\0\0"..., 32768) = 32768
17032 <... select resumed> )            = 0 (Timeout)
17036 <... select resumed> )            = 0 (Timeout)
17033 ioctl(0, TIOCGWINSZ <unfinished ...>
17036 read(7,  <unfinished ...>
17033 <... ioctl resumed> , {ws_row=35, ws_col=112, ws_xpixel=0, ws_ypixel=0}) = 0
17032 clock_gettime(CLOCK_MONOTONIC,  <unfinished ...>
17036 <... read resumed> " \256\211\0\0\0\0\0\36\0\0\0\0\0\0\0@\256\211\0\0\0\0\0\36\0\0\0\0\0\0\0"..., 32768) = 32768
17033 ioctl(0, TIOCGWINSZ <unfinished ...>
17036 futex(0xc8200f6a10, FUTEX_WAIT, 0, NULL <unfinished ...>
17033 <... ioctl resumed> , {ws_row=35, ws_col=112, ws_xpixel=0, ws_ypixel=0}) = 0
17032 <... clock_gettime resumed> {4903, 757200503}) = 0
17033 write(1, "Sending build context to Docker "..., 48) = 48
17032 clock_gettime(CLOCK_REALTIME,  <unfinished ...>
17033 write(6, "8000\r\n@S\212\0\0\0\0\0'\0\0\0\0\0\0\0`_\211\0\0\0\0\0\36\0"..., 4096) = 4096
17032 <... clock_gettime resumed> {1465918769, 541306159}) = 0
17033 write(6, "\0\0\0\0\0\0\0\234\214\0\0\0\0\0?\0\0\0\0\0\0\0\200\334\214\0\0\0\0\0C\0"..., 28678) = 28678
17032 select(0, NULL, NULL, NULL, {0, 20} <unfinished ...>
17033 write(6, "\r\n", 2)               = 2
17033 futex(0xc8200f6a10, FUTEX_WAKE, 1 <unfinished ...>
17036 <... futex resumed> )             = 0
17033 <... futex resumed> )             = 1
17036 select(0, NULL, NULL, NULL, {0, 100} <unfinished ...>
17033 write(6, "8000\r\n\20\234\210\0\0\0\0\0\21\0\0\0\0\0\0\0P\263\204\0\0\0\0\0\17\0"..., 4096) = 4096
17033 write(6, "\0\0\0\0\0\0\300g\214\0\0\0\0\0002\0\0\0\0\0\0\0\200\347\212\0\0\0\0\0%\0"..., 28678) = 28678
17032 <... select resumed> )            = 0 (Timeout)
17033 write(6, "\r\n", 2)               = 2
17032 clock_gettime(CLOCK_MONOTONIC,  <unfinished ...>
17033 read(7, "\320\347\210\0\0\0\0\0\21\0\0\0\0\0\0\0\360\347\210\0\0\0\0\0\20\0\0\0\0\0\0\0"..., 32768) = 32768
17032 <... clock_gettime resumed> {4903, 757481083}) = 0
17033 write(6, "8000\r\n\300\372\203\0\0\0\0\0\5\0\0\0\0\0\0\0p\334\204\0\0\0\0\0\t\0"..., 4096) = 4096
17032 clock_gettime(CLOCK_REALTIME,  <unfinished ...>
17033 write(6, "\0\0\0\0\0\0\10\376\203\0\0\0\0\0\6\0\0\0\0\0\0\0\260\342\204\0\0\0\0\0\f\0"..., 28678) = -1 EAGAIN (Resource temporarily unavailable)
17032 <... clock_gettime resumed> {1465918769, 541524261}) = 0
17033 read(7,  <unfinished ...>
17036 <... select resumed> )            = 0 (Timeout)
17033 <... read resumed> "\0\0\0\0\0\0\0\0\0\0\0\0\0\0\0\0*syscall.WaitSta"..., 32768) = 32768
17032 select(0, NULL, NULL, NULL, {0, 20} <unfinished ...>
17036 futex(0xc8200f6a10, FUTEX_WAIT, 0, NULL <unfinished ...>
17033 futex(0xc82002ea10, FUTEX_WAIT, 0, NULL <unfinished ...>
17032 <... select resumed> )            = 0 (Timeout)
17032 clock_gettime(CLOCK_MONOTONIC, {4903, 757688725}) = 0
17032 futex(0x21ee760, FUTEX_WAIT, 0, {60, 0} <unfinished ...>
17035 <... epoll_wait resumed> {{EPOLLOUT, {u32=2134024192, u64=140606478393344}}}, 128, -1) = 1
17035 clock_gettime(CLOCK_MONOTONIC, {4903, 758617347}) = 0
17035 futex(0xc82002ea10, FUTEX_WAKE, 1) = 1
17033 <... futex resumed> )             = 0
17035 futex(0x21ee760, FUTEX_WAKE, 1 <unfinished ...>
17033 epoll_wait(5,  <unfinished ...>
17035 <... futex resumed> )             = 1
17033 <... epoll_wait resumed> {}, 128, 0) = 0
17032 <... futex resumed> )             = 0
17035 write(6, "\0\0\0\0\0\0\10\376\203\0\0\0\0\0\6\0\0\0\0\0\0\0\260\342\204\0\0\0\0\0\f\0"..., 28678 <unfinished ...>
17033 epoll_wait(5,  <unfinished ...>
17035 <... write resumed> )             = 28678
17032 clock_gettime(CLOCK_MONOTONIC,  <unfinished ...>
17035 write(6, "\r\n", 2)               = 2
17032 <... clock_gettime resumed> {4903, 758720294}) = 0
17035 futex(0xc8200f6a10, FUTEX_WAKE, 1 <unfinished ...>
17036 <... futex resumed> )             = 0
17035 <... futex resumed> )             = 1
17032 clock_gettime(CLOCK_REALTIME,  <unfinished ...>
17036 select(0, NULL, NULL, NULL, {0, 100} <unfinished ...>
17035 write(6, "8000\r\nrs\0\0\0\0\0\0\0\0\0\0\0\0\0\0*netlink.M"..., 4096) = 4096
17032 <... clock_gettime resumed> {1465918769, 542768084}) = 0
17035 write(6, "ollDesc\0\0\0\0\0\0\0\0\0\0\0\0\0\0\0*runtime.p"..., 28678 <unfinished ...>
17033 <... epoll_wait resumed> {{EPOLLOUT, {u32=2134024192, u64=140606478393344}}}, 128, -1) = 1
17035 <... write resumed> )             = 28678
17033 epoll_wait(5,  <unfinished ...>
17032 select(0, NULL, NULL, NULL, {0, 20} <unfinished ...>
17035 write(6, "\r\n", 2)               = 2
17035 read(7, " error\0\0\0\0\0\0\0\0\0\0func(*dbus.Conn)"..., 32768) = 32768
17035 write(6, "8000\r\nPair\0\0\0\0\0\0\0\0\0\0\0\0criurpc.Ex"..., 4096) = 4096
17036 <... select resumed> )            = 0 (Timeout)
17035 write(6, "nt32, bool)\0\0\0\0\0\0\0\0\0\0\0func() (ui"..., 28678 <unfinished ...>
17036 read(7,  <unfinished ...>
17035 <... write resumed> )             = 28678
17032 <... select resumed> )            = 0 (Timeout)
17036 <... read resumed> "\0\0\0\0\0\0\0\0\0\0\0\0\0\0\0\0template: %s:%d:"..., 32768) = 32768
17035 write(6, "\r\n", 2 <unfinished ...>
17032 clock_gettime(CLOCK_MONOTONIC,  <unfinished ...>
17036 futex(0xc8200f6a10, FUTEX_WAIT, 0, NULL <unfinished ...>
17035 <... write resumed> )             = 2
17032 <... clock_gettime resumed> {4903, 759029941}) = 0
17035 futex(0xc8200f6a10, FUTEX_WAKE, 1 <unfinished ...>
17036 <... futex resumed> )             = 0
17035 <... futex resumed> )             = 1
17032 clock_gettime(CLOCK_REALTIME,  <unfinished ...>
17036 select(0, NULL, NULL, NULL, {0, 100} <unfinished ...>
17035 write(6, "8000\r\n \0\0\0\0\0\0\0\0\0\0\0\0\0\0\0reflect: c"..., 4096) = 4096
17032 <... clock_gettime resumed> {1465918769, 543072608}) = 0
17035 write(6, "apability\0\0\0\0\0\0\0\0\0\0\0\0\0segmentati"..., 28678) = 28678
17032 select(0, NULL, NULL, NULL, {0, 20} <unfinished ...>
17035 write(6, "\r\n", 2)               = 2
17035 read(7, "func(*reflect.sliceType) bool\0\0\0"..., 32768) = 32768
17035 write(6, "8000\r\nfunc(*fs.PerfEventGroup) s"..., 4096) = 4096
17035 write(6, "ng\0\0\0\0func(*parse.PipeNode, stri"..., 28678) = 28678
17035 write(6, "\r\n", 2 <unfinished ...>
17032 <... select resumed> )            = 0 (Timeout)
17035 <... write resumed> )             = 2
17036 <... select resumed> )            = 0 (Timeout)
17035 read(7,  <unfinished ...>
17032 clock_gettime(CLOCK_MONOTONIC,  <unfinished ...>
17036 futex(0xc8200f6a10, FUTEX_WAIT, 0, NULL <unfinished ...>
17035 <... read resumed> "*map.bucket[string]reflect.Value"..., 32768) = 32768
17032 <... clock_gettime resumed> {4903, 759266565}) = 0
17035 futex(0xc8200f6a10, FUTEX_WAKE, 1 <unfinished ...>
17036 <... futex resumed> )             = 0
17035 <... futex resumed> )             = 1
17032 clock_gettime(CLOCK_REALTIME,  <unfinished ...>
17036 select(0, NULL, NULL, NULL, {0, 100} <unfinished ...>
17035 write(6, "8000\r\nrootfs (%q) does not exist"..., 4096 <unfinished ...>
17032 <... clock_gettime resumed> {1465918769, 543308527}) = 0
17035 <... write resumed> )             = 4096
17035 write(6, "\0\0\0\0\0\0user: lookup username %s: "..., 28678 <unfinished ...>
17032 select(0, NULL, NULL, NULL, {0, 20} <unfinished ...>
17035 <... write resumed> )             = 28678
17035 write(6, "\r\n", 2)               = 2
17035 read(7, "func(*parse.ListNode, parse.Node"..., 32768) = 32768
17035 write(6, "8000\r\nfunc(*libcontainer.created"..., 4096) = 4096
17035 write(6, "\0\0\0\0\0\0func(*netlink.Veth) *netli"..., 28678) = 28678
17032 <... select resumed> )            = 0 (Timeout)
17035 write(6, "\r\n", 2)               = 2
17032 clock_gettime(CLOCK_MONOTONIC,  <unfinished ...>
17036 <... select resumed> )            = 0 (Timeout)
17035 read(7,  <unfinished ...>
17032 <... clock_gettime resumed> {4903, 759491369}) = 0
17036 futex(0xc8200f6a10, FUTEX_WAIT, 0, NULL <unfinished ...>
17035 <... read resumed> "github.com/docker/docker/pkg/ter"..., 32768) = 32768
17035 futex(0xc8200f6a10, FUTEX_WAKE, 1 <unfinished ...>
17032 clock_gettime(CLOCK_REALTIME,  <unfinished ...>
17036 <... futex resumed> )             = 0
17035 <... futex resumed> )             = 1
17032 <... clock_gettime resumed> {1465918769, 543531462}) = 0
17036 select(0, NULL, NULL, NULL, {0, 100} <unfinished ...>
17035 write(6, "8000\r\nfunc(parse.endNode) parse."..., 4096 <unfinished ...>
17032 select(0, NULL, NULL, NULL, {0, 20} <unfinished ...>
17035 <... write resumed> )             = 4096
17035 write(6, "\0\0\0\0\0\0func(string, []uint8, int,"..., 28678) = 28678
17035 write(6, "\r\n", 2)               = 2
17035 read(7, "func(*criurpc.CriuResp) *criurpc"..., 32768) = 32768
17035 write(6, "8000\r\n[]struct { a configs.Names"..., 4096) = 4096
17032 <... select resumed> )            = 0 (Timeout)
17035 write(6, "\0\0\0\0\0\0func(*binary.littleEndian,"..., 28678) = 28678
17032 clock_gettime(CLOCK_MONOTONIC,  <unfinished ...>
17035 write(6, "\r\n", 2)               = 2
17032 <... clock_gettime resumed> {4903, 759712924}) = 0
17036 <... select resumed> )            = 0 (Timeout)
17035 read(7,  <unfinished ...>
17036 futex(0xc8200f6a10, FUTEX_WAIT, 0, NULL <unfinished ...>
17035 <... read resumed> "reflect.Value.setRunes of non-ru"..., 32768) = 32768
17032 clock_gettime(CLOCK_REALTIME,  <unfinished ...>
17035 futex(0xc8200f6a10, FUTEX_WAKE, 1 <unfinished ...>
17036 <... futex resumed> )             = 0
17035 <... futex resumed> )             = 1
17032 <... clock_gettime resumed> {1465918769, 543769300}) = 0
17036 select(0, NULL, NULL, NULL, {0, 100} <unfinished ...>
17035 write(6, "8000\r\nfunc(syntax.patchList, *sy"..., 4096) = 4096
17032 select(0, NULL, NULL, NULL, {0, 20} <unfinished ...>
17035 write(6, "\0\0\0\0\0\0map.hdr[string]struct { cl"..., 28678) = -1 EAGAIN (Resource temporarily unavailable)
17035 read(7, "reflect.Value.Slice: string slic"..., 32768) = 32768
17035 futex(0xc8200f6590, FUTEX_WAIT, 0, NULL <unfinished ...>
17032 <... select resumed> )            = 0 (Timeout)
17032 clock_gettime(CLOCK_MONOTONIC, {4903, 759933661}) = 0
17032 clock_gettime(CLOCK_REALTIME, {1465918769, 543936772}) = 0
17032 select(0, NULL, NULL, NULL, {0, 20} <unfinished ...>
17036 <... select resumed> )            = 0 (Timeout)
17036 futex(0xc8200f6a10, FUTEX_WAIT, 0, NULL <unfinished ...>
17032 <... select resumed> )            = 0 (Timeout)
17032 clock_gettime(CLOCK_MONOTONIC, {4903, 760031854}) = 0
17032 futex(0x21ee760, FUTEX_WAIT, 0, {60, 0} <unfinished ...>
17033 <... epoll_wait resumed> {{EPOLLOUT, {u32=2134024192, u64=140606478393344}}}, 128, -1) = 1
17033 clock_gettime(CLOCK_MONOTONIC, {4903, 760943920}) = 0
17033 futex(0xc8200f6a10, FUTEX_WAKE, 1 <unfinished ...>
17036 <... futex resumed> )             = 0
17033 <... futex resumed> )             = 1
17036 epoll_wait(5,  <unfinished ...>
17033 futex(0x21ee760, FUTEX_WAKE, 1 <unfinished ...>
17036 <... epoll_wait resumed> {}, 128, 0) = 0
17033 <... futex resumed> )             = 1
17032 <... futex resumed> )             = 0
17036 sched_yield( <unfinished ...>
17033 write(6, "\0\0\0\0\0\0map.hdr[string]struct { cl"..., 28678 <unfinished ...>
17036 <... sched_yield resumed> )       = 0
17033 <... write resumed> )             = 28678
17032 clock_gettime(CLOCK_MONOTONIC,  <unfinished ...>
17036 futex(0x21ee6a0, FUTEX_WAKE, 1 <unfinished ...>
17033 write(6, "\r\n", 2 <unfinished ...>
17032 <... clock_gettime resumed> {4903, 761067883}) = 0
17036 <... futex resumed> )             = 0
17033 <... write resumed> )             = 2
17032 clock_gettime(CLOCK_REALTIME,  <unfinished ...>
17036 epoll_wait(5,  <unfinished ...>
17033 futex(0xc8200f6590, FUTEX_WAKE, 1 <unfinished ...>
17035 <... futex resumed> )             = 0
17033 <... futex resumed> )             = 1
17032 <... clock_gettime resumed> {1465918769, 545104823}) = 0
17035 select(0, NULL, NULL, NULL, {0, 100} <unfinished ...>
17036 <... epoll_wait resumed> {{EPOLLOUT, {u32=2134024192, u64=140606478393344}}}, 128, -1) = 1
17033 write(6, "8000\r\nfunc(fs.subsystemSet, stri"..., 4096 <unfinished ...>
17032 select(0, NULL, NULL, NULL, {0, 20} <unfinished ...>
17036 epoll_wait(5,  <unfinished ...>
17033 <... write resumed> )             = 4096
17036 <... epoll_wait resumed> {{EPOLLOUT, {u32=2134024192, u64=140606478393344}}}, 128, -1) = 1
17033 write(6, "\0\0\0\0\0\0json:\"apparmorProfile,omit"..., 28678 <unfinished ...>
17036 epoll_wait(5,  <unfinished ...>
17033 <... write resumed> )             = 28678
17033 write(6, "\r\n", 2)               = 2
17033 read(7, "pty\"\0\0\0\0\0\0\0\0\0\0\0\0\0\0\0\0\0\0\0\0\0\0\0\0\0\0\0\0"..., 32768) = 32768
17032 <... select resumed> )            = 0 (Timeout)
17033 write(6, "8000\r\nfunc(*net.dnsRR_MG, func(i"..., 4096) = 4096
17032 clock_gettime(CLOCK_MONOTONIC,  <unfinished ...>
17035 <... select resumed> )            = 0 (Timeout)
17033 write(6, "inNode\0\0\0\0\0\0\0\0\0\0\0\0\0\0\0\0\0\0\0\0\0\0\0\0\0\0"..., 28678 <unfinished ...>
17032 <... clock_gettime resumed> {4903, 761324028}) = 0
17035 read(7,  <unfinished ...>
17033 <... write resumed> )             = 28678
17032 clock_gettime(CLOCK_REALTIME,  <unfinished ...>
17035 <... read resumed> "\1\0\0\0\1\0\0\0\1\0\0\0\3\0\0\0\6\0\0\0\4\0\0\0\4\0\0\0\4\0\0\0"..., 32768) = 32768
17033 write(6, "\r\n", 2 <unfinished ...>
17032 <... clock_gettime resumed> {1465918769, 545364865}) = 0
17035 futex(0xc8200f6590, FUTEX_WAIT, 0, NULL <unfinished ...>
17033 <... write resumed> )             = 2
17033 futex(0xc8200f6590, FUTEX_WAKE, 1 <unfinished ...>
17032 select(0, NULL, NULL, NULL, {0, 20} <unfinished ...>
17035 <... futex resumed> )             = 0
17033 <... futex resumed> )             = 1
17035 select(0, NULL, NULL, NULL, {0, 100} <unfinished ...>
17033 write(6, "8000\r\n\16\0\0\0\2\0\0\0\t\0\0\0\0\0\0\0\f\0\0\0\2\0\0\0\6\0"..., 4096) = 4096
17033 write(6, "\0\0\17\0\0\0\17\0\0\0\3\0\0\0\22\0\0\0\0\0\0\0\1\0\0\0\10\0\0\0\3\0"..., 28678) = 28678
17033 write(6, "\r\n", 2)               = 2
17033 read(7,  <unfinished ...>
17032 <... select resumed> )            = 0 (Timeout)
17033 <... read resumed> "\0\0\0\0\0\7\4\0\0\0\0\0\0\0\0\200\324\0\0\0\n\0\0\0\31\0\0\0\0\0\0\0"..., 32768) = 32768
17033 write(6, "8000\r\n\0\0\0\0\20\0\0\0\25\0\0\0\35\0\0\0\22\0\0\0\22\1\0\0\30\1"..., 4096 <unfinished ...>
17032 clock_gettime(CLOCK_MONOTONIC,  <unfinished ...>
17033 <... write resumed> )             = 4096
17033 write(6, "\0\0\3510\0\0\3100\0\0\300\0\0\0\t\0\0\0\f\0\0\0U\1\0\0U\1\0\0U\1"..., 28678 <unfinished ...>
17032 <... clock_gettime resumed> {4903, 761561036}) = 0
17033 <... write resumed> )             = 28678
17033 write(6, "\r\n", 2 <unfinished ...>
17032 clock_gettime(CLOCK_REALTIME,  <unfinished ...>
17035 <... select resumed> )            = 0 (Timeout)
17033 <... write resumed> )             = 2
17032 <... clock_gettime resumed> {1465918769, 545600328}) = 0
17035 read(7,  <unfinished ...>
17033 futex(0xc82002ea10, FUTEX_WAIT, 0, NULL <unfinished ...>
17032 select(0, NULL, NULL, NULL, {0, 20} <unfinished ...>
17035 <... read resumed> " \0\0\0\0\0\0\0$\0\0\0\0\0\0\0\5\1\0\0\0\0\0\0\0050\0\0\0\0\0\0"..., 32768) = 32768
17035 futex(0xc82002ea10, FUTEX_WAKE, 1) = 1
17033 <... futex resumed> )             = 0
17035 write(6, "8000\r\n\0\0\0\0\0\0x\0\0\0\0\0\3\220\7\0\0\0\0\0\0\200\7\0\0\0"..., 4096 <unfinished ...>
17033 select(0, NULL, NULL, NULL, {0, 100} <unfinished ...>
17035 <... write resumed> )             = 4096
17035 write(6, "\0\0\0\0\0\0\212b\0\0\0\0\0\0\214`\0\0\0\0\0\0\10`\0\0\0\0\0\0\t`"..., 28678) = 28678
17035 write(6, "\r\n", 2 <unfinished ...>
17032 <... select resumed> )            = 0 (Timeout)
17035 <... write resumed> )             = 2
17035 read(7,  <unfinished ...>
17032 clock_gettime(CLOCK_MONOTONIC,  <unfinished ...>
17035 <... read resumed> "\3\6\0\0\0\0\0\0\0\0\0\0\0\0\0\0\3\0\0\0\0\0\0\0\0\0\0\0\3\0\0\0"..., 32768) = 32768
17035 ioctl(0, TIOCGWINSZ <unfinished ...>
17032 <... clock_gettime resumed> {4903, 761780205}) = 0
17035 <... ioctl resumed> , {ws_row=35, ws_col=112, ws_xpixel=0, ws_ypixel=0}) = 0
17035 ioctl(0, TIOCGWINSZ <unfinished ...>
17032 clock_gettime(CLOCK_REALTIME,  <unfinished ...>
17035 <... ioctl resumed> , {ws_row=35, ws_col=112, ws_xpixel=0, ws_ypixel=0}) = 0
17035 write(1, "Sending build context to Docker "..., 48 <unfinished ...>
17032 <... clock_gettime resumed> {1465918769, 545823033}) = 0
17035 <... write resumed> )             = 48
17033 <... select resumed> )            = 0 (Timeout)
17035 write(6, "8000\r\n\300\0\0\4\0000\0\0\0\0\0\0\370/\0\0\0\0\0\0\300\0\0\4\0000"..., 4096 <unfinished ...>
17033 read(7,  <unfinished ...>
17032 select(0, NULL, NULL, NULL, {0, 20} <unfinished ...>
17035 <... write resumed> )             = 4096
17033 <... read resumed> "o uint16; receivedp *uint8; rele"..., 32768) = 32768
17035 write(6, "\10\0\0\0\0\0\0\30\0\0\0\0\0\300\377\3\0\0\0D\0\0\0\0\0\0\0\30\0\0\0\0"..., 28678 <unfinished ...>
17033 futex(0xc82002ea10, FUTEX_WAIT, 0, NULL <unfinished ...>
17035 <... write resumed> )             = 28678
17032 <... select resumed> )            = 0 (Timeout)
17035 write(6, "\r\n", 2)               = 2
17032 clock_gettime(CLOCK_MONOTONIC,  <unfinished ...>
17035 futex(0xc82002ea10, FUTEX_WAKE, 1) = 1
17033 <... futex resumed> )             = 0
17032 <... clock_gettime resumed> {4903, 762063881}) = 0
17035 write(6, "8000\r\n\330\0\204\0\0\0\0\0\6\0\0\0\0\0\0\0\0\0\0\0\0\0\0\0\0\0"..., 4096 <unfinished ...>
17033 select(0, NULL, NULL, NULL, {0, 100} <unfinished ...>
17032 clock_gettime(CLOCK_REALTIME,  <unfinished ...>
17035 <... write resumed> )             = 4096
17035 write(6, "; so uint16; receivedp *uint8; r"..., 28678 <unfinished ...>
17032 <... clock_gettime resumed> {1465918769, 546107598}) = 0
17035 <... write resumed> )             = 28678
17035 write(6, "\r\n", 2 <unfinished ...>
17032 select(0, NULL, NULL, NULL, {0, 20} <unfinished ...>
17035 <... write resumed> )             = 2
17035 read(7, "\4\5\6\6\360\21\0\0\0\0\1\1\1\2\2\2\2\2\3\3\4\4\4\4\364\21\0\0\0\0\1\1"..., 32768) = 32768
17035 write(6, "8000\r\n\n\n\v\v\v\f\f\f\20\26\33!\0\5\0\0\0\4\v\r\16\16\17\17\17\17"..., 4096) = 4096
17035 write(6, "\1\1u\v\0\0\0\0\0\0\0\1\2\2\2\2\2\2\2\2\2\3x\v\0\0\0\0\1\1\1\1"..., 28678) = 28678
17035 write(6, "\r\n", 2)               = 2
17032 <... select resumed> )            = 0 (Timeout)
17035 read(7,  <unfinished ...>
17033 <... select resumed> )            = 0 (Timeout)
17032 clock_gettime(CLOCK_MONOTONIC,  <unfinished ...>
17035 <... read resumed> "@qx\0\0\0\0\0\340qx\0\0\0\0\0\340\25z\0\0\0\0\0`b{\0\0\0\0\0"..., 32768) = 32768
17033 futex(0xc82002ea10, FUTEX_WAIT, 0, NULL <unfinished ...>
17035 futex(0xc82002ea10, FUTEX_WAKE, 1 <unfinished ...>
17033 <... futex resumed> )             = -1 EAGAIN (Resource temporarily unavailable)
17032 <... clock_gettime resumed> {4903, 762289482}) = 0
17035 <... futex resumed> )             = 0
17033 select(0, NULL, NULL, NULL, {0, 100} <unfinished ...>
17035 write(6, "8000\r\n\300\313u\0\0\0\0\0\340\311u\0\0\0\0\0`\314u\0\0\0\0\0\240\315"..., 4096 <unfinished ...>
17032 clock_gettime(CLOCK_REALTIME,  <unfinished ...>
17035 <... write resumed> )             = 4096
17035 write(6, "x\0\0\0\0\0@\31s\0\0\0\0\0\340Vu\0\0\0\0\0\200Wu\0\0\0\0\0 X"..., 28678 <unfinished ...>
17032 <... clock_gettime resumed> {1465918769, 546351388}) = 0
17035 <... write resumed> )             = 28678
17035 write(6, "\r\n", 2 <unfinished ...>
17032 select(0, NULL, NULL, NULL, {0, 20} <unfinished ...>
17035 <... write resumed> )             = 2
17035 read(7, "p\256I\0\0\0\0\0000\24\5\0\0\0\0\0 \257I\0\0\0\0\0\240\24\5\0\0\0\0\0"..., 32768) = 32768
17035 write(6, "8000\r\n\0\2G\0\0\0\0\0\340\23\4\0\0\0\0\0\240\2G\0\0\0\0\0X\24"..., 4096) = 4096
17035 write(6, "\4\0\0\0\0\0`\250G\0\0\0\0\0p\230\4\0\0\0\0\0p\251G\0\0\0\0\0\360\230"..., 28678) = -1 EAGAIN (Resource temporarily unavailable)
17035 read(7, " \227X\0\0\0\0\0\370\n\n\0\0\0\0\0\320\227X\0\0\0\0\0h\v\n\0\0\0\0\0"..., 32768) = 32768
17032 <... select resumed> )            = 0 (Timeout)
17035 futex(0xc8200f6590, FUTEX_WAIT, 0, NULL <unfinished ...>
17033 <... select resumed> )            = 0 (Timeout)
17032 clock_gettime(CLOCK_MONOTONIC,  <unfinished ...>
17033 futex(0xc82002ea10, FUTEX_WAIT, 0, NULL <unfinished ...>
17032 <... clock_gettime resumed> {4903, 762524545}) = 0
17032 clock_gettime(CLOCK_REALTIME, {1465918769, 546537397}) = 0
17032 select(0, NULL, NULL, NULL, {0, 20}) = 0 (Timeout)
17032 clock_gettime(CLOCK_MONOTONIC, {4903, 762654378}) = 0
17032 futex(0x21ee760, FUTEX_WAIT, 0, {60, 0} <unfinished ...>
17036 <... epoll_wait resumed> {{EPOLLOUT, {u32=2134024192, u64=140606478393344}}}, 128, -1) = 1
17036 clock_gettime(CLOCK_MONOTONIC, {4903, 763713613}) = 0
17036 futex(0xc82002ea10, FUTEX_WAKE, 1) = 1
17033 <... futex resumed> )             = 0
17036 futex(0x21ee760, FUTEX_WAKE, 1 <unfinished ...>
17033 epoll_wait(5,  <unfinished ...>
17036 <... futex resumed> )             = 1
17033 <... epoll_wait resumed> {}, 128, 0) = 0
17032 <... futex resumed> )             = 0
17036 write(6, "\4\0\0\0\0\0`\250G\0\0\0\0\0p\230\4\0\0\0\0\0p\251G\0\0\0\0\0\360\230"..., 28678 <unfinished ...>
17033 epoll_wait(5,  <unfinished ...>
17036 <... write resumed> )             = 28678
17032 clock_gettime(CLOCK_MONOTONIC,  <unfinished ...>
17036 write(6, "\r\n", 2)               = 2
17032 <... clock_gettime resumed> {4903, 764159593}) = 0
17036 futex(0xc8200f6590, FUTEX_WAKE, 1 <unfinished ...>
17033 <... epoll_wait resumed> {{EPOLLOUT, {u32=2134024192, u64=140606478393344}}}, 128, -1) = 1
17036 <... futex resumed> )             = 1
17035 <... futex resumed> )             = 0
17033 epoll_wait(5,  <unfinished ...>
17032 clock_gettime(CLOCK_REALTIME,  <unfinished ...>
17036 write(6, "8000\r\n\340\220U\0\0\0\0\0\310\366\10\0\0\0\0\0\0\221U\0\0\0\0\0000\367"..., 4096 <unfinished ...>
17035 select(0, NULL, NULL, NULL, {0, 100} <unfinished ...>
17036 <... write resumed> )             = 4096
17032 <... clock_gettime resumed> {1465918769, 548292385}) = 0
17036 write(6, "\t\0\0\0\0\0pMW\0\0\0\0\0\320\232\t\0\0\0\0\0\200MW\0\0\0\0\0(\233"..., 28678) = 28678
17032 select(0, NULL, NULL, NULL, {0, 20} <unfinished ...>
17036 write(6, "\r\n", 2)               = 2
17036 read(7, "P\217e\0\0\0\0\0\250\275\16\0\0\0\0\0\360\217e\0\0\0\0\0 \276\16\0\0\0\0\0"..., 32768) = 32768
17036 write(6, "8000\r\n0\377a\0\0\0\0\0H\271\r\0\0\0\0\0@\377a\0\0\0\0\0\250\271"..., 4096 <unfinished ...>
17032 <... select resumed> )            = 0 (Timeout)
17036 <... write resumed> )             = 4096
17035 <... select resumed> )            = 0 (Timeout)
17036 write(6, "\16\0\0\0\0\0\260}d\0\0\0\0\0(T\16\0\0\0\0\0 ~d\0\0\0\0\0\260T"..., 28678 <unfinished ...>
17035 read(7,  <unfinished ...>
17032 clock_gettime(CLOCK_MONOTONIC,  <unfinished ...>
17036 <... write resumed> )             = 28678
17035 <... read resumed> "\1\0\0\0\2\0\0\0B\335\1\0\0\0\0\0\350\257\215\0\0\0\0\0\200\246\215\0\0\0\0\0"..., 32768) = 32768
17036 write(6, "\r\n", 2 <unfinished ...>
17035 futex(0xc8200f6590, FUTEX_WAIT, 0, NULL <unfinished ...>
17032 <... clock_gettime resumed> {4903, 764567493}) = 0
17036 <... write resumed> )             = 2
17036 futex(0xc8200f6590, FUTEX_WAKE, 1 <unfinished ...>
17032 clock_gettime(CLOCK_REALTIME,  <unfinished ...>
17036 <... futex resumed> )             = 1
17035 <... futex resumed> )             = 0
17036 write(6, "8000\r\n\260\276@\0\0\0\0\0 \301\1\0(\0\0\0gE#\0013\301\1\0O\301"..., 4096 <unfinished ...>
17035 select(0, NULL, NULL, NULL, {0, 100} <unfinished ...>
17032 <... clock_gettime resumed> {1465918769, 548651437}) = 0
17036 <... write resumed> )             = 4096
17036 write(6, "\0\0\0\0\0\0`\27A\0\0\0\0\0 \321\1\0\30\0\0\0gE#\0011\321\1\0;\321"..., 28678 <unfinished ...>
17032 select(0, NULL, NULL, NULL, {0, 20} <unfinished ...>
17036 <... write resumed> )             = 28678
17036 write(6, "\r\n", 2)               = 2
17036 read(7, "+]\2\0/]\2\0\1\0\0\0\2\0\0\0F]\2\0\0\0\0\0d^\215\0\0\0\0\0"..., 32768) = 32768
17036 write(6, "8000\r\n\1\0\0\0\2\0\0\0|A\2\0\0\0\0\0\204\200\215\0\0\0\0\0\240\202"..., 4096 <unfinished ...>
17035 <... select resumed> )            = 0 (Timeout)
17032 <... select resumed> )            = 0 (Timeout)
17036 <... write resumed> )             = 4096
17035 read(7,  <unfinished ...>
17036 write(6, "\4\257\1\1\260\1\231\1\257\1\1\260\1T\257\1\30\0T\260\v\0\204\3\34\n\30\6\16\2\36\4"..., 28678 <unfinished ...>
17035 <... read resumed> "\230q\215\0\0\0\0\0runtime.mProf_Malloc\0\0\2\""..., 32768) = 32768
17032 clock_gettime(CLOCK_MONOTONIC,  <unfinished ...>
17036 <... write resumed> )             = 28678
17035 futex(0xc8200f6590, FUTEX_WAIT, 0, NULL <unfinished ...>
17032 <... clock_gettime resumed> {4903, 764996991}) = 0
17036 write(6, "\r\n", 2)               = 2
17032 clock_gettime(CLOCK_REALTIME,  <unfinished ...>
17036 futex(0xc8200f6590, FUTEX_WAKE, 1) = 1
17035 <... futex resumed> )             = 0
17032 <... clock_gettime resumed> {1465918769, 549056003}) = 0
17036 write(6, "8000\r\nruntime.handoff\0\0\2\27P\322\1O\1P\7"..., 4096 <unfinished ...>
17035 select(0, NULL, NULL, NULL, {0, 100} <unfinished ...>
17036 <... write resumed> )             = 4096
17032 select(0, NULL, NULL, NULL, {0, 20} <unfinished ...>
17036 write(6, " \0t \0\210\16 \0\0\0\0\0\0\240\0D\0\0\0\0\0(\321\2\0\10\0\0\0gE"..., 28678) = 28678
17036 write(6, "\r\n", 2)               = 2
17036 read(7, "\30]\3\0\30\0\0\0gE#\1)]\3\0<]\3\0A]\3\0\1\0\0\0\2\0\0\0"..., 32768) = 32768
17036 write(6, "8000\r\nB\7\20\0\0>\4\261\3\1a\0\0\0\0\0 \2E\0\0\0\0\0000A"..., 4096 <unfinished ...>
17032 <... select resumed> )            = 0 (Timeout)
17036 <... write resumed> )             = 4096
17036 write(6, "\3\0$Q\3\0\1\0\0\0\2\0\0\0:Q\3\0\0\0\0\0\234Q\215\0\0\0\0\0PP"..., 28678 <unfinished ...>
17032 clock_gettime(CLOCK_MONOTONIC,  <unfinished ...>
17036 <... write resumed> )             = 28678
17035 <... select resumed> )            = 0 (Timeout)
17032 <... clock_gettime resumed> {4903, 765291764}) = 0
17036 write(6, "\r\n", 2 <unfinished ...>
17035 read(7,  <unfinished ...>
17036 <... write resumed> )             = 2
17035 <... read resumed> "\1^\217\1\1\220\1\4\217\1\n\0\264\1\200\1\0\222\16\23\2Z\2\5\1\4\1\n\0\0h\2"..., 32768) = 32768
17032 clock_gettime(CLOCK_REALTIME,  <unfinished ...>
17036 futex(0xc8200f6a10, FUTEX_WAIT, 0, NULL <unfinished ...>
17035 futex(0xc8200f6a10, FUTEX_WAKE, 1 <unfinished ...>
17032 <... clock_gettime resumed> {1465918769, 549348174}) = 0
17036 <... futex resumed> )             = -1 EAGAIN (Resource temporarily unavailable)
17035 <... futex resumed> )             = 0
17036 select(0, NULL, NULL, NULL, {0, 100} <unfinished ...>
17035 write(6, "8000\r\n\1\23\2(\2\5\1\34\1\24\0\0006\2:\0PZF\0\0\0\0\0000\301"..., 4096 <unfinished ...>
17032 select(0, NULL, NULL, NULL, {0, 20} <unfinished ...>
17035 <... write resumed> )             = 4096
17035 write(6, "\17\5\7\17\7\5\16\0\0W\2\252\1\2`\2\221\2\2\225\1\2\320\1\3a\6:\t\236\1\0"..., 28678) = 28678
17035 write(6, "\r\n", 2)               = 2
17035 read(7, "terWritten bool; shutdownSema ui"..., 32768) = 32768
17035 write(6, "8000\r\n\4\240\2\0\0>\2\342\1\0\0\0\0\0\0\0`AG\0\0\0\0\0(A"..., 4096) = 4096
17032 <... select resumed> )            = 0 (Timeout)
17035 write(6, "\2;\0\0\0\0 WG\0\0\0\0\0\30Q\4\0\30\0\0\0gE#\1[Q\4\0_Q"..., 28678) = 28678
17032 clock_gettime(CLOCK_MONOTONIC,  <unfinished ...>
17035 write(6, "\r\n", 2)               = 2
17032 <... clock_gettime resumed> {4903, 765541238}) = 0
17036 <... select resumed> )            = 0 (Timeout)
17035 read(7,  <unfinished ...>
17032 clock_gettime(CLOCK_REALTIME,  <unfinished ...>
17036 futex(0xc8200f6a10, FUTEX_WAIT, 0, NULL <unfinished ...>
17035 <... read resumed> "\16\2J\2\n\6 \2\5\2\n\2\5\2\n\f\t\2\263\1\6\n\3&\4\2\4\n\25\t\2\202"..., 32768) = 32768
17032 <... clock_gettime resumed> {1465918769, 549582411}) = 0
17035 futex(0xc8200f6a10, FUTEX_WAKE, 1 <unfinished ...>
17036 <... futex resumed> )             = 0
17035 <... futex resumed> )             = 1
17032 select(0, NULL, NULL, NULL, {0, 20} <unfinished ...>
17036 select(0, NULL, NULL, NULL, {0, 100} <unfinished ...>
17035 write(6, "8000\r\nFlags\0\0\2P\0\314\1P\0\314\n\5\2\7\2\t\2\16\4\7\2"..., 4096) = 4096
17035 write(6, "t.(*ss).Width\0\0\0020\0\316\0010\0\264\3\5\2\r\2\17\4\17\0"..., 28678) = 28678
17035 write(6, "\r\n", 2)               = 2
17035 read(7, "\30]\5\0(\0\0\0gE#\1']\5\0.]\5\0002]\5\0\1\0\0\0\2\0\0\0"..., 32768) = 32768
17035 write(6, "8000\r\n\2\2\30\2\10\2\n\2\6\2R\2\v\n\363\1\2\300\1\2\10\27\36\34\342\1"..., 4096 <unfinished ...>
17032 <... select resumed> )            = 0 (Timeout)
17035 <... write resumed> )             = 4096
17035 write(6, "\5\0\0\0\0\0|V\215\0\0\0\0\0PP\215\0\0\0\0\0syscall.St"..., 28678 <unfinished ...>
17032 clock_gettime(CLOCK_MONOTONIC,  <unfinished ...>
17035 <... write resumed> )             = -1 EAGAIN (Resource temporarily unavailable)
17035 read(7,  <unfinished ...>
17032 <... clock_gettime resumed> {4903, 765771214}) = 0
17035 <... read resumed> "T\2\16\2\36\10\251\2\2K\2R\2M\0025\2N\2\235\1\5\30\f\220\2\2\373\2\r\5\16"..., 32768) = 32768
17036 <... select resumed> )            = 0 (Timeout)
17035 futex(0xc8200f6590, FUTEX_WAIT, 0, NULL <unfinished ...>
17032 clock_gettime(CLOCK_REALTIME,  <unfinished ...>
17036 futex(0xc8200f6a10, FUTEX_WAIT, 0, NULL <unfinished ...>
17032 <... clock_gettime resumed> {1465918769, 549821162}) = 0
17032 select(0, NULL, NULL, NULL, {0, 20}) = 0 (Timeout)
17032 clock_gettime(CLOCK_MONOTONIC, {4903, 765986484}) = 0
17032 futex(0x21ee760, FUTEX_WAIT, 0, {60, 0} <unfinished ...>
17033 <... epoll_wait resumed> {{EPOLLOUT, {u32=2134024192, u64=140606478393344}}}, 128, -1) = 1
17033 clock_gettime(CLOCK_MONOTONIC, {4903, 767628523}) = 0
17033 futex(0xc8200f6a10, FUTEX_WAKE, 1) = 1
17033 futex(0x21ee760, FUTEX_WAKE, 1)   = 1
17032 <... futex resumed> )             = 0
17033 write(6, "\5\0\0\0\0\0|V\215\0\0\0\0\0PP\215\0\0\0\0\0syscall.St"..., 28678 <unfinished ...>
17032 clock_gettime(CLOCK_MONOTONIC,  <unfinished ...>
17033 <... write resumed> )             = 28678
17032 <... clock_gettime resumed> {4903, 767705279}) = 0
17033 write(6, "\r\n", 2 <unfinished ...>
17032 clock_gettime(CLOCK_REALTIME,  <unfinished ...>
17033 <... write resumed> )             = 2
17032 <... clock_gettime resumed> {1465918769, 551728228}) = 0
17033 write(6, "8000\r\ngE#\1S\301\5\0{\301\5\0\200\301\5\0\1\0\0\0\2\0\0\0\236\301"..., 4096 <unfinished ...>
17032 select(0, NULL, NULL, NULL, {0, 20} <unfinished ...>
17033 <... write resumed> )             = 4096
17033 write(6, "\0015\5\37\4D\3\37\1\37\1\31\20~\25r\0024\1\364\2\34V\27\261\2\30V\27\366\1 "..., 28678) = 28678
17033 write(6, "\r\n", 2)               = 2
17033 read(7, "\212\2&\2%\2\v\2\22\4\n\2\237\1\4-\17\22\0\0002\2\236\2\0\0\0\0\0\0\0\0"..., 32768) = 32768
17032 <... select resumed> )            = 0 (Timeout)
17033 write(6, "8000\r\n\24\5D\3\33\0011\0\220\213M\0\0\0\0\0(A\6\0 \0\0\0gE"..., 4096 <unfinished ...>
17032 clock_gettime(CLOCK_MONOTONIC,  <unfinished ...>
17033 <... write resumed> )             = 4096
17032 <... clock_gettime resumed> {4903, 767922810}) = 0
17033 write(6, "\16\4\243\1\2\330\1\6\212\1\2\30\6[\2g\2\30\3\37\n\32\t\7\rE\1\25\r\10\3\r"..., 28678 <unfinished ...>
17032 clock_gettime(CLOCK_REALTIME,  <unfinished ...>
17033 <... write resumed> )             = 28678
17032 <... clock_gettime resumed> {1465918769, 551944849}) = 0
17033 write(6, "\r\n", 2 <unfinished ...>
17032 select(0, NULL, NULL, NULL, {0, 20} <unfinished ...>
17033 <... write resumed> )             = 2
17033 read(7, "d\335\6\0\0\0\0\0p\261\215\0\0\0\0\0000\272\215\0\0\0\0\0github.c"..., 32768) = 32768
17033 ioctl(0, TIOCGWINSZ <unfinished ...>
17036 <... futex resumed> )             = 0
17032 <... select resumed> )            = 0 (Timeout)
17033 <... ioctl resumed> , {ws_row=35, ws_col=112, ws_xpixel=0, ws_ypixel=0}) = 0
17032 clock_gettime(CLOCK_MONOTONIC,  <unfinished ...>
17033 ioctl(0, TIOCGWINSZ <unfinished ...>
17032 <... clock_gettime resumed> {4903, 768115198}) = 0
17033 <... ioctl resumed> , {ws_row=35, ws_col=112, ws_xpixel=0, ws_ypixel=0}) = 0
17032 clock_gettime(CLOCK_REALTIME,  <unfinished ...>
17036 epoll_wait(5,  <unfinished ...>
17033 write(1, "Sending build context to Docker "..., 48 <unfinished ...>
17032 <... clock_gettime resumed> {1465918769, 552190534}) = 0
17033 <... write resumed> )             = 48
17032 select(0, NULL, NULL, NULL, {0, 20} <unfinished ...>
17033 write(6, "8000\r\ne/cli.lookupGlobalFlagSet\0"..., 4096) = 4096
17033 write(6, "\2\"\260\5\262\7\257\5\1\260\5E\257\5\26\0\302\2\260\10\0\262\3\"\2\22\2\264\1\2(\2"..., 28678) = 28678
17033 write(6, "\r\n", 2 <unfinished ...>
17036 <... epoll_wait resumed> {}, 128, 0) = 0
17033 <... write resumed> )             = 2
17033 read(7,  <unfinished ...>
17032 <... select resumed> )            = 0 (Timeout)
17033 <... read resumed> "\4\22\2Z\2\27\4P\6h\10\31\10\6\2 \4\v\6$\2\252\1\2\t\4\f\7\21\36\"\17"..., 32768) = 32768
17032 clock_gettime(CLOCK_MONOTONIC,  <unfinished ...>
17033 write(6, "8000\r\n_\2A\0\0\0\0\0\360)P\0\0\0\0\0(A\7\0008\0\0\0gE"..., 4096 <unfinished ...>
17032 <... clock_gettime resumed> {4903, 768358258}) = 0
17033 <... write resumed> )             = 4096
17032 clock_gettime(CLOCK_REALTIME,  <unfinished ...>
17036 select(0, NULL, NULL, NULL, {0, 100} <unfinished ...>
17033 write(6, "0\25\2\2\3\25\2\5\33\25\32\5?\25&\5'\25\2\5\3\25\2\5\3\25\2\5\3\25\2\5"..., 28678 <unfinished ...>
17032 <... clock_gettime resumed> {1465918769, 552376626}) = 0
17033 <... write resumed> )             = 28678
17032 select(0, NULL, NULL, NULL, {0, 20} <unfinished ...>
17033 write(6, "\r\n", 2)               = 2
17033 read(7, "\1\2S\1}\4*\2\200\2\5G\10\215\1\7\311\2\nn\2*\2\200\2\rG\20C\0054\t"..., 32768) = 32768
17033 write(6, "8000\r\n\32\301\7\0\0\0\0\0TQ\215\0\0\0\0\0PP\215\0\0\0\0\0ti"..., 4096) = 4096
17033 write(6, "\0\2\27\360\1\321\1\357\1\1\360\1\7\357\1\20\0\214\3\200\2\0\352\1)\2\307\1\1\20\0\0"..., 28678) = 28678
17032 <... select resumed> )            = 0 (Timeout)
17033 write(6, "\r\n", 2 <unfinished ...>
17032 clock_gettime(CLOCK_MONOTONIC,  <unfinished ...>
17033 <... write resumed> )             = 2
17032 <... clock_gettime resumed> {4903, 768528584}) = 0
17033 read(7,  <unfinished ...>
17032 clock_gettime(CLOCK_REALTIME,  <unfinished ...>
17033 <... read resumed> "\2\36\n\"\2\5\10\5\4\4\2\7\2\2\0044\10(\2\5\1\t\35 \26\f\37\f\1\20\0\0"..., 32768) = 32768
17032 <... clock_gettime resumed> {1465918769, 552551135}) = 0
17033 write(6, "8000\r\n\324R\215\0\0\0\0\0PP\215\0\0\0\0\0encoding/j"..., 4096 <unfinished ...>
17032 select(0, NULL, NULL, NULL, {0, 20} <unfinished ...>
17033 <... write resumed> )             = 4096
17033 write(6, "Index).Len\0\0\2\27`\206\1_\1`\4_\16\0\232\3\260\1\0L\260\1"..., 28678) = 28678
17033 write(6, "\r\n", 2)               = -1 EAGAIN (Resource temporarily unavailable)
17033 read(7, "\350P\215\0\0\0\0\0PP\215\0\0\0\0\0os/exec.(*ExitEr"..., 32768) = 32768
17033 epoll_wait(5,  <unfinished ...>
17032 <... select resumed> )            = 0 (Timeout)
17033 <... epoll_wait resumed> {}, 128, 0) = 0
17032 clock_gettime(CLOCK_MONOTONIC,  <unfinished ...>
17033 epoll_wait(5,  <unfinished ...>
17032 <... clock_gettime resumed> {4903, 768700414}) = 0
17032 clock_gettime(CLOCK_REALTIME, {1465918769, 552709355}) = 0
17032 select(0, NULL, NULL, NULL, {0, 20}) = 0 (Timeout)
17032 clock_gettime(CLOCK_MONOTONIC, {4903, 768828056}) = 0
17032 clock_gettime(CLOCK_REALTIME, {1465918769, 552832175}) = 0
17032 select(0, NULL, NULL, NULL, {0, 20}) = 0 (Timeout)
17032 clock_gettime(CLOCK_MONOTONIC, {4903, 768953948}) = 0
17032 clock_gettime(CLOCK_REALTIME, {1465918769, 552955927}) = 0
17032 select(0, NULL, NULL, NULL, {0, 20}) = 0 (Timeout)
17032 clock_gettime(CLOCK_MONOTONIC, {4903, 769027723}) = 0
17032 clock_gettime(CLOCK_REALTIME, {1465918769, 553029662}) = 0
17032 select(0, NULL, NULL, NULL, {0, 20}) = 0 (Timeout)
17032 clock_gettime(CLOCK_MONOTONIC, {4903, 769138434}) = 0
17032 clock_gettime(CLOCK_REALTIME, {1465918769, 553140264}) = 0
17032 select(0, NULL, NULL, NULL, {0, 20}) = 0 (Timeout)
17032 clock_gettime(CLOCK_MONOTONIC, {4903, 769250801}) = 0
17032 clock_gettime(CLOCK_REALTIME, {1465918769, 553252858}) = 0
17032 select(0, NULL, NULL, NULL, {0, 20}) = 0 (Timeout)
17032 clock_gettime(CLOCK_MONOTONIC, {4903, 769363217}) = 0
17032 clock_gettime(CLOCK_REALTIME, {1465918769, 553365160}) = 0
17032 select(0, NULL, NULL, NULL, {0, 20}) = 0 (Timeout)
17032 clock_gettime(CLOCK_MONOTONIC, {4903, 769475527}) = 0
17032 clock_gettime(CLOCK_REALTIME, {1465918769, 553477515}) = 0
17032 select(0, NULL, NULL, NULL, {0, 20}) = 0 (Timeout)
17032 clock_gettime(CLOCK_MONOTONIC, {4903, 769586094}) = 0
17032 clock_gettime(CLOCK_REALTIME, {1465918769, 553590807}) = 0
17032 select(0, NULL, NULL, NULL, {0, 20}) = 0 (Timeout)
17032 clock_gettime(CLOCK_MONOTONIC, {4903, 769701367}) = 0
17032 clock_gettime(CLOCK_REALTIME, {1465918769, 553703395}) = 0
17032 select(0, NULL, NULL, NULL, {0, 20}) = 0 (Timeout)
17032 clock_gettime(CLOCK_MONOTONIC, {4903, 769813306}) = 0
17032 clock_gettime(CLOCK_REALTIME, {1465918769, 553815224}) = 0
17032 select(0, NULL, NULL, NULL, {0, 20}) = 0 (Timeout)
17032 clock_gettime(CLOCK_MONOTONIC, {4903, 769924465}) = 0
17032 clock_gettime(CLOCK_REALTIME, {1465918769, 553926324}) = 0
17032 select(0, NULL, NULL, NULL, {0, 20}) = 0 (Timeout)
17032 clock_gettime(CLOCK_MONOTONIC, {4903, 770021858}) = 0
17032 clock_gettime(CLOCK_REALTIME, {1465918769, 554023965}) = 0
17032 select(0, NULL, NULL, NULL, {0, 20}) = 0 (Timeout)
17032 clock_gettime(CLOCK_MONOTONIC, {4903, 770134533}) = 0
17032 clock_gettime(CLOCK_REALTIME, {1465918769, 554136552}) = 0
17032 select(0, NULL, NULL, NULL, {0, 20}) = 0 (Timeout)
17032 clock_gettime(CLOCK_MONOTONIC, {4903, 770246797}) = 0
17032 clock_gettime(CLOCK_REALTIME, {1465918769, 554248770}) = 0
17032 select(0, NULL, NULL, NULL, {0, 20}) = 0 (Timeout)
17032 clock_gettime(CLOCK_MONOTONIC, {4903, 770357260}) = 0
17032 clock_gettime(CLOCK_REALTIME, {1465918769, 554359083}) = 0
17032 select(0, NULL, NULL, NULL, {0, 20}) = 0 (Timeout)
17032 clock_gettime(CLOCK_MONOTONIC, {4903, 770468963}) = 0
17032 clock_gettime(CLOCK_REALTIME, {1465918769, 554470877}) = 0
17032 select(0, NULL, NULL, NULL, {0, 20}) = 0 (Timeout)
17032 clock_gettime(CLOCK_MONOTONIC, {4903, 770580666}) = 0
17032 clock_gettime(CLOCK_REALTIME, {1465918769, 554582524}) = 0
17032 select(0, NULL, NULL, NULL, {0, 20}) = 0 (Timeout)
17032 clock_gettime(CLOCK_MONOTONIC, {4903, 770691144}) = 0
17032 clock_gettime(CLOCK_REALTIME, {1465918769, 554692894}) = 0
17032 select(0, NULL, NULL, NULL, {0, 20}) = 0 (Timeout)
17032 clock_gettime(CLOCK_MONOTONIC, {4903, 770801759}) = 0
17032 clock_gettime(CLOCK_REALTIME, {1465918769, 554803657}) = 0
17032 select(0, NULL, NULL, NULL, {0, 20} <unfinished ...>
17033 <... epoll_wait resumed> {{EPOLLOUT, {u32=2134024192, u64=140606478393344}}}, 128, -1) = 1
17033 clock_gettime(CLOCK_MONOTONIC, {4903, 770871217}) = 0
17033 write(6, "\r\n", 2)               = 2
17033 write(6, "8000\r\n\30\301\10\0@\0\0\0gE#\1+\301\10\0;\301\10\0@\301\10\0\1\0"..., 4096 <unfinished ...>
17032 <... select resumed> )            = 0 (Timeout)
17033 <... write resumed> )             = 4096
17032 clock_gettime(CLOCK_MONOTONIC,  <unfinished ...>
17033 write(6, "k\277\1\2\31\f9\2\16\4 \0045/\5\30\26\2\5\1\271\1\5\300\1\5\7\3\24\7\5\6"..., 28678 <unfinished ...>
17032 <... clock_gettime resumed> {4903, 770941388}) = 0
17033 <... write resumed> )             = 28678
17032 clock_gettime(CLOCK_REALTIME,  <unfinished ...>
17033 write(6, "\r\n", 2 <unfinished ...>
17032 <... clock_gettime resumed> {1465918769, 554961218}) = 0
17033 <... write resumed> )             = 2
17032 select(0, NULL, NULL, NULL, {0, 20} <unfinished ...>
17033 read(7, "rtTime\0\0\2\37\220\3\344\2\217\3\1\220\3\251\1\217\3\1\220\3\"\217\3\20\0\372"..., 32768) = 32768
17033 write(6, "8000\r\n\30A\t\0 \0\0\0gE#\1[A\t\0\224A\t\0\231A\t\0\1\0"..., 4096) = 4096
17033 write(6, "\t\0*Q\t\0\1\0\0\0\2\0\0\0=Q\t\0\0\0\0\0\224`\215\0\0\0\0\0\344\\"..., 28678) = 28678
17033 write(6, "\r\n", 2)               = 2
17032 <... select resumed> )            = 0 (Timeout)
17033 read(7,  <unfinished ...>
17032 clock_gettime(CLOCK_MONOTONIC,  <unfinished ...>
17033 <... read resumed> "\2\205\1\2X\2:\2S\2~\2'\2\254\2\1';/2#1\27,\270\1+\v*\27)"..., 32768) = 32768
17032 <... clock_gettime resumed> {4903, 771115985}) = 0
17033 write(6, "8000\r\n\1\0\0\0\2\0\0\0g\301\t\0\0\0\0\0p\200\215\0\0\0\0\0\260r"..., 4096 <unfinished ...>
17032 clock_gettime(CLOCK_REALTIME,  <unfinished ...>
17033 <... write resumed> )             = 4096
17032 <... clock_gettime resumed> {1465918769, 555141982}) = 0
17033 write(6, "\n\22\6\35\2\4\10\10\2\n\2\v\2J\10\6\4-\2\v\2\260\1\10+\6\16\2D\10*\3"..., 28678 <unfinished ...>
17032 select(0, NULL, NULL, NULL, {0, 20} <unfinished ...>
17033 <... write resumed> )             = 28678
17033 write(6, "\r\n", 2)               = 2
17033 read(7, "\350P\215\0\0\0\0\0PP\215\0\0\0\0\0reflect.(*chanTy"..., 32768) = 32768
17033 write(6, "8000\r\nPP\215\0\0\0\0\0reflect.(*funcType"..., 4096) = 4096
17033 write(6, "\215\0\0\0\0\0reflect.(*interfaceType).K"..., 28678) = 28678
17032 <... select resumed> )            = 0 (Timeout)
17033 write(6, "\r\n", 2 <unfinished ...>
17032 clock_gettime(CLOCK_MONOTONIC,  <unfinished ...>
17033 <... write resumed> )             = 2
17032 <... clock_gettime resumed> {4903, 771294950}) = 0
17033 read(7,  <unfinished ...>
17032 clock_gettime(CLOCK_REALTIME,  <unfinished ...>
17033 <... read resumed> "\0\0\0\0\0\0\0\0P\264Y\0\0\0\0\0(\335\n\0 \0\0\0gE#\1?\335\n\0"..., 32768) = 32768
17032 <... clock_gettime resumed> {1465918769, 555320564}) = 0
17033 write(6, "8000\r\ngE#\1G\301\n\0X\301\n\0]\301\n\0\1\0\0\0\2\0\0\0x\301"..., 4096 <unfinished ...>
17032 select(0, NULL, NULL, NULL, {0, 20} <unfinished ...>
17033 <... write resumed> )             = 4096
17033 write(6, "\0\0\2\27\200\1d\177\1\200\1/\177\25\0\336\4\300\1\0\366\5%\2\206\1\1\25\0\0^\2"..., 28678) = 28678
17033 write(6, "\r\n", 2)               = 2
17033 read(7, "\1\2v\3\27\4\24\1\305\1\2\262\2\3\27\4i\3\367\1\6\266\2\2\231\1\1v\2C\7\27"..., 32768) = 32768
17033 write(6, "8000\r\naA\v\0fA\v\0\1\0\0\0\2\0\0\0\226A\v\0\0\0\0\0\340\356"..., 4096) = 4096
17032 <... select resumed> )            = 0 (Timeout)
17033 write(6, "\v\0ZQ\v\0\1\0\0\0\2\0\0\0{Q\v\0\0\0\0\0\340\203\215\0\0\0\0\0\34z"..., 28678 <unfinished ...>
17032 clock_gettime(CLOCK_MONOTONIC,  <unfinished ...>
17033 <... write resumed> )             = -1 EAGAIN (Resource temporarily unavailable)
17032 <... clock_gettime resumed> {4903, 771474625}) = 0
17033 read(7,  <unfinished ...>
17032 clock_gettime(CLOCK_REALTIME,  <unfinished ...>
17033 <... read resumed> "\20\335\v\0\20\0\0\0gE#\1a\335\v\0d\335\v\0h\335\v\0\0\0\0\0\2\0\0\0"..., 32768) = 32768
17032 <... clock_gettime resumed> {1465918769, 555498323}) = 0
17033 epoll_wait(5,  <unfinished ...>
17032 select(0, NULL, NULL, NULL, {0, 20} <unfinished ...>
17033 <... epoll_wait resumed> {}, 128, 0) = 0
17033 epoll_wait(5,  <unfinished ...>
17032 <... select resumed> )            = 0 (Timeout)
17032 clock_gettime(CLOCK_MONOTONIC, {4903, 771627463}) = 0
17032 clock_gettime(CLOCK_REALTIME, {1465918769, 555629667}) = 0
17032 select(0, NULL, NULL, NULL, {0, 20}) = 0 (Timeout)
17032 clock_gettime(CLOCK_MONOTONIC, {4903, 771738420}) = 0
17032 clock_gettime(CLOCK_REALTIME, {1465918769, 555740197}) = 0
17032 select(0, NULL, NULL, NULL, {0, 20}) = 0 (Timeout)
17032 clock_gettime(CLOCK_MONOTONIC, {4903, 771854177}) = 0
17032 clock_gettime(CLOCK_REALTIME, {1465918769, 555856163}) = 0
17032 select(0, NULL, NULL, NULL, {0, 20}) = 0 (Timeout)
17032 clock_gettime(CLOCK_MONOTONIC, {4903, 771966488}) = 0
17032 clock_gettime(CLOCK_REALTIME, {1465918769, 555968472}) = 0
17032 select(0, NULL, NULL, NULL, {0, 20}) = 0 (Timeout)
17032 clock_gettime(CLOCK_MONOTONIC, {4903, 772079373}) = 0
17032 clock_gettime(CLOCK_REALTIME, {1465918769, 556081315}) = 0
17032 select(0, NULL, NULL, NULL, {0, 20}) = 0 (Timeout)
17032 clock_gettime(CLOCK_MONOTONIC, {4903, 772189628}) = 0
17032 clock_gettime(CLOCK_REALTIME, {1465918769, 556191454}) = 0
17032 select(0, NULL, NULL, NULL, {0, 20}) = 0 (Timeout)
17032 clock_gettime(CLOCK_MONOTONIC, {4903, 772301583}) = 0
17032 clock_gettime(CLOCK_REALTIME, {1465918769, 556303534}) = 0
17032 select(0, NULL, NULL, NULL, {0, 20}) = 0 (Timeout)
17032 clock_gettime(CLOCK_MONOTONIC, {4903, 772413880}) = 0
17032 clock_gettime(CLOCK_REALTIME, {1465918769, 556415808}) = 0
17032 select(0, NULL, NULL, NULL, {0, 20}) = 0 (Timeout)
17032 clock_gettime(CLOCK_MONOTONIC, {4903, 772524055}) = 0
17032 clock_gettime(CLOCK_REALTIME, {1465918769, 556525897}) = 0
17032 select(0, NULL, NULL, NULL, {0, 20}) = 0 (Timeout)
17032 clock_gettime(CLOCK_MONOTONIC, {4903, 772634072}) = 0
17032 clock_gettime(CLOCK_REALTIME, {1465918769, 556638116}) = 0
17032 select(0, NULL, NULL, NULL, {0, 20}) = 0 (Timeout)
17032 clock_gettime(CLOCK_MONOTONIC, {4903, 772749251}) = 0
17032 clock_gettime(CLOCK_REALTIME, {1465918769, 556751129}) = 0
17032 select(0, NULL, NULL, NULL, {0, 20}) = 0 (Timeout)
17032 clock_gettime(CLOCK_MONOTONIC, {4903, 772865015}) = 0
17032 clock_gettime(CLOCK_REALTIME, {1465918769, 556866838}) = 0
17032 select(0, NULL, NULL, NULL, {0, 20}) = 0 (Timeout)
17032 clock_gettime(CLOCK_MONOTONIC, {4903, 772975758}) = 0
17032 clock_gettime(CLOCK_REALTIME, {1465918769, 556977512}) = 0
17032 select(0, NULL, NULL, NULL, {0, 20}) = 0 (Timeout)
17032 clock_gettime(CLOCK_MONOTONIC, {4903, 773088661}) = 0
17032 clock_gettime(CLOCK_REALTIME, {1465918769, 557090701}) = 0
17032 select(0, NULL, NULL, NULL, {0, 20}) = 0 (Timeout)
17032 clock_gettime(CLOCK_MONOTONIC, {4903, 773200731}) = 0
17032 clock_gettime(CLOCK_REALTIME, {1465918769, 557202658}) = 0
17032 select(0, NULL, NULL, NULL, {0, 20}) = 0 (Timeout)
17032 clock_gettime(CLOCK_MONOTONIC, {4903, 773311048}) = 0
17032 clock_gettime(CLOCK_REALTIME, {1465918769, 557312854}) = 0
17032 select(0, NULL, NULL, NULL, {0, 20}) = 0 (Timeout)
17032 clock_gettime(CLOCK_MONOTONIC, {4903, 773422161}) = 0
17032 clock_gettime(CLOCK_REALTIME, {1465918769, 557424005}) = 0
17032 select(0, NULL, NULL, NULL, {0, 20} <unfinished ...>
17033 <... epoll_wait resumed> {{EPOLLOUT, {u32=2134024192, u64=140606478393344}}}, 128, -1) = 1
17033 clock_gettime(CLOCK_MONOTONIC, {4903, 773497849}) = 0
17033 write(6, "\v\0ZQ\v\0\1\0\0\0\2\0\0\0{Q\v\0\0\0\0\0\340\203\215\0\0\0\0\0\34z"..., 28678) = 28678
17032 <... select resumed> )            = 0 (Timeout)
17033 write(6, "\r\n", 2 <unfinished ...>
17032 clock_gettime(CLOCK_MONOTONIC,  <unfinished ...>
17033 <... write resumed> )             = 2
17032 <... clock_gettime resumed> {4903, 773550510}) = 0
17033 write(6, "8000\r\nom/opencontainers/runc/lib"..., 4096 <unfinished ...>
17032 clock_gettime(CLOCK_REALTIME,  <unfinished ...>
17033 <... write resumed> )             = 4096
17032 <... clock_gettime resumed> {1465918769, 557573822}) = 0
17033 write(6, "\0\0\2\0\0\0 R\215\0\0\0\0\0PP\215\0\0\0\0\0github.com"..., 28678 <unfinished ...>
17032 select(0, NULL, NULL, NULL, {0, 20} <unfinished ...>
17033 <... write resumed> )             = 28678
17033 write(6, "\r\n", 2)               = 2
17033 read(7, "\2\332\2\6Q\10D\2H\2\270\1\2@;\5<\16;\5<S\1\25\2\5\1\16\1\17\1\17"..., 32768) = 32768
17033 write(6, "8000\r\n\n\0\240\21Q\4\6\2\"\6\20\2X\6?\2B\4\2\2\t\2\221\1\2&"..., 4096) = 4096
17033 write(6, "#\1\27Q\f\0\32Q\f\0\36Q\f\0\0\0\0\0\2\0\0\0\274R\215\0\0\0\0\0PP"..., 28678) = 28678
17032 <... select resumed> )            = 0 (Timeout)
17033 write(6, "\r\n", 2 <unfinished ...>
17032 clock_gettime(CLOCK_MONOTONIC,  <unfinished ...>
17033 <... write resumed> )             = 2
17032 <... clock_gettime resumed> {4903, 773722123}) = 0
17033 read(7,  <unfinished ...>
17032 clock_gettime(CLOCK_REALTIME,  <unfinished ...>
17033 <... read resumed> "\356\2\377\2\1\200\3\357\2\377\2\23\0\310\5\220\6\0\210\fI\0021\2B\2g\0026\0025\4"..., 32768) = 32768
17032 <... clock_gettime resumed> {1465918769, 557742293}) = 0
17033 write(6, "8000\r\n\1\1\320\1\f\317\1\1\320\1\34\317\1\16\0\306\5\300\2\0\4\300\2\0\0\277"..., 4096 <unfinished ...>
17032 select(0, NULL, NULL, NULL, {0, 20} <unfinished ...>
17033 <... write resumed> )             = 4096
17033 write(6, "\215\0\0\0\0\0\224\225\215\0\0\0\0\0text/template.(*st"..., 28678) = 28678
17033 write(6, "\r\n", 2)               = 2
17033 read(7, "\304c\215\0\0\0\0\0net.policyTable.Classify"..., 32768) = 32768
17033 write(6, "8000\r\next/template/parse.stopPar"..., 4096 <unfinished ...>
17032 <... select resumed> )            = 0 (Timeout)
17033 <... write resumed> )             = 4096
17032 clock_gettime(CLOCK_MONOTONIC,  <unfinished ...>
17033 write(6, "#\1\33Q\r\0\36Q\r\0\"Q\r\0\0\0\0\0\2\0\0\0 R\215\0\0\0\0\0PP"..., 28678 <unfinished ...>
17032 <... clock_gettime resumed> {4903, 773911396}) = 0
17033 <... write resumed> )             = 28678
17032 clock_gettime(CLOCK_REALTIME,  <unfinished ...>
17033 write(6, "\r\n", 2 <unfinished ...>
17032 <... clock_gettime resumed> {1465918769, 557933360}) = 0
17033 <... write resumed> )             = 2
17032 select(0, NULL, NULL, NULL, {0, 20} <unfinished ...>
17033 read(7, "WriteMsgUnix\0\0\2\"\220\4\305\1\217\4\1\220\4\227\3\217\4\1\220\4"..., 32768) = 32768
17033 write(6, "8000\r\n\0\0\0\0\0\0\0\0@\17b\0\0\0\0\0(\301\r\0\30\0\0\0gE"..., 4096 <unfinished ...>
17036 <... select resumed> )            = 0 (Timeout)
17033 <... write resumed> )             = 4096
17032 <... select resumed> )            = 0 (Timeout)
17036 read(7,  <unfinished ...>
17033 write(6, "b\0\0\0\0\0\30\321\r\0\20\0\0\0gE#\0013\321\r\0>\321\r\0B\321\r\0\1\0"..., 28678 <unfinished ...>
17032 clock_gettime(CLOCK_MONOTONIC,  <unfinished ...>
17036 <... read resumed> "J\2\16\2*\4\235\1\2\21\4pi\5d\0257\212\1\25d\6\5\5\16)\25\7\7\v\25\t"..., 32768) = 32768
17033 <... write resumed> )             = -1 EAGAIN (Resource temporarily unavailable)
17032 <... clock_gettime resumed> {4903, 774053596}) = 0
17036 epoll_wait(5,  <unfinished ...>
17033 epoll_wait(5,  <unfinished ...>
17032 clock_gettime(CLOCK_REALTIME,  <unfinished ...>
17036 <... epoll_wait resumed> {}, 128, 0) = 0
17033 <... epoll_wait resumed> {}, 128, 0) = 0
17032 <... clock_gettime resumed> {1465918769, 558081579}) = 0
17036 epoll_wait(5,  <unfinished ...>
17033 futex(0xc82002ea10, FUTEX_WAIT, 0, NULL <unfinished ...>
17032 select(0, NULL, NULL, NULL, {0, 20}) = 0 (Timeout)
17032 clock_gettime(CLOCK_MONOTONIC, {4903, 774575575}) = 0
17032 futex(0x21ee760, FUTEX_WAIT, 0, {60, 0} <unfinished ...>
17036 <... epoll_wait resumed> {{EPOLLOUT, {u32=2134024192, u64=140606478393344}}}, 128, -1) = 1
17036 clock_gettime(CLOCK_MONOTONIC, {4903, 775372737}) = 0
17036 futex(0xc82002ea10, FUTEX_WAKE, 1) = 1
17033 <... futex resumed> )             = 0
17036 futex(0x21ee760, FUTEX_WAKE, 1 <unfinished ...>
17033 epoll_wait(5,  <unfinished ...>
17036 <... futex resumed> )             = 1
17033 <... epoll_wait resumed> {}, 128, 0) = 0
17036 write(6, "b\0\0\0\0\0\30\321\r\0\20\0\0\0gE#\0013\321\r\0>\321\r\0B\321\r\0\1\0"..., 28678 <unfinished ...>
17033 epoll_wait(5,  <unfinished ...>
17036 <... write resumed> )             = 28678
17036 write(6, "\r\n", 2)               = 2
17036 futex(0xc8200f6590, FUTEX_WAKE, 1) = 1
17035 <... futex resumed> )             = 0
17036 write(6, "8000\r\n|\0034\4)\4\\\2>\3\"\0\0\0\0\0\260\23d\0\0\0\0\0000A"..., 4096 <unfinished ...>
17035 select(0, NULL, NULL, NULL, {0, 100} <unfinished ...>
17036 <... write resumed> )             = 4096
17033 <... epoll_wait resumed> {{EPOLLOUT, {u32=2134024192, u64=140606478393344}}}, 128, -1) = 1
17036 write(6, "\31\0\256\6o\7%\10\f\7\25\10\33\0\354\2o\317\2%\320\2\f\317\2\25\320\2\33\0\0004"..., 28678 <unfinished ...>
17033 epoll_wait(5,  <unfinished ...>
17036 <... write resumed> )             = 28678
17036 write(6, "\r\n", 2)               = 2
17036 read(7, "\1\7\2\2\3\4\r\r\0\0\\\2D\0\0\0000\342e\0\0\0\0\0000\335\16\0 \0\0\0"..., 32768) = 32768
17036 write(6, "8000\r\ngger).SetFlags\0\0\2\0230\\/\0010\n/\1"..., 4096) = 4096
17036 write(6, "fio.(*Writer).Write\0\0\2\37\360\2\201\5\357\2\1\360\2"..., 28678) = 28678
17036 write(6, "\r\n", 2)               = 2
17036 read(7, "github.com/godbus/dbus.(*Conn).R"..., 32768) = 32768
17035 <... select resumed> )            = 0 (Timeout)
17036 ioctl(0, TIOCGWINSZ <unfinished ...>
17035 read(7,  <unfinished ...>
17036 <... ioctl resumed> , {ws_row=35, ws_col=112, ws_xpixel=0, ws_ypixel=0}) = 0
17035 <... read resumed> "\7\260\3\0\34\260\3\0\0w\2\271\2\0\0\0\200\202i\0\0\0\0\0000\335\17\0\30\0\0\0"..., 32768) = 32768
17036 ioctl(0, TIOCGWINSZ <unfinished ...>
17035 futex(0xc8200f6590, FUTEX_WAIT, 0, NULL <unfinished ...>
17036 <... ioctl resumed> , {ws_row=35, ws_col=112, ws_xpixel=0, ws_ypixel=0}) = 0
17036 write(1, "Sending build context to Docker "..., 48) = 48
17036 write(6, "8000\r\n\224k\215\0\0\0\0\0\204l\215\0\0\0\0\0github.com"..., 4096) = 4096
17036 write(6, "\0\0\2\0\0\0>Q\17\0\0\0\0\0\fT\215\0\0\0\0\0\234Q\215\0\0\0\0\0gi"..., 28678 <unfinished ...>
17032 <... futex resumed> )             = 0
17036 <... write resumed> )             = 28678
17036 write(6, "\r\n", 2)               = 2
17036 futex(0xc8200f6590, FUTEX_WAKE, 1) = 1
17035 <... futex resumed> )             = 0
17036 write(6, "8000\r\n@\301\17\0\0\0\0\0 R\215\0\0\0\0\0PP\215\0\0\0\0\0en"..., 4096 <unfinished ...>
17035 select(0, NULL, NULL, NULL, {0, 100} <unfinished ...>
17036 <... write resumed> )             = 4096
17036 write(6, "\0\0\2\0\0\0.\321\17\0\0\0\0\0\324R\215\0\0\0\0\0hU\215\0\0\0\0\0en"..., 28678) = 28678
17036 write(6, "\r\n", 2)               = 2
17036 read(7, "F]\20\0\0\0\0\0\274R\215\0\0\0\0\0PP\215\0\0\0\0\0text/tem"..., 32768) = 32768
17036 write(6, "8000\r\nth\0\0\2\23pMo\20\0\300\7p\0\322\4\30\2I\1\17\0\0@\2"..., 4096) = 4096
17036 write(6, "\215\0\0\0\0\0$[\215\0\0\0\0\0text/template/pars"..., 28678) = 28678
17036 write(6, "\r\n", 2)               = 2
17036 read(7, "\1\0\0\0\2\0\0\0F\335\20\0\0\0\0\0\274R\215\0\0\0\0\0\204W\215\0\0\0\0\0"..., 32768) = 32768
17035 <... select resumed> )            = 0 (Timeout)
17036 write(6, "8000\r\n\364V\215\0\0\0\0\0PP\215\0\0\0\0\0text/templ"..., 4096 <unfinished ...>
17035 read(7,  <unfinished ...>
17036 <... write resumed> )             = 4096
17035 <... read resumed> "\257\4\1\260\4\370\2\257\4\1\260\4\231\4\257\4\1\260\4\7\257\4\1\260\4\315\3\257\4\1\260\4"..., 32768) = 32768
17036 write(6, "\20\0\25\321\20\0\1\0\0\0\2\0\0\0\31\321\20\0\0\0\0\0PP\215\0\0\0\0\0PP"..., 28678 <unfinished ...>
17035 futex(0xc8200f6590, FUTEX_WAIT, 0, NULL <unfinished ...>
17036 <... write resumed> )             = 28678
17036 write(6, "\r\n", 2)               = 2
17036 futex(0xc8200f6590, FUTEX_WAKE, 1) = 1
17035 <... futex resumed> )             = 0
17036 write(6, "8000\r\ngE#\1#A\21\0'A\21\0,A\21\0\1\0\0\0\2\0\0\0=A"..., 4096 <unfinished ...>
17035 select(0, NULL, NULL, NULL, {0, 100} <unfinished ...>
17036 <... write resumed> )             = 4096
17036 write(6, "\215\0\0\0\0\0math/big.nat.setBit\0\0\2\37\240\2\333"..., 28678) = 28678
17036 write(6, "\r\n", 2)               = 2
17036 read(7, "nd_linux.go\0\0/usr/local/go/src/c"..., 32768) = 32768
17036 write(6, "8000\r\nQ\307\21\0*\307\21\0\3\307\21\0\332\306\21\0\263\306\21\0\202\306\21\0Q\306"..., 4096) = 4096
17036 write(6, "e/src/github.com/godbus/dbus/var"..., 28678) = 28678
17036 write(6, "\r\n", 2)               = 2
17036 read(7, "\0\376\302\0\0\0\0\0\0\0\0\0\0\0\0\0\0\0\0\0\0\0\0\0F.@\0\0\0\0\0"..., 32768) = 32768
17036 write(6, "8000\r\ncgo_mmap.go\0\0/usr/local/go"..., 4096 <unfinished ...>
17035 <... select resumed> )            = 0 (Timeout)
17036 <... write resumed> )             = 4096
17035 read(7,  <unfinished ...>
17036 write(6, "\30A\16\20B\16\10\0\0\0\0\0\0\0,\0\0\0\f\10\0\0\0\266\314\377.\0\0\0\0B"..., 28678 <unfinished ...>
17035 <... read resumed> "\33\0\0\0\0\0\0\0\f\0\0\0\0\0\0\0  \211\0\0\0\0\0\34\0\0\0\0\0\0\0"..., 32768) = 32768
17032 clock_gettime(CLOCK_MONOTONIC,  <unfinished ...>
17036 <... write resumed> )             = -1 EAGAIN (Resource temporarily unavailable)
17035 futex(0xc8200f6590, FUTEX_WAIT, 0, NULL <unfinished ...>
17036 futex(0xc8200f6a10, FUTEX_WAIT, 0, NULL <unfinished ...>
17032 <... clock_gettime resumed> {4903, 776504610}) = 0
17032 clock_gettime(CLOCK_REALTIME, {1465918769, 560544794}) = 0
17032 select(0, NULL, NULL, NULL, {0, 20}) = 0 (Timeout)
17032 clock_gettime(CLOCK_MONOTONIC, {4903, 776664516}) = 0
17032 futex(0x21ee760, FUTEX_WAIT, 0, {60, 0} <unfinished ...>
17033 <... epoll_wait resumed> {{EPOLLOUT, {u32=2134024192, u64=140606478393344}}}, 128, -1) = 1
17033 clock_gettime(CLOCK_MONOTONIC, {4903, 777579316}) = 0
17033 futex(0xc8200f6a10, FUTEX_WAKE, 1 <unfinished ...>
17036 <... futex resumed> )             = 0
17033 <... futex resumed> )             = 1
17036 epoll_wait(5,  <unfinished ...>
17033 futex(0x21ee760, FUTEX_WAKE, 1 <unfinished ...>
17036 <... epoll_wait resumed> {}, 128, 0) = 0
17033 <... futex resumed> )             = 1
17036 sched_yield( <unfinished ...>
17033 write(6, "\30A\16\20B\16\10\0\0\0\0\0\0\0,\0\0\0\f\10\0\0\0\266\314\377.\0\0\0\0B"..., 28678 <unfinished ...>
17032 <... futex resumed> )             = 0
17036 <... sched_yield resumed> )       = 0
17033 <... write resumed> )             = 28678
17036 futex(0x21ee6a0, FUTEX_WAKE, 1 <unfinished ...>
17033 write(6, "\r\n", 2 <unfinished ...>
17032 clock_gettime(CLOCK_MONOTONIC,  <unfinished ...>
17036 <... futex resumed> )             = 0
17033 <... write resumed> )             = 2
17036 epoll_wait(5,  <unfinished ...>
17033 futex(0xc8200f6590, FUTEX_WAKE, 1 <unfinished ...>
17032 <... clock_gettime resumed> {4903, 777715922}) = 0
17035 <... futex resumed> )             = 0
17033 <... futex resumed> )             = 1
17036 <... epoll_wait resumed> {{EPOLLOUT, {u32=2134024192, u64=140606478393344}}}, 128, -1) = 1
17035 select(0, NULL, NULL, NULL, {0, 100} <unfinished ...>
17033 write(6, "8000\r\n\22\0\0\0\0\0\0\0\0\0\0\0\0\0\0\0\0\0\0\0\0\0\0\0\240\263"..., 4096 <unfinished ...>
17032 clock_gettime(CLOCK_REALTIME,  <unfinished ...>
17036 epoll_wait(5,  <unfinished ...>
17033 <... write resumed> )             = 4096
17036 <... epoll_wait resumed> {{EPOLLOUT, {u32=2134024192, u64=140606478393344}}}, 128, -1) = 1
17033 write(6, "\0\0\0\0\0\0\0\0\0\0\0\0\0\0\0\0\0\0\0\0\0\0\0\0\0\0\0\0\0\0\0\0"..., 28678 <unfinished ...>
17032 <... clock_gettime resumed> {1465918769, 561800093}) = 0
17036 epoll_wait(5,  <unfinished ...>
17033 <... write resumed> )             = 28678
17033 write(6, "\r\n", 2 <unfinished ...>
17032 select(0, NULL, NULL, NULL, {0, 20} <unfinished ...>
17033 <... write resumed> )             = 2
17033 read(7, "\1\0\0\0\260\20\1\0\272\20\1\0\1\0\0\0\0\21\1\0\2\21\1\0\1\0\0\0'\21\1\0"..., 32768) = 32768
17033 write(6, "8000\r\n\1\0\0\0\263\21\1\0\277\21\1\0\1\0\0\0,\22\1\0004\22\1\0\1\0"..., 4096 <unfinished ...>
17035 <... select resumed> )            = 0 (Timeout)
17033 <... write resumed> )             = 4096
17035 read(7,  <unfinished ...>
17033 write(6, "\1\0\276\f\300\f\2\0\301\f\304\f\1\0\307\f\310\f\1\0\312\f\313\f\1\0\325\f\326\f\1\0"..., 28678 <unfinished ...>
17035 <... read resumed> "\273\377\377\377\0\0\0\0\273\377\377\377\212\2\0\0\213\2\0\0'\377\377\377\0\0\0\0'\377\377\377"..., 32768) = 32768
17033 <... write resumed> )             = 28678
17032 <... select resumed> )            = 0 (Timeout)
17035 futex(0xc8200f6590, FUTEX_WAIT, 0, NULL <unfinished ...>
17033 write(6, "\r\n", 2)               = 2
17032 clock_gettime(CLOCK_MONOTONIC,  <unfinished ...>
17033 futex(0xc8200f6590, FUTEX_WAKE, 1 <unfinished ...>
17035 <... futex resumed> )             = 0
17033 <... futex resumed> )             = 1
17032 <... clock_gettime resumed> {4903, 778058797}) = 0
17035 select(0, NULL, NULL, NULL, {0, 100} <unfinished ...>
17033 write(6, "8000\r\nA\373C\373\2\0D\373F\373\2\0G\373\261\373\1\0\323\373=\375\1\0P\375"..., 4096) = 4096
17032 clock_gettime(CLOCK_REALTIME,  <unfinished ...>
17033 write(6, "\226)\372=O2O)\323\204\325\0\t&\310\27\340\323\7\227\263O7\362V\n\t\321<SC]"..., 28678) = 28678
17032 <... clock_gettime resumed> {1465918769, 562110142}) = 0
17033 write(6, "\r\n", 2)               = 2
17032 select(0, NULL, NULL, NULL, {0, 20} <unfinished ...>
17033 read(7, "..eq.runtime.workbufhdr\0%\262\1\0type"..., 32768) = 32768
17033 write(6, "8000\r\nruntime.(*sigctxt).rdi\0JQ\1"..., 4096) = 4096
17033 write(6, "\0runtime.tracebackinit\0\305\215\1\0runti"..., 28678) = 28678
17033 write(6, "\r\n", 2)               = 2
17035 <... select resumed> )            = 0 (Timeout)
17032 <... select resumed> )            = 0 (Timeout)
17035 futex(0xc8200f6590, FUTEX_WAIT, 0, NULL <unfinished ...>
17033 read(7, "/opencontainers/runc/libcontaine"..., 32768) = 32768
17032 clock_gettime(CLOCK_MONOTONIC,  <unfinished ...>
17033 futex(0xc8200f6590, FUTEX_WAKE, 1 <unfinished ...>
17035 <... futex resumed> )             = 0
17033 <... futex resumed> )             = 1
17032 <... clock_gettime resumed> {4903, 778302253}) = 0
17035 select(0, NULL, NULL, NULL, {0, 100} <unfinished ...>
17033 write(6, "8000\r\ners/runc/libcontainer.(*li"..., 4096) = 4096
17032 clock_gettime(CLOCK_REALTIME,  <unfinished ...>
17033 write(6, "opencontainers/runc/libcontainer"..., 28678) = 28678
17032 <... clock_gettime resumed> {1465918769, 562358099}) = 0
17033 write(6, "\r\n", 2)               = 2
17032 select(0, NULL, NULL, NULL, {0, 20} <unfinished ...>
17033 read(7, "te).Reset\0\31\31\5\0encoding/json.(*en"..., 32768) = 32768
17033 write(6, "8000\r\nime.(*Duration).String\0Z\270\4"..., 4096) = 4096
17033 write(6, "ing/json.(*scanner).reset\0 \367\4\0en"..., 28678) = 28678
17033 write(6, "\r\n", 2 <unfinished ...>
17035 <... select resumed> )            = 0 (Timeout)
17033 <... write resumed> )             = 2
17032 <... select resumed> )            = 0 (Timeout)
17035 select(0, NULL, NULL, NULL, {0, 100} <unfinished ...>
17033 read(7, "pointer\0\243\217\6\0reflect.(*Value).Add"..., 32768) = 32768
17032 clock_gettime(CLOCK_MONOTONIC,  <unfinished ...>
17033 write(6, "8000\r\nbcontainer/cgroups/systemd"..., 4096) = 4096
17032 <... clock_gettime resumed> {4903, 778556306}) = 0
17033 write(6, "eflect.Value.Bool\0\206^\6\0reflect.Va"..., 28678) = 28678
17032 clock_gettime(CLOCK_REALTIME,  <unfinished ...>
17033 write(6, "\r\n", 2)               = 2
17032 <... clock_gettime resumed> {1465918769, 562594983}) = 0
17033 read(7, "ontainer/criurpc.(*CgroupRoot).G"..., 32768) = 32768
17032 select(0, NULL, NULL, NULL, {0, 20} <unfinished ...>
17033 write(6, "8000\r\n).Index\0\256\250\7\0github.com/gol"..., 4096 <unfinished ...>
17035 <... select resumed> )            = 0 (Timeout)
17033 <... write resumed> )             = 4096
17035 read(7,  <unfinished ...>
17033 write(6, "tPropKey]*github.com/golang/prot"..., 28678 <unfinished ...>
17035 <... read resumed> "xt/template.(*Template).text/tem"..., 32768) = 32768
17033 <... write resumed> )             = 28678
17035 futex(0xc8200f6590, FUTEX_WAIT, 0, NULL <unfinished ...>
17033 write(6, "\r\n", 2 <unfinished ...>
17032 <... select resumed> )            = 0 (Timeout)
17033 <... write resumed> )             = 2
17033 futex(0xc8200f6590, FUTEX_WAKE, 1 <unfinished ...>
17032 clock_gettime(CLOCK_MONOTONIC,  <unfinished ...>
17035 <... futex resumed> )             = 0
17033 <... futex resumed> )             = 1
17032 <... clock_gettime resumed> {4903, 778795491}) = 0
17035 select(0, NULL, NULL, NULL, {0, 100} <unfinished ...>
17033 write(6, "8000\r\nvs.Swap\0B\347\10\0text/template."..., 4096 <unfinished ...>
17032 clock_gettime(CLOCK_REALTIME,  <unfinished ...>
17033 <... write resumed> )             = 4096
17033 write(6, "ext/template.Template.text/templ"..., 28678 <unfinished ...>
17032 <... clock_gettime resumed> {1465918769, 562832353}) = 0
17033 <... write resumed> )             = 28678
17033 write(6, "\r\n", 2 <unfinished ...>
17032 select(0, NULL, NULL, NULL, {0, 20} <unfinished ...>
17033 <... write resumed> )             = 2
17033 read(7, "\v\0github.com/godbus/dbus.alignme"..., 32768) = 32768
17033 write(6, "8000\r\ntemd/dbus.(*Conn).Close\0{\267"..., 4096) = 4096
17033 write(6, "k\0\215\343\n\0type..hash.github.com/core"..., 28678) = -1 EAGAIN (Resource temporarily unavailable)
17033 read(7,  <unfinished ...>
17035 <... select resumed> )            = 0 (Timeout)
17033 <... read resumed> "ndom\0\306\223\f\0internal/syscall/unix.i"..., 32768) = 32768
17032 <... select resumed> )            = 0 (Timeout)
17035 futex(0xc8200f6590, FUTEX_WAIT, 0, NULL <unfinished ...>
17033 futex(0xc82002ea10, FUTEX_WAIT, 0, NULL <unfinished ...>
17032 clock_gettime(CLOCK_MONOTONIC, {4903, 779034356}) = 0
17032 futex(0x21ee760, FUTEX_WAIT, 0, {60, 0} <unfinished ...>
17036 <... epoll_wait resumed> {{EPOLLOUT, {u32=2134024192, u64=140606478393344}}}, 128, -1) = 1
17036 clock_gettime(CLOCK_MONOTONIC, {4903, 780040107}) = 0
17036 futex(0xc82002ea10, FUTEX_WAKE, 1) = 1
17033 <... futex resumed> )             = 0
17036 futex(0x21ee760, FUTEX_WAKE, 1 <unfinished ...>
17033 epoll_wait(5,  <unfinished ...>
17036 <... futex resumed> )             = 1
17033 <... epoll_wait resumed> {}, 128, 0) = 0
17032 <... futex resumed> )             = 0
17036 write(6, "k\0\215\343\n\0type..hash.github.com/core"..., 28678 <unfinished ...>
17033 epoll_wait(5,  <unfinished ...>
17036 <... write resumed> )             = 28678
17032 clock_gettime(CLOCK_MONOTONIC,  <unfinished ...>
17036 write(6, "\r\n", 2)               = 2
17032 <... clock_gettime resumed> {4903, 780149202}) = 0
17036 futex(0xc8200f6590, FUTEX_WAKE, 1) = 1
17035 <... futex resumed> )             = 0
17032 clock_gettime(CLOCK_REALTIME,  <unfinished ...>
17036 ioctl(0, TIOCGWINSZ <unfinished ...>
17035 select(0, NULL, NULL, NULL, {0, 100} <unfinished ...>
17036 <... ioctl resumed> , {ws_row=35, ws_col=112, ws_xpixel=0, ws_ypixel=0}) = 0
17032 <... clock_gettime resumed> {1465918769, 564195220}) = 0
17036 ioctl(0, TIOCGWINSZ <unfinished ...>
17033 <... epoll_wait resumed> {{EPOLLOUT, {u32=2134024192, u64=140606478393344}}}, 128, -1) = 1
17036 <... ioctl resumed> , {ws_row=35, ws_col=112, ws_xpixel=0, ws_ypixel=0}) = 0
17033 epoll_wait(5,  <unfinished ...>
17032 select(0, NULL, NULL, NULL, {0, 20} <unfinished ...>
17036 write(1, "Sending build context to Docker "..., 48) = 48
17036 write(6, "8000\r\n.(*TextNode).Position\0iU\f\0"..., 4096) = 4096
17036 write(6, "github.com/seccomp/libseccomp-go"..., 28678) = 28678
17036 write(6, "\r\n", 2)               = 2
17036 read(7,  <unfinished ...>
17035 <... select resumed> )            = 0 (Timeout)
17032 <... select resumed> )            = 0 (Timeout)
17036 <... read resumed> "et.(*file).close\302\267f\0xN\22\0net.look"..., 32768) = 32768
17035 futex(0xc8200f6590, FUTEX_WAIT, 0, NULL <unfinished ...>
17036 futex(0xc8200f6590, FUTEX_WAKE, 1 <unfinished ...>
17035 <... futex resumed> )             = -1 EAGAIN (Resource temporarily unavailable)
17032 clock_gettime(CLOCK_MONOTONIC,  <unfinished ...>
17036 <... futex resumed> )             = 0
17035 select(0, NULL, NULL, NULL, {0, 100} <unfinished ...>
17032 <... clock_gettime resumed> {4903, 780434872}) = 0
17036 write(6, "8000\r\n.altGetRandom\0R&\22\0crypto/r"..., 4096) = 4096
17032 clock_gettime(CLOCK_REALTIME,  <unfinished ...>
17036 write(6, "ananda/netlink/nl.IfAddrmsg.gith"..., 28678) = 28678
17032 <... clock_gettime resumed> {1465918769, 564477439}) = 0
17036 write(6, "\r\n", 2)               = 2
17032 select(0, NULL, NULL, NULL, {0, 20} <unfinished ...>
17036 read(7, "tatictmp_0361\0\322\377\22\0unicode.static"..., 32768) = 32768
17036 write(6, "8000\r\n$\323\22\0unicode.statictmp_0343"..., 4096) = 4096
17036 write(6, "tatictmp_0093\0\254\354\22\0unicode.static"..., 28678) = 28678
17036 write(6, "\r\n", 2)               = 2
17035 <... select resumed> )            = 0 (Timeout)
17032 <... select resumed> )            = 0 (Timeout)
17036 read(7,  <unfinished ...>
17035 futex(0xc8200f6590, FUTEX_WAIT, 0, NULL <unfinished ...>
17032 clock_gettime(CLOCK_MONOTONIC,  <unfinished ...>
17036 <... read resumed> "g.github.com/vishvananda/netlink"..., 32768) = 32768
17036 futex(0xc8200f6590, FUTEX_WAKE, 1 <unfinished ...>
17032 <... clock_gettime resumed> {4903, 780657705}) = 0
17036 <... futex resumed> )             = 1
17035 <... futex resumed> )             = 0
17036 write(6, "8000\r\nio/ioutil.Discard\0V\223\23\0gith"..., 4096 <unfinished ...>
17035 select(0, NULL, NULL, NULL, {0, 100} <unfinished ...>
17032 clock_gettime(CLOCK_REALTIME,  <unfinished ...>
17036 <... write resumed> )             = 4096
17036 write(6, "os/exec.ExitError.error\0F\247\23\0go.i"..., 28678 <unfinished ...>
17032 <... clock_gettime resumed> {1465918769, 564714240}) = 0
17036 <... write resumed> )             = 28678
17036 write(6, "\r\n", 2 <unfinished ...>
17032 select(0, NULL, NULL, NULL, {0, 20} <unfinished ...>
17036 <... write resumed> )             = 2
17036 read(7, "\1\4containerStatus\0\5\234\21\250}\"\31n\16\0\0\0\0\0"..., 32768) = 32768
17036 write(6, "8000\r\n\"\257\232\16\0\0\0\0\0\5h\0\1\234\31\232\16\0\0\0\0\0\5pro"..., 4096) = 4096
17036 write(6, "\0\0\4args\302\2673\0\5\234\21\210\177\"+h\16\0\0\0\0\0\5contex"..., 28678) = 28678
17036 write(6, "\r\n", 2)               = 2
17035 <... select resumed> )            = 0 (Timeout)
17032 <... select resumed> )            = 0 (Timeout)
17036 read(7,  <unfinished ...>
17035 futex(0xc8200f6590, FUTEX_WAIT, 0, NULL <unfinished ...>
17036 <... read resumed> "\0\0\4usedBytes\0\4\234\21`\"\264\7\r\0\0\0\0\0\4spanB"..., 32768) = 32768
17032 clock_gettime(CLOCK_MONOTONIC,  <unfinished ...>
17036 futex(0xc8200f6590, FUTEX_WAKE, 1) = 1
17035 <... futex resumed> )             = 0
17032 <... clock_gettime resumed> {4903, 780936698}) = 0
17036 write(6, "8000\r\ngp\0\4\234\21p\"\275\333\r\0\0\0\0\0\5l\0\1\234\270\320\16\0\0"..., 4096 <unfinished ...>
17035 select(0, NULL, NULL, NULL, {0, 100} <unfinished ...>
17036 <... write resumed> )             = 4096
17032 clock_gettime(CLOCK_REALTIME,  <unfinished ...>
17036 write(6, "\0\4\234\21\30\"\r\304\16\0\0\0\0\0\0\2runtime.heapBits"..., 28678) = 28678
17032 <... clock_gettime resumed> {1465918769, 564987571}) = 0
17036 write(6, "\r\n", 2)               = 2
17032 select(0, NULL, NULL, NULL, {0, 20} <unfinished ...>
17036 read(7, "{\"7\23\16\0\0\0\0\0\4haveStackLock\0\5\234\21\230\177\"\275"..., 32768) = 32768
17036 write(6, "8000\r\noreExit\0 \243D\0\0\0\0\0000\243D\0\0\0\0\0\1\0"..., 4096) = 4096
17036 write(6, "e\0P\353D\0\0\0\0\0000\355D\0\0\0\0\0\1\4_g_\0\4\234\21p\"\275\333\r"..., 28678) = 28678
17036 write(6, "\r\n", 2)               = 2
17036 read(7,  <unfinished ...>
17035 <... select resumed> )            = 0 (Timeout)
17032 <... select resumed> )            = 0 (Timeout)
17036 <... read resumed> "\5q\0\4\234\21\10\"\30\325\r\0\0\0\0\0\5~r2\0\4\234\21\20\"E\n\r\0\0\0"..., 32768) = 32768
17035 futex(0xc8200f6590, FUTEX_WAIT, 0, NULL <unfinished ...>
17036 futex(0xc8200f6590, FUTEX_WAKE, 1 <unfinished ...>
17035 <... futex resumed> )             = -1 EAGAIN (Resource temporarily unavailable)
17032 clock_gettime(CLOCK_MONOTONIC,  <unfinished ...>
17036 <... futex resumed> )             = 0
17035 select(0, NULL, NULL, NULL, {0, 100} <unfinished ...>
17032 <... clock_gettime resumed> {4903, 781199943}) = 0
17036 write(6, "8000\r\n\0\0\0\0\5max\0\4\234\0210\"\271\23\r\0\0\0\0\0\5cal"..., 4096) = 4096
17032 clock_gettime(CLOCK_REALTIME,  <unfinished ...>
17036 write(6, "e\0\4\234\21H\"\314\24\r\0\0\0\0\0\4gp\0\4\234\21P\"\275\333\r\0\0\0\0\0"..., 28678) = 28678
17032 <... clock_gettime resumed> {1465918769, 565239482}) = 0
17036 write(6, "\r\n", 2)               = 2
17032 select(0, NULL, NULL, NULL, {0, 20} <unfinished ...>
17036 read(7, "\5\234\21\320x\"D\16\r\0\0\0\0\0\4err\0\5\234\21\340x\"D\16\r\0\0\0\0"..., 32768) = 32768
17036 write(6, "8000\r\n\"\201\n\r\0\0\0\0\0\5a\0\4\234\21 \"J*\r\0\0\0\0\0\5"..., 4096) = 4096
17036 write(6, "\r\0\0\0\0\0\4err\0\5\234\21\220~\"\243'\r\0\0\0\0\0\4err\0\5\234"..., 28678) = 28678
17036 write(6, "\r\n", 2)               = 2
17035 <... select resumed> )            = 0 (Timeout)
17032 <... select resumed> )            = 0 (Timeout)
17036 read(7,  <unfinished ...>
17035 futex(0xc8200f6590, FUTEX_WAIT, 0, NULL <unfinished ...>
17036 <... read resumed> "J\0\0\0\0\0@\232J\0\0\0\0\0\1\5w\0\1\234d\234\16\0\0\0\0\0\5~r0"..., 32768) = 32768
17032 clock_gettime(CLOCK_MONOTONIC,  <unfinished ...>
17036 futex(0xc8200f6590, FUTEX_WAKE, 1) = 1
17035 <... futex resumed> )             = 0
17032 <... clock_gettime resumed> {4903, 781430634}) = 0
17036 write(6, "8000\r\nold\0\4\234\21\20\"\201\n\r\0\0\0\0\0\5new\0\4\234\21 "..., 4096 <unfinished ...>
17035 select(0, NULL, NULL, NULL, {0, 100} <unfinished ...>
17036 <... write resumed> )             = 4096
17032 clock_gettime(CLOCK_REALTIME,  <unfinished ...>
17036 write(6, "\0\0\4err\0\5\234\21\320~\"D\16\r\0\0\0\0\0\4~r2\0\5\234\21\360~\""..., 28678) = -1 EAGAIN (Resource temporarily unavailable)
17032 <... clock_gettime resumed> {1465918769, 565482979}) = 0
17036 read(7, "rs/runc/libcontainer.(*LinuxFact"..., 32768) = 32768
17032 select(0, NULL, NULL, NULL, {0, 20} <unfinished ...>
17036 futex(0xc8200f6a10, FUTEX_WAIT, 0, NULL <unfinished ...>
17032 <... select resumed> )            = 0 (Timeout)
17032 clock_gettime(CLOCK_MONOTONIC, {4903, 781629289}) = 0
17032 clock_gettime(CLOCK_REALTIME,  <unfinished ...>
17035 <... select resumed> )            = 0 (Timeout)
17032 <... clock_gettime resumed> {1465918769, 565633469}) = 0
17035 futex(0xc8200f6590, FUTEX_WAIT, 0, NULL <unfinished ...>
17032 select(0, NULL, NULL, NULL, {0, 20}) = 0 (Timeout)
17032 clock_gettime(CLOCK_MONOTONIC, {4903, 781774837}) = 0
17032 futex(0x21ee760, FUTEX_WAIT, 0, {60, 0} <unfinished ...>
17033 <... epoll_wait resumed> {{EPOLLOUT, {u32=2134024192, u64=140606478393344}}}, 128, -1) = 1
17033 clock_gettime(CLOCK_MONOTONIC, {4903, 782605555}) = 0
17033 futex(0xc8200f6590, FUTEX_WAKE, 1 <unfinished ...>
17035 <... futex resumed> )             = 0
17033 <... futex resumed> )             = 1
17035 epoll_wait(5,  <unfinished ...>
17033 futex(0x21ee760, FUTEX_WAKE, 1 <unfinished ...>
17035 <... epoll_wait resumed> {}, 128, 0) = 0
17033 <... futex resumed> )             = 1
17032 <... futex resumed> )             = 0
17035 sched_yield( <unfinished ...>
17033 write(6, "\0\0\4err\0\5\234\21\320~\"D\16\r\0\0\0\0\0\4~r2\0\5\234\21\360~\""..., 28678 <unfinished ...>
17035 <... sched_yield resumed> )       = 0
17033 <... write resumed> )             = 28678
17032 clock_gettime(CLOCK_MONOTONIC,  <unfinished ...>
17035 futex(0x21ee6a0, FUTEX_WAKE, 1 <unfinished ...>
17033 write(6, "\r\n", 2 <unfinished ...>
17032 <... clock_gettime resumed> {4903, 782719956}) = 0
17035 <... futex resumed> )             = 0
17033 <... write resumed> )             = 2
17035 epoll_wait(5,  <unfinished ...>
17033 futex(0xc8200f6a10, FUTEX_WAKE, 1 <unfinished ...>
17032 clock_gettime(CLOCK_REALTIME,  <unfinished ...>
17036 <... futex resumed> )             = 0
17033 <... futex resumed> )             = 1
17036 select(0, NULL, NULL, NULL, {0, 100} <unfinished ...>
17035 <... epoll_wait resumed> {{EPOLLOUT, {u32=2134024192, u64=140606478393344}}}, 128, -1) = 1
17033 write(6, "8000\r\nt\16\0\0\0\0\0\0\2github.com/openco"..., 4096 <unfinished ...>
17032 <... clock_gettime resumed> {1465918769, 566768808}) = 0
17035 epoll_wait(5,  <unfinished ...>
17033 <... write resumed> )             = 4096
17033 write(6, "\0\5\234\21\360~\"D\16\r\0\0\0\0\0\5c\0\1\234\275B\17\0\0\0\0\0\5s\0\4"..., 28678 <unfinished ...>
17032 select(0, NULL, NULL, NULL, {0, 20} <unfinished ...>
17033 <... write resumed> )             = 28678
17033 write(6, "\r\n", 2)               = 2
17033 read(7, "unc/libcontainer.Boolmsg\0 (N\0\0\0\0"..., 32768) = 32768
17033 write(6, "8000\r\nD\16\r\0\0\0\0\0\5r\0\1\234\325E\17\0\0\0\0\0\5~r0\0"..., 4096) = 4096
17033 write(6, "ainer.CriuPageServerInfo\0\20\25N\0\0\0\0"..., 28678 <unfinished ...>
17036 <... select resumed> )            = 0 (Timeout)
17032 <... select resumed> )            = 0 (Timeout)
17036 read(7,  <unfinished ...>
17033 <... write resumed> )             = 28678
17036 <... read resumed> "\0\1\5p\0\1\234hK\17\0\0\0\0\0\5~r0\0\4\234\21\10\"Xw\16\0\0\0\0"..., 32768) = 32768
17033 write(6, "\r\n", 2 <unfinished ...>
17032 clock_gettime(CLOCK_MONOTONIC,  <unfinished ...>
17036 futex(0xc8200f6a10, FUTEX_WAIT, 0, NULL <unfinished ...>
17033 <... write resumed> )             = 2
17032 <... clock_gettime resumed> {4903, 783051095}) = 0
17033 futex(0xc8200f6a10, FUTEX_WAKE, 1 <unfinished ...>
17036 <... futex resumed> )             = 0
17033 <... futex resumed> )             = 1
17032 clock_gettime(CLOCK_REALTIME,  <unfinished ...>
17036 select(0, NULL, NULL, NULL, {0, 100} <unfinished ...>
17033 write(6, "8000\r\n\0\2github.com/urfave/cli.(*"..., 4096 <unfinished ...>
17032 <... clock_gettime resumed> {1465918769, 567091889}) = 0
17033 <... write resumed> )             = 4096
17033 write(6, " *flag.FlagSet }\0\320\262O\0\0\0\0\0\260\263O\0\0\0\0"..., 28678 <unfinished ...>
17032 select(0, NULL, NULL, NULL, {0, 20} <unfinished ...>
17033 <... write resumed> )             = 28678
17033 write(6, "\r\n", 2)               = 2
17033 read(7, "R\0\0\0\0\0\1\5this\0\1\234\226\245\17\0\0\0\0\0\5u\0\4\234\21\10\"\316"..., 32768) = 32768
17033 write(6, "8000\r\ntime.Time.AddDate\0P\216Q\0\0\0\0\0"..., 4096) = 4096
17033 write(6, "\"\253\245\17\0\0\0\0\0\4d\0\5\234\21\300x\"\253\245\17\0\0\0\0\0\4~r1\0\5"..., 28678) = 28678
17032 <... select resumed> )            = 0 (Timeout)
17033 write(6, "\r\n", 2 <unfinished ...>
17036 <... select resumed> )            = 0 (Timeout)
17033 <... write resumed> )             = 2
17032 clock_gettime(CLOCK_MONOTONIC,  <unfinished ...>
17036 read(7,  <unfinished ...>
17033 futex(0xc82002ea10, FUTEX_WAIT, 0, NULL <unfinished ...>
17036 <... read resumed> "\20\330S\0\0\0\0\0\1\5c\0\1\234A\272\17\0\0\0\0\0\0\2sync.(*C"..., 32768) = 32768
17032 <... clock_gettime resumed> {4903, 783295387}) = 0
17036 futex(0xc82002ea10, FUTEX_WAKE, 1) = 1
17033 <... futex resumed> )             = 0
17032 clock_gettime(CLOCK_REALTIME,  <unfinished ...>
17036 write(6, "8000\r\n-fm\0\300\262S\0\0\0\0\0 \263S\0\0\0\0\0\1\5a0\0\1"..., 4096 <unfinished ...>
17033 select(0, NULL, NULL, NULL, {0, 100} <unfinished ...>
17032 <... clock_gettime resumed> {1465918769, 567348222}) = 0
17036 <... write resumed> )             = 4096
17036 write(6, "ode\0\220\305S\0\0\0\0\0`\306S\0\0\0\0\0\1\5this\0\1\234\247\270\17"..., 28678 <unfinished ...>
17032 select(0, NULL, NULL, NULL, {0, 20} <unfinished ...>
17036 <... write resumed> )             = 28678
17036 write(6, "\r\n", 2)               = 2
17036 read(7, "\0\5b\302\2674\0\4\234\21\10\"_\20\r\0\0\0\0\0\5n\302\2671\0\4\234\21 \"\271"..., 32768) = 32768
17036 write(6, "8000\r\nD\16\r\0\0\0\0\0\0\2os/exec.(*Cmd).s"..., 4096) = 4096
17036 write(6, "\0\0\5q\0\4\234\21\10\"+\312\17\0\0\0\0\0\5~r2\0\4\234\21\20\"E\n\r\0"..., 28678) = 28678
17032 <... select resumed> )            = 0 (Timeout)
17036 write(6, "\r\n", 2)               = 2
17032 clock_gettime(CLOCK_MONOTONIC,  <unfinished ...>
17036 read(7,  <unfinished ...>
17033 <... select resumed> )            = 0 (Timeout)
17032 <... clock_gettime resumed> {4903, 783527915}) = 0
17036 <... read resumed> "\0pGW\0\0\0\0\0\1\5this\0\1\234\245\365\17\0\0\0\0\0\5name\0"..., 32768) = 32768
17033 futex(0xc82002ea10, FUTEX_WAIT, 0, NULL <unfinished ...>
17036 futex(0xc82002ea10, FUTEX_WAKE, 1 <unfinished ...>
17033 <... futex resumed> )             = -1 EAGAIN (Resource temporarily unavailable)
17032 clock_gettime(CLOCK_REALTIME,  <unfinished ...>
17036 <... futex resumed> )             = 0
17033 select(0, NULL, NULL, NULL, {0, 100} <unfinished ...>
17032 <... clock_gettime resumed> {1465918769, 567595846}) = 0
17036 write(6, "8000\r\n\234\264\7\r\0\0\0\0\0\5state\0\4\234\21\10\"\220\227\16\0\0"..., 4096) = 4096
17032 select(0, NULL, NULL, NULL, {0, 20} <unfinished ...>
17036 write(6, "\27W\0\0\0\0\0\1\4paths\0\4\234\21p\"\234(\r\0\0\0\0\0\5m\0\1"..., 28678) = 28678
17036 write(6, "\r\n", 2)               = 2
17036 read(7, "ncType).IsVariadic\0\220\357X\0\0\0\0\0\300\357X\0\0"..., 32768) = 32768
17036 ioctl(0, TIOCGWINSZ, {ws_row=35, ws_col=112, ws_xpixel=0, ws_ypixel=0}) = 0
17032 <... select resumed> )            = 0 (Timeout)
17036 ioctl(0, TIOCGWINSZ <unfinished ...>
17033 <... select resumed> )            = 0 (Timeout)
17036 <... ioctl resumed> , {ws_row=35, ws_col=112, ws_xpixel=0, ws_ypixel=0}) = 0
17033 select(0, NULL, NULL, NULL, {0, 100} <unfinished ...>
17032 clock_gettime(CLOCK_MONOTONIC,  <unfinished ...>
17036 write(1, "Sending build context to Docker "..., 48) = 48
17032 <... clock_gettime resumed> {4903, 783853776}) = 0
17036 write(6, "8000\r\ns\0\340\262X\0\0\0\0\0\300\263X\0\0\0\0\0\1\5this\0\1"..., 4096) = 4096
17036 write(6, "X\0\0\0\0\0p\334X\0\0\0\0\0\1\5this\0\1\234\305\37\17\0\0\0\0\0\5"..., 28678) = 28678
17032 clock_gettime(CLOCK_REALTIME,  <unfinished ...>
17036 write(6, "\r\n", 2)               = 2
17032 <... clock_gettime resumed> {1465918769, 567924882}) = 0
17036 read(7, "\17\0\0\0\0\0\5~r0\0\4\234\21\10\"_\20\r\0\0\0\0\0\0\2bytes."..., 32768) = 32768
17032 select(0, NULL, NULL, NULL, {0, 20} <unfinished ...>
17036 write(6, "8000\r\nlect.methodValueCall\0\300.Y\0\0"..., 4096 <unfinished ...>
17033 <... select resumed> )            = 0 (Timeout)
17036 <... write resumed> )             = 4096
17033 read(7,  <unfinished ...>
17036 write(6, "y.(*capsV3).Set\0\240\223Y\0\0\0\0\0000\226Y\0\0\0\0\0"..., 28678 <unfinished ...>
17033 <... read resumed> "ithub.com/golang/protobuf/proto."..., 32768) = 32768
17036 <... write resumed> )             = 28678
17033 futex(0xc82002ea10, FUTEX_WAIT, 0, NULL <unfinished ...>
17032 <... select resumed> )            = 0 (Timeout)
17036 write(6, "\r\n", 2)               = 2
17032 clock_gettime(CLOCK_MONOTONIC,  <unfinished ...>
17036 futex(0xc82002ea10, FUTEX_WAKE, 1) = 1
17033 <... futex resumed> )             = 0
17032 <... clock_gettime resumed> {4903, 784117330}) = 0
17036 write(6, "8000\r\n\0\5\234\21\340}\"\34\r\20\0\0\0\0\0\4prop\0\5\234\21\350}"..., 4096 <unfinished ...>
17033 select(0, NULL, NULL, NULL, {0, 100} <unfinished ...>
17036 <... write resumed> )             = 4096
17032 clock_gettime(CLOCK_REALTIME,  <unfinished ...>
17036 write(6, "\r\0\0\0\0\0\4i\0\5\234\21\350x\"\271\23\r\0\0\0\0\0\4i\0\5\234\21\360x\""..., 28678) = -1 EAGAIN (Resource temporarily unavailable)
17032 <... clock_gettime resumed> {1465918769, 568168496}) = 0
17036 read(7, "\4\234\21X\"&,\20\0\0\0\0\0\5m\0\1\234\223\34\r\0\0\0\0\0\5i\0\4\234\21"..., 32768) = 32768
17032 select(0, NULL, NULL, NULL, {0, 20} <unfinished ...>
17036 futex(0xc8200f6a10, FUTEX_WAIT, 0, NULL <unfinished ...>
17032 <... select resumed> )            = 0 (Timeout)
17032 clock_gettime(CLOCK_MONOTONIC,  <unfinished ...>
17033 <... select resumed> )            = 0 (Timeout)
17032 <... clock_gettime resumed> {4903, 784328221}) = 0
17033 futex(0xc82002ea10, FUTEX_WAIT, 0, NULL <unfinished ...>
17032 clock_gettime(CLOCK_REALTIME, {1465918769, 568346269}) = 0
17032 select(0, NULL, NULL, NULL, {0, 20}) = 0 (Timeout)
17032 clock_gettime(CLOCK_MONOTONIC, {4903, 784468770}) = 0
17032 futex(0x21ee760, FUTEX_WAIT, 0, {60, 0} <unfinished ...>
17035 <... epoll_wait resumed> {{EPOLLOUT, {u32=2134024192, u64=140606478393344}}}, 128, -1) = 1
17035 clock_gettime(CLOCK_MONOTONIC, {4903, 785471427}) = 0
17035 futex(0xc82002ea10, FUTEX_WAKE, 1) = 1
17033 <... futex resumed> )             = 0
17035 futex(0x21ee760, FUTEX_WAKE, 1 <unfinished ...>
17033 epoll_wait(5,  <unfinished ...>
17035 <... futex resumed> )             = 1
17033 <... epoll_wait resumed> {}, 128, 0) = 0
17032 <... futex resumed> )             = 0
17035 write(6, "\r\0\0\0\0\0\4i\0\5\234\21\350x\"\271\23\r\0\0\0\0\0\4i\0\5\234\21\360x\""..., 28678 <unfinished ...>
17033 epoll_wait(5,  <unfinished ...>
17035 <... write resumed> )             = 28678
17032 clock_gettime(CLOCK_MONOTONIC,  <unfinished ...>
17035 write(6, "\r\n", 2)               = 2
17032 <... clock_gettime resumed> {4903, 785582859}) = 0
17035 futex(0xc8200f6a10, FUTEX_WAKE, 1 <unfinished ...>
17036 <... futex resumed> )             = 0
17035 <... futex resumed> )             = 1
17032 clock_gettime(CLOCK_REALTIME,  <unfinished ...>
17036 select(0, NULL, NULL, NULL, {0, 100} <unfinished ...>
17035 write(6, "8000\r\n\0@|\\\0\0\0\0\0\1\5this\0\1\234\232\300\r\0\0\0\0\0"..., 4096) = 4096
17033 <... epoll_wait resumed> {{EPOLLOUT, {u32=2134024192, u64=140606478393344}}}, 128, -1) = 1
17032 <... clock_gettime resumed> {1465918769, 569635104}) = 0
17035 write(6, ".(*NetlinkSocket).GetPid\0\200\246\\\0\0\0\0"..., 28678 <unfinished ...>
17033 epoll_wait(5,  <unfinished ...>
17035 <... write resumed> )             = 28678
17032 select(0, NULL, NULL, NULL, {0, 20} <unfinished ...>
17035 write(6, "\r\n", 2)               = 2
17035 read(7, "\0\0\5~r0\0\4\234\21\10\"\201\n\r\0\0\0\0\0\0\2github.com"..., 32768) = 32768
17035 write(6, "8000\r\n\24;\20\0\0\0\0\0\5~r1\0\4\234\21\20\"D\16\r\0\0\0\0\0"..., 4096) = 4096
17035 write(6, "\0\0\0\4usage\0\5\234\21\200}\"\201\n\r\0\0\0\0\0\4pageSiz"..., 28678) = 28678
17032 <... select resumed> )            = 0 (Timeout)
17036 <... select resumed> )            = 0 (Timeout)
17035 write(6, "\r\n", 2 <unfinished ...>
17036 read(7,  <unfinished ...>
17035 <... write resumed> )             = 2
17032 clock_gettime(CLOCK_MONOTONIC,  <unfinished ...>
17036 <... read resumed> "4\0\4\234\21H\"\271\23\r\0\0\0\0\0\4t\302\2672\0\4\234\21P\"6\253\r\0\0\0"..., 32768) = 32768
17035 futex(0xc8200f6590, FUTEX_WAIT, 0, NULL <unfinished ...>
17036 futex(0xc8200f6590, FUTEX_WAKE, 1 <unfinished ...>
17035 <... futex resumed> )             = -1 EAGAIN (Resource temporarily unavailable)
17032 <... clock_gettime resumed> {4903, 785888013}) = 0
17036 <... futex resumed> )             = 0
17035 select(0, NULL, NULL, NULL, {0, 100} <unfinished ...>
17036 write(6, "8000\r\n\5\234\21\300\0\"\354\255\r\0\0\0\0\0\0\2text/templ"..., 4096 <unfinished ...>
17032 clock_gettime(CLOCK_REALTIME,  <unfinished ...>
17036 <... write resumed> )             = 4096
17036 write(6, "emplate/parse.newElse\0\240\210`\0\0\0\0\0p\211"..., 28678 <unfinished ...>
17032 <... clock_gettime resumed> {1465918769, 569958214}) = 0
17036 <... write resumed> )             = 28678
17036 write(6, "\r\n", 2 <unfinished ...>
17032 select(0, NULL, NULL, NULL, {0, 20} <unfinished ...>
17036 <... write resumed> )             = 2
17036 read(7, "\271\23\r\0\0\0\0\0\5i\0\4\234\21 \"\271\23\r\0\0\0\0\0\5ok\0\4\234\21("..., 32768) = 32768
17036 write(6, "8000\r\n\0`\221a\0\0\0\0\0\1\5ip\0\1\234\2036\r\0\0\0\0\0\5~"..., 4096) = 4096
17036 write(6, "\r\0\0\0\0\0\0\2net.(*conn).Read\0\220\337a\0\0\0\0"..., 28678) = 28678
17036 write(6, "\r\n", 2 <unfinished ...>
17035 <... select resumed> )            = 0 (Timeout)
17032 <... select resumed> )            = 0 (Timeout)
17036 <... write resumed> )             = 2
17035 select(0, NULL, NULL, NULL, {0, 100} <unfinished ...>
17036 read(7,  <unfinished ...>
17032 clock_gettime(CLOCK_MONOTONIC,  <unfinished ...>
17036 <... read resumed> "\0\5\234\21\370t\"\200e\17\0\0\0\0\0\4req\302\2671\0\5\234\21\200u\"\200e\17"..., 32768) = 32768
17036 write(6, "8000\r\n\5\234\21\340~\"\200e\17\0\0\0\0\0\4req\302\2671\0\5\234\21\350"..., 4096 <unfinished ...>
17032 <... clock_gettime resumed> {4903, 786162417}) = 0
17036 <... write resumed> )             = 4096
17036 write(6, "\302\2675\0\5\234\21\220r\"\347'\20\0\0\0\0\0\4attr\302\2675\0\5\234\21\230r"..., 28678 <unfinished ...>
17032 clock_gettime(CLOCK_REALTIME,  <unfinished ...>
17036 <... write resumed> )             = 28678
17036 write(6, "\r\n", 2 <unfinished ...>
17032 <... clock_gettime resumed> {1465918769, 570210342}) = 0
17036 <... write resumed> )             = 2
17036 read(7,  <unfinished ...>
17032 select(0, NULL, NULL, NULL, {0, 20} <unfinished ...>
17036 <... read resumed> "o/rand.init.3\0\340\342e\0\0\0\0\0\320\343e\0\0\0\0\0\1\0"..., 32768) = 32768
17036 write(6, "8000\r\n\0\0\0\0\0\2encoding/base64.(*En"..., 4096) = 4096
17035 <... select resumed> )            = 0 (Timeout)
17036 write(6, "\4\234\21\10\"\317\10\r\0\0\0\0\0\5line\0\4\234\21\20\"_\20\r\0\0\0\0\0"..., 28678 <unfinished ...>
17035 read(7,  <unfinished ...>
17036 <... write resumed> )             = 28678
17035 <... read resumed> "thod\0\4\234\21\10\"\201\n\r\0\0\0\0\0\5flags\0\4\234\21\30\"\366}"..., 32768) = 32768
17036 write(6, "\r\n", 2 <unfinished ...>
17035 futex(0xc8200f6590, FUTEX_WAIT, 0, NULL <unfinished ...>
17032 <... select resumed> )            = 0 (Timeout)
17036 <... write resumed> )             = 2
17036 futex(0xc8200f6590, FUTEX_WAKE, 1 <unfinished ...>
17032 clock_gettime(CLOCK_MONOTONIC,  <unfinished ...>
17036 <... futex resumed> )             = 1
17035 <... futex resumed> )             = 0
17036 write(6, "8000\r\nerr\0\5\234\21\220{\"D\16\r\0\0\0\0\0\4err\0\5\234\21"..., 4096 <unfinished ...>
17035 select(0, NULL, NULL, NULL, {0, 100} <unfinished ...>
17032 <... clock_gettime resumed> {4903, 786398164}) = 0
17036 <... write resumed> )             = 4096
17036 write(6, "\0\5~r4\0\5\234\21\300\0\"D\16\r\0\0\0\0\0\0\2github.com"..., 28678 <unfinished ...>
17032 clock_gettime(CLOCK_REALTIME,  <unfinished ...>
17036 <... write resumed> )             = 28678
17036 write(6, "\r\n", 2 <unfinished ...>
17032 <... clock_gettime resumed> {1465918769, 570453690}) = 0
17036 <... write resumed> )             = 2
17036 read(7,  <unfinished ...>
17032 select(0, NULL, NULL, NULL, {0, 20} <unfinished ...>
17036 <... read resumed> "\0\0\0\0\5~r1\0\4\234\21\20\"\3410\20\0\0\0\0\0\0\2regexp/s"..., 32768) = 32768
17036 write(6, "8000\r\nhis\0\1\234[\323\20\0\0\0\0\0\5b\0\4\234\21\10\"_\20\r\0"..., 4096) = 4096
17036 write(6, "\0\1\4re\0\4\234\21p\"\3410\20\0\0\0\0\0\5p\0\1\234J\337\20\0\0\0\0\0"..., 28678) = 28678
17036 write(6, "\r\n", 2)               = 2
17036 read(7,  <unfinished ...>
17035 <... select resumed> )            = 0 (Timeout)
17032 <... select resumed> )            = 0 (Timeout)
17036 <... read resumed> "\0\0\0\4name\0\5\234\21\260~\"\201\n\r\0\0\0\0\0\4end\0\5\234\21\300"..., 32768) = 32768
17035 futex(0xc8200f6590, FUTEX_WAIT, 0, NULL <unfinished ...>
17032 clock_gettime(CLOCK_MONOTONIC,  <unfinished ...>
17036 futex(0xc8200f6590, FUTEX_WAKE, 1 <unfinished ...>
17035 <... futex resumed> )             = -1 EAGAIN (Resource temporarily unavailable)
17036 <... futex resumed> )             = 0
17035 select(0, NULL, NULL, NULL, {0, 100} <unfinished ...>
17032 <... clock_gettime resumed> {4903, 786637307}) = 0
17036 write(6, "8000\r\nk\0\0\0\0\0\1\5t\0\1\234\371J\20\0\0\0\0\0\5~r0\0\4"..., 4096) = 4096
17032 clock_gettime(CLOCK_REALTIME,  <unfinished ...>
17036 write(6, ".(*Tree).itemList\0\320\0l\0\0\0\0\0\220\3l\0\0\0"..., 28678) = 28678
17032 <... clock_gettime resumed> {1465918769, 570686314}) = 0
17036 write(6, "\r\n", 2)               = 2
17032 select(0, NULL, NULL, NULL, {0, 20} <unfinished ...>
17036 read(7, "\260~\"\271\23\r\0\0\0\0\0\4length\0\5\234\21\270~\"\271\23\r\0\0\0\0"..., 32768) = 32768
17036 write(6, "8000\r\n\0\0\5~r0\0\4\234\21\10\"\1\24\r\0\0\0\0\0\0\2gith"..., 4096) = 4096
17036 write(6, "\0\2math/big.(*Int).GCD\0 ?m\0\0\0\0\0\340D"..., 28678) = -1 EAGAIN (Resource temporarily unavailable)
17036 read(7, " crypto/tls.alert; b string }\0\317,"..., 32768) = 32768
17035 <... select resumed> )            = 0 (Timeout)
17036 futex(0xc8200f6a10, FUTEX_WAIT, 0, NULL <unfinished ...>
17035 futex(0xc8200f6590, FUTEX_WAIT, 0, NULL <unfinished ...>
17032 <... select resumed> )            = 0 (Timeout)
17032 clock_gettime(CLOCK_MONOTONIC, {4903, 786869108}) = 0
17032 futex(0x21ee760, FUTEX_WAIT, 0, {60, 0} <unfinished ...>
17033 <... epoll_wait resumed> {{EPOLLOUT, {u32=2134024192, u64=140606478393344}}}, 128, -1) = 1
17033 clock_gettime(CLOCK_MONOTONIC, {4903, 787896144}) = 0
17033 futex(0xc8200f6590, FUTEX_WAKE, 1 <unfinished ...>
17035 <... futex resumed> )             = 0
17033 <... futex resumed> )             = 1
17035 epoll_wait(5,  <unfinished ...>
17033 futex(0x21ee760, FUTEX_WAKE, 1 <unfinished ...>
17035 <... epoll_wait resumed> {}, 128, 0) = 0
17033 <... futex resumed> )             = 1
17032 <... futex resumed> )             = 0
17035 sched_yield( <unfinished ...>
17033 write(6, "\0\2math/big.(*Int).GCD\0 ?m\0\0\0\0\0\340D"..., 28678 <unfinished ...>
17035 <... sched_yield resumed> )       = 0
17033 <... write resumed> )             = 28678
17032 clock_gettime(CLOCK_MONOTONIC,  <unfinished ...>
17035 futex(0x21ee6a0, FUTEX_WAKE, 1 <unfinished ...>
17033 write(6, "\r\n", 2 <unfinished ...>
17032 <... clock_gettime resumed> {4903, 788020287}) = 0
17035 <... futex resumed> )             = 0
17033 <... write resumed> )             = 2
17035 epoll_wait(5,  <unfinished ...>
17033 futex(0xc8200f6a10, FUTEX_WAKE, 1 <unfinished ...>
17032 clock_gettime(CLOCK_REALTIME,  <unfinished ...>
17036 <... futex resumed> )             = 0
17035 <... epoll_wait resumed> {{EPOLLOUT, {u32=2134024192, u64=140606478393344}}}, 128, -1) = 1
17033 <... futex resumed> )             = 1
17032 <... clock_gettime resumed> {1465918769, 572076970}) = 0
17036 select(0, NULL, NULL, NULL, {0, 100} <unfinished ...>
17035 epoll_wait(5,  <unfinished ...>
17033 write(6, "8000\r\n\20\271\23\r\0\0\0\0\0\0\f[16]uint8\0\317\10\r\0\0"..., 4096 <unfinished ...>
17032 select(0, NULL, NULL, NULL, {0, 20} <unfinished ...>
17033 <... write resumed> )             = 4096
17033 write(6, "d\0 \31\6inst\0\2#\0\322 \r\0\0\0\0\0\6cap\0\2#\10\203\36\r"..., 28678) = 28678
17033 write(6, "\r\n", 2)               = 2
17033 read(7, "0\31\6text/template/parse.NodeType\0"..., 32768) = 32768
17033 write(6, "8000\r\nSirupsen/logrus.Formatter\0"..., 4096 <unfinished ...>
17032 <... select resumed> )            = 0 (Timeout)
17033 <... write resumed> )             = 4096
17033 write(6, "ve/cli.OnUsageErrorFunc\0007\240\r\0\0\0\0\0"..., 28678 <unfinished ...>
17032 clock_gettime(CLOCK_MONOTONIC,  <unfinished ...>
17036 <... select resumed> )            = 0 (Timeout)
17033 <... write resumed> )             = 28678
17036 read(7,  <unfinished ...>
17033 write(6, "\r\n", 2 <unfinished ...>
17032 <... clock_gettime resumed> {4903, 788291398}) = 0
17036 <... read resumed> "ec/specs-go.Linux\0\320\1\31\6UIDMapping"..., 32768) = 32768
17033 <... write resumed> )             = 2
17036 futex(0xc8200f6a10, FUTEX_WAIT, 0, NULL <unfinished ...>
17033 futex(0xc8200f6a10, FUTEX_WAKE, 1 <unfinished ...>
17032 clock_gettime(CLOCK_REALTIME,  <unfinished ...>
17036 <... futex resumed> )             = -1 EAGAIN (Resource temporarily unavailable)
17033 <... futex resumed> )             = 0
17032 <... clock_gettime resumed> {1465918769, 572363209}) = 0
17036 select(0, NULL, NULL, NULL, {0, 100} <unfinished ...>
17033 write(6, "8000\r\n\305F\r\0\0\0\0\0\0\21*runtime.cpuProf"..., 4096 <unfinished ...>
17032 select(0, NULL, NULL, NULL, {0, 20} <unfinished ...>
17033 <... write resumed> )             = 4096
17033 write(6, "tations\0\2#p\234(\r\0\0\0\0\0\0\26main.cState"..., 28678) = 28678
17033 write(6, "\r\n", 2)               = 2
17033 read(7, "nt8; releasetime uint64 }\0\312\254\16\0\0\0"..., 32768) = 32768
17033 write(6, "8000\r\nontainer/configs.Hooks\0\273\220\16"..., 4096 <unfinished ...>
17032 <... select resumed> )            = 0 (Timeout)
17033 <... write resumed> )             = 4096
17033 write(6, "\26github.com/docker/docker/pkg/te"..., 28678 <unfinished ...>
17032 clock_gettime(CLOCK_MONOTONIC,  <unfinished ...>
17033 <... write resumed> )             = 28678
17033 write(6, "\r\n", 2 <unfinished ...>
17032 <... clock_gettime resumed> {4903, 788547571}) = 0
17036 <... select resumed> )            = 0 (Timeout)
17033 <... write resumed> )             = 2
17036 read(7,  <unfinished ...>
17033 futex(0xc82002ea10, FUTEX_WAIT, 0, NULL <unfinished ...>
17032 clock_gettime(CLOCK_REALTIME,  <unfinished ...>
17036 <... read resumed> "\0\0\0\0\6Groups\0\2#\10\304\10\r\0\0\0\0\0\6raw\0\2#\f\344"..., 32768) = 32768
17036 futex(0xc82002ea10, FUTEX_WAKE, 1 <unfinished ...>
17032 <... clock_gettime resumed> {1465918769, 572605111}) = 0
17036 <... futex resumed> )             = 1
17033 <... futex resumed> )             = 0
17032 select(0, NULL, NULL, NULL, {0, 20} <unfinished ...>
17036 ioctl(0, TIOCGWINSZ <unfinished ...>
17033 select(0, NULL, NULL, NULL, {0, 100} <unfinished ...>
17036 <... ioctl resumed> , {ws_row=35, ws_col=112, ws_xpixel=0, ws_ypixel=0}) = 0
17036 ioctl(0, TIOCGWINSZ, {ws_row=35, ws_col=112, ws_xpixel=0, ws_ypixel=0}) = 0
17036 write(1, "Sending build context to Docker "..., 48) = 48
17036 write(6, "8000\r\n\17\0\0\0\0\0\21*runtime.errorStrin"..., 4096) = 4096
17036 write(6, "count\0\2#0\271\23\r\0\0\0\0\0\6atEOF\0\2#8E\n\r\0\0"..., 28678) = 28678
17032 <... select resumed> )            = 0 (Timeout)
17036 write(6, "\r\n", 2)               = 2
17032 clock_gettime(CLOCK_MONOTONIC,  <unfinished ...>
17036 read(7, "encoding.TextMarshaler\0x\254\17\0\0\0\0\0\v"..., 32768) = 32768
17032 <... clock_gettime resumed> {4903, 788820833}) = 0
17036 write(6, "8000\r\nec/specs-go.DeviceCgroup\0\246"..., 4096 <unfinished ...>
17033 <... select resumed> )            = 0 (Timeout)
17036 <... write resumed> )             = 4096
17033 read(7,  <unfinished ...>
17032 clock_gettime(CLOCK_REALTIME,  <unfinished ...>
17036 write(6, "\r\0\0\0\0\0\0\26os.ProcAttr\0J\240\17\0\0\0\0\0\21**o"..., 28678 <unfinished ...>
17033 <... read resumed> "queueOnePass\0008\31\6sparse\0\2#\0\233\33\r\0\0\0"..., 32768) = 32768
17036 <... write resumed> )             = 28678
17033 futex(0xc82002ea10, FUTEX_WAIT, 0, NULL <unfinished ...>
17032 <... clock_gettime resumed> {1465918769, 572897948}) = 0
17036 write(6, "\r\n", 2)               = 2
17032 select(0, NULL, NULL, NULL, {0, 20} <unfinished ...>
17036 futex(0xc82002ea10, FUTEX_WAKE, 1) = 1
17033 <... futex resumed> )             = 0
17036 write(6, "8000\r\n\20\271\23\r\0\0\0\0\0\0\26github.com/gola"..., 4096 <unfinished ...>
17033 select(0, NULL, NULL, NULL, {0, 100} <unfinished ...>
17032 <... select resumed> )            = 0 (Timeout)
17036 <... write resumed> )             = 4096
17036 write(6, "\0a\267\r\0\0\0\0\0\6len\0\2#\10\271\23\r\0\0\0\0\0\6cap\0\2#"..., 28678 <unfinished ...>
17032 clock_gettime(CLOCK_MONOTONIC,  <unfinished ...>
17036 <... write resumed> )             = 28678
17036 write(6, "\r\n", 2 <unfinished ...>
17032 <... clock_gettime resumed> {4903, 789064519}) = 0
17036 <... write resumed> )             = 2
17036 read(7,  <unfinished ...>
17032 clock_gettime(CLOCK_REALTIME,  <unfinished ...>
17036 <... read resumed> "\0\0\0\0\6array\0\2#\0\206\275\20\0\0\0\0\0\6len\0\2#\10\271\23"..., 32768) = 32768
17036 write(6, "8000\r\nners/runc/libcontainer/key"..., 4096 <unfinished ...>
17032 <... clock_gettime resumed> {1465918769, 573102650}) = 0
17036 <... write resumed> )             = 4096
17036 write(6, "*github.com/godbus/dbus.Object\0\275"..., 28678 <unfinished ...>
17032 select(0, NULL, NULL, NULL, {0, 20} <unfinished ...>
17036 <... write resumed> )             = 28678
17036 write(6, "\r\n", 2)               = 2
17033 <... select resumed> )            = 0 (Timeout)
17036 read(7,  <unfinished ...>
17033 futex(0xc82002ea10, FUTEX_WAIT, 0, NULL <unfinished ...>
17036 <... read resumed> "s\0\2#\30\317+\21\0\0\0\0\0\6nevacuate\0\2# \264\7\r\0\0"..., 32768) = 32768
17036 futex(0xc82002ea10, FUTEX_WAKE, 1) = 1
17033 <... futex resumed> )             = 0
17036 write(6, "8000\r\n\0\0\0\0\6values\0\3#\210\1\0\20\21\0\0\0\0\0\6o"..., 4096 <unfinished ...>
17033 select(0, NULL, NULL, NULL, {0, 100} <unfinished ...>
17032 <... select resumed> )            = 0 (Timeout)
17036 <... write resumed> )             = 4096
17036 write(6, "\37\21\0\0\0\0\0\6oldbuckets\0\2#\30\276\37\21\0\0\0\0\0\6n"..., 28678 <unfinished ...>
17032 clock_gettime(CLOCK_MONOTONIC,  <unfinished ...>
17036 <... write resumed> )             = 28678
17036 write(6, "\r\n", 2 <unfinished ...>
17032 <... clock_gettime resumed> {4903, 789312506}) = 0
17036 <... write resumed> )             = 2
17036 read(7,  <unfinished ...>
17032 clock_gettime(CLOCK_REALTIME,  <unfinished ...>
17036 <... read resumed> "taqsiz\0\2#\10f\311\r\0\0\0\0\0\6buf\0\2#\20\244\7\r\0\0\0"..., 32768) = 32768
17036 write(6, "8000\r\nt<crypto.Hash,[]uint8>\0%\220\21"..., 4096 <unfinished ...>
17032 <... clock_gettime resumed> {1465918769, 573349798}) = 0
17036 <... write resumed> )             = 4096
17036 write(6, "#8\236\237\21\0\0\0\0\0\6sendq\0\2#H\236\237\21\0\0\0\0\0\6loc"..., 28678 <unfinished ...>
17032 select(0, NULL, NULL, NULL, {0, 20} <unfinished ...>
17036 <... write resumed> )             = 28678
17036 write(6, "\r\n", 2)               = 2
17033 <... select resumed> )            = 0 (Timeout)
17036 read(7,  <unfinished ...>
17033 futex(0xc82002ea10, FUTEX_WAIT, 0, NULL <unfinished ...>
17036 <... read resumed> "\r\0\0\0\0\0\1\3sync/atomic.CompareAndSw"..., 32768) = 32768
17036 futex(0xc82002ea10, FUTEX_WAKE, 1) = 1
17033 <... futex resumed> )             = 0
17036 write(6, "8000\r\nolSigSet\0\t\3\340\216\304\0\0\0\0\0\5(\r\0\0\0\0"..., 4096 <unfinished ...>
17033 select(0, NULL, NULL, NULL, {0, 100} <unfinished ...>
17032 <... select resumed> )            = 0 (Timeout)
17036 <... write resumed> )             = 4096
17036 write(6, "importpath.encoding/asn1.\0\t\3 L\217\0"..., 28678 <unfinished ...>
17032 clock_gettime(CLOCK_MONOTONIC,  <unfinished ...>
17036 <... write resumed> )             = -1 EAGAIN (Resource temporarily unavailable)
17036 read(7,  <unfinished ...>
17032 <... clock_gettime resumed> {4903, 789552313}) = 0
17036 <... read resumed> "rotobuf/proto.(*Buffer).dec_prot"..., 32768) = 32768
17036 futex(0xc8200f6a10, FUTEX_WAIT, 0, NULL <unfinished ...>
17032 clock_gettime(CLOCK_REALTIME, {1465918769, 573590061}) = 0
17032 select(0, NULL, NULL, NULL, {0, 20} <unfinished ...>
17033 <... select resumed> )            = 0 (Timeout)
17033 futex(0xc82002ea10, FUTEX_WAIT, 0, NULL <unfinished ...>
17032 <... select resumed> )            = 0 (Timeout)
17032 clock_gettime(CLOCK_MONOTONIC, {4903, 789723865}) = 0
17032 futex(0x21ee760, FUTEX_WAIT, 0, {60, 0} <unfinished ...>
17035 <... epoll_wait resumed> {{EPOLLOUT, {u32=2134024192, u64=140606478393344}}}, 128, -1) = 1
17035 clock_gettime(CLOCK_MONOTONIC, {4903, 790615290}) = 0
17035 futex(0xc82002ea10, FUTEX_WAKE, 1) = 1
17033 <... futex resumed> )             = 0
17035 futex(0x21ee760, FUTEX_WAKE, 1 <unfinished ...>
17033 epoll_wait(5,  <unfinished ...>
17035 <... futex resumed> )             = 1
17033 <... epoll_wait resumed> {}, 128, 0) = 0
17032 <... futex resumed> )             = 0
17035 write(6, "importpath.encoding/asn1.\0\t\3 L\217\0"..., 28678 <unfinished ...>
17033 epoll_wait(5,  <unfinished ...>
17035 <... write resumed> )             = 28678
17032 clock_gettime(CLOCK_MONOTONIC,  <unfinished ...>
17035 write(6, "\r\n", 2)               = 2
17032 <... clock_gettime resumed> {4903, 790710330}) = 0
17035 futex(0xc8200f6a10, FUTEX_WAKE, 1 <unfinished ...>
17036 <... futex resumed> )             = 0
17035 <... futex resumed> )             = 1
17032 clock_gettime(CLOCK_REALTIME,  <unfinished ...>
17036 select(0, NULL, NULL, NULL, {0, 100} <unfinished ...>
17035 write(6, "8000\r\nrBadHex\0\t\3\0\226\304\0\0\0\0\0D\16\r\0\0\0\0\0"..., 4096 <unfinished ...>
17032 <... clock_gettime resumed> {1465918769, 574753751}) = 0
17035 <... write resumed> )             = 4096
17035 write(6, "\0\t\3\300=\217\0\0\0\0\0\217\7\r\0\0\0\0\0\1\3github.com/"..., 28678 <unfinished ...>
17032 select(0, NULL, NULL, NULL, {0, 20} <unfinished ...>
17035 <... write resumed> )             = 28678
17035 write(6, "\r\n", 2)               = 2
17035 read(7, "\0\1\3unicode.Batak\0\t\3\320\5\303\0\0\0\0\0X%\r\0\0"..., 32768) = 32768
17035 write(6, "8000\r\n\0\0\1\3unicode.statictmp_0113"..., 4096) = 4096
17032 <... select resumed> )            = 0 (Timeout)
17035 write(6, "\0\0\0\1\3unicode.Old_Persian\0\t\3p\t\303\0\0"..., 28678 <unfinished ...>
17036 <... select resumed> )            = 0 (Timeout)
17035 <... write resumed> )             = 28678
17032 clock_gettime(CLOCK_MONOTONIC,  <unfinished ...>
17036 read(7,  <unfinished ...>
17035 write(6, "\r\n", 2 <unfinished ...>
17032 <... clock_gettime resumed> {4903, 790951242}) = 0
17036 <... read resumed> "Closer\0\t\3\30^\306\0\0\0\0\0\217\7\r\0\0\0\0\0\1\3go.it"..., 32768) = 32768
17035 <... write resumed> )             = 2
17032 clock_gettime(CLOCK_REALTIME,  <unfinished ...>
17036 futex(0xc8200f6a10, FUTEX_WAIT, 0, NULL <unfinished ...>
17035 futex(0xc8200f6a10, FUTEX_WAKE, 1 <unfinished ...>
17032 <... clock_gettime resumed> {1465918769, 575003566}) = 0
17036 <... futex resumed> )             = -1 EAGAIN (Resource temporarily unavailable)
17035 <... futex resumed> )             = 0
17036 select(0, NULL, NULL, NULL, {0, 100} <unfinished ...>
17035 write(6, "8000\r\nctionSignature\0\t\3\350\217\304\0\0\0\0\0d"..., 4096 <unfinished ...>
17032 select(0, NULL, NULL, NULL, {0, 20} <unfinished ...>
17035 <... write resumed> )             = 4096
17035 write(6, "\0\0\0\1\3go.itab.*github.com/opencon"..., 28678) = 28678
17035 write(6, "\r\n", 2)               = 2
17035 read(7, "\0\0\1\3main.statictmp_0775\0\t\3\240g\217\0\0\0"..., 32768) = 32768
17035 write(6, "8000\r\n\16\0\0\0\0\0\1\3runtime.testingAss"..., 4096) = 4096
17032 <... select resumed> )            = 0 (Timeout)
17035 write(6, "\r\0\0\0\0\0\1\3main..gostring.25\0\t\3\300\177\217\0"..., 28678) = 28678
17032 clock_gettime(CLOCK_MONOTONIC,  <unfinished ...>
17035 write(6, "\r\n", 2)               = 2
17032 <... clock_gettime resumed> {4903, 791195481}) = 0
17036 <... select resumed> )            = 0 (Timeout)
17036 futex(0xc8200f6a10, FUTEX_WAIT, 0, NULL <unfinished ...>
17035 read(7,  <unfinished ...>
17032 clock_gettime(CLOCK_REALTIME,  <unfinished ...>
17035 <... read resumed> "\0\16&\0I\23\0\0\17\25\1'\31I\23\1\23\0\0\20\5\0I\23\0\0\21&\0\0\0\22"..., 32768) = 32768
17035 futex(0xc8200f6a10, FUTEX_WAKE, 1 <unfinished ...>
17032 <... clock_gettime resumed> {1465918769, 575243529}) = 0
17036 <... futex resumed> )             = 0
17035 <... futex resumed> )             = 1
17036 select(0, NULL, NULL, NULL, {0, 100} <unfinished ...>
17035 write(6, "8000\r\n5\0\0\16r\0\1u0\0\0\0\t6\0\0\22\34\250o\0\0\0\0\0\317"..., 4096 <unfinished ...>
17032 select(0, NULL, NULL, NULL, {0, 20} <unfinished ...>
17035 <... write resumed> )             = 4096
17035 write(6, "\220\0\0\0\0\0\34H&\0\0\1T6\6\0\0\t\3h\34\220\0\0\0\0\0\34a&\0\0"..., 28678) = 28678
17035 write(6, "\r\n", 2)               = 2
17035 read(7, "pencontainers/runc/Godeps/_works"..., 32768) = 32768
17035 write(6, "8000\r\nworkspace/src/github.com/g"..., 4096) = 4096
17032 <... select resumed> )            = 0 (Timeout)
17035 write(6, "pace/src/github.com/opencontaine"..., 28678) = 28678
17032 clock_gettime(CLOCK_MONOTONIC,  <unfinished ...>
17035 write(6, "\r\n", 2)               = 2
17032 <... clock_gettime resumed> {4903, 791446751}) = 0
17036 <... select resumed> )            = 0 (Timeout)
17035 read(7,  <unfinished ...>
17032 clock_gettime(CLOCK_REALTIME,  <unfinished ...>
17036 futex(0xc8200f6a10, FUTEX_WAIT, 0, NULL <unfinished ...>
17035 <... read resumed> "D\2\22\3\4\1=0D\2\27\3\4\1-\2\n\3\5\1\244-4pA\2\5\3p\1i\2"..., 32768) = 32768
17032 <... clock_gettime resumed> {1465918769, 575488554}) = 0
17035 futex(0xc8200f6a10, FUTEX_WAKE, 1 <unfinished ...>
17036 <... futex resumed> )             = 0
17035 <... futex resumed> )             = 1
17032 select(0, NULL, NULL, NULL, {0, 20} <unfinished ...>
17036 select(0, NULL, NULL, NULL, {0, 100} <unfinished ...>
17035 write(6, "8000\r\n\3\v\1\2\16\3\17\1\2\10\3\3\1\2\356\0\3\1\1\2\4\3\7\1T\2"..., 4096) = 4096
17035 write(6, "\3\r\1\2\5\3q\1\2\7\3k\1\2\7\3I\1\2\r\3\220\1\1|\2\300\0\3\1\0015"..., 28678) = 28678
17035 write(6, "\r\n", 2)               = 2
17035 read(7, "\326\0\3\1\1B\306^\2\16\3\7\1L\2\371\0\3\1\1,\2\316\0\3\2\1\2\325\0\3\1"..., 32768) = 32768
17035 write(6, "8000\r\n\2\320\0\3\0\1\2\220\1\3\0\1\2\200\1\3\0\1\2\340\2\3\0\1\2\300"..., 4096 <unfinished ...>
17032 <... select resumed> )            = 0 (Timeout)
17035 <... write resumed> )             = 4096
17035 write(6, "\270<\2\353\1\3\1\1A$L\30L\30\2\371\0\3\1\1@\2\f\3\3\1\2\320\0\3\1\1"..., 28678 <unfinished ...>
17032 clock_gettime(CLOCK_MONOTONIC,  <unfinished ...>
17035 <... write resumed> )             = 28678
17035 write(6, "\r\n", 2 <unfinished ...>
17032 <... clock_gettime resumed> {4903, 791682063}) = 0
17035 <... write resumed> )             = 2
17036 <... select resumed> )            = 0 (Timeout)
17035 read(7,  <unfinished ...>
17032 clock_gettime(CLOCK_REALTIME,  <unfinished ...>
17036 futex(0xc8200f6a10, FUTEX_WAIT, 0, NULL <unfinished ...>
17035 <... read resumed> "\16\3w\1\2\2\3\t\1\2\322\0\3w\1&&\2\24\3\22\1\374\344\2\205\1\3\1\1@\2"..., 32768) = 32768
17032 <... clock_gettime resumed> {1465918769, 575737935}) = 0
17035 futex(0xc8200f6a10, FUTEX_WAKE, 1 <unfinished ...>
17036 <... futex resumed> )             = 0
17035 <... futex resumed> )             = 1
17032 select(0, NULL, NULL, NULL, {0, 20} <unfinished ...>
17036 select(0, NULL, NULL, NULL, {0, 100} <unfinished ...>
17035 write(6, "8000\r\n\1\2'\3y\1\2\7\3~\1Y\2\5\3~\1*X\36*X\36*X\36"..., 4096) = 4096
17035 write(6, "\211\2\27\3|\1\2\21\3\t\1\320\2\333\0\3\1\1\2\360\2\3~\1\2\24\3\5\1\2\314\0"..., 28678) = -1 EAGAIN (Resource temporarily unavailable)
17035 read(7, "&\2\30\3\n\1\2204\274\2\10\3~\1\2\n\3\4\1\370\36\2\7\3{\1\2\20\3\r\1\244"..., 32768) = 32768
17035 futex(0xc8200f6590, FUTEX_WAIT, 0, NULL <unfinished ...>
17032 <... select resumed> )            = 0 (Timeout)
17032 clock_gettime(CLOCK_MONOTONIC, {4903, 791899016}) = 0
17032 clock_gettime(CLOCK_REALTIME, {1465918769, 575902483}) = 0
17032 select(0, NULL, NULL, NULL, {0, 20} <unfinished ...>
17036 <... select resumed> )            = 0 (Timeout)
17036 futex(0xc8200f6a10, FUTEX_WAIT, 0, NULL <unfinished ...>
17032 <... select resumed> )            = 0 (Timeout)
17032 clock_gettime(CLOCK_MONOTONIC, {4903, 792023638}) = 0
17032 futex(0x21ee760, FUTEX_WAIT, 0, {60, 0} <unfinished ...>
17033 <... epoll_wait resumed> {{EPOLLOUT, {u32=2134024192, u64=140606478393344}}}, 128, -1) = 1
17033 clock_gettime(CLOCK_MONOTONIC, {4903, 792885974}) = 0
17033 futex(0xc8200f6a10, FUTEX_WAKE, 1 <unfinished ...>
17036 <... futex resumed> )             = 0
17033 <... futex resumed> )             = 1
17036 epoll_wait(5,  <unfinished ...>
17033 futex(0x21ee760, FUTEX_WAKE, 1 <unfinished ...>
17036 <... epoll_wait resumed> {}, 128, 0) = 0
17033 <... futex resumed> )             = 1
17032 <... futex resumed> )             = 0
17036 sched_yield( <unfinished ...>
17033 write(6, "\211\2\27\3|\1\2\21\3\t\1\320\2\333\0\3\1\1\2\360\2\3~\1\2\24\3\5\1\2\314\0"..., 28678 <unfinished ...>
17036 <... sched_yield resumed> )       = 0
17033 <... write resumed> )             = 28678
17032 clock_gettime(CLOCK_MONOTONIC,  <unfinished ...>
17036 futex(0x21ee6a0, FUTEX_WAKE, 1 <unfinished ...>
17033 write(6, "\r\n", 2 <unfinished ...>
17032 <... clock_gettime resumed> {4903, 792998538}) = 0
17036 <... futex resumed> )             = 0
17033 <... write resumed> )             = 2
17036 epoll_wait(5,  <unfinished ...>
17033 futex(0xc8200f6590, FUTEX_WAKE, 1 <unfinished ...>
17032 clock_gettime(CLOCK_REALTIME,  <unfinished ...>
17036 <... epoll_wait resumed> {{EPOLLOUT, {u32=2134024192, u64=140606478393344}}}, 128, -1) = 1
17035 <... futex resumed> )             = 0
17033 <... futex resumed> )             = 1
17032 <... clock_gettime resumed> {1465918769, 577064685}) = 0
17036 epoll_wait(5,  <unfinished ...>
17035 select(0, NULL, NULL, NULL, {0, 100} <unfinished ...>
17033 write(6, "8000\r\n|0\2\324\0\3\2\0010Lp8\2\5\3~\1X\22\32h\2\2\3z\1"..., 4096 <unfinished ...>
17032 select(0, NULL, NULL, NULL, {0, 20} <unfinished ...>
17033 <... write resumed> )             = 4096
17033 write(6, "\1\2\5\3~\1\0022\3~\1\2\f\3\6\1|@\2\304\1\3\2\1\2\5\3~\1\0022\3"..., 28678) = 28678
17033 write(6, "\r\n", 2)               = 2
17033 read(7, "\2\7\3\4\1\240\200\2\35\3U\1\2\5\3+\1\2\35\3U\1\2\5\3+\1\32\200\22&\200"..., 32768) = 32768
17033 ioctl(0, TIOCGWINSZ, {ws_row=35, ws_col=112, ws_xpixel=0, ws_ypixel=0}) = 0
17032 <... select resumed> )            = 0 (Timeout)
17033 ioctl(0, TIOCGWINSZ, {ws_row=35, ws_col=112, ws_xpixel=0, ws_ypixel=0}) = 0
17032 clock_gettime(CLOCK_MONOTONIC,  <unfinished ...>
17033 write(1, "Sending build context to Docker "..., 48 <unfinished ...>
17035 <... select resumed> )            = 0 (Timeout)
17033 <... write resumed> )             = 48
17032 <... clock_gettime resumed> {4903, 793260962}) = 0
17035 read(7,  <unfinished ...>
17033 write(6, "8000\r\n&&&&&\2\7\3{\1l\2\1\3{\1\2\16\3\27\1\311,\2\27\3"..., 4096 <unfinished ...>
17035 <... read resumed> "\3\350\2\1\4\364\2\2\25\3\226}\1\4\374\2\2\5\3\246\3\1\2\25\3D\1\36\2\25\3="..., 32768) = 32768
17033 <... write resumed> )             = 4096
17032 clock_gettime(CLOCK_REALTIME,  <unfinished ...>
17036 <... epoll_wait resumed> {{EPOLLOUT, {u32=2134024192, u64=140606478393344}}}, 128, -1) = 1
17035 futex(0xc8200f6590, FUTEX_WAIT, 0, NULL <unfinished ...>
17033 write(6, "\2\25\3\25\1\2\327\0\3\4\1\2\210\1\3\1\1\2\320\1\3\1\1\2\214\1\3\1\1\2\362\0"..., 28678 <unfinished ...>
17032 <... clock_gettime resumed> {1465918769, 577350342}) = 0
17036 epoll_wait(5,  <unfinished ...>
17033 <... write resumed> )             = 28678
17033 write(6, "\r\n", 2 <unfinished ...>
17032 select(0, NULL, NULL, NULL, {0, 20} <unfinished ...>
17033 <... write resumed> )             = 2
17033 futex(0xc8200f6590, FUTEX_WAKE, 1 <unfinished ...>
17035 <... futex resumed> )             = 0
17033 <... futex resumed> )             = 1
17035 select(0, NULL, NULL, NULL, {0, 100} <unfinished ...>
17033 write(6, "8000\r\n\23\3{\1\2\f\3x\1:\2\16\3|\1\2\23\3\33\1\2\262\1\3\1\1"..., 4096) = 4096
17033 write(6, "\3\2\1\2\247\1\3\1\1j\2\7\3~\1\2\7\3~\1\2\320\0\3\2\1\2\5\3s\1\2"..., 28678) = 28678
17033 write(6, "\r\n", 2 <unfinished ...>
17032 <... select resumed> )            = 0 (Timeout)
17033 <... write resumed> )             = 2
17033 read(7,  <unfinished ...>
17032 clock_gettime(CLOCK_MONOTONIC,  <unfinished ...>
17033 <... read resumed> "\1\0014\2\331\1\3\5\1T\2\331\0\3\3\1\2\317\0\3|\1\2\7\3y\1\2\23\3\26\1"..., 32768) = 32768
17033 write(6, "8000\r\n\340\0\3\0\1\4\323\3\2\300\0\3\302\0\1\214\214\2\300\0\3\1\1\314\2\320"..., 4096 <unfinished ...>
17032 <... clock_gettime resumed> {4903, 793541226}) = 0
17033 <... write resumed> )             = 4096
17033 write(6, "H\2\241\1\3\3\1\2\314\0\3w\1\2\7\3\5\1\2\5\3v\1&\2\7\3}\1\2\16\3"..., 28678 <unfinished ...>
17032 clock_gettime(CLOCK_REALTIME,  <unfinished ...>
17033 <... write resumed> )             = 28678
17035 <... select resumed> )            = 0 (Timeout)
17033 write(6, "\r\n", 2 <unfinished ...>
17032 <... clock_gettime resumed> {1465918769, 577596411}) = 0
17035 read(7,  <unfinished ...>
17033 <... write resumed> )             = 2
17035 <... read resumed> "\240\332@\0\0\0\0\0P\4\0\0\0\0\0\0\23~_\23H\3m\1\23~A\23H\3\200\1"..., 32768) = 32768
17033 futex(0xc82002ea10, FUTEX_WAIT, 0, NULL <unfinished ...>
17032 select(0, NULL, NULL, NULL, {0, 20} <unfinished ...>
17035 futex(0xc82002ea10, FUTEX_WAKE, 1 <unfinished ...>
17033 <... futex resumed> )             = -1 EAGAIN (Resource temporarily unavailable)
17035 <... futex resumed> )             = 0
17033 select(0, NULL, NULL, NULL, {0, 100} <unfinished ...>
17035 write(6, "8000\r\n\2\0\0unistd.h\0\2\0\0sched.h\0\3\0\0"..., 4096) = 4096
17035 write(6, "Ye=\203\203YjJDYe=\203\203YjJDYe=\203\203YjJBY-=\203\203"..., 28678) = 28678
17035 write(6, "\r\n", 2)               = 2
17032 <... select resumed> )            = 0 (Timeout)
17035 read(7, "\0\0\0\0000\0\0\0\0\0\0\0\23~o\0\30\0\0\0\0\0\0\0\340\311E\0\0\0\0\0"..., 32768) = 32768
17032 clock_gettime(CLOCK_MONOTONIC,  <unfinished ...>
17035 write(6, "8000\r\n\0\0\0\0\260\0\0\0\0\0\0\0\23~W\23x\2\201\23~W\0\0(\0"..., 4096) = 4096
17032 <... clock_gettime resumed> {4903, 793817954}) = 0
17035 write(6, "\0\0\220WE\0\0\0\0\0`\1\0\0\0\0\0\0\23~W\23r\2W\23~A\23r\2e"..., 28678) = 28678
17033 <... select resumed> )            = 0 (Timeout)
17032 clock_gettime(CLOCK_REALTIME,  <unfinished ...>
17035 write(6, "\r\n", 2 <unfinished ...>
17033 select(0, NULL, NULL, NULL, {0, 100} <unfinished ...>
17035 <... write resumed> )             = 2
17032 <... clock_gettime resumed> {1465918769, 577884048}) = 0
17035 read(7, "0\0\0\0\0\0\0\0p\34J\0\0\0\0\0\260\0\0\0\0\0\0\0\23~W\23t\2N\23"..., 32768) = 32768
17032 select(0, NULL, NULL, NULL, {0, 20} <unfinished ...>
17035 write(6, "8000\r\n\23~S\23tt\23~H\0\0\0(\0\0\0\0\0\0\0\300\323H\0\0\0"..., 4096) = 4096
17035 write(6, "\0\0\0\0\0\0\320\257I\0\0\0\0\0P\5\0\0\0\0\0\0\23~_\23L\3\201\2\23~"..., 28678) = 28678
17035 write(6, "\r\n", 2)               = 2
17032 <... select resumed> )            = 0 (Timeout)
17035 read(7, "\360\0\0\0\0\0\0\0\23~W\23h\2\264\23~A\23hI\23~A\23hK\23~N\0\0"..., 32768) = 32768
17032 clock_gettime(CLOCK_MONOTONIC,  <unfinished ...>
17035 write(6, "8000\r\n(\0\0\0\0\0\0\0\300KN\0\0\0\0\0\20\3\0\0\0\0\0\0\23~"..., 4096 <unfinished ...>
17033 <... select resumed> )            = 0 (Timeout)
17032 <... clock_gettime resumed> {4903, 794067777}) = 0
17035 <... write resumed> )             = 4096
17033 read(7,  <unfinished ...>
17035 write(6, "\0\0\0\0\0\0\340\23O\0\0\0\0\0\320\0\0\0\0\0\0\0\23~_\23\\\2\241\23~O"..., 28678 <unfinished ...>
17033 <... read resumed> "\0\0\0\0(\0\0\0\0\0\0\0\240\222T\0\0\0\0\0\260\0\0\0\0\0\0\0\23~W\23"..., 32768) = 32768
17032 clock_gettime(CLOCK_REALTIME,  <unfinished ...>
17035 <... write resumed> )             = 28678
17033 futex(0xc82002ea10, FUTEX_WAIT, 0, NULL <unfinished ...>
17035 write(6, "\r\n", 2 <unfinished ...>
17032 <... clock_gettime resumed> {1465918769, 578132484}) = 0
17035 <... write resumed> )             = 2
17035 futex(0xc82002ea10, FUTEX_WAKE, 1 <unfinished ...>
17032 select(0, NULL, NULL, NULL, {0, 20} <unfinished ...>
17035 <... futex resumed> )             = 1
17033 <... futex resumed> )             = 0
17035 write(6, "8000\r\n~Y\0\0\30\0\0\0\0\0\0\0\300\273S\0\0\0\0\0@\0\0\0\0\0"..., 4096 <unfinished ...>
17033 select(0, NULL, NULL, NULL, {0, 100} <unfinished ...>
17035 <... write resumed> )             = 4096
17035 write(6, "&\1\23~A\23^[\23~S\0\0\0(\0\0\0\0\0\0\0\340\17T\0\0\0\0\0p\1"..., 28678) = 28678
17035 write(6, "\r\n", 2)               = 2
17032 <... select resumed> )            = 0 (Timeout)
17035 read(7, " \0\0\0\0\0\0\0\23~_\0\30\0\0\0\0\0\0\0\320\2Y\0\0\0\0\0000\0\0\0"..., 32768) = 32768
17032 clock_gettime(CLOCK_MONOTONIC,  <unfinished ...>
17035 write(6, "8000\r\n\0\0\0\0\320\220X\0\0\0\0\0\300\0\0\0\0\0\0\0\23~W\23x\2"..., 4096) = 4096
17032 <... clock_gettime resumed> {4903, 794317860}) = 0
17035 write(6, "\271\23~A\23vj\23~T\0\0\0\0H\0\0\0\0\0\0\0\20\352X\0\0\0\0\0P\2"..., 28678) = -1 EAGAIN (Resource temporarily unavailable)
17032 clock_gettime(CLOCK_REALTIME,  <unfinished ...>
17035 read(7, "\0\0\0\0\23~\2O(\0\0\0\0\0\0\0\360\305]\0\0\0\0\0\260\0\0\0\0\0\0\0"..., 32768) = 32768
17032 <... clock_gettime resumed> {1465918769, 578353897}) = 0
17035 futex(0xc8200f6590, FUTEX_WAIT, 0, NULL <unfinished ...>
17033 <... select resumed> )            = 0 (Timeout)
17033 futex(0xc82002ea10, FUTEX_WAIT, 0, NULL <unfinished ...>
17032 select(0, NULL, NULL, NULL, {0, 20}) = 0 (Timeout)
17032 clock_gettime(CLOCK_MONOTONIC, {4903, 794509786}) = 0
17032 futex(0x21ee760, FUTEX_WAIT, 0, {60, 0} <unfinished ...>
17036 <... epoll_wait resumed> {{EPOLLOUT, {u32=2134024192, u64=140606478393344}}}, 128, -1) = 1
17036 clock_gettime(CLOCK_MONOTONIC, {4903, 795334884}) = 0
17036 futex(0xc82002ea10, FUTEX_WAKE, 1) = 1
17033 <... futex resumed> )             = 0
17036 futex(0x21ee760, FUTEX_WAKE, 1 <unfinished ...>
17033 epoll_wait(5,  <unfinished ...>
17036 <... futex resumed> )             = 1
17033 <... epoll_wait resumed> {}, 128, 0) = 0
17032 <... futex resumed> )             = 0
17036 write(6, "\271\23~A\23vj\23~T\0\0\0\0H\0\0\0\0\0\0\0\20\352X\0\0\0\0\0P\2"..., 28678 <unfinished ...>
17033 epoll_wait(5,  <unfinished ...>
17036 <... write resumed> )             = 28678
17032 clock_gettime(CLOCK_MONOTONIC,  <unfinished ...>
17036 write(6, "\r\n", 2)               = 2
17032 <... clock_gettime resumed> {4903, 795430436}) = 0
17036 futex(0xc8200f6590, FUTEX_WAKE, 1) = 1
17035 <... futex resumed> )             = 0
17032 clock_gettime(CLOCK_REALTIME,  <unfinished ...>
17036 write(6, "8000\r\n~R\0\0\0\0\0\0(\0\0\0\0\0\0\0\360~\\\0\0\0\0\0\220\0"..., 4096 <unfinished ...>
17035 select(0, NULL, NULL, NULL, {0, 100} <unfinished ...>
17036 <... write resumed> )             = 4096
17032 <... clock_gettime resumed> {1465918769, 579474350}) = 0
17036 write(6, "\0\0\0\0\0\0\20/]\0\0\0\0\0\20\0\0\0\0\0\0\0\23~O\0(\0\0\0\0\0"..., 28678) = 28678
17032 select(0, NULL, NULL, NULL, {0, 20} <unfinished ...>
17036 write(6, "\r\n", 2)               = 2
17036 read(7, "\0\0\0\0\23~W\23l\177\23~A\23l\2j\23~A\23lI\23~A\23lV\23~M"..., 32768) = 32768
17036 write(6, "8000\r\n~A\23h\3:\1\23~A\23h\2i\23~A\23hG\23~X\0\0\0"..., 4096) = 4096
17036 write(6, "\0\0\0\227b\0\0\0\0\0\240\0\0\0\0\0\0\0\23~S\23t\2G\23~A\23to\23"..., 28678) = 28678
17036 write(6, "\r\n", 2 <unfinished ...>
17032 <... select resumed> )            = 0 (Timeout)
17036 <... write resumed> )             = 2
17036 read(7,  <unfinished ...>
17035 <... select resumed> )            = 0 (Timeout)
17032 clock_gettime(CLOCK_MONOTONIC,  <unfinished ...>
17036 <... read resumed> "\23~W\23t\2r\23~A\23ti\23~L\0\0\0\0(\0\0\0\0\0\0\0\360Ri\0"..., 32768) = 32768
17035 futex(0xc8200f6590, FUTEX_WAIT, 0, NULL <unfinished ...>
17032 <... clock_gettime resumed> {4903, 795693741}) = 0
17036 futex(0xc8200f6590, FUTEX_WAKE, 1 <unfinished ...>
17035 <... futex resumed> )             = -1 EAGAIN (Resource temporarily unavailable)
17032 clock_gettime(CLOCK_REALTIME,  <unfinished ...>
17036 <... futex resumed> )             = 0
17035 select(0, NULL, NULL, NULL, {0, 100} <unfinished ...>
17032 <... clock_gettime resumed> {1465918769, 579737792}) = 0
17036 write(6, "8000\r\n\0\0\0\0\260Fh\0\0\0\0\0000\0\0\0\0\0\0\0\23~o\0\30\0"..., 4096) = 4096
17032 select(0, NULL, NULL, NULL, {0, 20} <unfinished ...>
17036 write(6, "\0\0\0\0\0\0p\371h\0\0\0\0\0P\0\0\0\0\0\0\0\23~\2O \0\0\0\0\0"..., 28678) = 28678
17036 write(6, "\r\n", 2)               = 2
17036 read(7,  <unfinished ...>
17032 <... select resumed> )            = 0 (Timeout)
17036 <... read resumed> "\0\0\0\0p\302n\0\0\0\0\0\340\0\0\0\0\0\0\0\23~W\23r\2\202\23~A\23r"..., 32768) = 32768
17035 <... select resumed> )            = 0 (Timeout)
17032 clock_gettime(CLOCK_MONOTONIC,  <unfinished ...>
17036 write(6, "8000\r\n\0\0\0\0p]m\0\0\0\0\0`\3\0\0\0\0\0\0\23~_\23V\3"..., 4096 <unfinished ...>
17035 select(0, NULL, NULL, NULL, {0, 100} <unfinished ...>
17032 <... clock_gettime resumed> {4903, 795981795}) = 0
17036 <... write resumed> )             = 4096
17036 write(6, "\0\0\23~W\23h\3\t\1\23~O\0 \0\0\0\0\0\0\0\300gn\0\0\0\0\0\320\1"..., 28678 <unfinished ...>
17032 clock_gettime(CLOCK_REALTIME,  <unfinished ...>
17036 <... write resumed> )             = 28678
17036 write(6, "\r\n", 2 <unfinished ...>
17032 <... clock_gettime resumed> {1465918769, 580065505}) = 0
17036 <... write resumed> )             = 2
17036 read(7,  <unfinished ...>
17032 select(0, NULL, NULL, NULL, {0, 20} <unfinished ...>
17036 <... read resumed> "U\237\0\0\0\0\0\0\0\0\0\0\0\0\0\0\0\0}\0\0\0\0\0\0\0\212\0\0\0\0\0"..., 32768) = 32768
17036 write(6, "8000\r\n\7\0\0\0\0\0\0\0\1\0U\7\0\0\0\0\0\0\0\21\0\0\0\0\0\0"..., 4096) = 4096
17035 <... select resumed> )            = 0 (Timeout)
17036 write(6, "\0\0\0\0\0\0\0\0\0Z\2\0\0\0\0\0\0^\2\0\0\0\0\0\0\1\0P^\2\0\0"..., 28678 <unfinished ...>
17035 read(7,  <unfinished ...>
17036 <... write resumed> )             = 28678
17035 <... read resumed> "ntime.traceAlloc\0\351\6\16\0runtime.tra"..., 32768) = 32768
17032 <... select resumed> )            = 0 (Timeout)
17036 write(6, "\r\n", 2 <unfinished ...>
17035 futex(0xc8200f6590, FUTEX_WAIT, 0, NULL <unfinished ...>
17032 clock_gettime(CLOCK_MONOTONIC,  <unfinished ...>
17036 <... write resumed> )             = 2
17036 futex(0xc8200f6590, FUTEX_WAKE, 1 <unfinished ...>
17032 <... clock_gettime resumed> {4903, 796314038}) = 0
17036 <... futex resumed> )             = 1
17035 <... futex resumed> )             = 0
17032 clock_gettime(CLOCK_REALTIME,  <unfinished ...>
17036 write(6, "8000\r\n/criurpc.CgroupRoot\0\205\274\r\0*g"..., 4096 <unfinished ...>
17035 select(0, NULL, NULL, NULL, {0, 100} <unfinished ...>
17032 <... clock_gettime resumed> {1465918769, 580371975}) = 0
17036 <... write resumed> )             = 4096
17032 select(0, NULL, NULL, NULL, {0, 20} <unfinished ...>
17036 write(6, "e.mSpanList\0\277\351\r\0[4]runtime.mSpan"..., 28678) = 28678
17036 write(6, "\r\n", 2)               = 2
17036 read(7, "\17\0func(uint32)\0R\2\17\0*runtime.adju"..., 32768) = 32768
17032 <... select resumed> )            = 0 (Timeout)
17036 write(6, "8000\r\nchantype\0\262\305\16\0*runtime.hcha"..., 4096) = 4096
17035 <... select resumed> )            = 0 (Timeout)
17032 clock_gettime(CLOCK_MONOTONIC,  <unfinished ...>
17036 write(6, "\0\241\346\16\0runtime.memRecord\0\274\346\16\0*runt"..., 28678 <unfinished ...>
17035 read(7,  <unfinished ...>
17032 <... clock_gettime resumed> {4903, 796616261}) = 0
17036 <... write resumed> )             = 28678
17035 <... read resumed> "unc/libcontainer/configs.Command"..., 32768) = 32768
17032 clock_gettime(CLOCK_REALTIME,  <unfinished ...>
17036 write(6, "\r\n", 2 <unfinished ...>
17035 futex(0xc8200f6590, FUTEX_WAIT, 0, NULL <unfinished ...>
17032 <... clock_gettime resumed> {1465918769, 580683453}) = 0
17036 <... write resumed> )             = 2
17032 select(0, NULL, NULL, NULL, {0, 20} <unfinished ...>
17036 futex(0xc8200f6590, FUTEX_WAKE, 1) = 1
17035 <... futex resumed> )             = 0
17036 write(6, "8000\r\n; b int64 }\0\350\246\17\0*encoding/"..., 4096 <unfinished ...>
17035 select(0, NULL, NULL, NULL, {0, 100} <unfinished ...>
17036 <... write resumed> )             = 4096
17036 write(6, "g]interface {}\0#\300\17\0[]github.com/"..., 28678 <unfinished ...>
17032 <... select resumed> )            = 0 (Timeout)
17036 <... write resumed> )             = 28678
17032 clock_gettime(CLOCK_MONOTONIC,  <unfinished ...>
17036 write(6, "\r\n", 2 <unfinished ...>
17032 <... clock_gettime resumed> {4903, 796892434}) = 0
17036 <... write resumed> )             = 2
17032 clock_gettime(CLOCK_REALTIME,  <unfinished ...>
17036 read(7,  <unfinished ...>
17032 <... clock_gettime resumed> {1465918769, 580936228}) = 0
17036 <... read resumed> "ader\0\251\236\20\0crypto/rand.hideAgainRe"..., 32768) = 32768
17035 <... select resumed> )            = 0 (Timeout)
17032 select(0, NULL, NULL, NULL, {0, 20} <unfinished ...>
17036 ioctl(0, TIOCGWINSZ <unfinished ...>
17035 read(7,  <unfinished ...>
17036 <... ioctl resumed> , {ws_row=35, ws_col=112, ws_xpixel=0, ws_ypixel=0}) = 0
17035 <... read resumed> "string,bool>\0\366\214\21\0hash<string,boo"..., 32768) = 32768
17036 ioctl(0, TIOCGWINSZ <unfinished ...>
17035 futex(0xc8200f6590, FUTEX_WAIT, 0, NULL <unfinished ...>
17036 <... ioctl resumed> , {ws_row=35, ws_col=112, ws_xpixel=0, ws_ypixel=0}) = 0
17032 <... select resumed> )            = 0 (Timeout)
17036 write(1, "Sending build context to Docker "..., 48) = 48
17032 clock_gettime(CLOCK_MONOTONIC,  <unfinished ...>
17036 write(6, "8000\r\net.netFD\0Rp\20\0net.Addr\0fp\20\0"..., 4096) = 4096
17032 <... clock_gettime resumed> {4903, 797213494}) = 0
17036 write(6, "etlink.Vxlan\0e\214\20\0github.com/vish"..., 28678) = 28678
17032 clock_gettime(CLOCK_REALTIME,  <unfinished ...>
17036 write(6, "\r\n", 2)               = 2
17032 <... clock_gettime resumed> {1465918769, 581346429}) = 0
17036 futex(0xc8200f6590, FUTEX_WAKE, 1) = 1
17035 <... futex resumed> )             = 0
17032 select(0, NULL, NULL, NULL, {0, 20} <unfinished ...>
17036 write(6, "8000\r\nect.rtype>\0\221P\21\0[]val<*refl"..., 4096 <unfinished ...>
17035 select(0, NULL, NULL, NULL, {0, 100} <unfinished ...>
17036 <... write resumed> )             = 4096
17036 write(6, "ring,interface {}>\0\37r\21\0[]key<net"..., 28678 <unfinished ...>
17032 <... select resumed> )            = 0 (Timeout)
17036 <... write resumed> )             = 28678
17036 write(6, "\r\n", 2 <unfinished ...>
17035 <... select resumed> )            = 0 (Timeout)
17032 clock_gettime(CLOCK_MONOTONIC,  <unfinished ...>
17036 <... write resumed> )             = 2
17035 read(7,  <unfinished ...>
17036 futex(0xc8200f6a10, FUTEX_WAIT, 0, NULL <unfinished ...>
17035 <... read resumed> "h<\217\0\0\0\0\0\10\0\0\0\0\0\0\0\330\233\0\0\1\0\20\0h=\217\0\0\0\0\0"..., 32768) = 32768
17032 <... clock_gettime resumed> {4903, 797979043}) = 0
17035 futex(0xc8200f6a10, FUTEX_WAKE, 1 <unfinished ...>
17036 <... futex resumed> )             = 0
17035 <... futex resumed> )             = 1
17032 clock_gettime(CLOCK_REALTIME,  <unfinished ...>
17036 select(0, NULL, NULL, NULL, {0, 100} <unfinished ...>
17035 write(6, "8000\r\n\20\0\0\0\0\0\0\0\265[\0\0\1\0\20\0@x\217\0\0\0\0\0p\0"..., 4096 <unfinished ...>
17032 <... clock_gettime resumed> {1465918769, 582190500}) = 0
17035 <... write resumed> )             = 4096
17035 write(6, "\0\0\1\0\37\0\364W\306\0\0\0\0\0\1\0\0\0\0\0\0\0\343}\0\0\1\0\37\0(\\"..., 28678 <unfinished ...>
17032 select(0, NULL, NULL, NULL, {0, 20} <unfinished ...>
17035 <... write resumed> )             = 28678
17035 write(6, "\r\n", 2)               = 2
17035 read(7,  <unfinished ...>
17036 <... select resumed> )            = 0 (Timeout)
17035 <... read resumed> "\10\0\0\0\0\0\0\0\7I\1\0\1\0\35\0\10\223\303\0\0\0\0\0\10\0\0\0\0\0\0\0"..., 32768) = 32768
17036 futex(0xc8200f6a10, FUTEX_WAIT, 0, NULL <unfinished ...>
17035 futex(0xc8200f6a10, FUTEX_WAKE, 1 <unfinished ...>
17036 <... futex resumed> )             = -1 EAGAIN (Resource temporarily unavailable)
17035 <... futex resumed> )             = 0
17036 select(0, NULL, NULL, NULL, {0, 100} <unfinished ...>
17035 write(6, "8000\r\n\366\21\1\0\1\0\37\0hY\306\0\0\0\0\0\10\0\0\0\0\0\0\0\37\22"..., 4096) = 4096
17035 write(6, "\217\0\0\0\0\0\20\0\0\0\0\0\0\0\242&\1\0\1\0\20\0\220K\217\0\0\0\0\0\20\0"..., 28678) = 28678
17035 write(6, "\r\n", 2)               = 2
17035 read(7,  <unfinished ...>
17036 <... select resumed> )            = 0 (Timeout)
17035 <... read resumed> "O\301\1\0\2\0\16\0\220\37E\0\0\0\0\0P\0\0\0\0\0\0\0f\301\1\0\2\0\16\0"..., 32768) = 32768
17036 futex(0xc8200f6a10, FUTEX_WAIT, 0, NULL <unfinished ...>
17035 futex(0xc8200f6a10, FUTEX_WAKE, 1 <unfinished ...>
17036 <... futex resumed> )             = -1 EAGAIN (Resource temporarily unavailable)
17035 <... futex resumed> )             = 0
17036 select(0, NULL, NULL, NULL, {0, 100} <unfinished ...>
17035 write(6, "8000\r\n\260hC\0\0\0\0\0\320\0\0\0\0\0\0\0\t\251\1\0\2\0\16\0\200i"..., 4096) = 4096
17035 write(6, "\0\0\0\0\0\0\314\267\1\0\2\0\16\0\240jD\0\0\0\0\0\260\0\0\0\0\0\0\0\345\267"..., 28678) = 28678
17035 write(6, "\r\n", 2)               = 2
17035 read(7,  <unfinished ...>
17036 <... select resumed> )            = 0 (Timeout)
17035 <... read resumed> "\0:N\0\0\0\0\0\320\0\0\0\0\0\0\0\350o\2\0\2\0\16\0\320:N\0\0\0\0\0"..., 32768) = 32768
17036 futex(0xc8200f6a10, FUTEX_WAIT, 0, NULL <unfinished ...>
17035 futex(0xc8200f6a10, FUTEX_WAKE, 1 <unfinished ...>
17036 <... futex resumed> )             = -1 EAGAIN (Resource temporarily unavailable)
17035 <... futex resumed> )             = 0
17036 select(0, NULL, NULL, NULL, {0, 100} <unfinished ...>
17035 write(6, "8000\r\n\320\0\0\0\0\0\0\0\226&\2\0\2\0\16\0P\nK\0\0\0\0\0\300\0"..., 4096 <unfinished ...>
17036 <... select resumed> )            = 0 (Timeout)
17035 <... write resumed> )             = 4096
17033 <... epoll_wait resumed> {{EPOLLOUT, {u32=2134024192, u64=140606478393344}}}, 128, -1) = 1
17032 <... select resumed> )            = 0 (Timeout)
17032 clock_gettime(CLOCK_MONOTONIC, {4903, 800926812}) = 0
17032 clock_gettime(CLOCK_REALTIME, {1465918769, 584932561}) = 0
17032 select(0, NULL, NULL, NULL, {0, 20} <unfinished ...>
17036 select(0, NULL, NULL, NULL, {0, 100} <unfinished ...>
17035 write(6, "\2\0\2\0\16\0\240DM\0\0\0\0\0\220\0\0\0\0\0\0\0\34O\2\0\2\0\16\0000E"..., 28678) = 28678
17032 <... select resumed> )            = 0 (Timeout)
17035 write(6, "\r\n", 2 <unfinished ...>
17032 clock_gettime(CLOCK_MONOTONIC,  <unfinished ...>
17035 <... write resumed> )             = 2
17032 <... clock_gettime resumed> {4903, 801048436}) = 0
17035 read(7,  <unfinished ...>
17032 clock_gettime(CLOCK_REALTIME,  <unfinished ...>
17035 <... read resumed> "\340\2\0\0\0\0\0\0R,\3\0\2\0\16\0 \223W\0\0\0\0\0\260\f\0\0\0\0\0\0"..., 32768) = 32768
17032 <... clock_gettime resumed> {1465918769, 585080298}) = 0
17035 write(6, "8000\r\n\234\365\2\0\2\0\16\0\200\227U\0\0\0\0\0000\0\0\0\0\0\0\0\272\365"..., 4096 <unfinished ...>
17032 select(0, NULL, NULL, NULL, {0, 20} <unfinished ...>
17036 <... select resumed> )            = 0 (Timeout)
17035 <... write resumed> )             = 4096
17036 read(7,  <unfinished ...>
17035 write(6, "V\0\0\0\0\0\200\0\0\0\0\0\0\0<\32\3\0\2\0\16\0\260\335V\0\0\0\0\0\300\0"..., 28678 <unfinished ...>
17036 <... read resumed> "g\r\4\0\2\0\16\0\240\31`\0\0\0\0\0\220\0\0\0\0\0\0\0\201\r\4\0\2\0\16\0"..., 32768) = 32768
17035 <... write resumed> )             = 28678
17036 futex(0xc8200f6a10, FUTEX_WAIT, 0, NULL <unfinished ...>
17035 write(6, "\r\n", 2)               = 2
17032 <... select resumed> )            = 0 (Timeout)
17035 futex(0xc8200f6a10, FUTEX_WAKE, 1 <unfinished ...>
17032 clock_gettime(CLOCK_MONOTONIC,  <unfinished ...>
17036 <... futex resumed> )             = 0
17035 <... futex resumed> )             = 1
17032 <... clock_gettime resumed> {4903, 801247225}) = 0
17036 select(0, NULL, NULL, NULL, {0, 100} <unfinished ...>
17035 write(6, "8000\r\n\220*]\0\0\0\0\0\20\0\0\0\0\0\0\0\247\323\3\0\2\0\16\0\240*"..., 4096 <unfinished ...>
17032 clock_gettime(CLOCK_REALTIME,  <unfinished ...>
17035 <... write resumed> )             = 4096
17032 <... clock_gettime resumed> {1465918769, 585285440}) = 0
17035 write(6, "\0\0\0\0\0\0r\365\3\0\2\0\16\0 \232^\0\0\0\0\0\200\5\0\0\0\0\0\0\274\365"..., 28678 <unfinished ...>
17032 select(0, NULL, NULL, NULL, {0, 20} <unfinished ...>
17035 <... write resumed> )             = 28678
17035 write(6, "\r\n", 2)               = 2
17035 read(7, "\240\5k\0\0\0\0\0\220\3\0\0\0\0\0\0\201\313\4\0\2\0\16\0000\tk\0\0\0\0\0"..., 32768) = 32768
17035 write(6, "8000\r\n\0\1\0\0\0\0\0\0\337\237\4\0\2\0\16\0 \226h\0\0\0\0\0P\24"..., 4096) = 4096
17035 write(6, "\4\0\2\0\16\0\360{i\0\0\0\0\0\340\0\0\0\0\0\0\0'\273\4\0\2\0\16\0\320|"..., 28678 <unfinished ...>
17036 <... select resumed> )            = 0 (Timeout)
17032 <... select resumed> )            = 0 (Timeout)
17036 read(7,  <unfinished ...>
17035 <... write resumed> )             = 28678
17032 clock_gettime(CLOCK_MONOTONIC,  <unfinished ...>
17036 <... read resumed> "7\0regexp/syntax.code6\0regexp/syn"..., 32768) = 32768
17035 write(6, "\r\n", 2 <unfinished ...>
17032 <... clock_gettime resumed> {4903, 801449780}) = 0
17036 futex(0xc8200f6a10, FUTEX_WAIT, 0, NULL <unfinished ...>
17035 <... write resumed> )             = 2
17032 clock_gettime(CLOCK_REALTIME,  <unfinished ...>
17035 futex(0xc8200f6a10, FUTEX_WAKE, 1 <unfinished ...>
17032 <... clock_gettime resumed> {1465918769, 585484483}) = 0
17036 <... futex resumed> )             = 0
17035 <... futex resumed> )             = 1
17032 select(0, NULL, NULL, NULL, {0, 20} <unfinished ...>
17036 select(0, NULL, NULL, NULL, {0, 100} <unfinished ...>
17035 write(6, "8000\r\np/libseccomp-golang.initdo"..., 4096) = 4096
17035 write(6, "tab.*math/rand.rngSource.math/ra"..., 28678) = 28678
17035 write(6, "\r\n", 2)               = 2
17035 read(7, "19\0unicode.statictmp_0517\0unicod"..., 32768) = 32768
17035 write(6, "8000\r\nf\0github.com/golang/protob"..., 4096 <unfinished ...>
17032 <... select resumed> )            = 0 (Timeout)
17035 <... write resumed> )             = 4096
17032 clock_gettime(CLOCK_MONOTONIC,  <unfinished ...>
17035 write(6, "DecodeZigzag64.f\0github.com/gola"..., 28678 <unfinished ...>
17032 <... clock_gettime resumed> {4903, 801641981}) = 0
17035 <... write resumed> )             = 28678
17033 epoll_wait(5,  <unfinished ...>
17032 clock_gettime(CLOCK_REALTIME,  <unfinished ...>
17035 write(6, "\r\n", 2 <unfinished ...>
17032 <... clock_gettime resumed> {1465918769, 585667768}) = 0
17036 <... select resumed> )            = 0 (Timeout)
17035 <... write resumed> )             = 2
17032 select(0, NULL, NULL, NULL, {0, 20} <unfinished ...>
17036 read(7,  <unfinished ...>
17035 futex(0xc8200f6590, FUTEX_WAIT, 0, NULL <unfinished ...>
17036 <... read resumed> "hdr..gostring.3\0github.com/openc"..., 32768) = 32768
17036 futex(0xc8200f6590, FUTEX_WAKE, 1) = 1
17035 <... futex resumed> )             = 0
17036 write(6, "8000\r\ncker.sync.Locker\0sync.pool"..., 4096 <unfinished ...>
17035 select(0, NULL, NULL, NULL, {0, 100} <unfinished ...>
17036 <... write resumed> )             = 4096
17032 <... select resumed> )            = 0 (Timeout)
17036 write(6, "m/urfave/cli..gostring.2\0github."..., 28678 <unfinished ...>
17032 clock_gettime(CLOCK_MONOTONIC,  <unfinished ...>
17036 <... write resumed> )             = 28678
17032 <... clock_gettime resumed> {4903, 801832903}) = 0
17036 write(6, "\r\n", 2 <unfinished ...>
17032 clock_gettime(CLOCK_REALTIME,  <unfinished ...>
17036 <... write resumed> )             = 2
17032 <... clock_gettime resumed> {1465918769, 585858352}) = 0
17036 read(7,  <unfinished ...>
17032 select(0, NULL, NULL, NULL, {0, 20} <unfinished ...>
17036 <... read resumed> "rpools\0runtime.gchelper\0runtime."..., 32768) = 32768
17036 write(6, "8000\r\no.Rlimit\0type..eq.[1]githu"..., 4096) = 4096
17036 write(6, "iternext\0reflect.mapiterkey\0refl"..., 28678) = 28678
17036 write(6, "\r\n", 2 <unfinished ...>
17035 <... select resumed> )            = 0 (Timeout)
17032 <... select resumed> )            = 0 (Timeout)
17036 <... write resumed> )             = 2
17035 read(7,  <unfinished ...>
17032 clock_gettime(CLOCK_MONOTONIC,  <unfinished ...>
17036 futex(0xc8200f6a10, FUTEX_WAIT, 0, NULL <unfinished ...>
17035 <... read resumed> "wCapWhitelist\0github.com/opencon"..., 32768) = 32768
17032 <... clock_gettime resumed> {4903, 802019402}) = 0
17035 futex(0xc8200f6a10, FUTEX_WAKE, 1 <unfinished ...>
17032 clock_gettime(CLOCK_REALTIME,  <unfinished ...>
17036 <... futex resumed> )             = 0
17035 <... futex resumed> )             = 1
17032 <... clock_gettime resumed> {1465918769, 586044486}) = 0
17036 select(0, NULL, NULL, NULL, {0, 100} <unfinished ...>
17035 write(6, "8000\r\nCase\0strconv.special\0strco"..., 4096 <unfinished ...>
17032 select(0, NULL, NULL, NULL, {0, 20} <unfinished ...>
17035 <... write resumed> )             = 4096
17035 write(6, "atus\0syscall.WaitStatus.Signal\0s"..., 28678) = 28678
17035 write(6, "\r\n", 2)               = 2
17035 read(7, "ns\0type..hash.time.Time\0type..eq"..., 32768) = 32768
17035 write(6, "8000\r\nom/urfave/cli.(*BoolFlag)."..., 4096 <unfinished ...>
17032 <... select resumed> )            = 0 (Timeout)
17035 <... write resumed> )             = 4096
17032 clock_gettime(CLOCK_MONOTONIC,  <unfinished ...>
17035 write(6, "e..eq.os.file\0os.File.close\0os.("..., 28678 <unfinished ...>
17032 <... clock_gettime resumed> {4903, 802218325}) = 0
17035 <... write resumed> )             = -1 EAGAIN (Resource temporarily unavailable)
17032 clock_gettime(CLOCK_REALTIME,  <unfinished ...>
17036 <... select resumed> )            = 0 (Timeout)
17035 read(7,  <unfinished ...>
17032 <... clock_gettime resumed> {1465918769, 586244959}) = 0
17036 futex(0xc8200f6a10, FUTEX_WAIT, 0, NULL <unfinished ...>
17035 <... read resumed> "thodByName\0reflect.(*rtype).NumM"..., 32768) = 32768
17032 select(0, NULL, NULL, NULL, {0, 20} <unfinished ...>
17035 futex(0xc8200f6590, FUTEX_WAIT, 0, NULL <unfinished ...>
17032 <... select resumed> )            = 0 (Timeout)
17032 clock_gettime(CLOCK_MONOTONIC, {4903, 802397187}) = 0
17032 futex(0x21ee760, FUTEX_WAIT, 0, {60, 0} <unfinished ...>
17033 <... epoll_wait resumed> {{EPOLLOUT, {u32=2134024192, u64=140606478393344}}}, 128, -1) = 1
17033 clock_gettime(CLOCK_MONOTONIC, {4903, 803474166}) = 0
17033 futex(0xc8200f6590, FUTEX_WAKE, 1) = 1
17035 <... futex resumed> )             = 0
17033 futex(0x21ee760, FUTEX_WAKE, 1 <unfinished ...>
17035 epoll_wait(5,  <unfinished ...>
17033 <... futex resumed> )             = 1
17032 <... futex resumed> )             = 0
17035 <... epoll_wait resumed> {}, 128, 0) = 0
17033 write(6, "e..eq.os.file\0os.File.close\0os.("..., 28678 <unfinished ...>
17035 epoll_wait(5,  <unfinished ...>
17033 <... write resumed> )             = 28678
17032 clock_gettime(CLOCK_MONOTONIC,  <unfinished ...>
17033 write(6, "\r\n", 2)               = 2
17032 <... clock_gettime resumed> {4903, 803576056}) = 0
17033 futex(0xc8200f6a10, FUTEX_WAKE, 1) = 1
17036 <... futex resumed> )             = 0
17032 clock_gettime(CLOCK_REALTIME,  <unfinished ...>
17033 write(6, "8000\r\n b github.com/opencontaine"..., 4096 <unfinished ...>
17036 select(0, NULL, NULL, NULL, {0, 100} <unfinished ...>
17033 <... write resumed> )             = 4096
17032 <... clock_gettime resumed> {1465918769, 587625975}) = 0
17033 write(6, "Manager).Apply\0github.com/openco"..., 28678) = 28678
17032 select(0, NULL, NULL, NULL, {0, 20} <unfinished ...>
17033 write(6, "\r\n", 2)               = 2
17033 read(7, "Pair).GetIfOut\0github.com/openco"..., 32768) = 32768
17033 write(6, "8000\r\nproto.(*ExtensionDesc).rep"..., 4096) = 4096
17033 write(6, "c\0github.com/golang/protobuf/pro"..., 28678) = 28678
17036 <... select resumed> )            = 0 (Timeout)
17033 write(6, "\r\n", 2 <unfinished ...>
17032 <... select resumed> )            = 0 (Timeout)
17036 read(7,  <unfinished ...>
17033 <... write resumed> )             = 2
17036 <... read resumed> "ithControl\0type..hash.text/templ"..., 32768) = 32768
17033 futex(0xc82002ea10, FUTEX_WAIT, 0, NULL <unfinished ...>
17032 clock_gettime(CLOCK_MONOTONIC,  <unfinished ...>
17036 futex(0xc82002ea10, FUTEX_WAKE, 1 <unfinished ...>
17032 <... clock_gettime resumed> {4903, 803823664}) = 0
17036 <... futex resumed> )             = 1
17033 <... futex resumed> )             = 0
17032 clock_gettime(CLOCK_REALTIME,  <unfinished ...>
17036 ioctl(0, TIOCGWINSZ <unfinished ...>
17033 select(0, NULL, NULL, NULL, {0, 100} <unfinished ...>
17032 <... clock_gettime resumed> {1465918769, 587863601}) = 0
17036 <... ioctl resumed> , {ws_row=35, ws_col=112, ws_xpixel=0, ws_ypixel=0}) = 0
17032 select(0, NULL, NULL, NULL, {0, 20} <unfinished ...>
17036 ioctl(0, TIOCGWINSZ, {ws_row=35, ws_col=112, ws_xpixel=0, ws_ypixel=0}) = 0
17036 write(1, "Sending build context to Docker "..., 48) = 48
17036 write(6, "8000\r\ntext/template.JSEscapeStri"..., 4096) = 4096
17036 write(6, "arse.newNumber\0text/template.(*T"..., 28678 <unfinished ...>
17032 <... select resumed> )            = 0 (Timeout)
17036 <... write resumed> )             = 28678
17032 clock_gettime(CLOCK_MONOTONIC,  <unfinished ...>
17036 write(6, "\r\n", 2 <unfinished ...>
17033 <... select resumed> )            = 0 (Timeout)
17032 <... clock_gettime resumed> {4903, 804039320}) = 0
17036 <... write resumed> )             = 2
17032 clock_gettime(CLOCK_REALTIME,  <unfinished ...>
17036 read(7,  <unfinished ...>
17032 <... clock_gettime resumed> {1465918769, 588063895}) = 0
17036 <... read resumed> "us/dbus.header\0github.com/godbus"..., 32768) = 32768
17032 select(0, NULL, NULL, NULL, {0, 20} <unfinished ...>
17033 futex(0xc82002ea10, FUTEX_WAIT, 0, NULL <unfinished ...>
17036 futex(0xc82002ea10, FUTEX_WAKE, 1) = 0
17033 <... futex resumed> )             = -1 EAGAIN (Resource temporarily unavailable)
17036 write(6, "8000\r\nystemd/dbus.UnitStatus\0typ"..., 4096) = 4096
17036 write(6, "/godbus/dbus.Signature.String\0gi"..., 28678) = 28678
17033 select(0, NULL, NULL, NULL, {0, 100} <unfinished ...>
17036 write(6, "\r\n", 2 <unfinished ...>
17032 <... select resumed> )            = 0 (Timeout)
17036 <... write resumed> )             = 2
17032 clock_gettime(CLOCK_MONOTONIC,  <unfinished ...>
17036 read(7,  <unfinished ...>
17032 <... clock_gettime resumed> {4903, 804221051}) = 0
17036 <... read resumed> "read_cond_broadcast@@GLIBC_2.3.2"..., 32768) = 3722
17032 clock_gettime(CLOCK_REALTIME,  <unfinished ...>
17036 read(7,  <unfinished ...>
17032 <... clock_gettime resumed> {1465918769, 588236663}) = 0
17036 <... read resumed> "", 29046)     = 0
17032 select(0, NULL, NULL, NULL, {0, 20} <unfinished ...>
17036 close(7)                          = 0
17036 lstat("/home/hmeng/go/src/github.com/opencontainers/runc/script", {st_mode=S_IFDIR|0775, st_size=102, ...}) = 0
17036 lstat("/home/hmeng/go/src/github.com/opencontainers/runc/script",  <unfinished ...>
17032 <... select resumed> )            = 0 (Timeout)
17036 <... lstat resumed> {st_mode=S_IFDIR|0775, st_size=102, ...}) = 0
17032 clock_gettime(CLOCK_MONOTONIC,  <unfinished ...>
17036 lgetxattr("/home/hmeng/go/src/github.com/opencontainers/runc/script", "security.capability" <unfinished ...>
17032 <... clock_gettime resumed> {4903, 804383507}) = 0
17036 <... lgetxattr resumed> , 0xc820510000, 128) = -1 ENODATA (No data available)
17032 clock_gettime(CLOCK_REALTIME,  <unfinished ...>
17036 openat(AT_FDCWD, "/home/hmeng/go/src/github.com/opencontainers/runc/script", O_RDONLY|O_CLOEXEC <unfinished ...>
17032 <... clock_gettime resumed> {1465918769, 588423396}) = 0
17036 <... openat resumed> )            = 7
17032 select(0, NULL, NULL, NULL, {0, 20} <unfinished ...>
17036 getdents64(7, /* 7 entries */, 4096) = 232
17036 getdents64(7, /* 0 entries */, 4096) = 0
17036 close(7)                          = 0
17036 lstat("/home/hmeng/go/src/github.com/opencontainers/runc/script/.validate", {st_mode=S_IFREG|0664, st_size=976, ...}) = 0
17036 lstat("/home/hmeng/go/src/github.com/opencontainers/runc/script/.validate",  <unfinished ...>
17032 <... select resumed> )            = 0 (Timeout)
17036 <... lstat resumed> {st_mode=S_IFREG|0664, st_size=976, ...}) = 0
17032 clock_gettime(CLOCK_MONOTONIC,  <unfinished ...>
17036 lgetxattr("/home/hmeng/go/src/github.com/opencontainers/runc/script/.validate", "security.capability" <unfinished ...>
17032 <... clock_gettime resumed> {4903, 804594283}) = 0
17036 <... lgetxattr resumed> , 0xc820510080, 128) = -1 ENODATA (No data available)
17032 clock_gettime(CLOCK_REALTIME,  <unfinished ...>
17036 openat(AT_FDCWD, "/home/hmeng/go/src/github.com/opencontainers/runc/script/.validate", O_RDONLY|O_CLOEXEC <unfinished ...>
17032 <... clock_gettime resumed> {1465918769, 588623327}) = 0
17036 <... openat resumed> )            = 7
17032 select(0, NULL, NULL, NULL, {0, 20} <unfinished ...>
17036 read(7, "#!/bin/bash\n\nif [ -z \"$VALIDATE_"..., 32768) = 976
17036 read(7, "", 31792)                = 0
17036 close(7)                          = 0
17036 lstat("/home/hmeng/go/src/github.com/opencontainers/runc/script/check-config.sh", {st_mode=S_IFREG|0775, st_size=5574, ...}) = 0
17036 lstat("/home/hmeng/go/src/github.com/opencontainers/runc/script/check-config.sh", {st_mode=S_IFREG|0775, st_size=5574, ...}) = 0
17032 <... select resumed> )            = 0 (Timeout)
17036 lgetxattr("/home/hmeng/go/src/github.com/opencontainers/runc/script/check-config.sh", "security.capability" <unfinished ...>
17032 clock_gettime(CLOCK_MONOTONIC,  <unfinished ...>
17036 <... lgetxattr resumed> , 0xc820510100, 128) = -1 ENODATA (No data available)
17032 <... clock_gettime resumed> {4903, 804779310}) = 0
17036 openat(AT_FDCWD, "/home/hmeng/go/src/github.com/opencontainers/runc/script/check-config.sh", O_RDONLY|O_CLOEXEC <unfinished ...>
17032 clock_gettime(CLOCK_REALTIME,  <unfinished ...>
17036 <... openat resumed> )            = 7
17032 <... clock_gettime resumed> {1465918769, 588804980}) = 0
17036 read(7,  <unfinished ...>
17032 select(0, NULL, NULL, NULL, {0, 20} <unfinished ...>
17036 <... read resumed> "#!/usr/bin/env bash\nset -e\n\n# bi"..., 32768) = 5574
17036 read(7, "", 27194)                = 0
17036 close(7)                          = 0
17036 lstat("/home/hmeng/go/src/github.com/opencontainers/runc/script/test_Dockerfile", {st_mode=S_IFREG|0664, st_size=1351, ...}) = 0
17036 lstat("/home/hmeng/go/src/github.com/opencontainers/runc/script/test_Dockerfile", {st_mode=S_IFREG|0664, st_size=1351, ...}) = 0
17032 <... select resumed> )            = 0 (Timeout)
17036 lgetxattr("/home/hmeng/go/src/github.com/opencontainers/runc/script/test_Dockerfile", "security.capability" <unfinished ...>
17032 clock_gettime(CLOCK_MONOTONIC,  <unfinished ...>
17036 <... lgetxattr resumed> , 0xc820510180, 128) = -1 ENODATA (No data available)
17032 <... clock_gettime resumed> {4903, 804953069}) = 0
17036 openat(AT_FDCWD, "/home/hmeng/go/src/github.com/opencontainers/runc/script/test_Dockerfile", O_RDONLY|O_CLOEXEC <unfinished ...>
17032 clock_gettime(CLOCK_REALTIME,  <unfinished ...>
17036 <... openat resumed> )            = 7
17032 <... clock_gettime resumed> {1465918769, 588979218}) = 0
17036 read(7,  <unfinished ...>
17032 select(0, NULL, NULL, NULL, {0, 20} <unfinished ...>
17036 <... read resumed> "FROM golang:1.6.2\n\n# libseccomp "..., 32768) = 1351
17036 read(7, "", 31417)                = 0
17036 close(7)                          = 0
17036 lstat("/home/hmeng/go/src/github.com/opencontainers/runc/script/tmpmount", {st_mode=S_IFREG|0775, st_size=48, ...}) = 0
17036 lstat("/home/hmeng/go/src/github.com/opencontainers/runc/script/tmpmount", {st_mode=S_IFREG|0775, st_size=48, ...}) = 0
17036 lgetxattr("/home/hmeng/go/src/github.com/opencontainers/runc/script/tmpmount", "security.capability" <unfinished ...>
17032 <... select resumed> )            = 0 (Timeout)
17036 <... lgetxattr resumed> , 0xc820510200, 128) = -1 ENODATA (No data available)
17032 clock_gettime(CLOCK_MONOTONIC,  <unfinished ...>
17036 openat(AT_FDCWD, "/home/hmeng/go/src/github.com/opencontainers/runc/script/tmpmount", O_RDONLY|O_CLOEXEC <unfinished ...>
17032 <... clock_gettime resumed> {4903, 805142283}) = 0
17036 <... openat resumed> )            = 7
17032 clock_gettime(CLOCK_REALTIME,  <unfinished ...>
17036 read(7,  <unfinished ...>
17032 <... clock_gettime resumed> {1465918769, 589161178}) = 0
17036 <... read resumed> "#!/bin/bash\n\nmount -t tmpfs none"..., 32768) = 48
17032 select(0, NULL, NULL, NULL, {0, 20} <unfinished ...>
17036 read(7, "", 32720)                = 0
17036 close(7)                          = 0
17036 lstat("/home/hmeng/go/src/github.com/opencontainers/runc/script/validate-gofmt", {st_mode=S_IFREG|0775, st_size=712, ...}) = 0
17036 lstat("/home/hmeng/go/src/github.com/opencontainers/runc/script/validate-gofmt", {st_mode=S_IFREG|0775, st_size=712, ...}) = 0
17036 lgetxattr("/home/hmeng/go/src/github.com/opencontainers/runc/script/validate-gofmt", "security.capability" <unfinished ...>
17032 <... select resumed> )            = 0 (Timeout)
17036 <... lgetxattr resumed> , 0xc820510280, 128) = -1 ENODATA (No data available)
17032 clock_gettime(CLOCK_MONOTONIC,  <unfinished ...>
17036 openat(AT_FDCWD, "/home/hmeng/go/src/github.com/opencontainers/runc/script/validate-gofmt", O_RDONLY|O_CLOEXEC <unfinished ...>
17032 <... clock_gettime resumed> {4903, 805353925}) = 0
17036 <... openat resumed> )            = 7
17032 clock_gettime(CLOCK_REALTIME,  <unfinished ...>
17036 read(7,  <unfinished ...>
17032 <... clock_gettime resumed> {1465918769, 589373949}) = 0
17036 <... read resumed> "#!/bin/bash\n\nsource \"$(dirname \""..., 32768) = 712
17032 select(0, NULL, NULL, NULL, {0, 20} <unfinished ...>
17036 read(7, "", 32056)                = 0
17036 close(7)                          = 0
17036 lstat("/home/hmeng/go/src/github.com/opencontainers/runc/signals.go", {st_mode=S_IFREG|0664, st_size=2935, ...}) = 0
17036 lstat("/home/hmeng/go/src/github.com/opencontainers/runc/signals.go", {st_mode=S_IFREG|0664, st_size=2935, ...}) = 0
17036 lgetxattr("/home/hmeng/go/src/github.com/opencontainers/runc/signals.go", "security.capability", 0xc820510300, 128) = -1 ENODATA (No data available)
17032 <... select resumed> )            = 0 (Timeout)
17036 openat(AT_FDCWD, "/home/hmeng/go/src/github.com/opencontainers/runc/signals.go", O_RDONLY|O_CLOEXEC <unfinished ...>
17032 clock_gettime(CLOCK_MONOTONIC,  <unfinished ...>
17036 <... openat resumed> )            = 7
17032 <... clock_gettime resumed> {4903, 805525499}) = 0
17036 read(7,  <unfinished ...>
17032 clock_gettime(CLOCK_REALTIME,  <unfinished ...>
17036 <... read resumed> "// +build linux\n\npackage main\n\ni"..., 32768) = 2935
17032 <... clock_gettime resumed> {1465918769, 589541288}) = 0
17036 read(7,  <unfinished ...>
17032 select(0, NULL, NULL, NULL, {0, 20} <unfinished ...>
17036 <... read resumed> "", 29833)     = 0
17036 close(7)                          = 0
17036 lstat("/home/hmeng/go/src/github.com/opencontainers/runc/spec.go", {st_mode=S_IFREG|0664, st_size=6596, ...}) = 0
17036 lstat("/home/hmeng/go/src/github.com/opencontainers/runc/spec.go", {st_mode=S_IFREG|0664, st_size=6596, ...}) = 0
17036 lgetxattr("/home/hmeng/go/src/github.com/opencontainers/runc/spec.go", "security.capability", 0xc820510380, 128) = -1 ENODATA (No data available)
17036 openat(AT_FDCWD, "/home/hmeng/go/src/github.com/opencontainers/runc/spec.go", O_RDONLY|O_CLOEXEC <unfinished ...>
17032 <... select resumed> )            = 0 (Timeout)
17036 <... openat resumed> )            = 7
17032 clock_gettime(CLOCK_MONOTONIC,  <unfinished ...>
17036 read(7,  <unfinished ...>
17032 <... clock_gettime resumed> {4903, 805691382}) = 0
17036 <... read resumed> "// +build linux\n\npackage main\n\ni"..., 32768) = 6596
17032 clock_gettime(CLOCK_REALTIME,  <unfinished ...>
17036 read(7,  <unfinished ...>
17032 <... clock_gettime resumed> {1465918769, 589707442}) = 0
17036 <... read resumed> "", 26172)     = 0
17032 select(0, NULL, NULL, NULL, {0, 20} <unfinished ...>
17036 close(7)                          = 0
17036 write(6, "8000\r\n).BitLen\0math/big.(*Int).E"..., 4096) = 4096
17036 write(6, ").New\0crypto.(*Hash).Available\0c"..., 28678) = 28678
17036 write(6, "\r\n", 2)               = 2
17032 <... select resumed> )            = 0 (Timeout)
17036 lstat("/home/hmeng/go/src/github.com/opencontainers/runc/start.go",  <unfinished ...>
17032 clock_gettime(CLOCK_MONOTONIC,  <unfinished ...>
17036 <... lstat resumed> {st_mode=S_IFREG|0664, st_size=1091, ...}) = 0
17032 <... clock_gettime resumed> {4903, 805857765}) = 0
17036 lstat("/home/hmeng/go/src/github.com/opencontainers/runc/start.go",  <unfinished ...>
17032 clock_gettime(CLOCK_REALTIME,  <unfinished ...>
17036 <... lstat resumed> {st_mode=S_IFREG|0664, st_size=1091, ...}) = 0
17032 <... clock_gettime resumed> {1465918769, 589878330}) = 0
17036 lgetxattr("/home/hmeng/go/src/github.com/opencontainers/runc/start.go", "security.capability" <unfinished ...>
17032 select(0, NULL, NULL, NULL, {0, 20} <unfinished ...>
17036 <... lgetxattr resumed> , 0xc820510400, 128) = -1 ENODATA (No data available)
17036 openat(AT_FDCWD, "/home/hmeng/go/src/github.com/opencontainers/runc/start.go", O_RDONLY|O_CLOEXEC) = 7
17036 read(7, "package main\n\nimport (\n\t\"fmt\"\n\n\t"..., 32768) = 1091
17036 read(7, "", 31677)                = 0
17036 close(7)                          = 0
17036 lstat("/home/hmeng/go/src/github.com/opencontainers/runc/state.go",  <unfinished ...>
17032 <... select resumed> )            = 0 (Timeout)
17036 <... lstat resumed> {st_mode=S_IFREG|0664, st_size=2353, ...}) = 0
17033 <... select resumed> )            = 0 (Timeout)
17032 clock_gettime(CLOCK_MONOTONIC,  <unfinished ...>
17036 lstat("/home/hmeng/go/src/github.com/opencontainers/runc/state.go",  <unfinished ...>
17033 futex(0xc82002ea10, FUTEX_WAIT, 0, NULL <unfinished ...>
17032 <... clock_gettime resumed> {4903, 806053413}) = 0
17036 <... lstat resumed> {st_mode=S_IFREG|0664, st_size=2353, ...}) = 0
17032 clock_gettime(CLOCK_REALTIME,  <unfinished ...>
17036 lgetxattr("/home/hmeng/go/src/github.com/opencontainers/runc/state.go", "security.capability" <unfinished ...>
17032 <... clock_gettime resumed> {1465918769, 590078200}) = 0
17036 <... lgetxattr resumed> , 0xc820510480, 128) = -1 ENODATA (No data available)
17032 select(0, NULL, NULL, NULL, {0, 20} <unfinished ...>
17036 openat(AT_FDCWD, "/home/hmeng/go/src/github.com/opencontainers/runc/state.go", O_RDONLY|O_CLOEXEC) = 7
17036 read(7, "// +build linux\n\npackage main\n\ni"..., 32768) = 2353
17036 read(7, "", 30415)                = 0
17036 close(7)                          = 0
17036 lstat("/home/hmeng/go/src/github.com/opencontainers/runc/test.log", {st_mode=S_IFREG|0644, st_size=1935021, ...}) = 0
17036 lstat("/home/hmeng/go/src/github.com/opencontainers/runc/test.log",  <unfinished ...>
17032 <... select resumed> )            = 0 (Timeout)
17036 <... lstat resumed> {st_mode=S_IFREG|0644, st_size=1935145, ...}) = 0
17032 clock_gettime(CLOCK_MONOTONIC,  <unfinished ...>
17036 lgetxattr("/home/hmeng/go/src/github.com/opencontainers/runc/test.log", "security.capability" <unfinished ...>
17032 <... clock_gettime resumed> {4903, 806237599}) = 0
17036 <... lgetxattr resumed> , 0xc820510500, 128) = -1 ENODATA (No data available)
17032 clock_gettime(CLOCK_REALTIME,  <unfinished ...>
17036 openat(AT_FDCWD, "/home/hmeng/go/src/github.com/opencontainers/runc/test.log", O_RDONLY|O_CLOEXEC <unfinished ...>
17032 <... clock_gettime resumed> {1465918769, 590261473}) = 0
17036 <... openat resumed> )            = 7
17032 select(0, NULL, NULL, NULL, {0, 20} <unfinished ...>
17036 read(7, "17023 execve(\"/usr/bin/make\", [\""..., 32768) = 32768
17036 futex(0xc82002ea10, FUTEX_WAKE, 1) = 1
17036 write(6, "8000\r\n-trigger\",\n\t\t\t\t},\n\t\t\t\tReso"..., 4096 <unfinished ...>
17033 <... futex resumed> )             = 0
17036 <... write resumed> )             = 4096
17036 write(6, "\0\0\0\0\0\0state.go\0\0\0\0\0\0\0\0\0\0\0\0\0\0\0\0\0\0"..., 28678 <unfinished ...>
17033 select(0, NULL, NULL, NULL, {0, 100} <unfinished ...>
17032 <... select resumed> )            = 0 (Timeout)
17036 <... write resumed> )             = -1 EAGAIN (Resource temporarily unavailable)
17032 clock_gettime(CLOCK_MONOTONIC,  <unfinished ...>
17036 read(7,  <unfinished ...>
17032 <... clock_gettime resumed> {4903, 806412949}) = 0
17036 <... read resumed> "7027 getdents(3, /* 49 entries *"..., 32768) = 32768
17032 clock_gettime(CLOCK_REALTIME,  <unfinished ...>
17036 futex(0xc8200f6a10, FUTEX_WAIT, 0, NULL <unfinished ...>
17032 <... clock_gettime resumed> {1465918769, 590436619}) = 0
17032 select(0, NULL, NULL, NULL, {0, 20} <unfinished ...>
17035 <... epoll_wait resumed> {{EPOLLOUT, {u32=2134024192, u64=140606478393344}}}, 128, -1) = 1
17033 <... select resumed> )            = 0 (Timeout)
17032 <... select resumed> )            = 0 (Timeout)
17035 clock_gettime(CLOCK_MONOTONIC,  <unfinished ...>
17033 futex(0xc82002ea10, FUTEX_WAIT, 0, NULL <unfinished ...>
17032 clock_gettime(CLOCK_MONOTONIC,  <unfinished ...>
17035 <... clock_gettime resumed> {4903, 808740752}) = 0
17032 <... clock_gettime resumed> {4903, 808749495}) = 0
17035 futex(0xc82002ea10, FUTEX_WAKE, 1 <unfinished ...>
17032 clock_gettime(CLOCK_REALTIME,  <unfinished ...>
17035 <... futex resumed> )             = 1
17033 <... futex resumed> )             = 0
17032 <... clock_gettime resumed> {1465918769, 592773300}) = 0
17035 write(6, "\0\0\0\0\0\0state.go\0\0\0\0\0\0\0\0\0\0\0\0\0\0\0\0\0\0"..., 28678 <unfinished ...>
17033 epoll_wait(5,  <unfinished ...>
17032 select(0, NULL, NULL, NULL, {0, 20} <unfinished ...>
17035 <... write resumed> )             = 28678
17033 <... epoll_wait resumed> {{EPOLLOUT, {u32=2134024192, u64=140606478393344}}}, 128, 0) = 1
17035 write(6, "\r\n", 2)               = 2
17033 epoll_wait(5,  <unfinished ...>
17035 futex(0xc8200f6a10, FUTEX_WAKE, 1 <unfinished ...>
17036 <... futex resumed> )             = 0
17035 <... futex resumed> )             = 1
17036 select(0, NULL, NULL, NULL, {0, 100} <unfinished ...>
17035 write(6, "8000\r\n PROT_READ|PROT_WRITE, MAP"..., 4096 <unfinished ...>
17032 <... select resumed> )            = 0 (Timeout)
17035 <... write resumed> )             = 4096
17032 clock_gettime(CLOCK_MONOTONIC,  <unfinished ...>
17035 write(6, "rectory)\n17027 open(\"/etc/ld.so."..., 28678 <unfinished ...>
17032 <... clock_gettime resumed> {4903, 808958438}) = 0
17035 <... write resumed> )             = 28678
17032 clock_gettime(CLOCK_REALTIME,  <unfinished ...>
17035 write(6, "\r\n", 2 <unfinished ...>
17032 <... clock_gettime resumed> {1465918769, 592978071}) = 0
17035 <... write resumed> )             = 2
17032 select(0, NULL, NULL, NULL, {0, 20} <unfinished ...>
17035 read(7, "= 0x7fe181786000\n17031 mmap(0x7f"..., 32768) = 32768
17035 write(6, "8000\r\n file or directory)\n17027 "..., 4096) = 4096
17035 write(6, "fe1826bd000, 4168, PROT_READ|PRO"..., 28678 <unfinished ...>
17036 <... select resumed> )            = 0 (Timeout)
17035 <... write resumed> )             = 28678
17032 <... select resumed> )            = 0 (Timeout)
17036 read(7,  <unfinished ...>
17035 write(6, "\r\n", 2 <unfinished ...>
17032 clock_gettime(CLOCK_MONOTONIC,  <unfinished ...>
17036 <... read resumed> "32 clock_gettime(CLOCK_MONOTONIC"..., 32768) = 32768
17035 <... write resumed> )             = 2
17032 <... clock_gettime resumed> {4903, 809140919}) = 0
17036 futex(0xc8200f6a10, FUTEX_WAIT, 0, NULL <unfinished ...>
17035 futex(0xc8200f6a10, FUTEX_WAKE, 1 <unfinished ...>
17032 clock_gettime(CLOCK_REALTIME,  <unfinished ...>
17036 <... futex resumed> )             = -1 EAGAIN (Resource temporarily unavailable)
17035 <... futex resumed> )             = 0
17032 <... clock_gettime resumed> {1465918769, 593174030}) = 0
17036 select(0, NULL, NULL, NULL, {0, 100} <unfinished ...>
17035 write(6, "8000\r\nAP_PRIVATE|MAP_ANONYMOUS|M"..., 4096 <unfinished ...>
17032 select(0, NULL, NULL, NULL, {0, 20} <unfinished ...>
17035 <... write resumed> )             = 4096
17035 write(6, ") = 0xc820100000\n17031 mmap(0xc8"..., 28678) = 28678
17035 write(6, "\r\n", 2)               = 2
17035 read(7, "..}) = 0\n17031 lstat(\"/home\", {s"..., 32768) = 32768
17035 write(6, "8000\r\n            = 0\n17035 fute"..., 4096 <unfinished ...>
17032 <... select resumed> )            = 0 (Timeout)
17035 <... write resumed> )             = 4096
17032 clock_gettime(CLOCK_MONOTONIC,  <unfinished ...>
17035 write(6, " 3\n17031 close(4)               "..., 28678 <unfinished ...>
17032 <... clock_gettime resumed> {4903, 809329751}) = 0
17035 <... write resumed> )             = 28678
17032 clock_gettime(CLOCK_REALTIME,  <unfinished ...>
17035 write(6, "\r\n", 2 <unfinished ...>
17032 <... clock_gettime resumed> {1465918769, 593348680}) = 0
17036 <... select resumed> )            = 0 (Timeout)
17035 <... write resumed> )             = 2
17032 select(0, NULL, NULL, NULL, {0, 20} <unfinished ...>
17036 read(7,  <unfinished ...>
17035 futex(0xc8200f6590, FUTEX_WAIT, 0, NULL <unfinished ...>
17036 <... read resumed> "031 close(6)                    "..., 32768) = 32768
17036 futex(0xc8200f6590, FUTEX_WAKE, 1) = 1
17035 <... futex resumed> )             = 0
17036 write(6, "8000\r\nclose(6)                  "..., 4096 <unfinished ...>
17035 select(0, NULL, NULL, NULL, {0, 100} <unfinished ...>
17036 <... write resumed> )             = 4096
17032 <... select resumed> )            = 0 (Timeout)
17036 write(6, "e=54, ...}) = 0\n17031 openat(AT_"..., 28678 <unfinished ...>
17032 clock_gettime(CLOCK_MONOTONIC,  <unfinished ...>
17036 <... write resumed> )             = 28678
17032 <... clock_gettime resumed> {4903, 809510451}) = 0
17036 write(6, "\r\n", 2 <unfinished ...>
17032 clock_gettime(CLOCK_REALTIME,  <unfinished ...>
17036 <... write resumed> )             = 2
17032 <... clock_gettime resumed> {1465918769, 593526123}) = 0
17036 read(7,  <unfinished ...>
17032 select(0, NULL, NULL, NULL, {0, 20} <unfinished ...>
17036 <... read resumed> " 80\n17031 getdents64(6, /* 0 ent"..., 32768) = 32768
17036 write(6, "8000\r\nthub.com/opencontainers/ru"..., 4096) = 4096
17036 write(6, "orkspace/src/github.com/Sirupsen"..., 28678) = 28678
17036 write(6, "\r\n", 2)               = -1 EAGAIN (Resource temporarily unavailable)
17036 read(7,  <unfinished ...>
17035 <... select resumed> )            = 0 (Timeout)
17032 <... select resumed> )            = 0 (Timeout)
17036 <... read resumed> "_windows.go\", O_RDONLY|O_CLOEXEC"..., 32768) = 32768
17035 futex(0xc8200f6590, FUTEX_WAIT, 0, NULL <unfinished ...>
17032 clock_gettime(CLOCK_MONOTONIC,  <unfinished ...>
17036 futex(0xc8200f6a10, FUTEX_WAIT, 0, NULL <unfinished ...>
17032 <... clock_gettime resumed> {4903, 809704141}) = 0
17032 clock_gettime(CLOCK_REALTIME, {1465918769, 593720722}) = 0
17032 select(0, NULL, NULL, NULL, {0, 20}) = 0 (Timeout)
17032 clock_gettime(CLOCK_MONOTONIC, {4903, 809842612}) = 0
17032 futex(0x21ee760, FUTEX_WAIT, 0, {60, 0} <unfinished ...>
17033 <... epoll_wait resumed> {{EPOLLOUT, {u32=2134024192, u64=140606478393344}}}, 128, -1) = 1
17033 clock_gettime(CLOCK_MONOTONIC, {4903, 811448061}) = 0
17033 futex(0xc8200f6a10, FUTEX_WAKE, 1) = 1
17036 <... futex resumed> )             = 0
17033 futex(0x21ee760, FUTEX_WAKE, 1 <unfinished ...>
17036 epoll_wait(5,  <unfinished ...>
17033 <... futex resumed> )             = 1
17032 <... futex resumed> )             = 0
17036 <... epoll_wait resumed> {}, 128, 0) = 0
17033 write(6, "\r\n", 2 <unfinished ...>
17036 epoll_wait(5,  <unfinished ...>
17033 <... write resumed> )             = 2
17032 clock_gettime(CLOCK_MONOTONIC,  <unfinished ...>
17033 futex(0xc8200f6590, FUTEX_WAKE, 1) = 1
17032 <... clock_gettime resumed> {4903, 811554301}) = 0
17035 <... futex resumed> )             = 0
17033 write(6, "8000\r\n    = 0\n17031 lstat(\"/home"..., 4096 <unfinished ...>
17032 clock_gettime(CLOCK_REALTIME,  <unfinished ...>
17035 select(0, NULL, NULL, NULL, {0, 100} <unfinished ...>
17033 <... write resumed> )             = 4096
17032 <... clock_gettime resumed> {1465918769, 595597387}) = 0
17033 write(6, ") = 0\n17031 close(6)            "..., 28678) = 28678
17032 select(0, NULL, NULL, NULL, {0, 20} <unfinished ...>
17033 write(6, "\r\n", 2)               = 2
17033 read(7,  <unfinished ...>
17036 <... epoll_wait resumed> {{EPOLLOUT, {u32=2134024192, u64=140606478393344}}}, 128, -1) = 1
17033 <... read resumed> "deps/_workspace/src/github.com/g"..., 32768) = 32768
17036 epoll_wait(5,  <unfinished ...>
17033 write(6, "8000\r\ner/docker/vendor/src/githu"..., 4096 <unfinished ...>
17036 <... epoll_wait resumed> {{EPOLLOUT, {u32=2134024192, u64=140606478393344}}}, 128, -1) = 1
17035 <... select resumed> )            = 0 (Timeout)
17033 <... write resumed> )             = 4096
17032 <... select resumed> )            = 0 (Timeout)
17036 epoll_wait(5,  <unfinished ...>
17035 read(7,  <unfinished ...>
17033 write(6, "tainers/runc/Godeps/_workspace/s"..., 28678 <unfinished ...>
17032 clock_gettime(CLOCK_MONOTONIC,  <unfinished ...>
17035 <... read resumed> "=S_IFREG|0664, st_size=20254, .."..., 32768) = 32768
17033 <... write resumed> )             = 28678
17032 <... clock_gettime resumed> {4903, 811807404}) = 0
17035 futex(0xc8200f6590, FUTEX_WAIT, 0, NULL <unfinished ...>
17033 write(6, "\r\n", 2)               = 2
17032 clock_gettime(CLOCK_REALTIME,  <unfinished ...>
17033 futex(0xc8200f6590, FUTEX_WAKE, 1) = 1
17035 <... futex resumed> )             = 0
17032 <... clock_gettime resumed> {1465918769, 595878904}) = 0
17035 select(0, NULL, NULL, NULL, {0, 100} <unfinished ...>
17033 write(6, "8000\r\n031 openat(AT_FDCWD, \"/hom"..., 4096 <unfinished ...>
17032 select(0, NULL, NULL, NULL, {0, 20} <unfinished ...>
17033 <... write resumed> )             = 4096
17033 write(6, "rs/runc/Godeps/_workspace/src/gi"..., 28678) = 28678
17033 write(6, "\r\n", 2)               = 2
17033 read(7, "4, st_size=20171, ...}) = 0\n1703"..., 32768) = 32768
17033 write(6, "8000\r\n resumed> {st_mode=S_IFREG"..., 4096 <unfinished ...>
17032 <... select resumed> )            = 0 (Timeout)
17033 <... write resumed> )             = 4096
17033 write(6, "rkspace/src/github.com/vishvanan"..., 28678 <unfinished ...>
17032 clock_gettime(CLOCK_MONOTONIC,  <unfinished ...>
17035 <... select resumed> )            = 0 (Timeout)
17033 <... write resumed> )             = 28678
17032 <... clock_gettime resumed> {4903, 812082330}) = 0
17035 read(7,  <unfinished ...>
17033 write(6, "\r\n", 2 <unfinished ...>
17032 clock_gettime(CLOCK_REALTIME,  <unfinished ...>
17035 <... read resumed> "clock_gettime resumed> {4903, 30"..., 32768) = 32768
17033 <... write resumed> )             = 2
17032 <... clock_gettime resumed> {1465918769, 596131245}) = 0
17033 select(0, NULL, NULL, NULL, {0, 100} <unfinished ...>
17035 write(6, "8000\r\n <... openat resumed> )   "..., 4096 <unfinished ...>
17032 select(0, NULL, NULL, NULL, {0, 20} <unfinished ...>
17035 <... write resumed> )             = 4096
17035 write(6, "        = 6\n17031 <... clock_get"..., 28678) = 28678
17035 write(6, "\r\n", 2)               = 2
17035 read(7, "stat(\"/home/hmeng/go/src/github."..., 32768) = 32768
17032 <... select resumed> )            = 0 (Timeout)
17035 write(6, "8000\r\ntainers/runc/libcontainer/"..., 4096 <unfinished ...>
17032 clock_gettime(CLOCK_MONOTONIC,  <unfinished ...>
17035 <... write resumed> )             = 4096
17032 <... clock_gettime resumed> {4903, 812307163}) = 0
17035 write(6, "rc/github.com/opencontainers/run"..., 28678 <unfinished ...>
17033 <... select resumed> )            = 0 (Timeout)
17032 clock_gettime(CLOCK_REALTIME,  <unfinished ...>
17035 <... write resumed> )             = 28678
17033 select(0, NULL, NULL, NULL, {0, 100} <unfinished ...>
17032 <... clock_gettime resumed> {1465918769, 596334420}) = 0
17035 write(6, "\r\n", 2 <unfinished ...>
17032 select(0, NULL, NULL, NULL, {0, 20} <unfinished ...>
17035 <... write resumed> )             = 2
17035 read(7, "17035 close(6)                  "..., 32768) = 32768
17035 write(6, "8000\r\n}) = 0\n17035 openat(AT_FDC"..., 4096) = 4096
17035 write(6, "src/github.com/opencontainers/ru"..., 28678) = 28678
17035 write(6, "\r\n", 2 <unfinished ...>
17032 <... select resumed> )            = 0 (Timeout)
17035 <... write resumed> )             = 2
17032 clock_gettime(CLOCK_MONOTONIC,  <unfinished ...>
17035 read(7,  <unfinished ...>
17032 <... clock_gettime resumed> {4903, 812489602}) = 0
17035 <... read resumed> " {st_mode=S_IFREG|0664, st_size="..., 32768) = 32768
17032 clock_gettime(CLOCK_REALTIME,  <unfinished ...>
17035 ioctl(0, TIOCGWINSZ <unfinished ...>
17033 <... select resumed> )            = 0 (Timeout)
17032 <... clock_gettime resumed> {1465918769, 596517169}) = 0
17035 <... ioctl resumed> , {ws_row=35, ws_col=112, ws_xpixel=0, ws_ypixel=0}) = 0
17033 read(7,  <unfinished ...>
17032 select(0, NULL, NULL, NULL, {0, 20} <unfinished ...>
17035 ioctl(0, TIOCGWINSZ, {ws_row=35, ws_col=112, ws_xpixel=0, ws_ypixel=0}) = 0
17033 <... read resumed> "  = 0\n17031 close(7)            "..., 32768) = 32768
17035 write(1, "Sending build context to Docker "..., 48) = 48
17033 futex(0xc82002ea10, FUTEX_WAIT, 0, NULL <unfinished ...>
17035 write(6, "8000\r\nEG|0664, st_size=1091, ..."..., 4096) = 4096
17035 write(6, "n/help.bats\", {st_mode=S_IFREG|0"..., 28678 <unfinished ...>
17032 <... select resumed> )            = 0 (Timeout)
17035 <... write resumed> )             = -1 EAGAIN (Resource temporarily unavailable)
17032 clock_gettime(CLOCK_MONOTONIC,  <unfinished ...>
17035 futex(0xc8200f6590, FUTEX_WAIT, 0, NULL <unfinished ...>
17032 <... clock_gettime resumed> {4903, 812679983}) = 0
17032 clock_gettime(CLOCK_REALTIME, {1465918769, 596688427}) = 0
17032 select(0, NULL, NULL, NULL, {0, 20}) = 0 (Timeout)
17032 clock_gettime(CLOCK_MONOTONIC, {4903, 812801030}) = 0
17032 futex(0x21ee760, FUTEX_WAIT, 0, {60, 0} <unfinished ...>
17036 <... epoll_wait resumed> {{EPOLLOUT, {u32=2134024192, u64=140606478393344}}}, 128, -1) = 1
17036 clock_gettime(CLOCK_MONOTONIC, {4903, 813796834}) = 0
17036 futex(0xc8200f6590, FUTEX_WAKE, 1) = 1
17035 <... futex resumed> )             = 0
17036 futex(0x21ee760, FUTEX_WAKE, 1 <unfinished ...>
17035 epoll_wait(5,  <unfinished ...>
17036 <... futex resumed> )             = 1
17035 <... epoll_wait resumed> {}, 128, 0) = 0
17032 <... futex resumed> )             = 0
17036 write(6, "n/help.bats\", {st_mode=S_IFREG|0"..., 28678 <unfinished ...>
17035 epoll_wait(5,  <unfinished ...>
17032 clock_gettime(CLOCK_MONOTONIC,  <unfinished ...>
17036 <... write resumed> )             = 28678
17032 <... clock_gettime resumed> {4903, 813893545}) = 0
17036 write(6, "\r\n", 2 <unfinished ...>
17032 clock_gettime(CLOCK_REALTIME,  <unfinished ...>
17036 <... write resumed> )             = 2
17032 <... clock_gettime resumed> {1465918769, 597912361}) = 0
17036 futex(0xc82002ea10, FUTEX_WAKE, 1 <unfinished ...>
17032 select(0, NULL, NULL, NULL, {0, 20} <unfinished ...>
17036 <... futex resumed> )             = 1
17036 write(6, "8000\r\ners/runc/.git/logs/refs/re"..., 4096 <unfinished ...>
17033 <... futex resumed> )             = 0
17036 <... write resumed> )             = 4096
17036 write(6, "IR|0775, st_size=51, ...}) = 0\n1"..., 28678) = 28678
17033 select(0, NULL, NULL, NULL, {0, 100} <unfinished ...>
17032 <... select resumed> )            = 0 (Timeout)
17036 write(6, "\r\n", 2 <unfinished ...>
17032 clock_gettime(CLOCK_MONOTONIC,  <unfinished ...>
17036 <... write resumed> )             = 2
17032 <... clock_gettime resumed> {4903, 814088054}) = 0
17036 read(7,  <unfinished ...>
17032 clock_gettime(CLOCK_REALTIME,  <unfinished ...>
17036 <... read resumed> "med> )             = 28678\n17032"..., 32768) = 32768
17032 <... clock_gettime resumed> {1465918769, 598137618}) = 0
17036 write(6, "8000\r\nfinished ...>\n17031 read(7"..., 4096 <unfinished ...>
17032 select(0, NULL, NULL, NULL, {0, 20} <unfinished ...>
17036 <... write resumed> )             = 4096
17036 write(6, "d ...>\n17032 select(0, NULL, NUL"..., 28678) = 28678
17036 write(6, "\r\n", 2 <unfinished ...>
17033 <... select resumed> )            = 0 (Timeout)
17036 <... write resumed> )             = 2
17033 read(7,  <unfinished ...>
17032 <... select resumed> )            = 0 (Timeout)
17036 futex(0xc8200f6a10, FUTEX_WAIT, 0, NULL <unfinished ...>
17032 clock_gettime(CLOCK_MONOTONIC,  <unfinished ...>
17033 <... read resumed> " 4096 <unfinished ...>\n17032 sel"..., 32768) = 32768
17032 <... clock_gettime resumed> {4903, 814338559}) = 0
17033 futex(0xc8200f6a10, FUTEX_WAKE, 1 <unfinished ...>
17032 clock_gettime(CLOCK_REALTIME,  <unfinished ...>
17036 <... futex resumed> )             = 0
17033 <... futex resumed> )             = 1
17032 <... clock_gettime resumed> {1465918769, 598363939}) = 0
17036 select(0, NULL, NULL, NULL, {0, 100} <unfinished ...>
17033 write(6, "8000\r\n1ef2b0, FUTEX_WAKE, 1 <unf"..., 4096 <unfinished ...>
17032 select(0, NULL, NULL, NULL, {0, 20} <unfinished ...>
17033 <... write resumed> )             = 4096
17033 write(6, "ULL, NULL, NULL, {0, 20} <unfini"..., 28678) = 28678
17033 write(6, "\r\n", 2)               = 2
17033 read(7, "...>\n17031 <... read resumed> \"\\"..., 32768) = 32768
17032 <... select resumed> )            = 0 (Timeout)
17033 write(6, "8000\r\n71\\344\\30\\247\\203\\tx\\234M\\"..., 4096) = 4096
17032 clock_gettime(CLOCK_MONOTONIC,  <unfinished ...>
17033 write(6, "\"\\211\\211BNfq\\211^z>C\\374\\23\\221"..., 28678 <unfinished ...>
17036 <... select resumed> )            = 0 (Timeout)
17033 <... write resumed> )             = 28678
17032 <... clock_gettime resumed> {4903, 814588698}) = 0
17036 select(0, NULL, NULL, NULL, {0, 100} <unfinished ...>
17033 write(6, "\r\n", 2)               = 2
17032 clock_gettime(CLOCK_REALTIME,  <unfinished ...>
17033 read(7, "\\341Z\\320\\352\\21\\260%n\\226\\277\\2"..., 32768) = 32768
17032 <... clock_gettime resumed> {1465918769, 598643892}) = 0
17033 write(6, "8000\r\n             = 2\n17031 rea"..., 4096) = 4096
17032 select(0, NULL, NULL, NULL, {0, 20} <unfinished ...>
17033 write(6, ")\\27\\254\\215\\\"^7\\262\\325$\\216F\\3"..., 28678) = -1 EAGAIN (Resource temporarily unavailable)
17033 read(7, "0\n17032 select(0, NULL, NULL, NU"..., 32768) = 32768
17033 futex(0xc82002ea10, FUTEX_WAIT, 0, NULL <unfinished ...>
17036 <... select resumed> )            = 0 (Timeout)
17032 <... select resumed> )            = 0 (Timeout)
17036 futex(0xc8200f6a10, FUTEX_WAIT, 0, NULL <unfinished ...>
17032 clock_gettime(CLOCK_MONOTONIC, {4903, 814837230}) = 0
17032 futex(0x21ee760, FUTEX_WAIT, 0, {60, 0} <unfinished ...>
17035 <... epoll_wait resumed> {{EPOLLOUT, {u32=2134024192, u64=140606478393344}}}, 128, -1) = 1
17035 clock_gettime(CLOCK_MONOTONIC, {4903, 815955721}) = 0
17035 futex(0xc8200f6a10, FUTEX_WAKE, 1 <unfinished ...>
17036 <... futex resumed> )             = 0
17035 <... futex resumed> )             = 1
17036 epoll_wait(5,  <unfinished ...>
17035 futex(0x21ee760, FUTEX_WAKE, 1 <unfinished ...>
17036 <... epoll_wait resumed> {}, 128, 0) = 0
17035 <... futex resumed> )             = 1
17032 <... futex resumed> )             = 0
17036 sched_yield( <unfinished ...>
17035 write(6, ")\\27\\254\\215\\\"^7\\262\\325$\\216F\\3"..., 28678 <unfinished ...>
17032 clock_gettime(CLOCK_MONOTONIC,  <unfinished ...>
17036 <... sched_yield resumed> )       = 0
17035 <... write resumed> )             = 28678
17032 <... clock_gettime resumed> {4903, 816071790}) = 0
17036 futex(0x21ee6a0, FUTEX_WAKE, 1 <unfinished ...>
17035 write(6, "\r\n", 2 <unfinished ...>
17032 clock_gettime(CLOCK_REALTIME,  <unfinished ...>
17036 <... futex resumed> )             = 0
17035 <... write resumed> )             = 2
17032 <... clock_gettime resumed> {1465918769, 600116495}) = 0
17036 epoll_wait(5,  <unfinished ...>
17035 futex(0xc82002ea10, FUTEX_WAKE, 1 <unfinished ...>
17032 select(0, NULL, NULL, NULL, {0, 20} <unfinished ...>
17035 <... futex resumed> )             = 1
17033 <... futex resumed> )             = 0
17035 write(6, "8000\r\nODATA (No data available)\n"..., 4096) = 4096
17035 write(6, " /* 0 entries */, 4096) = 0\n1703"..., 28678) = 28678
17033 select(0, NULL, NULL, NULL, {0, 100} <unfinished ...>
17035 write(6, "\r\n", 2)               = 2
17032 <... select resumed> )            = 0 (Timeout)
17035 read(7,  <unfinished ...>
17032 clock_gettime(CLOCK_MONOTONIC,  <unfinished ...>
17035 <... read resumed> "EALTIME,  <unfinished ...>\n17031"..., 32768) = 32768
17032 <... clock_gettime resumed> {4903, 816296407}) = 0
17035 write(6, "8000\r\nlect(0, NULL, NULL, NULL, "..., 4096 <unfinished ...>
17032 clock_gettime(CLOCK_REALTIME,  <unfinished ...>
17035 <... write resumed> )             = 4096
17032 <... clock_gettime resumed> {1465918769, 600327619}) = 0
17035 write(6, "NULL, {0, 20} <unfinished ...>\n1"..., 28678 <unfinished ...>
17032 select(0, NULL, NULL, NULL, {0, 20} <unfinished ...>
17035 <... write resumed> )             = 28678
17035 write(6, "\r\n", 2)               = 2
17035 read(7, "esumed> )            = 0 (Timeou"..., 32768) = 32768
17033 <... select resumed> )            = 0 (Timeout)
17035 write(6, "8000\r\nOTONIC,  <unfinished ...>\n"..., 4096) = 4096
17033 read(7,  <unfinished ...>
17032 <... select resumed> )            = 0 (Timeout)
17035 write(6, "e=S_IFDIR|0775, st_size=19, ...}"..., 28678 <unfinished ...>
17032 clock_gettime(CLOCK_MONOTONIC,  <unfinished ...>
17035 <... write resumed> )             = 28678
17033 <... read resumed> ".>\n17031 <... read resumed> \"nk."..., 32768) = 32768
17032 <... clock_gettime resumed> {4903, 816491935}) = 0
17035 write(6, "\r\n", 2 <unfinished ...>
17033 futex(0xc82002ea10, FUTEX_WAIT, 0, NULL <unfinished ...>
17032 clock_gettime(CLOCK_REALTIME,  <unfinished ...>
17035 <... write resumed> )             = 2
17032 <... clock_gettime resumed> {1465918769, 600550493}) = 0
17035 futex(0xc82002ea10, FUTEX_WAKE, 1 <unfinished ...>
17032 select(0, NULL, NULL, NULL, {0, 20} <unfinished ...>
17035 <... futex resumed> )             = 1
17033 <... futex resumed> )             = 0
17035 write(6, "8000\r\n0\\0\"..., 28678) = 28678\n17"..., 4096 <unfinished ...>
17033 select(0, NULL, NULL, NULL, {0, 100} <unfinished ...>
17035 <... write resumed> )             = 4096
17035 write(6, "2 <... clock_gettime resumed> {1"..., 28678) = 28678
17035 write(6, "\r\n", 2 <unfinished ...>
17032 <... select resumed> )            = 0 (Timeout)
17035 <... write resumed> )             = 2
17032 clock_gettime(CLOCK_MONOTONIC,  <unfinished ...>
17035 read(7,  <unfinished ...>
17032 <... clock_gettime resumed> {4903, 816706444}) = 0
17035 <... read resumed> ", \"8000\\r\\n.string.hdr.\\\"*proto."..., 32768) = 32768
17032 clock_gettime(CLOCK_REALTIME,  <unfinished ...>
17035 write(6, "8000\r\n\n17035 <... select resumed"..., 4096 <unfinished ...>
17032 <... clock_gettime resumed> {1465918769, 600736570}) = 0
17035 <... write resumed> )             = 4096
17032 select(0, NULL, NULL, NULL, {0, 20} <unfinished ...>
17035 write(6, "hed ...>\n17033 <... write resume"..., 28678 <unfinished ...>
17033 <... select resumed> )            = 0 (Timeout)
17035 <... write resumed> )             = -1 EAGAIN (Resource temporarily unavailable)
17033 read(7,  <unfinished ...>
17035 futex(0xc8200f6590, FUTEX_WAIT, 0, NULL <unfinished ...>
17033 <... read resumed> "17032 <... clock_gettime resumed"..., 32768) = 32768
17033 futex(0xc82002ea10, FUTEX_WAIT, 0, NULL <unfinished ...>
17032 <... select resumed> )            = 0 (Timeout)
17032 clock_gettime(CLOCK_MONOTONIC, {4903, 816872744}) = 0
17032 futex(0x21ee760, FUTEX_WAIT, 0, {60, 0} <unfinished ...>
17036 <... epoll_wait resumed> {{EPOLLOUT, {u32=2134024192, u64=140606478393344}}}, 128, -1) = 1
17036 clock_gettime(CLOCK_MONOTONIC, {4903, 817824679}) = 0
17036 futex(0xc82002ea10, FUTEX_WAKE, 1) = 1
17036 futex(0x21ee760, FUTEX_WAKE, 1)   = 1
17033 <... futex resumed> )             = 0
17032 <... futex resumed> )             = 0
17036 write(6, "hed ...>\n17033 <... write resume"..., 28678 <unfinished ...>
17033 epoll_wait(5,  <unfinished ...>
17032 clock_gettime(CLOCK_MONOTONIC,  <unfinished ...>
17036 <... write resumed> )             = 28678
17033 <... epoll_wait resumed> {}, 128, 0) = 0
17032 <... clock_gettime resumed> {4903, 817914257}) = 0
17036 write(6, "\r\n", 2 <unfinished ...>
17033 epoll_wait(5,  <unfinished ...>
17032 clock_gettime(CLOCK_REALTIME,  <unfinished ...>
17036 <... write resumed> )             = 2
17032 <... clock_gettime resumed> {1465918769, 601944031}) = 0
17036 futex(0xc8200f6590, FUTEX_WAKE, 1 <unfinished ...>
17032 select(0, NULL, NULL, NULL, {0, 20} <unfinished ...>
17036 <... futex resumed> )             = 1
17035 <... futex resumed> )             = 0
17036 write(6, "8000\r\nrkspace/pkg/linux_amd64/gi"..., 4096 <unfinished ...>
17035 select(0, NULL, NULL, NULL, {0, 100} <unfinished ...>
17036 <... write resumed> )             = 4096
17036 write(6, "tex(0xc8200f6590, FUTEX_WAIT, 0,"..., 28678) = 28678
17036 write(6, "\r\n", 2 <unfinished ...>
17032 <... select resumed> )            = 0 (Timeout)
17036 <... write resumed> )             = 2
17032 clock_gettime(CLOCK_MONOTONIC,  <unfinished ...>
17036 read(7,  <unfinished ...>
17032 <... clock_gettime resumed> {4903, 818089856}) = 0
17036 <... read resumed> "\\0\\1\\0\\0\\0\"..., 32768) = 32768\n1"..., 32768) = 32768
17032 clock_gettime(CLOCK_REALTIME,  <unfinished ...>
17036 write(6, "8000\r\n 0 (Timeout)\n17032 clock_g"..., 4096 <unfinished ...>
17032 <... clock_gettime resumed> {1465918769, 602119623}) = 0
17036 <... write resumed> )             = 4096
17032 select(0, NULL, NULL, NULL, {0, 20} <unfinished ...>
17036 write(6, "write resumed> )             = 2"..., 28678) = 28678
17035 <... select resumed> )            = 0 (Timeout)
17036 write(6, "\r\n", 2 <unfinished ...>
17035 read(7,  <unfinished ...>
17036 <... write resumed> )             = 2
17035 <... read resumed> "nished ...>\n17031 write(6, \"8000"..., 32768) = 32768
17036 futex(0xc8200f6a10, FUTEX_WAIT, 0, NULL <unfinished ...>
17035 futex(0xc8200f6a10, FUTEX_WAKE, 1 <unfinished ...>
17032 <... select resumed> )            = 0 (Timeout)
17036 <... futex resumed> )             = -1 EAGAIN (Resource temporarily unavailable)
17035 <... futex resumed> )             = 0
17032 clock_gettime(CLOCK_MONOTONIC,  <unfinished ...>
17036 select(0, NULL, NULL, NULL, {0, 100} <unfinished ...>
17035 write(6, "8000\r\nck_gettime resumed> {14659"..., 4096 <unfinished ...>
17032 <... clock_gettime resumed> {4903, 818286932}) = 0
17035 <... write resumed> )             = 4096
17032 clock_gettime(CLOCK_REALTIME,  <unfinished ...>
17035 write(6, "..., 32768) = 32768\n17032 <... c"..., 28678 <unfinished ...>
17032 <... clock_gettime resumed> {1465918769, 602316908}) = 0
17035 <... write resumed> )             = 28678
17032 select(0, NULL, NULL, NULL, {0, 20} <unfinished ...>
17035 write(6, "\r\n", 2)               = 2
17035 read(7, "06478393344}}}, 128, -1) = 1\n170"..., 32768) = 32768
17035 write(6, "8000\r\n35 futex(0x21ee6a0, FUTEX_"..., 4096) = 4096
17035 write(6, "FUTEX_WAKE, 1)   = 1\n17031 <... "..., 28678 <unfinished ...>
17036 <... select resumed> )            = 0 (Timeout)
17035 <... write resumed> )             = 28678
17032 <... select resumed> )            = 0 (Timeout)
17036 select(0, NULL, NULL, NULL, {0, 100} <unfinished ...>
17035 write(6, "\r\n", 2 <unfinished ...>
17032 clock_gettime(CLOCK_MONOTONIC,  <unfinished ...>
17035 <... write resumed> )             = 2
17032 <... clock_gettime resumed> {4903, 818480219}) = 0
17035 read(7,  <unfinished ...>
17032 clock_gettime(CLOCK_REALTIME,  <unfinished ...>
17035 <... read resumed> "3 getdents64(7,  <unfinished ..."..., 32768) = 32768
17032 <... clock_gettime resumed> {1465918769, 602501767}) = 0
17035 write(6, "8000\r\n... clock_gettime resumed>"..., 4096 <unfinished ...>
17032 select(0, NULL, NULL, NULL, {0, 20} <unfinished ...>
17035 <... write resumed> )             = 4096
17035 write(6, "on) seccomp._Ctype_uin\"..., 2867"..., 28678) = -1 EAGAIN (Resource temporarily unavailable)
17035 read(7, "nfinished ...>\n17031 <... getden"..., 32768) = 32768
17035 futex(0xc8200f6590, FUTEX_WAIT, 0, NULL <unfinished ...>
17036 <... select resumed> )            = 0 (Timeout)
17032 <... select resumed> )            = 0 (Timeout)
17036 futex(0xc8200f6a10, FUTEX_WAIT, 0, NULL <unfinished ...>
17032 clock_gettime(CLOCK_MONOTONIC, {4903, 818648236}) = 0
17032 futex(0x21ee760, FUTEX_WAIT, 0, {60, 0} <unfinished ...>
17033 <... epoll_wait resumed> {{EPOLLOUT, {u32=2134024192, u64=140606478393344}}}, 128, -1) = 1
17033 clock_gettime(CLOCK_MONOTONIC, {4903, 819794972}) = 0
17033 futex(0xc8200f6a10, FUTEX_WAKE, 1) = 1
17036 <... futex resumed> )             = 0
17033 futex(0x21ee760, FUTEX_WAKE, 1 <unfinished ...>
17036 epoll_wait(5,  <unfinished ...>
17033 <... futex resumed> )             = 1
17032 <... futex resumed> )             = 0
17036 <... epoll_wait resumed> {}, 128, 0) = 0
17033 write(6, "on) seccomp._Ctype_uin\"..., 2867"..., 28678 <unfinished ...>
17036 epoll_wait(5,  <unfinished ...>
17033 <... write resumed> )             = 28678
17032 clock_gettime(CLOCK_MONOTONIC,  <unfinished ...>
17033 write(6, "\r\n", 2)               = 2
17032 <... clock_gettime resumed> {4903, 819904438}) = 0
17033 futex(0xc8200f6590, FUTEX_WAKE, 1) = 1
17035 <... futex resumed> )             = 0
17032 clock_gettime(CLOCK_REALTIME,  <unfinished ...>
17035 select(0, NULL, NULL, NULL, {0, 100} <unfinished ...>
17033 write(6, "8000\r\nlect resumed> )           "..., 4096 <unfinished ...>
17032 <... clock_gettime resumed> {1465918769, 603952044}) = 0
17033 <... write resumed> )             = 4096
17033 write(6, "ULL, {0, 100} <unfinished ...>\n1"..., 28678 <unfinished ...>
17032 select(0, NULL, NULL, NULL, {0, 20} <unfinished ...>
17033 <... write resumed> )             = 28678
17033 write(6, "\r\n", 2)               = 2
17033 read(7, "ite(6, \"af7\\0\\2\\30\\0\\0\\30\\1\\0\\0\\"..., 32768) = 32768
17033 ioctl(0, TIOCGWINSZ, {ws_row=35, ws_col=112, ws_xpixel=0, ws_ypixel=0}) = 0
17035 <... select resumed> )            = 0 (Timeout)
17033 ioctl(0, TIOCGWINSZ <unfinished ...>
17032 <... select resumed> )            = 0 (Timeout)
17035 read(7,  <unfinished ...>
17033 <... ioctl resumed> , {ws_row=35, ws_col=112, ws_xpixel=0, ws_ypixel=0}) = 0
17032 clock_gettime(CLOCK_MONOTONIC,  <unfinished ...>
17035 <... read resumed> ", st_size=78, ...}) = 0\n17035 ls"..., 32768) = 32768
17033 write(1, "Sending build context to Docker "..., 48 <unfinished ...>
17032 <... clock_gettime resumed> {4903, 820179738}) = 0
17035 futex(0xc8200f6590, FUTEX_WAIT, 0, NULL <unfinished ...>
17033 <... write resumed> )             = 48
17033 write(6, "8000\r\n769, 350728695}) = 0\n17031"..., 4096) = 4096
17033 write(6, "        = 0 (Timeout)\n17035 writ"..., 28678) = 28678
17032 clock_gettime(CLOCK_REALTIME,  <unfinished ...>
17033 write(6, "\r\n", 2)               = 2
17032 <... clock_gettime resumed> {1465918769, 604263980}) = 0
17033 futex(0xc8200f6590, FUTEX_WAKE, 1) = 1
17035 <... futex resumed> )             = 0
17032 select(0, NULL, NULL, NULL, {0, 20} <unfinished ...>
17035 select(0, NULL, NULL, NULL, {0, 100} <unfinished ...>
17033 write(6, "8000\r\nhub.com/opencontainers/run"..., 4096) = 4096
17033 write(6, "src/github.com/Sirupsen/logrus/f"..., 28678) = 28678
17033 write(6, "\r\n", 2)               = 2
17033 read(7, "rkspace/src/github.com/Sirupsen/"..., 32768) = 32768
17033 write(6, "8000\r\nle)\n17032 <... clock_getti"..., 4096 <unfinished ...>
17032 <... select resumed> )            = 0 (Timeout)
17033 <... write resumed> )             = 4096
17033 write(6, "hed ...>\n17032 <... clock_gettim"..., 28678 <unfinished ...>
17032 clock_gettime(CLOCK_MONOTONIC,  <unfinished ...>
17033 <... write resumed> )             = 28678
17033 write(6, "\r\n", 2 <unfinished ...>
17032 <... clock_gettime resumed> {4903, 820465524}) = 0
17033 <... write resumed> )             = 2
17035 <... select resumed> )            = 0 (Timeout)
17033 read(7,  <unfinished ...>
17032 clock_gettime(CLOCK_REALTIME,  <unfinished ...>
17035 futex(0xc8200f6590, FUTEX_WAIT, 0, NULL <unfinished ...>
17033 <... read resumed> "/github.com/docker/docker/pkg\", "..., 32768) = 32768
17032 <... clock_gettime resumed> {1465918769, 604510241}) = 0
17033 futex(0xc8200f6590, FUTEX_WAKE, 1) = 1
17035 <... futex resumed> )             = 0
17032 select(0, NULL, NULL, NULL, {0, 20} <unfinished ...>
17035 select(0, NULL, NULL, NULL, {0, 100} <unfinished ...>
17033 write(6, "8000\r\n5 openat(AT_FDCWD, \"/home/"..., 4096) = 4096
17033 write(6, "stat(\"/home/hmeng/go/src/github."..., 28678) = 28678
17033 write(6, "\r\n", 2)               = 2
17033 read(7, "ndor\", {st_mode=S_IFDIR|0775, st"..., 32768) = 32768
17032 <... select resumed> )            = 0 (Timeout)
17033 write(6, "8000\r\nterm/term_windows.go\", {st"..., 4096) = 4096
17032 clock_gettime(CLOCK_MONOTONIC,  <unfinished ...>
17033 write(6, "/home/hmeng/go/src/github.com/op"..., 28678) = 28678
17032 <... clock_gettime resumed> {4903, 820697706}) = 0
17033 write(6, "\r\n", 2 <unfinished ...>
17035 <... select resumed> )            = 0 (Timeout)
17033 <... write resumed> )             = 2
17032 clock_gettime(CLOCK_REALTIME,  <unfinished ...>
17035 read(7,  <unfinished ...>
17033 futex(0xc82002ea10, FUTEX_WAIT, 0, NULL <unfinished ...>
17032 <... clock_gettime resumed> {1465918769, 604747567}) = 0
17035 <... read resumed> "src/github.com/hashicorp/memberl"..., 32768) = 32768
17032 select(0, NULL, NULL, NULL, {0, 20} <unfinished ...>
17035 futex(0xc82002ea10, FUTEX_WAKE, 1) = 1
17033 <... futex resumed> )             = 0
17035 write(6, "8000\r\n/hmeng/go/src/github.com/o"..., 4096) = 4096
17033 select(0, NULL, NULL, NULL, {0, 100} <unfinished ...>
17035 write(6, "ntext/LICENSE\", {st_mode=S_IFREG"..., 28678) = 28678
17032 <... select resumed> )            = 0 (Timeout)
17035 write(6, "\r\n", 2 <unfinished ...>
17032 clock_gettime(CLOCK_MONOTONIC,  <unfinished ...>
17035 <... write resumed> )             = 2
17032 <... clock_gettime resumed> {4903, 820903285}) = 0
17035 read(7,  <unfinished ...>
17032 clock_gettime(CLOCK_REALTIME,  <unfinished ...>
17035 <... read resumed> "penat(AT_FDCWD, \"/home/hmeng/go/"..., 32768) = 32768
17032 <... clock_gettime resumed> {1465918769, 604924655}) = 0
17035 write(6, "8000\r\n32768) = 10760\n17033 read("..., 4096 <unfinished ...>
17032 select(0, NULL, NULL, NULL, {0, 20} <unfinished ...>
17035 <... write resumed> )             = 4096
17035 write(6, "}) = 0\n17033 lgetxattr(\"/home/hm"..., 28678) = -1 EAGAIN (Resource temporarily unavailable)
17035 read(7,  <unfinished ...>
17032 <... select resumed> )            = 0 (Timeout)
17035 <... read resumed> "/opencontainers/runc/Godeps/_wor"..., 32768) = 32768
17032 clock_gettime(CLOCK_MONOTONIC,  <unfinished ...>
17035 futex(0xc8200f6590, FUTEX_WAIT, 0, NULL <unfinished ...>
17032 <... clock_gettime resumed> {4903, 821046877}) = 0
17032 clock_gettime(CLOCK_REALTIME, {1465918769, 605055273}) = 0
17032 select(0, NULL, NULL, NULL, {0, 20}) = 0 (Timeout)
17032 clock_gettime(CLOCK_MONOTONIC, {4903, 821174746}) = 0
17032 clock_gettime(CLOCK_REALTIME, {1465918769, 605180820}) = 0
17032 select(0, NULL, NULL, NULL, {0, 20}) = 0 (Timeout)
17032 clock_gettime(CLOCK_MONOTONIC, {4903, 821297511}) = 0
17032 clock_gettime(CLOCK_REALTIME, {1465918769, 605299674}) = 0
17032 select(0, NULL, NULL, NULL, {0, 20}) = 0 (Timeout)
17032 clock_gettime(CLOCK_MONOTONIC, {4903, 821413421}) = 0
17032 clock_gettime(CLOCK_REALTIME, {1465918769, 605415396}) = 0
17032 select(0, NULL, NULL, NULL, {0, 20}) = 0 (Timeout)
17032 clock_gettime(CLOCK_MONOTONIC, {4903, 821526586}) = 0
17032 clock_gettime(CLOCK_REALTIME, {1465918769, 605528497}) = 0
17032 select(0, NULL, NULL, NULL, {0, 20}) = 0 (Timeout)
17032 clock_gettime(CLOCK_MONOTONIC, {4903, 821639004}) = 0
17032 clock_gettime(CLOCK_REALTIME, {1465918769, 605640827}) = 0
17032 select(0, NULL, NULL, NULL, {0, 20}) = 0 (Timeout)
17032 clock_gettime(CLOCK_MONOTONIC, {4903, 821749900}) = 0
17032 clock_gettime(CLOCK_REALTIME, {1465918769, 605751589}) = 0
17032 select(0, NULL, NULL, NULL, {0, 20}) = 0 (Timeout)
17032 clock_gettime(CLOCK_MONOTONIC, {4903, 821877515}) = 0
17032 clock_gettime(CLOCK_REALTIME, {1465918769, 605879513}) = 0
17032 select(0, NULL, NULL, NULL, {0, 20}) = 0 (Timeout)
17032 clock_gettime(CLOCK_MONOTONIC, {4903, 821988642}) = 0
17036 <... epoll_wait resumed> {{EPOLLOUT, {u32=2134024192, u64=140606478393344}}}, 128, -1) = 1
17032 clock_gettime(CLOCK_REALTIME,  <unfinished ...>
17036 clock_gettime(CLOCK_MONOTONIC,  <unfinished ...>
17032 <... clock_gettime resumed> {1465918769, 606017712}) = 0
17036 <... clock_gettime resumed> {4903, 822033863}) = 0
17032 select(0, NULL, NULL, NULL, {0, 20} <unfinished ...>
17036 write(6, "}) = 0\n17033 lgetxattr(\"/home/hm"..., 28678) = 28678
17036 write(6, "\r\n", 2)               = 2
17036 write(6, "8000\r\nrc/github.com/opencontaine"..., 4096) = 4096
17036 write(6, "24a980, 128) = -1 ENODATA (No da"..., 28678) = 28678
17032 <... select resumed> )            = 0 (Timeout)
17036 write(6, "\r\n", 2 <unfinished ...>
17032 clock_gettime(CLOCK_MONOTONIC,  <unfinished ...>
17036 <... write resumed> )             = 2
17032 <... clock_gettime resumed> {4903, 822156078}) = 0
17036 read(7,  <unfinished ...>
17032 clock_gettime(CLOCK_REALTIME,  <unfinished ...>
17036 <... read resumed> "/runc/Godeps/_workspace/src/gith"..., 32768) = 32768
17032 <... clock_gettime resumed> {1465918769, 606178460}) = 0
17036 write(6, "8000\r\ninished ...>\n17032 clock_g"..., 4096 <unfinished ...>
17032 select(0, NULL, NULL, NULL, {0, 20} <unfinished ...>
17036 <... write resumed> )             = 4096
17036 write(6, "runtime-spec\", O_RDONLY|O_CLOEXE"..., 28678) = 28678
17036 write(6, "\r\n", 2)               = 2
17036 read(7, "ck_gettime(CLOCK_REALTIME,  <unf"..., 32768) = 32768
17036 write(6, "8000\r\nThe Go Authors\"..., 32768)"..., 4096 <unfinished ...>
17032 <... select resumed> )            = 0 (Timeout)
17036 <... write resumed> )             = 4096
17032 clock_gettime(CLOCK_MONOTONIC,  <unfinished ...>
17036 write(6, "rkspace/src/github.com/pquerna/f"..., 28678 <unfinished ...>
17032 <... clock_gettime resumed> {4903, 822326730}) = 0
17036 <... write resumed> )             = 28678
17032 clock_gettime(CLOCK_REALTIME,  <unfinished ...>
17036 write(6, "\r\n", 2 <unfinished ...>
17032 <... clock_gettime resumed> {1465918769, 606345831}) = 0
17036 <... write resumed> )             = 2
17032 select(0, NULL, NULL, NULL, {0, 20} <unfinished ...>
17036 read(7, "ndtr/gocapability/capability/cap"..., 32768) = 32768
17036 write(6, "8000\r\nbseccomp-golang/seccomp.go"..., 4096 <unfinished ...>
17033 <... select resumed> )            = 0 (Timeout)
17036 <... write resumed> )             = 4096
17036 write(6, "ub.com/syndtr/gocapability\", O_R"..., 28678 <unfinished ...>
17033 read(7,  <unfinished ...>
17036 <... write resumed> )             = 28678
17036 write(6, "\r\n", 2 <unfinished ...>
17033 <... read resumed> "ners/runc/Godeps/_workspace/src/"..., 32768) = 32768
17032 <... select resumed> )            = 0 (Timeout)
17036 <... write resumed> )             = 2
17032 clock_gettime(CLOCK_MONOTONIC,  <unfinished ...>
17033 epoll_wait(5,  <unfinished ...>
17036 write(6, "8000\r\nnc (c *Cont\"..., 4096) = 4"..., 4096 <unfinished ...>
17032 <... clock_gettime resumed> {4903, 822503740}) = 0
17036 <... write resumed> )             = 4096
17033 <... epoll_wait resumed> {}, 128, 0) = 0
17032 clock_gettime(CLOCK_REALTIME,  <unfinished ...>
17036 write(6, "031 close(7)                    "..., 28678 <unfinished ...>
17033 select(0, NULL, NULL, NULL, {0, 100} <unfinished ...>
17032 <... clock_gettime resumed> {1465918769, 606531085}) = 0
17036 <... write resumed> )             = 28678
17032 select(0, NULL, NULL, NULL, {0, 20} <unfinished ...>
17036 write(6, "\r\n", 2)               = 2
17036 read(7, "ze=518, ...}) = 0\n17031 lstat(\"/"..., 32768) = 32768
17036 write(6, "8000\r\nxattr(\"/home/hmeng/go/src/"..., 4096) = 4096
17036 write(6, "nda/netlink/xfrm_state_linux.go\""..., 28678) = -1 EAGAIN (Resource temporarily unavailable)
17032 <... select resumed> )            = 0 (Timeout)
17036 read(7,  <unfinished ...>
17032 clock_gettime(CLOCK_MONOTONIC,  <unfinished ...>
17036 <... read resumed> "031 read(7, \"// +build linux\\n\\n"..., 32768) = 32768
17032 <... clock_gettime resumed> {4903, 822684684}) = 0
17036 epoll_wait(5,  <unfinished ...>
17032 clock_gettime(CLOCK_REALTIME,  <unfinished ...>
17036 <... epoll_wait resumed> {}, 128, 0) = 0
17032 <... clock_gettime resumed> {1465918769, 606702190}) = 0
17036 epoll_wait(5,  <unfinished ...>
17033 <... select resumed> )            = 0 (Timeout)
17032 select(0, NULL, NULL, NULL, {0, 20} <unfinished ...>
17033 futex(0xc82002ea10, FUTEX_WAIT, 0, NULL <unfinished ...>
17032 <... select resumed> )            = 0 (Timeout)
17032 clock_gettime(CLOCK_MONOTONIC, {4903, 822831591}) = 0
17032 futex(0x21ee760, FUTEX_WAIT, 0, {60, 0} <unfinished ...>
17036 <... epoll_wait resumed> {{EPOLLOUT, {u32=2134024192, u64=140606478393344}}}, 128, -1) = 1
17036 clock_gettime(CLOCK_MONOTONIC, {4903, 823768117}) = 0
17036 futex(0xc82002ea10, FUTEX_WAKE, 1) = 1
17036 futex(0x21ee760, FUTEX_WAKE, 1 <unfinished ...>
17033 <... futex resumed> )             = 0
17036 <... futex resumed> )             = 1
17032 <... futex resumed> )             = 0
17036 write(6, "nda/netlink/xfrm_state_linux.go\""..., 28678 <unfinished ...>
17033 epoll_wait(5,  <unfinished ...>
17032 clock_gettime(CLOCK_MONOTONIC,  <unfinished ...>
17036 <... write resumed> )             = 28678
17032 <... clock_gettime resumed> {4903, 823842939}) = 0
17036 write(6, "\r\n", 2 <unfinished ...>
17033 <... epoll_wait resumed> {}, 128, 0) = 0
17032 clock_gettime(CLOCK_REALTIME,  <unfinished ...>
17036 <... write resumed> )             = 2
17033 epoll_wait(5,  <unfinished ...>
17032 <... clock_gettime resumed> {1465918769, 607871483}) = 0
17036 futex(0xc8200f6590, FUTEX_WAKE, 1 <unfinished ...>
17032 select(0, NULL, NULL, NULL, {0, 20} <unfinished ...>
17036 <... futex resumed> )             = 1
17035 <... futex resumed> )             = 0
17036 write(6, "8000\r\nata available)\n17031 opena"..., 4096 <unfinished ...>
17035 select(0, NULL, NULL, NULL, {0, 100} <unfinished ...>
17036 <... write resumed> )             = 4096
17036 write(6, "1 lgetxattr(\"/home/hmeng/go/src/"..., 28678) = 28678
17036 write(6, "\r\n", 2)               = 2
17032 <... select resumed> )            = 0 (Timeout)
17036 read(7,  <unfinished ...>
17032 clock_gettime(CLOCK_MONOTONIC,  <unfinished ...>
17036 <... read resumed> "all.go\", O_RDONLY|O_CLOEXEC) = 7"..., 32768) = 32768
17032 <... clock_gettime resumed> {4903, 824039707}) = 0
17036 write(6, "8000\r\n13\n17031 read(7, \"\", 28455"..., 4096 <unfinished ...>
17032 clock_gettime(CLOCK_REALTIME,  <unfinished ...>
17036 <... write resumed> )             = 4096
17032 <... clock_gettime resumed> {1465918769, 608069289}) = 0
17036 write(6, "mode=S_IFREG|0664, st_size=180, "..., 28678 <unfinished ...>
17032 select(0, NULL, NULL, NULL, {0, 20} <unfinished ...>
17036 <... write resumed> )             = 28678
17035 <... select resumed> )            = 0 (Timeout)
17036 write(6, "\r\n", 2 <unfinished ...>
17035 read(7,  <unfinished ...>
17036 <... write resumed> )             = 2
17035 <... read resumed> "unc/libcontainer/integration/doc"..., 32768) = 32768
17036 futex(0xc8200f6a10, FUTEX_WAIT, 0, NULL <unfinished ...>
17035 futex(0xc8200f6a10, FUTEX_WAKE, 1 <unfinished ...>
17036 <... futex resumed> )             = -1 EAGAIN (Resource temporarily unavailable)
17035 <... futex resumed> )             = 0
17036 select(0, NULL, NULL, NULL, {0, 100} <unfinished ...>
17035 write(6, "8000\r\n\\\"te\"..., 32768) = 536\n170"..., 4096 <unfinished ...>
17032 <... select resumed> )            = 0 (Timeout)
17035 <... write resumed> )             = 4096
17032 clock_gettime(CLOCK_MONOTONIC,  <unfinished ...>
17035 write(6, "  = 0\n17031 close(7)            "..., 28678 <unfinished ...>
17032 <... clock_gettime resumed> {4903, 824245342}) = 0
17035 <... write resumed> )             = 28678
17032 clock_gettime(CLOCK_REALTIME,  <unfinished ...>
17035 write(6, "\r\n", 2 <unfinished ...>
17032 <... clock_gettime resumed> {1465918769, 608266106}) = 0
17035 <... write resumed> )             = 2
17032 select(0, NULL, NULL, NULL, {0, 20} <unfinished ...>
17035 read(7, "_mode=S_IFREG|0664, st_size=293,"..., 32768) = 32768
17035 write(6, "8000\r\nmed> )            = 0 (Tim"..., 4096) = 4096
17035 write(6, "_RDONLY|O_CLOEXEC) = 7\n17035 rea"..., 28678) = 28678
17036 <... select resumed> )            = 0 (Timeout)
17035 write(6, "\r\n", 2 <unfinished ...>
17032 <... select resumed> )            = 0 (Timeout)
17036 select(0, NULL, NULL, NULL, {0, 100} <unfinished ...>
17035 <... write resumed> )             = 2
17032 clock_gettime(CLOCK_MONOTONIC,  <unfinished ...>
17035 read(7,  <unfinished ...>
17032 <... clock_gettime resumed> {4903, 824416516}) = 0
17035 <... read resumed> "poll_wait(5,  <unfinished ...>\n1"..., 32768) = 32768
17032 clock_gettime(CLOCK_REALTIME,  <unfinished ...>
17035 ioctl(0, TIOCGWINSZ <unfinished ...>
17032 <... clock_gettime resumed> {1465918769, 608442754}) = 0
17035 <... ioctl resumed> , {ws_row=35, ws_col=112, ws_xpixel=0, ws_ypixel=0}) = 0
17032 select(0, NULL, NULL, NULL, {0, 20} <unfinished ...>
17035 ioctl(0, TIOCGWINSZ, {ws_row=35, ws_col=112, ws_xpixel=0, ws_ypixel=0}) = 0
17035 write(1, "Sending build context to Docker "..., 48) = 48
17035 write(6, "8000\r\n\n17033 lgetxattr(\"/home/hm"..., 4096) = 4096
17035 write(6, "bcontainer/user/lookup_unix.go\","..., 28678) = -1 EAGAIN (Resource temporarily unavailable)
17036 <... select resumed> )            = 0 (Timeout)
17035 read(7,  <unfinished ...>
17032 <... select resumed> )            = 0 (Timeout)
17036 futex(0xc8200f6a10, FUTEX_WAIT, 0, NULL <unfinished ...>
17035 <... read resumed> "e/hmeng/go/src/github.com/openco"..., 32768) = 32768
17032 clock_gettime(CLOCK_MONOTONIC,  <unfinished ...>
17035 futex(0xc8200f6590, FUTEX_WAIT, 0, NULL <unfinished ...>
17032 <... clock_gettime resumed> {4903, 824614074}) = 0
17032 clock_gettime(CLOCK_REALTIME, {1465918769, 608622663}) = 0
17032 select(0, NULL, NULL, NULL, {0, 20}) = 0 (Timeout)
17032 clock_gettime(CLOCK_MONOTONIC, {4903, 824735881}) = 0
17032 futex(0x21ee760, FUTEX_WAIT, 0, {60, 0} <unfinished ...>
17033 <... epoll_wait resumed> {{EPOLLOUT, {u32=2134024192, u64=140606478393344}}}, 128, -1) = 1
17033 clock_gettime(CLOCK_MONOTONIC, {4903, 825872240}) = 0
17033 futex(0xc8200f6590, FUTEX_WAKE, 1) = 1
17035 <... futex resumed> )             = 0
17033 futex(0x21ee760, FUTEX_WAKE, 1 <unfinished ...>
17035 epoll_wait(5,  <unfinished ...>
17033 <... futex resumed> )             = 1
17032 <... futex resumed> )             = 0
17035 <... epoll_wait resumed> {}, 128, 0) = 0
17033 write(6, "bcontainer/user/lookup_unix.go\","..., 28678 <unfinished ...>
17035 epoll_wait(5,  <unfinished ...>
17033 <... write resumed> )             = 28678
17032 clock_gettime(CLOCK_MONOTONIC,  <unfinished ...>
17033 write(6, "\r\n", 2)               = 2
17032 <... clock_gettime resumed> {4903, 825963351}) = 0
17033 futex(0xc8200f6a10, FUTEX_WAKE, 1) = 1
17036 <... futex resumed> )             = 0
17032 clock_gettime(CLOCK_REALTIME,  <unfinished ...>
17036 select(0, NULL, NULL, NULL, {0, 100} <unfinished ...>
17033 write(6, "8000\r\n  <unfinished ...>\n17033 l"..., 4096 <unfinished ...>
17032 <... clock_gettime resumed> {1465918769, 610015111}) = 0
17033 <... write resumed> )             = 4096
17033 write(6, "encontainers/runc/man/runc-resum"..., 28678 <unfinished ...>
17032 select(0, NULL, NULL, NULL, {0, 20} <unfinished ...>
17033 <... write resumed> )             = 28678
17033 write(6, "\r\n", 2)               = 2
17033 read(7, "tex resumed> )             = 0\n1"..., 32768) = 32768
17033 write(6, "8000\r\nKE, 1) = 1\n17033 <... fute"..., 4096) = 4096
17033 write(6, "ea10, FUTEX_WAIT, 0, NULL <unfin"..., 28678 <unfinished ...>
17036 <... select resumed> )            = 0 (Timeout)
17033 <... write resumed> )             = 28678
17032 <... select resumed> )            = 0 (Timeout)
17036 read(7,  <unfinished ...>
17033 write(6, "\r\n", 2)               = 2
17032 clock_gettime(CLOCK_MONOTONIC,  <unfinished ...>
17036 <... read resumed> "8000\\r\\n\\211\\\\$\\10H\\213\\\\$hH\\211"..., 32768) = 32768
17033 futex(0xc82002ea10, FUTEX_WAIT, 0, NULL <unfinished ...>
17032 <... clock_gettime resumed> {4903, 826197204}) = 0
17036 futex(0xc82002ea10, FUTEX_WAKE, 1 <unfinished ...>
17032 clock_gettime(CLOCK_REALTIME,  <unfinished ...>
17036 <... futex resumed> )             = 1
17033 <... futex resumed> )             = 0
17032 <... clock_gettime resumed> {1465918769, 610216363}) = 0
17036 futex(0xc82002ea10, FUTEX_WAKE, 1 <unfinished ...>
17033 futex(0xc82002ea10, FUTEX_WAIT, 0, NULL <unfinished ...>
17036 <... futex resumed> )             = 0
17033 <... futex resumed> )             = -1 EAGAIN (Resource temporarily unavailable)
17032 select(0, NULL, NULL, NULL, {0, 20} <unfinished ...>
17036 write(6, "8000\r\n48H\\213L$P1\\3331\\333H\\211\\"..., 4096 <unfinished ...>
17033 select(0, NULL, NULL, NULL, {0, 100} <unfinished ...>
17036 <... write resumed> )             = 4096
17036 write(6, "imeout)\n17035 <... write resumed"..., 28678) = 28678
17036 write(6, "\r\n", 2)               = 2
17032 <... select resumed> )            = 0 (Timeout)
17036 read(7,  <unfinished ...>
17032 clock_gettime(CLOCK_MONOTONIC,  <unfinished ...>
17036 <... read resumed> "meout)\n17036 write(6, \"H\\211\\234"..., 32768) = 32768
17032 <... clock_gettime resumed> {4903, 826386800}) = 0
17036 write(6, "8000\r\n <unfinished ...>\n17036 <."..., 4096 <unfinished ...>
17032 clock_gettime(CLOCK_REALTIME,  <unfinished ...>
17036 <... write resumed> )             = 4096
17032 <... clock_gettime resumed> {1465918769, 610416141}) = 0
17036 write(6, "utex(0xc82002ea10, FUTEX_WAIT, 0"..., 28678 <unfinished ...>
17032 select(0, NULL, NULL, NULL, {0, 20} <unfinished ...>
17033 <... select resumed> )            = 0 (Timeout)
17036 <... write resumed> )             = 28678
17036 write(6, "\r\n", 2 <unfinished ...>
17033 read(7,  <unfinished ...>
17036 <... write resumed> )             = 2
17036 futex(0xc8200f6a10, FUTEX_WAIT, 0, NULL <unfinished ...>
17033 <... read resumed> "LL <unfinished ...>\n17032 <... s"..., 32768) = 32768
17033 futex(0xc8200f6a10, FUTEX_WAKE, 1) = 1
17036 <... futex resumed> )             = 0
17033 write(6, "8000\r\n35 futex(0xc8200f6590, FUT"..., 4096 <unfinished ...>
17032 <... select resumed> )            = 0 (Timeout)
17036 select(0, NULL, NULL, NULL, {0, 100} <unfinished ...>
17033 <... write resumed> )             = 4096
17032 clock_gettime(CLOCK_MONOTONIC,  <unfinished ...>
17033 write(6, "shed ...>\n17033 write(6, \"8000\\r"..., 28678) = 28678
17032 <... clock_gettime resumed> {4903, 826585994}) = 0
17033 write(6, "\r\n", 2)               = 2
17032 clock_gettime(CLOCK_REALTIME,  <unfinished ...>
17033 read(7, "220\\206b\\0\\0\\0\\0\\0\\20m\\205\\0\\0\\0"..., 32768) = 32768
17032 <... clock_gettime resumed> {1465918769, 610622888}) = 0
17033 write(6, "8000\r\n \"Sending build context to"..., 4096) = 4096
17032 select(0, NULL, NULL, NULL, {0, 20} <unfinished ...>
17033 write(6, " = 0 (Timeout)\n17035 <... write "..., 28678) = -1 EAGAIN (Resource temporarily unavailable)
17033 read(7, "Prof_Malloc\\0\\0\\2\\\"\"..., 32768) "..., 32768) = 32768
17033 futex(0xc82002ea10, FUTEX_WAIT, 0, NULL <unfinished ...>
17036 <... select resumed> )            = 0 (Timeout)
17032 <... select resumed> )            = 0 (Timeout)
17036 futex(0xc8200f6a10, FUTEX_WAIT, 0, NULL <unfinished ...>
17032 clock_gettime(CLOCK_MONOTONIC, {4903, 826764515}) = 0
17032 futex(0x21ee760, FUTEX_WAIT, 0, {60, 0} <unfinished ...>
17035 <... epoll_wait resumed> {{EPOLLOUT, {u32=2134024192, u64=140606478393344}}}, 128, -1) = 1
17035 clock_gettime(CLOCK_MONOTONIC, {4903, 827645188}) = 0
17035 futex(0xc8200f6a10, FUTEX_WAKE, 1 <unfinished ...>
17036 <... futex resumed> )             = 0
17035 <... futex resumed> )             = 1
17036 epoll_wait(5,  <unfinished ...>
17035 futex(0x21ee760, FUTEX_WAKE, 1 <unfinished ...>
17036 <... epoll_wait resumed> {}, 128, 0) = 0
17035 <... futex resumed> )             = 1
17032 <... futex resumed> )             = 0
17036 sched_yield( <unfinished ...>
17035 write(6, " = 0 (Timeout)\n17035 <... write "..., 28678 <unfinished ...>
17032 clock_gettime(CLOCK_MONOTONIC,  <unfinished ...>
17036 <... sched_yield resumed> )       = 0
17035 <... write resumed> )             = 28678
17032 <... clock_gettime resumed> {4903, 827727007}) = 0
17036 futex(0x21ee6a0, FUTEX_WAKE, 1 <unfinished ...>
17035 write(6, "\r\n", 2 <unfinished ...>
17032 clock_gettime(CLOCK_REALTIME,  <unfinished ...>
17036 <... futex resumed> )             = 0
17035 <... write resumed> )             = 2
17032 <... clock_gettime resumed> {1465918769, 611758226}) = 0
17036 epoll_wait(5,  <unfinished ...>
17035 futex(0xc82002ea10, FUTEX_WAKE, 1 <unfinished ...>
17032 select(0, NULL, NULL, NULL, {0, 20} <unfinished ...>
17035 <... futex resumed> )             = 1
17033 <... futex resumed> )             = 0
17035 write(6, "8000\r\n35 write(6, \"\\10\\0\\0\\0\\0\\0"..., 4096) = 4096
17033 select(0, NULL, NULL, NULL, {0, 100} <unfinished ...>
17035 write(6, "inished ...>\n17036 <... futex re"..., 28678) = 28678
17035 write(6, "\r\n", 2)               = 2
17032 <... select resumed> )            = 0 (Timeout)
17035 read(7,  <unfinished ...>
17032 clock_gettime(CLOCK_MONOTONIC,  <unfinished ...>
17035 <... read resumed> "\\0\\0\\0,\\0\\0\\0\\f\\10\\0\\0\\0\\266\\314"..., 32768) = 32768
17032 <... clock_gettime resumed> {4903, 827923749}) = 0
17035 write(6, "8000\r\n7033 <... write resumed> )"..., 4096 <unfinished ...>
17032 clock_gettime(CLOCK_REALTIME,  <unfinished ...>
17035 <... write resumed> )             = 4096
17032 <... clock_gettime resumed> {1465918769, 611953219}) = 0
17035 write(6, "0\\0\\0.\\321\\17\\0\\0\\0\\0\\0\\324R\\215"..., 28678 <unfinished ...>
17032 select(0, NULL, NULL, NULL, {0, 20} <unfinished ...>
17035 <... write resumed> )             = 28678
17035 write(6, "\r\n", 2)               = 2
17035 read(7,  <unfinished ...>
17033 <... select resumed> )            = 0 (Timeout)
17035 <... read resumed> "0\\0\\0\\0\\5b\\0\\4\\234\\21\\10\\\"_\\20\\r"..., 32768) = 32768
17035 futex(0xc82002ea10, FUTEX_WAKE, 1 <unfinished ...>
17033 futex(0xc82002ea10, FUTEX_WAIT, 0, NULL <unfinished ...>
17032 <... select resumed> )            = 0 (Timeout)
17035 <... futex resumed> )             = 0
17033 <... futex resumed> )             = -1 EAGAIN (Resource temporarily unavailable)
17032 clock_gettime(CLOCK_MONOTONIC,  <unfinished ...>
17035 write(6, "8000\r\n340}\\\"\\34\\r\\20\\0\\0\\0\\0\\0\\4"..., 4096 <unfinished ...>
17033 select(0, NULL, NULL, NULL, {0, 100} <unfinished ...>
17032 <... clock_gettime resumed> {4903, 828108640}) = 0
17035 <... write resumed> )             = 4096
17032 clock_gettime(CLOCK_REALTIME,  <unfinished ...>
17035 write(6, "36 write(6, \"emplate/parse.newEl"..., 28678 <unfinished ...>
17032 <... clock_gettime resumed> {1465918769, 612133534}) = 0
17035 <... write resumed> )             = 28678
17032 select(0, NULL, NULL, NULL, {0, 20} <unfinished ...>
17035 write(6, "\r\n", 2)               = 2
17035 read(7, "rite(6, \"\\r\\n\", 2)              "..., 32768) = 32768
17035 write(6, "8000\r\ned> )             = 28678\n"..., 4096) = 4096
17035 write(6, "794317860}) = 0\n17035 write(6, \""..., 28678) = 28678
17032 <... select resumed> )            = 0 (Timeout)
17035 write(6, "\r\n", 2 <unfinished ...>
17032 clock_gettime(CLOCK_MONOTONIC,  <unfinished ...>
17035 <... write resumed> )             = 2
17032 <... clock_gettime resumed> {4903, 828279583}) = 0
17035 read(7,  <unfinished ...>
17033 <... select resumed> )            = 0 (Timeout)
17032 clock_gettime(CLOCK_REALTIME,  <unfinished ...>
17035 <... read resumed> "0} <unfinished ...>\n17036 <... l"..., 32768) = 32768
17033 futex(0xc82002ea10, FUTEX_WAIT, 0, NULL <unfinished ...>
17032 <... clock_gettime resumed> {1465918769, 612305386}) = 0
17035 close(7 <unfinished ...>
17032 select(0, NULL, NULL, NULL, {0, 20} <unfinished ...>
17035 <... close resumed> )             = 0
17035 clock_gettime(CLOCK_REALTIME, {1465918769, 612373045}) = 0
17035 clock_gettime(CLOCK_REALTIME, {1465918769, 612391768}) = 0
17035 write(2, "\33[31mERRO\33[0m[0000] Can't add fi"..., 131) = 131
17032 <... select resumed> )            = 0 (Timeout)
17035 lstat("/home/hmeng/go/src/github.com/opencontainers/runc/tests",  <unfinished ...>
17032 clock_gettime(CLOCK_MONOTONIC,  <unfinished ...>
17035 <... lstat resumed> {st_mode=S_IFDIR|0775, st_size=24, ...}) = 0
17032 <... clock_gettime resumed> {4903, 828473370}) = 0
17035 lstat("/home/hmeng/go/src/github.com/opencontainers/runc/tests",  <unfinished ...>
17032 clock_gettime(CLOCK_REALTIME,  <unfinished ...>
17035 <... lstat resumed> {st_mode=S_IFDIR|0775, st_size=24, ...}) = 0
17032 <... clock_gettime resumed> {1465918769, 612500791}) = 0
17035 lgetxattr("/home/hmeng/go/src/github.com/opencontainers/runc/tests", "security.capability" <unfinished ...>
17032 select(0, NULL, NULL, NULL, {0, 20} <unfinished ...>
17035 <... lgetxattr resumed> , 0xc820510580, 128) = -1 ENODATA (No data available)
17035 openat(AT_FDCWD, "/home/hmeng/go/src/github.com/opencontainers/runc/tests", O_RDONLY|O_CLOEXEC) = 7
17035 getdents64(7, /* 3 entries */, 4096) = 80
17035 getdents64(7, /* 0 entries */, 4096) = 0
17035 close(7 <unfinished ...>
17032 <... select resumed> )            = 0 (Timeout)
17035 <... close resumed> )             = 0
17032 clock_gettime(CLOCK_MONOTONIC,  <unfinished ...>
17035 lstat("/home/hmeng/go/src/github.com/opencontainers/runc/tests/integration",  <unfinished ...>
17032 <... clock_gettime resumed> {4903, 828652471}) = 0
17035 <... lstat resumed> {st_mode=S_IFDIR|0775, st_size=4096, ...}) = 0
17032 clock_gettime(CLOCK_REALTIME,  <unfinished ...>
17035 lstat("/home/hmeng/go/src/github.com/opencontainers/runc/tests/integration",  <unfinished ...>
17032 <... clock_gettime resumed> {1465918769, 612674869}) = 0
17035 <... lstat resumed> {st_mode=S_IFDIR|0775, st_size=4096, ...}) = 0
17032 select(0, NULL, NULL, NULL, {0, 20} <unfinished ...>
17035 lgetxattr("/home/hmeng/go/src/github.com/opencontainers/runc/tests/integration", "security.capability", 0xc820510600, 128) = -1 ENODATA (No data available)
17035 openat(AT_FDCWD, "/home/hmeng/go/src/github.com/opencontainers/runc/tests/integration", O_RDONLY|O_CLOEXEC) = 7
17035 getdents64(7,  <unfinished ...>
17032 <... select resumed> )            = 0 (Timeout)
17035 <... getdents64 resumed> /* 23 entries */, 4096) = 744
17032 clock_gettime(CLOCK_MONOTONIC,  <unfinished ...>
17035 getdents64(7,  <unfinished ...>
17032 <... clock_gettime resumed> {4903, 828829657}) = 0
17035 <... getdents64 resumed> /* 0 entries */, 4096) = 0
17032 clock_gettime(CLOCK_REALTIME,  <unfinished ...>
17035 close(7 <unfinished ...>
17032 <... clock_gettime resumed> {1465918769, 612848741}) = 0
17035 <... close resumed> )             = 0
17032 select(0, NULL, NULL, NULL, {0, 20} <unfinished ...>
17035 lstat("/home/hmeng/go/src/github.com/opencontainers/runc/tests/integration/README.md", {st_mode=S_IFREG|0664, st_size=2166, ...}) = 0
17035 lstat("/home/hmeng/go/src/github.com/opencontainers/runc/tests/integration/README.md", {st_mode=S_IFREG|0664, st_size=2166, ...}) = 0
17035 lgetxattr("/home/hmeng/go/src/github.com/opencontainers/runc/tests/integration/README.md", "security.capability", 0xc820510680, 128) = -1 ENODATA (No data available)
17035 openat(AT_FDCWD, "/home/hmeng/go/src/github.com/opencontainers/runc/tests/integration/README.md", O_RDONLY|O_CLOEXEC) = 7
17032 <... select resumed> )            = 0 (Timeout)
17035 read(7,  <unfinished ...>
17032 clock_gettime(CLOCK_MONOTONIC,  <unfinished ...>
17035 <... read resumed> "# runc Integration Tests\n\nIntegr"..., 32768) = 2166
17032 <... clock_gettime resumed> {4903, 828998805}) = 0
17035 read(7,  <unfinished ...>
17032 clock_gettime(CLOCK_REALTIME,  <unfinished ...>
17035 <... read resumed> "", 30602)     = 0
17032 <... clock_gettime resumed> {1465918769, 613064251}) = 0
17035 close(7 <unfinished ...>
17032 select(0, NULL, NULL, NULL, {0, 20} <unfinished ...>
17035 <... close resumed> )             = 0
17035 lstat("/home/hmeng/go/src/github.com/opencontainers/runc/tests/integration/cgroups.bats", {st_mode=S_IFREG|0664, st_size=2382, ...}) = 0
17035 lstat("/home/hmeng/go/src/github.com/opencontainers/runc/tests/integration/cgroups.bats", {st_mode=S_IFREG|0664, st_size=2382, ...}) = 0
17035 lgetxattr("/home/hmeng/go/src/github.com/opencontainers/runc/tests/integration/cgroups.bats", "security.capability", 0xc820510780, 128) = -1 ENODATA (No data available)
17035 openat(AT_FDCWD, "/home/hmeng/go/src/github.com/opencontainers/runc/tests/integration/cgroups.bats", O_RDONLY|O_CLOEXEC <unfinished ...>
17032 <... select resumed> )            = 0 (Timeout)
17035 <... openat resumed> )            = 7
17032 clock_gettime(CLOCK_MONOTONIC,  <unfinished ...>
17035 read(7,  <unfinished ...>
17032 <... clock_gettime resumed> {4903, 829256002}) = 0
17035 <... read resumed> "#!/usr/bin/env bats\n\nload helper"..., 32768) = 2382
17032 clock_gettime(CLOCK_REALTIME,  <unfinished ...>
17035 read(7,  <unfinished ...>
17032 <... clock_gettime resumed> {1465918769, 613278509}) = 0
17035 <... read resumed> "", 30386)     = 0
17032 select(0, NULL, NULL, NULL, {0, 20} <unfinished ...>
17035 close(7)                          = 0
17035 lstat("/home/hmeng/go/src/github.com/opencontainers/runc/tests/integration/checkpoint.bats", {st_mode=S_IFREG|0664, st_size=1366, ...}) = 0
17035 lstat("/home/hmeng/go/src/github.com/opencontainers/runc/tests/integration/checkpoint.bats", {st_mode=S_IFREG|0664, st_size=1366, ...}) = 0
17035 lgetxattr("/home/hmeng/go/src/github.com/opencontainers/runc/tests/integration/checkpoint.bats", "security.capability", 0xc820510800, 128) = -1 ENODATA (No data available)
17035 openat(AT_FDCWD, "/home/hmeng/go/src/github.com/opencontainers/runc/tests/integration/checkpoint.bats", O_RDONLY|O_CLOEXEC <unfinished ...>
17032 <... select resumed> )            = 0 (Timeout)
17035 <... openat resumed> )            = 7
17032 clock_gettime(CLOCK_MONOTONIC,  <unfinished ...>
17035 read(7,  <unfinished ...>
17032 <... clock_gettime resumed> {4903, 829434922}) = 0
17035 <... read resumed> "#!/usr/bin/env bats\n\nload helper"..., 32768) = 1366
17032 clock_gettime(CLOCK_REALTIME,  <unfinished ...>
17035 read(7,  <unfinished ...>
17032 <... clock_gettime resumed> {1465918769, 613450660}) = 0
17035 <... read resumed> "", 31402)     = 0
17032 select(0, NULL, NULL, NULL, {0, 20} <unfinished ...>
17035 close(7)                          = 0
17035 lstat("/home/hmeng/go/src/github.com/opencontainers/runc/tests/integration/create.bats", {st_mode=S_IFREG|0664, st_size=683, ...}) = 0
17035 lstat("/home/hmeng/go/src/github.com/opencontainers/runc/tests/integration/create.bats", {st_mode=S_IFREG|0664, st_size=683, ...}) = 0
17035 lgetxattr("/home/hmeng/go/src/github.com/opencontainers/runc/tests/integration/create.bats", "security.capability", 0xc820510880, 128) = -1 ENODATA (No data available)
17035 openat(AT_FDCWD, "/home/hmeng/go/src/github.com/opencontainers/runc/tests/integration/create.bats", O_RDONLY|O_CLOEXEC <unfinished ...>
17032 <... select resumed> )            = 0 (Timeout)
17035 <... openat resumed> )            = 7
17032 clock_gettime(CLOCK_MONOTONIC,  <unfinished ...>
17035 read(7,  <unfinished ...>
17032 <... clock_gettime resumed> {4903, 829597224}) = 0
17035 <... read resumed> "#!/usr/bin/env bats\n\nload helper"..., 32768) = 683
17032 clock_gettime(CLOCK_REALTIME,  <unfinished ...>
17035 read(7,  <unfinished ...>
17032 <... clock_gettime resumed> {1465918769, 613612519}) = 0
17035 <... read resumed> "", 32085)     = 0
17032 select(0, NULL, NULL, NULL, {0, 20} <unfinished ...>
17035 close(7)                          = 0
17035 lstat("/home/hmeng/go/src/github.com/opencontainers/runc/tests/integration/debug.bats", {st_mode=S_IFREG|0664, st_size=1502, ...}) = 0
17035 lstat("/home/hmeng/go/src/github.com/opencontainers/runc/tests/integration/debug.bats", {st_mode=S_IFREG|0664, st_size=1502, ...}) = 0
17035 lgetxattr("/home/hmeng/go/src/github.com/opencontainers/runc/tests/integration/debug.bats", "security.capability" <unfinished ...>
17032 <... select resumed> )            = 0 (Timeout)
17035 <... lgetxattr resumed> , 0xc820510900, 128) = -1 ENODATA (No data available)
17032 clock_gettime(CLOCK_MONOTONIC,  <unfinished ...>
17035 openat(AT_FDCWD, "/home/hmeng/go/src/github.com/opencontainers/runc/tests/integration/debug.bats", O_RDONLY|O_CLOEXEC <unfinished ...>
17032 <... clock_gettime resumed> {4903, 829783087}) = 0
17035 <... openat resumed> )            = 7
17032 clock_gettime(CLOCK_REALTIME,  <unfinished ...>
17035 read(7,  <unfinished ...>
17032 <... clock_gettime resumed> {1465918769, 613803903}) = 0
17035 <... read resumed> "#!/usr/bin/env bats\n\nload helper"..., 32768) = 1502
17032 select(0, NULL, NULL, NULL, {0, 20} <unfinished ...>
17035 read(7, "", 31266)                = 0
17035 close(7)                          = 0
17035 lstat("/home/hmeng/go/src/github.com/opencontainers/runc/tests/integration/delete.bats",  <unfinished ...>
17032 <... select resumed> )            = 0 (Timeout)
17035 <... lstat resumed> {st_mode=S_IFREG|0664, st_size=600, ...}) = 0
17032 clock_gettime(CLOCK_MONOTONIC,  <unfinished ...>
17035 lstat("/home/hmeng/go/src/github.com/opencontainers/runc/tests/integration/delete.bats",  <unfinished ...>
17032 <... clock_gettime resumed> {4903, 829917244}) = 0
17035 <... lstat resumed> {st_mode=S_IFREG|0664, st_size=600, ...}) = 0
17032 clock_gettime(CLOCK_REALTIME,  <unfinished ...>
17035 lgetxattr("/home/hmeng/go/src/github.com/opencontainers/runc/tests/integration/delete.bats", "security.capability" <unfinished ...>
17032 <... clock_gettime resumed> {1465918769, 613935927}) = 0
17035 <... lgetxattr resumed> , 0xc820510980, 128) = -1 ENODATA (No data available)
17032 select(0, NULL, NULL, NULL, {0, 20} <unfinished ...>
17035 openat(AT_FDCWD, "/home/hmeng/go/src/github.com/opencontainers/runc/tests/integration/delete.bats", O_RDONLY|O_CLOEXEC) = 7
17035 read(7,  <unfinished ...>
17032 <... select resumed> )            = 0 (Timeout)
17035 <... read resumed> "#!/usr/bin/env bats\n\nload helper"..., 32768) = 600
17032 clock_gettime(CLOCK_MONOTONIC,  <unfinished ...>
17035 read(7,  <unfinished ...>
17032 <... clock_gettime resumed> {4903, 830047691}) = 0
17035 <... read resumed> "", 32168)     = 0
17032 clock_gettime(CLOCK_REALTIME,  <unfinished ...>
17035 close(7 <unfinished ...>
17032 <... clock_gettime resumed> {1465918769, 614068127}) = 0
17035 <... close resumed> )             = 0
17032 select(0, NULL, NULL, NULL, {0, 20} <unfinished ...>
17035 lstat("/home/hmeng/go/src/github.com/opencontainers/runc/tests/integration/events.bats", {st_mode=S_IFREG|0664, st_size=3139, ...}) = 0
17035 lstat("/home/hmeng/go/src/github.com/opencontainers/runc/tests/integration/events.bats",  <unfinished ...>
17032 <... select resumed> )            = 0 (Timeout)
17035 <... lstat resumed> {st_mode=S_IFREG|0664, st_size=3139, ...}) = 0
17032 clock_gettime(CLOCK_MONOTONIC,  <unfinished ...>
17035 lgetxattr("/home/hmeng/go/src/github.com/opencontainers/runc/tests/integration/events.bats", "security.capability" <unfinished ...>
17032 <... clock_gettime resumed> {4903, 831915771}) = 0
17035 <... lgetxattr resumed> , 0xc820510a00, 128) = -1 ENODATA (No data available)
17032 clock_gettime(CLOCK_REALTIME,  <unfinished ...>
17035 openat(AT_FDCWD, "/home/hmeng/go/src/github.com/opencontainers/runc/tests/integration/events.bats", O_RDONLY|O_CLOEXEC <unfinished ...>
17032 <... clock_gettime resumed> {1465918769, 615956375}) = 0
17035 <... openat resumed> )            = 7
17032 select(0, NULL, NULL, NULL, {0, 20} <unfinished ...>
17035 read(7, "#!/usr/bin/env bats\n\nload helper"..., 32768) = 3139
17035 read(7, "", 29629)                = 0
17035 close(7)                          = 0
17035 lstat("/home/hmeng/go/src/github.com/opencontainers/runc/tests/integration/exec.bats", {st_mode=S_IFREG|0664, st_size=910, ...}) = 0
17035 lstat("/home/hmeng/go/src/github.com/opencontainers/runc/tests/integration/exec.bats",  <unfinished ...>
17032 <... select resumed> )            = 0 (Timeout)
17035 <... lstat resumed> {st_mode=S_IFREG|0664, st_size=910, ...}) = 0
17032 clock_gettime(CLOCK_MONOTONIC,  <unfinished ...>
17035 lgetxattr("/home/hmeng/go/src/github.com/opencontainers/runc/tests/integration/exec.bats", "security.capability" <unfinished ...>
17032 <... clock_gettime resumed> {4903, 832144257}) = 0
17035 <... lgetxattr resumed> , 0xc820510a80, 128) = -1 ENODATA (No data available)
17032 clock_gettime(CLOCK_REALTIME,  <unfinished ...>
17035 openat(AT_FDCWD, "/home/hmeng/go/src/github.com/opencontainers/runc/tests/integration/exec.bats", O_RDONLY|O_CLOEXEC <unfinished ...>
17032 <... clock_gettime resumed> {1465918769, 616172323}) = 0
17035 <... openat resumed> )            = 7
17032 select(0, NULL, NULL, NULL, {0, 20} <unfinished ...>
17035 read(7, "#!/usr/bin/env bats\n\nload helper"..., 32768) = 910
17035 read(7, "", 31858)                = 0
17035 close(7)                          = 0
17035 lstat("/home/hmeng/go/src/github.com/opencontainers/runc/tests/integration/help.bats", {st_mode=S_IFREG|0664, st_size=1670, ...}) = 0
17035 lstat("/home/hmeng/go/src/github.com/opencontainers/runc/tests/integration/help.bats", {st_mode=S_IFREG|0664, st_size=1670, ...}) = 0
17032 <... select resumed> )            = 0 (Timeout)
17035 lgetxattr("/home/hmeng/go/src/github.com/opencontainers/runc/tests/integration/help.bats", "security.capability" <unfinished ...>
17032 clock_gettime(CLOCK_MONOTONIC,  <unfinished ...>
17035 <... lgetxattr resumed> , 0xc820510b00, 128) = -1 ENODATA (No data available)
17032 <... clock_gettime resumed> {4903, 832326454}) = 0
17035 openat(AT_FDCWD, "/home/hmeng/go/src/github.com/opencontainers/runc/tests/integration/help.bats", O_RDONLY|O_CLOEXEC <unfinished ...>
17032 clock_gettime(CLOCK_REALTIME,  <unfinished ...>
17035 <... openat resumed> )            = 7
17032 <... clock_gettime resumed> {1465918769, 616352192}) = 0
17035 read(7,  <unfinished ...>
17032 select(0, NULL, NULL, NULL, {0, 20} <unfinished ...>
17035 <... read resumed> "#!/usr/bin/env bats\n\nload helper"..., 32768) = 1670
17035 read(7, "", 31098)                = 0
17035 close(7)                          = 0
17035 lstat("/home/hmeng/go/src/github.com/opencontainers/runc/tests/integration/helpers.bash", {st_mode=S_IFREG|0664, st_size=4089, ...}) = 0
17035 lstat("/home/hmeng/go/src/github.com/opencontainers/runc/tests/integration/helpers.bash", {st_mode=S_IFREG|0664, st_size=4089, ...}) = 0
17032 <... select resumed> )            = 0 (Timeout)
17035 lgetxattr("/home/hmeng/go/src/github.com/opencontainers/runc/tests/integration/helpers.bash", "security.capability" <unfinished ...>
17032 clock_gettime(CLOCK_MONOTONIC,  <unfinished ...>
17035 <... lgetxattr resumed> , 0xc820510b80, 128) = -1 ENODATA (No data available)
17032 <... clock_gettime resumed> {4903, 832502338}) = 0
17035 openat(AT_FDCWD, "/home/hmeng/go/src/github.com/opencontainers/runc/tests/integration/helpers.bash", O_RDONLY|O_CLOEXEC <unfinished ...>
17032 clock_gettime(CLOCK_REALTIME,  <unfinished ...>
17035 <... openat resumed> )            = 7
17032 <... clock_gettime resumed> {1465918769, 616527905}) = 0
17035 read(7,  <unfinished ...>
17032 select(0, NULL, NULL, NULL, {0, 20} <unfinished ...>
17035 <... read resumed> "#!/bin/bash\n\n# Root directory of"..., 32768) = 4089
17035 read(7, "", 28679)                = 0
17035 close(7)                          = 0
17035 futex(0xc82002ea10, FUTEX_WAKE, 1) = 1
17035 write(6, "8000\r\nttr(\"/home/hmeng/go/src/gi"..., 4096 <unfinished ...>
17032 <... select resumed> )            = 0 (Timeout)
17035 <... write resumed> )             = 4096
17032 clock_gettime(CLOCK_MONOTONIC,  <unfinished ...>
17035 write(6, "me(CLOCK_REALTIME,  <unfinished "..., 28678 <unfinished ...>
17032 <... clock_gettime resumed> {4903, 832679182}) = 0
17035 <... write resumed> )             = -1 EAGAIN (Resource temporarily unavailable)
17032 clock_gettime(CLOCK_REALTIME,  <unfinished ...>
17035 lstat("/home/hmeng/go/src/github.com/opencontainers/runc/tests/integration/kill.bats",  <unfinished ...>
17032 <... clock_gettime resumed> {1465918769, 616700212}) = 0
17035 <... lstat resumed> {st_mode=S_IFREG|0664, st_size=534, ...}) = 0
17032 select(0, NULL, NULL, NULL, {0, 20} <unfinished ...>
17035 lstat("/home/hmeng/go/src/github.com/opencontainers/runc/tests/integration/kill.bats", {st_mode=S_IFREG|0664, st_size=534, ...}) = 0
17035 lgetxattr("/home/hmeng/go/src/github.com/opencontainers/runc/tests/integration/kill.bats", "security.capability", 0xc820510c00, 128) = -1 ENODATA (No data available)
17035 openat(AT_FDCWD, "/home/hmeng/go/src/github.com/opencontainers/runc/tests/integration/kill.bats", O_RDONLY|O_CLOEXEC) = 7
17035 read(7, "#!/usr/bin/env bats\n\nload helper"..., 32768) = 534
17032 <... select resumed> )            = 0 (Timeout)
17035 read(7,  <unfinished ...>
17032 clock_gettime(CLOCK_MONOTONIC,  <unfinished ...>
17035 <... read resumed> "", 32234)     = 0
17032 <... clock_gettime resumed> {4903, 832843980}) = 0
17035 close(7 <unfinished ...>
17032 clock_gettime(CLOCK_REALTIME,  <unfinished ...>
17035 <... close resumed> )             = 0
17032 <... clock_gettime resumed> {1465918769, 616867851}) = 0
17035 lstat("/home/hmeng/go/src/github.com/opencontainers/runc/tests/integration/list.bats",  <unfinished ...>
17032 select(0, NULL, NULL, NULL, {0, 20} <unfinished ...>
17035 <... lstat resumed> {st_mode=S_IFREG|0664, st_size=2301, ...}) = 0
17035 lstat("/home/hmeng/go/src/github.com/opencontainers/runc/tests/integration/list.bats", {st_mode=S_IFREG|0664, st_size=2301, ...}) = 0
17035 lgetxattr("/home/hmeng/go/src/github.com/opencontainers/runc/tests/integration/list.bats", "security.capability", 0xc820510c80, 128) = -1 ENODATA (No data available)
17035 openat(AT_FDCWD, "/home/hmeng/go/src/github.com/opencontainers/runc/tests/integration/list.bats", O_RDONLY|O_CLOEXEC) = 7
17035 read(7,  <unfinished ...>
17032 <... select resumed> )            = 0 (Timeout)
17035 <... read resumed> "#!/usr/bin/env bats\n\nload helper"..., 32768) = 2301
17032 clock_gettime(CLOCK_MONOTONIC,  <unfinished ...>
17035 read(7,  <unfinished ...>
17032 <... clock_gettime resumed> {4903, 833028518}) = 0
17035 <... read resumed> "", 30467)     = 0
17032 clock_gettime(CLOCK_REALTIME,  <unfinished ...>
17035 close(7 <unfinished ...>
17032 <... clock_gettime resumed> {1465918769, 617047884}) = 0
17035 <... close resumed> )             = 0
17032 select(0, NULL, NULL, NULL, {0, 20} <unfinished ...>
17035 lstat("/home/hmeng/go/src/github.com/opencontainers/runc/tests/integration/pause.bats", {st_mode=S_IFREG|0664, st_size=600, ...}) = 0
17035 lstat("/home/hmeng/go/src/github.com/opencontainers/runc/tests/integration/pause.bats", {st_mode=S_IFREG|0664, st_size=600, ...}) = 0
17035 lgetxattr("/home/hmeng/go/src/github.com/opencontainers/runc/tests/integration/pause.bats", "security.capability", 0xc820510d00, 128) = -1 ENODATA (No data available)
17035 openat(AT_FDCWD, "/home/hmeng/go/src/github.com/opencontainers/runc/tests/integration/pause.bats", O_RDONLY|O_CLOEXEC) = 7
17032 <... select resumed> )            = 0 (Timeout)
17035 read(7,  <unfinished ...>
17032 clock_gettime(CLOCK_MONOTONIC,  <unfinished ...>
17035 <... read resumed> "#!/usr/bin/env bats\n\nload helper"..., 32768) = 600
17032 <... clock_gettime resumed> {4903, 833191417}) = 0
17035 read(7,  <unfinished ...>
17032 clock_gettime(CLOCK_REALTIME,  <unfinished ...>
17035 <... read resumed> "", 32168)     = 0
17032 <... clock_gettime resumed> {1465918769, 617205422}) = 0
17035 close(7 <unfinished ...>
17032 select(0, NULL, NULL, NULL, {0, 20} <unfinished ...>
17035 <... close resumed> )             = 0
17035 lstat("/home/hmeng/go/src/github.com/opencontainers/runc/tests/integration/root.bats", {st_mode=S_IFREG|0664, st_size=1412, ...}) = 0
17035 lstat("/home/hmeng/go/src/github.com/opencontainers/runc/tests/integration/root.bats", {st_mode=S_IFREG|0664, st_size=1412, ...}) = 0
17035 lgetxattr("/home/hmeng/go/src/github.com/opencontainers/runc/tests/integration/root.bats", "security.capability", 0xc820510d80, 128) = -1 ENODATA (No data available)
17035 openat(AT_FDCWD, "/home/hmeng/go/src/github.com/opencontainers/runc/tests/integration/root.bats", O_RDONLY|O_CLOEXEC <unfinished ...>
17032 <... select resumed> )            = 0 (Timeout)
17035 <... openat resumed> )            = 7
17032 clock_gettime(CLOCK_MONOTONIC,  <unfinished ...>
17035 read(7,  <unfinished ...>
17032 <... clock_gettime resumed> {4903, 833345020}) = 0
17035 <... read resumed> "#!/usr/bin/env bats\n\nload helper"..., 32768) = 1412
17032 clock_gettime(CLOCK_REALTIME,  <unfinished ...>
17035 read(7,  <unfinished ...>
17032 <... clock_gettime resumed> {1465918769, 617359883}) = 0
17035 <... read resumed> "", 31356)     = 0
17032 select(0, NULL, NULL, NULL, {0, 20} <unfinished ...>
17035 close(7)                          = 0
17035 lstat("/home/hmeng/go/src/github.com/opencontainers/runc/tests/integration/spec.bats", {st_mode=S_IFREG|0664, st_size=2611, ...}) = 0
17035 lstat("/home/hmeng/go/src/github.com/opencontainers/runc/tests/integration/spec.bats", {st_mode=S_IFREG|0664, st_size=2611, ...}) = 0
17035 lgetxattr("/home/hmeng/go/src/github.com/opencontainers/runc/tests/integration/spec.bats", "security.capability", 0xc820510e00, 128) = -1 ENODATA (No data available)
17035 openat(AT_FDCWD, "/home/hmeng/go/src/github.com/opencontainers/runc/tests/integration/spec.bats", O_RDONLY|O_CLOEXEC <unfinished ...>
17032 <... select resumed> )            = 0 (Timeout)
17035 <... openat resumed> )            = 7
17032 clock_gettime(CLOCK_MONOTONIC,  <unfinished ...>
17035 read(7,  <unfinished ...>
17032 <... clock_gettime resumed> {4903, 833504728}) = 0
17035 <... read resumed> "#!/usr/bin/env bats\n\nload helper"..., 32768) = 2611
17032 clock_gettime(CLOCK_REALTIME,  <unfinished ...>
17035 read(7,  <unfinished ...>
17032 <... clock_gettime resumed> {1465918769, 617520067}) = 0
17035 <... read resumed> "", 30157)     = 0
17032 select(0, NULL, NULL, NULL, {0, 20} <unfinished ...>
17035 close(7)                          = 0
17035 lstat("/home/hmeng/go/src/github.com/opencontainers/runc/tests/integration/start_detached.bats", {st_mode=S_IFREG|0664, st_size=732, ...}) = 0
17035 lstat("/home/hmeng/go/src/github.com/opencontainers/runc/tests/integration/start_detached.bats", {st_mode=S_IFREG|0664, st_size=732, ...}) = 0
17035 lgetxattr("/home/hmeng/go/src/github.com/opencontainers/runc/tests/integration/start_detached.bats", "security.capability", 0xc820510e80, 128) = -1 ENODATA (No data available)
17032 <... select resumed> )            = 0 (Timeout)
17035 openat(AT_FDCWD, "/home/hmeng/go/src/github.com/opencontainers/runc/tests/integration/start_detached.bats", O_RDONLY|O_CLOEXEC <unfinished ...>
17032 clock_gettime(CLOCK_MONOTONIC,  <unfinished ...>
17035 <... openat resumed> )            = 7
17032 <... clock_gettime resumed> {4903, 833663823}) = 0
17035 read(7,  <unfinished ...>
17032 clock_gettime(CLOCK_REALTIME,  <unfinished ...>
17035 <... read resumed> "#!/usr/bin/env bats\n\nload helper"..., 32768) = 732
17032 <... clock_gettime resumed> {1465918769, 617679792}) = 0
17035 read(7,  <unfinished ...>
17032 select(0, NULL, NULL, NULL, {0, 20} <unfinished ...>
17035 <... read resumed> "", 32036)     = 0
17035 close(7)                          = 0
17035 lstat("/home/hmeng/go/src/github.com/opencontainers/runc/tests/integration/start_hello.bats", {st_mode=S_IFREG|0664, st_size=780, ...}) = 0
17035 lstat("/home/hmeng/go/src/github.com/opencontainers/runc/tests/integration/start_hello.bats", {st_mode=S_IFREG|0664, st_size=780, ...}) = 0
17035 lgetxattr("/home/hmeng/go/src/github.com/opencontainers/runc/tests/integration/start_hello.bats", "security.capability", 0xc820510f00, 128) = -1 ENODATA (No data available)
17035 openat(AT_FDCWD, "/home/hmeng/go/src/github.com/opencontainers/runc/tests/integration/start_hello.bats", O_RDONLY|O_CLOEXEC <unfinished ...>
17032 <... select resumed> )            = 0 (Timeout)
17035 <... openat resumed> )            = 7
17032 clock_gettime(CLOCK_MONOTONIC,  <unfinished ...>
17035 read(7,  <unfinished ...>
17032 <... clock_gettime resumed> {4903, 833830965}) = 0
17035 <... read resumed> "#!/usr/bin/env bats\n\nload helper"..., 32768) = 780
17032 clock_gettime(CLOCK_REALTIME,  <unfinished ...>
17035 read(7,  <unfinished ...>
17032 <... clock_gettime resumed> {1465918769, 617851381}) = 0
17035 <... read resumed> "", 31988)     = 0
17032 select(0, NULL, NULL, NULL, {0, 20} <unfinished ...>
17035 close(7)                          = 0
17035 lstat("/home/hmeng/go/src/github.com/opencontainers/runc/tests/integration/state.bats", {st_mode=S_IFREG|0664, st_size=935, ...}) = 0
17035 lstat("/home/hmeng/go/src/github.com/opencontainers/runc/tests/integration/state.bats", {st_mode=S_IFREG|0664, st_size=935, ...}) = 0
17035 lgetxattr("/home/hmeng/go/src/github.com/opencontainers/runc/tests/integration/state.bats", "security.capability", 0xc820510f80, 128) = -1 ENODATA (No data available)
17035 openat(AT_FDCWD, "/home/hmeng/go/src/github.com/opencontainers/runc/tests/integration/state.bats", O_RDONLY|O_CLOEXEC <unfinished ...>
17032 <... select resumed> )            = 0 (Timeout)
17035 <... openat resumed> )            = 7
17032 clock_gettime(CLOCK_MONOTONIC,  <unfinished ...>
17035 read(7,  <unfinished ...>
17032 <... clock_gettime resumed> {4903, 833997643}) = 0
17035 <... read resumed> "#!/usr/bin/env bats\n\nload helper"..., 32768) = 935
17032 clock_gettime(CLOCK_REALTIME,  <unfinished ...>
17035 read(7,  <unfinished ...>
17032 <... clock_gettime resumed> {1465918769, 618027272}) = 0
17035 <... read resumed> "", 31833)     = 0
17032 select(0, NULL, NULL, NULL, {0, 20} <unfinished ...>
17035 close(7)                          = 0
17035 lstat("/home/hmeng/go/src/github.com/opencontainers/runc/tests/integration/testdata", {st_mode=S_IFDIR|0775, st_size=28, ...}) = 0
17035 lstat("/home/hmeng/go/src/github.com/opencontainers/runc/tests/integration/testdata", {st_mode=S_IFDIR|0775, st_size=28, ...}) = 0
17035 lgetxattr("/home/hmeng/go/src/github.com/opencontainers/runc/tests/integration/testdata", "security.capability", 0xc820511080, 128) = -1 ENODATA (No data available)
17032 <... select resumed> )            = 0 (Timeout)
17035 openat(AT_FDCWD, "/home/hmeng/go/src/github.com/opencontainers/runc/tests/integration/testdata", O_RDONLY|O_CLOEXEC <unfinished ...>
17032 clock_gettime(CLOCK_MONOTONIC,  <unfinished ...>
17035 <... openat resumed> )            = 7
17032 <... clock_gettime resumed> {4903, 834190751}) = 0
17035 getdents64(7,  <unfinished ...>
17032 clock_gettime(CLOCK_REALTIME,  <unfinished ...>
17035 <... getdents64 resumed> /* 3 entries */, 4096) = 88
17032 <... clock_gettime resumed> {1465918769, 618217398}) = 0
17035 getdents64(7,  <unfinished ...>
17032 select(0, NULL, NULL, NULL, {0, 20} <unfinished ...>
17035 <... getdents64 resumed> /* 0 entries */, 4096) = 0
17035 close(7)                          = 0
17036 <... epoll_wait resumed> {{EPOLLOUT, {u32=2134024192, u64=140606478393344}}}, 128, -1) = 1
17035 lstat("/home/hmeng/go/src/github.com/opencontainers/runc/tests/integration/testdata/hello-world.tar",  <unfinished ...>
17033 <... futex resumed> )             = 0
17032 <... select resumed> )            = 0 (Timeout)
17036 clock_gettime(CLOCK_MONOTONIC,  <unfinished ...>
17035 <... lstat resumed> {st_mode=S_IFREG|0664, st_size=9216, ...}) = 0
17032 clock_gettime(CLOCK_MONOTONIC,  <unfinished ...>
17036 <... clock_gettime resumed> {4903, 836223453}) = 0
17035 lstat("/home/hmeng/go/src/github.com/opencontainers/runc/tests/integration/testdata/hello-world.tar",  <unfinished ...>
17032 <... clock_gettime resumed> {4903, 836250471}) = 0
17036 futex(0xc8200f6a10, FUTEX_WAIT, 0, NULL <unfinished ...>
17035 <... lstat resumed> {st_mode=S_IFREG|0664, st_size=9216, ...}) = 0
17032 clock_gettime(CLOCK_REALTIME,  <unfinished ...>
17035 lgetxattr("/home/hmeng/go/src/github.com/opencontainers/runc/tests/integration/testdata/hello-world.tar", "security.capability" <unfinished ...>
17032 <... clock_gettime resumed> {1465918769, 620288996}) = 0
17035 <... lgetxattr resumed> , 0xc820511100, 128) = -1 ENODATA (No data available)
17032 select(0, NULL, NULL, NULL, {0, 20} <unfinished ...>
17035 openat(AT_FDCWD, "/home/hmeng/go/src/github.com/opencontainers/runc/tests/integration/testdata/hello-world.tar", O_RDONLY|O_CLOEXEC) = 7
17035 read(7, ".dockerenv\0\0\0\0\0\0\0\0\0\0\0\0\0\0\0\0\0\0\0\0\0\0"..., 32768) = 9216
17035 read(7, "", 23552)                = 0
17035 close(7)                          = 0
17035 lstat("/home/hmeng/go/src/github.com/opencontainers/runc/tests/integration/update.bats",  <unfinished ...>
17032 <... select resumed> )            = 0 (Timeout)
17035 <... lstat resumed> {st_mode=S_IFREG|0664, st_size=7072, ...}) = 0
17032 clock_gettime(CLOCK_MONOTONIC,  <unfinished ...>
17035 lstat("/home/hmeng/go/src/github.com/opencontainers/runc/tests/integration/update.bats",  <unfinished ...>
17032 <... clock_gettime resumed> {4903, 836486401}) = 0
17035 <... lstat resumed> {st_mode=S_IFREG|0664, st_size=7072, ...}) = 0
17032 clock_gettime(CLOCK_REALTIME,  <unfinished ...>
17035 lgetxattr("/home/hmeng/go/src/github.com/opencontainers/runc/tests/integration/update.bats", "security.capability" <unfinished ...>
17032 <... clock_gettime resumed> {1465918769, 620506491}) = 0
17035 <... lgetxattr resumed> , 0xc820511180, 128) = -1 ENODATA (No data available)
17032 select(0, NULL, NULL, NULL, {0, 20} <unfinished ...>
17035 openat(AT_FDCWD, "/home/hmeng/go/src/github.com/opencontainers/runc/tests/integration/update.bats", O_RDONLY|O_CLOEXEC) = 7
17035 read(7, "#!/usr/bin/env bats\n\nload helper"..., 32768) = 7072
17035 read(7, "", 25696)                = 0
17035 close(7)                          = 0
17035 write(6, "me(CLOCK_REALTIME,  <unfinished "..., 28678) = 28678
17032 <... select resumed> )            = 0 (Timeout)
17035 write(6, "\r\n", 2 <unfinished ...>
17032 clock_gettime(CLOCK_MONOTONIC,  <unfinished ...>
17035 <... write resumed> )             = 2
17032 <... clock_gettime resumed> {4903, 836672326}) = 0
17035 write(6, "8000\r\n#!/bin/bash\n\n# Root direct"..., 4096 <unfinished ...>
17032 clock_gettime(CLOCK_REALTIME,  <unfinished ...>
17035 <... write resumed> )             = 4096
17032 <... clock_gettime resumed> {1465918769, 620702447}) = 0
17035 write(6, "\0\0\0\0\0\0tests/integration/kill.bat"..., 28678 <unfinished ...>
17032 select(0, NULL, NULL, NULL, {0, 20} <unfinished ...>
17035 <... write resumed> )             = 28678
17035 write(6, "\r\n", 2)               = 2
17035 lstat("/home/hmeng/go/src/github.com/opencontainers/runc/tests/integration/version.bats",  <unfinished ...>
17033 epoll_wait(5,  <unfinished ...>
17035 <... lstat resumed> {st_mode=S_IFREG|0664, st_size=238, ...}) = 0
17035 lstat("/home/hmeng/go/src/github.com/opencontainers/runc/tests/integration/version.bats", {st_mode=S_IFREG|0664, st_size=238, ...}) = 0
17035 lgetxattr("/home/hmeng/go/src/github.com/opencontainers/runc/tests/integration/version.bats", "security.capability" <unfinished ...>
17032 <... select resumed> )            = 0 (Timeout)
17035 <... lgetxattr resumed> , 0xc820511200, 128) = -1 ENODATA (No data available)
17033 <... epoll_wait resumed> {}, 128, 0) = 0
17032 clock_gettime(CLOCK_MONOTONIC,  <unfinished ...>
17035 openat(AT_FDCWD, "/home/hmeng/go/src/github.com/opencontainers/runc/tests/integration/version.bats", O_RDONLY|O_CLOEXEC <unfinished ...>
17032 <... clock_gettime resumed> {4903, 836957181}) = 0
17035 <... openat resumed> )            = 7
17032 clock_gettime(CLOCK_REALTIME,  <unfinished ...>
17035 read(7,  <unfinished ...>
17032 <... clock_gettime resumed> {1465918769, 620982138}) = 0
17035 <... read resumed> "#!/usr/bin/env bats\n\nload helper"..., 32768) = 238
17032 select(0, NULL, NULL, NULL, {0, 20} <unfinished ...>
17035 read(7, "", 32530)                = 0
17035 close(7)                          = 0
17035 lstat("/home/hmeng/go/src/github.com/opencontainers/runc/tty.go", {st_mode=S_IFREG|0664, st_size=2678, ...}) = 0
17035 lstat("/home/hmeng/go/src/github.com/opencontainers/runc/tty.go", {st_mode=S_IFREG|0664, st_size=2678, ...}) = 0
17035 lgetxattr("/home/hmeng/go/src/github.com/opencontainers/runc/tty.go", "security.capability" <unfinished ...>
17032 <... select resumed> )            = 0 (Timeout)
17035 <... lgetxattr resumed> , 0xc820511280, 128) = -1 ENODATA (No data available)
17032 clock_gettime(CLOCK_MONOTONIC,  <unfinished ...>
17035 openat(AT_FDCWD, "/home/hmeng/go/src/github.com/opencontainers/runc/tty.go", O_RDONLY|O_CLOEXEC <unfinished ...>
17032 <... clock_gettime resumed> {4903, 837163245}) = 0
17035 <... openat resumed> )            = 7
17032 clock_gettime(CLOCK_REALTIME,  <unfinished ...>
17035 read(7,  <unfinished ...>
17032 <... clock_gettime resumed> {1465918769, 621185695}) = 0
17035 <... read resumed> "// +build linux\n\npackage main\n\ni"..., 32768) = 2678
17032 select(0, NULL, NULL, NULL, {0, 20} <unfinished ...>
17035 read(7, "", 30090)                = 0
17035 close(7)                          = 0
17035 lstat("/home/hmeng/go/src/github.com/opencontainers/runc/update.go", {st_mode=S_IFREG|0664, st_size=4963, ...}) = 0
17035 lstat("/home/hmeng/go/src/github.com/opencontainers/runc/update.go", {st_mode=S_IFREG|0664, st_size=4963, ...}) = 0
17035 lgetxattr("/home/hmeng/go/src/github.com/opencontainers/runc/update.go", "security.capability" <unfinished ...>
17032 <... select resumed> )            = 0 (Timeout)
17035 <... lgetxattr resumed> , 0xc820511300, 128) = -1 ENODATA (No data available)
17032 clock_gettime(CLOCK_MONOTONIC,  <unfinished ...>
17035 openat(AT_FDCWD, "/home/hmeng/go/src/github.com/opencontainers/runc/update.go", O_RDONLY|O_CLOEXEC <unfinished ...>
17032 <... clock_gettime resumed> {4903, 837339523}) = 0
17035 <... openat resumed> )            = 7
17032 clock_gettime(CLOCK_REALTIME,  <unfinished ...>
17035 read(7,  <unfinished ...>
17032 <... clock_gettime resumed> {1465918769, 621358898}) = 0
17035 <... read resumed> "// +build linux\n\npackage main\n\ni"..., 32768) = 4963
17032 select(0, NULL, NULL, NULL, {0, 20} <unfinished ...>
17035 read(7, "", 27805)                = 0
17035 close(7)                          = 0
17035 lstat("/home/hmeng/go/src/github.com/opencontainers/runc/utils.go", {st_mode=S_IFREG|0664, st_size=960, ...}) = 0
17035 lstat("/home/hmeng/go/src/github.com/opencontainers/runc/utils.go", {st_mode=S_IFREG|0664, st_size=960, ...}) = 0
17035 lgetxattr("/home/hmeng/go/src/github.com/opencontainers/runc/utils.go", "security.capability" <unfinished ...>
17032 <... select resumed> )            = 0 (Timeout)
17035 <... lgetxattr resumed> , 0xc820511400, 128) = -1 ENODATA (No data available)
17032 clock_gettime(CLOCK_MONOTONIC,  <unfinished ...>
17035 openat(AT_FDCWD, "/home/hmeng/go/src/github.com/opencontainers/runc/utils.go", O_RDONLY|O_CLOEXEC <unfinished ...>
17032 <... clock_gettime resumed> {4903, 837525641}) = 0
17035 <... openat resumed> )            = 7
17032 clock_gettime(CLOCK_REALTIME,  <unfinished ...>
17035 read(7,  <unfinished ...>
17032 <... clock_gettime resumed> {1465918769, 621545718}) = 0
17035 <... read resumed> "package main\n\nimport (\n\t\"fmt\"\n\t\""..., 32768) = 960
17032 select(0, NULL, NULL, NULL, {0, 20} <unfinished ...>
17035 read(7, "", 31808)                = 0
17035 close(7)                          = 0
17035 lstat("/home/hmeng/go/src/github.com/opencontainers/runc/utils_linux.go", {st_mode=S_IFREG|0664, st_size=8487, ...}) = 0
17035 lstat("/home/hmeng/go/src/github.com/opencontainers/runc/utils_linux.go", {st_mode=S_IFREG|0664, st_size=8487, ...}) = 0
17035 lgetxattr("/home/hmeng/go/src/github.com/opencontainers/runc/utils_linux.go", "security.capability" <unfinished ...>
17032 <... select resumed> )            = 0 (Timeout)
17035 <... lgetxattr resumed> , 0xc820511480, 128) = -1 ENODATA (No data available)
17032 clock_gettime(CLOCK_MONOTONIC,  <unfinished ...>
17035 openat(AT_FDCWD, "/home/hmeng/go/src/github.com/opencontainers/runc/utils_linux.go", O_RDONLY|O_CLOEXEC <unfinished ...>
17032 <... clock_gettime resumed> {4903, 837697212}) = 0
17035 <... openat resumed> )            = 7
17032 clock_gettime(CLOCK_REALTIME,  <unfinished ...>
17035 read(7,  <unfinished ...>
17032 <... clock_gettime resumed> {1465918769, 621721590}) = 0
17035 <... read resumed> "// +build linux\n\npackage main\n\ni"..., 32768) = 8487
17032 select(0, NULL, NULL, NULL, {0, 20} <unfinished ...>
17035 read(7, "", 24281)                = 0
17035 close(7)                          = 0
17035 write(6, "6c00\r\nIO \"blkio.weight\" 1000\n   "..., 4096) = 4096
17035 write(6, "cgroup_value $CGROUP_CPU \"cpu.sh"..., 23558 <unfinished ...>
17032 <... select resumed> )            = 0 (Timeout)
17035 <... write resumed> )             = 23558
17032 clock_gettime(CLOCK_MONOTONIC,  <unfinished ...>
17035 write(6, "\r\n", 2 <unfinished ...>
17032 <... clock_gettime resumed> {4903, 837877618}) = 0
17035 <... write resumed> )             = 2
17032 clock_gettime(CLOCK_REALTIME,  <unfinished ...>
17035 ioctl(0, TIOCGWINSZ <unfinished ...>
17032 <... clock_gettime resumed> {1465918769, 621899972}) = 0
17035 <... ioctl resumed> , {ws_row=35, ws_col=112, ws_xpixel=0, ws_ypixel=0}) = 0
17032 select(0, NULL, NULL, NULL, {0, 20} <unfinished ...>
17035 ioctl(0, TIOCGWINSZ, {ws_row=35, ws_col=112, ws_xpixel=0, ws_ypixel=0}) = 0
17035 write(1, "Sending build context to Docker "..., 48) = 48
17033 epoll_wait(5,  <unfinished ...>
17032 <... select resumed> )            = 0 (Timeout)
17035 write(1, "\r\n", 2 <unfinished ...>
17032 clock_gettime(CLOCK_MONOTONIC,  <unfinished ...>
17035 <... write resumed> )             = 2
17033 <... epoll_wait resumed> {{EPOLLOUT, {u32=2134024192, u64=140606478393344}}}, 128, -1) = 1
17032 <... clock_gettime resumed> {4903, 840516844}) = 0
17035 write(6, "0\r\n\r\n", 5 <unfinished ...>
17032 clock_gettime(CLOCK_REALTIME,  <unfinished ...>
17035 <... write resumed> )             = 5
17032 <... clock_gettime resumed> {1465918769, 624653255}) = 0
17035 futex(0xc8200f6a10, FUTEX_WAKE, 1 <unfinished ...>
17032 select(0, NULL, NULL, NULL, {0, 20} <unfinished ...>
17036 <... futex resumed> )             = 0
17035 <... futex resumed> )             = 1
17036 select(0, NULL, NULL, NULL, {0, 100} <unfinished ...>
17035 futex(0xc8200f6590, FUTEX_WAIT, 0, NULL <unfinished ...>
17033 epoll_wait(5,  <unfinished ...>
17036 <... select resumed> )            = 0 (Timeout)
17032 <... select resumed> )            = 0 (Timeout)
17036 futex(0xc8200f6a10, FUTEX_WAIT, 0, NULL <unfinished ...>
17032 clock_gettime(CLOCK_MONOTONIC, {4903, 841598155}) = 0
17032 futex(0x21ee760, FUTEX_WAIT, 0, {60, 0} <unfinished ...>
17033 <... epoll_wait resumed> {{EPOLLOUT, {u32=2134024192, u64=140606478393344}}}, 128, -1) = 1
17033 epoll_wait(5, {{EPOLLIN|EPOLLOUT, {u32=2134024192, u64=140606478393344}}}, 128, -1) = 1
17033 clock_gettime(CLOCK_MONOTONIC, {4903, 844105606}) = 0
17033 futex(0xc8200f6a10, FUTEX_WAKE, 1) = 1
17033 futex(0x21ee760, FUTEX_WAKE, 1)   = 1
17036 <... futex resumed> )             = 0
17033 read(6,  <unfinished ...>
17032 <... futex resumed> )             = 0
17033 <... read resumed> "HTTP/1.1 200 OK\r\nContent-Type: a"..., 4096) = 1853
17036 epoll_wait(5,  <unfinished ...>
17033 write(1, "Step 1 : FROM golang:1.6.2\n", 27 <unfinished ...>
17032 clock_gettime(CLOCK_MONOTONIC,  <unfinished ...>
17033 <... write resumed> )             = 27
17033 write(1, " ---> a1a3e6fc438d\n", 19) = 19
17036 <... epoll_wait resumed> {}, 128, 0) = 0
17033 write(1, "Step 2 : RUN echo 'deb http://ht"..., 122 <unfinished ...>
17032 <... clock_gettime resumed> {4903, 844392571}) = 0
17036 select(0, NULL, NULL, NULL, {0, 100} <unfinished ...>
17033 <... write resumed> )             = 122
17033 write(1, " ---> Using cache\n", 18 <unfinished ...>
17032 clock_gettime(CLOCK_REALTIME,  <unfinished ...>
17033 <... write resumed> )             = 18
17033 write(1, " ---> 02727a0cdd28\n", 19 <unfinished ...>
17032 <... clock_gettime resumed> {1465918769, 628450138}) = 0
17033 <... write resumed> )             = 19
17033 write(1, "Step 3 : RUN apt-get update && a"..., 351 <unfinished ...>
17032 select(0, NULL, NULL, NULL, {0, 20} <unfinished ...>
17033 <... write resumed> )             = 351
17033 write(1, " ---> Using cache\n", 18) = 18
17033 write(1, " ---> 0fffe88fb3ce\n", 19) = 19
17036 <... select resumed> )            = 0 (Timeout)
17032 <... select resumed> )            = 0 (Timeout)
17033 write(1, "Step 4 : RUN cd /tmp     && git "..., 189 <unfinished ...>
17036 epoll_wait(5,  <unfinished ...>
17033 <... write resumed> )             = 189
17032 clock_gettime(CLOCK_MONOTONIC,  <unfinished ...>
17036 <... epoll_wait resumed> {{EPOLLIN|EPOLLOUT, {u32=2134024192, u64=140606478393344}}}, 128, 0) = 1
17033 write(1, " ---> Using cache\n", 18) = 18
17036 epoll_wait(5,  <unfinished ...>
17032 <... clock_gettime resumed> {4903, 844659120}) = 0
17033 write(1, " ---> 3abd24c7302d\n", 19) = 19
17032 clock_gettime(CLOCK_REALTIME,  <unfinished ...>
17033 write(1, "Step 5 : ENV CRIU_VERSION 1.7\n", 30) = 30
17032 <... clock_gettime resumed> {1465918769, 628715677}) = 0
17033 write(1, " ---> Using cache\n", 18) = 18
17032 select(0, NULL, NULL, NULL, {0, 20} <unfinished ...>
17033 write(1, " ---> 5511d34be611\n", 19) = 19
17033 write(1, "Step 6 : RUN mkdir -p /usr/src/c"..., 216) = 216
17033 write(1, " ---> Using cache\n", 18) = 18
17033 write(1, " ---> 9254714af8e3\n", 19 <unfinished ...>
17032 <... select resumed> )            = 0 (Timeout)
17033 <... write resumed> )             = 19
17033 write(1, "Step 7 : ENV ROOTFS /busybox\n", 29 <unfinished ...>
17032 clock_gettime(CLOCK_MONOTONIC,  <unfinished ...>
17033 <... write resumed> )             = 29
17033 read(6,  <unfinished ...>
17032 <... clock_gettime resumed> {4903, 844912856}) = 0
17033 <... read resumed> "27\r\n{\"stream\":\" ---\\u003e Using "..., 4096) = 279
17033 write(1, " ---> Using cache\n", 18) = 18
17032 clock_gettime(CLOCK_REALTIME,  <unfinished ...>
17033 write(1, " ---> 9f8f86f470c8\n", 19) = 19
17032 <... clock_gettime resumed> {1465918769, 628981491}) = 0
17033 write(1, "Step 8 : RUN mkdir -p ${ROOTFS} "..., 156) = 156
17032 select(0, NULL, NULL, NULL, {0, 20} <unfinished ...>
17033 read(6, 0xc8201fe000, 4096)       = -1 EAGAIN (Resource temporarily unavailable)
17033 futex(0xc82002ea10, FUTEX_WAIT, 0, NULL <unfinished ...>
17036 <... epoll_wait resumed> {{EPOLLIN|EPOLLOUT, {u32=2134024192, u64=140606478393344}}}, 128, -1) = 1
17036 clock_gettime(CLOCK_MONOTONIC,  <unfinished ...>
17032 <... select resumed> )            = 0 (Timeout)
17036 <... clock_gettime resumed> {4903, 847542308}) = 0
17032 clock_gettime(CLOCK_MONOTONIC,  <unfinished ...>
17036 futex(0xc82002ea10, FUTEX_WAKE, 1 <unfinished ...>
17032 <... clock_gettime resumed> {4903, 847666032}) = 0
17032 futex(0x21ee760, FUTEX_WAIT, 0, {60, 0} <unfinished ...>
17036 <... futex resumed> )             = 1
17033 <... futex resumed> )             = 0
17033 epoll_wait(5,  <unfinished ...>
17036 futex(0x21ee760, FUTEX_WAKE, 1 <unfinished ...>
17032 <... futex resumed> )             = -1 EAGAIN (Resource temporarily unavailable)
17033 <... epoll_wait resumed> {{EPOLLIN|EPOLLOUT, {u32=2134024192, u64=140606478393344}}}, 128, 0) = 1
17036 <... futex resumed> )             = 0
17033 sched_yield( <unfinished ...>
17032 sched_yield( <unfinished ...>
17036 read(6,  <unfinished ...>
17033 <... sched_yield resumed> )       = 0
17033 futex(0x21ee6a0, FUTEX_WAKE, 1 <unfinished ...>
17032 <... sched_yield resumed> )       = 0
17036 <... read resumed> "27\r\n{\"stream\":\" ---\\u003e Using "..., 4096) = 604
17033 <... futex resumed> )             = 0
17033 epoll_wait(5,  <unfinished ...>
17032 futex(0x21ee6a0, FUTEX_WAKE, 1 <unfinished ...>
17036 write(1, " ---> Using cache\n", 18 <unfinished ...>
17032 <... futex resumed> )             = 0
17036 <... write resumed> )             = 18
17032 clock_gettime(CLOCK_MONOTONIC, {4903, 847919039}) = 0
17036 write(1, " ---> 8235d0b9c43b\n", 19 <unfinished ...>
17032 clock_gettime(CLOCK_REALTIME,  <unfinished ...>
17036 <... write resumed> )             = 19
17032 <... clock_gettime resumed> {1465918769, 631943207}) = 0
17032 select(0, NULL, NULL, NULL, {0, 20} <unfinished ...>
17036 write(1, "Step 9 : COPY script/tmpmount /\n", 32) = 32
17036 write(1, " ---> Using cache\n", 18) = 18
17032 <... select resumed> )            = 0 (Timeout)
17036 write(1, " ---> fff45542da19\n", 19 <unfinished ...>
17032 clock_gettime(CLOCK_MONOTONIC,  <unfinished ...>
17036 <... write resumed> )             = 19
17032 <... clock_gettime resumed> {4903, 848124305}) = 0
17036 write(1, "Step 10 : WORKDIR /go/src/github"..., 57 <unfinished ...>
17032 clock_gettime(CLOCK_REALTIME,  <unfinished ...>
17036 <... write resumed> )             = 57
17032 <... clock_gettime resumed> {1465918769, 632162021}) = 0
17036 write(1, " ---> Using cache\n", 18 <unfinished ...>
17032 select(0, NULL, NULL, NULL, {0, 20} <unfinished ...>
17036 <... write resumed> )             = 18
17036 write(1, " ---> 1e133c42cb45\n", 19 <unfinished ...>
17032 <... select resumed> )            = 0 (Timeout)
17036 <... write resumed> )             = 19
17032 clock_gettime(CLOCK_MONOTONIC,  <unfinished ...>
17036 write(1, "Step 11 : ENTRYPOINT /tmpmount\n", 31 <unfinished ...>
17032 <... clock_gettime resumed> {4903, 848333974}) = 0
17032 clock_gettime(CLOCK_REALTIME,  <unfinished ...>
17036 <... write resumed> )             = 31
17032 <... clock_gettime resumed> {1465918769, 632362354}) = 0
17036 write(1, " ---> Using cache\n", 18 <unfinished ...>
17032 select(0, NULL, NULL, NULL, {0, 20} <unfinished ...>
17036 <... write resumed> )             = 18
17036 write(1, " ---> dacdd509cd8a\n", 19 <unfinished ...>
17032 <... select resumed> )            = 0 (Timeout)
17036 <... write resumed> )             = 19
17032 clock_gettime(CLOCK_MONOTONIC,  <unfinished ...>
17036 write(1, "Successfully built dacdd509cd8a\n", 32 <unfinished ...>
17032 <... clock_gettime resumed> {4903, 848536633}) = 0
17032 clock_gettime(CLOCK_REALTIME,  <unfinished ...>
17036 <... write resumed> )             = 32
17032 <... clock_gettime resumed> {1465918769, 632569804}) = 0
17036 read(6, 0xc8201fe000, 4096)       = -1 EAGAIN (Resource temporarily unavailable)
17032 select(0, NULL, NULL, NULL, {0, 20} <unfinished ...>
17036 futex(0xc8200f6a10, FUTEX_WAIT, 0, NULL <unfinished ...>
17032 <... select resumed> )            = 0 (Timeout)
17032 clock_gettime(CLOCK_MONOTONIC, {4903, 854634806}) = 0
17032 futex(0x21ee760, FUTEX_WAIT, 0, {60, 0} <unfinished ...>
17033 <... epoll_wait resumed> {{EPOLLIN|EPOLLOUT, {u32=2134024192, u64=140606478393344}}}, 128, -1) = 1
17033 clock_gettime(CLOCK_MONOTONIC, {4903, 868250164}) = 0
17033 futex(0xc8200f6a10, FUTEX_WAKE, 1) = 1
17033 futex(0x21ee760, FUTEX_WAKE, 1 <unfinished ...>
17036 <... futex resumed> )             = 0
17033 <... futex resumed> )             = 1
17032 <... futex resumed> )             = 0
17033 read(6,  <unfinished ...>
17036 epoll_wait(5,  <unfinished ...>
17032 clock_gettime(CLOCK_MONOTONIC,  <unfinished ...>
17036 <... epoll_wait resumed> {}, 128, 0) = 0
17033 <... read resumed> "0\r\n\r\n", 4096) = 5
17032 <... clock_gettime resumed> {4903, 868358231}) = 0
17036 epoll_wait(5,  <unfinished ...>
17032 clock_gettime(CLOCK_REALTIME,  <unfinished ...>
17033 futex(0xc8200f6590, FUTEX_WAKE, 1 <unfinished ...>
17032 <... clock_gettime resumed> {1465918769, 652396636}) = 0
17033 <... futex resumed> )             = 1
17035 <... futex resumed> )             = 0
17032 select(0, NULL, NULL, NULL, {0, 20} <unfinished ...>
17035 futex(0xc8200f6590, FUTEX_WAIT, 0, NULL <unfinished ...>
17033 futex(0xc8200f6590, FUTEX_WAKE, 1 <unfinished ...>
17035 <... futex resumed> )             = -1 EAGAIN (Resource temporarily unavailable)
17033 <... futex resumed> )             = 0
17035 select(0, NULL, NULL, NULL, {0, 100} <unfinished ...>
17033 read(6, 0xc8201fe000, 4096)       = -1 EAGAIN (Resource temporarily unavailable)
17033 exit_group(0)                     = ?
17037 +++ exited with 0 +++
17036 +++ exited with 0 +++
17035 +++ exited with 0 +++
17034 +++ exited with 0 +++
17033 +++ exited with 0 +++
17032 +++ exited with 0 +++
17031 +++ exited with 0 +++
17027 <... wait4 resumed> [{WIFEXITED(s) && WEXITSTATUS(s) == 0}], 0, NULL) = 17031
17027 --- SIGCHLD {si_signo=SIGCHLD, si_code=CLD_EXITED, si_pid=17031, si_status=0, si_utime=6, si_stime=9} ---
17027 rt_sigreturn()                    = 17031
17027 rt_sigprocmask(SIG_BLOCK, [HUP INT QUIT TERM XCPU XFSZ], NULL, 8) = 0
17027 rt_sigprocmask(SIG_SETMASK, [], NULL, 8) = 0
17027 stat("runctestimage", 0x7ffcf30705b0) = -1 ENOENT (No such file or directory)
17027 write(1, "docker run -e TESTFLAGS -ti --pr"..., 167) = 167
17027 rt_sigprocmask(SIG_BLOCK, [HUP INT QUIT TERM XCPU XFSZ], NULL, 8) = 0
17027 vfork( <unfinished ...>
17045 rt_sigprocmask(SIG_SETMASK, [], NULL, 8) = 0
17045 setrlimit(RLIMIT_STACK, {rlim_cur=8192*1024, rlim_max=RLIM64_INFINITY}) = 0
17045 execve("/usr/local/bin/docker", ["docker", "run", "-e", "TESTFLAGS", "-ti", "--privileged", "--rm", "-v", "/home/hmeng/go/src/github.com/op"..., "runc_test", "make", "localunittest"], [/* 50 vars */]) = -1 ENOENT (No such file or directory)
17045 execve("/usr/local/sbin/docker", ["docker", "run", "-e", "TESTFLAGS", "-ti", "--privileged", "--rm", "-v", "/home/hmeng/go/src/github.com/op"..., "runc_test", "make", "localunittest"], [/* 50 vars */]) = -1 ENOENT (No such file or directory)
17045 execve("/usr/bin/docker", ["docker", "run", "-e", "TESTFLAGS", "-ti", "--privileged", "--rm", "-v", "/home/hmeng/go/src/github.com/op"..., "runc_test", "make", "localunittest"], [/* 50 vars */]) = 0
17045 brk(0)                            = 0x26a9000
17027 <... vfork resumed> )             = 17045
17045 mmap(NULL, 4096, PROT_READ|PROT_WRITE, MAP_PRIVATE|MAP_ANONYMOUS, -1, 0) = 0x7f6f0bb6b000
17045 access("/etc/ld.so.preload", R_OK) = -1 ENOENT (No such file or directory)
17045 open("/etc/ld.so.cache", O_RDONLY|O_CLOEXEC) = 3
17045 fstat(3, {st_mode=S_IFREG|0644, st_size=73647, ...}) = 0
17045 mmap(NULL, 73647, PROT_READ, MAP_PRIVATE, 3, 0) = 0x7f6f0bb59000
17045 close(3)                          = 0
17045 open("/lib64/libsystemd.so.0", O_RDONLY|O_CLOEXEC) = 3
17045 read(3, "\177ELF\2\1\1\0\0\0\0\0\0\0\0\0\3\0>\0\1\0\0\0\0\0\0\0\0\0\0\0"..., 832) = 832
17045 fstat(3, {st_mode=S_IFREG|0755, st_size=162560, ...}) = 0
17045 mmap(NULL, 162596, PROT_READ|PROT_EXEC, MAP_PRIVATE|MAP_DENYWRITE, 3, 0) = 0x7f6f0bb31000
17045 mmap(0x7f6f0bb57000, 8192, PROT_READ|PROT_WRITE, MAP_PRIVATE|MAP_FIXED|MAP_DENYWRITE, 3, 0x25000) = 0x7f6f0bb57000
17045 close(3)                          = 0
17045 open("/lib64/libpthread.so.0", O_RDONLY|O_CLOEXEC) = 3
17045 read(3, "\177ELF\2\1\1\0\0\0\0\0\0\0\0\0\3\0>\0\1\0\0\0\240l\0\0\0\0\0\0"..., 832) = 832
17045 fstat(3, {st_mode=S_IFREG|0755, st_size=142304, ...}) = 0
17045 mmap(NULL, 2208864, PROT_READ|PROT_EXEC, MAP_PRIVATE|MAP_DENYWRITE, 3, 0) = 0x7f6f0b72f000
17045 mprotect(0x7f6f0b745000, 2097152, PROT_NONE) = 0
17045 mmap(0x7f6f0b945000, 8192, PROT_READ|PROT_WRITE, MAP_PRIVATE|MAP_FIXED|MAP_DENYWRITE, 3, 0x16000) = 0x7f6f0b945000
17045 mmap(0x7f6f0b947000, 13408, PROT_READ|PROT_WRITE, MAP_PRIVATE|MAP_FIXED|MAP_ANONYMOUS, -1, 0 <unfinished ...>
17027 rt_sigprocmask(SIG_SETMASK, [],  <unfinished ...>
17045 <... mmap resumed> )              = 0x7f6f0b947000
17027 <... rt_sigprocmask resumed> NULL, 8) = 0
17045 close(3 <unfinished ...>
17027 wait4(-1,  <unfinished ...>
17045 <... close resumed> )             = 0
17045 open("/lib64/libdl.so.2", O_RDONLY|O_CLOEXEC) = 3
17045 read(3, "\177ELF\2\1\1\0\0\0\0\0\0\0\0\0\3\0>\0\1\0\0\0\320\16\0\0\0\0\0\0"..., 832) = 832
17045 fstat(3, {st_mode=S_IFREG|0755, st_size=19520, ...}) = 0
17045 mmap(NULL, 4096, PROT_READ|PROT_WRITE, MAP_PRIVATE|MAP_ANONYMOUS, -1, 0) = 0x7f6f0bb30000
17045 mmap(NULL, 2109744, PROT_READ|PROT_EXEC, MAP_PRIVATE|MAP_DENYWRITE, 3, 0) = 0x7f6f0b52b000
17045 mprotect(0x7f6f0b52e000, 2093056, PROT_NONE) = 0
17045 mmap(0x7f6f0b72d000, 8192, PROT_READ|PROT_WRITE, MAP_PRIVATE|MAP_FIXED|MAP_DENYWRITE, 3, 0x2000) = 0x7f6f0b72d000
17045 close(3)                          = 0
17045 open("/lib64/libdevmapper.so.1.02", O_RDONLY|O_CLOEXEC) = 3
17045 read(3, "\177ELF\2\1\1\0\0\0\0\0\0\0\0\0\3\0>\0\1\0\0\0\360\245\0\0\0\0\0\0"..., 832) = 832
17045 fstat(3, {st_mode=S_IFREG|0555, st_size=367360, ...}) = 0
17045 mmap(NULL, 2461768, PROT_READ|PROT_EXEC, MAP_PRIVATE|MAP_DENYWRITE, 3, 0) = 0x7f6f0b2d1000
17045 mprotect(0x7f6f0b325000, 2097152, PROT_NONE) = 0
17045 mmap(0x7f6f0b525000, 16384, PROT_READ|PROT_WRITE, MAP_PRIVATE|MAP_FIXED|MAP_DENYWRITE, 3, 0x54000) = 0x7f6f0b525000
17045 mmap(0x7f6f0b529000, 4168, PROT_READ|PROT_WRITE, MAP_PRIVATE|MAP_FIXED|MAP_ANONYMOUS, -1, 0) = 0x7f6f0b529000
17045 close(3)                          = 0
17045 open("/lib64/libltdl.so.7", O_RDONLY|O_CLOEXEC) = 3
17045 read(3, "\177ELF\2\1\1\0\0\0\0\0\0\0\0\0\3\0>\0\1\0\0\0\260$\0\0\0\0\0\0"..., 832) = 832
17045 fstat(3, {st_mode=S_IFREG|0755, st_size=41248, ...}) = 0
17045 mmap(NULL, 2134728, PROT_READ|PROT_EXEC, MAP_PRIVATE|MAP_DENYWRITE, 3, 0) = 0x7f6f0b0c7000
17045 mprotect(0x7f6f0b0d0000, 2093056, PROT_NONE) = 0
17045 mmap(0x7f6f0b2cf000, 8192, PROT_READ|PROT_WRITE, MAP_PRIVATE|MAP_FIXED|MAP_DENYWRITE, 3, 0x8000) = 0x7f6f0b2cf000
17045 close(3)                          = 0
17045 open("/lib64/libc.so.6", O_RDONLY|O_CLOEXEC) = 3
17045 read(3, "\177ELF\2\1\1\3\0\0\0\0\0\0\0\0\3\0>\0\1\0\0\0 \34\2\0\0\0\0\0"..., 832) = 832
17045 fstat(3, {st_mode=S_IFREG|0755, st_size=2112384, ...}) = 0
17045 mmap(NULL, 4096, PROT_READ|PROT_WRITE, MAP_PRIVATE|MAP_ANONYMOUS, -1, 0) = 0x7f6f0bb2f000
17045 mmap(NULL, 3936832, PROT_READ|PROT_EXEC, MAP_PRIVATE|MAP_DENYWRITE, 3, 0) = 0x7f6f0ad05000
17045 mprotect(0x7f6f0aebc000, 2097152, PROT_NONE) = 0
17045 mmap(0x7f6f0b0bc000, 24576, PROT_READ|PROT_WRITE, MAP_PRIVATE|MAP_FIXED|MAP_DENYWRITE, 3, 0x1b7000) = 0x7f6f0b0bc000
17045 mmap(0x7f6f0b0c2000, 16960, PROT_READ|PROT_WRITE, MAP_PRIVATE|MAP_FIXED|MAP_ANONYMOUS, -1, 0) = 0x7f6f0b0c2000
17045 close(3)                          = 0
17045 open("/lib64/libcap.so.2", O_RDONLY|O_CLOEXEC) = 3
17045 read(3, "\177ELF\2\1\1\0\0\0\0\0\0\0\0\0\3\0>\0\1\0\0\0 \26\0\0\0\0\0\0"..., 832) = 832
17045 fstat(3, {st_mode=S_IFREG|0755, st_size=20024, ...}) = 0
17045 mmap(NULL, 2114112, PROT_READ|PROT_EXEC, MAP_PRIVATE|MAP_DENYWRITE, 3, 0) = 0x7f6f0ab00000
17045 mprotect(0x7f6f0ab04000, 2093056, PROT_NONE) = 0
17045 mmap(0x7f6f0ad03000, 8192, PROT_READ|PROT_WRITE, MAP_PRIVATE|MAP_FIXED|MAP_DENYWRITE, 3, 0x3000) = 0x7f6f0ad03000
17045 close(3)                          = 0
17045 open("/lib64/libm.so.6", O_RDONLY|O_CLOEXEC) = 3
17045 read(3, "\177ELF\2\1\1\3\0\0\0\0\0\0\0\0\3\0>\0\1\0\0\0\260T\0\0\0\0\0\0"..., 832) = 832
17045 fstat(3, {st_mode=S_IFREG|0755, st_size=1141560, ...}) = 0
17045 mmap(NULL, 3150168, PROT_READ|PROT_EXEC, MAP_PRIVATE|MAP_DENYWRITE, 3, 0) = 0x7f6f0a7fe000
17045 mprotect(0x7f6f0a8ff000, 2093056, PROT_NONE) = 0
17045 mmap(0x7f6f0aafe000, 8192, PROT_READ|PROT_WRITE, MAP_PRIVATE|MAP_FIXED|MAP_DENYWRITE, 3, 0x100000) = 0x7f6f0aafe000
17045 close(3)                          = 0
17045 open("/lib64/librt.so.1", O_RDONLY|O_CLOEXEC) = 3
17045 read(3, "\177ELF\2\1\1\3\0\0\0\0\0\0\0\0\3\0>\0\1\0\0\0\300\"\0\0\0\0\0\0"..., 832) = 832
17045 fstat(3, {st_mode=S_IFREG|0755, st_size=44096, ...}) = 0
17045 mmap(NULL, 4096, PROT_READ|PROT_WRITE, MAP_PRIVATE|MAP_ANONYMOUS, -1, 0) = 0x7f6f0bb2e000
17045 mmap(NULL, 2128952, PROT_READ|PROT_EXEC, MAP_PRIVATE|MAP_DENYWRITE, 3, 0) = 0x7f6f0a5f6000
17045 mprotect(0x7f6f0a5fd000, 2093056, PROT_NONE) = 0
17045 mmap(0x7f6f0a7fc000, 8192, PROT_READ|PROT_WRITE, MAP_PRIVATE|MAP_FIXED|MAP_DENYWRITE, 3, 0x6000) = 0x7f6f0a7fc000
17045 close(3)                          = 0
17045 open("/lib64/libselinux.so.1", O_RDONLY|O_CLOEXEC) = 3
17045 read(3, "\177ELF\2\1\1\0\0\0\0\0\0\0\0\0\3\0>\0\1\0\0\0\240d\0\0\0\0\0\0"..., 832) = 832
17045 fstat(3, {st_mode=S_IFREG|0755, st_size=147096, ...}) = 0
17045 mmap(NULL, 2246808, PROT_READ|PROT_EXEC, MAP_PRIVATE|MAP_DENYWRITE, 3, 0) = 0x7f6f0a3d1000
17045 mprotect(0x7f6f0a3f2000, 2097152, PROT_NONE) = 0
17045 mmap(0x7f6f0a5f2000, 8192, PROT_READ|PROT_WRITE, MAP_PRIVATE|MAP_FIXED|MAP_DENYWRITE, 3, 0x21000) = 0x7f6f0a5f2000
17045 mmap(0x7f6f0a5f4000, 6296, PROT_READ|PROT_WRITE, MAP_PRIVATE|MAP_FIXED|MAP_ANONYMOUS, -1, 0) = 0x7f6f0a5f4000
17045 close(3)                          = 0
17045 open("/lib64/liblzma.so.5", O_RDONLY|O_CLOEXEC) = 3
17045 read(3, "\177ELF\2\1\1\0\0\0\0\0\0\0\0\0\3\0>\0\1\0\0\0000/\0\0\0\0\0\0"..., 832) = 832
17045 fstat(3, {st_mode=S_IFREG|0755, st_size=153192, ...}) = 0
17045 mmap(NULL, 2245240, PROT_READ|PROT_EXEC, MAP_PRIVATE|MAP_DENYWRITE, 3, 0) = 0x7f6f0a1ac000
17045 mprotect(0x7f6f0a1d0000, 2093056, PROT_NONE) = 0
17045 mmap(0x7f6f0a3cf000, 8192, PROT_READ|PROT_WRITE, MAP_PRIVATE|MAP_FIXED|MAP_DENYWRITE, 3, 0x23000) = 0x7f6f0a3cf000
17045 close(3)                          = 0
17045 open("/lib64/libgcrypt.so.11", O_RDONLY|O_CLOEXEC) = 3
17045 read(3, "\177ELF\2\1\1\0\0\0\0\0\0\0\0\0\3\0>\0\1\0\0\0\0u\0\0\0\0\0\0"..., 832) = 832
17045 fstat(3, {st_mode=S_IFREG|0755, st_size=534488, ...}) = 0
17045 mmap(NULL, 4096, PROT_READ|PROT_WRITE, MAP_PRIVATE|MAP_ANONYMOUS, -1, 0) = 0x7f6f0bb2d000
17045 mmap(NULL, 2621456, PROT_READ|PROT_EXEC, MAP_PRIVATE|MAP_DENYWRITE, 3, 0) = 0x7f6f09f2b000
17045 mprotect(0x7f6f09fa7000, 2097152, PROT_NONE) = 0
17045 mmap(0x7f6f0a1a7000, 16384, PROT_READ|PROT_WRITE, MAP_PRIVATE|MAP_FIXED|MAP_DENYWRITE, 3, 0x7c000) = 0x7f6f0a1a7000
17045 mmap(0x7f6f0a1ab000, 16, PROT_READ|PROT_WRITE, MAP_PRIVATE|MAP_FIXED|MAP_ANONYMOUS, -1, 0) = 0x7f6f0a1ab000
17045 close(3)                          = 0
17045 open("/lib64/libgpg-error.so.0", O_RDONLY|O_CLOEXEC) = 3
17045 read(3, "\177ELF\2\1\1\0\0\0\0\0\0\0\0\0\3\0>\0\1\0\0\0000\n\0\0\0\0\0\0"..., 832) = 832
17045 fstat(3, {st_mode=S_IFREG|0755, st_size=19384, ...}) = 0
17045 mmap(NULL, 2113656, PROT_READ|PROT_EXEC, MAP_PRIVATE|MAP_DENYWRITE, 3, 0) = 0x7f6f09d26000
17045 mprotect(0x7f6f09d2a000, 2093056, PROT_NONE) = 0
17045 mmap(0x7f6f09f29000, 8192, PROT_READ|PROT_WRITE, MAP_PRIVATE|MAP_FIXED|MAP_DENYWRITE, 3, 0x3000) = 0x7f6f09f29000
17045 close(3)                          = 0
17045 open("/lib64/libresolv.so.2", O_RDONLY|O_CLOEXEC) = 3
17045 read(3, "\177ELF\2\1\1\0\0\0\0\0\0\0\0\0\3\0>\0\1\0\0\0@:\0\0\0\0\0\0"..., 832) = 832
17045 fstat(3, {st_mode=S_IFREG|0755, st_size=110808, ...}) = 0
17045 mmap(NULL, 2202264, PROT_READ|PROT_EXEC, MAP_PRIVATE|MAP_DENYWRITE, 3, 0) = 0x7f6f09b0c000
17045 mprotect(0x7f6f09b22000, 2097152, PROT_NONE) = 0
17045 mmap(0x7f6f09d22000, 8192, PROT_READ|PROT_WRITE, MAP_PRIVATE|MAP_FIXED|MAP_DENYWRITE, 3, 0x16000) = 0x7f6f09d22000
17045 mmap(0x7f6f09d24000, 6808, PROT_READ|PROT_WRITE, MAP_PRIVATE|MAP_FIXED|MAP_ANONYMOUS, -1, 0) = 0x7f6f09d24000
17045 close(3)                          = 0
17045 open("/lib64/libdw.so.1", O_RDONLY|O_CLOEXEC) = 3
17045 read(3, "\177ELF\2\1\1\0\0\0\0\0\0\0\0\0\3\0>\0\1\0\0\0\200\227\0\0\0\0\0\0"..., 832) = 832
17045 fstat(3, {st_mode=S_IFREG|0755, st_size=297464, ...}) = 0
17045 mmap(NULL, 4096, PROT_READ|PROT_WRITE, MAP_PRIVATE|MAP_ANONYMOUS, -1, 0) = 0x7f6f0bb2c000
17045 mmap(NULL, 2386184, PROT_READ|PROT_EXEC, MAP_PRIVATE|MAP_DENYWRITE, 3, 0) = 0x7f6f098c5000
17045 mprotect(0x7f6f0990a000, 2093056, PROT_NONE) = 0
17045 mmap(0x7f6f09b09000, 12288, PROT_READ|PROT_WRITE, MAP_PRIVATE|MAP_FIXED|MAP_DENYWRITE, 3, 0x44000) = 0x7f6f09b09000
17045 close(3)                          = 0
17045 open("/lib64/libgcc_s.so.1", O_RDONLY|O_CLOEXEC) = 3
17045 read(3, "\177ELF\2\1\1\0\0\0\0\0\0\0\0\0\3\0>\0\1\0\0\0\360*\0\0\0\0\0\0"..., 832) = 832
17045 fstat(3, {st_mode=S_IFREG|0755, st_size=88720, ...}) = 0
17045 mmap(NULL, 2184192, PROT_READ|PROT_EXEC, MAP_PRIVATE|MAP_DENYWRITE, 3, 0) = 0x7f6f096af000
17045 mprotect(0x7f6f096c4000, 2093056, PROT_NONE) = 0
17045 mmap(0x7f6f098c3000, 8192, PROT_READ|PROT_WRITE, MAP_PRIVATE|MAP_FIXED|MAP_DENYWRITE, 3, 0x14000) = 0x7f6f098c3000
17045 close(3)                          = 0
17045 open("/lib64/libsepol.so.1", O_RDONLY|O_CLOEXEC) = 3
17045 read(3, "\177ELF\2\1\1\0\0\0\0\0\0\0\0\0\3\0>\0\1\0\0\0\360@\0\0\0\0\0\0"..., 832) = 832
17045 fstat(3, {st_mode=S_IFREG|0755, st_size=288296, ...}) = 0
17045 mmap(NULL, 2378824, PROT_READ|PROT_EXEC, MAP_PRIVATE|MAP_DENYWRITE, 3, 0) = 0x7f6f0946a000
17045 mprotect(0x7f6f094ae000, 2093056, PROT_NONE) = 0
17045 mmap(0x7f6f096ad000, 8192, PROT_READ|PROT_WRITE, MAP_PRIVATE|MAP_FIXED|MAP_DENYWRITE, 3, 0x43000) = 0x7f6f096ad000
17045 close(3)                          = 0
17045 open("/lib64/libudev.so.1", O_RDONLY|O_CLOEXEC) = 3
17045 read(3, "\177ELF\2\1\1\0\0\0\0\0\0\0\0\0\3\0>\0\1\0\0\0\0\0\0\0\0\0\0\0"..., 832) = 832
17045 fstat(3, {st_mode=S_IFREG|0755, st_size=83192, ...}) = 0
17045 mmap(NULL, 4096, PROT_READ|PROT_WRITE, MAP_PRIVATE|MAP_ANONYMOUS, -1, 0) = 0x7f6f0bb2b000
17045 mmap(NULL, 84225, PROT_READ|PROT_EXEC, MAP_PRIVATE|MAP_DENYWRITE, 3, 0) = 0x7f6f0bb16000
17045 mprotect(0x7f6f0bb28000, 4096, PROT_NONE) = 0
17045 mmap(0x7f6f0bb29000, 8192, PROT_READ|PROT_WRITE, MAP_PRIVATE|MAP_FIXED|MAP_DENYWRITE, 3, 0x12000) = 0x7f6f0bb29000
17045 close(3)                          = 0
17045 open("/lib64/libattr.so.1", O_RDONLY|O_CLOEXEC) = 3
17045 read(3, "\177ELF\2\1\1\0\0\0\0\0\0\0\0\0\3\0>\0\1\0\0\0\320\23\0\0\0\0\0\0"..., 832) = 832
17045 fstat(3, {st_mode=S_IFREG|0755, st_size=19888, ...}) = 0
17045 mmap(NULL, 2113904, PROT_READ|PROT_EXEC, MAP_PRIVATE|MAP_DENYWRITE, 3, 0) = 0x7f6f09265000
17045 mprotect(0x7f6f09269000, 2093056, PROT_NONE) = 0
17045 mmap(0x7f6f09468000, 8192, PROT_READ|PROT_WRITE, MAP_PRIVATE|MAP_FIXED|MAP_DENYWRITE, 3, 0x3000) = 0x7f6f09468000
17045 close(3)                          = 0
17045 open("/lib64/libpcre.so.1", O_RDONLY|O_CLOEXEC) = 3
17045 read(3, "\177ELF\2\1\1\0\0\0\0\0\0\0\0\0\3\0>\0\1\0\0\0\360\25\0\0\0\0\0\0"..., 832) = 832
17045 fstat(3, {st_mode=S_IFREG|0755, st_size=398264, ...}) = 0
17045 mmap(NULL, 2490888, PROT_READ|PROT_EXEC, MAP_PRIVATE|MAP_DENYWRITE, 3, 0) = 0x7f6f09004000
17045 mprotect(0x7f6f09064000, 2093056, PROT_NONE) = 0
17045 mmap(0x7f6f09263000, 8192, PROT_READ|PROT_WRITE, MAP_PRIVATE|MAP_FIXED|MAP_DENYWRITE, 3, 0x5f000) = 0x7f6f09263000
17045 close(3)                          = 0
17045 mmap(NULL, 4096, PROT_READ|PROT_WRITE, MAP_PRIVATE|MAP_ANONYMOUS, -1, 0) = 0x7f6f0bb15000
17045 open("/usr/lib64/elfutils/tls/x86_64/libelf.so.1", O_RDONLY|O_CLOEXEC) = -1 ENOENT (No such file or directory)
17045 stat("/usr/lib64/elfutils/tls/x86_64", 0x7ffe8c8ec530) = -1 ENOENT (No such file or directory)
17045 open("/usr/lib64/elfutils/tls/libelf.so.1", O_RDONLY|O_CLOEXEC) = -1 ENOENT (No such file or directory)
17045 stat("/usr/lib64/elfutils/tls", 0x7ffe8c8ec530) = -1 ENOENT (No such file or directory)
17045 open("/usr/lib64/elfutils/x86_64/libelf.so.1", O_RDONLY|O_CLOEXEC) = -1 ENOENT (No such file or directory)
17045 stat("/usr/lib64/elfutils/x86_64", 0x7ffe8c8ec530) = -1 ENOENT (No such file or directory)
17045 open("/usr/lib64/elfutils/libelf.so.1", O_RDONLY|O_CLOEXEC) = -1 ENOENT (No such file or directory)
17045 stat("/usr/lib64/elfutils", {st_mode=S_IFDIR|0755, st_size=4096, ...}) = 0
17045 open("/lib64/libelf.so.1", O_RDONLY|O_CLOEXEC) = 3
17045 read(3, "\177ELF\2\1\1\0\0\0\0\0\0\0\0\0\3\0>\0\1\0\0\0p+\0\0\0\0\0\0"..., 832) = 832
17045 fstat(3, {st_mode=S_IFREG|0755, st_size=91496, ...}) = 0
17045 mmap(NULL, 2183520, PROT_READ|PROT_EXEC, MAP_PRIVATE|MAP_DENYWRITE, 3, 0) = 0x7f6f08dee000
17045 mprotect(0x7f6f08e03000, 2093056, PROT_NONE) = 0
17045 mmap(0x7f6f09002000, 8192, PROT_READ|PROT_WRITE, MAP_PRIVATE|MAP_FIXED|MAP_DENYWRITE, 3, 0x14000) = 0x7f6f09002000
17045 close(3)                          = 0
17045 open("/usr/lib64/elfutils/libbz2.so.1", O_RDONLY|O_CLOEXEC) = -1 ENOENT (No such file or directory)
17045 open("/lib64/libbz2.so.1", O_RDONLY|O_CLOEXEC) = 3
17045 read(3, "\177ELF\2\1\1\0\0\0\0\0\0\0\0\0\3\0>\0\1\0\0\0`\27\0\0\0\0\0\0"..., 832) = 832
17045 fstat(3, {st_mode=S_IFREG|0755, st_size=68192, ...}) = 0
17045 mmap(NULL, 2162024, PROT_READ|PROT_EXEC, MAP_PRIVATE|MAP_DENYWRITE, 3, 0) = 0x7f6f08bde000
17045 mprotect(0x7f6f08bed000, 2093056, PROT_NONE) = 0
17045 mmap(0x7f6f08dec000, 8192, PROT_READ|PROT_WRITE, MAP_PRIVATE|MAP_FIXED|MAP_DENYWRITE, 3, 0xe000) = 0x7f6f08dec000
17045 close(3)                          = 0
17045 open("/usr/lib64/elfutils/libz.so.1", O_RDONLY|O_CLOEXEC) = -1 ENOENT (No such file or directory)
17045 open("/lib64/libz.so.1", O_RDONLY|O_CLOEXEC) = 3
17045 read(3, "\177ELF\2\1\1\0\0\0\0\0\0\0\0\0\3\0>\0\1\0\0\0p!\0\0\0\0\0\0"..., 832) = 832
17045 fstat(3, {st_mode=S_IFREG|0755, st_size=90632, ...}) = 0
17045 mmap(NULL, 4096, PROT_READ|PROT_WRITE, MAP_PRIVATE|MAP_ANONYMOUS, -1, 0) = 0x7f6f0bb14000
17045 mmap(NULL, 2183688, PROT_READ|PROT_EXEC, MAP_PRIVATE|MAP_DENYWRITE, 3, 0) = 0x7f6f089c8000
17045 mprotect(0x7f6f089dd000, 2093056, PROT_NONE) = 0
17045 mmap(0x7f6f08bdc000, 8192, PROT_READ|PROT_WRITE, MAP_PRIVATE|MAP_FIXED|MAP_DENYWRITE, 3, 0x14000) = 0x7f6f08bdc000
17045 close(3)                          = 0
17045 mmap(NULL, 4096, PROT_READ|PROT_WRITE, MAP_PRIVATE|MAP_ANONYMOUS, -1, 0) = 0x7f6f0bb13000
17045 mmap(NULL, 4096, PROT_READ|PROT_WRITE, MAP_PRIVATE|MAP_ANONYMOUS, -1, 0) = 0x7f6f0bb12000
17045 mmap(NULL, 8192, PROT_READ|PROT_WRITE, MAP_PRIVATE|MAP_ANONYMOUS, -1, 0) = 0x7f6f0bb10000
17045 arch_prctl(ARCH_SET_FS, 0x7f6f0bb10880) = 0
17045 mprotect(0x7f6f0b0bc000, 16384, PROT_READ) = 0
17045 mprotect(0x7f6f08bdc000, 4096, PROT_READ) = 0
17045 mprotect(0x7f6f08dec000, 4096, PROT_READ) = 0
17045 mprotect(0x7f6f09002000, 4096, PROT_READ) = 0
17045 mprotect(0x7f6f0b945000, 4096, PROT_READ) = 0
17045 mprotect(0x7f6f09263000, 4096, PROT_READ) = 0
17045 mprotect(0x7f6f09468000, 4096, PROT_READ) = 0
17045 mprotect(0x7f6f0b72d000, 4096, PROT_READ) = 0
17045 mprotect(0x7f6f0ad03000, 4096, PROT_READ) = 0
17045 mprotect(0x7f6f0aafe000, 4096, PROT_READ) = 0
17045 mprotect(0x7f6f0a7fc000, 4096, PROT_READ) = 0
17045 mprotect(0x7f6f0a3cf000, 4096, PROT_READ) = 0
17045 mprotect(0x7f6f09b09000, 8192, PROT_READ) = 0
17045 mprotect(0x7f6f098c3000, 4096, PROT_READ) = 0
17045 stat("/etc/sysconfig/64bit_strstr_via_64bit_strstr_sse2_unaligned", 0x7ffe8c8ed030) = -1 ENOENT (No such file or directory)
17045 mprotect(0x7f6f0bb29000, 4096, PROT_READ) = 0
17045 mprotect(0x7f6f096ad000, 4096, PROT_READ) = 0
17045 mprotect(0x7f6f09d22000, 4096, PROT_READ) = 0
17045 mprotect(0x7f6f09f29000, 4096, PROT_READ) = 0
17045 mprotect(0x7f6f0a1a7000, 4096, PROT_READ) = 0
17045 mprotect(0x7f6f0a5f2000, 4096, PROT_READ) = 0
17045 mprotect(0x7f6f0b2cf000, 4096, PROT_READ) = 0
17045 mprotect(0x7f6f0b525000, 4096, PROT_READ) = 0
17045 mprotect(0x7f6f0bb57000, 4096, PROT_READ) = 0
17045 mprotect(0x21ae000, 8192, PROT_READ) = 0
17045 mprotect(0x7f6f0bb6c000, 4096, PROT_READ) = 0
17045 munmap(0x7f6f0bb59000, 73647)     = 0
17045 set_tid_address(0x7f6f0bb10b50)   = 17045
17045 set_robust_list(0x7f6f0bb10b60, 24) = 0
17045 rt_sigaction(SIGRTMIN, {0x7f6f0b735780, [], SA_RESTORER|SA_SIGINFO, 0x7f6f0b73e100}, NULL, 8) = 0
17045 rt_sigaction(SIGRT_1, {0x7f6f0b735810, [], SA_RESTORER|SA_RESTART|SA_SIGINFO, 0x7f6f0b73e100}, NULL, 8) = 0
17045 rt_sigprocmask(SIG_UNBLOCK, [RTMIN RT_1], NULL, 8) = 0
17045 getrlimit(RLIMIT_STACK, {rlim_cur=8192*1024, rlim_max=RLIM64_INFINITY}) = 0
17045 brk(0)                            = 0x26a9000
17045 brk(0x26ca000)                    = 0x26ca000
17045 access("/etc/system-fips", F_OK)  = -1 ENOENT (No such file or directory)
17045 statfs("/sys/fs/selinux", {f_type=0xf97cff8c, f_bsize=4096, f_blocks=0, f_bfree=0, f_bavail=0, f_files=0, f_ffree=0, f_fsid={0, 0}, f_namelen=255, f_frsize=4096}) = 0
17045 statfs("/sys/fs/selinux", {f_type=0xf97cff8c, f_bsize=4096, f_blocks=0, f_bfree=0, f_bavail=0, f_files=0, f_ffree=0, f_fsid={0, 0}, f_namelen=255, f_frsize=4096}) = 0
17045 stat("/sys/fs/selinux", {st_mode=S_IFDIR|0755, st_size=0, ...}) = 0
17045 sched_getaffinity(0, 8192, {3, 0, 0, 0, 0, 0, 0, 0, 0, 0, 0, 0, 0, 0, 0, 0, 0, 0, 0, 0, 0, 0, 0, 0, 0, 0, 0, 0, 0, 0, 0, 0, ...}) = 640
17045 mmap(0xc000000000, 65536, PROT_NONE, MAP_PRIVATE|MAP_ANONYMOUS, -1, 0) = 0xc000000000
17045 munmap(0xc000000000, 65536)       = 0
17045 mmap(NULL, 262144, PROT_READ|PROT_WRITE, MAP_PRIVATE|MAP_ANONYMOUS, -1, 0) = 0x7f6f0bad0000
17045 mmap(0xc820000000, 1048576, PROT_READ|PROT_WRITE, MAP_PRIVATE|MAP_ANONYMOUS, -1, 0) = 0xc820000000
17045 mmap(0xc81fff8000, 32768, PROT_READ|PROT_WRITE, MAP_PRIVATE|MAP_ANONYMOUS, -1, 0) = 0xc81fff8000
17045 mmap(0xc000000000, 4096, PROT_READ|PROT_WRITE, MAP_PRIVATE|MAP_ANONYMOUS, -1, 0) = 0xc000000000
17045 mmap(NULL, 65536, PROT_READ|PROT_WRITE, MAP_PRIVATE|MAP_ANONYMOUS, -1, 0) = 0x7f6f0bb5b000
17045 clock_gettime(CLOCK_MONOTONIC, {4903, 877664257}) = 0
17045 mmap(NULL, 1439992, PROT_READ|PROT_WRITE, MAP_PRIVATE|MAP_ANONYMOUS, -1, 0) = 0x7f6f0b970000
17045 clock_gettime(CLOCK_MONOTONIC, {4903, 877792246}) = 0
17045 clock_gettime(CLOCK_MONOTONIC, {4903, 877806486}) = 0
17045 sigaltstack({ss_sp=0xc820002000, ss_flags=0, ss_size=32672}, NULL) = 0
17045 gettid()                          = 17045
17045 rt_sigprocmask(SIG_SETMASK, [], NULL, 8) = 0
17045 rt_sigaction(SIGHUP, NULL, {SIG_DFL, [], 0}, 8) = 0
17045 rt_sigaction(SIGHUP, NULL, {SIG_DFL, [], 0}, 8) = 0
17045 rt_sigaction(SIGHUP, {0x476ef0, ~[], SA_RESTORER|SA_STACK|SA_RESTART|SA_SIGINFO, 0x476f10}, NULL, 8) = 0
17045 rt_sigaction(SIGINT, NULL, {SIG_DFL, [], 0}, 8) = 0
17045 rt_sigaction(SIGINT, NULL, {SIG_DFL, [], 0}, 8) = 0
17045 rt_sigaction(SIGINT, {0x476ef0, ~[], SA_RESTORER|SA_STACK|SA_RESTART|SA_SIGINFO, 0x476f10}, NULL, 8) = 0
17045 rt_sigaction(SIGQUIT, NULL, {SIG_DFL, [], 0}, 8) = 0
17045 rt_sigaction(SIGQUIT, {0x476ef0, ~[], SA_RESTORER|SA_STACK|SA_RESTART|SA_SIGINFO, 0x476f10}, NULL, 8) = 0
17045 rt_sigaction(SIGILL, NULL, {SIG_DFL, [], 0}, 8) = 0
17045 rt_sigaction(SIGILL, {0x476ef0, ~[], SA_RESTORER|SA_STACK|SA_RESTART|SA_SIGINFO, 0x476f10}, NULL, 8) = 0
17045 rt_sigaction(SIGTRAP, NULL, {SIG_DFL, [], 0}, 8) = 0
17045 rt_sigaction(SIGTRAP, {0x476ef0, ~[], SA_RESTORER|SA_STACK|SA_RESTART|SA_SIGINFO, 0x476f10}, NULL, 8) = 0
17045 rt_sigaction(SIGABRT, NULL, {SIG_DFL, [], 0}, 8) = 0
17045 rt_sigaction(SIGABRT, {0x476ef0, ~[], SA_RESTORER|SA_STACK|SA_RESTART|SA_SIGINFO, 0x476f10}, NULL, 8) = 0
17045 rt_sigaction(SIGBUS, NULL, {SIG_DFL, [], 0}, 8) = 0
17045 rt_sigaction(SIGBUS, {0x476ef0, ~[], SA_RESTORER|SA_STACK|SA_RESTART|SA_SIGINFO, 0x476f10}, NULL, 8) = 0
17045 rt_sigaction(SIGFPE, NULL, {SIG_DFL, [], 0}, 8) = 0
17045 rt_sigaction(SIGFPE, {0x476ef0, ~[], SA_RESTORER|SA_STACK|SA_RESTART|SA_SIGINFO, 0x476f10}, NULL, 8) = 0
17045 rt_sigaction(SIGUSR1, NULL, {SIG_DFL, [], 0}, 8) = 0
17045 rt_sigaction(SIGUSR1, {0x476ef0, ~[], SA_RESTORER|SA_STACK|SA_RESTART|SA_SIGINFO, 0x476f10}, NULL, 8) = 0
17045 rt_sigaction(SIGSEGV, NULL, {SIG_DFL, [], 0}, 8) = 0
17045 rt_sigaction(SIGSEGV, {0x476ef0, ~[], SA_RESTORER|SA_STACK|SA_RESTART|SA_SIGINFO, 0x476f10}, NULL, 8) = 0
17045 rt_sigaction(SIGUSR2, NULL, {SIG_DFL, [], 0}, 8) = 0
17045 rt_sigaction(SIGUSR2, {0x476ef0, ~[], SA_RESTORER|SA_STACK|SA_RESTART|SA_SIGINFO, 0x476f10}, NULL, 8) = 0
17045 rt_sigaction(SIGPIPE, NULL, {SIG_DFL, [], 0}, 8) = 0
17045 rt_sigaction(SIGPIPE, {0x476ef0, ~[], SA_RESTORER|SA_STACK|SA_RESTART|SA_SIGINFO, 0x476f10}, NULL, 8) = 0
17045 rt_sigaction(SIGALRM, NULL, {SIG_DFL, [], 0}, 8) = 0
17045 rt_sigaction(SIGALRM, {0x476ef0, ~[], SA_RESTORER|SA_STACK|SA_RESTART|SA_SIGINFO, 0x476f10}, NULL, 8) = 0
17045 rt_sigaction(SIGTERM, NULL, {SIG_DFL, [], 0}, 8) = 0
17045 rt_sigaction(SIGTERM, {0x476ef0, ~[], SA_RESTORER|SA_STACK|SA_RESTART|SA_SIGINFO, 0x476f10}, NULL, 8) = 0
17045 rt_sigaction(SIGSTKFLT, NULL, {SIG_DFL, [], 0}, 8) = 0
17045 rt_sigaction(SIGSTKFLT, {0x476ef0, ~[], SA_RESTORER|SA_STACK|SA_RESTART|SA_SIGINFO, 0x476f10}, NULL, 8) = 0
17045 rt_sigaction(SIGCHLD, NULL, {SIG_DFL, [], 0}, 8) = 0
17045 rt_sigaction(SIGCHLD, {0x476ef0, ~[], SA_RESTORER|SA_STACK|SA_RESTART|SA_SIGINFO, 0x476f10}, NULL, 8) = 0
17045 rt_sigaction(SIGURG, NULL, {SIG_DFL, [], 0}, 8) = 0
17045 rt_sigaction(SIGURG, {0x476ef0, ~[], SA_RESTORER|SA_STACK|SA_RESTART|SA_SIGINFO, 0x476f10}, NULL, 8) = 0
17045 rt_sigaction(SIGXCPU, NULL, {SIG_DFL, [], 0}, 8) = 0
17045 rt_sigaction(SIGXCPU, {0x476ef0, ~[], SA_RESTORER|SA_STACK|SA_RESTART|SA_SIGINFO, 0x476f10}, NULL, 8) = 0
17045 rt_sigaction(SIGXFSZ, NULL, {SIG_DFL, [], 0}, 8) = 0
17045 rt_sigaction(SIGXFSZ, {0x476ef0, ~[], SA_RESTORER|SA_STACK|SA_RESTART|SA_SIGINFO, 0x476f10}, NULL, 8) = 0
17045 rt_sigaction(SIGVTALRM, NULL, {SIG_DFL, [], 0}, 8) = 0
17045 rt_sigaction(SIGVTALRM, {0x476ef0, ~[], SA_RESTORER|SA_STACK|SA_RESTART|SA_SIGINFO, 0x476f10}, NULL, 8) = 0
17045 rt_sigaction(SIGPROF, NULL, {SIG_DFL, [], 0}, 8) = 0
17045 rt_sigaction(SIGPROF, {0x476ef0, ~[], SA_RESTORER|SA_STACK|SA_RESTART|SA_SIGINFO, 0x476f10}, NULL, 8) = 0
17045 rt_sigaction(SIGWINCH, NULL, {SIG_DFL, [], 0}, 8) = 0
17045 rt_sigaction(SIGWINCH, {0x476ef0, ~[], SA_RESTORER|SA_STACK|SA_RESTART|SA_SIGINFO, 0x476f10}, NULL, 8) = 0
17045 rt_sigaction(SIGIO, NULL, {SIG_DFL, [], 0}, 8) = 0
17045 rt_sigaction(SIGIO, {0x476ef0, ~[], SA_RESTORER|SA_STACK|SA_RESTART|SA_SIGINFO, 0x476f10}, NULL, 8) = 0
17045 rt_sigaction(SIGPWR, NULL, {SIG_DFL, [], 0}, 8) = 0
17045 rt_sigaction(SIGPWR, {0x476ef0, ~[], SA_RESTORER|SA_STACK|SA_RESTART|SA_SIGINFO, 0x476f10}, NULL, 8) = 0
17045 rt_sigaction(SIGSYS, NULL, {SIG_DFL, [], 0}, 8) = 0
17045 rt_sigaction(SIGSYS, {0x476ef0, ~[], SA_RESTORER|SA_STACK|SA_RESTART|SA_SIGINFO, 0x476f10}, NULL, 8) = 0
17045 rt_sigaction(SIGRTMIN, NULL, {0x7f6f0b735780, [], SA_RESTORER|SA_SIGINFO, 0x7f6f0b73e100}, 8) = 0
17045 rt_sigaction(SIGRTMIN, NULL, {0x7f6f0b735780, [], SA_RESTORER|SA_SIGINFO, 0x7f6f0b73e100}, 8) = 0
17045 rt_sigaction(SIGRTMIN, {0x7f6f0b735780, [], SA_RESTORER|SA_STACK|SA_SIGINFO, 0x7f6f0b73e100}, NULL, 8) = 0
17045 rt_sigaction(SIGRT_1, NULL, {0x7f6f0b735810, [], SA_RESTORER|SA_RESTART|SA_SIGINFO, 0x7f6f0b73e100}, 8) = 0
17045 rt_sigaction(SIGRT_1, NULL, {0x7f6f0b735810, [], SA_RESTORER|SA_RESTART|SA_SIGINFO, 0x7f6f0b73e100}, 8) = 0
17045 rt_sigaction(SIGRT_1, {0x7f6f0b735810, [], SA_RESTORER|SA_STACK|SA_RESTART|SA_SIGINFO, 0x7f6f0b73e100}, NULL, 8) = 0
17045 rt_sigaction(SIGRT_2, NULL, {SIG_DFL, [], 0}, 8) = 0
17045 rt_sigaction(SIGRT_2, {0x476ef0, ~[], SA_RESTORER|SA_STACK|SA_RESTART|SA_SIGINFO, 0x476f10}, NULL, 8) = 0
17045 rt_sigaction(SIGRT_3, NULL, {SIG_DFL, [], 0}, 8) = 0
17045 rt_sigaction(SIGRT_3, {0x476ef0, ~[], SA_RESTORER|SA_STACK|SA_RESTART|SA_SIGINFO, 0x476f10}, NULL, 8) = 0
17045 rt_sigaction(SIGRT_4, NULL, {SIG_DFL, [], 0}, 8) = 0
17045 rt_sigaction(SIGRT_4, {0x476ef0, ~[], SA_RESTORER|SA_STACK|SA_RESTART|SA_SIGINFO, 0x476f10}, NULL, 8) = 0
17045 rt_sigaction(SIGRT_5, NULL, {SIG_DFL, [], 0}, 8) = 0
17045 rt_sigaction(SIGRT_5, {0x476ef0, ~[], SA_RESTORER|SA_STACK|SA_RESTART|SA_SIGINFO, 0x476f10}, NULL, 8) = 0
17045 rt_sigaction(SIGRT_6, NULL, {SIG_DFL, [], 0}, 8) = 0
17045 rt_sigaction(SIGRT_6, {0x476ef0, ~[], SA_RESTORER|SA_STACK|SA_RESTART|SA_SIGINFO, 0x476f10}, NULL, 8) = 0
17045 rt_sigaction(SIGRT_7, NULL, {SIG_DFL, [], 0}, 8) = 0
17045 rt_sigaction(SIGRT_7, {0x476ef0, ~[], SA_RESTORER|SA_STACK|SA_RESTART|SA_SIGINFO, 0x476f10}, NULL, 8) = 0
17045 rt_sigaction(SIGRT_8, NULL, {SIG_DFL, [], 0}, 8) = 0
17045 rt_sigaction(SIGRT_8, {0x476ef0, ~[], SA_RESTORER|SA_STACK|SA_RESTART|SA_SIGINFO, 0x476f10}, NULL, 8) = 0
17045 rt_sigaction(SIGRT_9, NULL, {SIG_DFL, [], 0}, 8) = 0
17045 rt_sigaction(SIGRT_9, {0x476ef0, ~[], SA_RESTORER|SA_STACK|SA_RESTART|SA_SIGINFO, 0x476f10}, NULL, 8) = 0
17045 rt_sigaction(SIGRT_10, NULL, {SIG_DFL, [], 0}, 8) = 0
17045 rt_sigaction(SIGRT_10, {0x476ef0, ~[], SA_RESTORER|SA_STACK|SA_RESTART|SA_SIGINFO, 0x476f10}, NULL, 8) = 0
17045 rt_sigaction(SIGRT_11, NULL, {SIG_DFL, [], 0}, 8) = 0
17045 rt_sigaction(SIGRT_11, {0x476ef0, ~[], SA_RESTORER|SA_STACK|SA_RESTART|SA_SIGINFO, 0x476f10}, NULL, 8) = 0
17045 rt_sigaction(SIGRT_12, NULL, {SIG_DFL, [], 0}, 8) = 0
17045 rt_sigaction(SIGRT_12, {0x476ef0, ~[], SA_RESTORER|SA_STACK|SA_RESTART|SA_SIGINFO, 0x476f10}, NULL, 8) = 0
17045 rt_sigaction(SIGRT_13, NULL, {SIG_DFL, [], 0}, 8) = 0
17045 rt_sigaction(SIGRT_13, {0x476ef0, ~[], SA_RESTORER|SA_STACK|SA_RESTART|SA_SIGINFO, 0x476f10}, NULL, 8) = 0
17045 rt_sigaction(SIGRT_14, NULL, {SIG_DFL, [], 0}, 8) = 0
17045 rt_sigaction(SIGRT_14, {0x476ef0, ~[], SA_RESTORER|SA_STACK|SA_RESTART|SA_SIGINFO, 0x476f10}, NULL, 8) = 0
17045 rt_sigaction(SIGRT_15, NULL, {SIG_DFL, [], 0}, 8) = 0
17045 rt_sigaction(SIGRT_15, {0x476ef0, ~[], SA_RESTORER|SA_STACK|SA_RESTART|SA_SIGINFO, 0x476f10}, NULL, 8) = 0
17045 rt_sigaction(SIGRT_16, NULL, {SIG_DFL, [], 0}, 8) = 0
17045 rt_sigaction(SIGRT_16, {0x476ef0, ~[], SA_RESTORER|SA_STACK|SA_RESTART|SA_SIGINFO, 0x476f10}, NULL, 8) = 0
17045 rt_sigaction(SIGRT_17, NULL, {SIG_DFL, [], 0}, 8) = 0
17045 rt_sigaction(SIGRT_17, {0x476ef0, ~[], SA_RESTORER|SA_STACK|SA_RESTART|SA_SIGINFO, 0x476f10}, NULL, 8) = 0
17045 rt_sigaction(SIGRT_18, NULL, {SIG_DFL, [], 0}, 8) = 0
17045 rt_sigaction(SIGRT_18, {0x476ef0, ~[], SA_RESTORER|SA_STACK|SA_RESTART|SA_SIGINFO, 0x476f10}, NULL, 8) = 0
17045 rt_sigaction(SIGRT_19, NULL, {SIG_DFL, [], 0}, 8) = 0
17045 rt_sigaction(SIGRT_19, {0x476ef0, ~[], SA_RESTORER|SA_STACK|SA_RESTART|SA_SIGINFO, 0x476f10}, NULL, 8) = 0
17045 rt_sigaction(SIGRT_20, NULL, {SIG_DFL, [], 0}, 8) = 0
17045 rt_sigaction(SIGRT_20, {0x476ef0, ~[], SA_RESTORER|SA_STACK|SA_RESTART|SA_SIGINFO, 0x476f10}, NULL, 8) = 0
17045 rt_sigaction(SIGRT_21, NULL, {SIG_DFL, [], 0}, 8) = 0
17045 rt_sigaction(SIGRT_21, {0x476ef0, ~[], SA_RESTORER|SA_STACK|SA_RESTART|SA_SIGINFO, 0x476f10}, NULL, 8) = 0
17045 rt_sigaction(SIGRT_22, NULL, {SIG_DFL, [], 0}, 8) = 0
17045 rt_sigaction(SIGRT_22, {0x476ef0, ~[], SA_RESTORER|SA_STACK|SA_RESTART|SA_SIGINFO, 0x476f10}, NULL, 8) = 0
17045 rt_sigaction(SIGRT_23, NULL, {SIG_DFL, [], 0}, 8) = 0
17045 rt_sigaction(SIGRT_23, {0x476ef0, ~[], SA_RESTORER|SA_STACK|SA_RESTART|SA_SIGINFO, 0x476f10}, NULL, 8) = 0
17045 rt_sigaction(SIGRT_24, NULL, {SIG_DFL, [], 0}, 8) = 0
17045 rt_sigaction(SIGRT_24, {0x476ef0, ~[], SA_RESTORER|SA_STACK|SA_RESTART|SA_SIGINFO, 0x476f10}, NULL, 8) = 0
17045 rt_sigaction(SIGRT_25, NULL, {SIG_DFL, [], 0}, 8) = 0
17045 rt_sigaction(SIGRT_25, {0x476ef0, ~[], SA_RESTORER|SA_STACK|SA_RESTART|SA_SIGINFO, 0x476f10}, NULL, 8) = 0
17045 rt_sigaction(SIGRT_26, NULL, {SIG_DFL, [], 0}, 8) = 0
17045 rt_sigaction(SIGRT_26, {0x476ef0, ~[], SA_RESTORER|SA_STACK|SA_RESTART|SA_SIGINFO, 0x476f10}, NULL, 8) = 0
17045 rt_sigaction(SIGRT_27, NULL, {SIG_DFL, [], 0}, 8) = 0
17045 rt_sigaction(SIGRT_27, {0x476ef0, ~[], SA_RESTORER|SA_STACK|SA_RESTART|SA_SIGINFO, 0x476f10}, NULL, 8) = 0
17045 rt_sigaction(SIGRT_28, NULL, {SIG_DFL, [], 0}, 8) = 0
17045 rt_sigaction(SIGRT_28, {0x476ef0, ~[], SA_RESTORER|SA_STACK|SA_RESTART|SA_SIGINFO, 0x476f10}, NULL, 8) = 0
17045 rt_sigaction(SIGRT_29, NULL, {SIG_DFL, [], 0}, 8) = 0
17045 rt_sigaction(SIGRT_29, {0x476ef0, ~[], SA_RESTORER|SA_STACK|SA_RESTART|SA_SIGINFO, 0x476f10}, NULL, 8) = 0
17045 rt_sigaction(SIGRT_30, NULL, {SIG_DFL, [], 0}, 8) = 0
17045 rt_sigaction(SIGRT_30, {0x476ef0, ~[], SA_RESTORER|SA_STACK|SA_RESTART|SA_SIGINFO, 0x476f10}, NULL, 8) = 0
17045 rt_sigaction(SIGRT_31, NULL, {SIG_DFL, [], 0}, 8) = 0
17045 rt_sigaction(SIGRT_31, {0x476ef0, ~[], SA_RESTORER|SA_STACK|SA_RESTART|SA_SIGINFO, 0x476f10}, NULL, 8) = 0
17045 rt_sigaction(SIGRT_32, NULL, {SIG_DFL, [], 0}, 8) = 0
17045 rt_sigaction(SIGRT_32, {0x476ef0, ~[], SA_RESTORER|SA_STACK|SA_RESTART|SA_SIGINFO, 0x476f10}, NULL, 8) = 0
17045 clock_gettime(CLOCK_MONOTONIC, {4903, 879549586}) = 0
17045 rt_sigprocmask(SIG_SETMASK, NULL, [], 8) = 0
17045 rt_sigprocmask(SIG_SETMASK, ~[RTMIN RT_1], [], 8) = 0
17045 mmap(NULL, 8392704, PROT_READ|PROT_WRITE, MAP_PRIVATE|MAP_ANONYMOUS|MAP_STACK, -1, 0) = 0x7f6f081c7000
17045 mprotect(0x7f6f081c7000, 4096, PROT_NONE) = 0
17045 clone(child_stack=0x7f6f089c6e70, flags=CLONE_VM|CLONE_FS|CLONE_FILES|CLONE_SIGHAND|CLONE_THREAD|CLONE_SYSVSEM|CLONE_SETTLS|CLONE_PARENT_SETTID|CLONE_CHILD_CLEARTID, parent_tidptr=0x7f6f089c79d0, tls=0x7f6f089c7700, child_tidptr=0x7f6f089c79d0) = 17046
17045 rt_sigprocmask(SIG_SETMASK, [], NULL, 8) = 0
17045 mmap(NULL, 262144, PROT_READ|PROT_WRITE, MAP_PRIVATE|MAP_ANONYMOUS, -1, 0) = 0x7f6f08187000
17045 clock_gettime(CLOCK_MONOTONIC, {4903, 879731764}) = 0
17045 clock_gettime(CLOCK_MONOTONIC, {4903, 879750323}) = 0
17045 clock_gettime(CLOCK_MONOTONIC, {4903, 879768667}) = 0
17045 clock_gettime(CLOCK_MONOTONIC, {4903, 879785114}) = 0
17045 clock_gettime(CLOCK_MONOTONIC, {4903, 879802924}) = 0
17045 clock_gettime(CLOCK_MONOTONIC, {4903, 879820294}) = 0
17045 clock_gettime(CLOCK_MONOTONIC, {4903, 879838432}) = 0
17045 clock_gettime(CLOCK_MONOTONIC, {4903, 881254526}) = 0
17045 clock_gettime(CLOCK_MONOTONIC, {4903, 881279221}) = 0
17045 clock_gettime(CLOCK_MONOTONIC, {4903, 881294061}) = 0
17045 clock_gettime(CLOCK_MONOTONIC, {4903, 881308419}) = 0
17045 clock_gettime(CLOCK_MONOTONIC, {4903, 881323953}) = 0
17045 clock_gettime(CLOCK_MONOTONIC, {4903, 881339611}) = 0
17045 clock_gettime(CLOCK_MONOTONIC, {4903, 881352861}) = 0
17045 rt_sigprocmask(SIG_SETMASK, NULL, [], 8) = 0
17045 rt_sigprocmask(SIG_SETMASK, ~[RTMIN RT_1], [], 8) = 0
17045 mmap(NULL, 8392704, PROT_READ|PROT_WRITE, MAP_PRIVATE|MAP_ANONYMOUS|MAP_STACK, -1, 0) = 0x7f6f07986000
17045 mprotect(0x7f6f07986000, 4096, PROT_NONE) = 0
17045 clone(child_stack=0x7f6f08185e70, flags=CLONE_VM|CLONE_FS|CLONE_FILES|CLONE_SIGHAND|CLONE_THREAD|CLONE_SYSVSEM|CLONE_SETTLS|CLONE_PARENT_SETTID|CLONE_CHILD_CLEARTID, parent_tidptr=0x7f6f081869d0, tls=0x7f6f08186700, child_tidptr=0x7f6f081869d0) = 17047
17045 rt_sigprocmask(SIG_SETMASK, [], NULL, 8) = 0
17045 rt_sigprocmask(SIG_SETMASK, NULL, [], 8) = 0
17045 rt_sigprocmask(SIG_SETMASK, ~[RTMIN RT_1], [], 8) = 0
17045 mmap(NULL, 8392704, PROT_READ|PROT_WRITE, MAP_PRIVATE|MAP_ANONYMOUS|MAP_STACK, -1, 0) = 0x7f6f07185000
17045 mprotect(0x7f6f07185000, 4096, PROT_NONE) = 0
17045 clone(child_stack=0x7f6f07984e70, flags=CLONE_VM|CLONE_FS|CLONE_FILES|CLONE_SIGHAND|CLONE_THREAD|CLONE_SYSVSEM|CLONE_SETTLS|CLONE_PARENT_SETTID|CLONE_CHILD_CLEARTID, parent_tidptr=0x7f6f079859d0, tls=0x7f6f07985700, child_tidptr=0x7f6f079859d0) = 17048
17045 rt_sigprocmask(SIG_SETMASK, [], NULL, 8) = 0
17045 futex(0x21ef2b0, FUTEX_WAIT, 0, NULL <unfinished ...>
17048 set_robust_list(0x7f6f079859e0, 24) = 0
17048 sigaltstack({ss_sp=0xc820058000, ss_flags=0, ss_size=32672}, NULL) = 0
17048 gettid()                          = 17048
17048 rt_sigprocmask(SIG_SETMASK, [], NULL, 8) = 0
17048 futex(0x21ef2b0, FUTEX_WAKE, 1 <unfinished ...>
17045 <... futex resumed> )             = 0
17045 openat(AT_FDCWD, "/proc/sys/net/core/somaxconn", O_RDONLY|O_CLOEXEC <unfinished ...>
17046 set_robust_list(0x7f6f089c79e0, 24) = 0
17046 sigaltstack({ss_sp=0xc820040000, ss_flags=0, ss_size=32672}, NULL) = 0
17046 gettid()                          = 17046
17046 rt_sigprocmask(SIG_SETMASK, [], NULL, 8) = 0
17046 clock_gettime(CLOCK_MONOTONIC, {4903, 883201152}) = 0
17046 select(0, NULL, NULL, NULL, {0, 20}) = 0 (Timeout)
17046 clock_gettime(CLOCK_MONOTONIC, {4903, 883317598}) = 0
17046 clock_gettime(CLOCK_REALTIME, {1465918769, 667321263}) = 0
17046 select(0, NULL, NULL, NULL, {0, 20}) = 0 (Timeout)
17046 clock_gettime(CLOCK_MONOTONIC, {4903, 883444213}) = 0
17046 clock_gettime(CLOCK_REALTIME, {1465918769, 667447338}) = 0
17046 rt_sigprocmask(SIG_SETMASK, NULL, [], 8) = 0
17046 mmap(NULL, 134217728, PROT_NONE, MAP_PRIVATE|MAP_ANONYMOUS|MAP_NORESERVE, -1, 0) = 0x7f6eff185000
17046 munmap(0x7f6eff185000, 15183872)  = 0
17046 munmap(0x7f6f04000000, 51924992)  = 0
17046 mprotect(0x7f6f00000000, 135168, PROT_READ|PROT_WRITE) = 0
17046 rt_sigprocmask(SIG_SETMASK, ~[RTMIN RT_1], [], 8) = 0
17046 mmap(NULL, 8392704, PROT_READ|PROT_WRITE, MAP_PRIVATE|MAP_ANONYMOUS|MAP_STACK, -1, 0) = 0x7f6f06984000
17046 mprotect(0x7f6f06984000, 4096, PROT_NONE) = 0
17046 clone(child_stack=0x7f6f07183e70, flags=CLONE_VM|CLONE_FS|CLONE_FILES|CLONE_SIGHAND|CLONE_THREAD|CLONE_SYSVSEM|CLONE_SETTLS|CLONE_PARENT_SETTID|CLONE_CHILD_CLEARTID, parent_tidptr=0x7f6f071849d0, tls=0x7f6f07184700, child_tidptr=0x7f6f071849d0) = 17049
17046 rt_sigprocmask(SIG_SETMASK, [], NULL, 8) = 0
17046 select(0, NULL, NULL, NULL, {0, 20} <unfinished ...>
17049 set_robust_list(0x7f6f071849e0, 24) = 0
17049 sigaltstack({ss_sp=0xc820082000, ss_flags=0, ss_size=32672}, NULL) = 0
17049 gettid()                          = 17049
17049 rt_sigprocmask(SIG_SETMASK, [], NULL, 8) = 0
17046 <... select resumed> )            = 0 (Timeout)
17046 clock_gettime(CLOCK_MONOTONIC, {4903, 883793936}) = 0
17046 clock_gettime(CLOCK_REALTIME, {1465918769, 667797408}) = 0
17046 select(0, NULL, NULL, NULL, {0, 20} <unfinished ...>
17049 futex(0xc82002f310, FUTEX_WAIT, 0, NULL <unfinished ...>
17046 <... select resumed> )            = 0 (Timeout)
17046 clock_gettime(CLOCK_MONOTONIC, {4903, 883931673}) = 0
17046 clock_gettime(CLOCK_REALTIME, {1465918769, 667940909}) = 0
17046 select(0, NULL, NULL, NULL, {0, 20}) = 0 (Timeout)
17046 clock_gettime(CLOCK_MONOTONIC, {4903, 884089156}) = 0
17046 clock_gettime(CLOCK_REALTIME, {1465918769, 668095768}) = 0
17046 select(0, NULL, NULL, NULL, {0, 20}) = 0 (Timeout)
17046 clock_gettime(CLOCK_MONOTONIC, {4903, 884316099}) = 0
17046 clock_gettime(CLOCK_REALTIME, {1465918769, 668319443}) = 0
17046 select(0, NULL, NULL, NULL, {0, 20} <unfinished ...>
17048 <... futex resumed> )             = 1
17048 futex(0xc82002ee90, FUTEX_WAIT, 0, NULL <unfinished ...>
17046 <... select resumed> )            = 0 (Timeout)
17046 clock_gettime(CLOCK_MONOTONIC, {4903, 884446232}) = 0
17046 clock_gettime(CLOCK_REALTIME, {1465918769, 668449541}) = 0
17046 select(0, NULL, NULL, NULL, {0, 20}) = 0 (Timeout)
17046 clock_gettime(CLOCK_MONOTONIC, {4903, 884563821}) = 0
17046 clock_gettime(CLOCK_REALTIME, {1465918769, 668566834}) = 0
17046 select(0, NULL, NULL, NULL, {0, 20}) = 0 (Timeout)
17046 clock_gettime(CLOCK_MONOTONIC, {4903, 884679203}) = 0
17046 clock_gettime(CLOCK_REALTIME, {1465918769, 668682221}) = 0
17046 select(0, NULL, NULL, NULL, {0, 20}) = 0 (Timeout)
17046 clock_gettime(CLOCK_MONOTONIC, {4903, 884796430}) = 0
17046 clock_gettime(CLOCK_REALTIME, {1465918769, 668799372}) = 0
17046 select(0, NULL, NULL, NULL, {0, 20}) = 0 (Timeout)
17046 clock_gettime(CLOCK_MONOTONIC, {4903, 884918852}) = 0
17046 clock_gettime(CLOCK_REALTIME, {1465918769, 668924196}) = 0
17046 select(0, NULL, NULL, NULL, {0, 20}) = 0 (Timeout)
17046 clock_gettime(CLOCK_MONOTONIC, {4903, 885062692}) = 0
17046 clock_gettime(CLOCK_REALTIME, {1465918769, 669065952}) = 0
17046 select(0, NULL, NULL, NULL, {0, 20}) = 0 (Timeout)
17046 clock_gettime(CLOCK_MONOTONIC, {4903, 885182853}) = 0
17046 clock_gettime(CLOCK_REALTIME, {1465918769, 669186479}) = 0
17046 select(0, NULL, NULL, NULL, {0, 20}) = 0 (Timeout)
17046 clock_gettime(CLOCK_MONOTONIC, {4903, 885301555}) = 0
17046 clock_gettime(CLOCK_REALTIME, {1465918769, 669310455}) = 0
17046 select(0, NULL, NULL, NULL, {0, 20}) = 0 (Timeout)
17046 clock_gettime(CLOCK_MONOTONIC, {4903, 885431217}) = 0
17046 clock_gettime(CLOCK_REALTIME, {1465918769, 669437859}) = 0
17046 select(0, NULL, NULL, NULL, {0, 20}) = 0 (Timeout)
17046 clock_gettime(CLOCK_MONOTONIC, {4903, 885558563}) = 0
17046 clock_gettime(CLOCK_REALTIME, {1465918769, 669562578}) = 0
17046 select(0, NULL, NULL, NULL, {0, 20}) = 0 (Timeout)
17046 clock_gettime(CLOCK_MONOTONIC, {4903, 885685470}) = 0
17046 clock_gettime(CLOCK_REALTIME, {1465918769, 669688715}) = 0
17046 select(0, NULL, NULL, NULL, {0, 20}) = 0 (Timeout)
17046 clock_gettime(CLOCK_MONOTONIC, {4903, 885819684}) = 0
17046 clock_gettime(CLOCK_REALTIME, {1465918769, 669826094}) = 0
17046 select(0, NULL, NULL, NULL, {0, 20}) = 0 (Timeout)
17046 clock_gettime(CLOCK_MONOTONIC, {4903, 885992323}) = 0
17046 clock_gettime(CLOCK_REALTIME, {1465918769, 670053458}) = 0
17046 select(0, NULL, NULL, NULL, {0, 20}) = 0 (Timeout)
17046 clock_gettime(CLOCK_MONOTONIC, {4903, 886175021}) = 0
17046 clock_gettime(CLOCK_REALTIME, {1465918769, 670180325}) = 0
17046 select(0, NULL, NULL, NULL, {0, 20}) = 0 (Timeout)
17046 clock_gettime(CLOCK_MONOTONIC, {4903, 886300957}) = 0
17046 clock_gettime(CLOCK_REALTIME, {1465918769, 670305630}) = 0
17046 select(0, NULL, NULL, NULL, {0, 20}) = 0 (Timeout)
17046 clock_gettime(CLOCK_MONOTONIC, {4903, 886418953}) = 0
17046 clock_gettime(CLOCK_REALTIME, {1465918769, 670421979}) = 0
17046 select(0, NULL, NULL, NULL, {0, 20}) = 0 (Timeout)
17046 clock_gettime(CLOCK_MONOTONIC, {4903, 886533751}) = 0
17046 clock_gettime(CLOCK_REALTIME, {1465918769, 670536600}) = 0
17046 select(0, NULL, NULL, NULL, {0, 20}) = 0 (Timeout)
17046 clock_gettime(CLOCK_MONOTONIC, {4903, 886647939}) = 0
17046 clock_gettime(CLOCK_REALTIME, {1465918769, 670650720}) = 0
17046 select(0, NULL, NULL, NULL, {0, 20}) = 0 (Timeout)
17046 clock_gettime(CLOCK_MONOTONIC, {4903, 886762060}) = 0
17046 clock_gettime(CLOCK_REALTIME, {1465918769, 670764775}) = 0
17046 select(0, NULL, NULL, NULL, {0, 20}) = 0 (Timeout)
17046 clock_gettime(CLOCK_MONOTONIC, {4903, 886877885}) = 0
17046 clock_gettime(CLOCK_REALTIME, {1465918769, 670880851}) = 0
17046 select(0, NULL, NULL, NULL, {0, 20}) = 0 (Timeout)
17046 clock_gettime(CLOCK_MONOTONIC, {4903, 886992527}) = 0
17046 clock_gettime(CLOCK_REALTIME, {1465918769, 671004092}) = 0
17046 select(0, NULL, NULL, NULL, {0, 20}) = 0 (Timeout)
17046 clock_gettime(CLOCK_MONOTONIC, {4903, 887116792}) = 0
17046 clock_gettime(CLOCK_REALTIME, {1465918769, 671119625}) = 0
17046 select(0, NULL, NULL, NULL, {0, 20}) = 0 (Timeout)
17046 clock_gettime(CLOCK_MONOTONIC, {4903, 887230986}) = 0
17046 clock_gettime(CLOCK_REALTIME, {1465918769, 671233765}) = 0
17046 select(0, NULL, NULL, NULL, {0, 20}) = 0 (Timeout)
17046 clock_gettime(CLOCK_MONOTONIC, {4903, 887345078}) = 0
17046 clock_gettime(CLOCK_REALTIME, {1465918769, 671347821}) = 0
17046 select(0, NULL, NULL, NULL, {0, 20}) = 0 (Timeout)
17046 clock_gettime(CLOCK_MONOTONIC, {4903, 887459092}) = 0
17046 clock_gettime(CLOCK_REALTIME, {1465918769, 671462055}) = 0
17046 select(0, NULL, NULL, NULL, {0, 20}) = 0 (Timeout)
17046 clock_gettime(CLOCK_MONOTONIC, {4903, 887573627}) = 0
17046 clock_gettime(CLOCK_REALTIME, {1465918769, 671576437}) = 0
17046 select(0, NULL, NULL, NULL, {0, 20}) = 0 (Timeout)
17046 clock_gettime(CLOCK_MONOTONIC, {4903, 887687800}) = 0
17046 clock_gettime(CLOCK_REALTIME, {1465918769, 671690645}) = 0
17046 select(0, NULL, NULL, NULL, {0, 20}) = 0 (Timeout)
17046 clock_gettime(CLOCK_MONOTONIC, {4903, 887801706}) = 0
17046 clock_gettime(CLOCK_REALTIME, {1465918769, 671804458}) = 0
17046 select(0, NULL, NULL, NULL, {0, 20}) = 0 (Timeout)
17046 clock_gettime(CLOCK_MONOTONIC, {4903, 887916907}) = 0
17046 clock_gettime(CLOCK_REALTIME, {1465918769, 671919754}) = 0
17046 select(0, NULL, NULL, NULL, {0, 20}) = 0 (Timeout)
17046 clock_gettime(CLOCK_MONOTONIC, {4903, 888048577}) = 0
17046 clock_gettime(CLOCK_REALTIME, {1465918769, 672051514}) = 0
17046 select(0, NULL, NULL, NULL, {0, 20}) = 0 (Timeout)
17046 clock_gettime(CLOCK_MONOTONIC, {4903, 888163715}) = 0
17046 clock_gettime(CLOCK_REALTIME, {1465918769, 672166585}) = 0
17046 select(0, NULL, NULL, NULL, {0, 20}) = 0 (Timeout)
17046 clock_gettime(CLOCK_MONOTONIC, {4903, 888278245}) = 0
17046 clock_gettime(CLOCK_REALTIME, {1465918769, 672281154}) = 0
17046 select(0, NULL, NULL, NULL, {0, 20}) = 0 (Timeout)
17046 clock_gettime(CLOCK_MONOTONIC, {4903, 888392427}) = 0
17046 clock_gettime(CLOCK_REALTIME, {1465918769, 672395286}) = 0
17046 select(0, NULL, NULL, NULL, {0, 20}) = 0 (Timeout)
17046 clock_gettime(CLOCK_MONOTONIC, {4903, 888506653}) = 0
17046 clock_gettime(CLOCK_REALTIME, {1465918769, 672513969}) = 0
17046 select(0, NULL, NULL, NULL, {0, 20}) = 0 (Timeout)
17046 clock_gettime(CLOCK_MONOTONIC, {4903, 888625824}) = 0
17046 clock_gettime(CLOCK_REALTIME, {1465918769, 672628700}) = 0
17046 select(0, NULL, NULL, NULL, {0, 20}) = 0 (Timeout)
17046 clock_gettime(CLOCK_MONOTONIC, {4903, 888740969}) = 0
17046 clock_gettime(CLOCK_REALTIME, {1465918769, 672743777}) = 0
17046 select(0, NULL, NULL, NULL, {0, 20}) = 0 (Timeout)
17046 clock_gettime(CLOCK_MONOTONIC, {4903, 888859228}) = 0
17046 clock_gettime(CLOCK_REALTIME, {1465918769, 672862001}) = 0
17046 select(0, NULL, NULL, NULL, {0, 20}) = 0 (Timeout)
17046 clock_gettime(CLOCK_MONOTONIC, {4903, 888973664}) = 0
17046 clock_gettime(CLOCK_REALTIME, {1465918769, 672976414}) = 0
17046 select(0, NULL, NULL, NULL, {0, 20}) = 0 (Timeout)
17046 clock_gettime(CLOCK_MONOTONIC, {4903, 889089962}) = 0
17046 clock_gettime(CLOCK_REALTIME, {1465918769, 673092918}) = 0
17046 select(0, NULL, NULL, NULL, {0, 20}) = 0 (Timeout)
17046 clock_gettime(CLOCK_MONOTONIC, {4903, 889204541}) = 0
17046 clock_gettime(CLOCK_REALTIME, {1465918769, 673207645}) = 0
17046 select(0, NULL, NULL, NULL, {0, 20}) = 0 (Timeout)
17046 clock_gettime(CLOCK_MONOTONIC, {4903, 889318982}) = 0
17046 clock_gettime(CLOCK_REALTIME, {1465918769, 673321833}) = 0
17046 select(0, NULL, NULL, NULL, {0, 20}) = 0 (Timeout)
17046 clock_gettime(CLOCK_MONOTONIC, {4903, 889433194}) = 0
17046 clock_gettime(CLOCK_REALTIME, {1465918769, 673435989}) = 0
17046 select(0, NULL, NULL, NULL, {0, 20}) = 0 (Timeout)
17046 clock_gettime(CLOCK_MONOTONIC, {4903, 889547666}) = 0
17046 clock_gettime(CLOCK_REALTIME, {1465918769, 673550478}) = 0
17046 select(0, NULL, NULL, NULL, {0, 20}) = 0 (Timeout)
17046 clock_gettime(CLOCK_MONOTONIC, {4903, 889661859}) = 0
17046 clock_gettime(CLOCK_REALTIME, {1465918769, 673664626}) = 0
17046 select(0, NULL, NULL, NULL, {0, 20}) = 0 (Timeout)
17046 clock_gettime(CLOCK_MONOTONIC, {4903, 889775889}) = 0
17046 clock_gettime(CLOCK_REALTIME, {1465918769, 673778658}) = 0
17046 select(0, NULL, NULL, NULL, {0, 20}) = 0 (Timeout)
17046 clock_gettime(CLOCK_MONOTONIC, {4903, 889890815}) = 0
17046 clock_gettime(CLOCK_REALTIME, {1465918769, 673893671}) = 0
17046 select(0, NULL, NULL, NULL, {0, 20}) = 0 (Timeout)
17046 clock_gettime(CLOCK_MONOTONIC, {4903, 890014707}) = 0
17046 clock_gettime(CLOCK_REALTIME, {1465918769, 674018134}) = 0
17046 select(0, NULL, NULL, NULL, {0, 40}) = 0 (Timeout)
17046 clock_gettime(CLOCK_MONOTONIC, {4903, 890158110}) = 0
17046 clock_gettime(CLOCK_REALTIME, {1465918769, 674161072}) = 0
17046 select(0, NULL, NULL, NULL, {0, 80}) = 0 (Timeout)
17046 clock_gettime(CLOCK_MONOTONIC, {4903, 890333068}) = 0
17046 clock_gettime(CLOCK_REALTIME, {1465918769, 674335916}) = 0
17046 select(0, NULL, NULL, NULL, {0, 160}) = 0 (Timeout)
17046 clock_gettime(CLOCK_MONOTONIC, {4903, 890592592}) = 0
17046 clock_gettime(CLOCK_REALTIME, {1465918769, 674595733}) = 0
17046 select(0, NULL, NULL, NULL, {0, 320}) = 0 (Timeout)
17046 clock_gettime(CLOCK_MONOTONIC, {4903, 891021402}) = 0
17046 clock_gettime(CLOCK_REALTIME, {1465918769, 675024509}) = 0
17046 select(0, NULL, NULL, NULL, {0, 640} <unfinished ...>
17045 <... openat resumed> )            = 3
17046 <... select resumed> )            = 0 (Timeout)
17045 read(3,  <unfinished ...>
17046 clock_gettime(CLOCK_MONOTONIC,  <unfinished ...>
17045 <... read resumed> "128\n", 4096) = 4
17046 <... clock_gettime resumed> {4903, 892109366}) = 0
17045 read(3,  <unfinished ...>
17046 clock_gettime(CLOCK_REALTIME,  <unfinished ...>
17045 <... read resumed> "", 4092)      = 0
17046 <... clock_gettime resumed> {1465918769, 676125731}) = 0
17045 close(3 <unfinished ...>
17046 select(0, NULL, NULL, NULL, {0, 1280} <unfinished ...>
17045 <... close resumed> )             = 0
17045 socket(PF_INET, SOCK_STREAM, IPPROTO_TCP) = 3
17045 close(3)                          = 0
17045 socket(PF_INET6, SOCK_STREAM, IPPROTO_TCP) = 3
17045 setsockopt(3, SOL_IPV6, IPV6_V6ONLY, [1], 4) = 0
17045 bind(3, {sa_family=AF_INET6, sin6_port=htons(0), inet_pton(AF_INET6, "::1", &sin6_addr), sin6_flowinfo=0, sin6_scope_id=0}, 28) = 0
17045 socket(PF_INET6, SOCK_STREAM, IPPROTO_TCP) = 4
17045 setsockopt(4, SOL_IPV6, IPV6_V6ONLY, [0], 4) = 0
17045 bind(4, {sa_family=AF_INET6, sin6_port=htons(0), inet_pton(AF_INET6, "::ffff:127.0.0.1", &sin6_addr), sin6_flowinfo=0, sin6_scope_id=0}, 28) = 0
17045 close(4)                          = 0
17045 close(3)                          = 0
17045 clock_gettime(CLOCK_REALTIME, {1465918769, 676482013}) = 0
17045 ioctl(2, SNDCTL_TMR_TIMEBASE or SNDRV_TIMER_IOCTL_NEXT_DEVICE or TCGETS, {B38400 opost isig icanon echo ...}) = 0
17045 stat("/usr/local/bin/adduser", 0xc82007e120) = -1 ENOENT (No such file or directory)
17045 stat("/usr/local/sbin/adduser", 0xc82007e1b0) = -1 ENOENT (No such file or directory)
17045 stat("/usr/bin/adduser", 0xc82007e240) = -1 ENOENT (No such file or directory)
17045 stat("/usr/sbin/adduser", {st_mode=S_IFREG|0750, st_size=114064, ...}) = 0
17045 lstat("/usr", {st_mode=S_IFDIR|0755, st_size=4096, ...}) = 0
17045 lstat("/usr/sbin", {st_mode=S_IFDIR|0555, st_size=20480, ...}) = 0
17045 lstat("/usr/sbin/adduser", {st_mode=S_IFLNK|0777, st_size=7, ...}) = 0
17045 readlinkat(AT_FDCWD, "/usr/sbin/adduser", "useradd", 128) = 7
17045 lstat("/usr/sbin/useradd", {st_mode=S_IFREG|0750, st_size=114064, ...}) = 0
17045 stat("/usr/local/bin/useradd", 0xc82007e5a0) = -1 ENOENT (No such file or directory)
17045 stat("/usr/local/sbin/useradd", 0xc82007e630) = -1 ENOENT (No such file or directory)
17045 stat("/usr/bin/useradd", 0xc82007e6c0) = -1 ENOENT (No such file or directory)
17045 stat("/usr/sbin/useradd", {st_mode=S_IFREG|0750, st_size=114064, ...}) = 0
17045 lstat("/usr", {st_mode=S_IFDIR|0755, st_size=4096, ...}) = 0
17045 lstat("/usr/sbin", {st_mode=S_IFDIR|0555, st_size=20480, ...}) = 0
17045 lstat("/usr/sbin/useradd", {st_mode=S_IFREG|0750, st_size=114064, ...}) = 0
17045 syscall_318(0xc82004dabf, 0x1, 0x1, 0, 0, 0) = -1 (errno 38)
17045 openat(AT_FDCWD, "/dev/urandom", O_RDONLY|O_CLOEXEC) = 3
17045 read(3,  <unfinished ...>
17046 <... select resumed> )            = 0 (Timeout)
17045 <... read resumed> "\251\0050\250.\16~\374\254\317\257\0013\22\254\205\211{8\324\350\2462\244\216\237\270k\212\220\34\376"..., 4096) = 4096
17046 clock_gettime(CLOCK_MONOTONIC,  <unfinished ...>
17045 futex(0xc82002ee90, FUTEX_WAKE, 1 <unfinished ...>
17046 <... clock_gettime resumed> {4903, 894612183}) = 0
17046 clock_gettime(CLOCK_REALTIME, {1465918769, 678620530}) = 0
17046 select(0, NULL, NULL, NULL, {0, 2560} <unfinished ...>
17045 <... futex resumed> )             = 1
17045 futex(0x21ef2b0, FUTEX_WAIT, 0, NULL <unfinished ...>
17047 set_robust_list(0x7f6f081869e0, 24) = 0
17047 sigaltstack({ss_sp=0xc820050000, ss_flags=0, ss_size=32672}, NULL) = 0
17047 gettid()                          = 17047
17047 rt_sigprocmask(SIG_SETMASK, [], NULL, 8) = 0
17047 select(0, NULL, NULL, NULL, {0, 100} <unfinished ...>
17048 <... futex resumed> )             = 0
17048 futex(0x21ef2b0, FUTEX_WAKE, 1 <unfinished ...>
17045 <... futex resumed> )             = 0
17045 futex(0xc82002f310, FUTEX_WAKE, 1) = 1
17045 futex(0x21ef2b0, FUTEX_WAIT, 0, NULL <unfinished ...>
17048 <... futex resumed> )             = 1
17048 futex(0xc82002ee90, FUTEX_WAIT, 0, NULL <unfinished ...>
17049 <... futex resumed> )             = 0
17049 futex(0x21ef2b0, FUTEX_WAKE, 1 <unfinished ...>
17045 <... futex resumed> )             = 0
17045 futex(0xc82002ee90, FUTEX_WAKE, 1) = 1
17045 futex(0x21ef2b0, FUTEX_WAIT, 0, NULL <unfinished ...>
17048 <... futex resumed> )             = 0
17048 futex(0x21ef2b0, FUTEX_WAKE, 1 <unfinished ...>
17049 <... futex resumed> )             = 1
17049 futex(0xc82002f310, FUTEX_WAIT, 0, NULL <unfinished ...>
17045 <... futex resumed> )             = 0
17045 futex(0xc82002f310, FUTEX_WAKE, 1) = 1
17045 futex(0x21ef2b0, FUTEX_WAIT, 0, NULL <unfinished ...>
17047 <... select resumed> )            = 0 (Timeout)
17049 <... futex resumed> )             = 0
17048 <... futex resumed> )             = 1
17049 futex(0x21ef2b0, FUTEX_WAKE, 1 <unfinished ...>
17047 futex(0xc82002ea10, FUTEX_WAIT, 0, NULL <unfinished ...>
17048 futex(0xc82002ee90, FUTEX_WAIT, 0, NULL <unfinished ...>
17045 <... futex resumed> )             = 0
17045 futex(0xc82002ee90, FUTEX_WAKE, 1) = 1
17045 futex(0xc82002ea10, FUTEX_WAKE, 1) = 0
17045 futex(0x21ef2b0, FUTEX_WAIT, 0, NULL <unfinished ...>
17048 <... futex resumed> )             = 0
17049 <... futex resumed> )             = 1
17048 select(0, NULL, NULL, NULL, {0, 100} <unfinished ...>
17049 futex(0xc82002f310, FUTEX_WAIT, 0, NULL <unfinished ...>
17047 <... futex resumed> )             = -1 EAGAIN (Resource temporarily unavailable)
17047 futex(0x21ef2b0, FUTEX_WAKE, 1 <unfinished ...>
17045 <... futex resumed> )             = 0
17045 futex(0xc82002f310, FUTEX_WAKE, 1) = 1
17045 futex(0x21ef2b0, FUTEX_WAIT, 0, NULL <unfinished ...>
17049 <... futex resumed> )             = 0
17049 futex(0x21ef2b0, FUTEX_WAKE, 1 <unfinished ...>
17045 <... futex resumed> )             = 0
17045 mmap(0xc820100000, 1048576, PROT_READ|PROT_WRITE, MAP_PRIVATE|MAP_ANONYMOUS, -1, 0) = 0xc820100000
17045 mmap(0xc81fff0000, 32768, PROT_READ|PROT_WRITE, MAP_PRIVATE|MAP_ANONYMOUS, -1, 0) = 0xc81fff0000
17045 clock_gettime(CLOCK_MONOTONIC, {4903, 895232721}) = 0
17045 rt_sigprocmask(SIG_SETMASK, NULL, [], 8) = 0
17045 rt_sigprocmask(SIG_SETMASK, ~[RTMIN RT_1], [], 8) = 0
17045 mmap(NULL, 8392704, PROT_READ|PROT_WRITE, MAP_PRIVATE|MAP_ANONYMOUS|MAP_STACK, -1, 0) = 0x7f6f06183000
17045 mprotect(0x7f6f06183000, 4096, PROT_NONE) = 0
17045 clone(child_stack=0x7f6f06982e70, flags=CLONE_VM|CLONE_FS|CLONE_FILES|CLONE_SIGHAND|CLONE_THREAD|CLONE_SYSVSEM|CLONE_SETTLS|CLONE_PARENT_SETTID|CLONE_CHILD_CLEARTID, parent_tidptr=0x7f6f069839d0, tls=0x7f6f06983700, child_tidptr=0x7f6f069839d0) = 17050
17045 rt_sigprocmask(SIG_SETMASK, [], NULL, 8) = 0
17045 futex(0x21ef2b0, FUTEX_WAIT, 0, NULL <unfinished ...>
17048 <... select resumed> )            = 0 (Timeout)
17048 futex(0x21ef2b0, FUTEX_WAKE, 1 <unfinished ...>
17049 <... futex resumed> )             = 1
17049 futex(0xc82002f310, FUTEX_WAIT, 0, NULL <unfinished ...>
17045 <... futex resumed> )             = 0
17045 futex(0xc82002f310, FUTEX_WAKE, 1) = 1
17045 futex(0x21ef2b0, FUTEX_WAIT, 0, NULL <unfinished ...>
17049 <... futex resumed> )             = 0
17049 futex(0x21ef2b0, FUTEX_WAKE, 1 <unfinished ...>
17047 <... futex resumed> )             = 1
17048 <... futex resumed> )             = 1
17047 futex(0xc82002ea10, FUTEX_WAIT, 0, NULL <unfinished ...>
17048 futex(0xc82002ee90, FUTEX_WAIT, 0, NULL <unfinished ...>
17045 <... futex resumed> )             = 0
17045 futex(0xc82002ee90, FUTEX_WAKE, 1) = 1
17045 futex(0x21ef2b0, FUTEX_WAIT, 0, NULL <unfinished ...>
17048 <... futex resumed> )             = 0
17049 <... futex resumed> )             = 1
17048 futex(0x21ef2b0, FUTEX_WAKE, 1 <unfinished ...>
17049 futex(0xc82002f310, FUTEX_WAIT, 0, NULL <unfinished ...>
17045 <... futex resumed> )             = 0
17045 futex(0xc82002f310, FUTEX_WAKE, 1) = 1
17045 futex(0x21ef2b0, FUTEX_WAIT, 0, NULL <unfinished ...>
17049 <... futex resumed> )             = 0
17049 futex(0x21ef2b0, FUTEX_WAKE, 1 <unfinished ...>
17048 <... futex resumed> )             = 1
17048 futex(0xc82002ee90, FUTEX_WAIT, 0, NULL <unfinished ...>
17045 <... futex resumed> )             = 0
17045 futex(0xc82002ee90, FUTEX_WAKE, 1) = 0
17045 futex(0x21ef2b0, FUTEX_WAIT, 0, NULL <unfinished ...>
17048 <... futex resumed> )             = -1 EAGAIN (Resource temporarily unavailable)
17049 <... futex resumed> )             = 1
17049 futex(0xc82002f310, FUTEX_WAIT, 0, NULL <unfinished ...>
17048 futex(0x21ef2b0, FUTEX_WAKE, 1 <unfinished ...>
17045 <... futex resumed> )             = 0
17045 mmap(NULL, 262144, PROT_READ|PROT_WRITE, MAP_PRIVATE|MAP_ANONYMOUS, -1, 0) = 0x7f6f06143000
17045 futex(0xc82002f310, FUTEX_WAKE, 1) = 1
17045 futex(0x21ef2b0, FUTEX_WAIT, 0, NULL <unfinished ...>
17049 <... futex resumed> )             = 0
17049 futex(0x21ef2b0, FUTEX_WAKE, 1 <unfinished ...>
17048 <... futex resumed> )             = 1
17045 <... futex resumed> )             = 0
17045 clock_gettime(CLOCK_MONOTONIC, {4903, 896327250}) = 0
17045 clock_gettime(CLOCK_MONOTONIC, {4903, 896609156}) = 0
17046 <... select resumed> )            = 0 (Timeout)
17046 clock_gettime(CLOCK_MONOTONIC, {4903, 897310285}) = 0
17046 clock_gettime(CLOCK_REALTIME, {1465918769, 681322622}) = 0
17046 select(0, NULL, NULL, NULL, {0, 5120} <unfinished ...>
17045 clock_gettime(CLOCK_MONOTONIC, {4903, 897602051}) = 0
17045 mmap(0xc820200000, 1048576, PROT_READ|PROT_WRITE, MAP_PRIVATE|MAP_ANONYMOUS, -1, 0 <unfinished ...>
17048 futex(0xc82002ee90, FUTEX_WAIT, 0, NULL <unfinished ...>
17049 <... futex resumed> )             = 1
17049 futex(0xc82002f310, FUTEX_WAIT, 0, NULL <unfinished ...>
17045 <... mmap resumed> )              = 0xc820200000
17045 mmap(0xc81ffe8000, 32768, PROT_READ|PROT_WRITE, MAP_PRIVATE|MAP_ANONYMOUS, -1, 0) = 0xc81ffe8000
17045 clock_gettime(CLOCK_MONOTONIC, {4903, 900608553}) = 0
17046 <... select resumed> )            = 0 (Timeout)
17046 clock_gettime(CLOCK_MONOTONIC, {4903, 902627442}) = 0
17046 clock_gettime(CLOCK_REALTIME, {1465918769, 686657876}) = 0
17046 select(0, NULL, NULL, NULL, {0, 10000} <unfinished ...>
17050 set_robust_list(0x7f6f069839e0, 24) = 0
17050 sigaltstack({ss_sp=0xc820100000, ss_flags=0, ss_size=32672}, NULL) = 0
17050 gettid()                          = 17050
17050 rt_sigprocmask(SIG_SETMASK, [], NULL, 8) = 0
17050 select(0, NULL, NULL, NULL, {0, 100} <unfinished ...>
17045 mmap(0xc820300000, 1048576, PROT_READ|PROT_WRITE, MAP_PRIVATE|MAP_ANONYMOUS, -1, 0 <unfinished ...>
17050 <... select resumed> )            = 0 (Timeout)
17050 select(0, NULL, NULL, NULL, {0, 100} <unfinished ...>
17045 <... mmap resumed> )              = 0xc820300000
17045 mmap(0xc81ffe0000, 32768, PROT_READ|PROT_WRITE, MAP_PRIVATE|MAP_ANONYMOUS, -1, 0) = 0xc81ffe0000
17045 clock_gettime(CLOCK_MONOTONIC, {4903, 903992477}) = 0
17045 futex(0xc82002f310, FUTEX_WAKE, 1 <unfinished ...>
17050 <... select resumed> )            = 0 (Timeout)
17050 futex(0xc82002ee90, FUTEX_WAKE, 1 <unfinished ...>
17048 <... futex resumed> )             = 0
17048 select(0, NULL, NULL, NULL, {0, 100} <unfinished ...>
17050 <... futex resumed> )             = 1
17050 futex(0x2219500, FUTEX_WAIT, 0, NULL <unfinished ...>
17049 <... futex resumed> )             = 0
17049 futex(0x21ef2b0, FUTEX_WAKE, 1)   = 0
17049 futex(0xc82002f310, FUTEX_WAIT, 0, NULL <unfinished ...>
17045 <... futex resumed> )             = 1
17045 futex(0xc82002f310, FUTEX_WAKE, 1 <unfinished ...>
17049 <... futex resumed> )             = 0
17049 futex(0x21ef2b0, FUTEX_WAKE, 1)   = 0
17049 futex(0xc82002f310, FUTEX_WAIT, 0, NULL <unfinished ...>
17045 <... futex resumed> )             = 1
17045 futex(0xc82002f310, FUTEX_WAKE, 1 <unfinished ...>
17049 <... futex resumed> )             = 0
17049 futex(0x21ef2b0, FUTEX_WAKE, 1)   = 0
17049 futex(0xc82002f310, FUTEX_WAIT, 0, NULL <unfinished ...>
17045 <... futex resumed> )             = 1
17048 <... select resumed> )            = 0 (Timeout)
17048 futex(0xc82002ee90, FUTEX_WAIT, 0, NULL <unfinished ...>
17045 futex(0xc82002ee90, FUTEX_WAKE, 1 <unfinished ...>
17048 <... futex resumed> )             = 0
17048 select(0, NULL, NULL, NULL, {0, 100} <unfinished ...>
17045 <... futex resumed> )             = 1
17045 futex(0xc82002f310, FUTEX_WAKE, 1 <unfinished ...>
17049 <... futex resumed> )             = 0
17049 futex(0x21ef2b0, FUTEX_WAKE, 1)   = 0
17049 futex(0xc82002f310, FUTEX_WAIT, 0, NULL <unfinished ...>
17045 <... futex resumed> )             = 1
17045 futex(0xc82002f310, FUTEX_WAKE, 1 <unfinished ...>
17049 <... futex resumed> )             = 0
17049 futex(0x21ef2b0, FUTEX_WAKE, 1)   = 0
17049 futex(0xc82002f310, FUTEX_WAIT, 0, NULL <unfinished ...>
17045 <... futex resumed> )             = 1
17045 futex(0xc82002f310, FUTEX_WAKE, 1 <unfinished ...>
17049 <... futex resumed> )             = 0
17049 futex(0x21ef2b0, FUTEX_WAKE, 1)   = 0
17049 futex(0xc82002f310, FUTEX_WAIT, 0, NULL <unfinished ...>
17045 <... futex resumed> )             = 1
17045 futex(0xc82002f310, FUTEX_WAKE, 1 <unfinished ...>
17048 <... select resumed> )            = 0 (Timeout)
17048 futex(0x21ef2b0, FUTEX_WAKE, 1)   = 0
17048 futex(0xc82002ee90, FUTEX_WAIT, 0, NULL <unfinished ...>
17049 <... futex resumed> )             = 0
17049 futex(0xc82002f310, FUTEX_WAIT, 0, NULL <unfinished ...>
17045 <... futex resumed> )             = 1
17045 futex(0xc82002f310, FUTEX_WAKE, 1 <unfinished ...>
17049 <... futex resumed> )             = 0
17049 select(0, NULL, NULL, NULL, {0, 100} <unfinished ...>
17045 <... futex resumed> )             = 1
17045 futex(0xc82002ee90, FUTEX_WAKE, 1 <unfinished ...>
17048 <... futex resumed> )             = 0
17048 futex(0x21ef2b0, FUTEX_WAKE, 1)   = 0
17048 futex(0xc82002ee90, FUTEX_WAIT, 0, NULL <unfinished ...>
17045 <... futex resumed> )             = 1
17045 futex(0xc82002ee90, FUTEX_WAKE, 1 <unfinished ...>
17048 <... futex resumed> )             = 0
17048 futex(0x21ef2b0, FUTEX_WAKE, 1)   = 0
17048 futex(0xc82002ee90, FUTEX_WAIT, 0, NULL <unfinished ...>
17045 <... futex resumed> )             = 1
17045 futex(0xc82002ee90, FUTEX_WAKE, 1 <unfinished ...>
17048 <... futex resumed> )             = 0
17048 futex(0x21ef2b0, FUTEX_WAKE, 1)   = 0
17048 futex(0xc82002ee90, FUTEX_WAIT, 0, NULL <unfinished ...>
17045 <... futex resumed> )             = 1
17045 futex(0xc82002ee90, FUTEX_WAKE, 1 <unfinished ...>
17049 <... select resumed> )            = 0 (Timeout)
17049 futex(0x21ef2b0, FUTEX_WAKE, 1)   = 0
17049 futex(0xc82002f310, FUTEX_WAIT, 0, NULL <unfinished ...>
17048 <... futex resumed> )             = 0
17048 futex(0xc82002ee90, FUTEX_WAIT, 0, NULL <unfinished ...>
17045 <... futex resumed> )             = 1
17045 futex(0xc82002ee90, FUTEX_WAKE, 1 <unfinished ...>
17048 <... futex resumed> )             = 0
17048 select(0, NULL, NULL, NULL, {0, 100} <unfinished ...>
17045 <... futex resumed> )             = 1
17045 futex(0xc82002f310, FUTEX_WAKE, 1 <unfinished ...>
17049 <... futex resumed> )             = 0
17049 futex(0x21ef2b0, FUTEX_WAKE, 1)   = 0
17049 futex(0xc82002f310, FUTEX_WAIT, 0, NULL <unfinished ...>
17045 <... futex resumed> )             = 1
17045 futex(0xc82002f310, FUTEX_WAKE, 1 <unfinished ...>
17049 <... futex resumed> )             = 0
17049 futex(0x21ef2b0, FUTEX_WAKE, 1)   = 0
17049 futex(0xc82002f310, FUTEX_WAIT, 0, NULL <unfinished ...>
17045 <... futex resumed> )             = 1
17045 futex(0xc82002f310, FUTEX_WAKE, 1 <unfinished ...>
17049 <... futex resumed> )             = 0
17049 futex(0x21ef2b0, FUTEX_WAKE, 1)   = 0
17049 futex(0xc82002f310, FUTEX_WAIT, 0, NULL <unfinished ...>
17045 <... futex resumed> )             = 1
17045 futex(0xc82002f310, FUTEX_WAKE, 1 <unfinished ...>
17048 <... select resumed> )            = 0 (Timeout)
17048 futex(0x21ef2b0, FUTEX_WAKE, 1)   = 0
17048 futex(0xc82002ee90, FUTEX_WAIT, 0, NULL <unfinished ...>
17049 <... futex resumed> )             = 0
17049 futex(0xc82002f310, FUTEX_WAIT, 0, NULL <unfinished ...>
17045 <... futex resumed> )             = 1
17045 futex(0xc82002f310, FUTEX_WAKE, 1 <unfinished ...>
17049 <... futex resumed> )             = 0
17049 select(0, NULL, NULL, NULL, {0, 100} <unfinished ...>
17045 <... futex resumed> )             = 1
17045 futex(0xc82002ee90, FUTEX_WAKE, 1 <unfinished ...>
17048 <... futex resumed> )             = 0
17048 futex(0x21ef2b0, FUTEX_WAKE, 1)   = 0
17048 futex(0xc82002ee90, FUTEX_WAIT, 0, NULL <unfinished ...>
17045 <... futex resumed> )             = 1
17045 futex(0xc82002ee90, FUTEX_WAKE, 1 <unfinished ...>
17048 <... futex resumed> )             = 0
17048 futex(0x21ef2b0, FUTEX_WAKE, 1)   = 0
17048 futex(0xc82002ee90, FUTEX_WAIT, 0, NULL <unfinished ...>
17045 <... futex resumed> )             = 1
17045 futex(0xc82002ee90, FUTEX_WAKE, 1 <unfinished ...>
17048 <... futex resumed> )             = 0
17048 futex(0x21ef2b0, FUTEX_WAKE, 1)   = 0
17048 futex(0xc82002ee90, FUTEX_WAIT, 0, NULL <unfinished ...>
17049 <... select resumed> )            = 0 (Timeout)
17049 futex(0xc82002f310, FUTEX_WAIT, 0, NULL <unfinished ...>
17045 <... futex resumed> )             = 1
17045 futex(0xc82002f310, FUTEX_WAKE, 1 <unfinished ...>
17049 <... futex resumed> )             = 0
17049 select(0, NULL, NULL, NULL, {0, 100} <unfinished ...>
17045 <... futex resumed> )             = 1
17045 futex(0xc82002ee90, FUTEX_WAKE, 1 <unfinished ...>
17048 <... futex resumed> )             = 0
17048 futex(0x21ef2b0, FUTEX_WAKE, 1)   = 0
17048 futex(0xc82002ee90, FUTEX_WAIT, 0, NULL <unfinished ...>
17045 <... futex resumed> )             = 1
17045 futex(0xc82002ee90, FUTEX_WAKE, 1 <unfinished ...>
17048 <... futex resumed> )             = 0
17048 futex(0x21ef2b0, FUTEX_WAKE, 1)   = 0
17048 futex(0xc82002ee90, FUTEX_WAIT, 0, NULL <unfinished ...>
17045 <... futex resumed> )             = 1
17045 futex(0xc82002ee90, FUTEX_WAKE, 1 <unfinished ...>
17048 <... futex resumed> )             = 0
17048 futex(0x21ef2b0, FUTEX_WAKE, 1)   = 0
17048 futex(0xc82002ee90, FUTEX_WAIT, 0, NULL <unfinished ...>
17045 <... futex resumed> )             = 1
17045 futex(0xc82002ee90, FUTEX_WAKE, 1 <unfinished ...>
17049 <... select resumed> )            = 0 (Timeout)
17049 futex(0x21ef2b0, FUTEX_WAKE, 1)   = 0
17049 futex(0xc82002f310, FUTEX_WAIT, 0, NULL <unfinished ...>
17048 <... futex resumed> )             = 0
17048 futex(0xc82002ee90, FUTEX_WAIT, 0, NULL <unfinished ...>
17045 <... futex resumed> )             = 1
17045 futex(0xc82002ee90, FUTEX_WAKE, 1 <unfinished ...>
17048 <... futex resumed> )             = 0
17048 select(0, NULL, NULL, NULL, {0, 100} <unfinished ...>
17045 <... futex resumed> )             = 1
17045 futex(0xc82002f310, FUTEX_WAKE, 1 <unfinished ...>
17049 <... futex resumed> )             = 0
17049 futex(0x21ef2b0, FUTEX_WAKE, 1)   = 0
17049 futex(0xc82002f310, FUTEX_WAIT, 0, NULL <unfinished ...>
17045 <... futex resumed> )             = 1
17048 <... select resumed> )            = 0 (Timeout)
17048 futex(0xc82002ee90, FUTEX_WAIT, 0, NULL <unfinished ...>
17045 clock_gettime(CLOCK_REALTIME, {1465918769, 690287360}) = 0
17045 clock_gettime(CLOCK_REALTIME, {1465918769, 691033869}) = 0
17045 clock_gettime(CLOCK_REALTIME, {1465918769, 691095317}) = 0
17045 clock_gettime(CLOCK_REALTIME, {1465918769, 691302645}) = 0
17045 capget({0 /* _LINUX_CAPABILITY_VERSION_??? */, 0}, NULL) = 0
17045 openat(AT_FDCWD, "/proc/sys/kernel/cap_last_cap", O_RDONLY|O_CLOEXEC) = 4
17045 read(4, "36\n", 11)               = 3
17045 close(4)                          = 0
17045 uname({sys="Linux", node="localhost.localdomain", ...}) = 0
17045 clock_gettime(CLOCK_REALTIME, {1465918769, 692484719}) = 0
17045 clock_gettime(CLOCK_REALTIME, {1465918769, 692740359}) = 0
17045 clock_gettime(CLOCK_REALTIME, {1465918769, 692764525}) = 0
17045 socket(PF_LOCAL, SOCK_DGRAM|SOCK_CLOEXEC|SOCK_NONBLOCK, 0) = 4
17045 setsockopt(4, SOL_SOCKET, SO_BROADCAST, [1], 4) = 0
17045 connect(4, {sa_family=AF_LOCAL, sun_path="/run/systemd/journal/socket"}, 30) = 0
17045 epoll_create1(EPOLL_CLOEXEC)      = 5
17045 epoll_ctl(5, EPOLL_CTL_ADD, 4, {EPOLLIN|EPOLLOUT|EPOLLRDHUP|EPOLLET, {u32=102029032, u64=140114820126440}}) = 0
17045 getsockname(4, {sa_family=AF_LOCAL, NULL}, [2]) = 0
17045 getpeername(4, {sa_family=AF_LOCAL, sun_path="/run/systemd/journal/socket"}, [30]) = 0
17045 stat("/usr/lib/libykcs11.so", 0xc8201e2bd0) = -1 ENOENT (No such file or directory)
17045 stat("/usr/lib64/libykcs11.so", 0xc8201e2c60) = -1 ENOENT (No such file or directory)
17045 stat("/usr/lib/x86_64-linux-gnu/libykcs11.so", 0xc8201e2cf0) = -1 ENOENT (No such file or directory)
17045 stat("/usr/local/lib/libykcs11.so", 0xc8201e2d80) = -1 ENOENT (No such file or directory)
17045 stat("/root/.docker/config.json", 0xc8201e2e10) = -1 ENOENT (No such file or directory)
17045 stat("/root/.dockercfg", 0xc8201e2ea0) = -1 ENOENT (No such file or directory)
17045 stat("/usr/local/bin/docker-credential-secretservice", 0xc8201e2f30) = -1 ENOENT (No such file or directory)
17045 stat("/usr/local/sbin/docker-credential-secretservice", 0xc8201e2fc0) = -1 ENOENT (No such file or directory)
17045 stat("/usr/bin/docker-credential-secretservice", 0xc8201e3050) = -1 ENOENT (No such file or directory)
17045 stat("/usr/sbin/docker-credential-secretservice", 0xc8201e30e0) = -1 ENOENT (No such file or directory)
17045 stat("/bin/docker-credential-secretservice", 0xc8201e3170) = -1 ENOENT (No such file or directory)
17045 stat("/sbin/docker-credential-secretservice", 0xc8201e3200) = -1 ENOENT (No such file or directory)
17045 stat("/home/hmeng/.local/bin/docker-credential-secretservice", 0xc8201e3290) = -1 ENOENT (No such file or directory)
17045 stat("/home/hmeng/bin/docker-credential-secretservice", 0xc8201e3320) = -1 ENOENT (No such file or directory)
17045 stat("/usr/local/go/bin/docker-credential-secretservice", 0xc8201e33b0) = -1 ENOENT (No such file or directory)
17045 stat("/home/hmeng/.local/bin/docker-credential-secretservice", 0xc8201e3440) = -1 ENOENT (No such file or directory)
17045 stat("/home/hmeng/bin/docker-credential-secretservice", 0xc8201e34d0) = -1 ENOENT (No such file or directory)
17045 stat("/usr/local/go/bin/docker-credential-secretservice", 0xc8201e3560) = -1 ENOENT (No such file or directory)
17045 ioctl(0, SNDCTL_TMR_TIMEBASE or SNDRV_TIMER_IOCTL_NEXT_DEVICE or TCGETS, {B38400 opost isig icanon echo ...}) = 0
17045 ioctl(1, SNDCTL_TMR_TIMEBASE or SNDRV_TIMER_IOCTL_NEXT_DEVICE or TCGETS, {B38400 opost isig icanon echo ...}) = 0
17045 mmap(0xc820400000, 1048576, PROT_READ|PROT_WRITE, MAP_PRIVATE|MAP_ANONYMOUS, -1, 0) = 0xc820400000
17045 mmap(0xc81ffd8000, 32768, PROT_READ|PROT_WRITE, MAP_PRIVATE|MAP_ANONYMOUS, -1, 0) = 0xc81ffd8000
17045 mmap(0xc000001000, 4096, PROT_READ|PROT_WRITE, MAP_PRIVATE|MAP_ANONYMOUS, -1, 0) = 0xc000001000
17045 clock_gettime(CLOCK_MONOTONIC, {4903, 910642944}) = 0
17045 futex(0xc82002ee90, FUTEX_WAKE, 1 <unfinished ...>
17048 <... futex resumed> )             = 0
17048 epoll_wait(5, {{EPOLLOUT, {u32=102029032, u64=140114820126440}}}, 128, 0) = 1
17048 select(0, NULL, NULL, NULL, {0, 100} <unfinished ...>
17045 <... futex resumed> )             = 1
17045 clock_gettime(CLOCK_REALTIME, {1465918769, 695227820}) = 0
17045 clock_gettime(CLOCK_REALTIME, {1465918769, 695244694}) = 0
17045 socket(PF_LOCAL, SOCK_STREAM|SOCK_CLOEXEC|SOCK_NONBLOCK, 0 <unfinished ...>
17048 <... select resumed> )            = 0 (Timeout)
17048 epoll_wait(5,  <unfinished ...>
17045 <... socket resumed> )            = 6
17045 setsockopt(6, SOL_SOCKET, SO_BROADCAST, [1], 4) = 0
17045 connect(6, {sa_family=AF_LOCAL, sun_path="/var/run/docker.sock"}, 23) = 0
17045 clock_gettime(CLOCK_REALTIME, {1465918769, 695418555}) = 0
17045 epoll_ctl(5, EPOLL_CTL_ADD, 6, {EPOLLIN|EPOLLOUT|EPOLLRDHUP|EPOLLET, {u32=102028840, u64=140114820126248}} <unfinished ...>
17048 <... epoll_wait resumed> {{EPOLLOUT, {u32=102028840, u64=140114820126248}}}, 128, -1) = 1
17048 epoll_wait(5,  <unfinished ...>
17045 <... epoll_ctl resumed> )         = 0
17045 getsockname(6, {sa_family=AF_LOCAL, NULL}, [2]) = 0
17045 getpeername(6, {sa_family=AF_LOCAL, sun_path="/var/run/docker.sock"}, [23]) = 0
17045 futex(0xc82002f310, FUTEX_WAKE, 1 <unfinished ...>
17049 <... futex resumed> )             = 0
17049 select(0, NULL, NULL, NULL, {0, 100} <unfinished ...>
17045 <... futex resumed> )             = 1
17045 read(6, 0xc820420000, 4096)       = -1 EAGAIN (Resource temporarily unavailable)
17045 write(6, "POST /v1.23/containers/create HT"..., 1627) = 1627
17048 <... epoll_wait resumed> {{EPOLLOUT, {u32=102028840, u64=140114820126248}}}, 128, -1) = 1
17049 <... select resumed> )            = 0 (Timeout)
17048 epoll_wait(5,  <unfinished ...>
17049 futex(0xc82002f310, FUTEX_WAIT, 0, NULL <unfinished ...>
17045 futex(0x21ef2b0, FUTEX_WAIT, 0, NULL <unfinished ...>
17046 <... select resumed> )            = 0 (Timeout)
17046 clock_gettime(CLOCK_MONOTONIC, {4903, 912758770}) = 0
17046 futex(0x21ee760, FUTEX_WAIT, 0, {60, 0} <unfinished ...>
17048 <... epoll_wait resumed> {{EPOLLOUT, {u32=102029032, u64=140114820126440}}}, 128, -1) = 1
17048 epoll_wait(5, {{EPOLLOUT, {u32=102029032, u64=140114820126440}}}, 128, -1) = 1
17048 epoll_wait(5, {{EPOLLIN|EPOLLOUT, {u32=102028840, u64=140114820126248}}}, 128, -1) = 1
17048 clock_gettime(CLOCK_MONOTONIC, {4904, 259064360}) = 0
17048 futex(0x21ef2b0, FUTEX_WAKE, 1)   = 1
17048 futex(0x21ee760, FUTEX_WAKE, 1)   = 1
17046 <... futex resumed> )             = 0
17045 <... futex resumed> )             = 0
17048 read(6,  <unfinished ...>
17046 clock_gettime(CLOCK_MONOTONIC, {4904, 259158003}) = 0
17045 epoll_wait(5,  <unfinished ...>
17048 <... read resumed> "HTTP/1.1 201 Created\r\nContent-Ty"..., 4096) = 234
17046 clock_gettime(CLOCK_REALTIME, {1465918770, 43187898}) = 0
17045 <... epoll_wait resumed> {}, 128, 0) = 0
17045 epoll_wait(5,  <unfinished ...>
17048 futex(0xc82002f310, FUTEX_WAKE, 1 <unfinished ...>
17046 select(0, NULL, NULL, NULL, {0, 20} <unfinished ...>
17049 <... futex resumed> )             = 0
17048 <... futex resumed> )             = 1
17049 select(0, NULL, NULL, NULL, {0, 100} <unfinished ...>
17048 read(6, 0xc820420000, 4096)       = -1 EAGAIN (Resource temporarily unavailable)
17046 <... select resumed> )            = 0 (Timeout)
17048 clock_gettime(CLOCK_REALTIME,  <unfinished ...>
17046 clock_gettime(CLOCK_MONOTONIC,  <unfinished ...>
17048 <... clock_gettime resumed> {1465918770, 43443976}) = 0
17046 <... clock_gettime resumed> {4904, 259452539}) = 0
17048 clock_gettime(CLOCK_REALTIME,  <unfinished ...>
17046 clock_gettime(CLOCK_REALTIME,  <unfinished ...>
17048 <... clock_gettime resumed> {1465918770, 43473086}) = 0
17046 <... clock_gettime resumed> {1465918770, 43471949}) = 0
17049 <... select resumed> )            = 0 (Timeout)
17048 socket(PF_LOCAL, SOCK_STREAM|SOCK_CLOEXEC|SOCK_NONBLOCK, 0 <unfinished ...>
17046 select(0, NULL, NULL, NULL, {0, 20} <unfinished ...>
17049 futex(0xc82002f310, FUTEX_WAIT, 0, NULL <unfinished ...>
17048 <... socket resumed> )            = 7
17048 setsockopt(7, SOL_SOCKET, SO_BROADCAST, [1], 4 <unfinished ...>
17046 <... select resumed> )            = 0 (Timeout)
17048 <... setsockopt resumed> )        = 0
17046 clock_gettime(CLOCK_MONOTONIC,  <unfinished ...>
17048 connect(7, {sa_family=AF_LOCAL, sun_path="/var/run/docker.sock"}, 23 <unfinished ...>
17046 <... clock_gettime resumed> {4904, 259638188}) = 0
17048 <... connect resumed> )           = 0
17046 clock_gettime(CLOCK_REALTIME,  <unfinished ...>
17048 epoll_ctl(5, EPOLL_CTL_ADD, 7, {EPOLLIN|EPOLLOUT|EPOLLRDHUP|EPOLLET, {u32=102028648, u64=140114820126056}} <unfinished ...>
17046 <... clock_gettime resumed> {1465918770, 43757432}) = 0
17048 <... epoll_ctl resumed> )         = 0
17046 select(0, NULL, NULL, NULL, {0, 20} <unfinished ...>
17048 getsockname(7, {sa_family=AF_LOCAL, NULL}, [2]) = 0
17048 getpeername(7,  <unfinished ...>
17045 <... epoll_wait resumed> {{EPOLLOUT, {u32=102028648, u64=140114820126056}}}, 128, -1) = 1
17048 <... getpeername resumed> {sa_family=AF_LOCAL, sun_path="/var/run/docker.sock"}, [23]) = 0
17046 <... select resumed> )            = 0 (Timeout)
17045 epoll_wait(5,  <unfinished ...>
17048 write(7, "POST /v1.23/containers/4ca01de1a"..., 272 <unfinished ...>
17046 clock_gettime(CLOCK_MONOTONIC,  <unfinished ...>
17048 <... write resumed> )             = 272
17046 <... clock_gettime resumed> {4904, 259941681}) = 0
17048 read(7,  <unfinished ...>
17046 clock_gettime(CLOCK_REALTIME,  <unfinished ...>
17048 <... read resumed> 0xc820426000, 4096) = -1 EAGAIN (Resource temporarily unavailable)
17046 <... clock_gettime resumed> {1465918770, 43972247}) = 0
17048 futex(0xc82002ee90, FUTEX_WAIT, 0, NULL <unfinished ...>
17046 select(0, NULL, NULL, NULL, {0, 20} <unfinished ...>
17045 <... epoll_wait resumed> {{EPOLLOUT, {u32=102028648, u64=140114820126056}}}, 128, -1) = 1
17045 epoll_wait(5,  <unfinished ...>
17046 <... select resumed> )            = 0 (Timeout)
17046 clock_gettime(CLOCK_MONOTONIC, {4904, 260127910}) = 0
17046 futex(0x21ee760, FUTEX_WAIT, 0, {60, 0} <unfinished ...>
17045 <... epoll_wait resumed> {{EPOLLIN|EPOLLOUT, {u32=102028648, u64=140114820126056}}}, 128, -1) = 1
17045 clock_gettime(CLOCK_MONOTONIC, {4904, 260352271}) = 0
17045 futex(0xc82002ee90, FUTEX_WAKE, 1) = 1
17048 <... futex resumed> )             = 0
17045 futex(0x21ee760, FUTEX_WAKE, 1 <unfinished ...>
17048 epoll_wait(5,  <unfinished ...>
17045 <... futex resumed> )             = 1
17046 <... futex resumed> )             = 0
17048 <... epoll_wait resumed> {}, 128, 0) = 0
17046 clock_gettime(CLOCK_MONOTONIC,  <unfinished ...>
17048 epoll_wait(5,  <unfinished ...>
17045 read(7,  <unfinished ...>
17046 <... clock_gettime resumed> {4904, 260446590}) = 0
17046 clock_gettime(CLOCK_REALTIME,  <unfinished ...>
17045 <... read resumed> "HTTP/1.1 101 UPGRADED\r\nContent-T"..., 4096) = 109
17046 <... clock_gettime resumed> {1465918770, 44466590}) = 0
17046 select(0, NULL, NULL, NULL, {0, 20} <unfinished ...>
17045 ioctl(0, SNDCTL_TMR_TIMEBASE or SNDRV_TIMER_IOCTL_NEXT_DEVICE or TCGETS, {B38400 opost isig icanon echo ...}) = 0
17045 ioctl(0, SNDCTL_TMR_START or SNDRV_TIMER_IOCTL_TREAD or TCSETS, {B38400 -opost -isig -icanon -echo ...}) = 0
17045 ioctl(0, SNDCTL_TMR_TIMEBASE or SNDRV_TIMER_IOCTL_NEXT_DEVICE or TCGETS, {B38400 -opost -isig -icanon -echo ...}) = 0
17045 futex(0xc82002f310, FUTEX_WAKE, 1 <unfinished ...>
17046 <... select resumed> )            = 0 (Timeout)
17045 <... futex resumed> )             = 1
17049 <... futex resumed> )             = 0
17046 clock_gettime(CLOCK_MONOTONIC,  <unfinished ...>
17049 select(0, NULL, NULL, NULL, {0, 100} <unfinished ...>
17046 <... clock_gettime resumed> {4904, 260598831}) = 0
17045 rt_sigprocmask(SIG_SETMASK, ~[ILL TRAP BUS FPE SEGV STKFLT CHLD PROF RTMIN RT_1],  <unfinished ...>
17046 clock_gettime(CLOCK_REALTIME, {1465918770, 44619596}) = 0
17045 <... rt_sigprocmask resumed> NULL, 8) = 0
17046 select(0, NULL, NULL, NULL, {0, 20} <unfinished ...>
17045 rt_sigprocmask(SIG_SETMASK, ~[INT ILL TRAP BUS FPE SEGV STKFLT CHLD PROF RTMIN RT_1], NULL, 8) = 0
17045 futex(0xc82002ea10, FUTEX_WAKE, 1) = 1
17047 <... futex resumed> )             = 0
17045 futex(0x21ef2b0, FUTEX_WAIT, 0, NULL <unfinished ...>
17049 <... select resumed> )            = 0 (Timeout)
17047 write(6, "POST /v1.23/containers/4ca01de1a"..., 201 <unfinished ...>
17046 <... select resumed> )            = 0 (Timeout)
17049 futex(0x21ef2b0, FUTEX_WAKE, 1 <unfinished ...>
17047 <... write resumed> )             = 201
17046 clock_gettime(CLOCK_MONOTONIC,  <unfinished ...>
17049 <... futex resumed> )             = 1
17048 <... epoll_wait resumed> {{EPOLLOUT, {u32=102028840, u64=140114820126248}}}, 128, -1) = 1
17047 read(0,  <unfinished ...>
17046 <... clock_gettime resumed> {4904, 260818687}) = 0
17045 <... futex resumed> )             = 0
17049 futex(0xc82002f310, FUTEX_WAIT, 0, NULL <unfinished ...>
17048 epoll_wait(5,  <unfinished ...>
17046 clock_gettime(CLOCK_REALTIME,  <unfinished ...>
17045 futex(0xc82002f310, FUTEX_WAKE, 1 <unfinished ...>
17049 <... futex resumed> )             = -1 EAGAIN (Resource temporarily unavailable)
17046 <... clock_gettime resumed> {1465918770, 44871879}) = 0
17045 <... futex resumed> )             = 0
17049 write(1, "", 0 <unfinished ...>
17046 select(0, NULL, NULL, NULL, {0, 20} <unfinished ...>
17045 futex(0x21ef2b0, FUTEX_WAIT, 0, NULL <unfinished ...>
17049 <... write resumed> )             = 0
17049 read(7, 0xc820426000, 4096)       = -1 EAGAIN (Resource temporarily unavailable)
17049 futex(0xc82002f310, FUTEX_WAIT, 0, NULL <unfinished ...>
17046 <... select resumed> )            = 0 (Timeout)
17046 clock_gettime(CLOCK_MONOTONIC, {4904, 261024115}) = 0
17046 clock_gettime(CLOCK_REALTIME, {1465918770, 45028650}) = 0
17046 select(0, NULL, NULL, NULL, {0, 20}) = 0 (Timeout)
17046 clock_gettime(CLOCK_MONOTONIC, {4904, 261142030}) = 0
17046 clock_gettime(CLOCK_REALTIME, {1465918770, 45144968}) = 0
17046 select(0, NULL, NULL, NULL, {0, 20}) = 0 (Timeout)
17046 clock_gettime(CLOCK_MONOTONIC, {4904, 261257176}) = 0
17046 clock_gettime(CLOCK_REALTIME, {1465918770, 45260023}) = 0
17046 select(0, NULL, NULL, NULL, {0, 20}) = 0 (Timeout)
17046 clock_gettime(CLOCK_MONOTONIC, {4904, 261373141}) = 0
17046 clock_gettime(CLOCK_REALTIME, {1465918770, 45376153}) = 0
17046 select(0, NULL, NULL, NULL, {0, 20}) = 0 (Timeout)
17046 clock_gettime(CLOCK_MONOTONIC, {4904, 261488030}) = 0
17046 clock_gettime(CLOCK_REALTIME, {1465918770, 45490824}) = 0
17046 select(0, NULL, NULL, NULL, {0, 20}) = 0 (Timeout)
17046 clock_gettime(CLOCK_MONOTONIC, {4904, 261608636}) = 0
17046 clock_gettime(CLOCK_REALTIME, {1465918770, 45611689}) = 0
17046 select(0, NULL, NULL, NULL, {0, 20}) = 0 (Timeout)
17046 clock_gettime(CLOCK_MONOTONIC, {4904, 261723667}) = 0
17046 clock_gettime(CLOCK_REALTIME, {1465918770, 45729782}) = 0
17046 select(0, NULL, NULL, NULL, {0, 20}) = 0 (Timeout)
17046 clock_gettime(CLOCK_MONOTONIC, {4904, 261883418}) = 0
17046 clock_gettime(CLOCK_REALTIME, {1465918770, 45888274}) = 0
17046 select(0, NULL, NULL, NULL, {0, 20}) = 0 (Timeout)
17046 clock_gettime(CLOCK_MONOTONIC, {4904, 262021424}) = 0
17046 clock_gettime(CLOCK_REALTIME, {1465918770, 46026101}) = 0
17046 select(0, NULL, NULL, NULL, {0, 20}) = 0 (Timeout)
17046 clock_gettime(CLOCK_MONOTONIC, {4904, 262144081}) = 0
17046 clock_gettime(CLOCK_REALTIME, {1465918770, 46148133}) = 0
17046 select(0, NULL, NULL, NULL, {0, 20}) = 0 (Timeout)
17046 clock_gettime(CLOCK_MONOTONIC, {4904, 262264941}) = 0
17046 clock_gettime(CLOCK_REALTIME, {1465918770, 46268620}) = 0
17046 select(0, NULL, NULL, NULL, {0, 20}) = 0 (Timeout)
17046 clock_gettime(CLOCK_MONOTONIC, {4904, 262386222}) = 0
17046 clock_gettime(CLOCK_REALTIME, {1465918770, 46389295}) = 0
17046 select(0, NULL, NULL, NULL, {0, 20}) = 0 (Timeout)
17046 clock_gettime(CLOCK_MONOTONIC, {4904, 262505473}) = 0
17046 clock_gettime(CLOCK_REALTIME, {1465918770, 46508860}) = 0
17046 select(0, NULL, NULL, NULL, {0, 20}) = 0 (Timeout)
17046 clock_gettime(CLOCK_MONOTONIC, {4904, 262635610}) = 0
17046 clock_gettime(CLOCK_REALTIME, {1465918770, 46639074}) = 0
17046 select(0, NULL, NULL, NULL, {0, 20}) = 0 (Timeout)
17046 clock_gettime(CLOCK_MONOTONIC, {4904, 262759002}) = 0
17046 clock_gettime(CLOCK_REALTIME, {1465918770, 46762996}) = 0
17046 select(0, NULL, NULL, NULL, {0, 20}) = 0 (Timeout)
17046 clock_gettime(CLOCK_MONOTONIC, {4904, 262878454}) = 0
17046 clock_gettime(CLOCK_REALTIME, {1465918770, 46882134}) = 0
17046 select(0, NULL, NULL, NULL, {0, 20}) = 0 (Timeout)
17046 clock_gettime(CLOCK_MONOTONIC, {4904, 262997809}) = 0
17046 clock_gettime(CLOCK_REALTIME, {1465918770, 47016938}) = 0
17046 select(0, NULL, NULL, NULL, {0, 20}) = 0 (Timeout)
17046 clock_gettime(CLOCK_MONOTONIC, {4904, 263133322}) = 0
17046 clock_gettime(CLOCK_REALTIME, {1465918770, 47137010}) = 0
17046 select(0, NULL, NULL, NULL, {0, 20}) = 0 (Timeout)
17046 clock_gettime(CLOCK_MONOTONIC, {4904, 263252563}) = 0
17046 clock_gettime(CLOCK_REALTIME, {1465918770, 47255655}) = 0
17046 select(0, NULL, NULL, NULL, {0, 20}) = 0 (Timeout)
17046 clock_gettime(CLOCK_MONOTONIC, {4904, 263370730}) = 0
17046 clock_gettime(CLOCK_REALTIME, {1465918770, 47373936}) = 0
17046 select(0, NULL, NULL, NULL, {0, 20}) = 0 (Timeout)
17046 clock_gettime(CLOCK_MONOTONIC, {4904, 263486487}) = 0
17046 clock_gettime(CLOCK_REALTIME, {1465918770, 47489426}) = 0
17046 select(0, NULL, NULL, NULL, {0, 20}) = 0 (Timeout)
17046 clock_gettime(CLOCK_MONOTONIC, {4904, 263601531}) = 0
17046 clock_gettime(CLOCK_REALTIME, {1465918770, 47604312}) = 0
17046 select(0, NULL, NULL, NULL, {0, 20}) = 0 (Timeout)
17046 clock_gettime(CLOCK_MONOTONIC, {4904, 263715865}) = 0
17046 clock_gettime(CLOCK_REALTIME, {1465918770, 47718914}) = 0
17046 select(0, NULL, NULL, NULL, {0, 20}) = 0 (Timeout)
17046 clock_gettime(CLOCK_MONOTONIC, {4904, 263830853}) = 0
17046 clock_gettime(CLOCK_REALTIME, {1465918770, 47833652}) = 0
17046 select(0, NULL, NULL, NULL, {0, 20}) = 0 (Timeout)
17046 clock_gettime(CLOCK_MONOTONIC, {4904, 263988336}) = 0
17046 clock_gettime(CLOCK_REALTIME, {1465918770, 48001850}) = 0
17046 select(0, NULL, NULL, NULL, {0, 20}) = 0 (Timeout)
17046 clock_gettime(CLOCK_MONOTONIC, {4904, 264118847}) = 0
17046 clock_gettime(CLOCK_REALTIME, {1465918770, 48122049}) = 0
17046 select(0, NULL, NULL, NULL, {0, 20}) = 0 (Timeout)
17046 clock_gettime(CLOCK_MONOTONIC, {4904, 264233823}) = 0
17046 clock_gettime(CLOCK_REALTIME, {1465918770, 48236626}) = 0
17046 select(0, NULL, NULL, NULL, {0, 20}) = 0 (Timeout)
17046 clock_gettime(CLOCK_MONOTONIC, {4904, 264348366}) = 0
17046 clock_gettime(CLOCK_REALTIME, {1465918770, 48357409}) = 0
17046 select(0, NULL, NULL, NULL, {0, 20}) = 0 (Timeout)
17046 clock_gettime(CLOCK_MONOTONIC, {4904, 264468719}) = 0
17046 clock_gettime(CLOCK_REALTIME, {1465918770, 48470470}) = 0
17046 select(0, NULL, NULL, NULL, {0, 20}) = 0 (Timeout)
17046 clock_gettime(CLOCK_MONOTONIC, {4904, 264580471}) = 0
17046 clock_gettime(CLOCK_REALTIME, {1465918770, 48582081}) = 0
17046 select(0, NULL, NULL, NULL, {0, 20}) = 0 (Timeout)
17046 clock_gettime(CLOCK_MONOTONIC, {4904, 264691469}) = 0
17046 clock_gettime(CLOCK_REALTIME, {1465918770, 48693062}) = 0
17046 select(0, NULL, NULL, NULL, {0, 20}) = 0 (Timeout)
17046 clock_gettime(CLOCK_MONOTONIC, {4904, 264802693}) = 0
17046 clock_gettime(CLOCK_REALTIME, {1465918770, 48804439}) = 0
17046 select(0, NULL, NULL, NULL, {0, 20}) = 0 (Timeout)
17046 clock_gettime(CLOCK_MONOTONIC, {4904, 264915055}) = 0
17046 clock_gettime(CLOCK_REALTIME, {1465918770, 48916810}) = 0
17046 select(0, NULL, NULL, NULL, {0, 20}) = 0 (Timeout)
17046 clock_gettime(CLOCK_MONOTONIC, {4904, 265029086}) = 0
17046 clock_gettime(CLOCK_REALTIME, {1465918770, 49030977}) = 0
17046 select(0, NULL, NULL, NULL, {0, 20}) = 0 (Timeout)
17046 clock_gettime(CLOCK_MONOTONIC, {4904, 265140868}) = 0
17046 clock_gettime(CLOCK_REALTIME, {1465918770, 49142415}) = 0
17046 select(0, NULL, NULL, NULL, {0, 20}) = 0 (Timeout)
17046 clock_gettime(CLOCK_MONOTONIC, {4904, 265260835}) = 0
17046 clock_gettime(CLOCK_REALTIME, {1465918770, 49263010}) = 0
17046 select(0, NULL, NULL, NULL, {0, 20}) = 0 (Timeout)
17046 clock_gettime(CLOCK_MONOTONIC, {4904, 265373363}) = 0
17046 clock_gettime(CLOCK_REALTIME, {1465918770, 49375199}) = 0
17046 select(0, NULL, NULL, NULL, {0, 20}) = 0 (Timeout)
17046 clock_gettime(CLOCK_MONOTONIC, {4904, 265484995}) = 0
17046 clock_gettime(CLOCK_REALTIME, {1465918770, 49486531}) = 0
17046 select(0, NULL, NULL, NULL, {0, 20}) = 0 (Timeout)
17046 clock_gettime(CLOCK_MONOTONIC, {4904, 265595955}) = 0
17046 clock_gettime(CLOCK_REALTIME, {1465918770, 49597625}) = 0
17046 select(0, NULL, NULL, NULL, {0, 20}) = 0 (Timeout)
17046 clock_gettime(CLOCK_MONOTONIC, {4904, 265707416}) = 0
17046 clock_gettime(CLOCK_REALTIME, {1465918770, 49709055}) = 0
17046 select(0, NULL, NULL, NULL, {0, 20}) = 0 (Timeout)
17046 clock_gettime(CLOCK_MONOTONIC, {4904, 265818446}) = 0
17046 clock_gettime(CLOCK_REALTIME, {1465918770, 49820075}) = 0
17046 select(0, NULL, NULL, NULL, {0, 20}) = 0 (Timeout)
17046 clock_gettime(CLOCK_MONOTONIC, {4904, 265930375}) = 0
17046 clock_gettime(CLOCK_REALTIME, {1465918770, 49932114}) = 0
17046 select(0, NULL, NULL, NULL, {0, 20}) = 0 (Timeout)
17046 clock_gettime(CLOCK_MONOTONIC, {4904, 266043638}) = 0
17046 clock_gettime(CLOCK_REALTIME, {1465918770, 50045253}) = 0
17046 select(0, NULL, NULL, NULL, {0, 20}) = 0 (Timeout)
17046 clock_gettime(CLOCK_MONOTONIC, {4904, 266155083}) = 0
17046 clock_gettime(CLOCK_REALTIME, {1465918770, 50156710}) = 0
17046 select(0, NULL, NULL, NULL, {0, 20}) = 0 (Timeout)
17046 clock_gettime(CLOCK_MONOTONIC, {4904, 266266157}) = 0
17046 clock_gettime(CLOCK_REALTIME, {1465918770, 50267728}) = 0
17046 select(0, NULL, NULL, NULL, {0, 20}) = 0 (Timeout)
17046 clock_gettime(CLOCK_MONOTONIC, {4904, 266377161}) = 0
17046 clock_gettime(CLOCK_REALTIME, {1465918770, 50378725}) = 0
17046 select(0, NULL, NULL, NULL, {0, 20}) = 0 (Timeout)
17046 clock_gettime(CLOCK_MONOTONIC, {4904, 266488143}) = 0
17046 clock_gettime(CLOCK_REALTIME, {1465918770, 50489803}) = 0
17046 select(0, NULL, NULL, NULL, {0, 20}) = 0 (Timeout)
17046 clock_gettime(CLOCK_MONOTONIC, {4904, 266599077}) = 0
17046 clock_gettime(CLOCK_REALTIME, {1465918770, 50600609}) = 0
17046 select(0, NULL, NULL, NULL, {0, 40}) = 0 (Timeout)
17046 clock_gettime(CLOCK_MONOTONIC, {4904, 266736603}) = 0
17046 clock_gettime(CLOCK_REALTIME, {1465918770, 50738462}) = 0
17046 select(0, NULL, NULL, NULL, {0, 80}) = 0 (Timeout)
17046 clock_gettime(CLOCK_MONOTONIC, {4904, 266909910}) = 0
17046 clock_gettime(CLOCK_REALTIME, {1465918770, 50911591}) = 0
17046 select(0, NULL, NULL, NULL, {0, 160}) = 0 (Timeout)
17046 clock_gettime(CLOCK_MONOTONIC, {4904, 267173373}) = 0
17046 clock_gettime(CLOCK_REALTIME, {1465918770, 51176267}) = 0
17046 select(0, NULL, NULL, NULL, {0, 320}) = 0 (Timeout)
17046 clock_gettime(CLOCK_MONOTONIC, {4904, 267591693}) = 0
17046 clock_gettime(CLOCK_REALTIME, {1465918770, 51593566}) = 0
17046 select(0, NULL, NULL, NULL, {0, 640}) = 0 (Timeout)
17046 clock_gettime(CLOCK_MONOTONIC, {4904, 268348495}) = 0
17046 clock_gettime(CLOCK_REALTIME, {1465918770, 52350551}) = 0
17046 select(0, NULL, NULL, NULL, {0, 1280}) = 0 (Timeout)
17046 clock_gettime(CLOCK_MONOTONIC, {4904, 269748407}) = 0
17046 clock_gettime(CLOCK_REALTIME, {1465918770, 53752362}) = 0
17046 select(0, NULL, NULL, NULL, {0, 2560}) = 0 (Timeout)
17046 clock_gettime(CLOCK_MONOTONIC, {4904, 272433912}) = 0
17046 clock_gettime(CLOCK_REALTIME, {1465918770, 56438191}) = 0
17046 select(0, NULL, NULL, NULL, {0, 20}) = 0 (Timeout)
17046 clock_gettime(CLOCK_MONOTONIC, {4904, 272561548}) = 0
17046 futex(0x21ee760, FUTEX_WAIT, 0, {60, 0} <unfinished ...>
17048 <... epoll_wait resumed> {{EPOLLOUT, {u32=102029032, u64=140114820126440}}}, 128, -1) = 1
17048 epoll_wait(5, {{EPOLLIN|EPOLLOUT, {u32=102028840, u64=140114820126248}}}, 128, -1) = 1
17048 clock_gettime(CLOCK_MONOTONIC, {4904, 427807685}) = 0
17048 futex(0xc82002f310, FUTEX_WAKE, 1 <unfinished ...>
17049 <... futex resumed> )             = 0
17048 <... futex resumed> )             = 1
17049 epoll_wait(5,  <unfinished ...>
17048 futex(0x21ee760, FUTEX_WAKE, 1 <unfinished ...>
17049 <... epoll_wait resumed> {}, 128, 0) = 0
17048 <... futex resumed> )             = 1
17046 <... futex resumed> )             = 0
17049 sched_yield( <unfinished ...>
17048 read(6,  <unfinished ...>
17046 sched_yield( <unfinished ...>
17048 <... read resumed> "HTTP/1.1 204 No Content\r\nServer:"..., 4096) = 95
17046 <... sched_yield resumed> )       = 0
17048 read(6,  <unfinished ...>
17046 futex(0x21ee6a0, FUTEX_WAKE, 1 <unfinished ...>
17048 <... read resumed> 0xc820420000, 4096) = -1 EAGAIN (Resource temporarily unavailable)
17046 <... futex resumed> )             = 0
17048 ioctl(1, TIOCGWINSZ <unfinished ...>
17046 clock_gettime(CLOCK_MONOTONIC,  <unfinished ...>
17048 <... ioctl resumed> , {ws_row=35, ws_col=112, ws_xpixel=0, ws_ypixel=0}) = 0
17046 <... clock_gettime resumed> {4904, 428149562}) = 0
17048 write(6, "POST /v1.23/containers/4ca01de1a"..., 213 <unfinished ...>
17046 clock_gettime(CLOCK_REALTIME,  <unfinished ...>
17048 <... write resumed> )             = 213
17046 <... clock_gettime resumed> {1465918770, 212282397}) = 0
17048 epoll_wait(5,  <unfinished ...>
17046 select(0, NULL, NULL, NULL, {0, 20} <unfinished ...>
17048 <... epoll_wait resumed> {}, 128, 0) = 0
17048 epoll_wait(5,  <unfinished ...>
17049 <... sched_yield resumed> )       = 0
17049 futex(0x21ee6a0, FUTEX_WAKE, 1)   = 0
17049 futex(0xc82002f310, FUTEX_WAIT, 0, NULL <unfinished ...>
17046 <... select resumed> )            = 0 (Timeout)
17046 clock_gettime(CLOCK_MONOTONIC, {4904, 428442780}) = 0
17046 futex(0x21ee760, FUTEX_WAIT, 0, {60, 0} <unfinished ...>
17048 <... epoll_wait resumed> {{EPOLLIN|EPOLLOUT, {u32=102028840, u64=140114820126248}}, {EPOLLIN|EPOLLOUT, {u32=102028648, u64=140114820126056}}}, 128, -1) = 2
17048 clock_gettime(CLOCK_MONOTONIC, {4904, 430501847}) = 0
17048 futex(0xc82002f310, FUTEX_WAKE, 1) = 1
17048 futex(0x21ee760, FUTEX_WAKE, 1)   = 1
17048 read(7, "ln -sfn /go/src/github.com/openc"..., 4096) = 140
17048 write(1, "ln -sfn /go/src/github.com/openc"..., 140) = 140
17048 read(7,  <unfinished ...>
17049 <... futex resumed> )             = 0
17046 <... futex resumed> )             = 0
17049 read(6,  <unfinished ...>
17048 <... read resumed> 0xc820426000, 4096) = -1 EAGAIN (Resource temporarily unavailable)
17049 <... read resumed> "HTTP/1.1 200 OK\r\nServer: Docker/"..., 4096) = 147
17046 clock_gettime(CLOCK_MONOTONIC,  <unfinished ...>
17048 epoll_wait(5, {}, 128, 0)         = 0
17048 epoll_wait(5,  <unfinished ...>
17049 rt_sigprocmask(SIG_SETMASK, NULL,  <unfinished ...>
17046 <... clock_gettime resumed> {4904, 430782062}) = 0
17049 <... rt_sigprocmask resumed> [], 8) = 0
17046 clock_gettime(CLOCK_REALTIME,  <unfinished ...>
17049 mmap(NULL, 134217728, PROT_NONE, MAP_PRIVATE|MAP_ANONYMOUS|MAP_NORESERVE, -1, 0 <unfinished ...>
17046 <... clock_gettime resumed> {1465918770, 214816978}) = 0
17049 <... mmap resumed> )              = 0x7f6ef8000000
17049 munmap(0x7f6efc000000, 67108864 <unfinished ...>
17046 select(0, NULL, NULL, NULL, {0, 20} <unfinished ...>
17049 <... munmap resumed> )            = 0
17049 mprotect(0x7f6ef8000000, 135168, PROT_READ|PROT_WRITE) = 0
17049 rt_sigprocmask(SIG_SETMASK, ~[RTMIN RT_1], [], 8) = 0
17049 mmap(NULL, 8392704, PROT_READ|PROT_WRITE, MAP_PRIVATE|MAP_ANONYMOUS|MAP_STACK, -1, 0 <unfinished ...>
17046 <... select resumed> )            = 0 (Timeout)
17049 <... mmap resumed> )              = 0x7f6f05942000
17046 clock_gettime(CLOCK_MONOTONIC,  <unfinished ...>
17049 mprotect(0x7f6f05942000, 4096, PROT_NONE <unfinished ...>
17046 <... clock_gettime resumed> {4904, 431020059}) = 0
17049 <... mprotect resumed> )          = 0
17046 clock_gettime(CLOCK_REALTIME,  <unfinished ...>
17049 clone( <unfinished ...>
17046 <... clock_gettime resumed> {1465918770, 215054831}) = 0
17048 <... epoll_wait resumed> {{EPOLLIN|EPOLLOUT, {u32=102028648, u64=140114820126056}}}, 128, -1) = 1
17046 select(0, NULL, NULL, NULL, {0, 20} <unfinished ...>
17049 <... clone resumed> child_stack=0x7f6f06141e70, flags=CLONE_VM|CLONE_FS|CLONE_FILES|CLONE_SIGHAND|CLONE_THREAD|CLONE_SYSVSEM|CLONE_SETTLS|CLONE_PARENT_SETTID|CLONE_CHILD_CLEARTID, parent_tidptr=0x7f6f061429d0, tls=0x7f6f06142700, child_tidptr=0x7f6f061429d0) = 17120
17049 rt_sigprocmask(SIG_SETMASK, [], NULL, 8) = 0
17048 clock_gettime(CLOCK_MONOTONIC,  <unfinished ...>
17049 read(6, 0xc820420000, 4096)       = -1 EAGAIN (Resource temporarily unavailable)
17046 <... select resumed> )            = 0 (Timeout)
17049 futex(0x21ef2b0, FUTEX_WAKE, 1 <unfinished ...>
17046 clock_gettime(CLOCK_MONOTONIC,  <unfinished ...>
17049 <... futex resumed> )             = 1
17046 <... clock_gettime resumed> {4904, 431308330}) = 0
17049 futex(0xc82002f310, FUTEX_WAIT, 0, NULL <unfinished ...>
17046 clock_gettime(CLOCK_REALTIME, {1465918770, 215337611}) = 0
17046 select(0, NULL, NULL, NULL, {0, 20}) = 0 (Timeout)
17046 clock_gettime(CLOCK_MONOTONIC, {4904, 431475907}) = 0
17046 clock_gettime(CLOCK_REALTIME, {1465918770, 215486667}) = 0
17046 select(0, NULL, NULL, NULL, {0, 20}) = 0 (Timeout)
17046 clock_gettime(CLOCK_MONOTONIC, {4904, 431619822}) = 0
17046 clock_gettime(CLOCK_REALTIME, {1465918770, 215630022}) = 0
17046 select(0, NULL, NULL, NULL, {0, 20} <unfinished ...>
17048 <... clock_gettime resumed> {4904, 431757767}) = 0
17045 <... futex resumed> )             = 0
17046 <... select resumed> )            = 0 (Timeout)
17048 futex(0xc82002ee90, FUTEX_WAIT, 0, NULL <unfinished ...>
17045 rt_sigprocmask(SIG_SETMASK, ~[INT ILL TRAP BUS FPE SEGV STKFLT CHLD PROF WINCH RTMIN RT_1],  <unfinished ...>
17046 clock_gettime(CLOCK_MONOTONIC, {4904, 437152586}) = 0
17046 clock_gettime(CLOCK_REALTIME, {1465918770, 221164859}) = 0
17046 select(0, NULL, NULL, NULL, {0, 20} <unfinished ...>
17120 set_robust_list(0x7f6f061429e0, 24) = 0
17120 sigaltstack({ss_sp=0xc82043a000, ss_flags=0, ss_size=32672}, NULL) = 0
17120 gettid()                          = 17120
17046 <... select resumed> )            = 0 (Timeout)
17046 clock_gettime(CLOCK_MONOTONIC, {4904, 437296264}) = 0
17046 clock_gettime(CLOCK_REALTIME, {1465918770, 221306153}) = 0
17046 select(0, NULL, NULL, NULL, {0, 20} <unfinished ...>
17120 rt_sigprocmask(SIG_SETMASK, [], NULL, 8) = 0
17120 read(7, "go build -i -ldflags \"-X main.gi"..., 4096) = 135
17120 write(1, "go build -i -ldflags \"-X main.gi"..., 135 <unfinished ...>
17046 <... select resumed> )            = 0 (Timeout)
17046 clock_gettime(CLOCK_MONOTONIC, {4904, 437491154}) = 0
17046 clock_gettime(CLOCK_REALTIME, {1465918770, 221504817}) = 0
17046 select(0, NULL, NULL, NULL, {0, 20}) = 0 (Timeout)
17046 clock_gettime(CLOCK_MONOTONIC, {4904, 437650746}) = 0
17046 clock_gettime(CLOCK_REALTIME, {1465918770, 221664869}) = 0
17046 futex(0xc82002ee90, FUTEX_WAKE, 1 <unfinished ...>
17048 <... futex resumed> )             = 0
17046 <... futex resumed> )             = 1
17048 epoll_wait(5,  <unfinished ...>
17046 select(0, NULL, NULL, NULL, {0, 20} <unfinished ...>
17048 <... epoll_wait resumed> {}, 128, 0) = 0
17048 epoll_wait(5, {}, 128, 0)         = 0
17048 epoll_wait(5,  <unfinished ...>
17120 <... write resumed> )             = 135
17046 <... select resumed> )            = 0 (Timeout)
17046 clock_gettime(CLOCK_MONOTONIC, {4904, 437886756}) = 0
17046 clock_gettime(CLOCK_REALTIME, {1465918770, 221911920}) = 0
17046 select(0, NULL, NULL, NULL, {0, 20} <unfinished ...>
17120 read(7, 0xc820426000, 4096)       = -1 EAGAIN (Resource temporarily unavailable)
17046 <... select resumed> )            = 0 (Timeout)
17046 clock_gettime(CLOCK_MONOTONIC, {4904, 438054507}) = 0
17046 clock_gettime(CLOCK_REALTIME, {1465918770, 222079696}) = 0
17046 select(0, NULL, NULL, NULL, {0, 20} <unfinished ...>
17120 futex(0xc820400e90, FUTEX_WAIT, 0, NULL <unfinished ...>
17046 <... select resumed> )            = 0 (Timeout)
17046 clock_gettime(CLOCK_MONOTONIC, {4904, 438239761}) = 0
17046 clock_gettime(CLOCK_REALTIME, {1465918770, 222265483}) = 0
17046 select(0, NULL, NULL, NULL, {0, 20}) = 0 (Timeout)
17046 clock_gettime(CLOCK_MONOTONIC, {4904, 438422389}) = 0
17046 clock_gettime(CLOCK_REALTIME, {1465918770, 222447206}) = 0
17046 select(0, NULL, NULL, NULL, {0, 20}) = 0 (Timeout)
17046 clock_gettime(CLOCK_MONOTONIC, {4904, 438610933}) = 0
17046 clock_gettime(CLOCK_REALTIME, {1465918770, 222635146}) = 0
17046 select(0, NULL, NULL, NULL, {0, 20}) = 0 (Timeout)
17046 clock_gettime(CLOCK_MONOTONIC, {4904, 438793755}) = 0
17046 clock_gettime(CLOCK_REALTIME, {1465918770, 222817506}) = 0
17046 select(0, NULL, NULL, NULL, {0, 20}) = 0 (Timeout)
17046 clock_gettime(CLOCK_MONOTONIC, {4904, 438984641}) = 0
17046 clock_gettime(CLOCK_REALTIME, {1465918770, 223033821}) = 0
17046 select(0, NULL, NULL, NULL, {0, 20}) = 0 (Timeout)
17046 clock_gettime(CLOCK_MONOTONIC, {4904, 439164492}) = 0
17046 clock_gettime(CLOCK_REALTIME, {1465918770, 223171669}) = 0
17046 select(0, NULL, NULL, NULL, {0, 20}) = 0 (Timeout)
17046 clock_gettime(CLOCK_MONOTONIC, {4904, 439308004}) = 0
17046 clock_gettime(CLOCK_REALTIME, {1465918770, 223329685}) = 0
17046 select(0, NULL, NULL, NULL, {0, 20}) = 0 (Timeout)
17046 clock_gettime(CLOCK_MONOTONIC, {4904, 439469584}) = 0
17046 clock_gettime(CLOCK_REALTIME, {1465918770, 223476296}) = 0
17046 select(0, NULL, NULL, NULL, {0, 20}) = 0 (Timeout)
17046 clock_gettime(CLOCK_MONOTONIC, {4904, 439601428}) = 0
17046 clock_gettime(CLOCK_REALTIME, {1465918770, 223609763}) = 0
17046 select(0, NULL, NULL, NULL, {0, 20}) = 0 (Timeout)
17046 clock_gettime(CLOCK_MONOTONIC, {4904, 439737253}) = 0
17046 clock_gettime(CLOCK_REALTIME, {1465918770, 223743828}) = 0
17046 select(0, NULL, NULL, NULL, {0, 20}) = 0 (Timeout)
17046 clock_gettime(CLOCK_MONOTONIC, {4904, 439898220}) = 0
17046 clock_gettime(CLOCK_REALTIME,  <unfinished ...>
17045 <... rt_sigprocmask resumed> NULL, 8) = 0
17046 <... clock_gettime resumed> {1465918770, 223951063}) = 0
17046 select(0, NULL, NULL, NULL, {0, 20} <unfinished ...>
17045 futex(0xc820400e90, FUTEX_WAKE, 1) = 1
17120 <... futex resumed> )             = 0
17045 futex(0xc82002f310, FUTEX_WAKE, 1) = 1
17045 futex(0x21ef2b0, FUTEX_WAIT, 0, NULL <unfinished ...>
17120 select(0, NULL, NULL, NULL, {0, 100}) = 0 (Timeout)
17120 futex(0xc820400e90, FUTEX_WAIT, 0, NULL <unfinished ...>
17046 <... select resumed> )            = 0 (Timeout)
17046 clock_gettime(CLOCK_MONOTONIC, {4904, 441077717}) = 0
17046 clock_gettime(CLOCK_REALTIME, {1465918770, 225086476}) = 0
17046 select(0, NULL, NULL, NULL, {0, 20}) = 0 (Timeout)
17046 clock_gettime(CLOCK_MONOTONIC, {4904, 441236147}) = 0
17046 clock_gettime(CLOCK_REALTIME, {1465918770, 225242810}) = 0
17046 select(0, NULL, NULL, NULL, {0, 20}) = 0 (Timeout)
17046 clock_gettime(CLOCK_MONOTONIC, {4904, 441375345}) = 0
17046 clock_gettime(CLOCK_REALTIME, {1465918770, 225382530}) = 0
17046 select(0, NULL, NULL, NULL, {0, 20}) = 0 (Timeout)
17046 clock_gettime(CLOCK_MONOTONIC, {4904, 441517623}) = 0
17046 clock_gettime(CLOCK_REALTIME, {1465918770, 225526136}) = 0
17046 select(0, NULL, NULL, NULL, {0, 20}) = 0 (Timeout)
17046 clock_gettime(CLOCK_MONOTONIC, {4904, 441657885}) = 0
17046 clock_gettime(CLOCK_REALTIME, {1465918770, 225666300}) = 0
17046 select(0, NULL, NULL, NULL, {0, 20}) = 0 (Timeout)
17046 clock_gettime(CLOCK_MONOTONIC, {4904, 441795675}) = 0
17046 clock_gettime(CLOCK_REALTIME, {1465918770, 225803540}) = 0
17046 select(0, NULL, NULL, NULL, {0, 20}) = 0 (Timeout)
17046 clock_gettime(CLOCK_MONOTONIC, {4904, 441896167}) = 0
17046 clock_gettime(CLOCK_REALTIME, {1465918770, 225903789}) = 0
17046 select(0, NULL, NULL, NULL, {0, 20}) = 0 (Timeout)
17046 clock_gettime(CLOCK_MONOTONIC, {4904, 442052531}) = 0
17046 clock_gettime(CLOCK_REALTIME, {1465918770, 226060435}) = 0
17046 select(0, NULL, NULL, NULL, {0, 20}) = 0 (Timeout)
17046 clock_gettime(CLOCK_MONOTONIC, {4904, 442190862}) = 0
17046 clock_gettime(CLOCK_REALTIME, {1465918770, 226199097}) = 0
17046 select(0, NULL, NULL, NULL, {0, 20}) = 0 (Timeout)
17046 clock_gettime(CLOCK_MONOTONIC, {4904, 442327154}) = 0
17046 clock_gettime(CLOCK_REALTIME, {1465918770, 226335316}) = 0
17046 select(0, NULL, NULL, NULL, {0, 20} <unfinished ...>
17049 <... futex resumed> )             = 0
17046 <... select resumed> )            = 0 (Timeout)
17049 futex(0xc82002f310, FUTEX_WAIT, 0, NULL <unfinished ...>
17046 clock_gettime(CLOCK_MONOTONIC, {4904, 444377716}) = 0
17046 futex(0x21ee760, FUTEX_WAIT, 0, {60, 0} <unfinished ...>
17048 <... epoll_wait resumed> {{EPOLLIN|EPOLLOUT, {u32=102028648, u64=140114820126056}}}, 128, -1) = 1
17048 clock_gettime(CLOCK_MONOTONIC, {4906, 545536656}) = 0
17048 futex(0xc82002f310, FUTEX_WAKE, 1 <unfinished ...>
17049 <... futex resumed> )             = 0
17048 <... futex resumed> )             = 1
17049 epoll_wait(5,  <unfinished ...>
17048 futex(0x21ee760, FUTEX_WAKE, 1 <unfinished ...>
17049 <... epoll_wait resumed> {}, 128, 0) = 0
17048 <... futex resumed> )             = 1
17046 <... futex resumed> )             = 0
17049 sched_yield( <unfinished ...>
17048 read(7,  <unfinished ...>
17046 sched_yield( <unfinished ...>
17049 <... sched_yield resumed> )       = 0
17048 <... read resumed> "go test -timeout 3m -tags \"secco"..., 4096) = 47
17049 futex(0x21ee6a0, FUTEX_WAKE, 1 <unfinished ...>
17048 write(1, "go test -timeout 3m -tags \"secco"..., 47 <unfinished ...>
17049 <... futex resumed> )             = 0
17046 <... sched_yield resumed> )       = 0
17048 <... write resumed> )             = 47
17049 epoll_wait(5,  <unfinished ...>
17046 futex(0x21ee6a0, FUTEX_WAKE, 1)   = 0
17046 clock_gettime(CLOCK_MONOTONIC, {4906, 545745284}) = 0
17046 clock_gettime(CLOCK_REALTIME,  <unfinished ...>
17048 read(7,  <unfinished ...>
17046 <... clock_gettime resumed> {1465918772, 329757156}) = 0
17048 <... read resumed> 0xc820426000, 4096) = -1 EAGAIN (Resource temporarily unavailable)
17046 select(0, NULL, NULL, NULL, {0, 20} <unfinished ...>
17048 futex(0xc82002ee90, FUTEX_WAIT, 0, NULL <unfinished ...>
17046 <... select resumed> )            = 0 (Timeout)
17046 clock_gettime(CLOCK_MONOTONIC, {4906, 545922109}) = 0
17046 futex(0x21ee760, FUTEX_WAIT, 0, {60, 0} <unfinished ...>
17049 <... epoll_wait resumed> {{EPOLLIN|EPOLLOUT, {u32=102028648, u64=140114820126056}}}, 128, -1) = 1
17049 clock_gettime(CLOCK_MONOTONIC, {4909, 395839210}) = 0
17049 futex(0xc82002ee90, FUTEX_WAKE, 1) = 1
17048 <... futex resumed> )             = 0
17049 futex(0x21ee760, FUTEX_WAKE, 1 <unfinished ...>
17048 epoll_wait(5,  <unfinished ...>
17049 <... futex resumed> )             = 1
17048 <... epoll_wait resumed> {{EPOLLIN|EPOLLOUT, {u32=102028648, u64=140114820126056}}}, 128, 0) = 1
17046 <... futex resumed> )             = 0
17049 read(7,  <unfinished ...>
17048 sched_yield( <unfinished ...>
17046 sched_yield( <unfinished ...>
17049 <... read resumed> "?   \t_/go/src/github.com/opencon"..., 4096) = 92
17046 <... sched_yield resumed> )       = 0
17049 write(1, "?   \t_/go/src/github.com/opencon"..., 92 <unfinished ...>
17046 futex(0x21ee6a0, FUTEX_WAKE, 1 <unfinished ...>
17049 <... write resumed> )             = 92
17046 <... futex resumed> )             = 0
17049 read(7,  <unfinished ...>
17046 clock_gettime(CLOCK_MONOTONIC,  <unfinished ...>
17049 <... read resumed> "\r\n--- PASS: TestGetContainerPids"..., 4096) = 42
17046 <... clock_gettime resumed> {4909, 396024837}) = 0
17049 write(1, "\r\n--- PASS: TestGetContainerPids"..., 42 <unfinished ...>
17046 clock_gettime(CLOCK_REALTIME,  <unfinished ...>
17049 <... write resumed> )             = 42
17046 <... clock_gettime resumed> {1465918775, 180044468}) = 0
17049 read(7,  <unfinished ...>
17046 select(0, NULL, NULL, NULL, {0, 20} <unfinished ...>
17049 <... read resumed> "=== RUN   TestGetContainerStats", 4096) = 31
17049 write(1, "=== RUN   TestGetContainerStats", 31) = 31
17049 read(7, "\r\n", 4096)             = 2
17049 write(1, "\r\n", 2)               = 2
17049 read(7, "--- PASS: TestGetContainerStats "..., 4096) = 41
17049 write(1, "--- PASS: TestGetContainerStats "..., 41 <unfinished ...>
17046 <... select resumed> )            = 0 (Timeout)
17049 <... write resumed> )             = 41
17046 clock_gettime(CLOCK_MONOTONIC,  <unfinished ...>
17049 read(7,  <unfinished ...>
17046 <... clock_gettime resumed> {4909, 396182029}) = 0
17049 <... read resumed> "=== RUN   TestGetContainerState\r"..., 4096) = 33
17046 clock_gettime(CLOCK_REALTIME,  <unfinished ...>
17049 write(1, "=== RUN   TestGetContainerState\r"..., 33 <unfinished ...>
17046 <... clock_gettime resumed> {1465918775, 180198141}) = 0
17049 <... write resumed> )             = 33
17046 select(0, NULL, NULL, NULL, {0, 20} <unfinished ...>
17049 read(7, "--- PASS: TestGetContainerState "..., 4096) = 64
17049 write(1, "--- PASS: TestGetContainerState "..., 64) = 64
17049 read(7, "\r\n--- PASS: TestErrorCode (0.00s"..., 4096) = 33
17049 write(1, "\r\n--- PASS: TestErrorCode (0.00s"..., 33) = 33
17049 read(7, "\r\n", 4096)             = 2
17046 <... select resumed> )            = 0 (Timeout)
17049 write(1, "\r\n", 2 <unfinished ...>
17046 clock_gettime(CLOCK_MONOTONIC,  <unfinished ...>
17049 <... write resumed> )             = 2
17046 <... clock_gettime resumed> {4909, 396332844}) = 0
17049 read(7,  <unfinished ...>
17046 clock_gettime(CLOCK_REALTIME,  <unfinished ...>
17049 <... read resumed> "=== RUN   TestFactoryNew\r\n--- PA"..., 4096) = 58
17046 <... clock_gettime resumed> {1465918775, 180346913}) = 0
17049 write(1, "=== RUN   TestFactoryNew\r\n--- PA"..., 58 <unfinished ...>
17046 select(0, NULL, NULL, NULL, {0, 20} <unfinished ...>
17049 <... write resumed> )             = 58
17049 read(7, "\r\n=== RUN   TestFactoryNewTmpfs", 4096) = 31
17049 write(1, "\r\n=== RUN   TestFactoryNewTmpfs", 31) = 31
17049 read(7, "\r\n--- PASS: TestFactoryNewTmpfs "..., 4096) = 39
17049 write(1, "\r\n--- PASS: TestFactoryNewTmpfs "..., 39) = 39
17049 read(7, "\r\n=== RUN   TestFactoryLoadNotEx"..., 4096) = 36
17046 <... select resumed> )            = 0 (Timeout)
17049 write(1, "\r\n=== RUN   TestFactoryLoadNotEx"..., 36 <unfinished ...>
17046 clock_gettime(CLOCK_MONOTONIC,  <unfinished ...>
17049 <... write resumed> )             = 36
17046 <... clock_gettime resumed> {4909, 396490805}) = 0
17049 read(7,  <unfinished ...>
17046 clock_gettime(CLOCK_REALTIME,  <unfinished ...>
17049 <... read resumed> "\r\n--- PASS: TestFactoryLoadNotEx"..., 4096) = 46
17046 <... clock_gettime resumed> {1465918775, 180504976}) = 0
17049 write(1, "\r\n--- PASS: TestFactoryLoadNotEx"..., 46 <unfinished ...>
17046 select(0, NULL, NULL, NULL, {0, 20} <unfinished ...>
17049 <... write resumed> )             = 46
17049 read(7, "=== RUN   TestFactoryLoadContain"..., 4096) = 36
17049 write(1, "=== RUN   TestFactoryLoadContain"..., 36) = 36
17049 read(7, "time=\"2016-06-14T15:39:34Z\" leve"..., 4096) = 120
17049 write(1, "time=\"2016-06-14T15:39:34Z\" leve"..., 120) = 120
17049 read(7, "\r\n--- PASS: TestFactoryLoadConta"..., 4096) = 44
17046 <... select resumed> )            = 0 (Timeout)
17049 write(1, "\r\n--- PASS: TestFactoryLoadConta"..., 44 <unfinished ...>
17046 clock_gettime(CLOCK_MONOTONIC,  <unfinished ...>
17049 <... write resumed> )             = 44
17046 <... clock_gettime resumed> {4909, 396650070}) = 0
17049 read(7,  <unfinished ...>
17046 clock_gettime(CLOCK_REALTIME,  <unfinished ...>
17049 <... read resumed> "\r\n=== RUN   TestErrorDetail\r\n", 4096) = 29
17046 <... clock_gettime resumed> {1465918775, 180665216}) = 0
17049 write(1, "\r\n=== RUN   TestErrorDetail\r\n", 29 <unfinished ...>
17046 select(0, NULL, NULL, NULL, {0, 20} <unfinished ...>
17049 <... write resumed> )             = 29
17049 read(7, "--- PASS: TestErrorDetail (0.00s"..., 4096) = 35
17049 write(1, "--- PASS: TestErrorDetail (0.00s"..., 35) = 35
17049 read(7, "=== RUN   TestNotifyOnOOM\r\n", 4096) = 27
17049 write(1, "=== RUN   TestNotifyOnOOM\r\n", 27) = 27
17049 read(7, "--- PASS: TestNotifyOnOOM (0.00s"..., 4096) = 35
17046 <... select resumed> )            = 0 (Timeout)
17049 write(1, "--- PASS: TestNotifyOnOOM (0.00s"..., 35 <unfinished ...>
17046 clock_gettime(CLOCK_MONOTONIC,  <unfinished ...>
17049 <... write resumed> )             = 35
17046 <... clock_gettime resumed> {4909, 396808271}) = 0
17049 read(7,  <unfinished ...>
17046 clock_gettime(CLOCK_REALTIME,  <unfinished ...>
17049 <... read resumed> "=== RUN   TestNotifyMemoryPressu"..., 4096) = 78
17046 <... clock_gettime resumed> {1465918775, 180822169}) = 0
17049 write(1, "=== RUN   TestNotifyMemoryPressu"..., 78 <unfinished ...>
17046 select(0, NULL, NULL, NULL, {0, 20} <unfinished ...>
17049 <... write resumed> )             = 78
17049 read(7, "\r\n=== RUN   TestCheckMountDestOn"..., 4096) = 36
17049 write(1, "\r\n=== RUN   TestCheckMountDestOn"..., 36) = 36
17049 read(7, "\r\n", 4096)             = 2
17049 write(1, "\r\n", 2)               = 2
17049 read(7,  <unfinished ...>
17046 <... select resumed> )            = 0 (Timeout)
17049 <... read resumed> "--- PASS: TestCheckMountDestOnPr"..., 4096) = 44
17046 clock_gettime(CLOCK_MONOTONIC,  <unfinished ...>
17049 write(1, "--- PASS: TestCheckMountDestOnPr"..., 44 <unfinished ...>
17046 <... clock_gettime resumed> {4909, 396964220}) = 0
17049 <... write resumed> )             = 44
17046 clock_gettime(CLOCK_REALTIME,  <unfinished ...>
17049 read(7,  <unfinished ...>
17046 <... clock_gettime resumed> {1465918775, 180978915}) = 0
17049 <... read resumed> "=== RUN   TestCheckMountDestInSy"..., 4096) = 76
17046 select(0, NULL, NULL, NULL, {0, 20} <unfinished ...>
17049 write(1, "=== RUN   TestCheckMountDestInSy"..., 76) = 76
17049 read(7, "\r\n=== RUN   TestCheckMountDestFa"..., 4096) = 43
17049 write(1, "\r\n=== RUN   TestCheckMountDestFa"..., 43) = 43
17049 read(7, "\r\n--- PASS: TestCheckMountDestFa"..., 4096) = 51
17049 write(1, "\r\n--- PASS: TestCheckMountDestFa"..., 51) = 51
17046 <... select resumed> )            = 0 (Timeout)
17049 read(7,  <unfinished ...>
17046 clock_gettime(CLOCK_MONOTONIC,  <unfinished ...>
17049 <... read resumed> "\r\n=== RUN   TestCheckMountRoot", 4096) = 30
17046 <... clock_gettime resumed> {4909, 397122468}) = 0
17049 write(1, "\r\n=== RUN   TestCheckMountRoot", 30 <unfinished ...>
17046 clock_gettime(CLOCK_REALTIME,  <unfinished ...>
17049 <... write resumed> )             = 30
17046 <... clock_gettime resumed> {1465918775, 181139109}) = 0
17049 read(7,  <unfinished ...>
17046 select(0, NULL, NULL, NULL, {0, 20} <unfinished ...>
17049 <... read resumed> "\r\n--- PASS: TestCheckMountRoot ("..., 4096) = 38
17049 write(1, "\r\n--- PASS: TestCheckMountRoot ("..., 38) = 38
17049 read(7, "\r\n=== RUN   TestNeedsSetupDev", 4096) = 29
17049 write(1, "\r\n=== RUN   TestNeedsSetupDev", 29) = 29
17049 read(7, "\r\n", 4096)             = 2
17049 write(1, "\r\n", 2 <unfinished ...>
17046 <... select resumed> )            = 0 (Timeout)
17049 <... write resumed> )             = 2
17046 clock_gettime(CLOCK_MONOTONIC,  <unfinished ...>
17049 read(7,  <unfinished ...>
17046 <... clock_gettime resumed> {4909, 397271356}) = 0
17049 <... read resumed> "--- PASS: TestNeedsSetupDev (0.0"..., 4096) = 77
17046 clock_gettime(CLOCK_REALTIME,  <unfinished ...>
17049 write(1, "--- PASS: TestNeedsSetupDev (0.0"..., 77 <unfinished ...>
17046 <... clock_gettime resumed> {1465918775, 181287529}) = 0
17049 <... write resumed> )             = 77
17046 select(0, NULL, NULL, NULL, {0, 20} <unfinished ...>
17049 read(7, "\r\n--- PASS: TestNeedsSetupDevStr"..., 4096) = 52
17049 write(1, "\r\n--- PASS: TestNeedsSetupDevStr"..., 52) = 52
17049 read(7, "=== RUN   TestNeedsSetupDevStran"..., 4096) = 38
17049 write(1, "=== RUN   TestNeedsSetupDevStran"..., 38) = 38
17049 read(7, "\r\n--- PASS: TestNeedsSetupDevStr"..., 4096) = 48
17046 <... select resumed> )            = 0 (Timeout)
17049 write(1, "\r\n--- PASS: TestNeedsSetupDevStr"..., 48 <unfinished ...>
17046 clock_gettime(CLOCK_MONOTONIC,  <unfinished ...>
17049 <... write resumed> )             = 48
17046 <... clock_gettime resumed> {4909, 397425641}) = 0
17049 read(7,  <unfinished ...>
17046 clock_gettime(CLOCK_REALTIME,  <unfinished ...>
17049 <... read resumed> "\r\n=== RUN   TestNeedsSetupDevStr"..., 4096) = 46
17046 <... clock_gettime resumed> {1465918775, 181439616}) = 0
17049 write(1, "\r\n=== RUN   TestNeedsSetupDevStr"..., 46 <unfinished ...>
17046 select(0, NULL, NULL, NULL, {0, 20} <unfinished ...>
17049 <... write resumed> )             = 46
17049 read(7, "\r\n--- PASS: TestNeedsSetupDevStr"..., 4096) = 54
17049 write(1, "\r\n--- PASS: TestNeedsSetupDevStr"..., 54) = 54
17049 read(7, "\r\n=== RUN   TestStateStatus", 4096) = 27
17049 write(1, "\r\n=== RUN   TestStateStatus", 27) = 27
17049 read(7, "\r\n", 4096)             = 2
17046 <... select resumed> )            = 0 (Timeout)
17049 write(1, "\r\n", 2 <unfinished ...>
17046 clock_gettime(CLOCK_MONOTONIC,  <unfinished ...>
17049 <... write resumed> )             = 2
17046 <... clock_gettime resumed> {4909, 397582049}) = 0
17049 read(7,  <unfinished ...>
17046 clock_gettime(CLOCK_REALTIME,  <unfinished ...>
17049 <... read resumed> "--- PASS: TestStateStatus (0.00s"..., 4096) = 71
17046 <... clock_gettime resumed> {1465918775, 181596087}) = 0
17049 write(1, "--- PASS: TestStateStatus (0.00s"..., 71 <unfinished ...>
17046 select(0, NULL, NULL, NULL, {0, 20} <unfinished ...>
17049 <... write resumed> )             = 71
17049 read(7, "\r\n--- PASS: TestStoppedStateTran"..., 4096) = 46
17049 write(1, "\r\n--- PASS: TestStoppedStateTran"..., 46) = 46
17049 read(7, "\r\n=== RUN   TestPausedStateTrans"..., 4096) = 37
17049 write(1, "\r\n=== RUN   TestPausedStateTrans"..., 37) = 37
17049 read(7,  <unfinished ...>
17046 <... select resumed> )            = 0 (Timeout)
17049 <... read resumed> "\r\n", 4096)  = 2
17046 clock_gettime(CLOCK_MONOTONIC,  <unfinished ...>
17049 write(1, "\r\n", 2 <unfinished ...>
17046 <... clock_gettime resumed> {4909, 397732029}) = 0
17049 <... write resumed> )             = 2
17046 clock_gettime(CLOCK_REALTIME,  <unfinished ...>
17049 read(7,  <unfinished ...>
17046 <... clock_gettime resumed> {1465918775, 181746904}) = 0
17049 <... read resumed> "--- PASS: TestPausedStateTransit"..., 4096) = 82
17046 select(0, NULL, NULL, NULL, {0, 20} <unfinished ...>
17049 write(1, "--- PASS: TestPausedStateTransit"..., 82) = 82
17049 read(7, "\r\n--- PASS: TestRestoredStateTra"..., 4096) = 47
17049 write(1, "\r\n--- PASS: TestRestoredStateTra"..., 47) = 47
17049 read(7, 0xc820426000, 4096)       = -1 EAGAIN (Resource temporarily unavailable)
17049 epoll_wait(5,  <unfinished ...>
17046 <... select resumed> )            = 0 (Timeout)
17049 <... epoll_wait resumed> {{EPOLLOUT, {u32=102028648, u64=140114820126056}}}, 128, 0) = 1
17046 clock_gettime(CLOCK_MONOTONIC,  <unfinished ...>
17049 epoll_wait(5,  <unfinished ...>
17046 <... clock_gettime resumed> {4909, 397902694}) = 0
17049 <... epoll_wait resumed> {{EPOLLIN|EPOLLOUT, {u32=102028648, u64=140114820126056}}}, 128, -1) = 1
17046 clock_gettime(CLOCK_REALTIME,  <unfinished ...>
17049 clock_gettime(CLOCK_MONOTONIC,  <unfinished ...>
17046 <... clock_gettime resumed> {1465918775, 181917772}) = 0
17049 <... clock_gettime resumed> {4909, 397940700}) = 0
17046 select(0, NULL, NULL, NULL, {0, 20} <unfinished ...>
17049 read(7, "\r\nPASS\r\nok  ", 4096) = 12
17049 write(1, "\r\nPASS\r\nok  ", 12)  = 12
17049 read(7, "\t_/go/src/github.com/opencontain"..., 4096) = 53
17046 <... select resumed> )            = 0 (Timeout)
17049 write(1, "\t_/go/src/github.com/opencontain"..., 53 <unfinished ...>
17046 clock_gettime(CLOCK_MONOTONIC,  <unfinished ...>
17049 <... write resumed> )             = 53
17046 <... clock_gettime resumed> {4909, 398043936}) = 0
17049 read(7,  <unfinished ...>
17046 clock_gettime(CLOCK_REALTIME,  <unfinished ...>
17049 <... read resumed> "\t0.009s", 4096) = 7
17046 <... clock_gettime resumed> {1465918775, 182062574}) = 0
17049 write(1, "\t0.009s", 7 <unfinished ...>
17046 select(0, NULL, NULL, NULL, {0, 20} <unfinished ...>
17049 <... write resumed> )             = 7
17049 read(7, "\r\n", 4096)             = 2
17049 write(1, "\r\n", 2)               = 2
17049 read(7, "?   ", 4096)             = 4
17049 write(1, "?   ", 4)               = 4
17046 <... select resumed> )            = 0 (Timeout)
17049 read(7,  <unfinished ...>
17046 clock_gettime(CLOCK_MONOTONIC,  <unfinished ...>
17049 <... read resumed> "\t", 4096)    = 1
17046 <... clock_gettime resumed> {4909, 398209630}) = 0
17049 write(1, "\t", 1 <unfinished ...>
17046 clock_gettime(CLOCK_REALTIME,  <unfinished ...>
17049 <... write resumed> )             = 1
17046 <... clock_gettime resumed> {1465918775, 182228655}) = 0
17049 read(7,  <unfinished ...>
17046 select(0, NULL, NULL, NULL, {0, 20} <unfinished ...>
17049 <... read resumed> "_/go/src/github.com/opencontaine"..., 4096) = 62
17049 write(1, "_/go/src/github.com/opencontaine"..., 62) = 62
17049 read(7, "[no test files]", 4096)  = 15
17049 write(1, "[no test files]", 15)   = 15
17049 read(7,  <unfinished ...>
17046 <... select resumed> )            = 0 (Timeout)
17049 <... read resumed> "\r\n", 4096)  = 2
17046 clock_gettime(CLOCK_MONOTONIC,  <unfinished ...>
17049 write(1, "\r\n", 2 <unfinished ...>
17046 <... clock_gettime resumed> {4909, 398368640}) = 0
17049 <... write resumed> )             = 2
17046 clock_gettime(CLOCK_REALTIME,  <unfinished ...>
17049 read(7,  <unfinished ...>
17046 <... clock_gettime resumed> {1465918775, 182387520}) = 0
17049 <... read resumed> 0xc820426000, 4096) = -1 EAGAIN (Resource temporarily unavailable)
17046 select(0, NULL, NULL, NULL, {0, 20} <unfinished ...>
17049 epoll_wait(5, {{EPOLLOUT, {u32=102028648, u64=140114820126056}}}, 128, 0) = 1
17049 epoll_wait(5,  <unfinished ...>
17048 <... sched_yield resumed> )       = 0
17048 futex(0x21ee6a0, FUTEX_WAKE, 1)   = 0
17048 futex(0xc82002ee90, FUTEX_WAIT, 0, NULL <unfinished ...>
17046 <... select resumed> )            = 0 (Timeout)
17046 clock_gettime(CLOCK_MONOTONIC, {4909, 398514748}) = 0
17046 futex(0x21ee760, FUTEX_WAIT, 0, {60, 0} <unfinished ...>
17049 <... epoll_wait resumed> {{EPOLLIN|EPOLLOUT, {u32=102028648, u64=140114820126056}}}, 128, -1) = 1
17049 clock_gettime(CLOCK_MONOTONIC, {4910, 154430142}) = 0
17049 futex(0xc82002ee90, FUTEX_WAKE, 1) = 1
17048 <... futex resumed> )             = 0
17049 futex(0x21ee760, FUTEX_WAKE, 1 <unfinished ...>
17048 epoll_wait(5,  <unfinished ...>
17049 <... futex resumed> )             = 1
17048 <... epoll_wait resumed> {{EPOLLIN|EPOLLOUT, {u32=102028648, u64=140114820126056}}}, 128, 0) = 1
17046 <... futex resumed> )             = 0
17049 read(7,  <unfinished ...>
17048 sched_yield( <unfinished ...>
17046 sched_yield( <unfinished ...>
17049 <... read resumed> "=== RUN   TestParseCgroups\r\n--- "..., 4096) = 93
17046 <... sched_yield resumed> )       = 0
17049 write(1, "=== RUN   TestParseCgroups\r\n--- "..., 93 <unfinished ...>
17046 futex(0x21ee6a0, FUTEX_WAKE, 1 <unfinished ...>
17049 <... write resumed> )             = 93
17046 <... futex resumed> )             = 0
17049 read(7,  <unfinished ...>
17046 clock_gettime(CLOCK_MONOTONIC,  <unfinished ...>
17049 <... read resumed> "\r\n--- PASS: TestGetCgroupMounts "..., 4096) = 41
17046 <... clock_gettime resumed> {4910, 154585538}) = 0
17049 write(1, "\r\n--- PASS: TestGetCgroupMounts "..., 41 <unfinished ...>
17046 clock_gettime(CLOCK_REALTIME,  <unfinished ...>
17049 <... write resumed> )             = 41
17046 <... clock_gettime resumed> {1465918775, 938611592}) = 0
17049 read(7,  <unfinished ...>
17046 select(0, NULL, NULL, NULL, {0, 20} <unfinished ...>
17049 <... read resumed> "=== RUN   TestParseCgroupString\r"..., 4096) = 72
17049 write(1, "=== RUN   TestParseCgroupString\r"..., 72) = 72
17049 read(7, "\r\nPASS", 4096)         = 6
17049 write(1, "\r\nPASS", 6)           = 6
17049 read(7, "\r\nok  ", 4096)         = 6
17049 write(1, "\r\nok  ", 6 <unfinished ...>
17046 <... select resumed> )            = 0 (Timeout)
17049 <... write resumed> )             = 6
17046 clock_gettime(CLOCK_MONOTONIC,  <unfinished ...>
17049 read(7,  <unfinished ...>
17046 <... clock_gettime resumed> {4910, 154755693}) = 0
17049 <... read resumed> "\t_/go/src/github.com/opencontain"..., 4096) = 62
17046 clock_gettime(CLOCK_REALTIME,  <unfinished ...>
17049 write(1, "\t_/go/src/github.com/opencontain"..., 62 <unfinished ...>
17046 <... clock_gettime resumed> {1465918775, 938772063}) = 0
17049 <... write resumed> )             = 62
17046 select(0, NULL, NULL, NULL, {0, 20} <unfinished ...>
17049 read(7, "0.002s\r\n", 4096)       = 8
17049 write(1, "0.002s\r\n", 8)         = 8
17049 read(7, 0xc820426000, 4096)       = -1 EAGAIN (Resource temporarily unavailable)
17049 epoll_wait(5, {{EPOLLOUT, {u32=102028648, u64=140114820126056}}}, 128, 0) = 1
17049 epoll_wait(5,  <unfinished ...>
17046 <... select resumed> )            = 0 (Timeout)
17046 clock_gettime(CLOCK_MONOTONIC, {4910, 154907609}) = 0
17046 clock_gettime(CLOCK_REALTIME, {1465918775, 938910956}) = 0
17046 select(0, NULL, NULL, NULL, {0, 20} <unfinished ...>
17048 <... sched_yield resumed> )       = 0
17048 futex(0x21ee6a0, FUTEX_WAKE, 1)   = 0
17048 futex(0xc82002ee90, FUTEX_WAIT, 0, NULL <unfinished ...>
17046 <... select resumed> )            = 0 (Timeout)
17046 clock_gettime(CLOCK_MONOTONIC, {4910, 155028633}) = 0
17046 futex(0x21ee760, FUTEX_WAIT, 0, {60, 0} <unfinished ...>
17049 <... epoll_wait resumed> {{EPOLLIN|EPOLLOUT, {u32=102028648, u64=140114820126056}}}, 128, -1) = 1
17049 clock_gettime(CLOCK_MONOTONIC, {4910, 974759482}) = 0
17049 futex(0xc82002ee90, FUTEX_WAKE, 1) = 1
17048 <... futex resumed> )             = 0
17049 futex(0x21ee760, FUTEX_WAKE, 1 <unfinished ...>
17048 epoll_wait(5,  <unfinished ...>
17049 <... futex resumed> )             = 1
17048 <... epoll_wait resumed> {{EPOLLIN|EPOLLOUT, {u32=102028648, u64=140114820126056}}}, 128, 0) = 1
17046 <... futex resumed> )             = 0
17049 read(7,  <unfinished ...>
17048 sched_yield( <unfinished ...>
17046 sched_yield( <unfinished ...>
17049 <... read resumed> "=== RUN   TestInvalidCgroupPath\r"..., 4096) = 115
17046 <... sched_yield resumed> )       = 0
17049 write(1, "=== RUN   TestInvalidCgroupPath\r"..., 115 <unfinished ...>
17046 futex(0x21ee6a0, FUTEX_WAKE, 1 <unfinished ...>
17049 <... write resumed> )             = 115
17046 <... futex resumed> )             = 0
17049 read(7,  <unfinished ...>
17046 clock_gettime(CLOCK_MONOTONIC,  <unfinished ...>
17049 <... read resumed> "--- PASS: TestInvalidAbsoluteCgr"..., 4096) = 82
17046 <... clock_gettime resumed> {4910, 974920110}) = 0
17049 write(1, "--- PASS: TestInvalidAbsoluteCgr"..., 82 <unfinished ...>
17046 clock_gettime(CLOCK_REALTIME,  <unfinished ...>
17049 <... write resumed> )             = 82
17046 <... clock_gettime resumed> {1465918776, 758941787}) = 0
17049 read(7,  <unfinished ...>
17046 select(0, NULL, NULL, NULL, {0, 20} <unfinished ...>
17049 <... read resumed> "\r\n--- PASS: TestInvalidCgroupPar"..., 4096) = 86
17049 write(1, "\r\n--- PASS: TestInvalidCgroupPar"..., 86) = 86
17049 read(7, "\r\n--- PASS: TestInvalidAbsoluteC"..., 4096) = 51
17046 <... select resumed> )            = 0 (Timeout)
17049 write(1, "\r\n--- PASS: TestInvalidAbsoluteC"..., 51 <unfinished ...>
17046 clock_gettime(CLOCK_MONOTONIC,  <unfinished ...>
17049 <... write resumed> )             = 51
17046 <... clock_gettime resumed> {4910, 975111788}) = 0
17049 read(7,  <unfinished ...>
17046 clock_gettime(CLOCK_REALTIME,  <unfinished ...>
17049 <... read resumed> "\r\n", 4096)  = 2
17046 <... clock_gettime resumed> {1465918776, 759148834}) = 0
17049 write(1, "\r\n", 2 <unfinished ...>
17046 select(0, NULL, NULL, NULL, {0, 20} <unfinished ...>
17049 <... write resumed> )             = 2
17049 read(7, "=== RUN   TestInvalidCgroupName", 4096) = 31
17049 write(1, "=== RUN   TestInvalidCgroupName", 31) = 31
17046 <... select resumed> )            = 0 (Timeout)
17049 read(7,  <unfinished ...>
17046 clock_gettime(CLOCK_MONOTONIC,  <unfinished ...>
17049 <... read resumed> "\r\n--- PASS: TestInvalidCgroupNam"..., 4096) = 84
17046 <... clock_gettime resumed> {4910, 975343227}) = 0
17049 write(1, "\r\n--- PASS: TestInvalidCgroupNam"..., 84 <unfinished ...>
17046 clock_gettime(CLOCK_REALTIME,  <unfinished ...>
17049 <... write resumed> )             = 84
17046 <... clock_gettime resumed> {1465918776, 759394149}) = 0
17049 read(7,  <unfinished ...>
17046 select(0, NULL, NULL, NULL, {0, 20} <unfinished ...>
17049 <... read resumed> "--- PASS: TestInvalidAbsoluteCgr"..., 4096) = 141
17049 write(1, "--- PASS: TestInvalidAbsoluteCgr"..., 141) = 141
17049 read(7, "=== RUN   TestInvalidAbsoluteCgr"..., 4096) = 108
17046 <... select resumed> )            = 0 (Timeout)
17049 write(1, "=== RUN   TestInvalidAbsoluteCgr"..., 108 <unfinished ...>
17046 clock_gettime(CLOCK_MONOTONIC,  <unfinished ...>
17049 <... write resumed> )             = 108
17046 <... clock_gettime resumed> {4910, 975608795}) = 0
17049 read(7,  <unfinished ...>
17046 clock_gettime(CLOCK_REALTIME,  <unfinished ...>
17049 <... read resumed> "=== RUN   TestBlkioSetWeight\r\n--"..., 4096) = 102
17046 <... clock_gettime resumed> {1465918776, 759650745}) = 0
17049 write(1, "=== RUN   TestBlkioSetWeight\r\n--"..., 102 <unfinished ...>
17046 select(0, NULL, NULL, NULL, {0, 20} <unfinished ...>
17049 <... write resumed> )             = 102
17049 read(7, "\r\n--- PASS: TestBlkioSetWeightDe"..., 4096) = 90
17049 write(1, "\r\n--- PASS: TestBlkioSetWeightDe"..., 90) = 90
17046 <... select resumed> )            = 0 (Timeout)
17049 read(7,  <unfinished ...>
17046 clock_gettime(CLOCK_MONOTONIC,  <unfinished ...>
17049 <... read resumed> "--- PASS: TestBlkioSetMultipleWe"..., 4096) = 78
17046 <... clock_gettime resumed> {4910, 975859698}) = 0
17049 write(1, "--- PASS: TestBlkioSetMultipleWe"..., 78 <unfinished ...>
17046 clock_gettime(CLOCK_REALTIME,  <unfinished ...>
17049 <... write resumed> )             = 78
17046 <... clock_gettime resumed> {1465918776, 759889744}) = 0
17049 read(7,  <unfinished ...>
17046 select(0, NULL, NULL, NULL, {0, 20} <unfinished ...>
17049 <... read resumed> "--- PASS: TestBlkioStats (0.00s)"..., 4096) = 73
17049 write(1, "--- PASS: TestBlkioStats (0.00s)"..., 73) = 73
17049 read(7, "--- PASS: TestBlkioStatsNoSector"..., 4096) = 89
17049 write(1, "--- PASS: TestBlkioStatsNoSector"..., 89 <unfinished ...>
17046 <... select resumed> )            = 0 (Timeout)
17049 <... write resumed> )             = 89
17046 clock_gettime(CLOCK_MONOTONIC,  <unfinished ...>
17049 read(7,  <unfinished ...>
17046 <... clock_gettime resumed> {4910, 976073437}) = 0
17049 <... read resumed> "\r\n--- PASS: TestBlkioStatsNoServ"..., 4096) = 94
17046 clock_gettime(CLOCK_REALTIME,  <unfinished ...>
17049 write(1, "\r\n--- PASS: TestBlkioStatsNoServ"..., 94 <unfinished ...>
17046 <... clock_gettime resumed> {1465918776, 760111175}) = 0
17049 <... write resumed> )             = 94
17046 select(0, NULL, NULL, NULL, {0, 20} <unfinished ...>
17049 read(7, "--- PASS: TestBlkioStatsNoServic"..., 4096) = 130
17049 write(1, "--- PASS: TestBlkioStatsNoServic"..., 130) = 130
17049 read(7, "\r\n=== RUN   TestBlkioStatsNoServ"..., 4096) = 43
17046 <... select resumed> )            = 0 (Timeout)
17049 write(1, "\r\n=== RUN   TestBlkioStatsNoServ"..., 43 <unfinished ...>
17046 clock_gettime(CLOCK_MONOTONIC,  <unfinished ...>
17049 <... write resumed> )             = 43
17046 <... clock_gettime resumed> {4910, 976309375}) = 0
17049 read(7,  <unfinished ...>
17046 clock_gettime(CLOCK_REALTIME,  <unfinished ...>
17049 <... read resumed> "\r\n--- PASS: TestBlkioStatsNoServ"..., 4096) = 139
17046 <... clock_gettime resumed> {1465918776, 760354026}) = 0
17049 write(1, "\r\n--- PASS: TestBlkioStatsNoServ"..., 139 <unfinished ...>
17046 select(0, NULL, NULL, NULL, {0, 20} <unfinished ...>
17049 <... write resumed> )             = 139
17049 read(7, "\r\n=== RUN   TestBlkioStatsNoMerg"..., 4096) = 84
17049 write(1, "\r\n=== RUN   TestBlkioStatsNoMerg"..., 84) = 84
17049 read(7, "\r\n=== RUN   TestBlkioStatsNoTime"..., 4096) = 38
17046 <... select resumed> )            = 0 (Timeout)
17049 write(1, "\r\n=== RUN   TestBlkioStatsNoTime"..., 38 <unfinished ...>
17046 clock_gettime(CLOCK_MONOTONIC,  <unfinished ...>
17049 <... write resumed> )             = 38
17046 <... clock_gettime resumed> {4910, 976537391}) = 0
17049 read(7,  <unfinished ...>
17046 clock_gettime(CLOCK_REALTIME,  <unfinished ...>
17049 <... read resumed> "--- PASS: TestBlkioStatsNoTimeFi"..., 4096) = 197
17046 <... clock_gettime resumed> {1465918776, 760648535}) = 0
17049 write(1, "--- PASS: TestBlkioStatsNoTimeFi"..., 197 <unfinished ...>
17046 select(0, NULL, NULL, NULL, {0, 20} <unfinished ...>
17049 <... write resumed> )             = 197
17049 read(7, "--- PASS: TestBlkioStatsUnexpect"..., 4096) = 123
17046 <... select resumed> )            = 0 (Timeout)
17049 write(1, "--- PASS: TestBlkioStatsUnexpect"..., 123 <unfinished ...>
17046 clock_gettime(CLOCK_MONOTONIC,  <unfinished ...>
17049 <... write resumed> )             = 123
17046 <... clock_gettime resumed> {4910, 976878898}) = 0
17049 read(7,  <unfinished ...>
17046 clock_gettime(CLOCK_REALTIME,  <unfinished ...>
17049 <... read resumed> "\r\n=== RUN   TestBlkioSetThrottle"..., 4096) = 47
17046 <... clock_gettime resumed> {1465918776, 760940194}) = 0
17049 write(1, "\r\n=== RUN   TestBlkioSetThrottle"..., 47 <unfinished ...>
17046 select(0, NULL, NULL, NULL, {0, 20} <unfinished ...>
17049 <... write resumed> )             = 47
17049 read(7, "--- PASS: TestBlkioSetThrottleRe"..., 4096) = 151
17046 <... select resumed> )            = 0 (Timeout)
17049 write(1, "--- PASS: TestBlkioSetThrottleRe"..., 151 <unfinished ...>
17046 clock_gettime(CLOCK_MONOTONIC,  <unfinished ...>
17049 <... write resumed> )             = 151
17046 <... clock_gettime resumed> {4910, 977215929}) = 0
17049 read(7,  <unfinished ...>
17046 clock_gettime(CLOCK_REALTIME,  <unfinished ...>
17049 <... read resumed> "\r\n=== RUN   TestBlkioSetThrottle"..., 4096) = 100
17046 <... clock_gettime resumed> {1465918776, 761310964}) = 0
17049 write(1, "\r\n=== RUN   TestBlkioSetThrottle"..., 100 <unfinished ...>
17046 select(0, NULL, NULL, NULL, {0, 20} <unfinished ...>
17049 <... write resumed> )             = 100
17049 read(7, "\r\n=== RUN   TestBlkioSetThrottle"..., 4096) = 104
17046 <... select resumed> )            = 0 (Timeout)
17049 write(1, "\r\n=== RUN   TestBlkioSetThrottle"..., 104 <unfinished ...>
17046 clock_gettime(CLOCK_MONOTONIC,  <unfinished ...>
17049 <... write resumed> )             = 104
17046 <... clock_gettime resumed> {4910, 977526230}) = 0
17049 read(7,  <unfinished ...>
17046 clock_gettime(CLOCK_REALTIME,  <unfinished ...>
17049 <... read resumed> "=== RUN   TestCpuSetShares\r\n--- "..., 4096) = 64
17046 <... clock_gettime resumed> {1465918776, 761602538}) = 0
17049 write(1, "=== RUN   TestCpuSetShares\r\n--- "..., 64 <unfinished ...>
17046 select(0, NULL, NULL, NULL, {0, 20} <unfinished ...>
17049 <... write resumed> )             = 64
17049 read(7, "=== RUN   TestCpuSetBandWidth\r\n-"..., 4096) = 70
17046 <... select resumed> )            = 0 (Timeout)
17049 write(1, "=== RUN   TestCpuSetBandWidth\r\n-"..., 70 <unfinished ...>
17046 clock_gettime(CLOCK_MONOTONIC,  <unfinished ...>
17049 <... write resumed> )             = 70
17046 <... clock_gettime resumed> {4910, 977794687}) = 0
17049 read(7,  <unfinished ...>
17046 clock_gettime(CLOCK_REALTIME,  <unfinished ...>
17049 <... read resumed> "=== RUN   TestCpuStats\r\n--- PASS"..., 4096) = 56
17046 <... clock_gettime resumed> {1465918776, 761891938}) = 0
17049 write(1, "=== RUN   TestCpuStats\r\n--- PASS"..., 56 <unfinished ...>
17046 select(0, NULL, NULL, NULL, {0, 20} <unfinished ...>
17049 <... write resumed> )             = 56
17048 <... sched_yield resumed> )       = 0
17046 <... select resumed> )            = 0 (Timeout)
17049 read(7,  <unfinished ...>
17048 futex(0x21ee6a0, FUTEX_WAKE, 1 <unfinished ...>
17049 <... read resumed> "=== RUN   TestNoCpuStatFile\r\n---"..., 4096) = 134
17048 <... futex resumed> )             = 0
17046 clock_gettime(CLOCK_MONOTONIC,  <unfinished ...>
17049 write(1, "=== RUN   TestNoCpuStatFile\r\n---"..., 134 <unfinished ...>
17048 epoll_wait(5,  <unfinished ...>
17049 <... write resumed> )             = 134
17048 <... epoll_wait resumed> {{EPOLLIN|EPOLLOUT, {u32=102028648, u64=140114820126056}}}, 128, -1) = 1
17046 <... clock_gettime resumed> {4910, 978179105}) = 0
17049 read(7,  <unfinished ...>
17048 epoll_wait(5,  <unfinished ...>
17049 <... read resumed> "=== RUN   TestCpusetSetCpus\r\n---"..., 4096) = 161
17048 <... epoll_wait resumed> {{EPOLLIN|EPOLLOUT, {u32=102028648, u64=140114820126056}}}, 128, -1) = 1
17046 clock_gettime(CLOCK_REALTIME,  <unfinished ...>
17049 write(1, "=== RUN   TestCpusetSetCpus\r\n---"..., 161 <unfinished ...>
17048 epoll_wait(5,  <unfinished ...>
17049 <... write resumed> )             = 161
17048 <... epoll_wait resumed> {{EPOLLIN|EPOLLOUT, {u32=102028648, u64=140114820126056}}}, 128, -1) = 1
17046 <... clock_gettime resumed> {1465918776, 762352803}) = 0
17049 read(7,  <unfinished ...>
17048 epoll_wait(5,  <unfinished ...>
17049 <... read resumed> "\r\n--- PASS: TestDevicesSetAllow "..., 4096) = 140
17048 <... epoll_wait resumed> {{EPOLLIN|EPOLLOUT, {u32=102028648, u64=140114820126056}}}, 128, -1) = 1
17046 select(0, NULL, NULL, NULL, {0, 20} <unfinished ...>
17049 write(1, "\r\n--- PASS: TestDevicesSetAllow "..., 140 <unfinished ...>
17048 epoll_wait(5,  <unfinished ...>
17049 <... write resumed> )             = 140
17048 <... epoll_wait resumed> {{EPOLLIN|EPOLLOUT, {u32=102028648, u64=140114820126056}}}, 128, -1) = 1
17049 read(7,  <unfinished ...>
17048 epoll_wait(5,  <unfinished ...>
17046 <... select resumed> )            = 0 (Timeout)
17049 <... read resumed> "--- PASS: TestFreezerSetState (0"..., 4096) = 197
17048 <... epoll_wait resumed> {{EPOLLIN|EPOLLOUT, {u32=102028648, u64=140114820126056}}}, 128, -1) = 1
17046 clock_gettime(CLOCK_MONOTONIC,  <unfinished ...>
17049 write(1, "--- PASS: TestFreezerSetState (0"..., 197 <unfinished ...>
17048 epoll_wait(5,  <unfinished ...>
17046 <... clock_gettime resumed> {4910, 978717776}) = 0
17049 <... write resumed> )             = 197
17048 <... epoll_wait resumed> {{EPOLLIN|EPOLLOUT, {u32=102028648, u64=140114820126056}}}, 128, -1) = 1
17046 clock_gettime(CLOCK_REALTIME,  <unfinished ...>
17049 read(7,  <unfinished ...>
17048 epoll_wait(5,  <unfinished ...>
17046 <... clock_gettime resumed> {1465918776, 762823051}) = 0
17049 <... read resumed> "=== RUN   TestHugetlbStats\r\n--- "..., 4096) = 190
17048 <... epoll_wait resumed> {{EPOLLIN|EPOLLOUT, {u32=102028648, u64=140114820126056}}}, 128, -1) = 1
17046 select(0, NULL, NULL, NULL, {0, 20} <unfinished ...>
17049 write(1, "=== RUN   TestHugetlbStats\r\n--- "..., 190 <unfinished ...>
17048 epoll_wait(5,  <unfinished ...>
17049 <... write resumed> )             = 190
17048 <... epoll_wait resumed> {{EPOLLIN|EPOLLOUT, {u32=102028648, u64=140114820126056}}}, 128, -1) = 1
17046 <... select resumed> )            = 0 (Timeout)
17049 read(7,  <unfinished ...>
17048 epoll_wait(5,  <unfinished ...>
17046 clock_gettime(CLOCK_MONOTONIC,  <unfinished ...>
17049 <... read resumed> "\r\n--- PASS: TestHugetlbStatsNoMa"..., 4096) = 183
17048 <... epoll_wait resumed> {{EPOLLIN|EPOLLOUT, {u32=102028648, u64=140114820126056}}}, 128, -1) = 1
17046 <... clock_gettime resumed> {4910, 979145501}) = 0
17049 write(1, "\r\n--- PASS: TestHugetlbStatsNoMa"..., 183 <unfinished ...>
17048 epoll_wait(5,  <unfinished ...>
17046 clock_gettime(CLOCK_REALTIME,  <unfinished ...>
17049 <... write resumed> )             = 183
17048 <... epoll_wait resumed> {{EPOLLIN|EPOLLOUT, {u32=102028648, u64=140114820126056}}}, 128, -1) = 1
17046 <... clock_gettime resumed> {1465918776, 763259007}) = 0
17049 read(7,  <unfinished ...>
17048 epoll_wait(5,  <unfinished ...>
17046 select(0, NULL, NULL, NULL, {0, 20} <unfinished ...>
17049 <... read resumed> "--- PASS: TestHugetlbStatsBadMax"..., 4096) = 154
17048 <... epoll_wait resumed> {{EPOLLIN|EPOLLOUT, {u32=102028648, u64=140114820126056}}}, 128, -1) = 1
17049 write(1, "--- PASS: TestHugetlbStatsBadMax"..., 154 <unfinished ...>
17048 epoll_wait(5,  <unfinished ...>
17049 <... write resumed> )             = 154
17048 <... epoll_wait resumed> {{EPOLLIN|EPOLLOUT, {u32=102028648, u64=140114820126056}}}, 128, -1) = 1
17049 read(7,  <unfinished ...>
17048 epoll_wait(5,  <unfinished ...>
17046 <... select resumed> )            = 0 (Timeout)
17049 <... read resumed> "\r\n--- PASS: TestMemorySetMemorys"..., 4096) = 182
17048 <... epoll_wait resumed> {{EPOLLOUT, {u32=102028648, u64=140114820126056}}}, 128, -1) = 1
17046 clock_gettime(CLOCK_MONOTONIC,  <unfinished ...>
17049 write(1, "\r\n--- PASS: TestMemorySetMemorys"..., 182 <unfinished ...>
17048 epoll_wait(5,  <unfinished ...>
17046 <... clock_gettime resumed> {4910, 979486064}) = 0
17049 <... write resumed> )             = 182
17048 <... epoll_wait resumed> {{EPOLLIN|EPOLLOUT, {u32=102028648, u64=140114820126056}}}, 128, -1) = 1
17046 clock_gettime(CLOCK_REALTIME,  <unfinished ...>
17049 read(7,  <unfinished ...>
17048 epoll_wait(5,  <unfinished ...>
17046 <... clock_gettime resumed> {1465918776, 763534539}) = 0
17049 <... read resumed> "\r\n--- PASS: TestMemorySetMemoryL"..., 4096) = 101
17048 <... epoll_wait resumed> {{EPOLLOUT, {u32=102028648, u64=140114820126056}}}, 128, -1) = 1
17046 select(0, NULL, NULL, NULL, {0, 20} <unfinished ...>
17049 write(1, "\r\n--- PASS: TestMemorySetMemoryL"..., 101 <unfinished ...>
17048 epoll_wait(5,  <unfinished ...>
17049 <... write resumed> )             = 101
17048 <... epoll_wait resumed> {{EPOLLIN|EPOLLOUT, {u32=102028648, u64=140114820126056}}}, 128, -1) = 1
17049 read(7,  <unfinished ...>
17048 epoll_wait(5,  <unfinished ...>
17049 <... read resumed> "--- PASS: TestMemorySetSwapSmall"..., 4096) = 136
17048 <... epoll_wait resumed> {{EPOLLOUT, {u32=102028648, u64=140114820126056}}}, 128, -1) = 1
17049 write(1, "--- PASS: TestMemorySetSwapSmall"..., 136 <unfinished ...>
17048 epoll_wait(5,  <unfinished ...>
17046 <... select resumed> )            = 0 (Timeout)
17049 <... write resumed> )             = 136
17048 <... epoll_wait resumed> {{EPOLLIN|EPOLLOUT, {u32=102028648, u64=140114820126056}}}, 128, -1) = 1
17046 clock_gettime(CLOCK_MONOTONIC,  <unfinished ...>
17049 read(7,  <unfinished ...>
17048 epoll_wait(5,  <unfinished ...>
17046 <... clock_gettime resumed> {4910, 979734426}) = 0
17049 <... read resumed> "=== RUN   TestMemorySetKernelMem"..., 4096) = 134
17048 <... epoll_wait resumed> {{EPOLLOUT, {u32=102028648, u64=140114820126056}}}, 128, -1) = 1
17046 clock_gettime(CLOCK_REALTIME,  <unfinished ...>
17049 write(1, "=== RUN   TestMemorySetKernelMem"..., 134 <unfinished ...>
17048 epoll_wait(5,  <unfinished ...>
17046 <... clock_gettime resumed> {1465918776, 763766856}) = 0
17049 <... write resumed> )             = 134
17048 <... epoll_wait resumed> {{EPOLLIN|EPOLLOUT, {u32=102028648, u64=140114820126056}}}, 128, -1) = 1
17046 select(0, NULL, NULL, NULL, {0, 20} <unfinished ...>
17049 read(7,  <unfinished ...>
17048 epoll_wait(5,  <unfinished ...>
17049 <... read resumed> "\r\n--- PASS: TestMemorySetMemoryS"..., 4096) = 118
17048 <... epoll_wait resumed> {{EPOLLOUT, {u32=102028648, u64=140114820126056}}}, 128, -1) = 1
17049 write(1, "\r\n--- PASS: TestMemorySetMemoryS"..., 118 <unfinished ...>
17048 epoll_wait(5,  <unfinished ...>
17049 <... write resumed> )             = 118
17048 <... epoll_wait resumed> {{EPOLLIN|EPOLLOUT, {u32=102028648, u64=140114820126056}}}, 128, -1) = 1
17046 <... select resumed> )            = 0 (Timeout)
17049 read(7,  <unfinished ...>
17048 epoll_wait(5,  <unfinished ...>
17046 clock_gettime(CLOCK_MONOTONIC,  <unfinished ...>
17049 <... read resumed> "\r\n=== RUN   TestMemoryStatsNoSta"..., 4096) = 82
17048 <... epoll_wait resumed> {{EPOLLIN|EPOLLOUT, {u32=102028648, u64=140114820126056}}}, 128, -1) = 1
17046 <... clock_gettime resumed> {4910, 979959988}) = 0
17049 write(1, "\r\n=== RUN   TestMemoryStatsNoSta"..., 82 <unfinished ...>
17048 epoll_wait(5,  <unfinished ...>
17046 clock_gettime(CLOCK_REALTIME,  <unfinished ...>
17049 <... write resumed> )             = 82
17048 <... epoll_wait resumed> {{EPOLLIN|EPOLLOUT, {u32=102028648, u64=140114820126056}}}, 128, -1) = 1
17046 <... clock_gettime resumed> {1465918776, 764021689}) = 0
17049 read(7,  <unfinished ...>
17048 epoll_wait(5,  <unfinished ...>
17046 select(0, NULL, NULL, NULL, {0, 20} <unfinished ...>
17049 <... read resumed> "\r\n=== RUN   TestMemoryStatsNoUsa"..., 4096) = 127
17048 <... epoll_wait resumed> {{EPOLLOUT, {u32=102028648, u64=140114820126056}}}, 128, -1) = 1
17049 write(1, "\r\n=== RUN   TestMemoryStatsNoUsa"..., 127 <unfinished ...>
17048 epoll_wait(5,  <unfinished ...>
17049 <... write resumed> )             = 127
17048 <... epoll_wait resumed> {{EPOLLIN|EPOLLOUT, {u32=102028648, u64=140114820126056}}}, 128, -1) = 1
17049 read(7,  <unfinished ...>
17048 epoll_wait(5,  <unfinished ...>
17049 <... read resumed> "--- PASS: TestMemoryStatsNoMaxUs"..., 4096) = 147
17048 <... epoll_wait resumed> {{EPOLLIN|EPOLLOUT, {u32=102028648, u64=140114820126056}}}, 128, -1) = 1
17046 <... select resumed> )            = 0 (Timeout)
17049 write(1, "--- PASS: TestMemoryStatsNoMaxUs"..., 147 <unfinished ...>
17048 epoll_wait(5,  <unfinished ...>
17046 clock_gettime(CLOCK_MONOTONIC,  <unfinished ...>
17049 <... write resumed> )             = 147
17046 <... clock_gettime resumed> {4910, 983222559}) = 0
17049 read(7,  <unfinished ...>
17046 clock_gettime(CLOCK_REALTIME,  <unfinished ...>
17049 <... read resumed> "=== RUN   TestMemoryStatsBadStat"..., 4096) = 1100
17046 <... clock_gettime resumed> {1465918776, 767286811}) = 0
17049 write(1, "=== RUN   TestMemoryStatsBadStat"..., 1100 <unfinished ...>
17046 select(0, NULL, NULL, NULL, {0, 20} <unfinished ...>
17049 <... write resumed> )             = 1100
17049 read(7, 0xc820426000, 4096)       = -1 EAGAIN (Resource temporarily unavailable)
17049 futex(0xc82002f310, FUTEX_WAIT, 0, NULL <unfinished ...>
17046 <... select resumed> )            = 0 (Timeout)
17046 clock_gettime(CLOCK_MONOTONIC, {4910, 983468863}) = 0
17046 futex(0x21ee760, FUTEX_WAIT, 0, {60, 0} <unfinished ...>
17048 <... epoll_wait resumed> {{EPOLLIN|EPOLLOUT, {u32=102028648, u64=140114820126056}}}, 128, -1) = 1
17048 clock_gettime(CLOCK_MONOTONIC, {4911, 393234491}) = 0
17048 futex(0xc82002f310, FUTEX_WAKE, 1 <unfinished ...>
17049 <... futex resumed> )             = 0
17048 <... futex resumed> )             = 1
17049 epoll_wait(5,  <unfinished ...>
17048 futex(0x21ee760, FUTEX_WAKE, 1 <unfinished ...>
17049 <... epoll_wait resumed> {{EPOLLIN|EPOLLOUT, {u32=102028648, u64=140114820126056}}}, 128, 0) = 1
17048 <... futex resumed> )             = 1
17046 <... futex resumed> )             = 0
17049 sched_yield( <unfinished ...>
17048 read(7,  <unfinished ...>
17046 sched_yield( <unfinished ...>
17048 <... read resumed> "=== RUN   TestRemoveNamespace\r\n-"..., 4096) = 101
17046 <... sched_yield resumed> )       = 0
17048 write(1, "=== RUN   TestRemoveNamespace\r\n-"..., 101 <unfinished ...>
17046 futex(0x21ee6a0, FUTEX_WAKE, 1 <unfinished ...>
17048 <... write resumed> )             = 101
17046 <... futex resumed> )             = 0
17048 read(7,  <unfinished ...>
17046 clock_gettime(CLOCK_MONOTONIC,  <unfinished ...>
17048 <... read resumed> "--- PASS: TestHostUIDNoUSERNS (0"..., 4096) = 70
17046 <... clock_gettime resumed> {4911, 393397485}) = 0
17048 write(1, "--- PASS: TestHostUIDNoUSERNS (0"..., 70 <unfinished ...>
17046 clock_gettime(CLOCK_REALTIME,  <unfinished ...>
17048 <... write resumed> )             = 70
17046 <... clock_gettime resumed> {1465918777, 177416643}) = 0
17048 read(7,  <unfinished ...>
17046 select(0, NULL, NULL, NULL, {0, 20} <unfinished ...>
17048 <... read resumed> "\r\n--- PASS: TestHostUIDWithUSERN"..., 4096) = 43
17048 write(1, "\r\n--- PASS: TestHostUIDWithUSERN"..., 43) = 43
17048 read(7, "=== RUN   TestHostGIDNoUSERNS\r\n", 4096) = 31
17048 write(1, "=== RUN   TestHostGIDNoUSERNS\r\n", 31) = 31
17048 read(7, "--- PASS: TestHostGIDNoUSERNS (0"..., 4096) = 39
17046 <... select resumed> )            = 0 (Timeout)
17048 write(1, "--- PASS: TestHostGIDNoUSERNS (0"..., 39 <unfinished ...>
17046 clock_gettime(CLOCK_MONOTONIC,  <unfinished ...>
17048 <... write resumed> )             = 39
17046 <... clock_gettime resumed> {4911, 393559370}) = 0
17048 read(7,  <unfinished ...>
17046 clock_gettime(CLOCK_REALTIME,  <unfinished ...>
17048 <... read resumed> "=== RUN   TestHostGIDWithUSERNS\r"..., 4096) = 33
17046 <... clock_gettime resumed> {1465918777, 177573704}) = 0
17048 write(1, "=== RUN   TestHostGIDWithUSERNS\r"..., 33 <unfinished ...>
17046 select(0, NULL, NULL, NULL, {0, 20} <unfinished ...>
17048 <... write resumed> )             = 33
17048 read(7, "--- PASS: TestHostGIDWithUSERNS "..., 4096) = 69
17048 write(1, "--- PASS: TestHostGIDWithUSERNS "..., 69) = 69
17048 read(7, "\r\n", 4096)             = 2
17048 write(1, "\r\n", 2)               = 2
17048 read(7, "--- PASS: TestUnmarshalHooks (0."..., 4096) = 38
17046 <... select resumed> )            = 0 (Timeout)
17048 write(1, "--- PASS: TestUnmarshalHooks (0."..., 38 <unfinished ...>
17046 clock_gettime(CLOCK_MONOTONIC,  <unfinished ...>
17048 <... write resumed> )             = 38
17046 <... clock_gettime resumed> {4911, 393716753}) = 0
17048 read(7,  <unfinished ...>
17046 clock_gettime(CLOCK_REALTIME,  <unfinished ...>
17048 <... read resumed> "=== RUN   TestUnmarshalHooksWith"..., 4096) = 45
17046 <... clock_gettime resumed> {1465918777, 177730550}) = 0
17048 write(1, "=== RUN   TestUnmarshalHooksWith"..., 45 <unfinished ...>
17046 select(0, NULL, NULL, NULL, {0, 20} <unfinished ...>
17048 <... write resumed> )             = 45
17048 read(7, "--- PASS: TestUnmarshalHooksWith"..., 4096) = 79
17048 write(1, "--- PASS: TestUnmarshalHooksWith"..., 79) = 79
17048 read(7, "\r\n", 4096)             = 2
17048 write(1, "\r\n", 2)               = 2
17048 read(7, "--- PASS: TestMarshalHooks (0.00"..., 4096) = 34
17046 <... select resumed> )            = 0 (Timeout)
17048 write(1, "--- PASS: TestMarshalHooks (0.00"..., 34 <unfinished ...>
17046 clock_gettime(CLOCK_MONOTONIC,  <unfinished ...>
17048 <... write resumed> )             = 34
17046 <... clock_gettime resumed> {4911, 393877187}) = 0
17048 read(7,  <unfinished ...>
17046 clock_gettime(CLOCK_REALTIME,  <unfinished ...>
17048 <... read resumed> "\r\n=== RUN   TestMarshalUnmarshal"..., 4096) = 39
17046 <... clock_gettime resumed> {1465918777, 177890899}) = 0
17048 write(1, "\r\n=== RUN   TestMarshalUnmarshal"..., 39 <unfinished ...>
17046 select(0, NULL, NULL, NULL, {0, 20} <unfinished ...>
17048 <... write resumed> )             = 39
17048 read(7, "--- PASS: TestMarshalUnmarshalHo"..., 4096) = 45
17048 write(1, "--- PASS: TestMarshalUnmarshalHo"..., 45) = 45
17048 read(7, "=== RUN   TestMarshalHooksWithUn"..., 4096) = 44
17048 write(1, "=== RUN   TestMarshalHooksWithUn"..., 44) = 44
17048 read(7, "\r\n", 4096)             = 2
17046 <... select resumed> )            = 0 (Timeout)
17048 write(1, "\r\n", 2 <unfinished ...>
17046 clock_gettime(CLOCK_MONOTONIC,  <unfinished ...>
17048 <... write resumed> )             = 2
17046 <... clock_gettime resumed> {4911, 394039485}) = 0
17048 read(7,  <unfinished ...>
17046 clock_gettime(CLOCK_REALTIME,  <unfinished ...>
17048 <... read resumed> "time=\"2016-06-14T15:39:37Z\" leve"..., 4096) = 159
17046 <... clock_gettime resumed> {1465918777, 178053157}) = 0
17048 write(1, "time=\"2016-06-14T15:39:37Z\" leve"..., 159 <unfinished ...>
17046 select(0, NULL, NULL, NULL, {0, 20} <unfinished ...>
17048 <... write resumed> )             = 159
17048 read(7, "\r\n=== RUN   TestFuncHookRun", 4096) = 27
17048 write(1, "\r\n=== RUN   TestFuncHookRun", 27) = 27
17048 read(7, "\r\n--- PASS: TestFuncHookRun (0.0"..., 4096) = 35
17048 write(1, "\r\n--- PASS: TestFuncHookRun (0.0"..., 35) = 35
17048 read(7,  <unfinished ...>
17046 <... select resumed> )            = 0 (Timeout)
17048 <... read resumed> "\r\n=== RUN   TestCommandHookRun", 4096) = 30
17046 clock_gettime(CLOCK_MONOTONIC,  <unfinished ...>
17048 write(1, "\r\n=== RUN   TestCommandHookRun", 30 <unfinished ...>
17046 <... clock_gettime resumed> {4911, 394193516}) = 0
17048 <... write resumed> )             = 30
17046 clock_gettime(CLOCK_REALTIME,  <unfinished ...>
17048 read(7,  <unfinished ...>
17046 <... clock_gettime resumed> {1465918777, 178208070}) = 0
17048 <... read resumed> "\r\n--- PASS: TestCommandHookRun ("..., 4096) = 40
17046 select(0, NULL, NULL, NULL, {0, 20} <unfinished ...>
17048 write(1, "\r\n--- PASS: TestCommandHookRun ("..., 40) = 40
17048 read(7, "=== RUN   TestCommandHookRunTime"..., 4096) = 35
17048 write(1, "=== RUN   TestCommandHookRunTime"..., 35) = 35
17048 read(7, "\r\n--- PASS: TestCommandHookRunTi"..., 4096) = 45
17048 write(1, "\r\n--- PASS: TestCommandHookRunTi"..., 45) = 45
17046 <... select resumed> )            = 0 (Timeout)
17048 read(7,  <unfinished ...>
17046 clock_gettime(CLOCK_MONOTONIC,  <unfinished ...>
17048 <... read resumed> "\r\n", 4096)  = 2
17046 <... clock_gettime resumed> {4911, 394341481}) = 0
17048 write(1, "\r\n", 2 <unfinished ...>
17046 clock_gettime(CLOCK_REALTIME,  <unfinished ...>
17048 <... write resumed> )             = 2
17046 <... clock_gettime resumed> {1465918777, 178356754}) = 0
17048 read(7,  <unfinished ...>
17046 select(0, NULL, NULL, NULL, {0, 20} <unfinished ...>
17048 <... read resumed> "=== RUN   TestHelperProcess\r\nHel"..., 4096) = 43
17048 write(1, "=== RUN   TestHelperProcess\r\nHel"..., 43) = 43
17048 read(7, "\r\n", 4096)             = 2
17048 write(1, "\r\n", 2)               = 2
17048 read(7, "ok  \t_/go/src/github.com/opencon"..., 4096) = 65
17048 write(1, "ok  \t_/go/src/github.com/opencon"..., 65 <unfinished ...>
17046 <... select resumed> )            = 0 (Timeout)
17048 <... write resumed> )             = 65
17046 clock_gettime(CLOCK_MONOTONIC,  <unfinished ...>
17048 read(7,  <unfinished ...>
17046 <... clock_gettime resumed> {4911, 394489088}) = 0
17048 <... read resumed> "\t0.014s", 4096) = 7
17046 clock_gettime(CLOCK_REALTIME,  <unfinished ...>
17048 write(1, "\t0.014s", 7 <unfinished ...>
17046 <... clock_gettime resumed> {1465918777, 178504706}) = 0
17048 <... write resumed> )             = 7
17046 select(0, NULL, NULL, NULL, {0, 20} <unfinished ...>
17048 read(7, "\r\n", 4096)             = 2
17048 write(1, "\r\n", 2)               = 2
17048 read(7, 0xc820426000, 4096)       = -1 EAGAIN (Resource temporarily unavailable)
17048 epoll_wait(5, {{EPOLLOUT, {u32=102028648, u64=140114820126056}}}, 128, 0) = 1
17048 epoll_wait(5,  <unfinished ...>
17046 <... select resumed> )            = 0 (Timeout)
17046 clock_gettime(CLOCK_MONOTONIC, {4911, 394629501}) = 0
17046 clock_gettime(CLOCK_REALTIME, {1465918777, 178632990}) = 0
17046 select(0, NULL, NULL, NULL, {0, 20} <unfinished ...>
17049 <... sched_yield resumed> )       = 0
17049 futex(0x21ee6a0, FUTEX_WAKE, 1)   = 0
17049 futex(0xc82002f310, FUTEX_WAIT, 0, NULL <unfinished ...>
17046 <... select resumed> )            = 0 (Timeout)
17046 clock_gettime(CLOCK_MONOTONIC, {4911, 394779539}) = 0
17046 futex(0x21ee760, FUTEX_WAIT, 0, {60, 0} <unfinished ...>
17048 <... epoll_wait resumed> {{EPOLLIN|EPOLLOUT, {u32=102028648, u64=140114820126056}}}, 128, -1) = 1
17048 clock_gettime(CLOCK_MONOTONIC, {4911, 964127863}) = 0
17048 futex(0xc82002f310, FUTEX_WAKE, 1 <unfinished ...>
17049 <... futex resumed> )             = 0
17048 <... futex resumed> )             = 1
17049 epoll_wait(5,  <unfinished ...>
17048 futex(0x21ee760, FUTEX_WAKE, 1 <unfinished ...>
17049 <... epoll_wait resumed> {{EPOLLIN|EPOLLOUT, {u32=102028648, u64=140114820126056}}}, 128, 0) = 1
17048 <... futex resumed> )             = 1
17046 <... futex resumed> )             = 0
17049 sched_yield( <unfinished ...>
17048 read(7,  <unfinished ...>
17046 sched_yield( <unfinished ...>
17048 <... read resumed> "=== RUN   TestValidate\r\n--- PASS"..., 4096) = 97
17046 <... sched_yield resumed> )       = 0
17048 write(1, "=== RUN   TestValidate\r\n--- PASS"..., 97 <unfinished ...>
17046 futex(0x21ee6a0, FUTEX_WAKE, 1 <unfinished ...>
17048 <... write resumed> )             = 97
17046 <... futex resumed> )             = 0
17048 read(7,  <unfinished ...>
17046 clock_gettime(CLOCK_MONOTONIC,  <unfinished ...>
17048 <... read resumed> "--- PASS: TestValidateWithInvali"..., 4096) = 99
17046 <... clock_gettime resumed> {4911, 964296558}) = 0
17048 write(1, "--- PASS: TestValidateWithInvali"..., 99 <unfinished ...>
17046 clock_gettime(CLOCK_REALTIME,  <unfinished ...>
17048 <... write resumed> )             = 99
17046 <... clock_gettime resumed> {1465918777, 748316609}) = 0
17048 read(7,  <unfinished ...>
17046 select(0, NULL, NULL, NULL, {0, 20} <unfinished ...>
17048 <... read resumed> "--- PASS: TestValidateNetworkWit"..., 4096) = 112
17048 write(1, "--- PASS: TestValidateNetworkWit"..., 112) = 112
17048 read(7, "\r\n", 4096)             = 2
17048 write(1, "\r\n", 2)               = 2
17048 read(7, "--- PASS: TestValidateNetworkRou"..., 4096) = 64
17048 write(1, "--- PASS: TestValidateNetworkRou"..., 64 <unfinished ...>
17046 <... select resumed> )            = 0 (Timeout)
17048 <... write resumed> )             = 64
17046 clock_gettime(CLOCK_MONOTONIC,  <unfinished ...>
17048 read(7,  <unfinished ...>
17046 <... clock_gettime resumed> {4911, 964457837}) = 0
17048 <... read resumed> "=== RUN   TestValidateHostname\r\n"..., 4096) = 70
17046 clock_gettime(CLOCK_REALTIME,  <unfinished ...>
17048 write(1, "=== RUN   TestValidateHostname\r\n"..., 70 <unfinished ...>
17046 <... clock_gettime resumed> {1465918777, 748474463}) = 0
17048 <... write resumed> )             = 70
17046 select(0, NULL, NULL, NULL, {0, 20} <unfinished ...>
17048 read(7, "\r\n=== RUN   TestValidateHostname"..., 4096) = 51
17048 write(1, "\r\n=== RUN   TestValidateHostname"..., 51) = 51
17048 read(7, "\r\n", 4096)             = 2
17048 write(1, "\r\n", 2)               = 2
17048 read(7, "--- PASS: TestValidateHostnameWi"..., 4096) = 59
17046 <... select resumed> )            = 0 (Timeout)
17048 write(1, "--- PASS: TestValidateHostnameWi"..., 59 <unfinished ...>
17046 clock_gettime(CLOCK_MONOTONIC,  <unfinished ...>
17048 <... write resumed> )             = 59
17046 <... clock_gettime resumed> {4911, 964610604}) = 0
17048 read(7,  <unfinished ...>
17046 clock_gettime(CLOCK_REALTIME,  <unfinished ...>
17048 <... read resumed> "=== RUN   TestValidateSecurityWi"..., 4096) = 96
17046 <... clock_gettime resumed> {1465918777, 748624528}) = 0
17048 write(1, "=== RUN   TestValidateSecurityWi"..., 96 <unfinished ...>
17046 select(0, NULL, NULL, NULL, {0, 20} <unfinished ...>
17048 <... write resumed> )             = 96
17048 read(7, "\r\n=== RUN   TestValidateSecurity"..., 4096) = 43
17048 write(1, "\r\n=== RUN   TestValidateSecurity"..., 43) = 43
17048 read(7, "\r\n", 4096)             = 2
17048 write(1, "\r\n", 2)               = 2
17048 read(7, "--- PASS: TestValidateSecurityWi"..., 4096) = 93
17046 <... select resumed> )            = 0 (Timeout)
17048 write(1, "--- PASS: TestValidateSecurityWi"..., 93 <unfinished ...>
17046 clock_gettime(CLOCK_MONOTONIC,  <unfinished ...>
17048 <... write resumed> )             = 93
17046 <... clock_gettime resumed> {4911, 964768254}) = 0
17048 read(7,  <unfinished ...>
17046 clock_gettime(CLOCK_REALTIME,  <unfinished ...>
17048 <... read resumed> "\r\n--- PASS: TestValidateSecurity"..., 4096) = 52
17046 <... clock_gettime resumed> {1465918777, 748782098}) = 0
17048 write(1, "\r\n--- PASS: TestValidateSecurity"..., 52 <unfinished ...>
17046 select(0, NULL, NULL, NULL, {0, 20} <unfinished ...>
17048 <... write resumed> )             = 52
17048 read(7, "\r\n=== RUN   TestValidateUsername"..., 4096) = 37
17048 write(1, "\r\n=== RUN   TestValidateUsername"..., 37) = 37
17048 read(7, "\r\n", 4096)             = 2
17048 write(1, "\r\n", 2)               = 2
17048 read(7,  <unfinished ...>
17046 <... select resumed> )            = 0 (Timeout)
17048 <... read resumed> "--- PASS: TestValidateUsernamesp"..., 4096) = 45
17046 clock_gettime(CLOCK_MONOTONIC,  <unfinished ...>
17048 write(1, "--- PASS: TestValidateUsernamesp"..., 45 <unfinished ...>
17046 <... clock_gettime resumed> {4911, 964926653}) = 0
17048 <... write resumed> )             = 45
17046 clock_gettime(CLOCK_REALTIME,  <unfinished ...>
17048 read(7,  <unfinished ...>
17046 <... clock_gettime resumed> {1465918777, 748941561}) = 0
17048 <... read resumed> "=== RUN   TestValidateUsernamesp"..., 4096) = 106
17046 select(0, NULL, NULL, NULL, {0, 20} <unfinished ...>
17048 write(1, "=== RUN   TestValidateUsernamesp"..., 106) = 106
17048 read(7, "\r\n=== RUN   TestValidateSysctl", 4096) = 30
17046 <... select resumed> )            = 0 (Timeout)
17048 write(1, "\r\n=== RUN   TestValidateSysctl", 30 <unfinished ...>
17046 clock_gettime(CLOCK_MONOTONIC,  <unfinished ...>
17048 <... write resumed> )             = 30
17046 <... clock_gettime resumed> {4911, 965041000}) = 0
17048 read(7,  <unfinished ...>
17046 clock_gettime(CLOCK_REALTIME,  <unfinished ...>
17048 <... read resumed> "\r\n--- PASS: TestValidateSysctl ("..., 4096) = 38
17046 <... clock_gettime resumed> {1465918777, 749055181}) = 0
17048 write(1, "\r\n--- PASS: TestValidateSysctl ("..., 38 <unfinished ...>
17046 select(0, NULL, NULL, NULL, {0, 20} <unfinished ...>
17048 <... write resumed> )             = 38
17048 read(7, "\r\nPASS", 4096)         = 6
17048 write(1, "\r\nPASS", 6)           = 6
17048 read(7, "\r\nok  ", 4096)         = 6
17048 write(1, "\r\nok  ", 6)           = 6
17048 read(7,  <unfinished ...>
17046 <... select resumed> )            = 0 (Timeout)
17048 <... read resumed> "\t", 4096)    = 1
17046 clock_gettime(CLOCK_MONOTONIC,  <unfinished ...>
17048 write(1, "\t", 1 <unfinished ...>
17046 <... clock_gettime resumed> {4911, 965191582}) = 0
17048 <... write resumed> )             = 1
17046 clock_gettime(CLOCK_REALTIME,  <unfinished ...>
17048 read(7,  <unfinished ...>
17046 <... clock_gettime resumed> {1465918777, 749219999}) = 0
17048 <... read resumed> "_/go/src/github.com/opencontaine"..., 4096) = 78
17046 select(0, NULL, NULL, NULL, {0, 20} <unfinished ...>
17048 write(1, "_/go/src/github.com/opencontaine"..., 78) = 78
17048 read(7, "?   \t_/go/src/github.com/opencon"..., 4096) = 65
17048 write(1, "?   \t_/go/src/github.com/opencon"..., 65) = 65
17048 read(7, "\t", 4096)               = 1
17048 write(1, "\t", 1)                 = 1
17046 <... select resumed> )            = 0 (Timeout)
17048 read(7,  <unfinished ...>
17046 clock_gettime(CLOCK_MONOTONIC,  <unfinished ...>
17048 <... read resumed> "[no test files]\r\n", 4096) = 17
17046 <... clock_gettime resumed> {4911, 965372112}) = 0
17048 write(1, "[no test files]\r\n", 17 <unfinished ...>
17046 clock_gettime(CLOCK_REALTIME,  <unfinished ...>
17048 <... write resumed> )             = 17
17046 <... clock_gettime resumed> {1465918777, 749388538}) = 0
17048 read(7,  <unfinished ...>
17046 select(0, NULL, NULL, NULL, {0, 20} <unfinished ...>
17048 <... read resumed> 0xc820426000, 4096) = -1 EAGAIN (Resource temporarily unavailable)
17048 epoll_wait(5, {{EPOLLOUT, {u32=102028648, u64=140114820126056}}}, 128, 0) = 1
17048 epoll_wait(5,  <unfinished ...>
17049 <... sched_yield resumed> )       = 0
17049 futex(0x21ee6a0, FUTEX_WAKE, 1)   = 0
17049 futex(0xc82002f310, FUTEX_WAIT, 0, NULL <unfinished ...>
17046 <... select resumed> )            = 0 (Timeout)
17046 clock_gettime(CLOCK_MONOTONIC, {4911, 965576892}) = 0
17046 futex(0x21ee760, FUTEX_WAIT, 0, {60, 0} <unfinished ...>
17048 <... epoll_wait resumed> {{EPOLLIN|EPOLLOUT, {u32=102028648, u64=140114820126056}}}, 128, -1) = 1
17048 clock_gettime(CLOCK_MONOTONIC, {4912, 306970742}) = 0
17048 futex(0xc82002f310, FUTEX_WAKE, 1 <unfinished ...>
17049 <... futex resumed> )             = 0
17048 <... futex resumed> )             = 1
17049 epoll_wait(5,  <unfinished ...>
17048 futex(0x21ee760, FUTEX_WAKE, 1 <unfinished ...>
17049 <... epoll_wait resumed> {{EPOLLIN|EPOLLOUT, {u32=102028648, u64=140114820126056}}}, 128, 0) = 1
17048 <... futex resumed> )             = 1
17046 <... futex resumed> )             = 0
17049 sched_yield( <unfinished ...>
17048 read(7,  <unfinished ...>
17046 sched_yield( <unfinished ...>
17048 <... read resumed> "=== RUN   TestDeviceFromPathLsta"..., 4096) = 192
17046 <... sched_yield resumed> )       = 0
17048 write(1, "=== RUN   TestDeviceFromPathLsta"..., 192 <unfinished ...>
17046 futex(0x21ee6a0, FUTEX_WAKE, 1 <unfinished ...>
17048 <... write resumed> )             = 192
17046 <... futex resumed> )             = 0
17048 read(7,  <unfinished ...>
17046 clock_gettime(CLOCK_MONOTONIC,  <unfinished ...>
17048 <... read resumed> "\r\n=== RUN   TestHostDevicesIouti"..., 4096) = 53
17046 <... clock_gettime resumed> {4912, 307142919}) = 0
17048 write(1, "\r\n=== RUN   TestHostDevicesIouti"..., 53 <unfinished ...>
17046 clock_gettime(CLOCK_REALTIME,  <unfinished ...>
17048 <... write resumed> )             = 53
17046 <... clock_gettime resumed> {1465918778, 91161201}) = 0
17048 read(7,  <unfinished ...>
17046 select(0, NULL, NULL, NULL, {0, 20} <unfinished ...>
17048 <... read resumed> "--- PASS: TestHostDevicesIoutilR"..., 4096) = 63
17048 write(1, "--- PASS: TestHostDevicesIoutilR"..., 63) = 63
17048 read(7, "\r\nok  ", 4096)         = 6
17048 write(1, "\r\nok  ", 6)           = 6
17048 read(7, "\t", 4096)               = 1
17048 write(1, "\t", 1 <unfinished ...>
17046 <... select resumed> )            = 0 (Timeout)
17048 <... write resumed> )             = 1
17046 clock_gettime(CLOCK_MONOTONIC,  <unfinished ...>
17048 read(7,  <unfinished ...>
17046 <... clock_gettime resumed> {4912, 307301013}) = 0
17048 <... read resumed> "_/go/src/github.com/opencontaine"..., 4096) = 67
17046 clock_gettime(CLOCK_REALTIME,  <unfinished ...>
17048 write(1, "_/go/src/github.com/opencontaine"..., 67 <unfinished ...>
17046 <... clock_gettime resumed> {1465918778, 91316968}) = 0
17048 <... write resumed> )             = 67
17046 select(0, NULL, NULL, NULL, {0, 20} <unfinished ...>
17048 read(7, "\r\n", 4096)             = 2
17048 write(1, "\r\n", 2)               = 2
17048 read(7, 0xc820426000, 4096)       = -1 EAGAIN (Resource temporarily unavailable)
17048 epoll_wait(5, {{EPOLLOUT, {u32=102028648, u64=140114820126056}}}, 128, 0) = 1
17048 epoll_wait(5,  <unfinished ...>
17046 <... select resumed> )            = 0 (Timeout)
17046 clock_gettime(CLOCK_MONOTONIC, {4912, 307443533}) = 0
17046 clock_gettime(CLOCK_REALTIME, {1465918778, 91446943}) = 0
17046 select(0, NULL, NULL, NULL, {0, 20} <unfinished ...>
17049 <... sched_yield resumed> )       = 0
17049 futex(0x21ee6a0, FUTEX_WAKE, 1)   = 0
17049 futex(0xc82002f310, FUTEX_WAIT, 0, NULL <unfinished ...>
17046 <... select resumed> )            = 0 (Timeout)
17046 clock_gettime(CLOCK_MONOTONIC, {4912, 307572691}) = 0
17046 futex(0x21ee760, FUTEX_WAIT, 0, {60, 0} <unfinished ...>
17048 <... epoll_wait resumed> {{EPOLLIN|EPOLLOUT, {u32=102028648, u64=140114820126056}}}, 128, -1) = 1
17048 clock_gettime(CLOCK_MONOTONIC, {4927, 410231692}) = 0
17048 futex(0xc82002f310, FUTEX_WAKE, 1 <unfinished ...>
17049 <... futex resumed> )             = 0
17048 <... futex resumed> )             = 1
17049 epoll_wait(5,  <unfinished ...>
17048 futex(0x21ee760, FUTEX_WAKE, 1 <unfinished ...>
17049 <... epoll_wait resumed> {}, 128, 0) = 0
17048 <... futex resumed> )             = 1
17046 <... futex resumed> )             = 0
17049 sched_yield( <unfinished ...>
17048 read(7,  <unfinished ...>
17046 sched_yield( <unfinished ...>
17048 <... read resumed> "=== RUN   TestCheckpoint\r\n--- PA"..., 4096) = 1391
17046 <... sched_yield resumed> )       = 0
17048 write(1, "=== RUN   TestCheckpoint\r\n--- PA"..., 1391 <unfinished ...>
17046 futex(0x21ee6a0, FUTEX_WAKE, 1 <unfinished ...>
17048 <... write resumed> )             = 1391
17046 <... futex resumed> )             = 0
17048 read(7,  <unfinished ...>
17046 clock_gettime(CLOCK_MONOTONIC,  <unfinished ...>
17048 <... read resumed> "\r\n\texec_test.go:567: Systemd is "..., 4096) = 1930
17046 <... clock_gettime resumed> {4927, 410458096}) = 0
17048 write(1, "\r\n\texec_test.go:567: Systemd is "..., 1930 <unfinished ...>
17046 clock_gettime(CLOCK_REALTIME,  <unfinished ...>
17048 <... write resumed> )             = 1930
17046 <... clock_gettime resumed> {1465918793, 194496420}) = 0
17048 read(7,  <unfinished ...>
17046 select(0, NULL, NULL, NULL, {0, 20} <unfinished ...>
17048 <... read resumed> 0xc820426000, 4096) = -1 EAGAIN (Resource temporarily unavailable)
17048 epoll_wait(5, {{EPOLLOUT, {u32=102028648, u64=140114820126056}}}, 128, 0) = 1
17048 epoll_wait(5,  <unfinished ...>
17049 <... sched_yield resumed> )       = 0
17049 futex(0x21ee6a0, FUTEX_WAKE, 1)   = 0
17046 <... select resumed> )            = 0 (Timeout)
17049 futex(0xc82002f310, FUTEX_WAIT, 0, NULL <unfinished ...>
17046 clock_gettime(CLOCK_MONOTONIC, {4927, 410660337}) = 0
17046 futex(0x21ee760, FUTEX_WAIT, 0, {60, 0} <unfinished ...>
17048 <... epoll_wait resumed> {{EPOLLIN|EPOLLOUT, {u32=102028648, u64=140114820126056}}}, 128, -1) = 1
17048 clock_gettime(CLOCK_MONOTONIC, {4927, 410946562}) = 0
17048 futex(0xc82002f310, FUTEX_WAKE, 1 <unfinished ...>
17049 <... futex resumed> )             = 0
17048 <... futex resumed> )             = 1
17049 epoll_wait(5,  <unfinished ...>
17048 futex(0x21ee760, FUTEX_WAKE, 1 <unfinished ...>
17049 <... epoll_wait resumed> {}, 128, 0) = 0
17048 <... futex resumed> )             = 1
17046 <... futex resumed> )             = 0
17049 sched_yield( <unfinished ...>
17048 read(7,  <unfinished ...>
17046 sched_yield( <unfinished ...>
17048 <... read resumed> "utils_test.go:51: exec_test.go:1"..., 4096) = 2333
17046 <... sched_yield resumed> )       = 0
17048 write(1, "utils_test.go:51: exec_test.go:1"..., 2333 <unfinished ...>
17046 futex(0x21ee6a0, FUTEX_WAKE, 1 <unfinished ...>
17048 <... write resumed> )             = 2333
17046 <... futex resumed> )             = 0
17048 read(7,  <unfinished ...>
17046 clock_gettime(CLOCK_MONOTONIC,  <unfinished ...>
17048 <... read resumed> 0xc820426000, 4096) = -1 EAGAIN (Resource temporarily unavailable)
17046 <... clock_gettime resumed> {4927, 411147200}) = 0
17048 epoll_wait(5,  <unfinished ...>
17046 clock_gettime(CLOCK_REALTIME,  <unfinished ...>
17048 <... epoll_wait resumed> {{EPOLLOUT, {u32=102028648, u64=140114820126056}}}, 128, 0) = 1
17046 <... clock_gettime resumed> {1465918793, 195173066}) = 0
17048 epoll_wait(5,  <unfinished ...>
17046 select(0, NULL, NULL, NULL, {0, 20} <unfinished ...>
17049 <... sched_yield resumed> )       = 0
17049 futex(0x21ee6a0, FUTEX_WAKE, 1)   = 0
17049 futex(0xc82002f310, FUTEX_WAIT, 0, NULL <unfinished ...>
17046 <... select resumed> )            = 0 (Timeout)
17046 clock_gettime(CLOCK_MONOTONIC, {4927, 411323608}) = 0
17046 futex(0x21ee760, FUTEX_WAIT, 0, {60, 0} <unfinished ...>
17048 <... epoll_wait resumed> {{EPOLLIN|EPOLLOUT, {u32=102028648, u64=140114820126056}}}, 128, -1) = 1
17048 clock_gettime(CLOCK_MONOTONIC, {4927, 411647587}) = 0
17048 futex(0xc82002f310, FUTEX_WAKE, 1 <unfinished ...>
17049 <... futex resumed> )             = 0
17048 <... futex resumed> )             = 1
17049 epoll_wait(5,  <unfinished ...>
17048 futex(0x21ee760, FUTEX_WAKE, 1 <unfinished ...>
17049 <... epoll_wait resumed> {{EPOLLIN|EPOLLOUT, {u32=102028648, u64=140114820126056}}}, 128, 0) = 1
17048 <... futex resumed> )             = 1
17046 <... futex resumed> )             = 0
17049 sched_yield( <unfinished ...>
17048 read(7,  <unfinished ...>
17046 sched_yield( <unfinished ...>
17049 <... sched_yield resumed> )       = 0
17048 <... read resumed> "\r\ntime=\"2016-06-14T15:39:50Z\" le"..., 4096) = 2405
17049 futex(0x21ee6a0, FUTEX_WAKE, 1 <unfinished ...>
17048 write(1, "\r\ntime=\"2016-06-14T15:39:50Z\" le"..., 2405 <unfinished ...>
17049 <... futex resumed> )             = 0
17048 <... write resumed> )             = 2405
17049 epoll_wait(5,  <unfinished ...>
17048 read(7, 0xc820426000, 4096)       = -1 EAGAIN (Resource temporarily unavailable)
17048 futex(0xc82002ee90, FUTEX_WAIT, 0, NULL <unfinished ...>
17046 <... sched_yield resumed> )       = 0
17046 futex(0x21ee6a0, FUTEX_WAKE, 1)   = 0
17046 clock_gettime(CLOCK_MONOTONIC, {4927, 411913377}) = 0
17046 clock_gettime(CLOCK_REALTIME, {1465918793, 195923195}) = 0
17046 select(0, NULL, NULL, NULL, {0, 20}) = 0 (Timeout)
17046 clock_gettime(CLOCK_MONOTONIC, {4927, 412040332}) = 0
17046 futex(0x21ee760, FUTEX_WAIT, 0, {60, 0} <unfinished ...>
17049 <... epoll_wait resumed> {{EPOLLIN|EPOLLOUT, {u32=102028648, u64=140114820126056}}}, 128, -1) = 1
17049 clock_gettime(CLOCK_MONOTONIC, {4927, 412096348}) = 0
17049 futex(0xc82002ee90, FUTEX_WAKE, 1) = 1
17048 <... futex resumed> )             = 0
17049 futex(0x21ee760, FUTEX_WAKE, 1 <unfinished ...>
17048 epoll_wait(5,  <unfinished ...>
17049 <... futex resumed> )             = 1
17048 <... epoll_wait resumed> {}, 128, 0) = 0
17046 <... futex resumed> )             = 0
17049 read(7,  <unfinished ...>
17048 epoll_wait(5,  <unfinished ...>
17046 clock_gettime(CLOCK_MONOTONIC,  <unfinished ...>
17049 <... read resumed> "_/go/src/github.com/opencontaine"..., 4096) = 69
17046 <... clock_gettime resumed> {4927, 412198849}) = 0
17049 write(1, "_/go/src/github.com/opencontaine"..., 69 <unfinished ...>
17046 clock_gettime(CLOCK_REALTIME,  <unfinished ...>
17049 <... write resumed> )             = 69
17046 <... clock_gettime resumed> {1465918793, 196228812}) = 0
17049 read(7,  <unfinished ...>
17046 select(0, NULL, NULL, NULL, {0, 20} <unfinished ...>
17049 <... read resumed> 0xc820426000, 4096) = -1 EAGAIN (Resource temporarily unavailable)
17049 futex(0xc82002f310, FUTEX_WAIT, 0, NULL <unfinished ...>
17046 <... select resumed> )            = 0 (Timeout)
17046 clock_gettime(CLOCK_MONOTONIC, {4927, 412372425}) = 0
17046 futex(0x21ee760, FUTEX_WAIT, 0, {60, 0} <unfinished ...>
17048 <... epoll_wait resumed> {{EPOLLIN|EPOLLOUT, {u32=102028648, u64=140114820126056}}}, 128, -1) = 1
17048 clock_gettime(CLOCK_MONOTONIC, {4927, 412825104}) = 0
17048 futex(0xc82002f310, FUTEX_WAKE, 1 <unfinished ...>
17049 <... futex resumed> )             = 0
17048 <... futex resumed> )             = 1
17049 epoll_wait(5,  <unfinished ...>
17048 futex(0x21ee760, FUTEX_WAKE, 1 <unfinished ...>
17049 <... epoll_wait resumed> {}, 128, 0) = 0
17048 <... futex resumed> )             = 1
17046 <... futex resumed> )             = 0
17049 sched_yield( <unfinished ...>
17048 read(7,  <unfinished ...>
17046 sched_yield( <unfinished ...>
17049 <... sched_yield resumed> )       = 0
17048 <... read resumed> "=== RUN   TestParseStatusFile\r\n-"..., 4096) = 2064
17049 futex(0x21ee6a0, FUTEX_WAKE, 1 <unfinished ...>
17048 write(1, "=== RUN   TestParseStatusFile\r\n-"..., 2064 <unfinished ...>
17049 <... futex resumed> )             = 0
17048 <... write resumed> )             = 2064
17049 epoll_wait(5,  <unfinished ...>
17048 read(7,  <unfinished ...>
17049 <... epoll_wait resumed> {{EPOLLOUT, {u32=102028648, u64=140114820126056}}}, 128, -1) = 1
17048 <... read resumed> 0xc820426000, 4096) = -1 EAGAIN (Resource temporarily unavailable)
17049 epoll_wait(5,  <unfinished ...>
17048 futex(0xc82002ee90, FUTEX_WAIT, 0, NULL <unfinished ...>
17046 <... sched_yield resumed> )       = 0
17046 futex(0x21ee6a0, FUTEX_WAKE, 1)   = 0
17046 clock_gettime(CLOCK_MONOTONIC, {4927, 413115406}) = 0
17046 clock_gettime(CLOCK_REALTIME, {1465918793, 197124607}) = 0
17046 select(0, NULL, NULL, NULL, {0, 20}) = 0 (Timeout)
17046 clock_gettime(CLOCK_MONOTONIC, {4927, 413253610}) = 0
17046 futex(0x21ee760, FUTEX_WAIT, 0, {60, 0} <unfinished ...>
17049 <... epoll_wait resumed> {{EPOLLIN|EPOLLOUT, {u32=102028648, u64=140114820126056}}}, 128, -1) = 1
17049 clock_gettime(CLOCK_MONOTONIC, {4927, 413311219}) = 0
17049 futex(0xc82002ee90, FUTEX_WAKE, 1) = 1
17048 <... futex resumed> )             = 0
17049 futex(0x21ee760, FUTEX_WAKE, 1 <unfinished ...>
17048 epoll_wait(5,  <unfinished ...>
17049 <... futex resumed> )             = 1
17048 <... epoll_wait resumed> {}, 128, 0) = 0
17046 <... futex resumed> )             = 0
17049 read(7,  <unfinished ...>
17048 epoll_wait(5,  <unfinished ...>
17046 sched_yield( <unfinished ...>
17049 <... read resumed> "\r\n=== RUN   TestCleanPath\r\n--- P"..., 4096) = 138
17049 write(1, "\r\n=== RUN   TestCleanPath\r\n--- P"..., 138) = 138
17049 read(7, 0xc820426000, 4096)       = -1 EAGAIN (Resource temporarily unavailable)
17049 futex(0xc82002f310, FUTEX_WAIT, 0, NULL <unfinished ...>
17046 <... sched_yield resumed> )       = 0
17046 futex(0x21ee6a0, FUTEX_WAKE, 1)   = 0
17046 clock_gettime(CLOCK_MONOTONIC, {4927, 413523180}) = 0
17046 clock_gettime(CLOCK_REALTIME, {1465918793, 197534382}) = 0
17046 select(0, NULL, NULL, NULL, {0, 20}) = 0 (Timeout)
17046 clock_gettime(CLOCK_MONOTONIC, {4927, 413666675}) = 0
17048 <... epoll_wait resumed> {{EPOLLIN|EPOLLOUT, {u32=102028648, u64=140114820126056}}}, 128, -1) = 1
17046 futex(0x21ee760, FUTEX_WAIT, 0, {60, 0} <unfinished ...>
17048 clock_gettime(CLOCK_MONOTONIC, {4927, 413716216}) = 0
17048 futex(0xc82002f310, FUTEX_WAKE, 1 <unfinished ...>
17049 <... futex resumed> )             = 0
17048 <... futex resumed> )             = 1
17049 epoll_wait(5,  <unfinished ...>
17048 futex(0x21ee760, FUTEX_WAKE, 1 <unfinished ...>
17049 <... epoll_wait resumed> {}, 128, 0) = 0
17048 <... futex resumed> )             = 1
17046 <... futex resumed> )             = 0
17049 sched_yield( <unfinished ...>
17048 read(7,  <unfinished ...>
17046 sched_yield( <unfinished ...>
17048 <... read resumed> "=== RUN   TestXattr\r\n--- PASS: T"..., 4096) = 107
17046 <... sched_yield resumed> )       = 0
17048 write(1, "=== RUN   TestXattr\r\n--- PASS: T"..., 107 <unfinished ...>
17046 futex(0x21ee6a0, FUTEX_WAKE, 1 <unfinished ...>
17048 <... write resumed> )             = 107
17046 <... futex resumed> )             = 0
17048 read(7,  <unfinished ...>
17046 clock_gettime(CLOCK_MONOTONIC,  <unfinished ...>
17048 <... read resumed> 0xc820426000, 4096) = -1 EAGAIN (Resource temporarily unavailable)
17046 <... clock_gettime resumed> {4927, 413901198}) = 0
17048 epoll_wait(5,  <unfinished ...>
17046 clock_gettime(CLOCK_REALTIME,  <unfinished ...>
17048 <... epoll_wait resumed> {}, 128, 0) = 0
17046 <... clock_gettime resumed> {1465918793, 197926887}) = 0
17048 epoll_wait(5,  <unfinished ...>
17046 select(0, NULL, NULL, NULL, {0, 20} <unfinished ...>
17049 <... sched_yield resumed> )       = 0
17049 futex(0x21ee6a0, FUTEX_WAKE, 1)   = 0
17049 futex(0xc82002f310, FUTEX_WAIT, 0, NULL <unfinished ...>
17046 <... select resumed> )            = 0 (Timeout)
17046 clock_gettime(CLOCK_MONOTONIC, {4927, 414045849}) = 0
17046 futex(0x21ee760, FUTEX_WAIT, 0, {60, 0} <unfinished ...>
17048 <... epoll_wait resumed> {{EPOLLIN|EPOLLOUT, {u32=102028648, u64=140114820126056}}}, 128, -1) = 1
17048 clock_gettime(CLOCK_MONOTONIC, {4927, 414229847}) = 0
17048 futex(0xc82002f310, FUTEX_WAKE, 1 <unfinished ...>
17049 <... futex resumed> )             = 0
17048 <... futex resumed> )             = 1
17049 epoll_wait(5,  <unfinished ...>
17048 futex(0x21ee760, FUTEX_WAKE, 1 <unfinished ...>
17049 <... epoll_wait resumed> {}, 128, 0) = 0
17048 <... futex resumed> )             = 1
17046 <... futex resumed> )             = 0
17049 sched_yield( <unfinished ...>
17048 read(7,  <unfinished ...>
17046 sched_yield( <unfinished ...>
17049 <... sched_yield resumed> )       = 0
17048 <... read resumed> "xattr_test.go:60: Success\r\n\txatt"..., 4096) = 161
17049 futex(0x21ee6a0, FUTEX_WAKE, 1 <unfinished ...>
17048 write(1, "xattr_test.go:60: Success\r\n\txatt"..., 161 <unfinished ...>
17049 <... futex resumed> )             = 0
17048 <... write resumed> )             = 161
17049 epoll_wait(5,  <unfinished ...>
17048 read(7, 0xc820426000, 4096)       = -1 EAGAIN (Resource temporarily unavailable)
17048 futex(0xc82002ee90, FUTEX_WAIT, 0, NULL <unfinished ...>
17046 <... sched_yield resumed> )       = 0
17046 futex(0x21ee6a0, FUTEX_WAKE, 1)   = 0
17046 clock_gettime(CLOCK_MONOTONIC, {4927, 414473218}) = 0
17046 clock_gettime(CLOCK_REALTIME, {1465918793, 198482229}) = 0
17046 select(0, NULL, NULL, NULL, {0, 20}) = 0 (Timeout)
17046 clock_gettime(CLOCK_MONOTONIC, {4927, 414614661}) = 0
17046 futex(0x21ee760, FUTEX_WAIT, 0, {60, 0} <unfinished ...>
17049 <... epoll_wait resumed> {{EPOLLIN|EPOLLOUT, {u32=102028648, u64=140114820126056}}}, 128, -1) = 1
17049 clock_gettime(CLOCK_MONOTONIC, {4927, 417743607}) = 0
17049 futex(0xc82002ee90, FUTEX_WAKE, 1) = 1
17048 <... futex resumed> )             = 0
17049 futex(0x21ee760, FUTEX_WAKE, 1 <unfinished ...>
17048 epoll_wait(5,  <unfinished ...>
17049 <... futex resumed> )             = 1
17048 <... epoll_wait resumed> {}, 128, 0) = 0
17046 <... futex resumed> )             = 0
17049 read(7,  <unfinished ...>
17048 epoll_wait(5,  <unfinished ...>
17046 clock_gettime(CLOCK_MONOTONIC,  <unfinished ...>
17049 <... read resumed> "Makefile:60: recipe for target '"..., 4096) = 90
17046 <... clock_gettime resumed> {4927, 417879111}) = 0
17049 write(1, "Makefile:60: recipe for target '"..., 90 <unfinished ...>
17046 clock_gettime(CLOCK_REALTIME,  <unfinished ...>
17049 <... write resumed> )             = 90
17046 <... clock_gettime resumed> {1465918793, 201913571}) = 0
17049 read(7,  <unfinished ...>
17046 select(0, NULL, NULL, NULL, {0, 20} <unfinished ...>
17049 <... read resumed> 0xc820426000, 4096) = -1 EAGAIN (Resource temporarily unavailable)
17049 futex(0xc82002f310, FUTEX_WAIT, 0, NULL <unfinished ...>
17046 <... select resumed> )            = 0 (Timeout)
17046 clock_gettime(CLOCK_MONOTONIC, {4927, 418041292}) = 0
17046 futex(0x21ee760, FUTEX_WAIT, 0, {60, 0} <unfinished ...>
17048 <... epoll_wait resumed> {{EPOLLIN|EPOLLOUT|EPOLLRDHUP, {u32=102028648, u64=140114820126056}}}, 128, -1) = 1
17048 clock_gettime(CLOCK_MONOTONIC, {4927, 466417413}) = 0
17048 futex(0xc82002f310, FUTEX_WAKE, 1 <unfinished ...>
17049 <... futex resumed> )             = 0
17048 <... futex resumed> )             = 1
17049 epoll_wait(5,  <unfinished ...>
17048 futex(0x21ee760, FUTEX_WAKE, 1 <unfinished ...>
17049 <... epoll_wait resumed> {}, 128, 0) = 0
17048 <... futex resumed> )             = 1
17046 <... futex resumed> )             = 0
17049 sched_yield( <unfinished ...>
17048 read(7,  <unfinished ...>
17046 sched_yield( <unfinished ...>
17048 <... read resumed> "", 4096)      = 0
17046 <... sched_yield resumed> )       = 0
17048 write(6, "POST /v1.23/containers/4ca01de1a"..., 200 <unfinished ...>
17046 futex(0x21ee6a0, FUTEX_WAKE, 1 <unfinished ...>
17048 <... write resumed> )             = 200
17046 <... futex resumed> )             = 0
17048 epoll_wait(5,  <unfinished ...>
17046 clock_gettime(CLOCK_MONOTONIC, {4927, 466923500}) = 0
17048 <... epoll_wait resumed> {}, 128, 0) = 0
17046 clock_gettime(CLOCK_REALTIME,  <unfinished ...>
17048 epoll_wait(5,  <unfinished ...>
17046 <... clock_gettime resumed> {1465918793, 250967194}) = 0
17046 select(0, NULL, NULL, NULL, {0, 20} <unfinished ...>
17049 <... sched_yield resumed> )       = 0
17049 futex(0x21ee6a0, FUTEX_WAKE, 1)   = 0
17049 futex(0xc82002f310, FUTEX_WAIT, 0, NULL <unfinished ...>
17046 <... select resumed> )            = 0 (Timeout)
17046 clock_gettime(CLOCK_MONOTONIC, {4927, 467214187}) = 0
17046 futex(0x21ee760, FUTEX_WAIT, 0, {60, 0} <unfinished ...>
17048 <... epoll_wait resumed> {{EPOLLOUT, {u32=102028840, u64=140114820126248}}}, 128, -1) = 1
17048 epoll_wait(5, {{EPOLLOUT, {u32=102029032, u64=140114820126440}}}, 128, -1) = 1
17048 epoll_wait(5, {{EPOLLOUT, {u32=102029032, u64=140114820126440}}}, 128, -1) = 1
17048 epoll_wait(5, {{EPOLLOUT, {u32=102029032, u64=140114820126440}}}, 128, -1) = 1
17048 epoll_wait(5, {{EPOLLOUT, {u32=102029032, u64=140114820126440}}}, 128, -1) = 1
17048 epoll_wait(5, {{EPOLLOUT, {u32=102029032, u64=140114820126440}}}, 128, -1) = 1
17048 epoll_wait(5,  <unfinished ...>
17047 <... read resumed> "\1", 32768)   = 1
17047 futex(0x21ee760, FUTEX_WAKE, 1)   = 1
17046 <... futex resumed> )             = 0
17047 write(7, "\1", 1 <unfinished ...>
17046 sched_yield( <unfinished ...>
17047 <... write resumed> )             = 1
17047 read(0,  <unfinished ...>
17046 <... sched_yield resumed> )       = 0
17046 futex(0x21ee6a0, FUTEX_WAKE, 1)   = 0
17046 clock_gettime(CLOCK_MONOTONIC, {4936, 741426048}) = 0
17046 clock_gettime(CLOCK_REALTIME, {1465918802, 525444633}) = 0
17046 select(0, NULL, NULL, NULL, {0, 20}) = 0 (Timeout)
17046 clock_gettime(CLOCK_MONOTONIC, {4936, 741613965}) = 0
17046 clock_gettime(CLOCK_REALTIME, {1465918802, 525632201}) = 0
17046 select(0, NULL, NULL, NULL, {0, 20} <unfinished ...>
17048 <... epoll_wait resumed> {{EPOLLIN|EPOLLOUT|EPOLLRDHUP, {u32=102028648, u64=140114820126056}}}, 128, -1) = 1
17048 epoll_wait(5,  <unfinished ...>
17046 <... select resumed> )            = 0 (Timeout)
17046 clock_gettime(CLOCK_MONOTONIC, {4936, 741785875}) = 0
17046 clock_gettime(CLOCK_REALTIME, {1465918802, 525801502}) = 0
17046 select(0, NULL, NULL, NULL, {0, 20}) = 0 (Timeout)
17046 clock_gettime(CLOCK_MONOTONIC, {4936, 741981016}) = 0
17046 clock_gettime(CLOCK_REALTIME, {1465918802, 526015121}) = 0
17046 select(0, NULL, NULL, NULL, {0, 20}) = 0 (Timeout)
17046 clock_gettime(CLOCK_MONOTONIC, {4936, 742169113}) = 0
17046 clock_gettime(CLOCK_REALTIME, {1465918802, 526184603}) = 0
17046 select(0, NULL, NULL, NULL, {0, 20}) = 0 (Timeout)
17046 clock_gettime(CLOCK_MONOTONIC, {4936, 742334383}) = 0
17046 clock_gettime(CLOCK_REALTIME, {1465918802, 526349662}) = 0
17046 select(0, NULL, NULL, NULL, {0, 20}) = 0 (Timeout)
17046 clock_gettime(CLOCK_MONOTONIC, {4936, 742498755}) = 0
17046 clock_gettime(CLOCK_REALTIME, {1465918802, 526514109}) = 0
17046 select(0, NULL, NULL, NULL, {0, 20}) = 0 (Timeout)
17046 clock_gettime(CLOCK_MONOTONIC, {4936, 742655164}) = 0
17046 clock_gettime(CLOCK_REALTIME, {1465918802, 526670120}) = 0
17046 select(0, NULL, NULL, NULL, {0, 20}) = 0 (Timeout)
17046 clock_gettime(CLOCK_MONOTONIC, {4936, 742810616}) = 0
17046 clock_gettime(CLOCK_REALTIME, {1465918802, 526825504}) = 0
17046 select(0, NULL, NULL, NULL, {0, 20}) = 0 (Timeout)
17046 clock_gettime(CLOCK_MONOTONIC, {4936, 742990677}) = 0
17046 clock_gettime(CLOCK_REALTIME, {1465918802, 527019651}) = 0
17046 select(0, NULL, NULL, NULL, {0, 20}) = 0 (Timeout)
17046 clock_gettime(CLOCK_MONOTONIC, {4936, 743161980}) = 0
17046 clock_gettime(CLOCK_REALTIME, {1465918802, 527176786}) = 0
17046 select(0, NULL, NULL, NULL, {0, 20}) = 0 (Timeout)
17046 clock_gettime(CLOCK_MONOTONIC, {4936, 743317071}) = 0
17046 clock_gettime(CLOCK_REALTIME, {1465918802, 527331777}) = 0
17046 select(0, NULL, NULL, NULL, {0, 20}) = 0 (Timeout)
17046 clock_gettime(CLOCK_MONOTONIC, {4936, 743471956}) = 0
17046 clock_gettime(CLOCK_REALTIME, {1465918802, 527486717}) = 0
17046 select(0, NULL, NULL, NULL, {0, 20}) = 0 (Timeout)
17046 clock_gettime(CLOCK_MONOTONIC, {4936, 743626128}) = 0
17046 clock_gettime(CLOCK_REALTIME, {1465918802, 527640738}) = 0
17046 select(0, NULL, NULL, NULL, {0, 20}) = 0 (Timeout)
17046 clock_gettime(CLOCK_MONOTONIC, {4936, 743780880}) = 0
17046 clock_gettime(CLOCK_REALTIME, {1465918802, 527795471}) = 0
17046 select(0, NULL, NULL, NULL, {0, 20}) = 0 (Timeout)
17046 clock_gettime(CLOCK_MONOTONIC, {4936, 743937640}) = 0
17046 clock_gettime(CLOCK_REALTIME, {1465918802, 527952561}) = 0
17046 select(0, NULL, NULL, NULL, {0, 20}) = 0 (Timeout)
17046 clock_gettime(CLOCK_MONOTONIC, {4936, 744102050}) = 0
17046 clock_gettime(CLOCK_REALTIME, {1465918802, 528117027}) = 0
17046 select(0, NULL, NULL, NULL, {0, 20}) = 0 (Timeout)
17046 clock_gettime(CLOCK_MONOTONIC, {4936, 744257886}) = 0
17046 clock_gettime(CLOCK_REALTIME, {1465918802, 528272701}) = 0
17046 select(0, NULL, NULL, NULL, {0, 20}) = 0 (Timeout)
17046 clock_gettime(CLOCK_MONOTONIC, {4936, 744412688}) = 0
17046 clock_gettime(CLOCK_REALTIME, {1465918802, 528427489}) = 0
17046 select(0, NULL, NULL, NULL, {0, 20}) = 0 (Timeout)
17046 clock_gettime(CLOCK_MONOTONIC, {4936, 744567193}) = 0
17046 clock_gettime(CLOCK_REALTIME, {1465918802, 528581916}) = 0
17046 select(0, NULL, NULL, NULL, {0, 20}) = 0 (Timeout)
17046 clock_gettime(CLOCK_MONOTONIC, {4936, 744721630}) = 0
17046 clock_gettime(CLOCK_REALTIME, {1465918802, 528736288}) = 0
17046 select(0, NULL, NULL, NULL, {0, 20}) = 0 (Timeout)
17046 clock_gettime(CLOCK_MONOTONIC, {4936, 744881537}) = 0
17046 clock_gettime(CLOCK_REALTIME, {1465918802, 528896335}) = 0
17046 select(0, NULL, NULL, NULL, {0, 20}) = 0 (Timeout)
17046 clock_gettime(CLOCK_MONOTONIC, {4936, 745039840}) = 0
17046 clock_gettime(CLOCK_REALTIME, {1465918802, 529054962}) = 0
17046 select(0, NULL, NULL, NULL, {0, 20}) = 0 (Timeout)
17046 clock_gettime(CLOCK_MONOTONIC, {4936, 745214965}) = 0
17046 clock_gettime(CLOCK_REALTIME, {1465918802, 529230557}) = 0
17046 select(0, NULL, NULL, NULL, {0, 20}) = 0 (Timeout)
17046 clock_gettime(CLOCK_MONOTONIC, {4936, 745371299}) = 0
17046 clock_gettime(CLOCK_REALTIME, {1465918802, 529386127}) = 0
17046 select(0, NULL, NULL, NULL, {0, 20}) = 0 (Timeout)
17046 clock_gettime(CLOCK_MONOTONIC, {4936, 745526019}) = 0
17046 clock_gettime(CLOCK_REALTIME, {1465918802, 529540632}) = 0
17046 select(0, NULL, NULL, NULL, {0, 20}) = 0 (Timeout)
17046 clock_gettime(CLOCK_MONOTONIC, {4936, 745680491}) = 0
17046 clock_gettime(CLOCK_REALTIME, {1465918802, 529695177}) = 0
17046 select(0, NULL, NULL, NULL, {0, 20}) = 0 (Timeout)
17046 clock_gettime(CLOCK_MONOTONIC, {4936, 745834650}) = 0
17046 clock_gettime(CLOCK_REALTIME, {1465918802, 529857600}) = 0
17046 select(0, NULL, NULL, NULL, {0, 20}) = 0 (Timeout)
17046 clock_gettime(CLOCK_MONOTONIC, {4936, 745998481}) = 0
17046 clock_gettime(CLOCK_REALTIME, {1465918802, 530028485}) = 0
17046 select(0, NULL, NULL, NULL, {0, 20}) = 0 (Timeout)
17046 clock_gettime(CLOCK_MONOTONIC, {4936, 746169957}) = 0
17046 clock_gettime(CLOCK_REALTIME, {1465918802, 530184911}) = 0
17046 select(0, NULL, NULL, NULL, {0, 20}) = 0 (Timeout)
17046 clock_gettime(CLOCK_MONOTONIC, {4936, 746325000}) = 0
17046 clock_gettime(CLOCK_REALTIME, {1465918802, 530339911}) = 0
17046 select(0, NULL, NULL, NULL, {0, 20}) = 0 (Timeout)
17046 clock_gettime(CLOCK_MONOTONIC, {4936, 746479916}) = 0
17046 clock_gettime(CLOCK_REALTIME, {1465918802, 530494812}) = 0
17046 select(0, NULL, NULL, NULL, {0, 20}) = 0 (Timeout)
17046 clock_gettime(CLOCK_MONOTONIC, {4936, 746634586}) = 0
17046 clock_gettime(CLOCK_REALTIME, {1465918802, 530649249}) = 0
17046 select(0, NULL, NULL, NULL, {0, 20}) = 0 (Timeout)
17046 clock_gettime(CLOCK_MONOTONIC, {4936, 746789333}) = 0
17046 clock_gettime(CLOCK_REALTIME, {1465918802, 530803989}) = 0
17046 select(0, NULL, NULL, NULL, {0, 20}) = 0 (Timeout)
17046 clock_gettime(CLOCK_MONOTONIC, {4936, 746945187}) = 0
17046 clock_gettime(CLOCK_REALTIME, {1465918802, 530960300}) = 0
17046 select(0, NULL, NULL, NULL, {0, 20}) = 0 (Timeout)
17046 clock_gettime(CLOCK_MONOTONIC, {4936, 747103623}) = 0
17046 clock_gettime(CLOCK_REALTIME, {1465918802, 531118646}) = 0
17046 select(0, NULL, NULL, NULL, {0, 20}) = 0 (Timeout)
17046 clock_gettime(CLOCK_MONOTONIC, {4936, 747258899}) = 0
17046 clock_gettime(CLOCK_REALTIME, {1465918802, 531273622}) = 0
17046 select(0, NULL, NULL, NULL, {0, 20}) = 0 (Timeout)
17046 clock_gettime(CLOCK_MONOTONIC, {4936, 747413283}) = 0
17046 clock_gettime(CLOCK_REALTIME, {1465918802, 531428082}) = 0
17046 select(0, NULL, NULL, NULL, {0, 20}) = 0 (Timeout)
17046 clock_gettime(CLOCK_MONOTONIC, {4936, 747586708}) = 0
17046 clock_gettime(CLOCK_REALTIME, {1465918802, 531602007}) = 0
17046 select(0, NULL, NULL, NULL, {0, 20}) = 0 (Timeout)
17046 clock_gettime(CLOCK_MONOTONIC, {4936, 747743002}) = 0
17046 clock_gettime(CLOCK_REALTIME, {1465918802, 531758298}) = 0
17046 select(0, NULL, NULL, NULL, {0, 20}) = 0 (Timeout)
17046 clock_gettime(CLOCK_MONOTONIC, {4936, 747900303}) = 0
17046 clock_gettime(CLOCK_REALTIME, {1465918802, 531915475}) = 0
17046 select(0, NULL, NULL, NULL, {0, 20}) = 0 (Timeout)
17046 clock_gettime(CLOCK_MONOTONIC, {4936, 748059734}) = 0
17046 clock_gettime(CLOCK_REALTIME, {1465918802, 532074687}) = 0
17046 select(0, NULL, NULL, NULL, {0, 20}) = 0 (Timeout)
17046 clock_gettime(CLOCK_MONOTONIC, {4936, 748215363}) = 0
17046 clock_gettime(CLOCK_REALTIME, {1465918802, 532230375}) = 0
17046 select(0, NULL, NULL, NULL, {0, 20}) = 0 (Timeout)
17046 clock_gettime(CLOCK_MONOTONIC, {4936, 748370484}) = 0
17046 clock_gettime(CLOCK_REALTIME, {1465918802, 532384804}) = 0
17046 select(0, NULL, NULL, NULL, {0, 20}) = 0 (Timeout)
17046 clock_gettime(CLOCK_MONOTONIC, {4936, 748520894}) = 0
17046 clock_gettime(CLOCK_REALTIME, {1465918802, 532533269}) = 0
17046 select(0, NULL, NULL, NULL, {0, 20}) = 0 (Timeout)
17046 clock_gettime(CLOCK_MONOTONIC, {4936, 748673259}) = 0
17046 clock_gettime(CLOCK_REALTIME, {1465918802, 532686990}) = 0
17046 select(0, NULL, NULL, NULL, {0, 20}) = 0 (Timeout)
17046 clock_gettime(CLOCK_MONOTONIC, {4936, 748823198}) = 0
17046 clock_gettime(CLOCK_REALTIME, {1465918802, 532842883}) = 0
17046 select(0, NULL, NULL, NULL, {0, 20}) = 0 (Timeout)
17046 clock_gettime(CLOCK_MONOTONIC, {4936, 748981564}) = 0
17046 clock_gettime(CLOCK_REALTIME, {1465918802, 533006809}) = 0
17046 select(0, NULL, NULL, NULL, {0, 20}) = 0 (Timeout)
17046 clock_gettime(CLOCK_MONOTONIC, {4936, 749145355}) = 0
17046 clock_gettime(CLOCK_REALTIME, {1465918802, 533157853}) = 0
17046 select(0, NULL, NULL, NULL, {0, 20}) = 0 (Timeout)
17046 clock_gettime(CLOCK_MONOTONIC, {4936, 749293770}) = 0
17046 clock_gettime(CLOCK_REALTIME, {1465918802, 533305965}) = 0
17046 select(0, NULL, NULL, NULL, {0, 20}) = 0 (Timeout)
17046 clock_gettime(CLOCK_MONOTONIC, {4936, 749444697}) = 0
17046 clock_gettime(CLOCK_REALTIME, {1465918802, 533457371}) = 0
17046 select(0, NULL, NULL, NULL, {0, 40}) = 0 (Timeout)
17046 clock_gettime(CLOCK_MONOTONIC, {4936, 749623232}) = 0
17046 clock_gettime(CLOCK_REALTIME, {1465918802, 533636071}) = 0
17046 select(0, NULL, NULL, NULL, {0, 80}) = 0 (Timeout)
17046 clock_gettime(CLOCK_MONOTONIC, {4936, 749832283}) = 0
17046 clock_gettime(CLOCK_REALTIME, {1465918802, 533861515}) = 0
17046 select(0, NULL, NULL, NULL, {0, 160}) = 0 (Timeout)
17046 clock_gettime(CLOCK_MONOTONIC, {4936, 750153688}) = 0
17046 clock_gettime(CLOCK_REALTIME, {1465918802, 534166740}) = 0
17046 select(0, NULL, NULL, NULL, {0, 320}) = 0 (Timeout)
17046 clock_gettime(CLOCK_MONOTONIC, {4936, 750618746}) = 0
17046 clock_gettime(CLOCK_REALTIME, {1465918802, 534632130}) = 0
17046 select(0, NULL, NULL, NULL, {0, 640}) = 0 (Timeout)
17046 clock_gettime(CLOCK_MONOTONIC, {4936, 751417496}) = 0
17046 clock_gettime(CLOCK_REALTIME, {1465918802, 535429546}) = 0
17046 select(0, NULL, NULL, NULL, {0, 1280}) = 0 (Timeout)
17046 clock_gettime(CLOCK_MONOTONIC, {4936, 752971222}) = 0
17046 clock_gettime(CLOCK_REALTIME, {1465918802, 536982310}) = 0
17046 select(0, NULL, NULL, NULL, {0, 20}) = 0 (Timeout)
17046 clock_gettime(CLOCK_MONOTONIC, {4936, 753130471}) = 0
17046 futex(0x21ee760, FUTEX_WAIT, 0, {60, 0} <unfinished ...>
17047 <... read resumed> "\16", 32768)  = 1
17047 futex(0x21ee760, FUTEX_WAKE, 1)   = 1
17046 <... futex resumed> )             = 0
17047 write(7, "\16", 1 <unfinished ...>
17046 clock_gettime(CLOCK_MONOTONIC,  <unfinished ...>
17047 <... write resumed> )             = 1
17046 <... clock_gettime resumed> {4936, 776455565}) = 0
17047 read(0,  <unfinished ...>
17046 clock_gettime(CLOCK_REALTIME, {1465918802, 560472425}) = 0
17046 select(0, NULL, NULL, NULL, {0, 20}) = 0 (Timeout)
17046 clock_gettime(CLOCK_MONOTONIC, {4936, 776676723}) = 0
17046 clock_gettime(CLOCK_REALTIME, {1465918802, 560679876}) = 0
17046 select(0, NULL, NULL, NULL, {0, 20}) = 0 (Timeout)
17046 clock_gettime(CLOCK_MONOTONIC, {4936, 776796610}) = 0
17046 clock_gettime(CLOCK_REALTIME, {1465918802, 560799365}) = 0
17046 select(0, NULL, NULL, NULL, {0, 20}) = 0 (Timeout)
17046 clock_gettime(CLOCK_MONOTONIC, {4936, 776918353}) = 0
17046 clock_gettime(CLOCK_REALTIME, {1465918802, 560921071}) = 0
17046 select(0, NULL, NULL, NULL, {0, 20}) = 0 (Timeout)
17046 clock_gettime(CLOCK_MONOTONIC, {4936, 777042072}) = 0
17046 clock_gettime(CLOCK_REALTIME, {1465918802, 561045639}) = 0
17046 select(0, NULL, NULL, NULL, {0, 20}) = 0 (Timeout)
17046 clock_gettime(CLOCK_MONOTONIC, {4936, 777161888}) = 0
17046 clock_gettime(CLOCK_REALTIME, {1465918802, 561164758}) = 0
17046 select(0, NULL, NULL, NULL, {0, 20}) = 0 (Timeout)
17046 clock_gettime(CLOCK_MONOTONIC, {4936, 777280075}) = 0
17046 clock_gettime(CLOCK_REALTIME, {1465918802, 561282538}) = 0
17046 select(0, NULL, NULL, NULL, {0, 20}) = 0 (Timeout)
17046 clock_gettime(CLOCK_MONOTONIC, {4936, 777397292}) = 0
17046 clock_gettime(CLOCK_REALTIME, {1465918802, 561399585}) = 0
17046 select(0, NULL, NULL, NULL, {0, 20}) = 0 (Timeout)
17046 clock_gettime(CLOCK_MONOTONIC, {4936, 777514332}) = 0
17046 clock_gettime(CLOCK_REALTIME, {1465918802, 561525075}) = 0
17046 select(0, NULL, NULL, NULL, {0, 20}) = 0 (Timeout)
17046 clock_gettime(CLOCK_MONOTONIC, {4936, 777652865}) = 0
17046 clock_gettime(CLOCK_REALTIME, {1465918802, 561655859}) = 0
17046 select(0, NULL, NULL, NULL, {0, 20}) = 0 (Timeout)
17046 clock_gettime(CLOCK_MONOTONIC, {4936, 777771082}) = 0
17046 clock_gettime(CLOCK_REALTIME, {1465918802, 561773417}) = 0
17046 select(0, NULL, NULL, NULL, {0, 20}) = 0 (Timeout)
17046 clock_gettime(CLOCK_MONOTONIC, {4936, 777887316}) = 0
17046 clock_gettime(CLOCK_REALTIME, {1465918802, 561889785}) = 0
17046 select(0, NULL, NULL, NULL, {0, 20}) = 0 (Timeout)
17046 clock_gettime(CLOCK_MONOTONIC, {4936, 778132347}) = 0
17046 clock_gettime(CLOCK_REALTIME, {1465918802, 562135398}) = 0
17046 select(0, NULL, NULL, NULL, {0, 20}) = 0 (Timeout)
17046 clock_gettime(CLOCK_MONOTONIC, {4936, 778257392}) = 0
17046 clock_gettime(CLOCK_REALTIME, {1465918802, 562259341}) = 0
17046 select(0, NULL, NULL, NULL, {0, 20}) = 0 (Timeout)
17046 clock_gettime(CLOCK_MONOTONIC, {4936, 778374644}) = 0
17046 clock_gettime(CLOCK_REALTIME, {1465918802, 562385339}) = 0
17046 select(0, NULL, NULL, NULL, {0, 20}) = 0 (Timeout)
17046 clock_gettime(CLOCK_MONOTONIC, {4936, 778500087}) = 0
17046 clock_gettime(CLOCK_REALTIME, {1465918802, 562501927}) = 0
17046 select(0, NULL, NULL, NULL, {0, 20}) = 0 (Timeout)
17046 clock_gettime(CLOCK_MONOTONIC, {4936, 778611559}) = 0
17046 clock_gettime(CLOCK_REALTIME, {1465918802, 562613060}) = 0
17046 select(0, NULL, NULL, NULL, {0, 20}) = 0 (Timeout)
17046 clock_gettime(CLOCK_MONOTONIC, {4936, 778722276}) = 0
17046 clock_gettime(CLOCK_REALTIME, {1465918802, 562723946}) = 0
17046 select(0, NULL, NULL, NULL, {0, 20}) = 0 (Timeout)
17046 clock_gettime(CLOCK_MONOTONIC, {4936, 778832751}) = 0
17046 clock_gettime(CLOCK_REALTIME, {1465918802, 562852598}) = 0
17046 select(0, NULL, NULL, NULL, {0, 20}) = 0 (Timeout)
17046 clock_gettime(CLOCK_MONOTONIC, {4936, 778963042}) = 0
17046 clock_gettime(CLOCK_REALTIME, {1465918802, 562964532}) = 0
17046 select(0, NULL, NULL, NULL, {0, 20}) = 0 (Timeout)
17046 clock_gettime(CLOCK_MONOTONIC, {4936, 779076327}) = 0
17046 clock_gettime(CLOCK_REALTIME, {1465918802, 563077975}) = 0
17046 select(0, NULL, NULL, NULL, {0, 20}) = 0 (Timeout)
17046 clock_gettime(CLOCK_MONOTONIC, {4936, 779185689}) = 0
17046 clock_gettime(CLOCK_REALTIME, {1465918802, 563187199}) = 0
17046 select(0, NULL, NULL, NULL, {0, 20}) = 0 (Timeout)
17046 clock_gettime(CLOCK_MONOTONIC, {4936, 779294771}) = 0
17046 clock_gettime(CLOCK_REALTIME, {1465918802, 563296319}) = 0
17046 select(0, NULL, NULL, NULL, {0, 20}) = 0 (Timeout)
17046 clock_gettime(CLOCK_MONOTONIC, {4936, 779403751}) = 0
17046 clock_gettime(CLOCK_REALTIME, {1465918802, 563405161}) = 0
17046 select(0, NULL, NULL, NULL, {0, 20}) = 0 (Timeout)
17046 clock_gettime(CLOCK_MONOTONIC, {4936, 779512456}) = 0
17046 clock_gettime(CLOCK_REALTIME, {1465918802, 563513929}) = 0
17046 select(0, NULL, NULL, NULL, {0, 20}) = 0 (Timeout)
17046 clock_gettime(CLOCK_MONOTONIC, {4936, 779622022}) = 0
17046 clock_gettime(CLOCK_REALTIME, {1465918802, 563623971}) = 0
17046 select(0, NULL, NULL, NULL, {0, 20}) = 0 (Timeout)
17046 clock_gettime(CLOCK_MONOTONIC, {4936, 779732132}) = 0
17046 clock_gettime(CLOCK_REALTIME, {1465918802, 563733956}) = 0
17046 select(0, NULL, NULL, NULL, {0, 20}) = 0 (Timeout)
17046 clock_gettime(CLOCK_MONOTONIC, {4936, 779846729}) = 0
17046 clock_gettime(CLOCK_REALTIME, {1465918802, 563855816}) = 0
17046 select(0, NULL, NULL, NULL, {0, 20}) = 0 (Timeout)
17046 clock_gettime(CLOCK_MONOTONIC, {4936, 779966665}) = 0
17046 clock_gettime(CLOCK_REALTIME, {1465918802, 563968570}) = 0
17046 select(0, NULL, NULL, NULL, {0, 20}) = 0 (Timeout)
17046 clock_gettime(CLOCK_MONOTONIC, {4936, 780081806}) = 0
17046 clock_gettime(CLOCK_REALTIME, {1465918802, 564084078}) = 0
17046 select(0, NULL, NULL, NULL, {0, 20}) = 0 (Timeout)
17046 clock_gettime(CLOCK_MONOTONIC, {4936, 780194667}) = 0
17046 clock_gettime(CLOCK_REALTIME, {1465918802, 564197240}) = 0
17046 select(0, NULL, NULL, NULL, {0, 20}) = 0 (Timeout)
17046 clock_gettime(CLOCK_MONOTONIC, {4936, 780318956}) = 0
17046 clock_gettime(CLOCK_REALTIME, {1465918802, 564321211}) = 0
17046 select(0, NULL, NULL, NULL, {0, 20}) = 0 (Timeout)
17046 clock_gettime(CLOCK_MONOTONIC, {4936, 780432773}) = 0
17046 clock_gettime(CLOCK_REALTIME, {1465918802, 564435636}) = 0
17046 select(0, NULL, NULL, NULL, {0, 20}) = 0 (Timeout)
17046 clock_gettime(CLOCK_MONOTONIC, {4936, 780549538}) = 0
17046 clock_gettime(CLOCK_REALTIME, {1465918802, 564552439}) = 0
17046 select(0, NULL, NULL, NULL, {0, 20}) = 0 (Timeout)
17046 clock_gettime(CLOCK_MONOTONIC, {4936, 780666633}) = 0
17046 clock_gettime(CLOCK_REALTIME, {1465918802, 564670343}) = 0
17046 select(0, NULL, NULL, NULL, {0, 20}) = 0 (Timeout)
17046 clock_gettime(CLOCK_MONOTONIC, {4936, 780785286}) = 0
17046 clock_gettime(CLOCK_REALTIME, {1465918802, 564788369}) = 0
17046 select(0, NULL, NULL, NULL, {0, 20}) = 0 (Timeout)
17046 clock_gettime(CLOCK_MONOTONIC, {4936, 780904321}) = 0
17046 clock_gettime(CLOCK_REALTIME, {1465918802, 564906946}) = 0
17046 select(0, NULL, NULL, NULL, {0, 20}) = 0 (Timeout)
17046 clock_gettime(CLOCK_MONOTONIC, {4936, 781023741}) = 0
17046 clock_gettime(CLOCK_REALTIME, {1465918802, 565026281}) = 0
17046 select(0, NULL, NULL, NULL, {0, 20}) = 0 (Timeout)
17046 clock_gettime(CLOCK_MONOTONIC, {4936, 781143082}) = 0
17046 clock_gettime(CLOCK_REALTIME, {1465918802, 565150403}) = 0
17046 select(0, NULL, NULL, NULL, {0, 20}) = 0 (Timeout)
17046 clock_gettime(CLOCK_MONOTONIC, {4936, 781290051}) = 0
17046 clock_gettime(CLOCK_REALTIME, {1465918802, 565302067}) = 0
17046 select(0, NULL, NULL, NULL, {0, 20}) = 0 (Timeout)
17046 clock_gettime(CLOCK_MONOTONIC, {4936, 781437509}) = 0
17046 clock_gettime(CLOCK_REALTIME, {1465918802, 565450336}) = 0
17046 select(0, NULL, NULL, NULL, {0, 20}) = 0 (Timeout)
17046 clock_gettime(CLOCK_MONOTONIC, {4936, 781593083}) = 0
17046 clock_gettime(CLOCK_REALTIME, {1465918802, 565602431}) = 0
17046 select(0, NULL, NULL, NULL, {0, 20}) = 0 (Timeout)
17046 clock_gettime(CLOCK_MONOTONIC, {4936, 781729728}) = 0
17046 clock_gettime(CLOCK_REALTIME, {1465918802, 565738329}) = 0
17046 select(0, NULL, NULL, NULL, {0, 20}) = 0 (Timeout)
17046 clock_gettime(CLOCK_MONOTONIC, {4936, 781897003}) = 0
17046 clock_gettime(CLOCK_REALTIME, {1465918802, 565907800}) = 0
17046 select(0, NULL, NULL, NULL, {0, 20}) = 0 (Timeout)
17046 clock_gettime(CLOCK_MONOTONIC, {4936, 782060143}) = 0
17046 clock_gettime(CLOCK_REALTIME, {1465918802, 566069668}) = 0
17046 select(0, NULL, NULL, NULL, {0, 20}) = 0 (Timeout)
17046 clock_gettime(CLOCK_MONOTONIC, {4936, 782198643}) = 0
17046 clock_gettime(CLOCK_REALTIME, {1465918802, 566206663}) = 0
17046 select(0, NULL, NULL, NULL, {0, 20}) = 0 (Timeout)
17046 clock_gettime(CLOCK_MONOTONIC, {4936, 782336952}) = 0
17046 clock_gettime(CLOCK_REALTIME, {1465918802, 566347270}) = 0
17046 select(0, NULL, NULL, NULL, {0, 20}) = 0 (Timeout)
17046 clock_gettime(CLOCK_MONOTONIC, {4936, 782480406}) = 0
17046 clock_gettime(CLOCK_REALTIME, {1465918802, 566493123}) = 0
17046 select(0, NULL, NULL, NULL, {0, 20}) = 0 (Timeout)
17046 clock_gettime(CLOCK_MONOTONIC, {4936, 782635220}) = 0
17046 clock_gettime(CLOCK_REALTIME, {1465918802, 566643517}) = 0
17046 select(0, NULL, NULL, NULL, {0, 20}) = 0 (Timeout)
17046 clock_gettime(CLOCK_MONOTONIC, {4936, 782776485}) = 0
17046 clock_gettime(CLOCK_REALTIME, {1465918802, 566785118}) = 0
17046 select(0, NULL, NULL, NULL, {0, 20}) = 0 (Timeout)
17046 clock_gettime(CLOCK_MONOTONIC, {4936, 782951320}) = 0
17046 clock_gettime(CLOCK_REALTIME, {1465918802, 566976904}) = 0
17046 select(0, NULL, NULL, NULL, {0, 40}) = 0 (Timeout)
17046 clock_gettime(CLOCK_MONOTONIC, {4936, 783716882}) = 0
17046 clock_gettime(CLOCK_REALTIME, {1465918802, 567731144}) = 0
17046 select(0, NULL, NULL, NULL, {0, 80}) = 0 (Timeout)
17046 clock_gettime(CLOCK_MONOTONIC, {4936, 784047933}) = 0
17046 clock_gettime(CLOCK_REALTIME, {1465918802, 568059594}) = 0
17046 select(0, NULL, NULL, NULL, {0, 160}) = 0 (Timeout)
17046 clock_gettime(CLOCK_MONOTONIC, {4936, 784384196}) = 0
17046 clock_gettime(CLOCK_REALTIME, {1465918802, 568445286}) = 0
17046 select(0, NULL, NULL, NULL, {0, 320}) = 0 (Timeout)
17046 clock_gettime(CLOCK_MONOTONIC, {4936, 784930295}) = 0
17046 clock_gettime(CLOCK_REALTIME, {1465918802, 568943918}) = 0
17046 select(0, NULL, NULL, NULL, {0, 640}) = 0 (Timeout)
17046 clock_gettime(CLOCK_MONOTONIC, {4936, 785799083}) = 0
17046 clock_gettime(CLOCK_REALTIME, {1465918802, 569812099}) = 0
17046 select(0, NULL, NULL, NULL, {0, 1280}) = 0 (Timeout)
17046 clock_gettime(CLOCK_MONOTONIC, {4936, 787374885}) = 0
17046 clock_gettime(CLOCK_REALTIME, {1465918802, 571386827}) = 0
17046 select(0, NULL, NULL, NULL, {0, 20}) = 0 (Timeout)
17046 clock_gettime(CLOCK_MONOTONIC, {4936, 787548222}) = 0
17046 futex(0x21ee760, FUTEX_WAIT, 0, {60, 0} <unfinished ...>
17047 <... read resumed> "\1", 32768)   = 1
17047 futex(0x21ee760, FUTEX_WAKE, 1)   = 1
17046 <... futex resumed> )             = 0
17047 write(7, "\1", 1 <unfinished ...>
17046 sched_yield( <unfinished ...>
17047 <... write resumed> )             = 1
17047 read(0,  <unfinished ...>
17046 <... sched_yield resumed> )       = 0
17046 futex(0x21ee6a0, FUTEX_WAKE, 1)   = 0
17046 clock_gettime(CLOCK_MONOTONIC, {4938, 281549373}) = 0
17046 clock_gettime(CLOCK_REALTIME, {1465918804, 65566340}) = 0
17046 select(0, NULL, NULL, NULL, {0, 20}) = 0 (Timeout)
17046 clock_gettime(CLOCK_MONOTONIC, {4938, 281920254}) = 0
17046 clock_gettime(CLOCK_REALTIME, {1465918804, 65925081}) = 0
17046 select(0, NULL, NULL, NULL, {0, 20}) = 0 (Timeout)
17046 clock_gettime(CLOCK_MONOTONIC, {4938, 282049877}) = 0
17046 clock_gettime(CLOCK_REALTIME, {1465918804, 66053325}) = 0
17046 select(0, NULL, NULL, NULL, {0, 20}) = 0 (Timeout)
17046 clock_gettime(CLOCK_MONOTONIC, {4938, 282169680}) = 0
17046 clock_gettime(CLOCK_REALTIME, {1465918804, 66172706}) = 0
17046 select(0, NULL, NULL, NULL, {0, 20}) = 0 (Timeout)
17046 clock_gettime(CLOCK_MONOTONIC, {4938, 282284267}) = 0
17046 clock_gettime(CLOCK_REALTIME, {1465918804, 66287089}) = 0
17046 select(0, NULL, NULL, NULL, {0, 20}) = 0 (Timeout)
17046 clock_gettime(CLOCK_MONOTONIC, {4938, 282398270}) = 0
17046 clock_gettime(CLOCK_REALTIME, {1465918804, 66401050}) = 0
17046 select(0, NULL, NULL, NULL, {0, 20}) = 0 (Timeout)
17046 clock_gettime(CLOCK_MONOTONIC, {4938, 282511781}) = 0
17046 clock_gettime(CLOCK_REALTIME, {1465918804, 66514584}) = 0
17046 select(0, NULL, NULL, NULL, {0, 20}) = 0 (Timeout)
17046 clock_gettime(CLOCK_MONOTONIC, {4938, 282625004}) = 0
17046 clock_gettime(CLOCK_REALTIME, {1465918804, 66627743}) = 0
17046 select(0, NULL, NULL, NULL, {0, 20}) = 0 (Timeout)
17046 clock_gettime(CLOCK_MONOTONIC, {4938, 282738299}) = 0
17046 clock_gettime(CLOCK_REALTIME, {1465918804, 66741040}) = 0
17046 select(0, NULL, NULL, NULL, {0, 20}) = 0 (Timeout)
17046 clock_gettime(CLOCK_MONOTONIC, {4938, 282859654}) = 0
17046 clock_gettime(CLOCK_REALTIME, {1465918804, 66862525}) = 0
17046 select(0, NULL, NULL, NULL, {0, 20}) = 0 (Timeout)
17046 clock_gettime(CLOCK_MONOTONIC, {4938, 282977828}) = 0
17046 clock_gettime(CLOCK_REALTIME, {1465918804, 66980667}) = 0
17046 select(0, NULL, NULL, NULL, {0, 20}) = 0 (Timeout)
17046 clock_gettime(CLOCK_MONOTONIC, {4938, 283100564}) = 0
17046 clock_gettime(CLOCK_REALTIME, {1465918804, 67103295}) = 0
17046 select(0, NULL, NULL, NULL, {0, 20}) = 0 (Timeout)
17046 clock_gettime(CLOCK_MONOTONIC, {4938, 283213383}) = 0
17046 clock_gettime(CLOCK_REALTIME, {1465918804, 67215947}) = 0
17046 select(0, NULL, NULL, NULL, {0, 20}) = 0 (Timeout)
17046 clock_gettime(CLOCK_MONOTONIC, {4938, 283326126}) = 0
17046 clock_gettime(CLOCK_REALTIME, {1465918804, 67328647}) = 0
17046 select(0, NULL, NULL, NULL, {0, 20}) = 0 (Timeout)
17046 clock_gettime(CLOCK_MONOTONIC, {4938, 283438618}) = 0
17046 clock_gettime(CLOCK_REALTIME, {1465918804, 67441258}) = 0
17046 select(0, NULL, NULL, NULL, {0, 20}) = 0 (Timeout)
17046 clock_gettime(CLOCK_MONOTONIC, {4938, 283551316}) = 0
17046 clock_gettime(CLOCK_REALTIME, {1465918804, 67553864}) = 0
17046 select(0, NULL, NULL, NULL, {0, 20}) = 0 (Timeout)
17046 clock_gettime(CLOCK_MONOTONIC, {4938, 283670661}) = 0
17046 clock_gettime(CLOCK_REALTIME, {1465918804, 67673926}) = 0
17046 select(0, NULL, NULL, NULL, {0, 20}) = 0 (Timeout)
17046 clock_gettime(CLOCK_MONOTONIC, {4938, 283784475}) = 0
17046 clock_gettime(CLOCK_REALTIME, {1465918804, 67787142}) = 0
17046 select(0, NULL, NULL, NULL, {0, 20}) = 0 (Timeout)
17046 clock_gettime(CLOCK_MONOTONIC, {4938, 283898138}) = 0
17046 clock_gettime(CLOCK_REALTIME, {1465918804, 67900956}) = 0
17046 select(0, NULL, NULL, NULL, {0, 20}) = 0 (Timeout)
17046 clock_gettime(CLOCK_MONOTONIC, {4938, 284029514}) = 0
17046 clock_gettime(CLOCK_REALTIME, {1465918804, 68037536}) = 0
17046 select(0, NULL, NULL, NULL, {0, 20}) = 0 (Timeout)
17046 clock_gettime(CLOCK_MONOTONIC, {4938, 284149072}) = 0
17046 clock_gettime(CLOCK_REALTIME, {1465918804, 68151727}) = 0
17046 select(0, NULL, NULL, NULL, {0, 20}) = 0 (Timeout)
17046 clock_gettime(CLOCK_MONOTONIC, {4938, 284262885}) = 0
17046 clock_gettime(CLOCK_REALTIME, {1465918804, 68265581}) = 0
17046 select(0, NULL, NULL, NULL, {0, 20}) = 0 (Timeout)
17046 clock_gettime(CLOCK_MONOTONIC, {4938, 284375861}) = 0
17046 clock_gettime(CLOCK_REALTIME, {1465918804, 68378407}) = 0
17046 select(0, NULL, NULL, NULL, {0, 20}) = 0 (Timeout)
17046 clock_gettime(CLOCK_MONOTONIC, {4938, 284488450}) = 0
17046 clock_gettime(CLOCK_REALTIME, {1465918804, 68491039}) = 0
17046 select(0, NULL, NULL, NULL, {0, 20}) = 0 (Timeout)
17046 clock_gettime(CLOCK_MONOTONIC, {4938, 284601235}) = 0
17046 clock_gettime(CLOCK_REALTIME, {1465918804, 68603878}) = 0
17046 select(0, NULL, NULL, NULL, {0, 20}) = 0 (Timeout)
17046 clock_gettime(CLOCK_MONOTONIC, {4938, 284713971}) = 0
17046 clock_gettime(CLOCK_REALTIME, {1465918804, 68716570}) = 0
17046 select(0, NULL, NULL, NULL, {0, 20}) = 0 (Timeout)
17046 clock_gettime(CLOCK_MONOTONIC, {4938, 284826661}) = 0
17046 clock_gettime(CLOCK_REALTIME, {1465918804, 68829131}) = 0
17046 select(0, NULL, NULL, NULL, {0, 20}) = 0 (Timeout)
17046 clock_gettime(CLOCK_MONOTONIC, {4938, 284944421}) = 0
17046 clock_gettime(CLOCK_REALTIME, {1465918804, 68946921}) = 0
17046 select(0, NULL, NULL, NULL, {0, 20}) = 0 (Timeout)
17046 clock_gettime(CLOCK_MONOTONIC, {4938, 285059391}) = 0
17046 clock_gettime(CLOCK_REALTIME, {1465918804, 69061999}) = 0
17046 select(0, NULL, NULL, NULL, {0, 20}) = 0 (Timeout)
17046 clock_gettime(CLOCK_MONOTONIC, {4938, 285172378}) = 0
17046 clock_gettime(CLOCK_REALTIME, {1465918804, 69174910}) = 0
17046 select(0, NULL, NULL, NULL, {0, 20}) = 0 (Timeout)
17046 clock_gettime(CLOCK_MONOTONIC, {4938, 285285100}) = 0
17046 clock_gettime(CLOCK_REALTIME, {1465918804, 69287609}) = 0
17046 select(0, NULL, NULL, NULL, {0, 20}) = 0 (Timeout)
17046 clock_gettime(CLOCK_MONOTONIC, {4938, 285399215}) = 0
17046 clock_gettime(CLOCK_REALTIME, {1465918804, 69401769}) = 0
17046 select(0, NULL, NULL, NULL, {0, 20}) = 0 (Timeout)
17046 clock_gettime(CLOCK_MONOTONIC, {4938, 285511900}) = 0
17046 clock_gettime(CLOCK_REALTIME, {1465918804, 69514455}) = 0
17046 select(0, NULL, NULL, NULL, {0, 20}) = 0 (Timeout)
17046 clock_gettime(CLOCK_MONOTONIC, {4938, 285624551}) = 0
17046 clock_gettime(CLOCK_REALTIME, {1465918804, 69627107}) = 0
17046 select(0, NULL, NULL, NULL, {0, 20}) = 0 (Timeout)
17046 clock_gettime(CLOCK_MONOTONIC, {4938, 285737398}) = 0
17046 clock_gettime(CLOCK_REALTIME, {1465918804, 69739879}) = 0
17046 select(0, NULL, NULL, NULL, {0, 20}) = 0 (Timeout)
17046 clock_gettime(CLOCK_MONOTONIC, {4938, 285866318}) = 0
17046 clock_gettime(CLOCK_REALTIME, {1465918804, 69869519}) = 0
17046 select(0, NULL, NULL, NULL, {0, 20}) = 0 (Timeout)
17046 clock_gettime(CLOCK_MONOTONIC, {4938, 285988864}) = 0
17046 clock_gettime(CLOCK_REALTIME, {1465918804, 69997424}) = 0
17046 select(0, NULL, NULL, NULL, {0, 20}) = 0 (Timeout)
17046 clock_gettime(CLOCK_MONOTONIC, {4938, 286110796}) = 0
17046 clock_gettime(CLOCK_REALTIME, {1465918804, 70113474}) = 0
17046 select(0, NULL, NULL, NULL, {0, 20}) = 0 (Timeout)
17046 clock_gettime(CLOCK_MONOTONIC, {4938, 286223497}) = 0
17046 clock_gettime(CLOCK_REALTIME, {1465918804, 70226042}) = 0
17046 select(0, NULL, NULL, NULL, {0, 20}) = 0 (Timeout)
17046 clock_gettime(CLOCK_MONOTONIC, {4938, 286339447}) = 0
17046 clock_gettime(CLOCK_REALTIME, {1465918804, 70342082}) = 0
17046 select(0, NULL, NULL, NULL, {0, 20}) = 0 (Timeout)
17046 clock_gettime(CLOCK_MONOTONIC, {4938, 286452069}) = 0
17046 clock_gettime(CLOCK_REALTIME, {1465918804, 70454653}) = 0
17046 select(0, NULL, NULL, NULL, {0, 20}) = 0 (Timeout)
17046 clock_gettime(CLOCK_MONOTONIC, {4938, 286565452}) = 0
17046 clock_gettime(CLOCK_REALTIME, {1465918804, 70568027}) = 0
17046 select(0, NULL, NULL, NULL, {0, 20}) = 0 (Timeout)
17046 clock_gettime(CLOCK_MONOTONIC, {4938, 286677965}) = 0
17046 clock_gettime(CLOCK_REALTIME, {1465918804, 70680548}) = 0
17046 select(0, NULL, NULL, NULL, {0, 20}) = 0 (Timeout)
17046 clock_gettime(CLOCK_MONOTONIC, {4938, 286790542}) = 0
17046 clock_gettime(CLOCK_REALTIME, {1465918804, 70793005}) = 0
17046 select(0, NULL, NULL, NULL, {0, 20}) = 0 (Timeout)
17046 clock_gettime(CLOCK_MONOTONIC, {4938, 286904082}) = 0
17046 clock_gettime(CLOCK_REALTIME, {1465918804, 70906758}) = 0
17046 select(0, NULL, NULL, NULL, {0, 20}) = 0 (Timeout)
17046 clock_gettime(CLOCK_MONOTONIC, {4938, 287019038}) = 0
17046 clock_gettime(CLOCK_REALTIME, {1465918804, 71021669}) = 0
17046 select(0, NULL, NULL, NULL, {0, 20}) = 0 (Timeout)
17046 clock_gettime(CLOCK_MONOTONIC, {4938, 287131964}) = 0
17046 clock_gettime(CLOCK_REALTIME, {1465918804, 71134537}) = 0
17046 select(0, NULL, NULL, NULL, {0, 20}) = 0 (Timeout)
17046 clock_gettime(CLOCK_MONOTONIC, {4938, 287244682}) = 0
17046 clock_gettime(CLOCK_REALTIME, {1465918804, 71247279}) = 0
17046 select(0, NULL, NULL, NULL, {0, 20}) = 0 (Timeout)
17046 clock_gettime(CLOCK_MONOTONIC, {4938, 287357215}) = 0
17046 clock_gettime(CLOCK_REALTIME, {1465918804, 71359681}) = 0
17046 select(0, NULL, NULL, NULL, {0, 20}) = 0 (Timeout)
17046 clock_gettime(CLOCK_MONOTONIC, {4938, 287469479}) = 0
17046 clock_gettime(CLOCK_REALTIME, {1465918804, 71471944}) = 0
17046 select(0, NULL, NULL, NULL, {0, 20}) = 0 (Timeout)
17046 clock_gettime(CLOCK_MONOTONIC, {4938, 287581975}) = 0
17046 clock_gettime(CLOCK_REALTIME, {1465918804, 71584363}) = 0
17046 select(0, NULL, NULL, NULL, {0, 40}) = 0 (Timeout)
17046 clock_gettime(CLOCK_MONOTONIC, {4938, 287720674}) = 0
17046 clock_gettime(CLOCK_REALTIME, {1465918804, 71723528}) = 0
17046 select(0, NULL, NULL, NULL, {0, 80}) = 0 (Timeout)
17046 clock_gettime(CLOCK_MONOTONIC, {4938, 287895680}) = 0
17046 clock_gettime(CLOCK_REALTIME, {1465918804, 71898472}) = 0
17046 select(0, NULL, NULL, NULL, {0, 160}) = 0 (Timeout)
17046 clock_gettime(CLOCK_MONOTONIC, {4938, 288155402}) = 0
17046 clock_gettime(CLOCK_REALTIME, {1465918804, 72158195}) = 0
17046 select(0, NULL, NULL, NULL, {0, 320}) = 0 (Timeout)
17046 clock_gettime(CLOCK_MONOTONIC, {4938, 288573335}) = 0
17046 clock_gettime(CLOCK_REALTIME, {1465918804, 72576211}) = 0
17046 select(0, NULL, NULL, NULL, {0, 640}) = 0 (Timeout)
17046 clock_gettime(CLOCK_MONOTONIC, {4938, 289330653}) = 0
17046 clock_gettime(CLOCK_REALTIME, {1465918804, 73333697}) = 0
17046 select(0, NULL, NULL, NULL, {0, 1280}) = 0 (Timeout)
17046 clock_gettime(CLOCK_MONOTONIC, {4938, 290733508}) = 0
17046 clock_gettime(CLOCK_REALTIME, {1465918804, 74739193}) = 0
17046 select(0, NULL, NULL, NULL, {0, 2560}) = 0 (Timeout)
17046 clock_gettime(CLOCK_MONOTONIC, {4938, 293421514}) = 0
17046 clock_gettime(CLOCK_REALTIME, {1465918804, 77427223}) = 0
17046 select(0, NULL, NULL, NULL, {0, 20}) = 0 (Timeout)
17046 clock_gettime(CLOCK_MONOTONIC, {4938, 293551923}) = 0
17046 futex(0x21ee760, FUTEX_WAIT, 0, {60, 0} <unfinished ...>
17047 <... read resumed> "\20", 32768)  = 1
17047 futex(0x21ee760, FUTEX_WAKE, 1)   = 1
17046 <... futex resumed> )             = 0
17047 write(7, "\20", 1)                = 1
17046 clock_gettime(CLOCK_MONOTONIC,  <unfinished ...>
17047 read(0,  <unfinished ...>
17046 <... clock_gettime resumed> {4938, 369441185}) = 0
17046 clock_gettime(CLOCK_REALTIME, {1465918804, 153457217}) = 0
17046 select(0, NULL, NULL, NULL, {0, 20}) = 0 (Timeout)
17046 clock_gettime(CLOCK_MONOTONIC, {4938, 369612918}) = 0
17046 clock_gettime(CLOCK_REALTIME, {1465918804, 153626338}) = 0
17046 select(0, NULL, NULL, NULL, {0, 20}) = 0 (Timeout)
17046 clock_gettime(CLOCK_MONOTONIC, {4938, 369906806}) = 0
17046 clock_gettime(CLOCK_REALTIME, {1465918804, 153919988}) = 0
17046 select(0, NULL, NULL, NULL, {0, 20}) = 0 (Timeout)
17046 clock_gettime(CLOCK_MONOTONIC, {4938, 370055088}) = 0
17046 clock_gettime(CLOCK_REALTIME, {1465918804, 154069437}) = 0
17046 select(0, NULL, NULL, NULL, {0, 20}) = 0 (Timeout)
17046 clock_gettime(CLOCK_MONOTONIC, {4938, 370209120}) = 0
17046 clock_gettime(CLOCK_REALTIME, {1465918804, 154221091}) = 0
17046 select(0, NULL, NULL, NULL, {0, 20}) = 0 (Timeout)
17046 clock_gettime(CLOCK_MONOTONIC, {4938, 370361142}) = 0
17046 clock_gettime(CLOCK_REALTIME, {1465918804, 154373483}) = 0
17046 select(0, NULL, NULL, NULL, {0, 20}) = 0 (Timeout)
17046 clock_gettime(CLOCK_MONOTONIC, {4938, 370612596}) = 0
17046 clock_gettime(CLOCK_REALTIME, {1465918804, 154625663}) = 0
17046 select(0, NULL, NULL, NULL, {0, 20}) = 0 (Timeout)
17046 clock_gettime(CLOCK_MONOTONIC, {4938, 370764486}) = 0
17046 clock_gettime(CLOCK_REALTIME, {1465918804, 154777008}) = 0
17046 select(0, NULL, NULL, NULL, {0, 20}) = 0 (Timeout)
17046 clock_gettime(CLOCK_MONOTONIC, {4938, 370952295}) = 0
17046 clock_gettime(CLOCK_REALTIME, {1465918804, 154964838}) = 0
17046 select(0, NULL, NULL, NULL, {0, 20}) = 0 (Timeout)
17046 clock_gettime(CLOCK_MONOTONIC, {4938, 371116351}) = 0
17046 clock_gettime(CLOCK_REALTIME, {1465918804, 155128532}) = 0
17046 select(0, NULL, NULL, NULL, {0, 20}) = 0 (Timeout)
17046 clock_gettime(CLOCK_MONOTONIC, {4938, 371269117}) = 0
17046 clock_gettime(CLOCK_REALTIME, {1465918804, 155280936}) = 0
17046 select(0, NULL, NULL, NULL, {0, 20}) = 0 (Timeout)
17046 clock_gettime(CLOCK_MONOTONIC, {4938, 371419361}) = 0
17046 clock_gettime(CLOCK_REALTIME, {1465918804, 155430961}) = 0
17046 select(0, NULL, NULL, NULL, {0, 20}) = 0 (Timeout)
17046 clock_gettime(CLOCK_MONOTONIC, {4938, 371563420}) = 0
17046 clock_gettime(CLOCK_REALTIME, {1465918804, 155574731}) = 0
17046 select(0, NULL, NULL, NULL, {0, 20}) = 0 (Timeout)
17046 clock_gettime(CLOCK_MONOTONIC, {4938, 371706151}) = 0
17046 clock_gettime(CLOCK_REALTIME, {1465918804, 155717325}) = 0
17046 select(0, NULL, NULL, NULL, {0, 20}) = 0 (Timeout)
17046 clock_gettime(CLOCK_MONOTONIC, {4938, 371890152}) = 0
17046 clock_gettime(CLOCK_REALTIME, {1465918804, 155910471}) = 0
17046 select(0, NULL, NULL, NULL, {0, 20}) = 0 (Timeout)
17046 clock_gettime(CLOCK_MONOTONIC, {4938, 372045316}) = 0
17046 clock_gettime(CLOCK_REALTIME, {1465918804, 156054787}) = 0
17046 select(0, NULL, NULL, NULL, {0, 20}) = 0 (Timeout)
17046 clock_gettime(CLOCK_MONOTONIC, {4938, 372183020}) = 0
17046 clock_gettime(CLOCK_REALTIME, {1465918804, 156192192}) = 0
17046 select(0, NULL, NULL, NULL, {0, 20}) = 0 (Timeout)
17046 clock_gettime(CLOCK_MONOTONIC, {4938, 372319722}) = 0
17046 clock_gettime(CLOCK_REALTIME, {1465918804, 156328813}) = 0
17046 select(0, NULL, NULL, NULL, {0, 20}) = 0 (Timeout)
17046 clock_gettime(CLOCK_MONOTONIC, {4938, 372465421}) = 0
17046 clock_gettime(CLOCK_REALTIME, {1465918804, 156474909}) = 0
17046 select(0, NULL, NULL, NULL, {0, 20}) = 0 (Timeout)
17046 clock_gettime(CLOCK_MONOTONIC, {4938, 372602984}) = 0
17046 clock_gettime(CLOCK_REALTIME, {1465918804, 156611852}) = 0
17046 select(0, NULL, NULL, NULL, {0, 20}) = 0 (Timeout)
17046 clock_gettime(CLOCK_MONOTONIC, {4938, 372739063}) = 0
17046 clock_gettime(CLOCK_REALTIME, {1465918804, 156748139}) = 0
17046 select(0, NULL, NULL, NULL, {0, 20}) = 0 (Timeout)
17046 clock_gettime(CLOCK_MONOTONIC, {4938, 372877193}) = 0
17046 clock_gettime(CLOCK_REALTIME, {1465918804, 156886458}) = 0
17046 select(0, NULL, NULL, NULL, {0, 20}) = 0 (Timeout)
17046 clock_gettime(CLOCK_MONOTONIC, {4938, 373026067}) = 0
17046 clock_gettime(CLOCK_REALTIME, {1465918804, 157035406}) = 0
17046 select(0, NULL, NULL, NULL, {0, 20}) = 0 (Timeout)
17046 clock_gettime(CLOCK_MONOTONIC, {4938, 373163346}) = 0
17046 clock_gettime(CLOCK_REALTIME, {1465918804, 157172464}) = 0
17046 select(0, NULL, NULL, NULL, {0, 20}) = 0 (Timeout)
17046 clock_gettime(CLOCK_MONOTONIC, {4938, 373307775}) = 0
17046 clock_gettime(CLOCK_REALTIME, {1465918804, 157316851}) = 0
17046 select(0, NULL, NULL, NULL, {0, 20}) = 0 (Timeout)
17046 clock_gettime(CLOCK_MONOTONIC, {4938, 373444484}) = 0
17046 clock_gettime(CLOCK_REALTIME, {1465918804, 157453603}) = 0
17046 select(0, NULL, NULL, NULL, {0, 20}) = 0 (Timeout)
17046 clock_gettime(CLOCK_MONOTONIC, {4938, 373581079}) = 0
17046 clock_gettime(CLOCK_REALTIME, {1465918804, 157590128}) = 0
17046 select(0, NULL, NULL, NULL, {0, 20}) = 0 (Timeout)
17046 clock_gettime(CLOCK_MONOTONIC, {4938, 373717532}) = 0
17046 clock_gettime(CLOCK_REALTIME, {1465918804, 157726464}) = 0
17046 select(0, NULL, NULL, NULL, {0, 20}) = 0 (Timeout)
17046 clock_gettime(CLOCK_MONOTONIC, {4938, 373860012}) = 0
17046 clock_gettime(CLOCK_REALTIME, {1465918804, 157869387}) = 0
17046 select(0, NULL, NULL, NULL, {0, 20}) = 0 (Timeout)
17046 clock_gettime(CLOCK_MONOTONIC, {4938, 373997287}) = 0
17046 clock_gettime(CLOCK_REALTIME, {1465918804, 158018243}) = 0
17046 select(0, NULL, NULL, NULL, {0, 20}) = 0 (Timeout)
17046 clock_gettime(CLOCK_MONOTONIC, {4938, 374146861}) = 0
17046 clock_gettime(CLOCK_REALTIME, {1465918804, 158155889}) = 0
17046 select(0, NULL, NULL, NULL, {0, 20}) = 0 (Timeout)
17046 clock_gettime(CLOCK_MONOTONIC, {4938, 374283415}) = 0
17046 clock_gettime(CLOCK_REALTIME, {1465918804, 158292248}) = 0
17046 select(0, NULL, NULL, NULL, {0, 20}) = 0 (Timeout)
17046 clock_gettime(CLOCK_MONOTONIC, {4938, 374419596}) = 0
17046 clock_gettime(CLOCK_REALTIME, {1465918804, 158428567}) = 0
17046 select(0, NULL, NULL, NULL, {0, 20}) = 0 (Timeout)
17046 clock_gettime(CLOCK_MONOTONIC, {4938, 374555674}) = 0
17046 clock_gettime(CLOCK_REALTIME, {1465918804, 158564708}) = 0
17046 select(0, NULL, NULL, NULL, {0, 20}) = 0 (Timeout)
17046 clock_gettime(CLOCK_MONOTONIC, {4938, 374692400}) = 0
17046 clock_gettime(CLOCK_REALTIME, {1465918804, 158701357}) = 0
17046 select(0, NULL, NULL, NULL, {0, 20}) = 0 (Timeout)
17046 clock_gettime(CLOCK_MONOTONIC, {4938, 374828467}) = 0
17046 clock_gettime(CLOCK_REALTIME, {1465918804, 158843503}) = 0
17046 select(0, NULL, NULL, NULL, {0, 20}) = 0 (Timeout)
17046 clock_gettime(CLOCK_MONOTONIC, {4938, 374972645}) = 0
17046 clock_gettime(CLOCK_REALTIME, {1465918804, 158981574}) = 0
17046 select(0, NULL, NULL, NULL, {0, 20}) = 0 (Timeout)
17046 clock_gettime(CLOCK_MONOTONIC, {4938, 375128734}) = 0
17046 clock_gettime(CLOCK_REALTIME, {1465918804, 159137924}) = 0
17046 select(0, NULL, NULL, NULL, {0, 20}) = 0 (Timeout)
17046 clock_gettime(CLOCK_MONOTONIC, {4938, 375265322}) = 0
17046 clock_gettime(CLOCK_REALTIME, {1465918804, 159274190}) = 0
17046 select(0, NULL, NULL, NULL, {0, 20}) = 0 (Timeout)
17046 clock_gettime(CLOCK_MONOTONIC, {4938, 375401735}) = 0
17046 clock_gettime(CLOCK_REALTIME, {1465918804, 159410573}) = 0
17046 select(0, NULL, NULL, NULL, {0, 20}) = 0 (Timeout)
17046 clock_gettime(CLOCK_MONOTONIC, {4938, 375537721}) = 0
17046 clock_gettime(CLOCK_REALTIME, {1465918804, 159546650}) = 0
17046 select(0, NULL, NULL, NULL, {0, 20}) = 0 (Timeout)
17046 clock_gettime(CLOCK_MONOTONIC, {4938, 375673679}) = 0
17046 clock_gettime(CLOCK_REALTIME, {1465918804, 159682738}) = 0
17046 select(0, NULL, NULL, NULL, {0, 20}) = 0 (Timeout)
17046 clock_gettime(CLOCK_MONOTONIC, {4938, 375809459}) = 0
17046 clock_gettime(CLOCK_REALTIME, {1465918804, 159818457}) = 0
17046 select(0, NULL, NULL, NULL, {0, 20}) = 0 (Timeout)
17046 clock_gettime(CLOCK_MONOTONIC, {4938, 375952502}) = 0
17046 clock_gettime(CLOCK_REALTIME, {1465918804, 159961527}) = 0
17046 select(0, NULL, NULL, NULL, {0, 20}) = 0 (Timeout)
17046 clock_gettime(CLOCK_MONOTONIC, {4938, 376091678}) = 0
17046 clock_gettime(CLOCK_REALTIME, {1465918804, 160100796}) = 0
17046 select(0, NULL, NULL, NULL, {0, 20}) = 0 (Timeout)
17046 clock_gettime(CLOCK_MONOTONIC, {4938, 376228426}) = 0
17046 clock_gettime(CLOCK_REALTIME, {1465918804, 160237542}) = 0
17046 select(0, NULL, NULL, NULL, {0, 20}) = 0 (Timeout)
17046 clock_gettime(CLOCK_MONOTONIC, {4938, 376368544}) = 0
17046 clock_gettime(CLOCK_REALTIME, {1465918804, 160378666}) = 0
17046 select(0, NULL, NULL, NULL, {0, 20}) = 0 (Timeout)
17046 clock_gettime(CLOCK_MONOTONIC, {4938, 376506140}) = 0
17046 clock_gettime(CLOCK_REALTIME, {1465918804, 160515054}) = 0
17046 select(0, NULL, NULL, NULL, {0, 20}) = 0 (Timeout)
17046 clock_gettime(CLOCK_MONOTONIC, {4938, 376642597}) = 0
17046 clock_gettime(CLOCK_REALTIME, {1465918804, 160651575}) = 0
17046 select(0, NULL, NULL, NULL, {0, 20}) = 0 (Timeout)
17046 clock_gettime(CLOCK_MONOTONIC, {4938, 376778407}) = 0
17046 clock_gettime(CLOCK_REALTIME, {1465918804, 160787264}) = 0
17046 select(0, NULL, NULL, NULL, {0, 20}) = 0 (Timeout)
17046 clock_gettime(CLOCK_MONOTONIC, {4938, 376920355}) = 0
17046 clock_gettime(CLOCK_REALTIME, {1465918804, 160929421}) = 0
17046 select(0, NULL, NULL, NULL, {0, 40}) = 0 (Timeout)
17046 clock_gettime(CLOCK_MONOTONIC, {4938, 377089448}) = 0
17046 clock_gettime(CLOCK_REALTIME, {1465918804, 161098824}) = 0
17046 select(0, NULL, NULL, NULL, {0, 80}) = 0 (Timeout)
17046 clock_gettime(CLOCK_MONOTONIC, {4938, 377286892}) = 0
17046 clock_gettime(CLOCK_REALTIME, {1465918804, 161295770}) = 0
17046 select(0, NULL, NULL, NULL, {0, 160}) = 0 (Timeout)
17046 clock_gettime(CLOCK_MONOTONIC, {4938, 377571499}) = 0
17046 clock_gettime(CLOCK_REALTIME, {1465918804, 161580904}) = 0
17046 select(0, NULL, NULL, NULL, {0, 320}) = 0 (Timeout)
17046 clock_gettime(CLOCK_MONOTONIC, {4938, 378027766}) = 0
17046 clock_gettime(CLOCK_REALTIME, {1465918804, 162037657}) = 0
17046 select(0, NULL, NULL, NULL, {0, 640}) = 0 (Timeout)
17046 clock_gettime(CLOCK_MONOTONIC, {4938, 378810346}) = 0
17046 clock_gettime(CLOCK_REALTIME, {1465918804, 162819765}) = 0
17046 select(0, NULL, NULL, NULL, {0, 1280}) = 0 (Timeout)
17046 clock_gettime(CLOCK_MONOTONIC, {4938, 380245833}) = 0
17046 clock_gettime(CLOCK_REALTIME, {1465918804, 164250072}) = 0
17046 select(0, NULL, NULL, NULL, {0, 20}) = 0 (Timeout)
17046 clock_gettime(CLOCK_MONOTONIC, {4938, 380372201}) = 0
17046 futex(0x21ee760, FUTEX_WAIT, 0, {60, 0} <unfinished ...>
17047 <... read resumed> "\1", 32768)   = 1
17047 futex(0x21ee760, FUTEX_WAKE, 1)   = 1
17046 <... futex resumed> )             = 0
17047 write(7, "\1", 1 <unfinished ...>
17046 clock_gettime(CLOCK_MONOTONIC,  <unfinished ...>
17047 <... write resumed> )             = 1
17046 <... clock_gettime resumed> {4939, 120551355}) = 0
17047 read(0,  <unfinished ...>
17046 clock_gettime(CLOCK_REALTIME, {1465918804, 904574103}) = 0
17046 select(0, NULL, NULL, NULL, {0, 20}) = 0 (Timeout)
17046 clock_gettime(CLOCK_MONOTONIC, {4939, 120702952}) = 0
17046 clock_gettime(CLOCK_REALTIME, {1465918804, 904708258}) = 0
17046 select(0, NULL, NULL, NULL, {0, 20}) = 0 (Timeout)
17046 clock_gettime(CLOCK_MONOTONIC, {4939, 120835270}) = 0
17046 clock_gettime(CLOCK_REALTIME, {1465918804, 904849658}) = 0
17046 select(0, NULL, NULL, NULL, {0, 20}) = 0 (Timeout)
17046 clock_gettime(CLOCK_MONOTONIC, {4939, 120976217}) = 0
17046 clock_gettime(CLOCK_REALTIME, {1465918804, 904978825}) = 0
17046 select(0, NULL, NULL, NULL, {0, 20}) = 0 (Timeout)
17046 clock_gettime(CLOCK_MONOTONIC, {4939, 121103492}) = 0
17046 clock_gettime(CLOCK_REALTIME, {1465918804, 905105679}) = 0
17046 select(0, NULL, NULL, NULL, {0, 20}) = 0 (Timeout)
17046 clock_gettime(CLOCK_MONOTONIC, {4939, 121219475}) = 0
17046 clock_gettime(CLOCK_REALTIME, {1465918804, 905221448}) = 0
17046 select(0, NULL, NULL, NULL, {0, 20}) = 0 (Timeout)
17046 clock_gettime(CLOCK_MONOTONIC, {4939, 121334851}) = 0
17046 clock_gettime(CLOCK_REALTIME, {1465918804, 905336823}) = 0
17046 select(0, NULL, NULL, NULL, {0, 20}) = 0 (Timeout)
17046 clock_gettime(CLOCK_MONOTONIC, {4939, 121445834}) = 0
17046 clock_gettime(CLOCK_REALTIME, {1465918804, 905447610}) = 0
17046 select(0, NULL, NULL, NULL, {0, 20}) = 0 (Timeout)
17046 clock_gettime(CLOCK_MONOTONIC, {4939, 121556181}) = 0
17046 clock_gettime(CLOCK_REALTIME, {1465918804, 905557844}) = 0
17046 select(0, NULL, NULL, NULL, {0, 20}) = 0 (Timeout)
17046 clock_gettime(CLOCK_MONOTONIC, {4939, 121666131}) = 0
17046 clock_gettime(CLOCK_REALTIME, {1465918804, 905674053}) = 0
17046 select(0, NULL, NULL, NULL, {0, 20}) = 0 (Timeout)
17046 clock_gettime(CLOCK_MONOTONIC, {4939, 121783843}) = 0
17046 clock_gettime(CLOCK_REALTIME, {1465918804, 905785647}) = 0
17046 select(0, NULL, NULL, NULL, {0, 20}) = 0 (Timeout)
17046 clock_gettime(CLOCK_MONOTONIC, {4939, 121897353}) = 0
17046 clock_gettime(CLOCK_REALTIME, {1465918804, 905898944}) = 0
17046 select(0, NULL, NULL, NULL, {0, 20}) = 0 (Timeout)
17046 clock_gettime(CLOCK_MONOTONIC, {4939, 122014816}) = 0
17046 clock_gettime(CLOCK_REALTIME, {1465918804, 906016657}) = 0
17046 select(0, NULL, NULL, NULL, {0, 20}) = 0 (Timeout)
17046 clock_gettime(CLOCK_MONOTONIC, {4939, 122124669}) = 0
17046 clock_gettime(CLOCK_REALTIME, {1465918804, 906126173}) = 0
17046 select(0, NULL, NULL, NULL, {0, 20}) = 0 (Timeout)
17046 clock_gettime(CLOCK_MONOTONIC, {4939, 122233809}) = 0
17046 clock_gettime(CLOCK_REALTIME, {1465918804, 906235204}) = 0
17046 select(0, NULL, NULL, NULL, {0, 20}) = 0 (Timeout)
17046 clock_gettime(CLOCK_MONOTONIC, {4939, 122342568}) = 0
17046 clock_gettime(CLOCK_REALTIME, {1465918804, 906343897}) = 0
17046 select(0, NULL, NULL, NULL, {0, 20}) = 0 (Timeout)
17046 clock_gettime(CLOCK_MONOTONIC, {4939, 122451099}) = 0
17046 clock_gettime(CLOCK_REALTIME, {1465918804, 906452460}) = 0
17046 select(0, NULL, NULL, NULL, {0, 20}) = 0 (Timeout)
17046 clock_gettime(CLOCK_MONOTONIC, {4939, 122559906}) = 0
17046 clock_gettime(CLOCK_REALTIME, {1465918804, 906561312}) = 0
17046 select(0, NULL, NULL, NULL, {0, 20}) = 0 (Timeout)
17046 clock_gettime(CLOCK_MONOTONIC, {4939, 122668754}) = 0
17046 clock_gettime(CLOCK_REALTIME, {1465918804, 906670225}) = 0
17046 select(0, NULL, NULL, NULL, {0, 20}) = 0 (Timeout)
17046 clock_gettime(CLOCK_MONOTONIC, {4939, 122777555}) = 0
17046 clock_gettime(CLOCK_REALTIME, {1465918804, 906778931}) = 0
17046 select(0, NULL, NULL, NULL, {0, 20}) = 0 (Timeout)
17046 clock_gettime(CLOCK_MONOTONIC, {4939, 122887340}) = 0
17046 clock_gettime(CLOCK_REALTIME, {1465918804, 906888811}) = 0
17046 select(0, NULL, NULL, NULL, {0, 20}) = 0 (Timeout)
17046 clock_gettime(CLOCK_MONOTONIC, {4939, 122957770}) = 0
17046 clock_gettime(CLOCK_REALTIME, {1465918804, 906959393}) = 0
17046 select(0, NULL, NULL, NULL, {0, 20}) = 0 (Timeout)
17046 clock_gettime(CLOCK_MONOTONIC, {4939, 123070771}) = 0
17046 clock_gettime(CLOCK_REALTIME, {1465918804, 907072267}) = 0
17046 select(0, NULL, NULL, NULL, {0, 20}) = 0 (Timeout)
17046 clock_gettime(CLOCK_MONOTONIC, {4939, 123181640}) = 0
17046 clock_gettime(CLOCK_REALTIME, {1465918804, 907183090}) = 0
17046 select(0, NULL, NULL, NULL, {0, 20}) = 0 (Timeout)
17046 clock_gettime(CLOCK_MONOTONIC, {4939, 123292111}) = 0
17046 clock_gettime(CLOCK_REALTIME, {1465918804, 907293464}) = 0
17046 select(0, NULL, NULL, NULL, {0, 20}) = 0 (Timeout)
17046 clock_gettime(CLOCK_MONOTONIC, {4939, 123402170}) = 0
17046 clock_gettime(CLOCK_REALTIME, {1465918804, 907403475}) = 0
17046 select(0, NULL, NULL, NULL, {0, 20}) = 0 (Timeout)
17046 clock_gettime(CLOCK_MONOTONIC, {4939, 123512234}) = 0
17046 clock_gettime(CLOCK_REALTIME, {1465918804, 907513558}) = 0
17046 select(0, NULL, NULL, NULL, {0, 20}) = 0 (Timeout)
17046 clock_gettime(CLOCK_MONOTONIC, {4939, 123621893}) = 0
17046 clock_gettime(CLOCK_REALTIME, {1465918804, 907623293}) = 0
17046 select(0, NULL, NULL, NULL, {0, 20}) = 0 (Timeout)
17046 clock_gettime(CLOCK_MONOTONIC, {4939, 123731750}) = 0
17046 clock_gettime(CLOCK_REALTIME, {1465918804, 907733198}) = 0
17046 select(0, NULL, NULL, NULL, {0, 20}) = 0 (Timeout)
17046 clock_gettime(CLOCK_MONOTONIC, {4939, 123855292}) = 0
17046 clock_gettime(CLOCK_REALTIME, {1465918804, 907857961}) = 0
17046 select(0, NULL, NULL, NULL, {0, 20}) = 0 (Timeout)
17046 clock_gettime(CLOCK_MONOTONIC, {4939, 123967469}) = 0
17046 clock_gettime(CLOCK_REALTIME, {1465918804, 907968921}) = 0
17046 select(0, NULL, NULL, NULL, {0, 20}) = 0 (Timeout)
17046 clock_gettime(CLOCK_MONOTONIC, {4939, 124079463}) = 0
17046 clock_gettime(CLOCK_REALTIME, {1465918804, 908080973}) = 0
17046 select(0, NULL, NULL, NULL, {0, 20}) = 0 (Timeout)
17046 clock_gettime(CLOCK_MONOTONIC, {4939, 124192995}) = 0
17046 clock_gettime(CLOCK_REALTIME, {1465918804, 908194457}) = 0
17046 select(0, NULL, NULL, NULL, {0, 20}) = 0 (Timeout)
17046 clock_gettime(CLOCK_MONOTONIC, {4939, 124303113}) = 0
17046 clock_gettime(CLOCK_REALTIME, {1465918804, 908304377}) = 0
17046 select(0, NULL, NULL, NULL, {0, 20}) = 0 (Timeout)
17046 clock_gettime(CLOCK_MONOTONIC, {4939, 124412862}) = 0
17046 clock_gettime(CLOCK_REALTIME, {1465918804, 908414157}) = 0
17046 select(0, NULL, NULL, NULL, {0, 20}) = 0 (Timeout)
17046 clock_gettime(CLOCK_MONOTONIC, {4939, 124522840}) = 0
17046 clock_gettime(CLOCK_REALTIME, {1465918804, 908524084}) = 0
17046 select(0, NULL, NULL, NULL, {0, 20}) = 0 (Timeout)
17046 clock_gettime(CLOCK_MONOTONIC, {4939, 124632733}) = 0
17046 clock_gettime(CLOCK_REALTIME, {1465918804, 908634109}) = 0
17046 select(0, NULL, NULL, NULL, {0, 20}) = 0 (Timeout)
17046 clock_gettime(CLOCK_MONOTONIC, {4939, 124742678}) = 0
17046 clock_gettime(CLOCK_REALTIME, {1465918804, 908743979}) = 0
17046 select(0, NULL, NULL, NULL, {0, 20}) = 0 (Timeout)
17046 clock_gettime(CLOCK_MONOTONIC, {4939, 124856175}) = 0
17046 clock_gettime(CLOCK_REALTIME, {1465918804, 908857463}) = 0
17046 select(0, NULL, NULL, NULL, {0, 20}) = 0 (Timeout)
17046 clock_gettime(CLOCK_MONOTONIC, {4939, 124966681}) = 0
17046 clock_gettime(CLOCK_REALTIME, {1465918804, 908967930}) = 0
17046 select(0, NULL, NULL, NULL, {0, 20}) = 0 (Timeout)
17046 clock_gettime(CLOCK_MONOTONIC, {4939, 125078255}) = 0
17046 clock_gettime(CLOCK_REALTIME, {1465918804, 909079725}) = 0
17046 select(0, NULL, NULL, NULL, {0, 20}) = 0 (Timeout)
17046 clock_gettime(CLOCK_MONOTONIC, {4939, 125188518}) = 0
17046 clock_gettime(CLOCK_REALTIME, {1465918804, 909189849}) = 0
17046 select(0, NULL, NULL, NULL, {0, 20}) = 0 (Timeout)
17046 clock_gettime(CLOCK_MONOTONIC, {4939, 125298549}) = 0
17046 clock_gettime(CLOCK_REALTIME, {1465918804, 909299847}) = 0
17046 select(0, NULL, NULL, NULL, {0, 20}) = 0 (Timeout)
17046 clock_gettime(CLOCK_MONOTONIC, {4939, 125408550}) = 0
17046 clock_gettime(CLOCK_REALTIME, {1465918804, 909409826}) = 0
17046 select(0, NULL, NULL, NULL, {0, 20}) = 0 (Timeout)
17046 clock_gettime(CLOCK_MONOTONIC, {4939, 125518548}) = 0
17046 clock_gettime(CLOCK_REALTIME, {1465918804, 909519901}) = 0
17046 select(0, NULL, NULL, NULL, {0, 20}) = 0 (Timeout)
17046 clock_gettime(CLOCK_MONOTONIC, {4939, 125628500}) = 0
17046 clock_gettime(CLOCK_REALTIME, {1465918804, 909629674}) = 0
17046 select(0, NULL, NULL, NULL, {0, 20}) = 0 (Timeout)
17046 clock_gettime(CLOCK_MONOTONIC, {4939, 125751973}) = 0
17046 clock_gettime(CLOCK_REALTIME, {1465918804, 909753755}) = 0
17046 select(0, NULL, NULL, NULL, {0, 20}) = 0 (Timeout)
17046 clock_gettime(CLOCK_MONOTONIC, {4939, 125871869}) = 0
17046 clock_gettime(CLOCK_REALTIME, {1465918804, 909873372}) = 0
17046 select(0, NULL, NULL, NULL, {0, 20}) = 0 (Timeout)
17046 clock_gettime(CLOCK_MONOTONIC, {4939, 125982496}) = 0
17046 clock_gettime(CLOCK_REALTIME, {1465918804, 909983818}) = 0
17046 select(0, NULL, NULL, NULL, {0, 20}) = 0 (Timeout)
17046 clock_gettime(CLOCK_MONOTONIC, {4939, 126100880}) = 0
17046 clock_gettime(CLOCK_REALTIME, {1465918804, 910102163}) = 0
17046 select(0, NULL, NULL, NULL, {0, 20}) = 0 (Timeout)
17046 clock_gettime(CLOCK_MONOTONIC, {4939, 126210919}) = 0
17046 clock_gettime(CLOCK_REALTIME, {1465918804, 910212341}) = 0
17046 select(0, NULL, NULL, NULL, {0, 40}) = 0 (Timeout)
17046 clock_gettime(CLOCK_MONOTONIC, {4939, 126346559}) = 0
17046 clock_gettime(CLOCK_REALTIME, {1465918804, 910348124}) = 0
17046 select(0, NULL, NULL, NULL, {0, 80}) = 0 (Timeout)
17046 clock_gettime(CLOCK_MONOTONIC, {4939, 126517311}) = 0
17046 clock_gettime(CLOCK_REALTIME, {1465918804, 910518708}) = 0
17046 select(0, NULL, NULL, NULL, {0, 160}) = 0 (Timeout)
17046 clock_gettime(CLOCK_MONOTONIC, {4939, 126772423}) = 0
17046 clock_gettime(CLOCK_REALTIME, {1465918804, 910774208}) = 0
17046 select(0, NULL, NULL, NULL, {0, 320}) = 0 (Timeout)
17046 clock_gettime(CLOCK_MONOTONIC, {4939, 127190531}) = 0
17046 clock_gettime(CLOCK_REALTIME, {1465918804, 911194717}) = 0
17046 select(0, NULL, NULL, NULL, {0, 640}) = 0 (Timeout)
17046 clock_gettime(CLOCK_MONOTONIC, {4939, 127930564}) = 0
17046 clock_gettime(CLOCK_REALTIME, {1465918804, 911932072}) = 0
17046 select(0, NULL, NULL, NULL, {0, 1280}) = 0 (Timeout)
17046 clock_gettime(CLOCK_MONOTONIC, {4939, 129343457}) = 0
17046 clock_gettime(CLOCK_REALTIME, {1465918804, 913347975}) = 0
17046 select(0, NULL, NULL, NULL, {0, 2560}) = 0 (Timeout)
17046 clock_gettime(CLOCK_MONOTONIC, {4939, 132135038}) = 0
17046 clock_gettime(CLOCK_REALTIME, {1465918804, 916145664}) = 0
17046 select(0, NULL, NULL, NULL, {0, 20}) = 0 (Timeout)
17046 clock_gettime(CLOCK_MONOTONIC, {4939, 132285319}) = 0
17046 futex(0x21ee760, FUTEX_WAIT, 0, {60, 0} <unfinished ...>
17047 <... read resumed> "\16", 32768)  = 1
17047 futex(0x21ee760, FUTEX_WAKE, 1)   = 1
17046 <... futex resumed> )             = 0
17047 write(7, "\16", 1 <unfinished ...>
17046 clock_gettime(CLOCK_MONOTONIC,  <unfinished ...>
17047 <... write resumed> )             = 1
17046 <... clock_gettime resumed> {4939, 216677947}) = 0
17047 read(0,  <unfinished ...>
17046 clock_gettime(CLOCK_REALTIME, {1465918805, 697983}) = 0
17046 select(0, NULL, NULL, NULL, {0, 20}) = 0 (Timeout)
17046 clock_gettime(CLOCK_MONOTONIC, {4939, 216820551}) = 0
17046 clock_gettime(CLOCK_REALTIME, {1465918805, 822546}) = 0
17046 select(0, NULL, NULL, NULL, {0, 20}) = 0 (Timeout)
17046 clock_gettime(CLOCK_MONOTONIC, {4939, 216961857}) = 0
17046 clock_gettime(CLOCK_REALTIME, {1465918805, 963480}) = 0
17046 select(0, NULL, NULL, NULL, {0, 20}) = 0 (Timeout)
17046 clock_gettime(CLOCK_MONOTONIC, {4939, 217081029}) = 0
17046 clock_gettime(CLOCK_REALTIME, {1465918805, 1083038}) = 0
17046 select(0, NULL, NULL, NULL, {0, 20}) = 0 (Timeout)
17046 clock_gettime(CLOCK_MONOTONIC, {4939, 217195948}) = 0
17046 clock_gettime(CLOCK_REALTIME, {1465918805, 1197643}) = 0
17046 select(0, NULL, NULL, NULL, {0, 20}) = 0 (Timeout)
17046 clock_gettime(CLOCK_MONOTONIC, {4939, 217314675}) = 0
17046 clock_gettime(CLOCK_REALTIME, {1465918805, 1316153}) = 0
17046 select(0, NULL, NULL, NULL, {0, 20}) = 0 (Timeout)
17046 clock_gettime(CLOCK_MONOTONIC, {4939, 217424179}) = 0
17046 clock_gettime(CLOCK_REALTIME, {1465918805, 1425537}) = 0
17046 select(0, NULL, NULL, NULL, {0, 20}) = 0 (Timeout)
17046 clock_gettime(CLOCK_MONOTONIC, {4939, 217533023}) = 0
17046 clock_gettime(CLOCK_REALTIME, {1465918805, 1534401}) = 0
17046 select(0, NULL, NULL, NULL, {0, 20}) = 0 (Timeout)
17046 clock_gettime(CLOCK_MONOTONIC, {4939, 217645411}) = 0
17046 clock_gettime(CLOCK_REALTIME, {1465918805, 1646972}) = 0
17046 select(0, NULL, NULL, NULL, {0, 20}) = 0 (Timeout)
17046 clock_gettime(CLOCK_MONOTONIC, {4939, 217756039}) = 0
17046 clock_gettime(CLOCK_REALTIME, {1465918805, 1757442}) = 0
17046 select(0, NULL, NULL, NULL, {0, 20}) = 0 (Timeout)
17046 clock_gettime(CLOCK_MONOTONIC, {4939, 217867991}) = 0
17046 clock_gettime(CLOCK_REALTIME, {1465918805, 1869405}) = 0
17046 select(0, NULL, NULL, NULL, {0, 20}) = 0 (Timeout)
17046 clock_gettime(CLOCK_MONOTONIC, {4939, 217978448}) = 0
17046 clock_gettime(CLOCK_REALTIME, {1465918805, 1979886}) = 0
17046 select(0, NULL, NULL, NULL, {0, 20}) = 0 (Timeout)
17046 clock_gettime(CLOCK_MONOTONIC, {4939, 218096990}) = 0
17046 clock_gettime(CLOCK_REALTIME, {1465918805, 2098475}) = 0
17046 select(0, NULL, NULL, NULL, {0, 20}) = 0 (Timeout)
17046 clock_gettime(CLOCK_MONOTONIC, {4939, 218207498}) = 0
17046 clock_gettime(CLOCK_REALTIME, {1465918805, 2208925}) = 0
17046 select(0, NULL, NULL, NULL, {0, 20}) = 0 (Timeout)
17046 clock_gettime(CLOCK_MONOTONIC, {4939, 218317381}) = 0
17046 clock_gettime(CLOCK_REALTIME, {1465918805, 2318690}) = 0
17046 select(0, NULL, NULL, NULL, {0, 20}) = 0 (Timeout)
17046 clock_gettime(CLOCK_MONOTONIC, {4939, 218427289}) = 0
17046 clock_gettime(CLOCK_REALTIME, {1465918805, 2428740}) = 0
17046 select(0, NULL, NULL, NULL, {0, 20}) = 0 (Timeout)
17046 clock_gettime(CLOCK_MONOTONIC, {4939, 218537482}) = 0
17046 clock_gettime(CLOCK_REALTIME, {1465918805, 2538828}) = 0
17046 select(0, NULL, NULL, NULL, {0, 20}) = 0 (Timeout)
17046 clock_gettime(CLOCK_MONOTONIC, {4939, 218654777}) = 0
17046 clock_gettime(CLOCK_REALTIME, {1465918805, 2656097}) = 0
17046 select(0, NULL, NULL, NULL, {0, 20}) = 0 (Timeout)
17046 clock_gettime(CLOCK_MONOTONIC, {4939, 218764665}) = 0
17046 clock_gettime(CLOCK_REALTIME, {1465918805, 2766033}) = 0
17046 select(0, NULL, NULL, NULL, {0, 20}) = 0 (Timeout)
17046 clock_gettime(CLOCK_MONOTONIC, {4939, 218876247}) = 0
17046 clock_gettime(CLOCK_REALTIME, {1465918805, 2879730}) = 0
17046 select(0, NULL, NULL, NULL, {0, 20}) = 0 (Timeout)
17046 clock_gettime(CLOCK_MONOTONIC, {4939, 218989444}) = 0
17046 clock_gettime(CLOCK_REALTIME, {1465918805, 2999863}) = 0
17046 select(0, NULL, NULL, NULL, {0, 20}) = 0 (Timeout)
17046 clock_gettime(CLOCK_MONOTONIC, {4939, 219124064}) = 0
17046 clock_gettime(CLOCK_REALTIME, {1465918805, 3125515}) = 0
17046 select(0, NULL, NULL, NULL, {0, 20}) = 0 (Timeout)
17046 clock_gettime(CLOCK_MONOTONIC, {4939, 219234255}) = 0
17046 clock_gettime(CLOCK_REALTIME, {1465918805, 3235595}) = 0
17046 select(0, NULL, NULL, NULL, {0, 20}) = 0 (Timeout)
17046 clock_gettime(CLOCK_MONOTONIC, {4939, 219344345}) = 0
17046 clock_gettime(CLOCK_REALTIME, {1465918805, 3345724}) = 0
17046 select(0, NULL, NULL, NULL, {0, 20}) = 0 (Timeout)
17046 clock_gettime(CLOCK_MONOTONIC, {4939, 219454499}) = 0
17046 clock_gettime(CLOCK_REALTIME, {1465918805, 3455812}) = 0
17046 select(0, NULL, NULL, NULL, {0, 20}) = 0 (Timeout)
17046 clock_gettime(CLOCK_MONOTONIC, {4939, 219567319}) = 0
17046 clock_gettime(CLOCK_REALTIME, {1465918805, 3569593}) = 0
17046 select(0, NULL, NULL, NULL, {0, 20}) = 0 (Timeout)
17046 clock_gettime(CLOCK_MONOTONIC, {4939, 219686604}) = 0
17046 clock_gettime(CLOCK_REALTIME, {1465918805, 3687968}) = 0
17046 select(0, NULL, NULL, NULL, {0, 20}) = 0 (Timeout)
17046 clock_gettime(CLOCK_MONOTONIC, {4939, 219796790}) = 0
17046 clock_gettime(CLOCK_REALTIME, {1465918805, 3798082}) = 0
17046 select(0, NULL, NULL, NULL, {0, 20}) = 0 (Timeout)
17046 clock_gettime(CLOCK_MONOTONIC, {4939, 219907831}) = 0
17046 clock_gettime(CLOCK_REALTIME, {1465918805, 3909197}) = 0
17046 select(0, NULL, NULL, NULL, {0, 20}) = 0 (Timeout)
17046 clock_gettime(CLOCK_MONOTONIC, {4939, 220019968}) = 0
17046 clock_gettime(CLOCK_REALTIME, {1465918805, 4021332}) = 0
17046 select(0, NULL, NULL, NULL, {0, 20}) = 0 (Timeout)
17046 clock_gettime(CLOCK_MONOTONIC, {4939, 220130234}) = 0
17046 clock_gettime(CLOCK_REALTIME, {1465918805, 4131665}) = 0
17046 select(0, NULL, NULL, NULL, {0, 20}) = 0 (Timeout)
17046 clock_gettime(CLOCK_MONOTONIC, {4939, 220240459}) = 0
17046 clock_gettime(CLOCK_REALTIME, {1465918805, 4241858}) = 0
17046 select(0, NULL, NULL, NULL, {0, 20}) = 0 (Timeout)
17046 clock_gettime(CLOCK_MONOTONIC, {4939, 220350492}) = 0
17046 clock_gettime(CLOCK_REALTIME, {1465918805, 4351890}) = 0
17046 select(0, NULL, NULL, NULL, {0, 20}) = 0 (Timeout)
17046 clock_gettime(CLOCK_MONOTONIC, {4939, 220460300}) = 0
17046 clock_gettime(CLOCK_REALTIME, {1465918805, 4461674}) = 0
17046 select(0, NULL, NULL, NULL, {0, 20}) = 0 (Timeout)
17046 clock_gettime(CLOCK_MONOTONIC, {4939, 220570296}) = 0
17046 clock_gettime(CLOCK_REALTIME, {1465918805, 4571664}) = 0
17046 select(0, NULL, NULL, NULL, {0, 20}) = 0 (Timeout)
17046 clock_gettime(CLOCK_MONOTONIC, {4939, 220680285}) = 0
17046 clock_gettime(CLOCK_REALTIME, {1465918805, 4681516}) = 0
17046 select(0, NULL, NULL, NULL, {0, 20}) = 0 (Timeout)
17046 clock_gettime(CLOCK_MONOTONIC, {4939, 220790719}) = 0
17046 clock_gettime(CLOCK_REALTIME, {1465918805, 4800327}) = 0
17046 select(0, NULL, NULL, NULL, {0, 20}) = 0 (Timeout)
17046 clock_gettime(CLOCK_MONOTONIC, {4939, 220909996}) = 0
17046 clock_gettime(CLOCK_REALTIME, {1465918805, 4911523}) = 0
17046 select(0, NULL, NULL, NULL, {0, 20}) = 0 (Timeout)
17046 clock_gettime(CLOCK_MONOTONIC, {4939, 221022222}) = 0
17046 clock_gettime(CLOCK_REALTIME, {1465918805, 5023841}) = 0
17046 select(0, NULL, NULL, NULL, {0, 20}) = 0 (Timeout)
17046 clock_gettime(CLOCK_MONOTONIC, {4939, 221132648}) = 0
17046 clock_gettime(CLOCK_REALTIME, {1465918805, 5136592}) = 0
17046 select(0, NULL, NULL, NULL, {0, 20}) = 0 (Timeout)
17046 clock_gettime(CLOCK_MONOTONIC, {4939, 221246229}) = 0
17046 clock_gettime(CLOCK_REALTIME, {1465918805, 5247612}) = 0
17046 select(0, NULL, NULL, NULL, {0, 20}) = 0 (Timeout)
17046 clock_gettime(CLOCK_MONOTONIC, {4939, 221356301}) = 0
17046 clock_gettime(CLOCK_REALTIME, {1465918805, 5357566}) = 0
17046 select(0, NULL, NULL, NULL, {0, 20}) = 0 (Timeout)
17046 clock_gettime(CLOCK_MONOTONIC, {4939, 221466289}) = 0
17046 clock_gettime(CLOCK_REALTIME, {1465918805, 5467588}) = 0
17046 select(0, NULL, NULL, NULL, {0, 20}) = 0 (Timeout)
17046 clock_gettime(CLOCK_MONOTONIC, {4939, 221576204}) = 0
17046 clock_gettime(CLOCK_REALTIME, {1465918805, 5577633}) = 0
17046 select(0, NULL, NULL, NULL, {0, 20}) = 0 (Timeout)
17046 clock_gettime(CLOCK_MONOTONIC, {4939, 221686123}) = 0
17046 clock_gettime(CLOCK_REALTIME, {1465918805, 5687612}) = 0
17046 select(0, NULL, NULL, NULL, {0, 20}) = 0 (Timeout)
17046 clock_gettime(CLOCK_MONOTONIC, {4939, 221796332}) = 0
17046 clock_gettime(CLOCK_REALTIME, {1465918805, 5797704}) = 0
17046 select(0, NULL, NULL, NULL, {0, 20}) = 0 (Timeout)
17046 clock_gettime(CLOCK_MONOTONIC, {4939, 221907333}) = 0
17046 clock_gettime(CLOCK_REALTIME, {1465918805, 5908706}) = 0
17046 select(0, NULL, NULL, NULL, {0, 20}) = 0 (Timeout)
17046 clock_gettime(CLOCK_MONOTONIC, {4939, 222019261}) = 0
17046 clock_gettime(CLOCK_REALTIME, {1465918805, 6020670}) = 0
17046 select(0, NULL, NULL, NULL, {0, 20}) = 0 (Timeout)
17046 clock_gettime(CLOCK_MONOTONIC, {4939, 222129494}) = 0
17046 clock_gettime(CLOCK_REALTIME, {1465918805, 6130762}) = 0
17046 select(0, NULL, NULL, NULL, {0, 20}) = 0 (Timeout)
17046 clock_gettime(CLOCK_MONOTONIC, {4939, 222239373}) = 0
17046 clock_gettime(CLOCK_REALTIME, {1465918805, 6240714}) = 0
17046 select(0, NULL, NULL, NULL, {0, 20}) = 0 (Timeout)
17046 clock_gettime(CLOCK_MONOTONIC, {4939, 222349460}) = 0
17046 clock_gettime(CLOCK_REALTIME, {1465918805, 6350782}) = 0
17046 select(0, NULL, NULL, NULL, {0, 40}) = 0 (Timeout)
17046 clock_gettime(CLOCK_MONOTONIC, {4939, 222485076}) = 0
17046 clock_gettime(CLOCK_REALTIME, {1465918805, 6486684}) = 0
17046 select(0, NULL, NULL, NULL, {0, 80}) = 0 (Timeout)
17046 clock_gettime(CLOCK_MONOTONIC, {4939, 222655351}) = 0
17046 clock_gettime(CLOCK_REALTIME, {1465918805, 6656681}) = 0
17046 select(0, NULL, NULL, NULL, {0, 160}) = 0 (Timeout)
17046 clock_gettime(CLOCK_MONOTONIC, {4939, 222911020}) = 0
17046 clock_gettime(CLOCK_REALTIME, {1465918805, 6912511}) = 0
17046 select(0, NULL, NULL, NULL, {0, 320}) = 0 (Timeout)
17046 clock_gettime(CLOCK_MONOTONIC, {4939, 223328224}) = 0
17046 clock_gettime(CLOCK_REALTIME, {1465918805, 7330021}) = 0
17046 select(0, NULL, NULL, NULL, {0, 640}) = 0 (Timeout)
17046 clock_gettime(CLOCK_MONOTONIC, {4939, 224082602}) = 0
17046 clock_gettime(CLOCK_REALTIME, {1465918805, 8084776}) = 0
17046 select(0, NULL, NULL, NULL, {0, 1280}) = 0 (Timeout)
17046 clock_gettime(CLOCK_MONOTONIC, {4939, 225482704}) = 0
17046 clock_gettime(CLOCK_REALTIME, {1465918805, 9487047}) = 0
17046 select(0, NULL, NULL, NULL, {0, 2560}) = 0 (Timeout)
17046 clock_gettime(CLOCK_MONOTONIC, {4939, 228185143}) = 0
17046 clock_gettime(CLOCK_REALTIME, {1465918805, 12189943}) = 0
17046 select(0, NULL, NULL, NULL, {0, 20}) = 0 (Timeout)
17046 clock_gettime(CLOCK_MONOTONIC, {4939, 228313699}) = 0
17046 futex(0x21ee760, FUTEX_WAIT, 0, {60, 0} <unfinished ...>
17048 <... epoll_wait resumed> {{EPOLLIN|EPOLLOUT, {u32=102028840, u64=140114820126248}}}, 128, -1) = 1
17048 clock_gettime(CLOCK_MONOTONIC, {4947, 652078750}) = 0
17048 futex(0xc82002f310, FUTEX_WAKE, 1 <unfinished ...>
17049 <... futex resumed> )             = 0
17048 <... futex resumed> )             = 1
17049 epoll_wait(5,  <unfinished ...>
17048 futex(0x21ee760, FUTEX_WAKE, 1 <unfinished ...>
17049 <... epoll_wait resumed> {}, 128, 0) = 0
17048 <... futex resumed> )             = 1
17046 <... futex resumed> )             = 0
17049 sched_yield( <unfinished ...>
17048 read(6,  <unfinished ...>
17046 sched_yield( <unfinished ...>
17048 <... read resumed> "HTTP/1.1 200 OK\r\nContent-Type: a"..., 4096) = 156
17046 <... sched_yield resumed> )       = 0
17048 read(6,  <unfinished ...>
17046 futex(0x21ee6a0, FUTEX_WAKE, 1 <unfinished ...>
17048 <... read resumed> 0xc820420000, 4096) = -1 EAGAIN (Resource temporarily unavailable)
17046 <... futex resumed> )             = 0
17048 write(6, "GET /v1.23/containers/4ca01de1a5"..., 154 <unfinished ...>
17046 clock_gettime(CLOCK_MONOTONIC,  <unfinished ...>
17048 <... write resumed> )             = 154
17046 <... clock_gettime resumed> {4947, 654874455}) = 0
17048 epoll_wait(5,  <unfinished ...>
17046 clock_gettime(CLOCK_REALTIME,  <unfinished ...>
17048 <... epoll_wait resumed> {}, 128, 0) = 0
17046 <... clock_gettime resumed> {1465918813, 438913995}) = 0
17048 epoll_wait(5,  <unfinished ...>
17046 select(0, NULL, NULL, NULL, {0, 20} <unfinished ...>
17049 <... sched_yield resumed> )       = 0
17049 futex(0x21ee6a0, FUTEX_WAKE, 1)   = 0
17049 futex(0xc82002f310, FUTEX_WAIT, 0, NULL <unfinished ...>
17046 <... select resumed> )            = 0 (Timeout)
17046 clock_gettime(CLOCK_MONOTONIC, {4947, 655045178}) = 0
17046 futex(0x21ee760, FUTEX_WAIT, 0, {60, 0} <unfinished ...>
17048 <... epoll_wait resumed> {{EPOLLOUT, {u32=102028840, u64=140114820126248}}}, 128, -1) = 1
17048 epoll_wait(5, {{EPOLLIN|EPOLLOUT, {u32=102028840, u64=140114820126248}}}, 128, -1) = 1
17048 clock_gettime(CLOCK_MONOTONIC, {4947, 657190699}) = 0
17048 futex(0xc82002f310, FUTEX_WAKE, 1 <unfinished ...>
17049 <... futex resumed> )             = 0
17048 <... futex resumed> )             = 1
17049 epoll_wait(5,  <unfinished ...>
17048 futex(0x21ee760, FUTEX_WAKE, 1 <unfinished ...>
17049 <... epoll_wait resumed> {}, 128, 0) = 0
17048 <... futex resumed> )             = 1
17046 <... futex resumed> )             = 0
17049 sched_yield( <unfinished ...>
17048 read(6,  <unfinished ...>
17046 sched_yield( <unfinished ...>
17049 <... sched_yield resumed> )       = 0
17048 <... read resumed> "HTTP/1.1 200 OK\r\nContent-Type: a"..., 4096) = 4096
17049 futex(0x21ee6a0, FUTEX_WAKE, 1 <unfinished ...>
17048 read(6,  <unfinished ...>
17049 <... futex resumed> )             = 0
17048 <... read resumed> 0xc820420000, 4096) = -1 EAGAIN (Resource temporarily unavailable)
17049 epoll_wait(5,  <unfinished ...>
17048 epoll_wait(5,  <unfinished ...>
17049 <... epoll_wait resumed> {}, 128, 0) = 0
17048 <... epoll_wait resumed> {}, 128, 0) = 0
17049 epoll_wait(5,  <unfinished ...>
17048 futex(0xc82002ee90, FUTEX_WAIT, 0, NULL <unfinished ...>
17046 <... sched_yield resumed> )       = 0
17046 futex(0x21ee6a0, FUTEX_WAKE, 1)   = 0
17046 clock_gettime(CLOCK_MONOTONIC, {4947, 657593133}) = 0
17046 clock_gettime(CLOCK_REALTIME, {1465918813, 441604374}) = 0
17046 select(0, NULL, NULL, NULL, {0, 20} <unfinished ...>
17049 <... epoll_wait resumed> {{EPOLLIN|EPOLLOUT, {u32=102028840, u64=140114820126248}}}, 128, -1) = 1
17049 clock_gettime(CLOCK_MONOTONIC, {4947, 657678015}) = 0
17049 futex(0xc82002ee90, FUTEX_WAKE, 1 <unfinished ...>
17046 <... select resumed> )            = 0 (Timeout)
17049 <... futex resumed> )             = 1
17048 <... futex resumed> )             = 0
17046 clock_gettime(CLOCK_MONOTONIC,  <unfinished ...>
17049 read(6,  <unfinished ...>
17048 epoll_wait(5,  <unfinished ...>
17046 <... clock_gettime resumed> {4947, 657739531}) = 0
17049 <... read resumed> "e14363cd518feb3\",\"EndpointID\":\"\""..., 4096) = 168
17048 <... epoll_wait resumed> {}, 128, 0) = 0
17046 clock_gettime(CLOCK_REALTIME,  <unfinished ...>
17049 read(6,  <unfinished ...>
17048 select(0, NULL, NULL, NULL, {0, 100} <unfinished ...>
17046 <... clock_gettime resumed> {1465918813, 441781659}) = 0
17049 <... read resumed> 0xc820420000, 4096) = -1 EAGAIN (Resource temporarily unavailable)
17046 select(0, NULL, NULL, NULL, {0, 20} <unfinished ...>
17049 write(6, "DELETE /v1.23/containers/4ca01de"..., 156 <unfinished ...>
17048 <... select resumed> )            = 0 (Timeout)
17046 <... select resumed> )            = 0 (Timeout)
17049 <... write resumed> )             = 156
17048 epoll_wait(5,  <unfinished ...>
17046 clock_gettime(CLOCK_MONOTONIC,  <unfinished ...>
17049 epoll_wait(5,  <unfinished ...>
17048 <... epoll_wait resumed> {}, 128, 0) = 0
17046 <... clock_gettime resumed> {4947, 658490575}) = 0
17049 <... epoll_wait resumed> {}, 128, 0) = 0
17048 epoll_wait(5,  <unfinished ...>
17046 clock_gettime(CLOCK_REALTIME,  <unfinished ...>
17049 futex(0xc82002f310, FUTEX_WAIT, 0, NULL <unfinished ...>
17046 <... clock_gettime resumed> {1465918813, 442530053}) = 0
17046 select(0, NULL, NULL, NULL, {0, 20} <unfinished ...>
17048 <... epoll_wait resumed> {{EPOLLOUT, {u32=102028840, u64=140114820126248}}}, 128, -1) = 1
17048 epoll_wait(5,  <unfinished ...>
17046 <... select resumed> )            = 0 (Timeout)
17046 clock_gettime(CLOCK_MONOTONIC, {4947, 658673218}) = 0
17046 futex(0x21ee760, FUTEX_WAIT, 0, {60, 0} <unfinished ...>
17048 <... epoll_wait resumed> {{EPOLLIN|EPOLLOUT|EPOLLERR|EPOLLHUP|EPOLLRDHUP, {u32=102028648, u64=140114820126056}}}, 128, -1) = 1
17048 epoll_wait(5,  <unfinished ...>
17047 <... read resumed> "\3", 32768)   = 1
17047 futex(0x21ee760, FUTEX_WAKE, 1)   = 1
17046 <... futex resumed> )             = 0
17047 write(7, "\3", 1 <unfinished ...>
17046 sched_yield( <unfinished ...>
17047 <... write resumed> )             = -1 EPIPE (Broken pipe)
17047 --- SIGPIPE {si_signo=SIGPIPE, si_code=SI_USER, si_pid=17045, si_uid=0} ---
17047 rt_sigreturn()                    = -1 EPIPE (Broken pipe)
17047 shutdown(7, SHUT_WR <unfinished ...>
17048 <... epoll_wait resumed> {{EPOLLIN|EPOLLOUT|EPOLLERR|EPOLLHUP|EPOLLRDHUP, {u32=102028648, u64=140114820126056}}}, 128, -1) = 1
17047 <... shutdown resumed> )          = 0
17048 epoll_wait(5,  <unfinished ...>
17047 futex(0xc82002ea10, FUTEX_WAIT, 0, NULL <unfinished ...>
17046 <... sched_yield resumed> )       = 0
17046 futex(0x21ee6a0, FUTEX_WAKE, 1)   = 0
17046 clock_gettime(CLOCK_MONOTONIC, {4950, 696877400}) = 0
17046 clock_gettime(CLOCK_REALTIME, {1465918816, 480884964}) = 0
17046 select(0, NULL, NULL, NULL, {0, 20}) = 0 (Timeout)
17046 clock_gettime(CLOCK_MONOTONIC, {4950, 697031406}) = 0
17046 futex(0x21ee760, FUTEX_WAIT, 0, {60, 0} <unfinished ...>
17048 <... epoll_wait resumed> {{EPOLLIN|EPOLLOUT, {u32=102028840, u64=140114820126248}}}, 128, -1) = 1
17048 clock_gettime(CLOCK_MONOTONIC, {4967, 729832733}) = 0
17048 futex(0xc82002ea10, FUTEX_WAKE, 1) = 1
17047 <... futex resumed> )             = 0
17048 futex(0x21ee760, FUTEX_WAKE, 1 <unfinished ...>
17047 epoll_wait(5,  <unfinished ...>
17048 <... futex resumed> )             = 1
17047 <... epoll_wait resumed> {}, 128, 0) = 0
17046 <... futex resumed> )             = 0
17048 read(6,  <unfinished ...>
17047 sched_yield( <unfinished ...>
17046 sched_yield( <unfinished ...>
17048 <... read resumed> "HTTP/1.1 500 Internal Server Err"..., 4096) = 335
17046 <... sched_yield resumed> )       = 0
17048 read(6,  <unfinished ...>
17046 futex(0x21ee6a0, FUTEX_WAKE, 1 <unfinished ...>
17048 <... read resumed> 0xc820420000, 4096) = -1 EAGAIN (Resource temporarily unavailable)
17046 <... futex resumed> )             = 0
17048 write(2, "Error response from daemon: Driv"..., 162 <unfinished ...>
17046 clock_gettime(CLOCK_MONOTONIC,  <unfinished ...>
17048 <... write resumed> )             = 162
17046 <... clock_gettime resumed> {4967, 730203910}) = 0
17048 ioctl(0, SNDCTL_TMR_START or SNDRV_TIMER_IOCTL_TREAD or TCSETS <unfinished ...>
17046 clock_gettime(CLOCK_REALTIME,  <unfinished ...>
17048 <... ioctl resumed> , {B38400 opost isig icanon echo ...}) = 0
17046 <... clock_gettime resumed> {1465918833, 514321339}) = 0
17048 ioctl(0, SNDCTL_TMR_TIMEBASE or SNDRV_TIMER_IOCTL_NEXT_DEVICE or TCGETS <unfinished ...>
17046 select(0, NULL, NULL, NULL, {0, 20} <unfinished ...>
17047 <... sched_yield resumed> )       = 0
17048 <... ioctl resumed> , {B38400 opost isig icanon echo ...}) = 0
17047 futex(0x21ee6a0, FUTEX_WAKE, 1 <unfinished ...>
17048 close(0 <unfinished ...>
17047 <... futex resumed> )             = 0
17048 <... close resumed> )             = 0
17047 epoll_wait(5,  <unfinished ...>
17048 exit_group(2)                     = ?
17047 <... epoll_wait resumed> {}, 128, 0) = 0
17046 <... select resumed> )            = 0 (Timeout)
17120 +++ exited with 2 +++
17050 +++ exited with 2 +++
17049 +++ exited with 2 +++
17048 +++ exited with 2 +++
17047 +++ exited with 2 +++
17046 +++ exited with 2 +++
17045 +++ exited with 2 +++
17027 <... wait4 resumed> [{WIFEXITED(s) && WEXITSTATUS(s) == 2}], 0, NULL) = 17045
17027 --- SIGCHLD {si_signo=SIGCHLD, si_code=CLD_EXITED, si_pid=17045, si_status=2, si_utime=1, si_stime=1} ---
17027 rt_sigreturn()                    = 17045
17027 write(2, "make[1]: ", 9)          = 9
17027 write(2, "*** [unittest] Error 2", 22) = 22
17027 write(2, "\n", 1)                 = 1
17027 rt_sigprocmask(SIG_BLOCK, [HUP INT QUIT TERM XCPU XFSZ], NULL, 8) = 0
17027 rt_sigprocmask(SIG_SETMASK, [], NULL, 8) = 0
17027 chdir("/home/hmeng/go/src/github.com/opencontainers/runc") = 0
17027 write(1, "make[1]: Leaving directory `/hom"..., 79) = 79
17027 close(1)                          = 0
17027 munmap(0x7ff893ad7000, 4096)      = 0
17027 exit_group(2)                     = ?
17027 +++ exited with 2 +++
17023 <... wait4 resumed> [{WIFEXITED(s) && WEXITSTATUS(s) == 2}], 0, NULL) = 17027
17023 --- SIGCHLD {si_signo=SIGCHLD, si_code=CLD_EXITED, si_pid=17027, si_status=2, si_utime=0, si_stime=0} ---
17023 rt_sigreturn()                    = 17027
17023 open("/usr/share/locale/locale.alias", O_RDONLY|O_CLOEXEC) = 4
17023 fstat(4, {st_mode=S_IFREG|0644, st_size=2502, ...}) = 0
17023 mmap(NULL, 4096, PROT_READ|PROT_WRITE, MAP_PRIVATE|MAP_ANONYMOUS, -1, 0) = 0x7f4887247000
17023 read(4, "# Locale name alias data base.\n#"..., 4096) = 2502
17023 read(4, "", 4096)                 = 0
17023 close(4)                          = 0
17023 munmap(0x7f4887247000, 4096)      = 0
17023 open("/usr/share/locale/en_US.UTF-8/LC_MESSAGES/make.mo", O_RDONLY) = -1 ENOENT (No such file or directory)
17023 open("/usr/share/locale/en_US.utf8/LC_MESSAGES/make.mo", O_RDONLY) = -1 ENOENT (No such file or directory)
17023 open("/usr/share/locale/en_US/LC_MESSAGES/make.mo", O_RDONLY) = -1 ENOENT (No such file or directory)
17023 open("/usr/share/locale/en.UTF-8/LC_MESSAGES/make.mo", O_RDONLY) = -1 ENOENT (No such file or directory)
17023 open("/usr/share/locale/en.utf8/LC_MESSAGES/make.mo", O_RDONLY) = -1 ENOENT (No such file or directory)
17023 open("/usr/share/locale/en/LC_MESSAGES/make.mo", O_RDONLY) = -1 ENOENT (No such file or directory)
17023 write(2, "make: ", 6)             = 6
17023 write(2, "*** [test] Error 2", 18) = 18
17023 write(2, "\n", 1)                 = 1
17023 rt_sigprocmask(SIG_BLOCK, [HUP INT QUIT TERM XCPU XFSZ], NULL, 8) = 0
17023 rt_sigprocmask(SIG_SETMASK, [], NULL, 8) = 0
17023 chdir("/home/hmeng/go/src/github.com/opencontainers/runc") = 0
17023 close(1)                          = 0
17023 munmap(0x7f4887248000, 4096)      = 0
17023 exit_group(2)                     = ?
17023 +++ exited with 2 +++
